--------- beginning of main
03-14 23:01:33.075 14953 14953 I .studentfinance: Using CollectorTypeCMC GC.
03-14 23:01:33.078 14953 14953 W .studentfinance: Unexpected CPU variant for x86: x86_64.
03-14 23:01:33.078 14953 14953 W .studentfinance: Known variants: atom, sandybridge, silvermont, goldmont, goldmont-plus, goldmont-without-sha-xsaves, tremont, kabylake, default
03-14 23:01:33.102 14953 14953 D nativeloader: Load libframework-connectivity-tiramisu-jni.so using APEX ns com_android_tethering for caller /apex/com.android.tethering/javalib/framework-connectivity-t.jar: ok
--------- beginning of system
03-14 23:01:33.258 14953 14953 W ActivityThread: Package uses different ABI(s) than its instrumentation: package[com.mcfuzzysquirrel.studentfinance]: x86_64, null instrumentation[com.mcfuzzysquirrel.studentfinance.test]: null, null
03-14 23:01:33.264 14953 14953 W .studentfinance: ClassLoaderContext shared library size mismatch. Expected=2, found=0 (PCL[]{PCL[/system/framework/android.test.base.jar*724373495]#PCL[/system/framework/android.test.mock.jar*1452759902]} | PCL[])
03-14 23:01:33.266 14953 14953 W .studentfinance: ClassLoaderContext classpath size mismatch. expected=0, found=1 (PCL[] | PCL[/system/framework/android.test.runner.jar*2496447986])
03-14 23:01:33.268 14953 14953 W .studentfinance: ClassLoaderContext classpath size mismatch. expected=0, found=2 (PCL[] | PCL[/system/framework/android.test.runner.jar*2496447986:/system/framework/android.test.mock.jar*1452759902])
03-14 23:01:33.269 14953 14953 W ziparchive: Unable to open '/data/app/~~jlDdMa7YJ2KCcmdo4JHU-Q==/com.mcfuzzysquirrel.studentfinance.test-YiBpcuh5N-ewevoNfoonZg==/base.dm': No such file or directory
03-14 23:01:33.269 14953 14953 W ziparchive: Unable to open '/data/app/~~jlDdMa7YJ2KCcmdo4JHU-Q==/com.mcfuzzysquirrel.studentfinance.test-YiBpcuh5N-ewevoNfoonZg==/base.dm': No such file or directory
03-14 23:01:33.704 14953 14953 W ziparchive: Unable to open '/data/app/~~wRzbvG75nM6MLt9mhOT8kw==/com.mcfuzzysquirrel.studentfinance-JYvgJb_EqJGe5B4qYL6Sfg==/base.dm': No such file or directory
03-14 23:01:33.705 14953 14953 W ziparchive: Unable to open '/data/app/~~wRzbvG75nM6MLt9mhOT8kw==/com.mcfuzzysquirrel.studentfinance-JYvgJb_EqJGe5B4qYL6Sfg==/base.dm': No such file or directory
03-14 23:01:34.340 14953 14953 D nativeloader: Configuring clns-7 for other apk /system/framework/android.test.runner.jar:/system/framework/android.test.mock.jar:/system/framework/android.test.base.jar:/data/app/~~jlDdMa7YJ2KCcmdo4JHU-Q==/com.mcfuzzysquirrel.studentfinance.test-YiBpcuh5N-ewevoNfoonZg==/base.apk:/data/app/~~wRzbvG75nM6MLt9mhOT8kw==/com.mcfuzzysquirrel.studentfinance-JYvgJb_EqJGe5B4qYL6Sfg==/base.apk. target_sdk_version=36, uses_libraries=, library_path=/data/app/~~jlDdMa7YJ2KCcmdo4JHU-Q==/com.mcfuzzysquirrel.studentfinance.test-YiBpcuh5N-ewevoNfoonZg==/lib/x86_64:/data/app/~~wRzbvG75nM6MLt9mhOT8kw==/com.mcfuzzysquirrel.studentfinance-JYvgJb_EqJGe5B4qYL6Sfg==/lib/x86_64:/data/app/~~jlDdMa7YJ2KCcmdo4JHU-Q==/com.mcfuzzysquirrel.studentfinance.test-YiBpcuh5N-ewevoNfoonZg==/base.apk!/lib/x86_64:/data/app/~~wRzbvG75nM6MLt9mhOT8kw==/com.mcfuzzysquirrel.studentfinance-JYvgJb_EqJGe5B4qYL6Sfg==/base.apk!/lib/x86_64, permitted_path=/data:/mnt/expand:/data/user/0/com.mcfuzzysquirrel.studentfinance
03-14 23:01:34.470 14953 14953 V GraphicsEnvironment: Currently set values for:
03-14 23:01:34.470 14953 14953 V GraphicsEnvironment:   angle_gl_driver_selection_pkgs=[]
03-14 23:01:34.470 14953 14953 V GraphicsEnvironment:   angle_gl_driver_selection_values=[]
03-14 23:01:34.470 14953 14953 V GraphicsEnvironment: Global.Settings values are invalid: number of packages: 0, number of values: 0
03-14 23:01:34.470 14953 14953 V GraphicsEnvironment: Neither updatable production driver nor prerelease driver is supported.
03-14 23:01:34.478 14953 14953 D ApplicationLoaders: Returning zygote-cached class loader: /system/framework/android.test.base.jar
03-14 23:01:34.482 14953 14953 D nativeloader: Configuring clns-8 for other apk /system/framework/android.test.mock.jar. target_sdk_version=36, uses_libraries=ALL, library_path=/data/app/~~jlDdMa7YJ2KCcmdo4JHU-Q==/com.mcfuzzysquirrel.studentfinance.test-YiBpcuh5N-ewevoNfoonZg==/lib/x86_64:/data/app/~~wRzbvG75nM6MLt9mhOT8kw==/com.mcfuzzysquirrel.studentfinance-JYvgJb_EqJGe5B4qYL6Sfg==/lib/x86_64, permitted_path=/data:/mnt/expand
03-14 23:01:34.489 14953 14953 D ApplicationLoaders: Returning zygote-cached class loader: /system/framework/android.test.base.jar
03-14 23:01:34.493 14953 14953 D nativeloader: Configuring clns-9 for other apk /system/framework/android.test.runner.jar. target_sdk_version=36, uses_libraries=ALL, library_path=/data/app/~~jlDdMa7YJ2KCcmdo4JHU-Q==/com.mcfuzzysquirrel.studentfinance.test-YiBpcuh5N-ewevoNfoonZg==/lib/x86_64:/data/app/~~wRzbvG75nM6MLt9mhOT8kw==/com.mcfuzzysquirrel.studentfinance-JYvgJb_EqJGe5B4qYL6Sfg==/lib/x86_64, permitted_path=/data:/mnt/expand
03-14 23:01:34.496 14953 14953 W .studentfinance: ClassLoaderContext shared library size mismatch. Expected=2, found=3 (PCL[]{PCL[/system/framework/android.test.base.jar*724373495]#PCL[/system/framework/android.test.mock.jar*1452759902]} | PCL[]{PCL[/system/framework/android.test.base.jar*724373495]#PCL[/system/framework/android.test.mock.jar*1452759902]#PCL[/system/framework/android.test.runner.jar*2496447986]{PCL[/system/framework/android.test.base.jar*724373495]#PCL[/system/framework/android.test.mock.jar*1452759902]}};PCL[/system/framework/android.test.runner.jar*2496447986:/system/framework/android.test.mock.jar*1452759902:/system/framework/android.test.base.jar*724373495:/data/app/~~jlDdMa7YJ2KCcmdo4JHU-Q==/com.mcfuzzysquirrel.studentfinance.test-YiBpcuh5N-ewevoNfoonZg==/base.apk*3224200876:/data/app/~~wRzbvG75nM6MLt9mhOT8kw==/com.mcfuzzysquirrel.studentfinance-JYvgJb_EqJGe5B4qYL6Sfg==/base.apk*2060289533])
03-14 23:01:34.510 14953 14953 W .studentfinance: ClassLoaderContext classpath size mismatch. expected=0, found=1 (PCL[] | PCL[/system/framework/android.test.runner.jar*2496447986]{PCL[/system/framework/android.test.base.jar*724373495]#PCL[/system/framework/android.test.mock.jar*1452759902]#PCL[/system/framework/android.test.runner.jar*2496447986]{PCL[/system/framework/android.test.base.jar*724373495]#PCL[/system/framework/android.test.mock.jar*1452759902]}};PCL[/system/framework/android.test.runner.jar*2496447986:/system/framework/android.test.mock.jar*1452759902:/system/framework/android.test.base.jar*724373495:/data/app/~~jlDdMa7YJ2KCcmdo4JHU-Q==/com.mcfuzzysquirrel.studentfinance.test-YiBpcuh5N-ewevoNfoonZg==/base.apk*3224200876:/data/app/~~wRzbvG75nM6MLt9mhOT8kw==/com.mcfuzzysquirrel.studentfinance-JYvgJb_EqJGe5B4qYL6Sfg==/base.apk*2060289533])
03-14 23:01:34.513 14953 14953 W .studentfinance: ClassLoaderContext classpath size mismatch. expected=0, found=2 (PCL[] | PCL[/system/framework/android.test.runner.jar*2496447986:/system/framework/android.test.mock.jar*1452759902]{PCL[/system/framework/android.test.base.jar*724373495]#PCL[/system/framework/android.test.mock.jar*1452759902]#PCL[/system/framework/android.test.runner.jar*2496447986]{PCL[/system/framework/android.test.base.jar*724373495]#PCL[/system/framework/android.test.mock.jar*1452759902]}};PCL[/system/framework/android.test.runner.jar*2496447986:/system/framework/android.test.mock.jar*1452759902:/system/framework/android.test.base.jar*724373495:/data/app/~~jlDdMa7YJ2KCcmdo4JHU-Q==/com.mcfuzzysquirrel.studentfinance.test-YiBpcuh5N-ewevoNfoonZg==/base.apk*3224200876:/data/app/~~wRzbvG75nM6MLt9mhOT8kw==/com.mcfuzzysquirrel.studentfinance-JYvgJb_EqJGe5B4qYL6Sfg==/base.apk*2060289533])
03-14 23:01:34.518 14953 14953 W ziparchive: Unable to open '/data/app/~~jlDdMa7YJ2KCcmdo4JHU-Q==/com.mcfuzzysquirrel.studentfinance.test-YiBpcuh5N-ewevoNfoonZg==/base.dm': No such file or directory
03-14 23:01:34.518 14953 14953 W ziparchive: Unable to open '/data/app/~~jlDdMa7YJ2KCcmdo4JHU-Q==/com.mcfuzzysquirrel.studentfinance.test-YiBpcuh5N-ewevoNfoonZg==/base.dm': No such file or directory
03-14 23:01:34.626 14953 14953 W ziparchive: Unable to open '/data/app/~~wRzbvG75nM6MLt9mhOT8kw==/com.mcfuzzysquirrel.studentfinance-JYvgJb_EqJGe5B4qYL6Sfg==/base.dm': No such file or directory
03-14 23:01:34.626 14953 14953 W ziparchive: Unable to open '/data/app/~~wRzbvG75nM6MLt9mhOT8kw==/com.mcfuzzysquirrel.studentfinance-JYvgJb_EqJGe5B4qYL6Sfg==/base.dm': No such file or directory
03-14 23:01:35.003 14953 14953 I AndroidJUnitRunner: newApplication com.mcfuzzysquirrel.studentfinance.MainApplication
03-14 23:01:35.040 14953 14953 I AndroidJUnitRunner: onCreate Bundle[mParcelledData.dataSize=312]
03-14 23:01:35.041 14953 14953 D AndroidJUnitRunner: Use the raw file system for managing file I/O.
03-14 23:01:35.092 14953 14953 V TestEventClient: No service name argument was given (testDiscoveryService, testRunEventService or orchestratorService)
03-14 23:01:35.093 14953 14984 D AndroidJUnitRunner: onStart is called.
03-14 23:01:35.099 14953 14953 W SoLoader: Initializing SoLoader: 0
03-14 23:01:35.100 14953 14953 W SoLoader: Recording new base apk path: /data/app/~~wRzbvG75nM6MLt9mhOT8kw==/com.mcfuzzysquirrel.studentfinance-JYvgJb_EqJGe5B4qYL6Sfg==/base.apk
03-14 23:01:35.100 14953 14953 W SoLoader: Previously recorded 0 base apk paths.
03-14 23:01:35.102 14953 14953 I SoLoader: Preparing SO source: DirectorySoSource[root = /vendor/lib64 flags = 2]
03-14 23:01:35.103 14953 14953 I SoLoader: Preparing SO source: DirectorySoSource[root = /system/lib64 flags = 2]
03-14 23:01:35.103 14953 14953 I SoLoader: Preparing SO source: DirectApkSoSource[root = [/data/app/~~wRzbvG75nM6MLt9mhOT8kw==/com.mcfuzzysquirrel.studentfinance-JYvgJb_EqJGe5B4qYL6Sfg==/base.apk!/lib/x86_64]]
03-14 23:01:35.118 14953 14953 I SoLoader: Preparing SO source: ApplicationSoSource[DirectorySoSource[root = /data/app/~~wRzbvG75nM6MLt9mhOT8kw==/com.mcfuzzysquirrel.studentfinance-JYvgJb_EqJGe5B4qYL6Sfg==/lib/x86_64 flags = 0]]
03-14 23:01:35.118 14953 14953 I SoLoader: init finish: 4 SO sources prepared
03-14 23:01:35.118 14953 14953 W SoLoader: SoLoader initialized: 8
03-14 23:01:35.145 14953 14953 D nativeloader: Load /data/app/~~wRzbvG75nM6MLt9mhOT8kw==/com.mcfuzzysquirrel.studentfinance-JYvgJb_EqJGe5B4qYL6Sfg==/base.apk!/lib/x86_64/libc++_shared.so using ns clns-7 from class loader (caller=/data/app/~~wRzbvG75nM6MLt9mhOT8kw==/com.mcfuzzysquirrel.studentfinance-JYvgJb_EqJGe5B4qYL6Sfg==/base.apk): ok
03-14 23:01:35.171 14953 14953 D nativeloader: Load /data/app/~~wRzbvG75nM6MLt9mhOT8kw==/com.mcfuzzysquirrel.studentfinance-JYvgJb_EqJGe5B4qYL6Sfg==/base.apk!/lib/x86_64/libjsi.so using ns clns-7 from class loader (caller=/data/app/~~wRzbvG75nM6MLt9mhOT8kw==/com.mcfuzzysquirrel.studentfinance-JYvgJb_EqJGe5B4qYL6Sfg==/base.apk): ok
03-14 23:01:35.181 14953 14953 D nativeloader: Load /data/app/~~wRzbvG75nM6MLt9mhOT8kw==/com.mcfuzzysquirrel.studentfinance-JYvgJb_EqJGe5B4qYL6Sfg==/base.apk!/lib/x86_64/libfbjni.so using ns clns-7 from class loader (caller=/data/app/~~wRzbvG75nM6MLt9mhOT8kw==/com.mcfuzzysquirrel.studentfinance-JYvgJb_EqJGe5B4qYL6Sfg==/base.apk): ok
03-14 23:01:35.210 14953 14953 D nativeloader: Load /data/app/~~wRzbvG75nM6MLt9mhOT8kw==/com.mcfuzzysquirrel.studentfinance-JYvgJb_EqJGe5B4qYL6Sfg==/base.apk!/lib/x86_64/libreactnative.so using ns clns-7 from class loader (caller=/data/app/~~wRzbvG75nM6MLt9mhOT8kw==/com.mcfuzzysquirrel.studentfinance-JYvgJb_EqJGe5B4qYL6Sfg==/base.apk): ok
03-14 23:01:35.213 14953 14953 D jni_lib_merge: Entering merged library JNI_OnLoad.
03-14 23:01:35.213 14953 14953 D jni_lib_merge: Preparing 12 pre-merged libs (including stub)
03-14 23:01:35.213 14953 14953 D jni_lib_merge: Preparing to register libfabricjni_so.  onload_func: 0x727ce2f51730
03-14 23:01:35.213 14953 14953 D jni_lib_merge: Preparing to register libreact_devsupportjni_so.  onload_func: 0x727ce314e190
03-14 23:01:35.213 14953 14953 D jni_lib_merge: Preparing to register libreact_featureflagsjni_so.  onload_func: 0x727ce315f910
03-14 23:01:35.213 14953 14953 D jni_lib_merge: Preparing to register libreact_newarchdefaults_so.  onload_func: 0x727ce3200d20
03-14 23:01:35.213 14953 14953 D jni_lib_merge: Preparing to register libreactnativeblob_so.  onload_func: 0x727ce340b2e0
03-14 23:01:35.213 14953 14953 D jni_lib_merge: Preparing to register libreactnativejni_so.  onload_func: 0x727ce344b770
03-14 23:01:35.213 14953 14953 D jni_lib_merge: Preparing to register libreactnativejni_common_so.  onload_func: 0x727ce345b5d0
03-14 23:01:35.213 14953 14953 D jni_lib_merge: Preparing to register librninstance_so.  onload_func: 0x727ce34984c0
03-14 23:01:35.213 14953 14953 D jni_lib_merge: Preparing to register libturbomodulejsijni_so.  onload_func: 0x727ce35f9c00
03-14 23:01:35.213 14953 14953 D jni_lib_merge: Preparing to register libuimanagerjni_so.  onload_func: 0x727ce3611de0
03-14 23:01:35.213 14953 14953 D jni_lib_merge: Preparing to register libyoga_so.  onload_func: 0x727ce3620d70
03-14 23:01:35.213 14953 14953 D jni_lib_merge: About to register 11 actual methods.
03-14 23:01:35.242 14953 14953 D nativeloader: Load /data/app/~~wRzbvG75nM6MLt9mhOT8kw==/com.mcfuzzysquirrel.studentfinance-JYvgJb_EqJGe5B4qYL6Sfg==/base.apk!/lib/x86_64/libreact_codegen_rnscreens.so using ns clns-7 from class loader (caller=/data/app/~~wRzbvG75nM6MLt9mhOT8kw==/com.mcfuzzysquirrel.studentfinance-JYvgJb_EqJGe5B4qYL6Sfg==/base.apk): ok
03-14 23:01:35.242 14953 14953 D jni_lib_merge: Entering merged library JNI_OnLoad.
03-14 23:01:35.242 14953 14953 D jni_lib_merge: Preparing 12 pre-merged libs (including stub)
03-14 23:01:35.242 14953 14953 D jni_lib_merge: Preparing to register libfabricjni_so.  onload_func: 0x727ce2f51730
03-14 23:01:35.242 14953 14953 D jni_lib_merge: Preparing to register libreact_devsupportjni_so.  onload_func: 0x727ce314e190
03-14 23:01:35.242 14953 14953 D jni_lib_merge: Preparing to register libreact_featureflagsjni_so.  onload_func: 0x727ce315f910
03-14 23:01:35.242 14953 14953 D jni_lib_merge: Preparing to register libreact_newarchdefaults_so.  onload_func: 0x727ce3200d20
03-14 23:01:35.242 14953 14953 D jni_lib_merge: Preparing to register libreactnativeblob_so.  onload_func: 0x727ce340b2e0
03-14 23:01:35.243 14953 14953 D jni_lib_merge: Preparing to register libreactnativejni_so.  onload_func: 0x727ce344b770
03-14 23:01:35.243 14953 14953 D jni_lib_merge: Preparing to register libreactnativejni_common_so.  onload_func: 0x727ce345b5d0
03-14 23:01:35.243 14953 14953 D jni_lib_merge: Preparing to register librninstance_so.  onload_func: 0x727ce34984c0
03-14 23:01:35.243 14953 14953 D jni_lib_merge: Preparing to register libturbomodulejsijni_so.  onload_func: 0x727ce35f9c00
03-14 23:01:35.243 14953 14953 D jni_lib_merge: Preparing to register libuimanagerjni_so.  onload_func: 0x727ce3611de0
03-14 23:01:35.243 14953 14953 D jni_lib_merge: Preparing to register libyoga_so.  onload_func: 0x727ce3620d70
03-14 23:01:35.243 14953 14953 D jni_lib_merge: About to register 11 actual methods.
03-14 23:01:35.254 14953 14953 D nativeloader: Load /data/app/~~wRzbvG75nM6MLt9mhOT8kw==/com.mcfuzzysquirrel.studentfinance-JYvgJb_EqJGe5B4qYL6Sfg==/base.apk!/lib/x86_64/libreact_codegen_rnsvg.so using ns clns-7 from class loader (caller=/data/app/~~wRzbvG75nM6MLt9mhOT8kw==/com.mcfuzzysquirrel.studentfinance-JYvgJb_EqJGe5B4qYL6Sfg==/base.apk): ok
03-14 23:01:35.254 14953 14953 D jni_lib_merge: Entering merged library JNI_OnLoad.
03-14 23:01:35.254 14953 14953 D jni_lib_merge: Preparing 12 pre-merged libs (including stub)
03-14 23:01:35.254 14953 14953 D jni_lib_merge: Preparing to register libfabricjni_so.  onload_func: 0x727ce2f51730
03-14 23:01:35.254 14953 14953 D jni_lib_merge: Preparing to register libreact_devsupportjni_so.  onload_func: 0x727ce314e190
03-14 23:01:35.254 14953 14953 D jni_lib_merge: Preparing to register libreact_featureflagsjni_so.  onload_func: 0x727ce315f910
03-14 23:01:35.254 14953 14953 D jni_lib_merge: Preparing to register libreact_newarchdefaults_so.  onload_func: 0x727ce3200d20
03-14 23:01:35.254 14953 14953 D jni_lib_merge: Preparing to register libreactnativeblob_so.  onload_func: 0x727ce340b2e0
03-14 23:01:35.254 14953 14953 D jni_lib_merge: Preparing to register libreactnativejni_so.  onload_func: 0x727ce344b770
03-14 23:01:35.254 14953 14953 D jni_lib_merge: Preparing to register libreactnativejni_common_so.  onload_func: 0x727ce345b5d0
03-14 23:01:35.255 14953 14953 D jni_lib_merge: Preparing to register librninstance_so.  onload_func: 0x727ce34984c0
03-14 23:01:35.255 14953 14953 D jni_lib_merge: Preparing to register libturbomodulejsijni_so.  onload_func: 0x727ce35f9c00
03-14 23:01:35.255 14953 14953 D jni_lib_merge: Preparing to register libuimanagerjni_so.  onload_func: 0x727ce3611de0
03-14 23:01:35.255 14953 14953 D jni_lib_merge: Preparing to register libyoga_so.  onload_func: 0x727ce3620d70
03-14 23:01:35.255 14953 14953 D jni_lib_merge: About to register 11 actual methods.
03-14 23:01:35.264 14953 14953 D nativeloader: Load /data/app/~~wRzbvG75nM6MLt9mhOT8kw==/com.mcfuzzysquirrel.studentfinance-JYvgJb_EqJGe5B4qYL6Sfg==/base.apk!/lib/x86_64/libreact_codegen_safeareacontext.so using ns clns-7 from class loader (caller=/data/app/~~wRzbvG75nM6MLt9mhOT8kw==/com.mcfuzzysquirrel.studentfinance-JYvgJb_EqJGe5B4qYL6Sfg==/base.apk): ok
03-14 23:01:35.275 14953 14953 D nativeloader: Load /data/app/~~wRzbvG75nM6MLt9mhOT8kw==/com.mcfuzzysquirrel.studentfinance-JYvgJb_EqJGe5B4qYL6Sfg==/base.apk!/lib/x86_64/libappmodules.so using ns clns-7 from class loader (caller=/data/app/~~wRzbvG75nM6MLt9mhOT8kw==/com.mcfuzzysquirrel.studentfinance-JYvgJb_EqJGe5B4qYL6Sfg==/base.apk): ok
03-14 23:01:35.346 14953 14984 I InstrConnection: Could not send broadcast or register receiver (isolatedProcess?)
03-14 23:01:35.350 14953 14984 D TestRequestBuilder: Using class path scanning to discover tests
03-14 23:01:35.351 14953 14984 I TestRequestBuilder: Scanning classpath to find tests in paths [/data/app/~~jlDdMa7YJ2KCcmdo4JHU-Q==/com.mcfuzzysquirrel.studentfinance.test-YiBpcuh5N-ewevoNfoonZg==/base.apk]
03-14 23:01:35.352 14953 14984 W .studentfinance: Opening an oat file without a class loader. Are you using the deprecated DexFile APIs?
03-14 23:01:35.794 14953 14984 I TestRunner: run started: 1 tests
03-14 23:01:35.795 14953 14984 I TestRunner: started: runDetoxTests(com.mcfuzzysquirrel.studentfinance.DetoxTest)
03-14 23:01:35.805 14953 14984 I Detox   : Detox server connection details: url=ws://localhost:38775, sessionId=081d4e8b-1bbc-5e02-010e-cf73b44d4af1
03-14 23:01:35.813 14953 14984 I Tracing : Tracer added: class androidx.test.platform.tracing.AndroidXTracer
03-14 23:01:35.825 14953 14984 W .studentfinance: Accessing hidden field Ljava/lang/reflect/Field;->accessFlags:I (unsupported, reflection, allowed)
03-14 23:01:35.827 14953 14984 I Detox   : Connecting to server...
03-14 23:01:35.827 14953 14984 I DetoxWSClient: At connectToServer
03-14 23:01:35.879 14953 14990 D TrafficStats: tagSocket(102) with statsTag=0xffffffff, statsUid=-1
03-14 23:01:35.898 14953 14990 D DetoxWSClient: At onOpen
03-14 23:01:35.898 14953 14990 I DetoxWSClient: Sending out action 'login' (ID #0)
03-14 23:01:35.899 14953 14990 I Detox   : Connected to server!
03-14 23:01:35.901 14953 14990 D DetoxWSClient: Received action 'loginSuccess' (ID #0, params={"testerConnected":true,"appConnected":true})
03-14 23:01:35.902 14953 14986 I DetoxDispatcher: Handling action 'loginSuccess' (ID #0)...
03-14 23:01:35.902 14953 14986 I DetoxDispatcher: Done with action 'loginSuccess'
03-14 23:01:35.902 14953 14984 I Detox   : Launching the tested activity!
03-14 23:01:35.949 14953 14990 D DetoxWSClient: Received action 'isReady' (ID #-1000, params={})
03-14 23:01:35.949 14953 14986 I DetoxDispatcher: Handling action 'isReady' (ID #-1000)...
03-14 23:01:36.176 14953 14953 D AppCompatDelegate: Checking for metadata for AppLocalesMetadataHolderService : Service not found
03-14 23:01:36.225 14953 14953 D LifecycleMonitor: Lifecycle status change: com.mcfuzzysquirrel.studentfinance.MainActivity@340991c in: PRE_ON_CREATE
03-14 23:01:36.753 14953 15009 D TrafficStats: tagSocket(109) with statsTag=0xffffffff, statsUid=-1
03-14 23:01:36.758 14953 15009 W unknown:ReconnectingWebSocket: Couldn't connect to "ws://10.0.2.2:8081/message?device=sdk_gphone64_x86_64%20-%2015%20-%20API%2035&app=com.mcfuzzysquirrel.studentfinance&clientid=BridgelessDevSupportManager", will silently retry
03-14 23:01:36.814 14953 14953 W unknown:BridgelessReact: ReactHost{0}.startSurface(surfaceId = 0): Schedule
03-14 23:01:36.814 14953 14953 W unknown:BridgelessReact: ReactHost{0}.attachSurface(surfaceId = 0)
03-14 23:01:36.815 14953 15013 W unknown:BridgelessReact: ReactHost{0}.getOrCreateReactInstanceTask()
03-14 23:01:36.816 14953 15013 W unknown:BridgelessReact: ReactHost{0}.getOrCreateReactInstanceTask(): Start
03-14 23:01:36.816 14953 15013 D Detox.RNMarker: REACT_BRIDGELESS_LOADING_START (null)
03-14 23:01:36.816 14953 15013 W unknown:BridgelessReact: ReactHost{0}.getJSBundleLoader()
03-14 23:01:36.816 14953 15013 W unknown:BridgelessReact: ReactHost{0}.isMetroRunning()
03-14 23:01:36.821 14953 15014 D TrafficStats: tagSocket(109) with statsTag=0xffffffff, statsUid=-1
03-14 23:01:36.824 14953 15014 W unknown:ReactNative: The packager does not seem to be running as we got an IOException requesting its status: Failed to connect to /10.0.2.2:8081
03-14 23:01:36.824 14953 15014 W unknown:BridgelessReact: ReactHost{0}.isMetroRunning(): Async result = false
03-14 23:01:36.825 14953 15013 W unknown:BridgelessReact: ReactHost{0}.getOrCreateReactInstanceTask(): Creating BridgelessReactContext
03-14 23:01:36.827 14953 15013 W unknown:BridgelessReact: ReactHost{0}.getOrCreateReactInstanceTask(): Creating ReactInstance
03-14 23:01:36.845 14953 14953 W .studentfinance: Accessing hidden method Landroid/view/ViewGroup;->makeOptionalFitsSystemWindows()V (unsupported, reflection, allowed)
03-14 23:01:36.854 14953 14953 D LifecycleMonitor: Lifecycle status change: com.mcfuzzysquirrel.studentfinance.MainActivity@340991c in: CREATED
03-14 23:01:36.857 14953 14953 D LifecycleMonitor: Lifecycle status change: com.mcfuzzysquirrel.studentfinance.MainActivity@340991c in: STARTED
03-14 23:01:36.862 14953 14953 W unknown:BridgelessReact: ReactHost{0}.onHostResume(activity)
03-14 23:01:36.863 14953 14953 W unknown:ReactNative: Packager connection already open, nooping.
03-14 23:01:36.863 14953 14953 W unknown:BridgelessReact: ReactHost{0}.ReactContext.onHostResume()
03-14 23:01:36.863 14953 14953 D LifecycleMonitor: Lifecycle status change: com.mcfuzzysquirrel.studentfinance.MainActivity@340991c in: RESUMED
03-14 23:01:36.878 14953 14953 W HWUI    : Unknown dataspace 0
03-14 23:01:36.883 14953 15013 D nativeloader: Load /data/app/~~wRzbvG75nM6MLt9mhOT8kw==/com.mcfuzzysquirrel.studentfinance-JYvgJb_EqJGe5B4qYL6Sfg==/base.apk!/lib/x86_64/libhermesvm.so using ns clns-7 from class loader (caller=/data/app/~~wRzbvG75nM6MLt9mhOT8kw==/com.mcfuzzysquirrel.studentfinance-JYvgJb_EqJGe5B4qYL6Sfg==/base.apk): ok
03-14 23:01:36.885 14953 15013 D nativeloader: Load /data/app/~~wRzbvG75nM6MLt9mhOT8kw==/com.mcfuzzysquirrel.studentfinance-JYvgJb_EqJGe5B4qYL6Sfg==/base.apk!/lib/x86_64/libhermestooling.so using ns clns-7 from class loader (caller=/data/app/~~wRzbvG75nM6MLt9mhOT8kw==/com.mcfuzzysquirrel.studentfinance-JYvgJb_EqJGe5B4qYL6Sfg==/base.apk): ok
03-14 23:01:36.885 14953 15013 D jni_lib_merge: Entering merged library JNI_OnLoad.
03-14 23:01:36.885 14953 15013 D jni_lib_merge: Preparing 4 pre-merged libs (including stub)
03-14 23:01:36.885 14953 15013 D jni_lib_merge: Preparing to register libhermes_executor_so.  onload_func: 0x727cd9db0050
03-14 23:01:36.885 14953 15013 D jni_lib_merge: Preparing to register libhermesinstancejni_so.  onload_func: 0x727cd9de6680
03-14 23:01:36.885 14953 15013 D jni_lib_merge: Preparing to register libjsijniprofiler_so.  onload_func: 0x727cd9de83f0
03-14 23:01:36.885 14953 15013 D jni_lib_merge: About to register 3 actual methods.
03-14 23:01:36.891 14953 15020 D TrafficStats: tagSocket(114) with statsTag=0xffffffff, statsUid=-1
03-14 23:01:36.909 14953 14996 I EGL_emulation: Opening libGLESv1_CM_emulation.so
03-14 23:01:36.909 14953 14996 I EGL_emulation: Opening libGLESv2_emulation.so
03-14 23:01:36.978 14953 14996 W HWUI    : Failed to initialize 101010-2 format, error = EGL_SUCCESS
03-14 23:01:37.012 14953 14996 I Gralloc4: mapper 4.x is not supported
03-14 23:01:37.488 14953 15013 W .studentfinance: Verification of expo.modules.kotlin.modules.ModuleDefinitionData expo.modules.filesystem.FileSystemModule.definition() took 116.600ms (90617.48 bytecodes/s) (202904B approximate peak alloc)
03-14 23:01:37.663 14953 15013 I ExpoModulesCore: ✅ AppContext was initialized
03-14 23:01:37.801 14953 15013 W unknown:BridgelessReact: ReactHost{0}.getOrCreateReactInstanceTask(): Loading JS Bundle
03-14 23:01:37.802 14953 15013 W unknown:BridgelessReact: ReactHost{0}.getOrCreateReactInstanceTask(): DevSupportManager.onNewReactContextCreated()
03-14 23:01:37.805 14953 14953 W unknown:ReactNative: Packager connection already open, nooping.
03-14 23:01:37.805 14953 15013 W unknown:BridgelessReact: ReactHost{0}.startSurface(surfaceId = 0): Execute
03-14 23:01:37.806 14953 14953 W unknown:BridgelessReact: ReactHost{0}.ReactContext.onHostResume()
03-14 23:01:37.806 14953 15015 D Detox.RNMarker: RUN_JS_BUNDLE_START (index.android.bundle)
03-14 23:01:37.806 14953 14953 W unknown:BridgelessReact: ReactHost{0}.getOrCreateReactInstanceTask(): Executing ReactInstanceEventListeners
03-14 23:01:37.806 14953 14953 I DetoxRNLoading: Got new RN-context through listener
03-14 23:01:37.808 14953 14986 W .studentfinance: Long monitor contention with owner Instr: androidx.test.runner.AndroidJUnitRunner (14984) at void com.wix.detox.DetoxMain.launchActivityOnCue(android.content.Context, com.wix.detox.ActivityLaunchHelper)(DetoxMain.kt:53) waiters=0 in void com.wix.detox.DetoxMain$setupActionHandlers$SynchronizedActionHandler.handle(java.lang.String, long) for 1.858s
03-14 23:01:37.809 14953 14953 W .studentfinance: Accessing hidden method Landroid/os/MessageQueue;->next()Landroid/os/Message; (unsupported, reflection, allowed)
03-14 23:01:37.809 14953 14953 W .studentfinance: Accessing hidden field Landroid/os/MessageQueue;->mMessages:Landroid/os/Message; (unsupported, reflection, allowed)
03-14 23:01:37.809 14953 14953 W .studentfinance: Accessing hidden method Landroid/os/Message;->recycleUnchecked()V (unsupported, reflection, allowed)
03-14 23:01:37.810 14953 14953 I Detox   : Wait is over: App is now idle!
03-14 23:01:37.810 14953 14986 I DetoxWSClient: Sending out action 'ready' (ID #-1000)
03-14 23:01:37.811 14953 14986 I DetoxDispatcher: Done with action 'isReady'
03-14 23:01:37.820 14953 14960 I .studentfinance: Compiler allocated 5174KB to compile void android.view.ViewRootImpl.performTraversals()
03-14 23:01:37.820 14953 14990 D DetoxWSClient: Received action 'invoke' (ID #4, params={"target":{"type":"Class","value":"com.wix.detox.espresso.DetoxAssertion"},"method":"waitForAssertMatcher","args":[{"type":"Invocation","value":{"target":{"type":"Class","value":"androidx.test.espresso.Espresso"},"method":"onView","args":[{"type":"Invocation","value":{"target":{"type":"Class","value":"com.wix.detox.espresso.DetoxMatcher"},"method":"matcherForTestId","args":["dashboard-summary-spent-card",{"type":"boolean","value":false}]}}]}},{"type":"Invocation","value":{"target":{"type":"Class","value":"com.wix.detox.espresso.DetoxMatcher"},"method":"matcherForSufficientlyVisible","args":[{"type":"Integer","value":75}]}},{"type":"Double","value":15}]})
03-14 23:01:37.822 14953 14986 I DetoxDispatcher: Handling action 'invoke' (ID #4)...
03-14 23:01:37.835 14953 14986 D Detox   : class com.wix.detox.espresso.DetoxMatcher, matcherForTestId, [dashboard-summary-spent-card, false]
03-14 23:01:37.883 14953 14986 D Detox   : class androidx.test.espresso.Espresso, onView, [(view.getTag() is "dashboard-summary-spent-card" and view has effective visibility <VISIBLE>)]
03-14 23:01:37.901 14953 14986 D Detox   : class com.wix.detox.espresso.DetoxMatcher, matcherForSufficientlyVisible, [75]
03-14 23:01:37.902 14953 14986 D Detox   : class com.wix.detox.espresso.DetoxAssertion, waitForAssertMatcher, [androidx.test.espresso.ViewInteraction@dd21ede, (view has effective visibility <VISIBLE> and view.getGlobalVisibleRect() covers at least <75> percent of the view's area), 15.0]
03-14 23:01:37.910 14953 15015 D nativeloader: Load /data/app/~~wRzbvG75nM6MLt9mhOT8kw==/com.mcfuzzysquirrel.studentfinance-JYvgJb_EqJGe5B4qYL6Sfg==/base.apk!/lib/x86_64/libexpo-modules-core.so using ns clns-7 from class loader (caller=/data/app/~~wRzbvG75nM6MLt9mhOT8kw==/com.mcfuzzysquirrel.studentfinance-JYvgJb_EqJGe5B4qYL6Sfg==/base.apk): ok
03-14 23:01:37.921 14953 14953 I ViewInteraction: Checking 'MatchesViewAssertion(Detox){viewMatcher=(view has effective visibility <VISIBLE> and view.getGlobalVisibleRect() covers at least <75> percent of the view's area)}' assertion on view (view.getTag() is "dashboard-summary-spent-card" and view has effective visibility <VISIBLE>)
03-14 23:01:37.962 14953 14953 I ViewInteraction: Checking 'MatchesViewAssertion(Detox){viewMatcher=(view has effective visibility <VISIBLE> and view.getGlobalVisibleRect() covers at least <75> percent of the view's area)}' assertion on view (view.getTag() is "dashboard-summary-spent-card" and view has effective visibility <VISIBLE>)
03-14 23:01:37.981 14953 15015 W unknown:ViewManagerPropertyUpdater: Could not find generated setter for class com.th3rdwave.safeareacontext.SafeAreaProviderManager
03-14 23:01:37.986 14953 15015 W unknown:ViewManagerPropertyUpdater: Could not find generated setter for class com.facebook.react.uimanager.LayoutShadowNode
03-14 23:01:37.990 14953 15015 W unknown:ViewManagerPropertyUpdater: Could not find generated setter for class com.swmansion.rnscreens.SearchBarManager
03-14 23:01:37.991 14953 15015 W unknown:ViewManagerPropertyUpdater: Could not find generated setter for class com.swmansion.rnscreens.ScreenFooterManager
03-14 23:01:37.993 14953 14953 I ViewInteraction: Checking 'MatchesViewAssertion(Detox){viewMatcher=(view has effective visibility <VISIBLE> and view.getGlobalVisibleRect() covers at least <75> percent of the view's area)}' assertion on view (view.getTag() is "dashboard-summary-spent-card" and view has effective visibility <VISIBLE>)
03-14 23:01:37.994 14953 15015 W unknown:ViewManagerPropertyUpdater: Could not find generated setter for class com.swmansion.rnscreens.gamma.tabs.TabScreenViewManager
03-14 23:01:38.000 14953 15015 W unknown:ViewManagerPropertyUpdater: Could not find generated setter for class expo.modules.kotlin.views.GroupViewManagerWrapper
03-14 23:01:38.003 14953 15015 W unknown:ViewManagerPropertyUpdater: Could not find generated setter for class com.swmansion.rnscreens.ScreenContainerViewManager
03-14 23:01:38.004 14953 15015 W unknown:ViewManagerPropertyUpdater: Could not find generated setter for class com.swmansion.rnscreens.gamma.tabs.TabsHostViewManager
03-14 23:01:38.010 14953 15015 W unknown:ViewManagerPropertyUpdater: Could not find generated setter for class com.swmansion.rnscreens.ModalScreenViewManager
03-14 23:01:38.013 14953 15015 W unknown:ViewManagerPropertyUpdater: Could not find generated setter for class com.swmansion.rnscreens.ScreenStackHeaderConfigViewManager
03-14 23:01:38.015 14953 15015 W unknown:ViewManagerPropertyUpdater: Could not find generated setter for class com.swmansion.rnscreens.ScreenContentWrapperManager
03-14 23:01:38.015 14953 15015 W unknown:ViewManagerPropertyUpdater: Could not find generated setter for class com.th3rdwave.safeareacontext.SafeAreaViewManager
03-14 23:01:38.017 14953 15015 W unknown:ViewManagerPropertyUpdater: Could not find generated setter for class com.th3rdwave.safeareacontext.SafeAreaViewShadowNode
03-14 23:01:38.018 14953 15015 W unknown:ViewManagerPropertyUpdater: Could not find generated setter for class com.swmansion.rnscreens.safearea.SafeAreaViewManager
03-14 23:01:38.019 14953 15015 W unknown:ViewManagerPropertyUpdater: Could not find generated setter for class com.swmansion.rnscreens.safearea.paper.SafeAreaViewShadowNode
03-14 23:01:38.020 14953 15015 W unknown:ViewManagerPropertyUpdater: Could not find generated setter for class com.swmansion.rnscreens.ScreenViewManager
03-14 23:01:38.021 14953 15015 W unknown:ViewManagerPropertyUpdater: Could not find generated setter for class com.swmansion.rnscreens.gamma.stack.host.StackHostViewManager
03-14 23:01:38.022 14953 15015 W unknown:ViewManagerPropertyUpdater: Could not find generated setter for class com.swmansion.rnscreens.ScreenStackHeaderSubviewManager
03-14 23:01:38.023 14953 15015 W unknown:ViewManagerPropertyUpdater: Could not find generated setter for class com.swmansion.rnscreens.gamma.stack.screen.StackScreenViewManager
03-14 23:01:38.024 14953 15015 W unknown:ViewManagerPropertyUpdater: Could not find generated setter for class com.swmansion.rnscreens.ScreenStackViewManager
03-14 23:01:38.025 14953 14953 I ViewInteraction: Checking 'MatchesViewAssertion(Detox){viewMatcher=(view has effective visibility <VISIBLE> and view.getGlobalVisibleRect() covers at least <75> percent of the view's area)}' assertion on view (view.getTag() is "dashboard-summary-spent-card" and view has effective visibility <VISIBLE>)
03-14 23:01:38.060 14953 14953 I ViewInteraction: Checking 'MatchesViewAssertion(Detox){viewMatcher=(view has effective visibility <VISIBLE> and view.getGlobalVisibleRect() covers at least <75> percent of the view's area)}' assertion on view (view.getTag() is "dashboard-summary-spent-card" and view has effective visibility <VISIBLE>)
03-14 23:01:38.106 14953 14953 I ViewInteraction: Checking 'MatchesViewAssertion(Detox){viewMatcher=(view has effective visibility <VISIBLE> and view.getGlobalVisibleRect() covers at least <75> percent of the view's area)}' assertion on view (view.getTag() is "dashboard-summary-spent-card" and view has effective visibility <VISIBLE>)
03-14 23:01:38.144 14953 14953 I ViewInteraction: Checking 'MatchesViewAssertion(Detox){viewMatcher=(view has effective visibility <VISIBLE> and view.getGlobalVisibleRect() covers at least <75> percent of the view's area)}' assertion on view (view.getTag() is "dashboard-summary-spent-card" and view has effective visibility <VISIBLE>)
03-14 23:01:38.171 14953 15015 W unknown:ViewManagerPropertyUpdater: Could not find generated setter for class com.horcrux.svg.RenderableViewManager$DefsViewManager
03-14 23:01:38.172 14953 15015 W unknown:ViewManagerPropertyUpdater: Could not find generated setter for class com.horcrux.svg.VirtualViewManager$RenderableShadowNode
03-14 23:01:38.183 14953 15015 W unknown:ViewManagerPropertyUpdater: Could not find generated setter for class com.facebook.react.views.debuggingoverlay.DebuggingOverlayManager
03-14 23:01:38.185 14953 14953 I ViewInteraction: Checking 'MatchesViewAssertion(Detox){viewMatcher=(view has effective visibility <VISIBLE> and view.getGlobalVisibleRect() covers at least <75> percent of the view's area)}' assertion on view (view.getTag() is "dashboard-summary-spent-card" and view has effective visibility <VISIBLE>)
03-14 23:01:38.196 14953 15015 W unknown:ViewManagerPropertyUpdater: Could not find generated setter for class com.horcrux.svg.RenderableViewManager$FeMergeManager
03-14 23:01:38.206 14953 15015 W unknown:ViewManagerPropertyUpdater: Could not find generated setter for class com.facebook.react.views.safeareaview.ReactSafeAreaViewManager
03-14 23:01:38.212 14953 15015 W unknown:ViewManagerPropertyUpdater: Could not find generated setter for class com.horcrux.svg.RenderableViewManager$LinearGradientManager
03-14 23:01:38.220 14953 15015 W unknown:ViewManagerPropertyUpdater: Could not find generated setter for class com.horcrux.svg.RenderableViewManager$FeGaussianBlurManager
03-14 23:01:38.223 14953 14953 I ViewInteraction: Checking 'MatchesViewAssertion(Detox){viewMatcher=(view has effective visibility <VISIBLE> and view.getGlobalVisibleRect() covers at least <75> percent of the view's area)}' assertion on view (view.getTag() is "dashboard-summary-spent-card" and view has effective visibility <VISIBLE>)
03-14 23:01:38.233 14953 15015 W unknown:ViewManagerPropertyUpdater: Could not find generated setter for class com.facebook.react.views.progressbar.ReactProgressBarViewManager
03-14 23:01:38.234 14953 15015 W unknown:ViewManagerPropertyUpdater: Could not find generated setter for class com.facebook.react.views.progressbar.ProgressBarShadowNode
03-14 23:01:38.247 14953 15015 W unknown:ViewManagerPropertyUpdater: Could not find generated setter for class com.facebook.react.views.scroll.ReactHorizontalScrollViewManager
03-14 23:01:38.259 14953 14953 I ViewInteraction: Checking 'MatchesViewAssertion(Detox){viewMatcher=(view has effective visibility <VISIBLE> and view.getGlobalVisibleRect() covers at least <75> percent of the view's area)}' assertion on view (view.getTag() is "dashboard-summary-spent-card" and view has effective visibility <VISIBLE>)
03-14 23:01:38.276 14953 15015 W unknown:ViewManagerPropertyUpdater: Could not find generated setter for class com.facebook.react.views.text.ReactTextViewManager
03-14 23:01:38.280 14953 15015 W unknown:ViewManagerPropertyUpdater: Could not find generated setter for class com.facebook.react.views.text.ReactTextShadowNode
03-14 23:01:38.290 14953 14953 I ViewInteraction: Checking 'MatchesViewAssertion(Detox){viewMatcher=(view has effective visibility <VISIBLE> and view.getGlobalVisibleRect() covers at least <75> percent of the view's area)}' assertion on view (view.getTag() is "dashboard-summary-spent-card" and view has effective visibility <VISIBLE>)
03-14 23:01:38.302 14953 15015 W unknown:ViewManagerPropertyUpdater: Could not find generated setter for class com.horcrux.svg.RenderableViewManager$FeColorMatrixManager
03-14 23:01:38.306 14953 14960 I .studentfinance: Compiler allocated 4219KB to compile void android.widget.TextView.<init>(android.content.Context, android.util.AttributeSet, int, int)
03-14 23:01:38.314 14953 15015 W unknown:ViewManagerPropertyUpdater: Could not find generated setter for class com.facebook.react.views.scroll.ReactHorizontalScrollContainerViewManager
03-14 23:01:38.322 14953 14953 I ViewInteraction: Checking 'MatchesViewAssertion(Detox){viewMatcher=(view has effective visibility <VISIBLE> and view.getGlobalVisibleRect() covers at least <75> percent of the view's area)}' assertion on view (view.getTag() is "dashboard-summary-spent-card" and view has effective visibility <VISIBLE>)
03-14 23:01:38.325 14953 15015 W unknown:ViewManagerPropertyUpdater: Could not find generated setter for class com.horcrux.svg.RenderableViewManager$ClipPathViewManager
03-14 23:01:38.334 14953 15015 W unknown:ViewManagerPropertyUpdater: Could not find generated setter for class com.horcrux.svg.RenderableViewManager$SymbolManager
03-14 23:01:38.347 14953 15015 W unknown:ViewManagerPropertyUpdater: Could not find generated setter for class com.horcrux.svg.RenderableViewManager$PatternManager
03-14 23:01:38.357 14953 14953 I ViewInteraction: Checking 'MatchesViewAssertion(Detox){viewMatcher=(view has effective visibility <VISIBLE> and view.getGlobalVisibleRect() covers at least <75> percent of the view's area)}' assertion on view (view.getTag() is "dashboard-summary-spent-card" and view has effective visibility <VISIBLE>)
03-14 23:01:38.361 14953 15015 W unknown:ViewManagerPropertyUpdater: Could not find generated setter for class com.horcrux.svg.RenderableViewManager$FeBlendManager
03-14 23:01:38.369 14953 15015 W unknown:ViewManagerPropertyUpdater: Could not find generated setter for class com.facebook.react.views.view.ReactViewManager
03-14 23:01:38.377 14953 15015 W unknown:ViewManagerPropertyUpdater: Could not find generated setter for class com.horcrux.svg.SvgViewManager
03-14 23:01:38.388 14953 15015 W unknown:ViewManagerPropertyUpdater: Could not find generated setter for class com.facebook.react.views.switchview.ReactSwitchManager
03-14 23:01:38.391 14953 14953 I ViewInteraction: Checking 'MatchesViewAssertion(Detox){viewMatcher=(view has effective visibility <VISIBLE> and view.getGlobalVisibleRect() covers at least <75> percent of the view's area)}' assertion on view (view.getTag() is "dashboard-summary-spent-card" and view has effective visibility <VISIBLE>)
03-14 23:01:38.391 14953 15015 W unknown:ViewManagerPropertyUpdater: Could not find generated setter for class com.facebook.react.views.switchview.ReactSwitchShadowNode
03-14 23:01:38.403 14953 15015 W unknown:ViewManagerPropertyUpdater: Could not find generated setter for class com.horcrux.svg.RenderableViewManager$UseViewManager
03-14 23:01:38.414 14953 15015 W unknown:ViewManagerPropertyUpdater: Could not find generated setter for class com.horcrux.svg.RenderableViewManager$CircleViewManager
03-14 23:01:38.434 14953 15015 W unknown:ViewManagerPropertyUpdater: Could not find generated setter for class com.horcrux.svg.RenderableViewManager$TSpanViewManager
03-14 23:01:38.435 14953 14953 I ViewInteraction: Checking 'MatchesViewAssertion(Detox){viewMatcher=(view has effective visibility <VISIBLE> and view.getGlobalVisibleRect() covers at least <75> percent of the view's area)}' assertion on view (view.getTag() is "dashboard-summary-spent-card" and view has effective visibility <VISIBLE>)
03-14 23:01:38.448 14953 15015 W unknown:ViewManagerPropertyUpdater: Could not find generated setter for class com.horcrux.svg.RenderableViewManager$FilterManager
03-14 23:01:38.456 14953 15015 W unknown:ViewManagerPropertyUpdater: Could not find generated setter for class com.horcrux.svg.RenderableViewManager$MarkerManager
03-14 23:01:38.464 14953 14953 I ViewInteraction: Checking 'MatchesViewAssertion(Detox){viewMatcher=(view has effective visibility <VISIBLE> and view.getGlobalVisibleRect() covers at least <75> percent of the view's area)}' assertion on view (view.getTag() is "dashboard-summary-spent-card" and view has effective visibility <VISIBLE>)
03-14 23:01:38.465 14953 15015 W unknown:ViewManagerPropertyUpdater: Could not find generated setter for class com.swmansion.gesturehandler.react.RNGestureHandlerButtonViewManager
03-14 23:01:38.472 14953 15015 W unknown:ViewManagerPropertyUpdater: Could not find generated setter for class com.facebook.react.views.modal.ReactModalHostManager
03-14 23:01:38.480 14953 15015 W unknown:ViewManagerPropertyUpdater: Could not find generated setter for class com.horcrux.svg.RenderableViewManager$ForeignObjectManager
03-14 23:01:38.487 14953 15015 W unknown:ViewManagerPropertyUpdater: Could not find generated setter for class com.horcrux.svg.RenderableViewManager$EllipseViewManager
03-14 23:01:38.491 14953 14953 I ViewInteraction: Checking 'MatchesViewAssertion(Detox){viewMatcher=(view has effective visibility <VISIBLE> and view.getGlobalVisibleRect() covers at least <75> percent of the view's area)}' assertion on view (view.getTag() is "dashboard-summary-spent-card" and view has effective visibility <VISIBLE>)
03-14 23:01:38.496 14953 15015 W unknown:ViewManagerPropertyUpdater: Could not find generated setter for class com.horcrux.svg.RenderableViewManager$LineViewManager
03-14 23:01:38.503 14953 15015 W unknown:ViewManagerPropertyUpdater: Could not find generated setter for class com.facebook.react.views.text.frescosupport.FrescoBasedReactTextInlineImageViewManager
03-14 23:01:38.503 14953 15015 W unknown:ViewManagerPropertyUpdater: Could not find generated setter for class com.facebook.react.views.text.frescosupport.FrescoBasedReactTextInlineImageShadowNode
03-14 23:01:38.510 14953 15015 W unknown:ViewManagerPropertyUpdater: Could not find generated setter for class com.horcrux.svg.RenderableViewManager$FeFloodManager
03-14 23:01:38.517 14953 15015 W unknown:ViewManagerPropertyUpdater: Could not find generated setter for class com.horcrux.svg.RenderableViewManager$GroupViewManager
03-14 23:01:38.518 14953 14953 I ViewInteraction: Checking 'MatchesViewAssertion(Detox){viewMatcher=(view has effective visibility <VISIBLE> and view.getGlobalVisibleRect() covers at least <75> percent of the view's area)}' assertion on view (view.getTag() is "dashboard-summary-spent-card" and view has effective visibility <VISIBLE>)
03-14 23:01:38.524 14953 15015 W unknown:ViewManagerPropertyUpdater: Could not find generated setter for class com.horcrux.svg.RenderableViewManager$TextViewManager
03-14 23:01:38.533 14953 15015 W unknown:ViewManagerPropertyUpdater: Could not find generated setter for class com.horcrux.svg.RenderableViewManager$ImageViewManager
03-14 23:01:38.540 14953 15015 W unknown:ViewManagerPropertyUpdater: Could not find generated setter for class com.horcrux.svg.RenderableViewManager$FeCompositeManager
03-14 23:01:38.548 14953 15015 W unknown:ViewManagerPropertyUpdater: Could not find generated setter for class com.facebook.react.views.image.ReactImageManager
03-14 23:01:38.556 14953 15015 W unknown:ViewManagerPropertyUpdater: Could not find generated setter for class com.horcrux.svg.RenderableViewManager$RadialGradientManager
03-14 23:01:38.561 14953 14953 I ViewInteraction: Checking 'MatchesViewAssertion(Detox){viewMatcher=(view has effective visibility <VISIBLE> and view.getGlobalVisibleRect() covers at least <75> percent of the view's area)}' assertion on view (view.getTag() is "dashboard-summary-spent-card" and view has effective visibility <VISIBLE>)
03-14 23:01:38.564 14953 15015 W unknown:ViewManagerPropertyUpdater: Could not find generated setter for class com.horcrux.svg.RenderableViewManager$MaskManager
03-14 23:01:38.571 14953 15015 W unknown:ViewManagerPropertyUpdater: Could not find generated setter for class com.facebook.react.views.unimplementedview.ReactUnimplementedViewManager
03-14 23:01:38.578 14953 15015 W unknown:ViewManagerPropertyUpdater: Could not find generated setter for class com.horcrux.svg.RenderableViewManager$RectViewManager
03-14 23:01:38.586 14953 15015 W unknown:ViewManagerPropertyUpdater: Could not find generated setter for class com.horcrux.svg.RenderableViewManager$TextPathViewManager
03-14 23:01:38.588 14953 14953 I ViewInteraction: Checking 'MatchesViewAssertion(Detox){viewMatcher=(view has effective visibility <VISIBLE> and view.getGlobalVisibleRect() covers at least <75> percent of the view's area)}' assertion on view (view.getTag() is "dashboard-summary-spent-card" and view has effective visibility <VISIBLE>)
03-14 23:01:38.596 14953 15015 W unknown:ViewManagerPropertyUpdater: Could not find generated setter for class com.facebook.react.views.scroll.ReactScrollViewManager
03-14 23:01:38.604 14953 15015 W unknown:ViewManagerPropertyUpdater: Could not find generated setter for class com.horcrux.svg.RenderableViewManager$FeOffsetManager
03-14 23:01:38.611 14953 15015 W unknown:ViewManagerPropertyUpdater: Could not find generated setter for class com.horcrux.svg.RenderableViewManager$PathViewManager
03-14 23:01:38.615 14953 14953 I ViewInteraction: Checking 'MatchesViewAssertion(Detox){viewMatcher=(view has effective visibility <VISIBLE> and view.getGlobalVisibleRect() covers at least <75> percent of the view's area)}' assertion on view (view.getTag() is "dashboard-summary-spent-card" and view has effective visibility <VISIBLE>)
03-14 23:01:38.620 14953 15015 W unknown:ViewManagerPropertyUpdater: Could not find generated setter for class com.facebook.react.views.drawer.ReactDrawerLayoutManager
03-14 23:01:38.627 14953 15015 W unknown:ViewManagerPropertyUpdater: Could not find generated setter for class com.facebook.react.views.swiperefresh.SwipeRefreshLayoutManager
03-14 23:01:38.636 14953 15015 W unknown:ViewManagerPropertyUpdater: Could not find generated setter for class com.facebook.react.views.textinput.ReactTextInputManager
03-14 23:01:38.638 14953 15015 W unknown:ViewManagerPropertyUpdater: Could not find generated setter for class com.facebook.react.views.textinput.ReactTextInputShadowNode
03-14 23:01:38.641 14953 14953 I ViewInteraction: Checking 'MatchesViewAssertion(Detox){viewMatcher=(view has effective visibility <VISIBLE> and view.getGlobalVisibleRect() covers at least <75> percent of the view's area)}' assertion on view (view.getTag() is "dashboard-summary-spent-card" and view has effective visibility <VISIBLE>)
03-14 23:01:38.647 14953 15015 W unknown:ViewManagerPropertyUpdater: Could not find generated setter for class com.swmansion.gesturehandler.react.RNGestureHandlerRootViewManager
03-14 23:01:38.671 14953 14953 I ViewInteraction: Checking 'MatchesViewAssertion(Detox){viewMatcher=(view has effective visibility <VISIBLE> and view.getGlobalVisibleRect() covers at least <75> percent of the view's area)}' assertion on view (view.getTag() is "dashboard-summary-spent-card" and view has effective visibility <VISIBLE>)
03-14 23:01:38.671 14953 15015 W BridgelessReactContext: [WARNING] Bridgeless doesn't support CatalystInstance. Accessing an API that's not part of the new architecture is not encouraged usage.
03-14 23:01:38.681 14953 15015 I ExpoModulesCore: ✅ JSI interop was installed
03-14 23:01:38.684 14953 15015 I ExpoModulesCore: ✅ Constants were exported
03-14 23:01:38.699 14953 14953 I ViewInteraction: Checking 'MatchesViewAssertion(Detox){viewMatcher=(view has effective visibility <VISIBLE> and view.getGlobalVisibleRect() covers at least <75> percent of the view's area)}' assertion on view (view.getTag() is "dashboard-summary-spent-card" and view has effective visibility <VISIBLE>)
