03-14 23:01:38.713 14953 15015 D nativeloader: Load /data/app/~~wRzbvG75nM6MLt9mhOT8kw==/com.mcfuzzysquirrel.studentfinance-JYvgJb_EqJGe5B4qYL6Sfg==/base.apk!/lib/x86_64/librnscreens.so using ns clns-7 from class loader (caller=/data/app/~~wRzbvG75nM6MLt9mhOT8kw==/com.mcfuzzysquirrel.studentfinance-JYvgJb_EqJGe5B4qYL6Sfg==/base.apk!classes16.dex): ok
03-14 23:01:38.727 14953 14953 I ViewInteraction: Checking 'MatchesViewAssertion(Detox){viewMatcher=(view has effective visibility <VISIBLE> and view.getGlobalVisibleRect() covers at least <75> percent of the view's area)}' assertion on view (view.getTag() is "dashboard-summary-spent-card" and view has effective visibility <VISIBLE>)
03-14 23:01:38.762 14953 15009 D TrafficStats: tagSocket(132) with statsTag=0xffffffff, statsUid=-1
03-14 23:01:38.767 14953 14953 I ViewInteraction: Checking 'MatchesViewAssertion(Detox){viewMatcher=(view has effective visibility <VISIBLE> and view.getGlobalVisibleRect() covers at least <75> percent of the view's area)}' assertion on view (view.getTag() is "dashboard-summary-spent-card" and view has effective visibility <VISIBLE>)
03-14 23:01:38.797 14953 14953 I ViewInteraction: Checking 'MatchesViewAssertion(Detox){viewMatcher=(view has effective visibility <VISIBLE> and view.getGlobalVisibleRect() covers at least <75> percent of the view's area)}' assertion on view (view.getTag() is "dashboard-summary-spent-card" and view has effective visibility <VISIBLE>)
03-14 23:01:38.824 14953 14953 I ViewInteraction: Checking 'MatchesViewAssertion(Detox){viewMatcher=(view has effective visibility <VISIBLE> and view.getGlobalVisibleRect() covers at least <75> percent of the view's area)}' assertion on view (view.getTag() is "dashboard-summary-spent-card" and view has effective visibility <VISIBLE>)
03-14 23:01:38.854 14953 14953 I ViewInteraction: Checking 'MatchesViewAssertion(Detox){viewMatcher=(view has effective visibility <VISIBLE> and view.getGlobalVisibleRect() covers at least <75> percent of the view's area)}' assertion on view (view.getTag() is "dashboard-summary-spent-card" and view has effective visibility <VISIBLE>)
03-14 23:01:38.883 14953 14953 I ViewInteraction: Checking 'MatchesViewAssertion(Detox){viewMatcher=(view has effective visibility <VISIBLE> and view.getGlobalVisibleRect() covers at least <75> percent of the view's area)}' assertion on view (view.getTag() is "dashboard-summary-spent-card" and view has effective visibility <VISIBLE>)
03-14 23:01:38.910 14953 14953 I ViewInteraction: Checking 'MatchesViewAssertion(Detox){viewMatcher=(view has effective visibility <VISIBLE> and view.getGlobalVisibleRect() covers at least <75> percent of the view's area)}' assertion on view (view.getTag() is "dashboard-summary-spent-card" and view has effective visibility <VISIBLE>)
03-14 23:01:38.937 14953 14953 I ViewInteraction: Checking 'MatchesViewAssertion(Detox){viewMatcher=(view has effective visibility <VISIBLE> and view.getGlobalVisibleRect() covers at least <75> percent of the view's area)}' assertion on view (view.getTag() is "dashboard-summary-spent-card" and view has effective visibility <VISIBLE>)
03-14 23:01:38.964 14953 14953 I ViewInteraction: Checking 'MatchesViewAssertion(Detox){viewMatcher=(view has effective visibility <VISIBLE> and view.getGlobalVisibleRect() covers at least <75> percent of the view's area)}' assertion on view (view.getTag() is "dashboard-summary-spent-card" and view has effective visibility <VISIBLE>)
03-14 23:01:38.993 14953 14953 I ViewInteraction: Checking 'MatchesViewAssertion(Detox){viewMatcher=(view has effective visibility <VISIBLE> and view.getGlobalVisibleRect() covers at least <75> percent of the view's area)}' assertion on view (view.getTag() is "dashboard-summary-spent-card" and view has effective visibility <VISIBLE>)
03-14 23:01:39.014 14953 15015 D Detox.RNMarker: RUN_JS_BUNDLE_END (index.android.bundle)
03-14 23:01:39.015 14953 15015 I ReactNativeJS: Running "main"
03-14 23:01:39.019 14953 14953 I ViewInteraction: Checking 'MatchesViewAssertion(Detox){viewMatcher=(view has effective visibility <VISIBLE> and view.getGlobalVisibleRect() covers at least <75> percent of the view's area)}' assertion on view (view.getTag() is "dashboard-summary-spent-card" and view has effective visibility <VISIBLE>)
03-14 23:01:39.024 14953 15015 D Detox.RNMarker: REACT_BRIDGELESS_LOADING_END (null)
03-14 23:01:39.035 14953 15015 D nativeloader: Load /data/app/~~wRzbvG75nM6MLt9mhOT8kw==/com.mcfuzzysquirrel.studentfinance-JYvgJb_EqJGe5B4qYL6Sfg==/base.apk!/lib/x86_64/libgesturehandler.so using ns clns-7 from class loader (caller=/data/app/~~wRzbvG75nM6MLt9mhOT8kw==/com.mcfuzzysquirrel.studentfinance-JYvgJb_EqJGe5B4qYL6Sfg==/base.apk): ok
03-14 23:01:39.035 14953 15015 D jni_lib_merge: Entering merged library JNI_OnLoad.
03-14 23:01:39.035 14953 15015 D jni_lib_merge: Preparing 12 pre-merged libs (including stub)
03-14 23:01:39.035 14953 15015 D jni_lib_merge: Preparing to register libfabricjni_so.  onload_func: 0x727ce2f51730
03-14 23:01:39.035 14953 15015 D jni_lib_merge: Preparing to register libreact_devsupportjni_so.  onload_func: 0x727ce314e190
03-14 23:01:39.035 14953 15015 D jni_lib_merge: Preparing to register libreact_featureflagsjni_so.  onload_func: 0x727ce315f910
03-14 23:01:39.035 14953 15015 D jni_lib_merge: Preparing to register libreact_newarchdefaults_so.  onload_func: 0x727ce3200d20
03-14 23:01:39.035 14953 15015 D jni_lib_merge: Preparing to register libreactnativeblob_so.  onload_func: 0x727ce340b2e0
03-14 23:01:39.035 14953 15015 D jni_lib_merge: Preparing to register libreactnativejni_so.  onload_func: 0x727ce344b770
03-14 23:01:39.035 14953 15015 D jni_lib_merge: Preparing to register libreactnativejni_common_so.  onload_func: 0x727ce345b5d0
03-14 23:01:39.035 14953 15015 D jni_lib_merge: Preparing to register librninstance_so.  onload_func: 0x727ce34984c0
03-14 23:01:39.035 14953 15015 D jni_lib_merge: Preparing to register libturbomodulejsijni_so.  onload_func: 0x727ce35f9c00
03-14 23:01:39.035 14953 15015 D jni_lib_merge: Preparing to register libuimanagerjni_so.  onload_func: 0x727ce3611de0
03-14 23:01:39.035 14953 15015 D jni_lib_merge: Preparing to register libyoga_so.  onload_func: 0x727ce3620d70
03-14 23:01:39.035 14953 15015 D jni_lib_merge: About to register 11 actual methods.
03-14 23:01:39.040 14953 14953 I ReactNative: [GESTURE HANDLER] Initialize gesture handler for root view com.facebook.react.runtime.ReactSurfaceView{5bd2bb6 V.E...... ......ID 0,0-1080,2400 #1}
03-14 23:01:39.043 14953 14953 D Detox.RNMarker: CONTENT_APPEARED (main)
03-14 23:01:39.055 14953 14953 I ViewInteraction: Checking 'MatchesViewAssertion(Detox){viewMatcher=(view has effective visibility <VISIBLE> and view.getGlobalVisibleRect() covers at least <75> percent of the view's area)}' assertion on view (view.getTag() is "dashboard-summary-spent-card" and view has effective visibility <VISIBLE>)
03-14 23:01:39.207 14953 14953 I ViewInteraction: Checking 'MatchesViewAssertion(Detox){viewMatcher=(view has effective visibility <VISIBLE> and view.getGlobalVisibleRect() covers at least <75> percent of the view's area)}' assertion on view (view.getTag() is "dashboard-summary-spent-card" and view has effective visibility <VISIBLE>)
03-14 23:01:39.260 14953 15020 D TrafficStats: tagSocket(136) with statsTag=0xffffffff, statsUid=-1
03-14 23:01:39.270 14953 14953 I ViewInteraction: Checking 'MatchesViewAssertion(Detox){viewMatcher=(view has effective visibility <VISIBLE> and view.getGlobalVisibleRect() covers at least <75> percent of the view's area)}' assertion on view (view.getTag() is "dashboard-summary-spent-card" and view has effective visibility <VISIBLE>)
03-14 23:01:39.346 14953 14953 I ViewInteraction: Checking 'MatchesViewAssertion(Detox){viewMatcher=(view has effective visibility <VISIBLE> and view.getGlobalVisibleRect() covers at least <75> percent of the view's area)}' assertion on view (view.getTag() is "dashboard-summary-spent-card" and view has effective visibility <VISIBLE>)
03-14 23:01:39.354 14953 15015 D nativeloader: Load /data/app/~~wRzbvG75nM6MLt9mhOT8kw==/com.mcfuzzysquirrel.studentfinance-JYvgJb_EqJGe5B4qYL6Sfg==/base.apk!/lib/x86_64/libexpo-sqlite.so using ns clns-7 from class loader (caller=/data/app/~~wRzbvG75nM6MLt9mhOT8kw==/com.mcfuzzysquirrel.studentfinance-JYvgJb_EqJGe5B4qYL6Sfg==/base.apk!classes20.dex): ok
03-14 23:01:39.375 14953 14953 I ViewInteraction: Checking 'MatchesViewAssertion(Detox){viewMatcher=(view has effective visibility <VISIBLE> and view.getGlobalVisibleRect() covers at least <75> percent of the view's area)}' assertion on view (view.getTag() is "dashboard-summary-spent-card" and view has effective visibility <VISIBLE>)
03-14 23:01:39.404 14953 14953 I ViewInteraction: Checking 'MatchesViewAssertion(Detox){viewMatcher=(view has effective visibility <VISIBLE> and view.getGlobalVisibleRect() covers at least <75> percent of the view's area)}' assertion on view (view.getTag() is "dashboard-summary-spent-card" and view has effective visibility <VISIBLE>)
03-14 23:01:39.434 14953 14953 I ViewInteraction: Checking 'MatchesViewAssertion(Detox){viewMatcher=(view has effective visibility <VISIBLE> and view.getGlobalVisibleRect() covers at least <75> percent of the view's area)}' assertion on view (view.getTag() is "dashboard-summary-spent-card" and view has effective visibility <VISIBLE>)
03-14 23:01:39.470 14953 14953 I ViewInteraction: Checking 'MatchesViewAssertion(Detox){viewMatcher=(view has effective visibility <VISIBLE> and view.getGlobalVisibleRect() covers at least <75> percent of the view's area)}' assertion on view (view.getTag() is "dashboard-summary-spent-card" and view has effective visibility <VISIBLE>)
03-14 23:01:39.507 14953 14953 I ViewInteraction: Checking 'MatchesViewAssertion(Detox){viewMatcher=(view has effective visibility <VISIBLE> and view.getGlobalVisibleRect() covers at least <75> percent of the view's area)}' assertion on view (view.getTag() is "dashboard-summary-spent-card" and view has effective visibility <VISIBLE>)
03-14 23:01:39.539 14953 14953 I ViewInteraction: Checking 'MatchesViewAssertion(Detox){viewMatcher=(view has effective visibility <VISIBLE> and view.getGlobalVisibleRect() covers at least <75> percent of the view's area)}' assertion on view (view.getTag() is "dashboard-summary-spent-card" and view has effective visibility <VISIBLE>)
03-14 23:01:39.560 14953 14953 W .studentfinance: Accessing hidden field Landroid/widget/ScrollView;->mScroller:Landroid/widget/OverScroller; (unsupported, reflection, allowed)
03-14 23:01:39.611 14953 14953 W [RNScreens]: backTitleFontFamily prop is not available on Android
03-14 23:01:39.611 14953 14953 W [RNScreens]: disableBackButtonMenu prop is not available on Android
03-14 23:01:39.611 14953 14953 W [RNScreens]: backTitleVisible prop is not available on Android
03-14 23:01:39.611 14953 14953 W [RNScreens]: topInsetEnabled prop is not available on Android
03-14 23:01:39.611 14953 14953 W [RNScreens]: largeTitleHideShadow prop is not available on Android
03-14 23:01:39.611 14953 14953 W [RNScreens]: largeTitleFontWeight prop is not available on Android
03-14 23:01:39.611 14953 14953 W [RNScreens]: userInterfaceStyle prop is not available on Android
03-14 23:01:39.611 14953 14953 W [RNScreens]: largeTitleFontFamily prop is not available on Android
03-14 23:01:40.349 14953 14996 D EGL_emulation: app_time_stats: avg=775.82ms min=101.54ms max=1803.56ms count=4
03-14 23:01:40.370 14953 14953 I Choreographer: Skipped 30 frames!  The application may be doing too much work on its main thread.
03-14 23:01:40.486 14953 14966 I HWUI    : Davey! duration=817ms; Flags=0, FrameTimelineVsyncId=141591, IntendedVsync=1546339955020, Vsync=1546339955020, InputEventId=0, HandleInputStart=1546340215401, AnimationStart=1546340216361, PerformTraversalsStart=1546529099910, DrawStart=1546532776441, FrameDeadline=1546356621686, FrameInterval=1546340209888, FrameStartTime=16666666, SyncQueued=1546560348296, SyncStart=1546560412973, IssueDrawCommandsStart=1546560540518, SwapBuffers=1547076744217, FrameCompleted=1547157305218, DequeueBufferDuration=5482, QueueBufferDuration=2002020, GpuCompleted=1547157305218, SwapBuffersCompleted=1547139925170, DisplayPresentTime=35192962023424, CommandSubmissionCompleted=1547076744217, 
03-14 23:01:40.603 14953 14953 I ViewInteraction: Checking 'MatchesViewAssertion(Detox){viewMatcher=(view has effective visibility <VISIBLE> and view.getGlobalVisibleRect() covers at least <75> percent of the view's area)}' assertion on view (view.getTag() is "dashboard-summary-spent-card" and view has effective visibility <VISIBLE>)
03-14 23:01:40.622 14953 14986 I DetoxWSClient: Sending out action 'invokeResult' (ID #4)
03-14 23:01:40.625 14953 14986 I DetoxDispatcher: Done with action 'invoke'
03-14 23:01:40.663 14953 14990 D DetoxWSClient: Received action 'invoke' (ID #5, params={"target":{"type":"Class","value":"com.wix.detox.espresso.EspressoDetox"},"method":"perform","args":[{"type":"Invocation","value":{"target":{"type":"Class","value":"com.wix.detox.espresso.DetoxMatcher"},"method":"matcherForTestId","args":["dashboard-summary-spent-card",{"type":"boolean","value":false}]}},{"type":"Invocation","value":{"target":{"type":"Class","value":"com.wix.detox.espresso.DetoxAction"},"method":"swipeInDirection","args":[{"type":"Integer","value":3},{"type":"boolean","value":false},{"type":"Double","value":0.5},{"type":"Double","value":null},{"type":"Double","value":null}]}}]})
03-14 23:01:40.666 14953 14986 I DetoxDispatcher: Handling action 'invoke' (ID #5)...
03-14 23:01:40.667 14953 14986 D Detox   : class com.wix.detox.espresso.DetoxMatcher, matcherForTestId, [dashboard-summary-spent-card, false]
03-14 23:01:40.675 14953 14986 D Detox   : class com.wix.detox.espresso.DetoxAction, swipeInDirection, [3, false, 0.5, NaN, NaN]
03-14 23:01:40.689 14953 14986 D Detox   : class com.wix.detox.espresso.EspressoDetox, perform, [(view.getTag() is "dashboard-summary-spent-card" and view has effective visibility <VISIBLE>), androidx.test.espresso.action.GeneralSwipeAction@7c5d01e]
03-14 23:01:40.705 14953 14953 I ViewInteraction: Performing 'slow swipe' action on view (view.getTag() is "dashboard-summary-spent-card" and view has effective visibility <VISIBLE>)
03-14 23:01:40.776 14953 15009 D TrafficStats: tagSocket(151) with statsTag=0xffffffff, statsUid=-1
03-14 23:01:40.841 14953 15116 D ProfileInstaller: Installing profile for com.mcfuzzysquirrel.studentfinance
03-14 23:01:40.842 14953 15115 W .studentfinance: Accessing hidden method Landroid/hardware/input/InputManager;->injectInputEvent(Landroid/view/InputEvent;I)Z (unsupported, reflection, allowed)
03-14 23:01:41.309 14953 15020 D TrafficStats: tagSocket(162) with statsTag=0xffffffff, statsUid=-1
03-14 23:01:41.456 14953 14996 D EGL_emulation: app_time_stats: avg=156.41ms min=33.12ms max=458.64ms count=7
03-14 23:01:42.438 14953 14986 I DetoxWSClient: Sending out action 'invokeResult' (ID #5)
03-14 23:01:42.440 14953 14986 I DetoxDispatcher: Done with action 'invoke'
03-14 23:01:42.462 14953 14990 D DetoxWSClient: Received action 'invoke' (ID #6, params={"target":{"type":"Class","value":"com.wix.detox.espresso.DetoxAssertion"},"method":"waitForAssertMatcher","args":[{"type":"Invocation","value":{"target":{"type":"Class","value":"androidx.test.espresso.Espresso"},"method":"onView","args":[{"type":"Invocation","value":{"target":{"type":"Class","value":"com.wix.detox.espresso.DetoxMatcher"},"method":"matcherForTestId","args":["dashboard-view-transactions-button",{"type":"boolean","value":false}]}}]}},{"type":"Invocation","value":{"target":{"type":"Class","value":"com.wix.detox.espresso.DetoxMatcher"},"method":"matcherForSufficientlyVisible","args":[{"type":"Integer","value":75}]}},{"type":"Double","value":10}]})
03-14 23:01:42.463 14953 14986 I DetoxDispatcher: Handling action 'invoke' (ID #6)...
03-14 23:01:42.465 14953 14986 D Detox   : class com.wix.detox.espresso.DetoxMatcher, matcherForTestId, [dashboard-view-transactions-button, false]
03-14 23:01:42.466 14953 14986 D Detox   : class androidx.test.espresso.Espresso, onView, [(view.getTag() is "dashboard-view-transactions-button" and view has effective visibility <VISIBLE>)]
03-14 23:01:42.469 14953 14986 D Detox   : class com.wix.detox.espresso.DetoxMatcher, matcherForSufficientlyVisible, [75]
03-14 23:01:42.470 14953 14986 D Detox   : class com.wix.detox.espresso.DetoxAssertion, waitForAssertMatcher, [androidx.test.espresso.ViewInteraction@e4311cd, (view has effective visibility <VISIBLE> and view.getGlobalVisibleRect() covers at least <75> percent of the view's area), 10.0]
03-14 23:01:42.475 14953 14953 I ViewInteraction: Checking 'MatchesViewAssertion(Detox){viewMatcher=(view has effective visibility <VISIBLE> and view.getGlobalVisibleRect() covers at least <75> percent of the view's area)}' assertion on view (view.getTag() is "dashboard-view-transactions-button" and view has effective visibility <VISIBLE>)
03-14 23:01:42.503 14953 14953 I ViewInteraction: Checking 'MatchesViewAssertion(Detox){viewMatcher=(view has effective visibility <VISIBLE> and view.getGlobalVisibleRect() covers at least <75> percent of the view's area)}' assertion on view (view.getTag() is "dashboard-view-transactions-button" and view has effective visibility <VISIBLE>)
03-14 23:01:42.539 14953 14953 I ViewInteraction: Checking 'MatchesViewAssertion(Detox){viewMatcher=(view has effective visibility <VISIBLE> and view.getGlobalVisibleRect() covers at least <75> percent of the view's area)}' assertion on view (view.getTag() is "dashboard-view-transactions-button" and view has effective visibility <VISIBLE>)
03-14 23:01:42.576 14953 14953 I ViewInteraction: Checking 'MatchesViewAssertion(Detox){viewMatcher=(view has effective visibility <VISIBLE> and view.getGlobalVisibleRect() covers at least <75> percent of the view's area)}' assertion on view (view.getTag() is "dashboard-view-transactions-button" and view has effective visibility <VISIBLE>)
03-14 23:01:42.607 14953 14953 I ViewInteraction: Checking 'MatchesViewAssertion(Detox){viewMatcher=(view has effective visibility <VISIBLE> and view.getGlobalVisibleRect() covers at least <75> percent of the view's area)}' assertion on view (view.getTag() is "dashboard-view-transactions-button" and view has effective visibility <VISIBLE>)
03-14 23:01:42.638 14953 14953 I ViewInteraction: Checking 'MatchesViewAssertion(Detox){viewMatcher=(view has effective visibility <VISIBLE> and view.getGlobalVisibleRect() covers at least <75> percent of the view's area)}' assertion on view (view.getTag() is "dashboard-view-transactions-button" and view has effective visibility <VISIBLE>)
03-14 23:01:42.673 14953 14953 I ViewInteraction: Checking 'MatchesViewAssertion(Detox){viewMatcher=(view has effective visibility <VISIBLE> and view.getGlobalVisibleRect() covers at least <75> percent of the view's area)}' assertion on view (view.getTag() is "dashboard-view-transactions-button" and view has effective visibility <VISIBLE>)
03-14 23:01:42.710 14953 14953 I ViewInteraction: Checking 'MatchesViewAssertion(Detox){viewMatcher=(view has effective visibility <VISIBLE> and view.getGlobalVisibleRect() covers at least <75> percent of the view's area)}' assertion on view (view.getTag() is "dashboard-view-transactions-button" and view has effective visibility <VISIBLE>)
03-14 23:01:42.735 14953 14953 I ViewInteraction: Checking 'MatchesViewAssertion(Detox){viewMatcher=(view has effective visibility <VISIBLE> and view.getGlobalVisibleRect() covers at least <75> percent of the view's area)}' assertion on view (view.getTag() is "dashboard-view-transactions-button" and view has effective visibility <VISIBLE>)
03-14 23:01:42.761 14953 14953 I ViewInteraction: Checking 'MatchesViewAssertion(Detox){viewMatcher=(view has effective visibility <VISIBLE> and view.getGlobalVisibleRect() covers at least <75> percent of the view's area)}' assertion on view (view.getTag() is "dashboard-view-transactions-button" and view has effective visibility <VISIBLE>)
03-14 23:01:42.786 14953 14953 I ViewInteraction: Checking 'MatchesViewAssertion(Detox){viewMatcher=(view has effective visibility <VISIBLE> and view.getGlobalVisibleRect() covers at least <75> percent of the view's area)}' assertion on view (view.getTag() is "dashboard-view-transactions-button" and view has effective visibility <VISIBLE>)
03-14 23:01:42.811 14953 14953 I ViewInteraction: Checking 'MatchesViewAssertion(Detox){viewMatcher=(view has effective visibility <VISIBLE> and view.getGlobalVisibleRect() covers at least <75> percent of the view's area)}' assertion on view (view.getTag() is "dashboard-view-transactions-button" and view has effective visibility <VISIBLE>)
03-14 23:01:42.868 14953 14953 I ViewInteraction: Checking 'MatchesViewAssertion(Detox){viewMatcher=(view has effective visibility <VISIBLE> and view.getGlobalVisibleRect() covers at least <75> percent of the view's area)}' assertion on view (view.getTag() is "dashboard-view-transactions-button" and view has effective visibility <VISIBLE>)
03-14 23:01:42.868 14953 15009 D TrafficStats: tagSocket(131) with statsTag=0xffffffff, statsUid=-1
03-14 23:01:42.894 14953 14953 I ViewInteraction: Checking 'MatchesViewAssertion(Detox){viewMatcher=(view has effective visibility <VISIBLE> and view.getGlobalVisibleRect() covers at least <75> percent of the view's area)}' assertion on view (view.getTag() is "dashboard-view-transactions-button" and view has effective visibility <VISIBLE>)
03-14 23:01:42.918 14953 14953 I ViewInteraction: Checking 'MatchesViewAssertion(Detox){viewMatcher=(view has effective visibility <VISIBLE> and view.getGlobalVisibleRect() covers at least <75> percent of the view's area)}' assertion on view (view.getTag() is "dashboard-view-transactions-button" and view has effective visibility <VISIBLE>)
03-14 23:01:42.944 14953 14953 I ViewInteraction: Checking 'MatchesViewAssertion(Detox){viewMatcher=(view has effective visibility <VISIBLE> and view.getGlobalVisibleRect() covers at least <75> percent of the view's area)}' assertion on view (view.getTag() is "dashboard-view-transactions-button" and view has effective visibility <VISIBLE>)
03-14 23:01:42.969 14953 14953 I ViewInteraction: Checking 'MatchesViewAssertion(Detox){viewMatcher=(view has effective visibility <VISIBLE> and view.getGlobalVisibleRect() covers at least <75> percent of the view's area)}' assertion on view (view.getTag() is "dashboard-view-transactions-button" and view has effective visibility <VISIBLE>)
03-14 23:01:42.994 14953 14953 I ViewInteraction: Checking 'MatchesViewAssertion(Detox){viewMatcher=(view has effective visibility <VISIBLE> and view.getGlobalVisibleRect() covers at least <75> percent of the view's area)}' assertion on view (view.getTag() is "dashboard-view-transactions-button" and view has effective visibility <VISIBLE>)
03-14 23:01:43.019 14953 14953 I ViewInteraction: Checking 'MatchesViewAssertion(Detox){viewMatcher=(view has effective visibility <VISIBLE> and view.getGlobalVisibleRect() covers at least <75> percent of the view's area)}' assertion on view (view.getTag() is "dashboard-view-transactions-button" and view has effective visibility <VISIBLE>)
03-14 23:01:43.048 14953 14953 I ViewInteraction: Checking 'MatchesViewAssertion(Detox){viewMatcher=(view has effective visibility <VISIBLE> and view.getGlobalVisibleRect() covers at least <75> percent of the view's area)}' assertion on view (view.getTag() is "dashboard-view-transactions-button" and view has effective visibility <VISIBLE>)
03-14 23:01:43.078 14953 14953 I ViewInteraction: Checking 'MatchesViewAssertion(Detox){viewMatcher=(view has effective visibility <VISIBLE> and view.getGlobalVisibleRect() covers at least <75> percent of the view's area)}' assertion on view (view.getTag() is "dashboard-view-transactions-button" and view has effective visibility <VISIBLE>)
03-14 23:01:43.104 14953 14953 I ViewInteraction: Checking 'MatchesViewAssertion(Detox){viewMatcher=(view has effective visibility <VISIBLE> and view.getGlobalVisibleRect() covers at least <75> percent of the view's area)}' assertion on view (view.getTag() is "dashboard-view-transactions-button" and view has effective visibility <VISIBLE>)
03-14 23:01:43.132 14953 14953 I ViewInteraction: Checking 'MatchesViewAssertion(Detox){viewMatcher=(view has effective visibility <VISIBLE> and view.getGlobalVisibleRect() covers at least <75> percent of the view's area)}' assertion on view (view.getTag() is "dashboard-view-transactions-button" and view has effective visibility <VISIBLE>)
03-14 23:01:43.158 14953 14953 I ViewInteraction: Checking 'MatchesViewAssertion(Detox){viewMatcher=(view has effective visibility <VISIBLE> and view.getGlobalVisibleRect() covers at least <75> percent of the view's area)}' assertion on view (view.getTag() is "dashboard-view-transactions-button" and view has effective visibility <VISIBLE>)
03-14 23:01:43.183 14953 14953 I ViewInteraction: Checking 'MatchesViewAssertion(Detox){viewMatcher=(view has effective visibility <VISIBLE> and view.getGlobalVisibleRect() covers at least <75> percent of the view's area)}' assertion on view (view.getTag() is "dashboard-view-transactions-button" and view has effective visibility <VISIBLE>)
03-14 23:01:43.208 14953 14953 I ViewInteraction: Checking 'MatchesViewAssertion(Detox){viewMatcher=(view has effective visibility <VISIBLE> and view.getGlobalVisibleRect() covers at least <75> percent of the view's area)}' assertion on view (view.getTag() is "dashboard-view-transactions-button" and view has effective visibility <VISIBLE>)
03-14 23:01:43.272 14953 14953 I ViewInteraction: Checking 'MatchesViewAssertion(Detox){viewMatcher=(view has effective visibility <VISIBLE> and view.getGlobalVisibleRect() covers at least <75> percent of the view's area)}' assertion on view (view.getTag() is "dashboard-view-transactions-button" and view has effective visibility <VISIBLE>)
03-14 23:01:43.296 14953 14953 I ViewInteraction: Checking 'MatchesViewAssertion(Detox){viewMatcher=(view has effective visibility <VISIBLE> and view.getGlobalVisibleRect() covers at least <75> percent of the view's area)}' assertion on view (view.getTag() is "dashboard-view-transactions-button" and view has effective visibility <VISIBLE>)
03-14 23:01:43.334 14953 15020 D TrafficStats: tagSocket(131) with statsTag=0xffffffff, statsUid=-1
03-14 23:01:43.334 14953 14953 I ViewInteraction: Checking 'MatchesViewAssertion(Detox){viewMatcher=(view has effective visibility <VISIBLE> and view.getGlobalVisibleRect() covers at least <75> percent of the view's area)}' assertion on view (view.getTag() is "dashboard-view-transactions-button" and view has effective visibility <VISIBLE>)
03-14 23:01:43.334 14953 14961 I .studentfinance: Background concurrent mark compact GC freed 34MB AllocSpace bytes, 34(1876KB) LOS objects, 49% free, 11MB/22MB, paused 459us,12.444ms total 255.215ms
03-14 23:01:43.358 14953 14953 I ViewInteraction: Checking 'MatchesViewAssertion(Detox){viewMatcher=(view has effective visibility <VISIBLE> and view.getGlobalVisibleRect() covers at least <75> percent of the view's area)}' assertion on view (view.getTag() is "dashboard-view-transactions-button" and view has effective visibility <VISIBLE>)
03-14 23:01:43.383 14953 14953 I ViewInteraction: Checking 'MatchesViewAssertion(Detox){viewMatcher=(view has effective visibility <VISIBLE> and view.getGlobalVisibleRect() covers at least <75> percent of the view's area)}' assertion on view (view.getTag() is "dashboard-view-transactions-button" and view has effective visibility <VISIBLE>)
03-14 23:01:43.407 14953 14953 I ViewInteraction: Checking 'MatchesViewAssertion(Detox){viewMatcher=(view has effective visibility <VISIBLE> and view.getGlobalVisibleRect() covers at least <75> percent of the view's area)}' assertion on view (view.getTag() is "dashboard-view-transactions-button" and view has effective visibility <VISIBLE>)
03-14 23:01:43.431 14953 14953 I ViewInteraction: Checking 'MatchesViewAssertion(Detox){viewMatcher=(view has effective visibility <VISIBLE> and view.getGlobalVisibleRect() covers at least <75> percent of the view's area)}' assertion on view (view.getTag() is "dashboard-view-transactions-button" and view has effective visibility <VISIBLE>)
03-14 23:01:43.455 14953 14953 I ViewInteraction: Checking 'MatchesViewAssertion(Detox){viewMatcher=(view has effective visibility <VISIBLE> and view.getGlobalVisibleRect() covers at least <75> percent of the view's area)}' assertion on view (view.getTag() is "dashboard-view-transactions-button" and view has effective visibility <VISIBLE>)
03-14 23:01:43.480 14953 14953 I ViewInteraction: Checking 'MatchesViewAssertion(Detox){viewMatcher=(view has effective visibility <VISIBLE> and view.getGlobalVisibleRect() covers at least <75> percent of the view's area)}' assertion on view (view.getTag() is "dashboard-view-transactions-button" and view has effective visibility <VISIBLE>)
03-14 23:01:43.506 14953 14953 I ViewInteraction: Checking 'MatchesViewAssertion(Detox){viewMatcher=(view has effective visibility <VISIBLE> and view.getGlobalVisibleRect() covers at least <75> percent of the view's area)}' assertion on view (view.getTag() is "dashboard-view-transactions-button" and view has effective visibility <VISIBLE>)
03-14 23:01:43.536 14953 14953 I ViewInteraction: Checking 'MatchesViewAssertion(Detox){viewMatcher=(view has effective visibility <VISIBLE> and view.getGlobalVisibleRect() covers at least <75> percent of the view's area)}' assertion on view (view.getTag() is "dashboard-view-transactions-button" and view has effective visibility <VISIBLE>)
03-14 23:01:43.564 14953 14953 I ViewInteraction: Checking 'MatchesViewAssertion(Detox){viewMatcher=(view has effective visibility <VISIBLE> and view.getGlobalVisibleRect() covers at least <75> percent of the view's area)}' assertion on view (view.getTag() is "dashboard-view-transactions-button" and view has effective visibility <VISIBLE>)
03-14 23:01:43.595 14953 14953 I ViewInteraction: Checking 'MatchesViewAssertion(Detox){viewMatcher=(view has effective visibility <VISIBLE> and view.getGlobalVisibleRect() covers at least <75> percent of the view's area)}' assertion on view (view.getTag() is "dashboard-view-transactions-button" and view has effective visibility <VISIBLE>)
03-14 23:01:43.626 14953 14953 I ViewInteraction: Checking 'MatchesViewAssertion(Detox){viewMatcher=(view has effective visibility <VISIBLE> and view.getGlobalVisibleRect() covers at least <75> percent of the view's area)}' assertion on view (view.getTag() is "dashboard-view-transactions-button" and view has effective visibility <VISIBLE>)
03-14 23:01:43.653 14953 14953 I ViewInteraction: Checking 'MatchesViewAssertion(Detox){viewMatcher=(view has effective visibility <VISIBLE> and view.getGlobalVisibleRect() covers at least <75> percent of the view's area)}' assertion on view (view.getTag() is "dashboard-view-transactions-button" and view has effective visibility <VISIBLE>)
03-14 23:01:43.681 14953 14953 I ViewInteraction: Checking 'MatchesViewAssertion(Detox){viewMatcher=(view has effective visibility <VISIBLE> and view.getGlobalVisibleRect() covers at least <75> percent of the view's area)}' assertion on view (view.getTag() is "dashboard-view-transactions-button" and view has effective visibility <VISIBLE>)
03-14 23:01:43.707 14953 14953 I ViewInteraction: Checking 'MatchesViewAssertion(Detox){viewMatcher=(view has effective visibility <VISIBLE> and view.getGlobalVisibleRect() covers at least <75> percent of the view's area)}' assertion on view (view.getTag() is "dashboard-view-transactions-button" and view has effective visibility <VISIBLE>)
03-14 23:01:43.734 14953 14953 I ViewInteraction: Checking 'MatchesViewAssertion(Detox){viewMatcher=(view has effective visibility <VISIBLE> and view.getGlobalVisibleRect() covers at least <75> percent of the view's area)}' assertion on view (view.getTag() is "dashboard-view-transactions-button" and view has effective visibility <VISIBLE>)
03-14 23:01:43.761 14953 14953 I ViewInteraction: Checking 'MatchesViewAssertion(Detox){viewMatcher=(view has effective visibility <VISIBLE> and view.getGlobalVisibleRect() covers at least <75> percent of the view's area)}' assertion on view (view.getTag() is "dashboard-view-transactions-button" and view has effective visibility <VISIBLE>)
03-14 23:01:43.788 14953 14953 I ViewInteraction: Checking 'MatchesViewAssertion(Detox){viewMatcher=(view has effective visibility <VISIBLE> and view.getGlobalVisibleRect() covers at least <75> percent of the view's area)}' assertion on view (view.getTag() is "dashboard-view-transactions-button" and view has effective visibility <VISIBLE>)
03-14 23:01:43.818 14953 14953 I ViewInteraction: Checking 'MatchesViewAssertion(Detox){viewMatcher=(view has effective visibility <VISIBLE> and view.getGlobalVisibleRect() covers at least <75> percent of the view's area)}' assertion on view (view.getTag() is "dashboard-view-transactions-button" and view has effective visibility <VISIBLE>)
03-14 23:01:43.846 14953 14953 I ViewInteraction: Checking 'MatchesViewAssertion(Detox){viewMatcher=(view has effective visibility <VISIBLE> and view.getGlobalVisibleRect() covers at least <75> percent of the view's area)}' assertion on view (view.getTag() is "dashboard-view-transactions-button" and view has effective visibility <VISIBLE>)
03-14 23:01:43.872 14953 14953 I ViewInteraction: Checking 'MatchesViewAssertion(Detox){viewMatcher=(view has effective visibility <VISIBLE> and view.getGlobalVisibleRect() covers at least <75> percent of the view's area)}' assertion on view (view.getTag() is "dashboard-view-transactions-button" and view has effective visibility <VISIBLE>)
03-14 23:01:43.897 14953 14953 I ViewInteraction: Checking 'MatchesViewAssertion(Detox){viewMatcher=(view has effective visibility <VISIBLE> and view.getGlobalVisibleRect() covers at least <75> percent of the view's area)}' assertion on view (view.getTag() is "dashboard-view-transactions-button" and view has effective visibility <VISIBLE>)
03-14 23:01:43.919 14953 14953 I ViewInteraction: Checking 'MatchesViewAssertion(Detox){viewMatcher=(view has effective visibility <VISIBLE> and view.getGlobalVisibleRect() covers at least <75> percent of the view's area)}' assertion on view (view.getTag() is "dashboard-view-transactions-button" and view has effective visibility <VISIBLE>)
03-14 23:01:43.944 14953 14953 I ViewInteraction: Checking 'MatchesViewAssertion(Detox){viewMatcher=(view has effective visibility <VISIBLE> and view.getGlobalVisibleRect() covers at least <75> percent of the view's area)}' assertion on view (view.getTag() is "dashboard-view-transactions-button" and view has effective visibility <VISIBLE>)
03-14 23:01:43.968 14953 14953 I ViewInteraction: Checking 'MatchesViewAssertion(Detox){viewMatcher=(view has effective visibility <VISIBLE> and view.getGlobalVisibleRect() covers at least <75> percent of the view's area)}' assertion on view (view.getTag() is "dashboard-view-transactions-button" and view has effective visibility <VISIBLE>)
03-14 23:01:43.991 14953 14953 I ViewInteraction: Checking 'MatchesViewAssertion(Detox){viewMatcher=(view has effective visibility <VISIBLE> and view.getGlobalVisibleRect() covers at least <75> percent of the view's area)}' assertion on view (view.getTag() is "dashboard-view-transactions-button" and view has effective visibility <VISIBLE>)
03-14 23:01:44.015 14953 14953 I ViewInteraction: Checking 'MatchesViewAssertion(Detox){viewMatcher=(view has effective visibility <VISIBLE> and view.getGlobalVisibleRect() covers at least <75> percent of the view's area)}' assertion on view (view.getTag() is "dashboard-view-transactions-button" and view has effective visibility <VISIBLE>)
03-14 23:01:44.039 14953 14953 I ViewInteraction: Checking 'MatchesViewAssertion(Detox){viewMatcher=(view has effective visibility <VISIBLE> and view.getGlobalVisibleRect() covers at least <75> percent of the view's area)}' assertion on view (view.getTag() is "dashboard-view-transactions-button" and view has effective visibility <VISIBLE>)
03-14 23:01:44.064 14953 14953 I ViewInteraction: Checking 'MatchesViewAssertion(Detox){viewMatcher=(view has effective visibility <VISIBLE> and view.getGlobalVisibleRect() covers at least <75> percent of the view's area)}' assertion on view (view.getTag() is "dashboard-view-transactions-button" and view has effective visibility <VISIBLE>)
03-14 23:01:44.089 14953 14953 I ViewInteraction: Checking 'MatchesViewAssertion(Detox){viewMatcher=(view has effective visibility <VISIBLE> and view.getGlobalVisibleRect() covers at least <75> percent of the view's area)}' assertion on view (view.getTag() is "dashboard-view-transactions-button" and view has effective visibility <VISIBLE>)
03-14 23:01:44.113 14953 14953 I ViewInteraction: Checking 'MatchesViewAssertion(Detox){viewMatcher=(view has effective visibility <VISIBLE> and view.getGlobalVisibleRect() covers at least <75> percent of the view's area)}' assertion on view (view.getTag() is "dashboard-view-transactions-button" and view has effective visibility <VISIBLE>)
03-14 23:01:44.137 14953 14953 I ViewInteraction: Checking 'MatchesViewAssertion(Detox){viewMatcher=(view has effective visibility <VISIBLE> and view.getGlobalVisibleRect() covers at least <75> percent of the view's area)}' assertion on view (view.getTag() is "dashboard-view-transactions-button" and view has effective visibility <VISIBLE>)
03-14 23:01:44.160 14953 14953 I ViewInteraction: Checking 'MatchesViewAssertion(Detox){viewMatcher=(view has effective visibility <VISIBLE> and view.getGlobalVisibleRect() covers at least <75> percent of the view's area)}' assertion on view (view.getTag() is "dashboard-view-transactions-button" and view has effective visibility <VISIBLE>)
03-14 23:01:44.183 14953 14953 I ViewInteraction: Checking 'MatchesViewAssertion(Detox){viewMatcher=(view has effective visibility <VISIBLE> and view.getGlobalVisibleRect() covers at least <75> percent of the view's area)}' assertion on view (view.getTag() is "dashboard-view-transactions-button" and view has effective visibility <VISIBLE>)
03-14 23:01:44.208 14953 14953 I ViewInteraction: Checking 'MatchesViewAssertion(Detox){viewMatcher=(view has effective visibility <VISIBLE> and view.getGlobalVisibleRect() covers at least <75> percent of the view's area)}' assertion on view (view.getTag() is "dashboard-view-transactions-button" and view has effective visibility <VISIBLE>)
03-14 23:01:44.235 14953 14953 I ViewInteraction: Checking 'MatchesViewAssertion(Detox){viewMatcher=(view has effective visibility <VISIBLE> and view.getGlobalVisibleRect() covers at least <75> percent of the view's area)}' assertion on view (view.getTag() is "dashboard-view-transactions-button" and view has effective visibility <VISIBLE>)
03-14 23:01:44.261 14953 14953 I ViewInteraction: Checking 'MatchesViewAssertion(Detox){viewMatcher=(view has effective visibility <VISIBLE> and view.getGlobalVisibleRect() covers at least <75> percent of the view's area)}' assertion on view (view.getTag() is "dashboard-view-transactions-button" and view has effective visibility <VISIBLE>)
03-14 23:01:44.286 14953 14953 I ViewInteraction: Checking 'MatchesViewAssertion(Detox){viewMatcher=(view has effective visibility <VISIBLE> and view.getGlobalVisibleRect() covers at least <75> percent of the view's area)}' assertion on view (view.getTag() is "dashboard-view-transactions-button" and view has effective visibility <VISIBLE>)
03-14 23:01:44.309 14953 14953 I ViewInteraction: Checking 'MatchesViewAssertion(Detox){viewMatcher=(view has effective visibility <VISIBLE> and view.getGlobalVisibleRect() covers at least <75> percent of the view's area)}' assertion on view (view.getTag() is "dashboard-view-transactions-button" and view has effective visibility <VISIBLE>)
03-14 23:01:44.334 14953 14953 I ViewInteraction: Checking 'MatchesViewAssertion(Detox){viewMatcher=(view has effective visibility <VISIBLE> and view.getGlobalVisibleRect() covers at least <75> percent of the view's area)}' assertion on view (view.getTag() is "dashboard-view-transactions-button" and view has effective visibility <VISIBLE>)
03-14 23:01:44.358 14953 14953 I ViewInteraction: Checking 'MatchesViewAssertion(Detox){viewMatcher=(view has effective visibility <VISIBLE> and view.getGlobalVisibleRect() covers at least <75> percent of the view's area)}' assertion on view (view.getTag() is "dashboard-view-transactions-button" and view has effective visibility <VISIBLE>)
03-14 23:01:44.381 14953 14953 I ViewInteraction: Checking 'MatchesViewAssertion(Detox){viewMatcher=(view has effective visibility <VISIBLE> and view.getGlobalVisibleRect() covers at least <75> percent of the view's area)}' assertion on view (view.getTag() is "dashboard-view-transactions-button" and view has effective visibility <VISIBLE>)
03-14 23:01:44.404 14953 14953 I ViewInteraction: Checking 'MatchesViewAssertion(Detox){viewMatcher=(view has effective visibility <VISIBLE> and view.getGlobalVisibleRect() covers at least <75> percent of the view's area)}' assertion on view (view.getTag() is "dashboard-view-transactions-button" and view has effective visibility <VISIBLE>)
03-14 23:01:44.427 14953 14953 I ViewInteraction: Checking 'MatchesViewAssertion(Detox){viewMatcher=(view has effective visibility <VISIBLE> and view.getGlobalVisibleRect() covers at least <75> percent of the view's area)}' assertion on view (view.getTag() is "dashboard-view-transactions-button" and view has effective visibility <VISIBLE>)
03-14 23:01:44.450 14953 14953 I ViewInteraction: Checking 'MatchesViewAssertion(Detox){viewMatcher=(view has effective visibility <VISIBLE> and view.getGlobalVisibleRect() covers at least <75> percent of the view's area)}' assertion on view (view.getTag() is "dashboard-view-transactions-button" and view has effective visibility <VISIBLE>)
03-14 23:01:44.473 14953 14953 I ViewInteraction: Checking 'MatchesViewAssertion(Detox){viewMatcher=(view has effective visibility <VISIBLE> and view.getGlobalVisibleRect() covers at least <75> percent of the view's area)}' assertion on view (view.getTag() is "dashboard-view-transactions-button" and view has effective visibility <VISIBLE>)
03-14 23:01:44.496 14953 14953 I ViewInteraction: Checking 'MatchesViewAssertion(Detox){viewMatcher=(view has effective visibility <VISIBLE> and view.getGlobalVisibleRect() covers at least <75> percent of the view's area)}' assertion on view (view.getTag() is "dashboard-view-transactions-button" and view has effective visibility <VISIBLE>)
03-14 23:01:44.519 14953 14953 I ViewInteraction: Checking 'MatchesViewAssertion(Detox){viewMatcher=(view has effective visibility <VISIBLE> and view.getGlobalVisibleRect() covers at least <75> percent of the view's area)}' assertion on view (view.getTag() is "dashboard-view-transactions-button" and view has effective visibility <VISIBLE>)
03-14 23:01:44.543 14953 14953 I ViewInteraction: Checking 'MatchesViewAssertion(Detox){viewMatcher=(view has effective visibility <VISIBLE> and view.getGlobalVisibleRect() covers at least <75> percent of the view's area)}' assertion on view (view.getTag() is "dashboard-view-transactions-button" and view has effective visibility <VISIBLE>)
03-14 23:01:44.566 14953 14953 I ViewInteraction: Checking 'MatchesViewAssertion(Detox){viewMatcher=(view has effective visibility <VISIBLE> and view.getGlobalVisibleRect() covers at least <75> percent of the view's area)}' assertion on view (view.getTag() is "dashboard-view-transactions-button" and view has effective visibility <VISIBLE>)
03-14 23:01:44.590 14953 14953 I ViewInteraction: Checking 'MatchesViewAssertion(Detox){viewMatcher=(view has effective visibility <VISIBLE> and view.getGlobalVisibleRect() covers at least <75> percent of the view's area)}' assertion on view (view.getTag() is "dashboard-view-transactions-button" and view has effective visibility <VISIBLE>)
03-14 23:01:44.614 14953 14953 I ViewInteraction: Checking 'MatchesViewAssertion(Detox){viewMatcher=(view has effective visibility <VISIBLE> and view.getGlobalVisibleRect() covers at least <75> percent of the view's area)}' assertion on view (view.getTag() is "dashboard-view-transactions-button" and view has effective visibility <VISIBLE>)
03-14 23:01:44.638 14953 14953 I ViewInteraction: Checking 'MatchesViewAssertion(Detox){viewMatcher=(view has effective visibility <VISIBLE> and view.getGlobalVisibleRect() covers at least <75> percent of the view's area)}' assertion on view (view.getTag() is "dashboard-view-transactions-button" and view has effective visibility <VISIBLE>)
03-14 23:01:44.662 14953 14953 I ViewInteraction: Checking 'MatchesViewAssertion(Detox){viewMatcher=(view has effective visibility <VISIBLE> and view.getGlobalVisibleRect() covers at least <75> percent of the view's area)}' assertion on view (view.getTag() is "dashboard-view-transactions-button" and view has effective visibility <VISIBLE>)
03-14 23:01:44.684 14953 14953 I ViewInteraction: Checking 'MatchesViewAssertion(Detox){viewMatcher=(view has effective visibility <VISIBLE> and view.getGlobalVisibleRect() covers at least <75> percent of the view's area)}' assertion on view (view.getTag() is "dashboard-view-transactions-button" and view has effective visibility <VISIBLE>)
03-14 23:01:44.707 14953 14953 I ViewInteraction: Checking 'MatchesViewAssertion(Detox){viewMatcher=(view has effective visibility <VISIBLE> and view.getGlobalVisibleRect() covers at least <75> percent of the view's area)}' assertion on view (view.getTag() is "dashboard-view-transactions-button" and view has effective visibility <VISIBLE>)
03-14 23:01:44.730 14953 14953 I ViewInteraction: Checking 'MatchesViewAssertion(Detox){viewMatcher=(view has effective visibility <VISIBLE> and view.getGlobalVisibleRect() covers at least <75> percent of the view's area)}' assertion on view (view.getTag() is "dashboard-view-transactions-button" and view has effective visibility <VISIBLE>)
03-14 23:01:44.753 14953 14953 I ViewInteraction: Checking 'MatchesViewAssertion(Detox){viewMatcher=(view has effective visibility <VISIBLE> and view.getGlobalVisibleRect() covers at least <75> percent of the view's area)}' assertion on view (view.getTag() is "dashboard-view-transactions-button" and view has effective visibility <VISIBLE>)
03-14 23:01:44.776 14953 14953 I ViewInteraction: Checking 'MatchesViewAssertion(Detox){viewMatcher=(view has effective visibility <VISIBLE> and view.getGlobalVisibleRect() covers at least <75> percent of the view's area)}' assertion on view (view.getTag() is "dashboard-view-transactions-button" and view has effective visibility <VISIBLE>)
03-14 23:01:44.799 14953 14953 I ViewInteraction: Checking 'MatchesViewAssertion(Detox){viewMatcher=(view has effective visibility <VISIBLE> and view.getGlobalVisibleRect() covers at least <75> percent of the view's area)}' assertion on view (view.getTag() is "dashboard-view-transactions-button" and view has effective visibility <VISIBLE>)
03-14 23:01:44.823 14953 14953 I ViewInteraction: Checking 'MatchesViewAssertion(Detox){viewMatcher=(view has effective visibility <VISIBLE> and view.getGlobalVisibleRect() covers at least <75> percent of the view's area)}' assertion on view (view.getTag() is "dashboard-view-transactions-button" and view has effective visibility <VISIBLE>)
03-14 23:01:44.848 14953 14953 I ViewInteraction: Checking 'MatchesViewAssertion(Detox){viewMatcher=(view has effective visibility <VISIBLE> and view.getGlobalVisibleRect() covers at least <75> percent of the view's area)}' assertion on view (view.getTag() is "dashboard-view-transactions-button" and view has effective visibility <VISIBLE>)
03-14 23:01:44.880 14953 15009 D TrafficStats: tagSocket(6) with statsTag=0xffffffff, statsUid=-1
03-14 23:01:44.880 14953 14953 I ViewInteraction: Checking 'MatchesViewAssertion(Detox){viewMatcher=(view has effective visibility <VISIBLE> and view.getGlobalVisibleRect() covers at least <75> percent of the view's area)}' assertion on view (view.getTag() is "dashboard-view-transactions-button" and view has effective visibility <VISIBLE>)
03-14 23:01:44.905 14953 14953 I ViewInteraction: Checking 'MatchesViewAssertion(Detox){viewMatcher=(view has effective visibility <VISIBLE> and view.getGlobalVisibleRect() covers at least <75> percent of the view's area)}' assertion on view (view.getTag() is "dashboard-view-transactions-button" and view has effective visibility <VISIBLE>)
03-14 23:01:44.929 14953 14953 I ViewInteraction: Checking 'MatchesViewAssertion(Detox){viewMatcher=(view has effective visibility <VISIBLE> and view.getGlobalVisibleRect() covers at least <75> percent of the view's area)}' assertion on view (view.getTag() is "dashboard-view-transactions-button" and view has effective visibility <VISIBLE>)
03-14 23:01:44.952 14953 14953 I ViewInteraction: Checking 'MatchesViewAssertion(Detox){viewMatcher=(view has effective visibility <VISIBLE> and view.getGlobalVisibleRect() covers at least <75> percent of the view's area)}' assertion on view (view.getTag() is "dashboard-view-transactions-button" and view has effective visibility <VISIBLE>)
03-14 23:01:44.975 14953 14953 I ViewInteraction: Checking 'MatchesViewAssertion(Detox){viewMatcher=(view has effective visibility <VISIBLE> and view.getGlobalVisibleRect() covers at least <75> percent of the view's area)}' assertion on view (view.getTag() is "dashboard-view-transactions-button" and view has effective visibility <VISIBLE>)
