--------- beginning of main
03-14 21:39:21.010  4924  4924 D nativeloader: Configuring clns-7 for other apk /system/framework/android.test.runner.jar:/system/framework/android.test.mock.jar:/system/framework/android.test.base.jar:/data/app/~~DD5elgm9mcOFK0_H-_a6ow==/com.mcfuzzysquirrel.studentfinance.test-Ms7lN0u_wKRforhkRFe3gA==/base.apk:/data/app/~~scjPbjJXZ2ym5aXx67G3IQ==/com.mcfuzzysquirrel.studentfinance-79RVhMCqAkf2H_7OaznFCg==/base.apk. target_sdk_version=36, uses_libraries=, library_path=/data/app/~~DD5elgm9mcOFK0_H-_a6ow==/com.mcfuzzysquirrel.studentfinance.test-Ms7lN0u_wKRforhkRFe3gA==/lib/x86_64:/data/app/~~scjPbjJXZ2ym5aXx67G3IQ==/com.mcfuzzysquirrel.studentfinance-79RVhMCqAkf2H_7OaznFCg==/lib/x86_64:/data/app/~~DD5elgm9mcOFK0_H-_a6ow==/com.mcfuzzysquirrel.studentfinance.test-Ms7lN0u_wKRforhkRFe3gA==/base.apk!/lib/x86_64:/data/app/~~scjPbjJXZ2ym5aXx67G3IQ==/com.mcfuzzysquirrel.studentfinance-79RVhMCqAkf2H_7OaznFCg==/base.apk!/lib/x86_64, permitted_path=/data:/mnt/expand:/data/user/0/com.mcfuzzysquirrel.studentfinance
03-14 21:39:21.024  4924  4924 V GraphicsEnvironment: Currently set values for:
03-14 21:39:21.024  4924  4924 V GraphicsEnvironment:   angle_gl_driver_selection_pkgs=[]
03-14 21:39:21.024  4924  4924 V GraphicsEnvironment:   angle_gl_driver_selection_values=[]
03-14 21:39:21.024  4924  4924 V GraphicsEnvironment: Global.Settings values are invalid: number of packages: 0, number of values: 0
03-14 21:39:21.024  4924  4924 V GraphicsEnvironment: Neither updatable production driver nor prerelease driver is supported.
03-14 21:39:21.036  4924  4924 D ApplicationLoaders: Returning zygote-cached class loader: /system/framework/android.test.base.jar
03-14 21:39:21.043  4924  4924 D nativeloader: Configuring clns-8 for other apk /system/framework/android.test.mock.jar. target_sdk_version=36, uses_libraries=ALL, library_path=/data/app/~~DD5elgm9mcOFK0_H-_a6ow==/com.mcfuzzysquirrel.studentfinance.test-Ms7lN0u_wKRforhkRFe3gA==/lib/x86_64:/data/app/~~scjPbjJXZ2ym5aXx67G3IQ==/com.mcfuzzysquirrel.studentfinance-79RVhMCqAkf2H_7OaznFCg==/lib/x86_64, permitted_path=/data:/mnt/expand
03-14 21:39:21.043  4924  4924 D ApplicationLoaders: Returning zygote-cached class loader: /system/framework/android.test.base.jar
03-14 21:39:21.066  4924  4924 D nativeloader: Configuring clns-9 for other apk /system/framework/android.test.runner.jar. target_sdk_version=36, uses_libraries=ALL, library_path=/data/app/~~DD5elgm9mcOFK0_H-_a6ow==/com.mcfuzzysquirrel.studentfinance.test-Ms7lN0u_wKRforhkRFe3gA==/lib/x86_64:/data/app/~~scjPbjJXZ2ym5aXx67G3IQ==/com.mcfuzzysquirrel.studentfinance-79RVhMCqAkf2H_7OaznFCg==/lib/x86_64, permitted_path=/data:/mnt/expand
03-14 21:39:21.086  4924  4924 W .studentfinance: ClassLoaderContext shared library size mismatch. Expected=2, found=3 (PCL[]{PCL[/system/framework/android.test.base.jar*724373495]#PCL[/system/framework/android.test.mock.jar*1452759902]} | PCL[]{PCL[/system/framework/android.test.base.jar*724373495]#PCL[/system/framework/android.test.mock.jar*1452759902]#PCL[/system/framework/android.test.runner.jar*2496447986]{PCL[/system/framework/android.test.base.jar*724373495]#PCL[/system/framework/android.test.mock.jar*1452759902]}};PCL[/system/framework/android.test.runner.jar*2496447986:/system/framework/android.test.mock.jar*1452759902:/system/framework/android.test.base.jar*724373495:/data/app/~~DD5elgm9mcOFK0_H-_a6ow==/com.mcfuzzysquirrel.studentfinance.test-Ms7lN0u_wKRforhkRFe3gA==/base.apk*3046124314:/data/app/~~scjPbjJXZ2ym5aXx67G3IQ==/com.mcfuzzysquirrel.studentfinance-79RVhMCqAkf2H_7OaznFCg==/base.apk*707418998])
03-14 21:39:21.092  4924  4924 W .studentfinance: ClassLoaderContext classpath size mismatch. expected=0, found=1 (PCL[] | PCL[/system/framework/android.test.runner.jar*2496447986]{PCL[/system/framework/android.test.base.jar*724373495]#PCL[/system/framework/android.test.mock.jar*1452759902]#PCL[/system/framework/android.test.runner.jar*2496447986]{PCL[/system/framework/android.test.base.jar*724373495]#PCL[/system/framework/android.test.mock.jar*1452759902]}};PCL[/system/framework/android.test.runner.jar*2496447986:/system/framework/android.test.mock.jar*1452759902:/system/framework/android.test.base.jar*724373495:/data/app/~~DD5elgm9mcOFK0_H-_a6ow==/com.mcfuzzysquirrel.studentfinance.test-Ms7lN0u_wKRforhkRFe3gA==/base.apk*3046124314:/data/app/~~scjPbjJXZ2ym5aXx67G3IQ==/com.mcfuzzysquirrel.studentfinance-79RVhMCqAkf2H_7OaznFCg==/base.apk*707418998])
03-14 21:39:21.100  4924  4924 W .studentfinance: ClassLoaderContext classpath size mismatch. expected=0, found=2 (PCL[] | PCL[/system/framework/android.test.runner.jar*2496447986:/system/framework/android.test.mock.jar*1452759902]{PCL[/system/framework/android.test.base.jar*724373495]#PCL[/system/framework/android.test.mock.jar*1452759902]#PCL[/system/framework/android.test.runner.jar*2496447986]{PCL[/system/framework/android.test.base.jar*724373495]#PCL[/system/framework/android.test.mock.jar*1452759902]}};PCL[/system/framework/android.test.runner.jar*2496447986:/system/framework/android.test.mock.jar*1452759902:/system/framework/android.test.base.jar*724373495:/data/app/~~DD5elgm9mcOFK0_H-_a6ow==/com.mcfuzzysquirrel.studentfinance.test-Ms7lN0u_wKRforhkRFe3gA==/base.apk*3046124314:/data/app/~~scjPbjJXZ2ym5aXx67G3IQ==/com.mcfuzzysquirrel.studentfinance-79RVhMCqAkf2H_7OaznFCg==/base.apk*707418998])
03-14 21:39:21.101  4924  4924 W ziparchive: Unable to open '/data/app/~~DD5elgm9mcOFK0_H-_a6ow==/com.mcfuzzysquirrel.studentfinance.test-Ms7lN0u_wKRforhkRFe3gA==/base.dm': No such file or directory
03-14 21:39:21.101  4924  4924 W ziparchive: Unable to open '/data/app/~~DD5elgm9mcOFK0_H-_a6ow==/com.mcfuzzysquirrel.studentfinance.test-Ms7lN0u_wKRforhkRFe3gA==/base.dm': No such file or directory
03-14 21:39:21.351  4924  4924 W ziparchive: Unable to open '/data/app/~~scjPbjJXZ2ym5aXx67G3IQ==/com.mcfuzzysquirrel.studentfinance-79RVhMCqAkf2H_7OaznFCg==/base.dm': No such file or directory
03-14 21:39:21.351  4924  4924 W ziparchive: Unable to open '/data/app/~~scjPbjJXZ2ym5aXx67G3IQ==/com.mcfuzzysquirrel.studentfinance-79RVhMCqAkf2H_7OaznFCg==/base.dm': No such file or directory
03-14 21:39:21.847  4924  4924 I AndroidJUnitRunner: newApplication com.mcfuzzysquirrel.studentfinance.MainApplication
03-14 21:39:21.992  4924  4924 I AndroidJUnitRunner: onCreate Bundle[mParcelledData.dataSize=240]
03-14 21:39:21.995  4924  4924 D AndroidJUnitRunner: Use the raw file system for managing file I/O.
03-14 21:39:22.121  4924  4924 V TestEventClient: No service name argument was given (testDiscoveryService, testRunEventService or orchestratorService)
03-14 21:39:22.124  4924  5017 D AndroidJUnitRunner: onStart is called.
03-14 21:39:22.127  4924  4924 W SoLoader: Initializing SoLoader: 0
03-14 21:39:22.129  4924  4924 W SoLoader: Recording new base apk path: /data/app/~~scjPbjJXZ2ym5aXx67G3IQ==/com.mcfuzzysquirrel.studentfinance-79RVhMCqAkf2H_7OaznFCg==/base.apk
03-14 21:39:22.129  4924  4924 W SoLoader: Previously recorded 0 base apk paths.
03-14 21:39:22.130  4924  4924 I SoLoader: Preparing SO source: DirectorySoSource[root = /vendor/lib64 flags = 2]
03-14 21:39:22.131  4924  4924 I SoLoader: Preparing SO source: DirectorySoSource[root = /system/lib64 flags = 2]
03-14 21:39:22.131  4924  4924 I SoLoader: Preparing SO source: DirectApkSoSource[root = [/data/app/~~scjPbjJXZ2ym5aXx67G3IQ==/com.mcfuzzysquirrel.studentfinance-79RVhMCqAkf2H_7OaznFCg==/base.apk!/lib/x86_64]]
03-14 21:39:22.159  4924  4924 I SoLoader: Preparing SO source: ApplicationSoSource[DirectorySoSource[root = /data/app/~~scjPbjJXZ2ym5aXx67G3IQ==/com.mcfuzzysquirrel.studentfinance-79RVhMCqAkf2H_7OaznFCg==/lib/x86_64 flags = 0]]
03-14 21:39:22.160  4924  4924 I SoLoader: init finish: 4 SO sources prepared
03-14 21:39:22.160  4924  4924 W SoLoader: SoLoader initialized: 8
03-14 21:39:22.206  4924  4924 D nativeloader: Load /data/app/~~scjPbjJXZ2ym5aXx67G3IQ==/com.mcfuzzysquirrel.studentfinance-79RVhMCqAkf2H_7OaznFCg==/base.apk!/lib/x86_64/libc++_shared.so using ns clns-7 from class loader (caller=/data/app/~~scjPbjJXZ2ym5aXx67G3IQ==/com.mcfuzzysquirrel.studentfinance-79RVhMCqAkf2H_7OaznFCg==/base.apk): ok
03-14 21:39:22.257  4924  4924 D nativeloader: Load /data/app/~~scjPbjJXZ2ym5aXx67G3IQ==/com.mcfuzzysquirrel.studentfinance-79RVhMCqAkf2H_7OaznFCg==/base.apk!/lib/x86_64/libjsi.so using ns clns-7 from class loader (caller=/data/app/~~scjPbjJXZ2ym5aXx67G3IQ==/com.mcfuzzysquirrel.studentfinance-79RVhMCqAkf2H_7OaznFCg==/base.apk): ok
03-14 21:39:22.273  4924  4924 D nativeloader: Load /data/app/~~scjPbjJXZ2ym5aXx67G3IQ==/com.mcfuzzysquirrel.studentfinance-79RVhMCqAkf2H_7OaznFCg==/base.apk!/lib/x86_64/libfbjni.so using ns clns-7 from class loader (caller=/data/app/~~scjPbjJXZ2ym5aXx67G3IQ==/com.mcfuzzysquirrel.studentfinance-79RVhMCqAkf2H_7OaznFCg==/base.apk): ok
03-14 21:39:22.284  4924  4924 D nativeloader: Load /data/app/~~scjPbjJXZ2ym5aXx67G3IQ==/com.mcfuzzysquirrel.studentfinance-79RVhMCqAkf2H_7OaznFCg==/base.apk!/lib/x86_64/libreactnative.so using ns clns-7 from class loader (caller=/data/app/~~scjPbjJXZ2ym5aXx67G3IQ==/com.mcfuzzysquirrel.studentfinance-79RVhMCqAkf2H_7OaznFCg==/base.apk): ok
03-14 21:39:22.285  4924  4924 D jni_lib_merge: Entering merged library JNI_OnLoad.
03-14 21:39:22.285  4924  4924 D jni_lib_merge: Preparing 12 pre-merged libs (including stub)
03-14 21:39:22.285  4924  4924 D jni_lib_merge: Preparing to register libfabricjni_so.  onload_func: 0x738c196f3730
03-14 21:39:22.285  4924  4924 D jni_lib_merge: Preparing to register libreact_devsupportjni_so.  onload_func: 0x738c198f0190
03-14 21:39:22.285  4924  4924 D jni_lib_merge: Preparing to register libreact_featureflagsjni_so.  onload_func: 0x738c19901910
03-14 21:39:22.285  4924  4924 D jni_lib_merge: Preparing to register libreact_newarchdefaults_so.  onload_func: 0x738c199a2d20
03-14 21:39:22.285  4924  4924 D jni_lib_merge: Preparing to register libreactnativeblob_so.  onload_func: 0x738c19bad2e0
03-14 21:39:22.285  4924  4924 D jni_lib_merge: Preparing to register libreactnativejni_so.  onload_func: 0x738c19bed770
03-14 21:39:22.285  4924  4924 D jni_lib_merge: Preparing to register libreactnativejni_common_so.  onload_func: 0x738c19bfd5d0
03-14 21:39:22.285  4924  4924 D jni_lib_merge: Preparing to register librninstance_so.  onload_func: 0x738c19c3a4c0
03-14 21:39:22.285  4924  4924 D jni_lib_merge: Preparing to register libturbomodulejsijni_so.  onload_func: 0x738c19d9bc00
03-14 21:39:22.285  4924  4924 D jni_lib_merge: Preparing to register libuimanagerjni_so.  onload_func: 0x738c19db3de0
03-14 21:39:22.285  4924  4924 D jni_lib_merge: Preparing to register libyoga_so.  onload_func: 0x738c19dc2d70
03-14 21:39:22.285  4924  4924 D jni_lib_merge: About to register 11 actual methods.
03-14 21:39:22.307  4924  4924 D nativeloader: Load /data/app/~~scjPbjJXZ2ym5aXx67G3IQ==/com.mcfuzzysquirrel.studentfinance-79RVhMCqAkf2H_7OaznFCg==/base.apk!/lib/x86_64/libreact_codegen_rnscreens.so using ns clns-7 from class loader (caller=/data/app/~~scjPbjJXZ2ym5aXx67G3IQ==/com.mcfuzzysquirrel.studentfinance-79RVhMCqAkf2H_7OaznFCg==/base.apk): ok
03-14 21:39:22.307  4924  4924 D jni_lib_merge: Entering merged library JNI_OnLoad.
03-14 21:39:22.307  4924  4924 D jni_lib_merge: Preparing 12 pre-merged libs (including stub)
03-14 21:39:22.307  4924  4924 D jni_lib_merge: Preparing to register libfabricjni_so.  onload_func: 0x738c196f3730
03-14 21:39:22.307  4924  4924 D jni_lib_merge: Preparing to register libreact_devsupportjni_so.  onload_func: 0x738c198f0190
03-14 21:39:22.307  4924  4924 D jni_lib_merge: Preparing to register libreact_featureflagsjni_so.  onload_func: 0x738c19901910
03-14 21:39:22.307  4924  4924 D jni_lib_merge: Preparing to register libreact_newarchdefaults_so.  onload_func: 0x738c199a2d20
03-14 21:39:22.307  4924  4924 D jni_lib_merge: Preparing to register libreactnativeblob_so.  onload_func: 0x738c19bad2e0
03-14 21:39:22.307  4924  4924 D jni_lib_merge: Preparing to register libreactnativejni_so.  onload_func: 0x738c19bed770
03-14 21:39:22.307  4924  4924 D jni_lib_merge: Preparing to register libreactnativejni_common_so.  onload_func: 0x738c19bfd5d0
03-14 21:39:22.307  4924  4924 D jni_lib_merge: Preparing to register librninstance_so.  onload_func: 0x738c19c3a4c0
03-14 21:39:22.307  4924  4924 D jni_lib_merge: Preparing to register libturbomodulejsijni_so.  onload_func: 0x738c19d9bc00
03-14 21:39:22.307  4924  4924 D jni_lib_merge: Preparing to register libuimanagerjni_so.  onload_func: 0x738c19db3de0
03-14 21:39:22.307  4924  4924 D jni_lib_merge: Preparing to register libyoga_so.  onload_func: 0x738c19dc2d70
03-14 21:39:22.307  4924  4924 D jni_lib_merge: About to register 11 actual methods.
03-14 21:39:22.317  4924  4924 D nativeloader: Load /data/app/~~scjPbjJXZ2ym5aXx67G3IQ==/com.mcfuzzysquirrel.studentfinance-79RVhMCqAkf2H_7OaznFCg==/base.apk!/lib/x86_64/libreact_codegen_rnsvg.so using ns clns-7 from class loader (caller=/data/app/~~scjPbjJXZ2ym5aXx67G3IQ==/com.mcfuzzysquirrel.studentfinance-79RVhMCqAkf2H_7OaznFCg==/base.apk): ok
03-14 21:39:22.317  4924  4924 D jni_lib_merge: Entering merged library JNI_OnLoad.
03-14 21:39:22.317  4924  4924 D jni_lib_merge: Preparing 12 pre-merged libs (including stub)
03-14 21:39:22.317  4924  4924 D jni_lib_merge: Preparing to register libfabricjni_so.  onload_func: 0x738c196f3730
03-14 21:39:22.317  4924  4924 D jni_lib_merge: Preparing to register libreact_devsupportjni_so.  onload_func: 0x738c198f0190
03-14 21:39:22.317  4924  4924 D jni_lib_merge: Preparing to register libreact_featureflagsjni_so.  onload_func: 0x738c19901910
03-14 21:39:22.317  4924  4924 D jni_lib_merge: Preparing to register libreact_newarchdefaults_so.  onload_func: 0x738c199a2d20
03-14 21:39:22.317  4924  4924 D jni_lib_merge: Preparing to register libreactnativeblob_so.  onload_func: 0x738c19bad2e0
03-14 21:39:22.317  4924  4924 D jni_lib_merge: Preparing to register libreactnativejni_so.  onload_func: 0x738c19bed770
03-14 21:39:22.317  4924  4924 D jni_lib_merge: Preparing to register libreactnativejni_common_so.  onload_func: 0x738c19bfd5d0
03-14 21:39:22.317  4924  4924 D jni_lib_merge: Preparing to register librninstance_so.  onload_func: 0x738c19c3a4c0
03-14 21:39:22.317  4924  4924 D jni_lib_merge: Preparing to register libturbomodulejsijni_so.  onload_func: 0x738c19d9bc00
03-14 21:39:22.317  4924  4924 D jni_lib_merge: Preparing to register libuimanagerjni_so.  onload_func: 0x738c19db3de0
03-14 21:39:22.317  4924  4924 D jni_lib_merge: Preparing to register libyoga_so.  onload_func: 0x738c19dc2d70
03-14 21:39:22.317  4924  4924 D jni_lib_merge: About to register 11 actual methods.
03-14 21:39:22.328  4924  4924 D nativeloader: Load /data/app/~~scjPbjJXZ2ym5aXx67G3IQ==/com.mcfuzzysquirrel.studentfinance-79RVhMCqAkf2H_7OaznFCg==/base.apk!/lib/x86_64/libreact_codegen_safeareacontext.so using ns clns-7 from class loader (caller=/data/app/~~scjPbjJXZ2ym5aXx67G3IQ==/com.mcfuzzysquirrel.studentfinance-79RVhMCqAkf2H_7OaznFCg==/base.apk): ok
03-14 21:39:22.335  4924  4924 D nativeloader: Load /data/app/~~scjPbjJXZ2ym5aXx67G3IQ==/com.mcfuzzysquirrel.studentfinance-79RVhMCqAkf2H_7OaznFCg==/base.apk!/lib/x86_64/libappmodules.so using ns clns-7 from class loader (caller=/data/app/~~scjPbjJXZ2ym5aXx67G3IQ==/com.mcfuzzysquirrel.studentfinance-79RVhMCqAkf2H_7OaznFCg==/base.apk): ok
03-14 21:39:22.459  4924  5017 I InstrConnection: Could not send broadcast or register receiver (isolatedProcess?)
03-14 21:39:22.463  4924  5017 D TestRequestBuilder: Using class path scanning to discover tests
03-14 21:39:22.463  4924  5017 I TestRequestBuilder: Scanning classpath to find tests in paths [/data/app/~~DD5elgm9mcOFK0_H-_a6ow==/com.mcfuzzysquirrel.studentfinance.test-Ms7lN0u_wKRforhkRFe3gA==/base.apk]
03-14 21:39:22.464  4924  5017 W .studentfinance: Opening an oat file without a class loader. Are you using the deprecated DexFile APIs?
03-14 21:39:23.160  4924  5017 I TestRunner: run started: 1 tests
03-14 21:39:23.161  4924  5017 I TestRunner: started: runDetoxTests(com.mcfuzzysquirrel.studentfinance.DetoxTest)
03-14 21:39:23.174  4924  5017 I Detox   : Detox server connection details: url=ws://localhost:37507, sessionId=2dd5bb86-51cd-00e4-6c1c-3f5b400fe5da
03-14 21:39:23.190  4924  5017 I Tracing : Tracer added: class androidx.test.platform.tracing.AndroidXTracer
03-14 21:39:23.212  4924  5017 W .studentfinance: Accessing hidden field Ljava/lang/reflect/Field;->accessFlags:I (unsupported, reflection, allowed)
03-14 21:39:23.219  4924  5017 I Detox   : Connecting to server...
03-14 21:39:23.219  4924  5017 I DetoxWSClient: At connectToServer
03-14 21:39:23.302  4924  5041 D TrafficStats: tagSocket(102) with statsTag=0xffffffff, statsUid=-1
03-14 21:39:23.331  4924  5041 D DetoxWSClient: At onOpen
03-14 21:39:23.331  4924  5041 I DetoxWSClient: Sending out action 'login' (ID #0)
03-14 21:39:23.332  4924  5041 I Detox   : Connected to server!
03-14 21:39:23.335  4924  5041 D DetoxWSClient: Received action 'loginSuccess' (ID #0, params={"testerConnected":true,"appConnected":true})
03-14 21:39:23.336  4924  5036 I DetoxDispatcher: Handling action 'loginSuccess' (ID #0)...
03-14 21:39:23.336  4924  5036 I DetoxDispatcher: Done with action 'loginSuccess'
03-14 21:39:23.337  4924  5017 I Detox   : Launching the tested activity!
03-14 21:39:23.378  4924  5041 D DetoxWSClient: Received action 'isReady' (ID #-1000, params={})
03-14 21:39:23.379  4924  5036 I DetoxDispatcher: Handling action 'isReady' (ID #-1000)...
03-14 21:39:23.952  4924  4924 D AppCompatDelegate: Checking for metadata for AppLocalesMetadataHolderService : Service not found
03-14 21:39:24.198  4924  4924 D LifecycleMonitor: Lifecycle status change: com.mcfuzzysquirrel.studentfinance.MainActivity@6629590 in: PRE_ON_CREATE
03-14 21:39:24.444  4924  4924 W unknown:BridgelessReact: ReactHost{0}.startSurface(surfaceId = 0): Schedule
03-14 21:39:24.444  4924  4924 W unknown:BridgelessReact: ReactHost{0}.attachSurface(surfaceId = 0)
03-14 21:39:24.446  4924  5088 W unknown:BridgelessReact: ReactHost{0}.getOrCreateReactInstanceTask()
03-14 21:39:24.447  4924  5088 W unknown:BridgelessReact: ReactHost{0}.getOrCreateReactInstanceTask(): Start
03-14 21:39:24.447  4924  5088 D Detox.RNMarker: REACT_BRIDGELESS_LOADING_START (null)
03-14 21:39:24.447  4924  5088 W unknown:BridgelessReact: ReactHost{0}.getJSBundleLoader()
03-14 21:39:24.447  4924  5088 W unknown:BridgelessReact: ReactHost{0}.isMetroRunning()
03-14 21:39:24.491  4924  4924 W .studentfinance: Accessing hidden method Landroid/view/ViewGroup;->makeOptionalFitsSystemWindows()V (unsupported, reflection, allowed)
03-14 21:39:24.499  4924  4924 D LifecycleMonitor: Lifecycle status change: com.mcfuzzysquirrel.studentfinance.MainActivity@6629590 in: CREATED
03-14 21:39:24.503  4924  4924 D LifecycleMonitor: Lifecycle status change: com.mcfuzzysquirrel.studentfinance.MainActivity@6629590 in: STARTED
03-14 21:39:24.507  4924  5097 D TrafficStats: tagSocket(109) with statsTag=0xffffffff, statsUid=-1
03-14 21:39:24.509  4924  5097 W unknown:ReactNative: The packager does not seem to be running as we got an IOException requesting its status: Failed to connect to /10.0.2.2:8081
03-14 21:39:24.510  4924  5096 D TrafficStats: tagSocket(109) with statsTag=0xffffffff, statsUid=-1
03-14 21:39:24.511  4924  5097 W unknown:BridgelessReact: ReactHost{0}.isMetroRunning(): Async result = false
03-14 21:39:24.511  4924  4924 W unknown:BridgelessReact: ReactHost{0}.onHostResume(activity)
03-14 21:39:24.511  4924  4924 W unknown:ReactNative: Packager connection already open, nooping.
03-14 21:39:24.511  4924  5096 W unknown:ReconnectingWebSocket: Couldn't connect to "ws://10.0.2.2:8081/message?device=sdk_gphone64_x86_64%20-%2015%20-%20API%2035&app=com.mcfuzzysquirrel.studentfinance&clientid=BridgelessDevSupportManager", will silently retry
03-14 21:39:24.511  4924  4924 D LifecycleMonitor: Lifecycle status change: com.mcfuzzysquirrel.studentfinance.MainActivity@6629590 in: RESUMED
03-14 21:39:24.516  4924  5088 W unknown:BridgelessReact: ReactHost{0}.getOrCreateReactInstanceTask(): Creating BridgelessReactContext
03-14 21:39:24.519  4924  5088 W unknown:BridgelessReact: ReactHost{0}.getOrCreateReactInstanceTask(): Creating ReactInstance
03-14 21:39:24.524  4924  4924 W HWUI    : Unknown dataspace 0
03-14 21:39:24.601  4924  5055 I EGL_emulation: Opening libGLESv1_CM_emulation.so
03-14 21:39:24.601  4924  5055 I EGL_emulation: Opening libGLESv2_emulation.so
03-14 21:39:24.676  4924  5055 W HWUI    : Failed to initialize 101010-2 format, error = EGL_SUCCESS
03-14 21:39:24.692  4924  5088 D nativeloader: Load /data/app/~~scjPbjJXZ2ym5aXx67G3IQ==/com.mcfuzzysquirrel.studentfinance-79RVhMCqAkf2H_7OaznFCg==/base.apk!/lib/x86_64/libhermesvm.so using ns clns-7 from class loader (caller=/data/app/~~scjPbjJXZ2ym5aXx67G3IQ==/com.mcfuzzysquirrel.studentfinance-79RVhMCqAkf2H_7OaznFCg==/base.apk): ok
03-14 21:39:24.694  4924  5088 D nativeloader: Load /data/app/~~scjPbjJXZ2ym5aXx67G3IQ==/com.mcfuzzysquirrel.studentfinance-79RVhMCqAkf2H_7OaznFCg==/base.apk!/lib/x86_64/libhermestooling.so using ns clns-7 from class loader (caller=/data/app/~~scjPbjJXZ2ym5aXx67G3IQ==/com.mcfuzzysquirrel.studentfinance-79RVhMCqAkf2H_7OaznFCg==/base.apk): ok
03-14 21:39:24.694  4924  5088 D jni_lib_merge: Entering merged library JNI_OnLoad.
03-14 21:39:24.694  4924  5088 D jni_lib_merge: Preparing 4 pre-merged libs (including stub)
03-14 21:39:24.694  4924  5088 D jni_lib_merge: Preparing to register libhermes_executor_so.  onload_func: 0x738c13729050
03-14 21:39:24.694  4924  5088 D jni_lib_merge: Preparing to register libhermesinstancejni_so.  onload_func: 0x738c1375f680
03-14 21:39:24.694  4924  5088 D jni_lib_merge: Preparing to register libjsijniprofiler_so.  onload_func: 0x738c137613f0
03-14 21:39:24.694  4924  5088 D jni_lib_merge: About to register 3 actual methods.
03-14 21:39:24.711  4924  5055 I Gralloc4: mapper 4.x is not supported
03-14 21:39:24.822  4924  5109 D TrafficStats: tagSocket(125) with statsTag=0xffffffff, statsUid=-1
03-14 21:39:25.295  4924  5088 W .studentfinance: Verification of expo.modules.kotlin.modules.ModuleDefinitionData expo.modules.sqlite.SQLiteModule.definition() took 135.865ms (120707.29 bytecodes/s) (317768B approximate peak alloc)
03-14 21:39:25.321  4924  5088 I ExpoModulesCore: ✅ AppContext was initialized
03-14 21:39:25.801  4924  5088 W unknown:BridgelessReact: ReactHost{0}.getOrCreateReactInstanceTask(): Loading JS Bundle
03-14 21:39:25.815  4924  4924 W unknown:BridgelessReact: ReactHost{0}.handleHostException(message = "Unable to load script.
03-14 21:39:25.815  4924  4924 W unknown:BridgelessReact: 
03-14 21:39:25.815  4924  4924 W unknown:BridgelessReact: Make sure you're running Metro or that your bundle 'index.android.bundle' is packaged correctly for release.
03-14 21:39:25.815  4924  4924 W unknown:BridgelessReact: 
03-14 21:39:25.815  4924  4924 W unknown:BridgelessReact: The device must either be USB connected (with bundler set to "localhost:8081") or be on the same Wi-Fi network as your computer (with bundler set to your computer IP) to connect to Metro.
03-14 21:39:25.815  4924  4924 W unknown:BridgelessReact: 
03-14 21:39:25.815  4924  4924 W unknown:BridgelessReact: If you're using USB on a physical device, make sure you also run this command:
03-14 21:39:25.815  4924  4924 W unknown:BridgelessReact:   adb reverse tcp:8081 tcp:8081")
03-14 21:39:25.817  4924  4924 E unknown:ReactNative: Exception in native call
03-14 21:39:25.817  4924  4924 E unknown:ReactNative: java.lang.RuntimeException: Unable to load script.
03-14 21:39:25.817  4924  4924 E unknown:ReactNative: 
03-14 21:39:25.817  4924  4924 E unknown:ReactNative: Make sure you're running Metro or that your bundle 'index.android.bundle' is packaged correctly for release.
03-14 21:39:25.817  4924  4924 E unknown:ReactNative: 
03-14 21:39:25.817  4924  4924 E unknown:ReactNative: The device must either be USB connected (with bundler set to "localhost:8081") or be on the same Wi-Fi network as your computer (with bundler set to your computer IP) to connect to Metro.
03-14 21:39:25.817  4924  4924 E unknown:ReactNative: 
03-14 21:39:25.817  4924  4924 E unknown:ReactNative: If you're using USB on a physical device, make sure you also run this command:
03-14 21:39:25.817  4924  4924 E unknown:ReactNative:   adb reverse tcp:8081 tcp:8081
03-14 21:39:25.817  4924  4924 E unknown:ReactNative: 	at com.facebook.react.runtime.ReactInstance.loadJSBundleFromAssets(Native Method)
03-14 21:39:25.817  4924  4924 E unknown:ReactNative: 	at com.facebook.react.runtime.ReactInstance.access$loadJSBundleFromAssets(ReactInstance.kt:84)
03-14 21:39:25.817  4924  4924 E unknown:ReactNative: 	at com.facebook.react.runtime.ReactInstance$loadJSBundle$1.loadScriptFromAssets(ReactInstance.kt:324)
03-14 21:39:25.817  4924  4924 E unknown:ReactNative: 	at com.facebook.react.bridge.JSBundleLoader$Companion$createAssetLoader$1.loadScript(JSBundleLoader.kt:33)
03-14 21:39:25.817  4924  4924 E unknown:ReactNative: 	at com.facebook.react.runtime.ReactInstance.loadJSBundle(ReactInstance.kt:303)
03-14 21:39:25.817  4924  4924 E unknown:ReactNative: 	at com.facebook.react.runtime.ReactHostImpl.getOrCreateReactInstanceTask$lambda$44$lambda$40(ReactHostImpl.kt:1015)
03-14 21:39:25.817  4924  4924 E unknown:ReactNative: 	at com.facebook.react.runtime.ReactHostImpl.$r8$lambda$kGNcmxBxZbp8b1wWTaqIXDdkV8g(Unknown Source:0)
03-14 21:39:25.817  4924  4924 E unknown:ReactNative: 	at com.facebook.react.runtime.ReactHostImpl$$ExternalSyntheticLambda24.then(D8$$SyntheticClass:0)
03-14 21:39:25.817  4924  4924 E unknown:ReactNative: 	at com.facebook.react.runtime.internal.bolts.Task$Companion.completeImmediately$lambda$3(Task.kt:360)
03-14 21:39:25.817  4924  4924 E unknown:ReactNative: 	at com.facebook.react.runtime.internal.bolts.Task$Companion.$r8$lambda$b7MTC0ufkn_2TjF4BGcNqGR9qK0(Unknown Source:0)
03-14 21:39:25.817  4924  4924 E unknown:ReactNative: 	at com.facebook.react.runtime.internal.bolts.Task$Companion$$ExternalSyntheticLambda3.run(D8$$SyntheticClass:0)
03-14 21:39:25.817  4924  4924 E unknown:ReactNative: 	at com.facebook.react.runtime.internal.bolts.Executors$ImmediateExecutor.execute(Executors.kt:41)
03-14 21:39:25.817  4924  4924 E unknown:ReactNative: 	at com.facebook.react.runtime.internal.bolts.Task$Companion.completeImmediately(Task.kt:358)
03-14 21:39:25.817  4924  4924 E unknown:ReactNative: 	at com.facebook.react.runtime.internal.bolts.Task$Companion.access$completeImmediately(Task.kt:254)
03-14 21:39:25.817  4924  4924 E unknown:ReactNative: 	at com.facebook.react.runtime.internal.bolts.Task.continueWith(Task.kt:133)
03-14 21:39:25.817  4924  4924 E unknown:ReactNative: 	at com.facebook.react.runtime.internal.bolts.Task.continueWith$default(Task.kt:117)
03-14 21:39:25.817  4924  4924 E unknown:ReactNative: 	at com.facebook.react.runtime.internal.bolts.Task.onSuccess$lambda$12(Task.kt:176)
03-14 21:39:25.817  4924  4924 E unknown:ReactNative: 	at com.facebook.react.runtime.internal.bolts.Task.$r8$lambda$l0wwo5AvbHxlwfI1R7CH_codxoo(Unknown Source:0)
03-14 21:39:25.817  4924  4924 E unknown:ReactNative: 	at com.facebook.react.runtime.internal.bolts.Task$$ExternalSyntheticLambda2.then(D8$$SyntheticClass:0)
03-14 21:39:25.817  4924  4924 E unknown:ReactNative: 	at com.facebook.react.runtime.internal.bolts.Task$Companion.completeAfterTask$lambda$5(Task.kt:394)
03-14 21:39:25.817  4924  4924 E unknown:ReactNative: 	at com.facebook.react.runtime.internal.bolts.Task$Companion.$r8$lambda$IPpysnehFwANEiW061YzapkMdoE(Unknown Source:0)
03-14 21:39:25.817  4924  4924 E unknown:ReactNative: 	at com.facebook.react.runtime.internal.bolts.Task$Companion$$ExternalSyntheticLambda4.run(D8$$SyntheticClass:0)
03-14 21:39:25.817  4924  4924 E unknown:ReactNative: 	at java.util.concurrent.ThreadPoolExecutor.runWorker(ThreadPoolExecutor.java:1145)
03-14 21:39:25.817  4924  4924 E unknown:ReactNative: 	at java.util.concurrent.ThreadPoolExecutor$Worker.run(ThreadPoolExecutor.java:644)
03-14 21:39:25.817  4924  4924 E unknown:ReactNative: 	at java.lang.Thread.run(Thread.java:1012)
03-14 21:39:25.822  4924  5088 W unknown:BridgelessReact: ReactHost{0}.getOrCreateDestroyTask()
03-14 21:39:25.822  4924  5088 W unknown:BridgelessReact: ReactHost{0}.raiseSoftException(getOrCreateDestroyTask()): handleHostException(message = "Unable to load script.
03-14 21:39:25.822  4924  5088 W unknown:BridgelessReact: 
03-14 21:39:25.822  4924  5088 W unknown:BridgelessReact: Make sure you're running Metro or that your bundle 'index.android.bundle' is packaged correctly for release.
03-14 21:39:25.822  4924  5088 W unknown:BridgelessReact: 
03-14 21:39:25.822  4924  5088 W unknown:BridgelessReact: The device must either be USB connected (with bundler set to "localhost:8081") or be on the same Wi-Fi network as your computer (with bundler set to your computer IP) to connect to Metro.
03-14 21:39:25.822  4924  5088 W unknown:BridgelessReact: 
03-14 21:39:25.822  4924  5088 W unknown:BridgelessReact: If you're using USB on a physical device, make sure you also run this command:
03-14 21:39:25.822  4924  5088 W unknown:BridgelessReact:   adb reverse tcp:8081 tcp:8081")
03-14 21:39:25.824  4924  5088 E unknown:ReactHost: Unhandled SoftException
03-14 21:39:25.824  4924  5088 E unknown:ReactHost: com.facebook.react.bridge.ReactNoCrashSoftException: raiseSoftException(getOrCreateDestroyTask()): handleHostException(message = "Unable to load script.
03-14 21:39:25.824  4924  5088 E unknown:ReactHost: 
03-14 21:39:25.824  4924  5088 E unknown:ReactHost: Make sure you're running Metro or that your bundle 'index.android.bundle' is packaged correctly for release.
03-14 21:39:25.824  4924  5088 E unknown:ReactHost: 
03-14 21:39:25.824  4924  5088 E unknown:ReactHost: The device must either be USB connected (with bundler set to "localhost:8081") or be on the same Wi-Fi network as your computer (with bundler set to your computer IP) to connect to Metro.
03-14 21:39:25.824  4924  5088 E unknown:ReactHost: 
03-14 21:39:25.824  4924  5088 E unknown:ReactHost: If you're using USB on a physical device, make sure you also run this command:
03-14 21:39:25.824  4924  5088 E unknown:ReactHost:   adb reverse tcp:8081 tcp:8081")
03-14 21:39:25.824  4924  5088 E unknown:ReactHost: 	at com.facebook.react.runtime.ReactHostImpl.raiseSoftException(ReactHostImpl.kt:861)
03-14 21:39:25.824  4924  5088 E unknown:ReactHost: 	at com.facebook.react.runtime.ReactHostImpl.getOrCreateDestroyTask(ReactHostImpl.kt:1422)
03-14 21:39:25.824  4924  5088 E unknown:ReactHost: 	at com.facebook.react.runtime.ReactHostImpl.destroy$lambda$11(ReactHostImpl.kt:500)
03-14 21:39:25.824  4924  5088 E unknown:ReactHost: 	at com.facebook.react.runtime.ReactHostImpl.$r8$lambda$RqPT6VdmhA-RKBsb9qAdshHTgug(Unknown Source:0)
03-14 21:39:25.824  4924  5088 E unknown:ReactHost: 	at com.facebook.react.runtime.ReactHostImpl$$ExternalSyntheticLambda35.call(D8$$SyntheticClass:0)
03-14 21:39:25.824  4924  5088 E unknown:ReactHost: 	at com.facebook.react.runtime.internal.bolts.Task$Companion.call$lambda$2(Task.kt:319)
03-14 21:39:25.824  4924  5088 E unknown:ReactHost: 	at com.facebook.react.runtime.internal.bolts.Task$Companion.$r8$lambda$MFqd_-X5KhHmu0hvNE2Bec_4mJM(Unknown Source:0)
03-14 21:39:25.824  4924  5088 E unknown:ReactHost: 	at com.facebook.react.runtime.internal.bolts.Task$Companion$$ExternalSyntheticLambda1.run(D8$$SyntheticClass:0)
03-14 21:39:25.824  4924  5088 E unknown:ReactHost: 	at java.util.concurrent.ThreadPoolExecutor.runWorker(ThreadPoolExecutor.java:1145)
03-14 21:39:25.824  4924  5088 E unknown:ReactHost: 	at java.util.concurrent.ThreadPoolExecutor$Worker.run(ThreadPoolExecutor.java:644)
03-14 21:39:25.824  4924  5088 E unknown:ReactHost: 	at java.lang.Thread.run(Thread.java:1012)
03-14 21:39:25.824  4924  5088 E unknown:ReactHost: Caused by: java.lang.RuntimeException: Unable to load script.
03-14 21:39:25.824  4924  5088 E unknown:ReactHost: 
03-14 21:39:25.824  4924  5088 E unknown:ReactHost: Make sure you're running Metro or that your bundle 'index.android.bundle' is packaged correctly for release.
03-14 21:39:25.824  4924  5088 E unknown:ReactHost: 
03-14 21:39:25.824  4924  5088 E unknown:ReactHost: The device must either be USB connected (with bundler set to "localhost:8081") or be on the same Wi-Fi network as your computer (with bundler set to your computer IP) to connect to Metro.
03-14 21:39:25.824  4924  5088 E unknown:ReactHost: 
03-14 21:39:25.824  4924  5088 E unknown:ReactHost: If you're using USB on a physical device, make sure you also run this command:
03-14 21:39:25.824  4924  5088 E unknown:ReactHost:   adb reverse tcp:8081 tcp:8081
03-14 21:39:25.824  4924  5088 E unknown:ReactHost: 	at com.facebook.react.runtime.ReactInstance.loadJSBundleFromAssets(Native Method)
03-14 21:39:25.824  4924  5088 E unknown:ReactHost: 	at com.facebook.react.runtime.ReactInstance.access$loadJSBundleFromAssets(ReactInstance.kt:84)
03-14 21:39:25.824  4924  5088 E unknown:ReactHost: 	at com.facebook.react.runtime.ReactInstance$loadJSBundle$1.loadScriptFromAssets(ReactInstance.kt:324)
03-14 21:39:25.824  4924  5088 E unknown:ReactHost: 	at com.facebook.react.bridge.JSBundleLoader$Companion$createAssetLoader$1.loadScript(JSBundleLoader.kt:33)
03-14 21:39:25.824  4924  5088 E unknown:ReactHost: 	at com.facebook.react.runtime.ReactInstance.loadJSBundle(ReactInstance.kt:303)
03-14 21:39:25.824  4924  5088 E unknown:ReactHost: 	at com.facebook.react.runtime.ReactHostImpl.getOrCreateReactInstanceTask$lambda$44$lambda$40(ReactHostImpl.kt:1015)
03-14 21:39:25.824  4924  5088 E unknown:ReactHost: 	at com.facebook.react.runtime.ReactHostImpl.$r8$lambda$kGNcmxBxZbp8b1wWTaqIXDdkV8g(Unknown Source:0)
03-14 21:39:25.824  4924  5088 E unknown:ReactHost: 	at com.facebook.react.runtime.ReactHostImpl$$ExternalSyntheticLambda24.then(D8$$SyntheticClass:0)
03-14 21:39:25.824  4924  5088 E unknown:ReactHost: 	at com.facebook.react.runtime.internal.bolts.Task$Companion.completeImmediately$lambda$3(Task.kt:360)
03-14 21:39:25.824  4924  5088 E unknown:ReactHost: 	at com.facebook.react.runtime.internal.bolts.Task$Companion.$r8$lambda$b7MTC0ufkn_2TjF4BGcNqGR9qK0(Unknown Source:0)
03-14 21:39:25.824  4924  5088 E unknown:ReactHost: 	at com.facebook.react.runtime.internal.bolts.Task$Companion$$ExternalSyntheticLambda3.run(D8$$SyntheticClass:0)
03-14 21:39:25.824  4924  5088 E unknown:ReactHost: 	at com.facebook.react.runtime.internal.bolts.Executors$ImmediateExecutor.execute(Executors.kt:41)
03-14 21:39:25.824  4924  5088 E unknown:ReactHost: 	at com.facebook.react.runtime.internal.bolts.Task$Companion.completeImmediately(Task.kt:358)
03-14 21:39:25.824  4924  5088 E unknown:ReactHost: 	at com.facebook.react.runtime.internal.bolts.Task$Companion.access$completeImmediately(Task.kt:254)
03-14 21:39:25.824  4924  5088 E unknown:ReactHost: 	at com.facebook.react.runtime.internal.bolts.Task.continueWith(Task.kt:133)
03-14 21:39:25.824  4924  5088 E unknown:ReactHost: 	at com.facebook.react.runtime.internal.bolts.Task.continueWith$default(Task.kt:117)
03-14 21:39:25.824  4924  5088 E unknown:ReactHost: 	at com.facebook.react.runtime.internal.bolts.Task.onSuccess$lambda$12(Task.kt:176)
03-14 21:39:25.824  4924  5088 E unknown:ReactHost: 	at com.facebook.react.runtime.internal.bolts.Task.$r8$lambda$l0wwo5AvbHxlwfI1R7CH_codxoo(Unknown Source:0)
03-14 21:39:25.824  4924  5088 E unknown:ReactHost: 	at com.facebook.react.runtime.internal.bolts.Task$$ExternalSyntheticLambda2.then(D8$$SyntheticClass:0)
03-14 21:39:25.824  4924  5088 E unknown:ReactHost: 	at com.facebook.react.runtime.internal.bolts.Task$Companion.completeAfterTask$lambda$5(Task.kt:394)
03-14 21:39:25.824  4924  5088 E unknown:ReactHost: 	at com.facebook.react.runtime.internal.bolts.Task$Companion.$r8$lambda$IPpysnehFwANEiW061YzapkMdoE(Unknown Source:0)
03-14 21:39:25.824  4924  5088 E unknown:ReactHost: 	at com.facebook.react.runtime.internal.bolts.Task$Companion$$ExternalSyntheticLambda4.run(D8$$SyntheticClass:0)
03-14 21:39:25.824  4924  5088 E unknown:ReactHost: 	... 3 more
03-14 21:39:25.824  4924  5088 W unknown:BridgelessReact: ReactHost{0}.getOrCreateDestroyTask(): Resetting createReactInstance task ref
03-14 21:39:25.907  4924  4924 W unknown:BridgelessReact: ReactHost{0}.getOrCreateDestroyTask(): Starting React Native destruction
03-14 21:39:25.907  4924  4924 W unknown:BridgelessReact: ReactHost{0}.raiseSoftException(getOrCreateDestroyTask()): Destroy: ReactInstance task faulted. Stage: 1: Starting destroy. Fault reason: Unable to load script.
03-14 21:39:25.907  4924  4924 W unknown:BridgelessReact: 
03-14 21:39:25.907  4924  4924 W unknown:BridgelessReact: Make sure you're running Metro or that your bundle 'index.android.bundle' is packaged correctly for release.
03-14 21:39:25.907  4924  4924 W unknown:BridgelessReact: 
03-14 21:39:25.907  4924  4924 W unknown:BridgelessReact: The device must either be USB connected (with bundler set to "localhost:8081") or be on the same Wi-Fi network as your computer (with bundler set to your computer IP) to connect to Metro.
03-14 21:39:25.907  4924  4924 W unknown:BridgelessReact: 
03-14 21:39:25.907  4924  4924 W unknown:BridgelessReact: If you're using USB on a physical device, make sure you also run this command:
03-14 21:39:25.907  4924  4924 W unknown:BridgelessReact:   adb reverse tcp:8081 tcp:8081. Destroy reason: handleHostException(message = "Unable to load script.
03-14 21:39:25.907  4924  4924 W unknown:BridgelessReact: 
03-14 21:39:25.907  4924  4924 W unknown:BridgelessReact: Make sure you're running Metro or that your bundle 'index.android.bundle' is packaged correctly for release.
03-14 21:39:25.907  4924  4924 W unknown:BridgelessReact: 
03-14 21:39:25.907  4924  4924 W unknown:BridgelessReact: The device must either be USB connected (with bundler set to "localhost:8081") or be on the same Wi-Fi network as your computer (with bundler set to your computer IP) to connect to Metro.
03-14 21:39:25.907  4924  4924 W unknown:BridgelessReact: 
03-14 21:39:25.907  4924  4924 W unknown:BridgelessReact: If you're using USB on a physical device, make sure you also run this command:
03-14 21:39:25.907  4924  4924 W unknown:BridgelessReact:   adb reverse tcp:8081 tcp:8081")
03-14 21:39:25.920  4924  4924 E unknown:ReactHost: Unhandled SoftException
03-14 21:39:25.920  4924  4924 E unknown:ReactHost: com.facebook.react.bridge.ReactNoCrashSoftException: raiseSoftException(getOrCreateDestroyTask()): Destroy: ReactInstance task faulted. Stage: 1: Starting destroy. Fault reason: Unable to load script.
03-14 21:39:25.920  4924  4924 E unknown:ReactHost: 
03-14 21:39:25.920  4924  4924 E unknown:ReactHost: Make sure you're running Metro or that your bundle 'index.android.bundle' is packaged correctly for release.
03-14 21:39:25.920  4924  4924 E unknown:ReactHost: 
03-14 21:39:25.920  4924  4924 E unknown:ReactHost: The device must either be USB connected (with bundler set to "localhost:8081") or be on the same Wi-Fi network as your computer (with bundler set to your computer IP) to connect to Metro.
03-14 21:39:25.920  4924  4924 E unknown:ReactHost: 
03-14 21:39:25.920  4924  4924 E unknown:ReactHost: If you're using USB on a physical device, make sure you also run this command:
03-14 21:39:25.920  4924  4924 E unknown:ReactHost:   adb reverse tcp:8081 tcp:8081. Destroy reason: handleHostException(message = "Unable to load script.
03-14 21:39:25.920  4924  4924 E unknown:ReactHost: 
03-14 21:39:25.920  4924  4924 E unknown:ReactHost: Make sure you're running Metro or that your bundle 'index.android.bundle' is packaged correctly for release.
03-14 21:39:25.920  4924  4924 E unknown:ReactHost: 
03-14 21:39:25.920  4924  4924 E unknown:ReactHost: The device must either be USB connected (with bundler set to "localhost:8081") or be on the same Wi-Fi network as your computer (with bundler set to your computer IP) to connect to Metro.
03-14 21:39:25.920  4924  4924 E unknown:ReactHost: 
03-14 21:39:25.920  4924  4924 E unknown:ReactHost: If you're using USB on a physical device, make sure you also run this command:
03-14 21:39:25.920  4924  4924 E unknown:ReactHost:   adb reverse tcp:8081 tcp:8081")
03-14 21:39:25.920  4924  4924 E unknown:ReactHost: 	at com.facebook.react.runtime.ReactHostImpl.raiseSoftException(ReactHostImpl.kt:861)
03-14 21:39:25.920  4924  4924 E unknown:ReactHost: 	at com.facebook.react.runtime.ReactHostImpl.raiseSoftException$default(ReactHostImpl.kt:852)
03-14 21:39:25.920  4924  4924 E unknown:ReactHost: 	at com.facebook.react.runtime.ReactHostImpl.createReactInstanceUnwrapper$lambda$49(ReactHostImpl.kt:1220)
03-14 21:39:25.920  4924  4924 E unknown:ReactHost: 	at com.facebook.react.runtime.ReactHostImpl.$r8$lambda$wxqWPZPIM84yb-DFfq8PhEXI2r4(Unknown Source:0)
03-14 21:39:25.920  4924  4924 E unknown:ReactHost: 	at com.facebook.react.runtime.ReactHostImpl$$ExternalSyntheticLambda36.invoke(D8$$SyntheticClass:0)
03-14 21:39:25.920  4924  4924 E unknown:ReactHost: 	at com.facebook.react.runtime.ReactHostImpl.getOrCreateDestroyTask$lambda$60(ReactHostImpl.kt:1437)
03-14 21:39:25.920  4924  4924 E unknown:ReactHost: 	at com.facebook.react.runtime.ReactHostImpl.$r8$lambda$W_3hbG2jNwurg3jPo_rFnHCrsPg(Unknown Source:0)
03-14 21:39:25.920  4924  4924 E unknown:ReactHost: 	at com.facebook.react.runtime.ReactHostImpl$$ExternalSyntheticLambda27.then(D8$$SyntheticClass:0)
03-14 21:39:25.920  4924  4924 E unknown:ReactHost: 	at com.facebook.react.runtime.internal.bolts.Task$Companion.completeAfterTask$lambda$5(Task.kt:394)
03-14 21:39:25.920  4924  4924 E unknown:ReactHost: 	at com.facebook.react.runtime.internal.bolts.Task$Companion.$r8$lambda$IPpysnehFwANEiW061YzapkMdoE(Unknown Source:0)
03-14 21:39:25.920  4924  4924 E unknown:ReactHost: 	at com.facebook.react.runtime.internal.bolts.Task$Companion$$ExternalSyntheticLambda4.run(D8$$SyntheticClass:0)
03-14 21:39:25.920  4924  4924 E unknown:ReactHost: 	at android.os.Handler.handleCallback(Handler.java:959)
03-14 21:39:25.920  4924  4924 E unknown:ReactHost: 	at android.os.Handler.dispatchMessage(Handler.java:100)
03-14 21:39:25.920  4924  4924 E unknown:ReactHost: 	at android.os.Looper.loopOnce(Looper.java:232)
03-14 21:39:25.920  4924  4924 E unknown:ReactHost: 	at android.os.Looper.loop(Looper.java:317)
03-14 21:39:25.920  4924  4924 E unknown:ReactHost: 	at android.app.ActivityThread.main(ActivityThread.java:8705)
03-14 21:39:25.920  4924  4924 E unknown:ReactHost: 	at java.lang.reflect.Method.invoke(Native Method)
03-14 21:39:25.920  4924  4924 E unknown:ReactHost: 	at com.android.internal.os.RuntimeInit$MethodAndArgsCaller.run(RuntimeInit.java:580)
03-14 21:39:25.920  4924  4924 E unknown:ReactHost: 	at com.android.internal.os.ZygoteInit.main(ZygoteInit.java:886)
03-14 21:39:25.920  4924  4924 W unknown:BridgelessReact: ReactHost{0}.getOrCreateDestroyTask(): DevSupportManager cleanup
03-14 21:39:25.922  4924  4924 W unknown:BridgelessReact: ReactHost{0}.getOrCreateDestroyTask(): Move ReactHost to onHostDestroy()
03-14 21:39:25.922  4924  4924 W unknown:BridgelessReact: ReactHost{0}.ReactContext.onHostPause()
03-14 21:39:25.923  4924  4924 E unknown:ReactNative: Tried to remove non-existent frame callback
03-14 21:39:25.923  4924  4924 W unknown:BridgelessReact: ReactHost{0}.ReactContext.onHostDestroy()
03-14 21:39:25.927  4924  5088 W unknown:BridgelessReact: ReactHost{0}.getOrCreateDestroyTask(): Stopping all React Native surfaces
03-14 21:39:25.936  4924  5088 E unknown:FabricUIManager: Unhandled SoftException
03-14 21:39:25.936  4924  5088 E unknown:FabricUIManager: java.lang.IllegalStateException: Trying to stop surface that hasn't started yet
03-14 21:39:25.936  4924  5088 E unknown:FabricUIManager: 	at com.facebook.react.fabric.FabricUIManager.stopSurface(FabricUIManager.java:396)
03-14 21:39:25.936  4924  5088 E unknown:FabricUIManager: 	at com.facebook.react.runtime.ReactInstance.stopSurface(ReactInstance.kt:410)
03-14 21:39:25.936  4924  5088 E unknown:FabricUIManager: 	at com.facebook.react.runtime.ReactHostImpl.stopAttachedSurfaces(ReactHostImpl.kt:1189)
03-14 21:39:25.936  4924  5088 E unknown:FabricUIManager: 	at com.facebook.react.runtime.ReactHostImpl.getOrCreateDestroyTask$lambda$62(ReactHostImpl.kt:1475)
03-14 21:39:25.936  4924  5088 E unknown:FabricUIManager: 	at com.facebook.react.runtime.ReactHostImpl.$r8$lambda$xpeTQfuVN0XbBBJsIsVmA6wzF00(Unknown Source:0)
03-14 21:39:25.936  4924  5088 E unknown:FabricUIManager: 	at com.facebook.react.runtime.ReactHostImpl$$ExternalSyntheticLambda28.then(D8$$SyntheticClass:0)
03-14 21:39:25.936  4924  5088 E unknown:FabricUIManager: 	at com.facebook.react.runtime.internal.bolts.Task$Companion.completeAfterTask$lambda$5(Task.kt:394)
03-14 21:39:25.936  4924  5088 E unknown:FabricUIManager: 	at com.facebook.react.runtime.internal.bolts.Task$Companion.$r8$lambda$IPpysnehFwANEiW061YzapkMdoE(Unknown Source:0)
03-14 21:39:25.936  4924  5088 E unknown:FabricUIManager: 	at com.facebook.react.runtime.internal.bolts.Task$Companion$$ExternalSyntheticLambda4.run(D8$$SyntheticClass:0)
03-14 21:39:25.936  4924  5088 E unknown:FabricUIManager: 	at java.util.concurrent.ThreadPoolExecutor.runWorker(ThreadPoolExecutor.java:1145)
03-14 21:39:25.936  4924  5088 E unknown:FabricUIManager: 	at java.util.concurrent.ThreadPoolExecutor$Worker.run(ThreadPoolExecutor.java:644)
03-14 21:39:25.936  4924  5088 E unknown:FabricUIManager: 	at java.lang.Thread.run(Thread.java:1012)
03-14 21:39:25.954  4924  5017 D DetoxRNLoading: Got new RN-context explicitly while polling (#iteration=1)
03-14 21:39:25.955  4924  5017 I DetoxRNIdleRes: Setting up Espresso Idling Resources for React Native
03-14 21:39:26.202  4924  4968 I .studentfinance: Compiler allocated 5174KB to compile void android.view.ViewRootImpl.performTraversals()
03-14 21:39:26.528  4924  4924 W unknown:BridgelessReact: ReactHost{0}.getOrCreateDestroyTask(): Destroying MemoryPressureRouter
03-14 21:39:26.529  4924  4924 W unknown:BridgelessReact: ReactHost{0}.getOrCreateDestroyTask(): Resetting ReactContext ref
03-14 21:39:26.529  4924  4924 W unknown:BridgelessReact: ReactHost{0}.getOrCreateDestroyTask(): Destroying ReactContext
03-14 21:39:26.529  4924  4924 I Choreographer: Skipped 35 frames!  The application may be doing too much work on its main thread.
03-14 21:39:26.530  4924  5088 W unknown:BridgelessReact: ReactHost{0}.getOrCreateDestroyTask(): Resetting ReactInstance ptr
03-14 21:39:26.530  4924  5088 W unknown:BridgelessReact: ReactHost{0}.getOrCreateDestroyTask(): Destroying ReactInstance
03-14 21:39:26.540  4924  5088 E unknown:ReactNative: Tried to remove non-existent frame callback
03-14 21:39:26.571  4924  5088 W unknown:BridgelessReact: ReactHost{0}.getOrCreateDestroyTask(): Resetting start/destroy task ref
03-14 21:39:26.692  4924  4924 W unknown:BridgelessReact: ReactHost{0}.raiseSoftException(onWindowFocusChange(hasFocus = "false")): Tried to access onWindowFocusChange while context is not ready
03-14 21:39:26.695  4924  5096 D TrafficStats: tagSocket(115) with statsTag=0xffffffff, statsUid=-1
03-14 21:39:26.706  4924  4924 E unknown:ReactHost: Unhandled SoftException
03-14 21:39:26.706  4924  4924 E unknown:ReactHost: com.facebook.react.bridge.ReactNoCrashSoftException: raiseSoftException(onWindowFocusChange(hasFocus = "false")): Tried to access onWindowFocusChange while context is not ready
03-14 21:39:26.706  4924  4924 E unknown:ReactHost: 	at com.facebook.react.runtime.ReactHostImpl.raiseSoftException(ReactHostImpl.kt:861)
03-14 21:39:26.706  4924  4924 E unknown:ReactHost: 	at com.facebook.react.runtime.ReactHostImpl.raiseSoftException$default(ReactHostImpl.kt:852)
03-14 21:39:26.706  4924  4924 E unknown:ReactHost: 	at com.facebook.react.runtime.ReactHostImpl.onWindowFocusChange(ReactHostImpl.kt:625)
03-14 21:39:26.706  4924  4924 E unknown:ReactHost: 	at com.facebook.react.ReactDelegate.onWindowFocusChanged(ReactDelegate.kt:232)
03-14 21:39:26.706  4924  4924 E unknown:ReactHost: 	at com.facebook.react.ReactActivityDelegate.onWindowFocusChanged(ReactActivityDelegate.java:237)
03-14 21:39:26.706  4924  4924 E unknown:ReactHost: 	at expo.modules.ReactActivityDelegateWrapper$onWindowFocusChanged$1.invokeSuspend(ReactActivityDelegateWrapper.kt:320)
03-14 21:39:26.706  4924  4924 E unknown:ReactHost: 	at expo.modules.ReactActivityDelegateWrapper$onWindowFocusChanged$1.invoke(Unknown Source:8)
03-14 21:39:26.706  4924  4924 E unknown:ReactHost: 	at expo.modules.ReactActivityDelegateWrapper$onWindowFocusChanged$1.invoke(Unknown Source:4)
03-14 21:39:26.706  4924  4924 E unknown:ReactHost: 	at expo.modules.ReactActivityDelegateWrapper$launchLifecycleScopeWithLock$1.invokeSuspend(ReactActivityDelegateWrapper.kt:452)
03-14 21:39:26.706  4924  4924 E unknown:ReactHost: 	at kotlin.coroutines.jvm.internal.BaseContinuationImpl.resumeWith(ContinuationImpl.kt:33)
03-14 21:39:26.706  4924  4924 E unknown:ReactHost: 	at kotlinx.coroutines.internal.DispatchedContinuationKt.resumeCancellableWith(DispatchedContinuation.kt:375)
03-14 21:39:26.706  4924  4924 E unknown:ReactHost: 	at kotlinx.coroutines.intrinsics.CancellableKt.startCoroutineCancellable(Cancellable.kt:26)
03-14 21:39:26.706  4924  4924 E unknown:ReactHost: 	at kotlinx.coroutines.CoroutineStart.invoke(CoroutineStart.kt:358)
03-14 21:39:26.706  4924  4924 E unknown:ReactHost: 	at kotlinx.coroutines.AbstractCoroutine.start(AbstractCoroutine.kt:134)
03-14 21:39:26.706  4924  4924 E unknown:ReactHost: 	at kotlinx.coroutines.BuildersKt__Builders_commonKt.launch(Builders.common.kt:53)
03-14 21:39:26.706  4924  4924 E unknown:ReactHost: 	at kotlinx.coroutines.BuildersKt.launch(Unknown Source:1)
