03-14 21:39:26.706  4924  4924 E unknown:ReactHost: 	at kotlinx.coroutines.BuildersKt__Builders_commonKt.launch$default(Builders.common.kt:44)
03-14 21:39:26.706  4924  4924 E unknown:ReactHost: 	at kotlinx.coroutines.BuildersKt.launch$default(Unknown Source:1)
03-14 21:39:26.706  4924  4924 E unknown:ReactHost: 	at expo.modules.ReactActivityDelegateWrapper.launchLifecycleScopeWithLock(ReactActivityDelegateWrapper.kt:450)
03-14 21:39:26.706  4924  4924 E unknown:ReactHost: 	at expo.modules.ReactActivityDelegateWrapper.launchLifecycleScopeWithLock$default(ReactActivityDelegateWrapper.kt:446)
03-14 21:39:26.706  4924  4924 E unknown:ReactHost: 	at expo.modules.ReactActivityDelegateWrapper.onWindowFocusChanged(ReactActivityDelegateWrapper.kt:318)
03-14 21:39:26.706  4924  4924 E unknown:ReactHost: 	at com.facebook.react.ReactActivity.onWindowFocusChanged(ReactActivity.java:158)
03-14 21:39:26.706  4924  4924 E unknown:ReactHost: 	at androidx.appcompat.view.WindowCallbackWrapper.onWindowFocusChanged(WindowCallbackWrapper.java:124)
03-14 21:39:26.706  4924  4924 E unknown:ReactHost: 	at com.android.internal.policy.DecorView.onWindowFocusChanged(DecorView.java:1772)
03-14 21:39:26.706  4924  4924 E unknown:ReactHost: 	at android.view.View.dispatchWindowFocusChanged(View.java:16743)
03-14 21:39:26.706  4924  4924 E unknown:ReactHost: 	at android.view.ViewGroup.dispatchWindowFocusChanged(ViewGroup.java:1505)
03-14 21:39:26.706  4924  4924 E unknown:ReactHost: 	at android.view.ViewRootImpl.dispatchFocusEvent(ViewRootImpl.java:4697)
03-14 21:39:26.706  4924  4924 E unknown:ReactHost: 	at android.view.ViewRootImpl.handleWindowFocusChanged(ViewRootImpl.java:4601)
03-14 21:39:26.706  4924  4924 E unknown:ReactHost: 	at android.view.ViewRootImpl.-$$Nest$mhandleWindowFocusChanged(Unknown Source:0)
03-14 21:39:26.706  4924  4924 E unknown:ReactHost: 	at android.view.ViewRootImpl$ViewRootHandler.handleMessageImpl(ViewRootImpl.java:6773)
03-14 21:39:26.706  4924  4924 E unknown:ReactHost: 	at android.view.ViewRootImpl$ViewRootHandler.handleMessage(ViewRootImpl.java:6683)
03-14 21:39:26.706  4924  4924 E unknown:ReactHost: 	at android.os.Handler.dispatchMessage(Handler.java:107)
03-14 21:39:26.706  4924  4924 E unknown:ReactHost: 	at android.os.Looper.loopOnce(Looper.java:232)
03-14 21:39:26.706  4924  4924 E unknown:ReactHost: 	at android.os.Looper.loop(Looper.java:317)
03-14 21:39:26.706  4924  4924 E unknown:ReactHost: 	at android.app.ActivityThread.main(ActivityThread.java:8705)
03-14 21:39:26.706  4924  4924 E unknown:ReactHost: 	at java.lang.reflect.Method.invoke(Native Method)
03-14 21:39:26.706  4924  4924 E unknown:ReactHost: 	at com.android.internal.os.RuntimeInit$MethodAndArgsCaller.run(RuntimeInit.java:580)
03-14 21:39:26.706  4924  4924 E unknown:ReactHost: 	at com.android.internal.os.ZygoteInit.main(ZygoteInit.java:886)
03-14 21:39:26.713  4924  4973 I HWUI    : Davey! duration=733ms; Flags=0, FrameTimelineVsyncId=7078, IntendedVsync=98052683997, Vsync=98636017307, InputEventId=0, HandleInputStart=98640234581, AnimationStart=98640236147, PerformTraversalsStart=98640464269, DrawStart=98640509271, FrameDeadline=98669350639, FrameInterval=98639963205, FrameStartTime=16666666, SyncQueued=98641406694, SyncStart=98641579061, IssueDrawCommandsStart=98643088203, SwapBuffers=98650583292, FrameCompleted=98786493372, DequeueBufferDuration=3907, QueueBufferDuration=166200, GpuCompleted=98786493372, SwapBuffersCompleted=98778620801, DisplayPresentTime=-70243739170871886, CommandSubmissionCompleted=98650583292, 
03-14 21:39:26.746  4924  5036 W .studentfinance: Long monitor contention with owner Instr: androidx.test.runner.AndroidJUnitRunner (5017) at void com.wix.detox.DetoxMain.launchActivityOnCue(android.content.Context, com.wix.detox.ActivityLaunchHelper)(DetoxMain.kt:53) waiters=0 in void com.wix.detox.DetoxMain$setupActionHandlers$SynchronizedActionHandler.handle(java.lang.String, long) for 3.366s
03-14 21:39:26.774  4924  4924 W .studentfinance: Accessing hidden field Landroid/app/Activity;->mResultCode:I (unsupported, reflection, allowed)
03-14 21:39:26.774  4924  4924 W .studentfinance: Accessing hidden field Landroid/app/Activity;->mResultData:Landroid/content/Intent; (unsupported, reflection, allowed)
03-14 21:39:26.774  4924  4924 W .studentfinance: Accessing hidden method Landroid/os/MessageQueue;->next()Landroid/os/Message; (unsupported, reflection, allowed)
03-14 21:39:26.774  4924  4924 W .studentfinance: Accessing hidden field Landroid/os/MessageQueue;->mMessages:Landroid/os/Message; (unsupported, reflection, allowed)
03-14 21:39:26.774  4924  4924 W .studentfinance: Accessing hidden method Landroid/os/Message;->recycleUnchecked()V (unsupported, reflection, allowed)
03-14 21:39:26.810  4924  4924 W unknown:BridgelessReact: ReactHost{0}.onHostPause(activity)
03-14 21:39:26.818  4924  4924 W WindowOnBackDispatcher: sendCancelIfRunning: isInProgress=false callback=android.view.ViewRootImpl$$ExternalSyntheticLambda11@805f5af
03-14 21:39:26.860  4924  4924 D LifecycleMonitor: Lifecycle status change: com.mcfuzzysquirrel.studentfinance.MainActivity@6629590 in: PAUSED
03-14 21:39:26.881  4924  4924 D InsetsController: hide(ime(), fromIme=true)
03-14 21:39:26.884  4924  4924 I ImeTracker: com.mcfuzzysquirrel.studentfinance:d86db4bc: onCancelled at PHASE_CLIENT_APPLY_ANIMATION
03-14 21:39:26.893  4924  4924 I Detox   : Wait is over: App is now idle!
03-14 21:39:26.894  4924  5036 I DetoxWSClient: Sending out action 'ready' (ID #-1000)
03-14 21:39:26.894  4924  5017 E TestRunner: failed: runDetoxTests(com.mcfuzzysquirrel.studentfinance.DetoxTest)
03-14 21:39:26.896  4924  5036 I DetoxDispatcher: Done with action 'isReady'
03-14 21:39:26.899  4924  5017 E TestRunner: ----- begin exception -----
03-14 21:39:26.899  4924  5017 E TestRunner: java.lang.RuntimeException: ReactContext is null!
03-14 21:39:26.899  4924  5017 E TestRunner: 	at com.wix.detox.reactnative.ReactApplicationExtKt.getCurrentReactContextSafe(ReactApplicationExt.kt:26)
03-14 21:39:26.899  4924  5017 E TestRunner: 	at com.wix.detox.reactnative.idlingresources.factory.FabricDetoxIdlingResourceFactoryStrategy$create$2.invokeSuspend(FabricDetoxIdlingResourceFactoryStrategy.kt:19)
03-14 21:39:26.899  4924  5017 E TestRunner: 	at com.wix.detox.reactnative.idlingresources.factory.FabricDetoxIdlingResourceFactoryStrategy$create$2.invoke(Unknown Source:8)
03-14 21:39:26.899  4924  5017 E TestRunner: 	at com.wix.detox.reactnative.idlingresources.factory.FabricDetoxIdlingResourceFactoryStrategy$create$2.invoke(Unknown Source:4)
03-14 21:39:26.899  4924  5017 E TestRunner: 	at kotlinx.coroutines.intrinsics.UndispatchedKt.startUndspatched(Undispatched.kt:66)
03-14 21:39:26.899  4924  5017 E TestRunner: 	at kotlinx.coroutines.intrinsics.UndispatchedKt.startUndispatchedOrReturn(Undispatched.kt:43)
03-14 21:39:26.899  4924  5017 E TestRunner: 	at kotlinx.coroutines.BuildersKt__Builders_commonKt.withContext(Builders.common.kt:165)
03-14 21:39:26.899  4924  5017 E TestRunner: 	at kotlinx.coroutines.BuildersKt.withContext(Unknown Source:1)
03-14 21:39:26.899  4924  5017 E TestRunner: 	at com.wix.detox.reactnative.idlingresources.factory.FabricDetoxIdlingResourceFactoryStrategy.create(FabricDetoxIdlingResourceFactoryStrategy.kt:18)
03-14 21:39:26.899  4924  5017 E TestRunner: 	at com.wix.detox.reactnative.idlingresources.factory.DetoxIdlingResourceFactory$create$2.invokeSuspend(DetoxIdlingResourceFactory.kt:18)
03-14 21:39:26.899  4924  5017 E TestRunner: 	at kotlin.coroutines.jvm.internal.BaseContinuationImpl.resumeWith(ContinuationImpl.kt:33)
03-14 21:39:26.899  4924  5017 E TestRunner: 	at kotlinx.coroutines.DispatchedTask.run(DispatchedTask.kt:100)
03-14 21:39:26.899  4924  5017 E TestRunner: 	at android.os.Handler.handleCallback(Handler.java:959)
03-14 21:39:26.899  4924  5017 E TestRunner: 	at android.os.Handler.dispatchMessage(Handler.java:100)
03-14 21:39:26.899  4924  5017 E TestRunner: 	at android.os.Looper.loopOnce(Looper.java:232)
03-14 21:39:26.899  4924  5017 E TestRunner: 	at android.os.Looper.loop(Looper.java:317)
03-14 21:39:26.899  4924  5017 E TestRunner: 	at android.app.ActivityThread.main(ActivityThread.java:8705)
03-14 21:39:26.899  4924  5017 E TestRunner: 	at java.lang.reflect.Method.invoke(Native Method)
03-14 21:39:26.899  4924  5017 E TestRunner: 	at com.android.internal.os.RuntimeInit$MethodAndArgsCaller.run(RuntimeInit.java:580)
03-14 21:39:26.899  4924  5017 E TestRunner: 	at com.android.internal.os.ZygoteInit.main(ZygoteInit.java:886)
03-14 21:39:26.903  4924  5017 E TestRunner: ----- end exception -----
03-14 21:39:26.905  4924  5017 I TestRunner: finished: runDetoxTests(com.mcfuzzysquirrel.studentfinance.DetoxTest)
03-14 21:39:26.933  4924  5017 I MonitoringInstr: Unstopped activity count: 1
03-14 21:39:26.933  4924  5041 D DetoxWSClient: Received action 'invoke' (ID #2, params={"target":{"type":"Class","value":"com.wix.detox.espresso.EspressoDetox"},"method":"perform","args":[{"type":"Invocation","value":{"target":{"type":"Class","value":"com.wix.detox.espresso.DetoxMatcher"},"method":"matcherForTestId","args":["dashboard-add-expense-button",{"type":"boolean","value":false}]}},{"type":"Invocation","value":{"target":{"type":"Class","value":"com.wix.detox.espresso.DetoxViewActions"},"method":"click","args":[]}}]})
03-14 21:39:26.935  4924  5036 I DetoxDispatcher: Handling action 'invoke' (ID #2)...
03-14 21:39:26.949  4924  5036 D Detox   : class com.wix.detox.espresso.DetoxMatcher, matcherForTestId, [dashboard-add-expense-button, false]
03-14 21:39:26.983  4924  5017 I MonitoringInstr: Unstopped activity count: 1
03-14 21:39:26.991  4924  5036 D Detox   : class com.wix.detox.espresso.DetoxViewActions, click, []
03-14 21:39:27.007  4924  5036 W .studentfinance: Accessing hidden method Landroid/view/ViewConfiguration;->getDoubleTapMinTime()I (unsupported, reflection, allowed)
03-14 21:39:27.009  4924  4968 I .studentfinance: Compiler allocated 5417KB to compile void android.view.ViewRootImpl.performTraversals()
03-14 21:39:27.010  4924  5036 D Detox   : class com.wix.detox.espresso.EspressoDetox, perform, [(view.getTag() is "dashboard-add-expense-button" and view has effective visibility <VISIBLE>), com.wix.detox.espresso.action.RNClickAction@deb8e84]
03-14 21:39:27.034  4924  5017 I MonitoringInstr: Unstopped activity count: 1
03-14 21:39:27.108  4924  5017 I MonitoringInstr: Unstopped activity count: 1
03-14 21:39:27.187  4924  5017 I MonitoringInstr: Unstopped activity count: 1
03-14 21:39:27.189  4924  4924 D VRI[MainActivity]: visibilityChanged oldVisibility=true newVisibility=false
03-14 21:39:27.225  4924  4924 W RootViewPicker: No activity currently resumed - waiting: 10ms for one to appear.
03-14 21:39:27.237  4924  5017 I MonitoringInstr: Unstopped activity count: 1
03-14 21:39:27.238  4924  4924 W RootViewPicker: No activity currently resumed - waiting: 50ms for one to appear.
03-14 21:39:27.290  4924  5017 I MonitoringInstr: Unstopped activity count: 1
03-14 21:39:27.293  4924  4924 W RootViewPicker: No activity currently resumed - waiting: 100ms for one to appear.
03-14 21:39:27.340  4924  5017 I MonitoringInstr: Unstopped activity count: 1
03-14 21:39:27.393  4924  5017 I MonitoringInstr: Unstopped activity count: 1
03-14 21:39:27.397  4924  4924 D LifecycleMonitor: Lifecycle status change: com.mcfuzzysquirrel.studentfinance.MainActivity@6629590 in: STOPPED
03-14 21:39:27.402  4924  4924 D LifecycleMonitor: Lifecycle st