--------- beginning of main
03-14 21:39:54.017  6256  6256 W ziparchive: Unable to open '/data/app/~~B5QgEdVvRmX_CqXPubvJWw==/com.mcfuzzysquirrel.studentfinance-NoWu1QK29jruDUPx0stu3w==/base.dm': No such file or directory
03-14 21:39:54.017  6256  6256 W ziparchive: Unable to open '/data/app/~~B5QgEdVvRmX_CqXPubvJWw==/com.mcfuzzysquirrel.studentfinance-NoWu1QK29jruDUPx0stu3w==/base.dm': No such file or directory
03-14 21:39:54.286  6256  6256 I AndroidJUnitRunner: newApplication com.mcfuzzysquirrel.studentfinance.MainApplication
03-14 21:39:54.310  6256  6256 I AndroidJUnitRunner: onCreate Bundle[mParcelledData.dataSize=240]
03-14 21:39:54.312  6256  6256 D AndroidJUnitRunner: Use the raw file system for managing file I/O.
03-14 21:39:54.400  6256  6256 V TestEventClient: No service name argument was given (testDiscoveryService, testRunEventService or orchestratorService)
03-14 21:39:54.401  6256  6283 D AndroidJUnitRunner: onStart is called.
03-14 21:39:54.404  6256  6256 W SoLoader: Initializing SoLoader: 0
03-14 21:39:54.406  6256  6256 W SoLoader: Recording new base apk path: /data/app/~~B5QgEdVvRmX_CqXPubvJWw==/com.mcfuzzysquirrel.studentfinance-NoWu1QK29jruDUPx0stu3w==/base.apk
03-14 21:39:54.406  6256  6256 W SoLoader: Previously recorded 0 base apk paths.
03-14 21:39:54.408  6256  6256 I SoLoader: Preparing SO source: DirectorySoSource[root = /vendor/lib64 flags = 2]
03-14 21:39:54.409  6256  6256 I SoLoader: Preparing SO source: DirectorySoSource[root = /system/lib64 flags = 2]
03-14 21:39:54.409  6256  6256 I SoLoader: Preparing SO source: DirectApkSoSource[root = [/data/app/~~B5QgEdVvRmX_CqXPubvJWw==/com.mcfuzzysquirrel.studentfinance-NoWu1QK29jruDUPx0stu3w==/base.apk!/lib/x86_64]]
03-14 21:39:54.421  6256  6256 I SoLoader: Preparing SO source: ApplicationSoSource[DirectorySoSource[root = /data/app/~~B5QgEdVvRmX_CqXPubvJWw==/com.mcfuzzysquirrel.studentfinance-NoWu1QK29jruDUPx0stu3w==/lib/x86_64 flags = 0]]
03-14 21:39:54.422  6256  6256 I SoLoader: init finish: 4 SO sources prepared
03-14 21:39:54.422  6256  6256 W SoLoader: SoLoader initialized: 8
03-14 21:39:54.443  6256  6256 D nativeloader: Load /data/app/~~B5QgEdVvRmX_CqXPubvJWw==/com.mcfuzzysquirrel.studentfinance-NoWu1QK29jruDUPx0stu3w==/base.apk!/lib/x86_64/libc++_shared.so using ns clns-7 from class loader (caller=/data/app/~~B5QgEdVvRmX_CqXPubvJWw==/com.mcfuzzysquirrel.studentfinance-NoWu1QK29jruDUPx0stu3w==/base.apk): ok
03-14 21:39:54.473  6256  6256 D nativeloader: Load /data/app/~~B5QgEdVvRmX_CqXPubvJWw==/com.mcfuzzysquirrel.studentfinance-NoWu1QK29jruDUPx0stu3w==/base.apk!/lib/x86_64/libjsi.so using ns clns-7 from class loader (caller=/data/app/~~B5QgEdVvRmX_CqXPubvJWw==/com.mcfuzzysquirrel.studentfinance-NoWu1QK29jruDUPx0stu3w==/base.apk): ok
03-14 21:39:54.485  6256  6256 D nativeloader: Load /data/app/~~B5QgEdVvRmX_CqXPubvJWw==/com.mcfuzzysquirrel.studentfinance-NoWu1QK29jruDUPx0stu3w==/base.apk!/lib/x86_64/libfbjni.so using ns clns-7 from class loader (caller=/data/app/~~B5QgEdVvRmX_CqXPubvJWw==/com.mcfuzzysquirrel.studentfinance-NoWu1QK29jruDUPx0stu3w==/base.apk): ok
03-14 21:39:54.495  6256  6256 D nativeloader: Load /data/app/~~B5QgEdVvRmX_CqXPubvJWw==/com.mcfuzzysquirrel.studentfinance-NoWu1QK29jruDUPx0stu3w==/base.apk!/lib/x86_64/libreactnative.so using ns clns-7 from class loader (caller=/data/app/~~B5QgEdVvRmX_CqXPubvJWw==/com.mcfuzzysquirrel.studentfinance-NoWu1QK29jruDUPx0stu3w==/base.apk): ok
03-14 21:39:54.495  6256  6256 D jni_lib_merge: Entering merged library JNI_OnLoad.
03-14 21:39:54.495  6256  6256 D jni_lib_merge: Preparing 12 pre-merged libs (including stub)
03-14 21:39:54.495  6256  6256 D jni_lib_merge: Preparing to register libfabricjni_so.  onload_func: 0x738c171b8730
03-14 21:39:54.495  6256  6256 D jni_lib_merge: Preparing to register libreact_devsupportjni_so.  onload_func: 0x738c173b5190
03-14 21:39:54.495  6256  6256 D jni_lib_merge: Preparing to register libreact_featureflagsjni_so.  onload_func: 0x738c173c6910
03-14 21:39:54.495  6256  6256 D jni_lib_merge: Preparing to register libreact_newarchdefaults_so.  onload_func: 0x738c17467d20
03-14 21:39:54.495  6256  6256 D jni_lib_merge: Preparing to register libreactnativeblob_so.  onload_func: 0x738c176722e0
03-14 21:39:54.495  6256  6256 D jni_lib_merge: Preparing to register libreactnativejni_so.  onload_func: 0x738c176b2770
03-14 21:39:54.495  6256  6256 D jni_lib_merge: Preparing to register libreactnativejni_common_so.  onload_func: 0x738c176c25d0
03-14 21:39:54.495  6256  6256 D jni_lib_merge: Preparing to register librninstance_so.  onload_func: 0x738c176ff4c0
03-14 21:39:54.495  6256  6256 D jni_lib_merge: Preparing to register libturbomodulejsijni_so.  onload_func: 0x738c17860c00
03-14 21:39:54.495  6256  6256 D jni_lib_merge: Preparing to register libuimanagerjni_so.  onload_func: 0x738c17878de0
03-14 21:39:54.495  6256  6256 D jni_lib_merge: Preparing to register libyoga_so.  onload_func: 0x738c17887d70
03-14 21:39:54.495  6256  6256 D jni_lib_merge: About to register 11 actual methods.
03-14 21:39:54.515  6256  6256 D nativeloader: Load /data/app/~~B5QgEdVvRmX_CqXPubvJWw==/com.mcfuzzysquirrel.studentfinance-NoWu1QK29jruDUPx0stu3w==/base.apk!/lib/x86_64/libreact_codegen_rnscreens.so using ns clns-7 from class loader (caller=/data/app/~~B5QgEdVvRmX_CqXPubvJWw==/com.mcfuzzysquirrel.studentfinance-NoWu1QK29jruDUPx0stu3w==/base.apk): ok
03-14 21:39:54.515  6256  6256 D jni_lib_merge: Entering merged library JNI_OnLoad.
03-14 21:39:54.515  6256  6256 D jni_lib_merge: Preparing 12 pre-merged libs (including stub)
03-14 21:39:54.515  6256  6256 D jni_lib_merge: Preparing to register libfabricjni_so.  onload_func: 0x738c171b8730
03-14 21:39:54.515  6256  6256 D jni_lib_merge: Preparing to register libreact_devsupportjni_so.  onload_func: 0x738c173b5190
03-14 21:39:54.515  6256  6256 D jni_lib_merge: Preparing to register libreact_featureflagsjni_so.  onload_func: 0x738c173c6910
03-14 21:39:54.515  6256  6256 D jni_lib_merge: Preparing to register libreact_newarchdefaults_so.  onload_func: 0x738c17467d20
03-14 21:39:54.515  6256  6256 D jni_lib_merge: Preparing to register libreactnativeblob_so.  onload_func: 0x738c176722e0
03-14 21:39:54.515  6256  6256 D jni_lib_merge: Preparing to register libreactnativejni_so.  onload_func: 0x738c176b2770
03-14 21:39:54.515  6256  6256 D jni_lib_merge: Preparing to register libreactnativejni_common_so.  onload_func: 0x738c176c25d0
03-14 21:39:54.515  6256  6256 D jni_lib_merge: Preparing to register librninstance_so.  onload_func: 0x738c176ff4c0
03-14 21:39:54.515  6256  6256 D jni_lib_merge: Preparing to register libturbomodulejsijni_so.  onload_func: 0x738c17860c00
03-14 21:39:54.515  6256  6256 D jni_lib_merge: Preparing to register libuimanagerjni_so.  onload_func: 0x738c17878de0
03-14 21:39:54.515  6256  6256 D jni_lib_merge: Preparing to register libyoga_so.  onload_func: 0x738c17887d70
03-14 21:39:54.515  6256  6256 D jni_lib_merge: About to register 11 actual methods.
03-14 21:39:54.523  6256  6256 D nativeloader: Load /data/app/~~B5QgEdVvRmX_CqXPubvJWw==/com.mcfuzzysquirrel.studentfinance-NoWu1QK29jruDUPx0stu3w==/base.apk!/lib/x86_64/libreact_codegen_rnsvg.so using ns clns-7 from class loader (caller=/data/app/~~B5QgEdVvRmX_CqXPubvJWw==/com.mcfuzzysquirrel.studentfinance-NoWu1QK29jruDUPx0stu3w==/base.apk): ok
03-14 21:39:54.523  6256  6256 D jni_lib_merge: Entering merged library JNI_OnLoad.
03-14 21:39:54.524  6256  6256 D jni_lib_merge: Preparing 12 pre-merged libs (including stub)
03-14 21:39:54.524  6256  6256 D jni_lib_merge: Preparing to register libfabricjni_so.  onload_func: 0x738c171b8730
03-14 21:39:54.524  6256  6256 D jni_lib_merge: Preparing to register libreact_devsupportjni_so.  onload_func: 0x738c173b5190
03-14 21:39:54.524  6256  6256 D jni_lib_merge: Preparing to register libreact_featureflagsjni_so.  onload_func: 0x738c173c6910
03-14 21:39:54.524  6256  6256 D jni_lib_merge: Preparing to register libreact_newarchdefaults_so.  onload_func: 0x738c17467d20
03-14 21:39:54.524  6256  6256 D jni_lib_merge: Preparing to register libreactnativeblob_so.  onload_func: 0x738c176722e0
03-14 21:39:54.524  6256  6256 D jni_lib_merge: Preparing to register libreactnativejni_so.  onload_func: 0x738c176b2770
03-14 21:39:54.524  6256  6256 D jni_lib_merge: Preparing to register libreactnativejni_common_so.  onload_func: 0x738c176c25d0
03-14 21:39:54.524  6256  6256 D jni_lib_merge: Preparing to register librninstance_so.  onload_func: 0x738c176ff4c0
03-14 21:39:54.524  6256  6256 D jni_lib_merge: Preparing to register libturbomodulejsijni_so.  onload_func: 0x738c17860c00
03-14 21:39:54.524  6256  6256 D jni_lib_merge: Preparing to register libuimanagerjni_so.  onload_func: 0x738c17878de0
03-14 21:39:54.524  6256  6256 D jni_lib_merge: Preparing to register libyoga_so.  onload_func: 0x738c17887d70
03-14 21:39:54.524  6256  6256 D jni_lib_merge: About to register 11 actual methods.
03-14 21:39:54.532  6256  6256 D nativeloader: Load /data/app/~~B5QgEdVvRmX_CqXPubvJWw==/com.mcfuzzysquirrel.studentfinance-NoWu1QK29jruDUPx0stu3w==/base.apk!/lib/x86_64/libreact_codegen_safeareacontext.so using ns clns-7 from class loader (caller=/data/app/~~B5QgEdVvRmX_CqXPubvJWw==/com.mcfuzzysquirrel.studentfinance-NoWu1QK29jruDUPx0stu3w==/base.apk): ok
03-14 21:39:54.536  6256  6256 D nativeloader: Load /data/app/~~B5QgEdVvRmX_CqXPubvJWw==/com.mcfuzzysquirrel.studentfinance-NoWu1QK29jruDUPx0stu3w==/base.apk!/lib/x86_64/libappmodules.so using ns clns-7 from class loader (caller=/data/app/~~B5QgEdVvRmX_CqXPubvJWw==/com.mcfuzzysquirrel.studentfinance-NoWu1QK29jruDUPx0stu3w==/base.apk): ok
03-14 21:39:54.593  6256  6283 I InstrConnection: Could not send broadcast or register receiver (isolatedProcess?)
03-14 21:39:54.596  6256  6283 D TestRequestBuilder: Using class path scanning to discover tests
03-14 21:39:54.596  6256  6283 I TestRequestBuilder: Scanning classpath to find tests in paths [/data/app/~~n8MwQj-PD0TbQPvbD1QoLQ==/com.mcfuzzysquirrel.studentfinance.test-CuEsl40PnJ__ciyWTaqGgw==/base.apk]
03-14 21:39:54.597  6256  6283 W .studentfinance: Opening an oat file without a class loader. Are you using the deprecated DexFile APIs?
03-14 21:39:55.027  6256  6283 I TestRunner: run started: 1 tests
03-14 21:39:55.028  6256  6283 I TestRunner: started: runDetoxTests(com.mcfuzzysquirrel.studentfinance.DetoxTest)
03-14 21:39:55.033  6256  6283 I Detox   : Detox server connection details: url=ws://localhost:37507, sessionId=2dd5bb86-51cd-00e4-6c1c-3f5b400fe5da
03-14 21:39:55.040  6256  6283 I Tracing : Tracer added: class androidx.test.platform.tracing.AndroidXTracer
03-14 21:39:55.054  6256  6283 W .studentfinance: Accessing hidden field Ljava/lang/reflect/Field;->accessFlags:I (unsupported, reflection, allowed)
03-14 21:39:55.057  6256  6283 I Detox   : Connecting to server...
03-14 21:39:55.057  6256  6283 I DetoxWSClient: At connectToServer
03-14 21:39:55.113  6256  6297 D TrafficStats: tagSocket(102) with statsTag=0xffffffff, statsUid=-1
03-14 21:39:55.126  6256  6297 D DetoxWSClient: At onOpen
03-14 21:39:55.126  6256  6297 I DetoxWSClient: Sending out action 'login' (ID #0)
03-14 21:39:55.128  6256  6297 I Detox   : Connected to server!
03-14 21:39:55.130  6256  6297 D DetoxWSClient: Received action 'loginSuccess' (ID #0, params={"testerConnected":true,"appConnected":true})
03-14 21:39:55.132  6256  6293 I DetoxDispatcher: Handling action 'loginSuccess' (ID #0)...
03-14 21:39:55.132  6256  6293 I DetoxDispatcher: Done with action 'loginSuccess'
03-14 21:39:55.132  6256  6283 I Detox   : Launching the tested activity!
03-14 21:39:55.178  6256  6297 D DetoxWSClient: Received action 'isReady' (ID #-1000, params={})
03-14 21:39:55.178  6256  6293 I DetoxDispatcher: Handling action 'isReady' (ID #-1000)...
03-14 21:39:55.359  6256  6256 D AppCompatDelegate: Checking for metadata for AppLocalesMetadataHolderService : Service not found
03-14 21:39:55.407  6256  6256 D LifecycleMonitor: Lifecycle status change: com.mcfuzzysquirrel.studentfinance.MainActivity@eebbe89 in: PRE_ON_CREATE
03-14 21:39:55.763  6256  6319 D TrafficStats: tagSocket(109) with statsTag=0xffffffff, statsUid=-1
03-14 21:39:55.795  6256  6319 W unknown:ReconnectingWebSocket: Couldn't connect to "ws://10.0.2.2:8081/message?device=sdk_gphone64_x86_64%20-%2015%20-%20API%2035&app=com.mcfuzzysquirrel.studentfinance&clientid=BridgelessDevSupportManager", will silently retry
03-14 21:39:55.832  6256  6256 W unknown:BridgelessReact: ReactHost{0}.startSurface(surfaceId = 0): Schedule
03-14 21:39:55.835  6256  6256 W unknown:BridgelessReact: ReactHost{0}.attachSurface(surfaceId = 0)
03-14 21:39:55.838  6256  6323 W unknown:BridgelessReact: ReactHost{0}.getOrCreateReactInstanceTask()
03-14 21:39:55.838  6256  6323 W unknown:BridgelessReact: ReactHost{0}.getOrCreateReactInstanceTask(): Start
03-14 21:39:55.838  6256  6323 D Detox.RNMarker: REACT_BRIDGELESS_LOADING_START (null)
03-14 21:39:55.838  6256  6323 W unknown:BridgelessReact: ReactHost{0}.getJSBundleLoader()
03-14 21:39:55.838  6256  6323 W unknown:BridgelessReact: ReactHost{0}.isMetroRunning()
03-14 21:39:55.846  6256  6324 D TrafficStats: tagSocket(109) with statsTag=0xffffffff, statsUid=-1
03-14 21:39:55.851  6256  6324 W unknown:ReactNative: The packager does not seem to be running as we got an IOException requesting its status: Failed to connect to /10.0.2.2:8081
03-14 21:39:55.851  6256  6324 W unknown:BridgelessReact: ReactHost{0}.isMetroRunning(): Async result = false
03-14 21:39:55.864  6256  6323 W unknown:BridgelessReact: ReactHost{0}.getOrCreateReactInstanceTask(): Creating BridgelessReactContext
03-14 21:39:55.866  6256  6323 W unknown:BridgelessReact: ReactHost{0}.getOrCreateReactInstanceTask(): Creating ReactInstance
03-14 21:39:55.878  6256  6256 W .studentfinance: Accessing hidden method Landroid/view/ViewGroup;->makeOptionalFitsSystemWindows()V (unsupported, reflection, allowed)
03-14 21:39:55.881  6256  6256 D LifecycleMonitor: Lifecycle status change: com.mcfuzzysquirrel.studentfinance.MainActivity@eebbe89 in: CREATED
03-14 21:39:55.882  6256  6256 D LifecycleMonitor: Lifecycle status change: com.mcfuzzysquirrel.studentfinance.MainActivity@eebbe89 in: STARTED
03-14 21:39:55.887  6256  6256 W unknown:BridgelessReact: ReactHost{0}.onHostResume(activity)
03-14 21:39:55.887  6256  6256 W unknown:ReactNative: Packager connection already open, nooping.
03-14 21:39:55.887  6256  6256 W unknown:BridgelessReact: ReactHost{0}.ReactContext.onHostResume()
03-14 21:39:55.888  6256  6256 D LifecycleMonitor: Lifecycle status change: com.mcfuzzysquirrel.studentfinance.MainActivity@eebbe89 in: RESUMED
03-14 21:39:55.896  6256  6256 W HWUI    : Unknown dataspace 0
03-14 21:39:55.908  6256  6330 D TrafficStats: tagSocket(117) with statsTag=0xffffffff, statsUid=-1
03-14 21:39:55.916  6256  6323 D nativeloader: Load /data/app/~~B5QgEdVvRmX_CqXPubvJWw==/com.mcfuzzysquirrel.studentfinance-NoWu1QK29jruDUPx0stu3w==/base.apk!/lib/x86_64/libhermesvm.so using ns clns-7 from class loader (caller=/data/app/~~B5QgEdVvRmX_CqXPubvJWw==/com.mcfuzzysquirrel.studentfinance-NoWu1QK29jruDUPx0stu3w==/base.apk): ok
03-14 21:39:55.918  6256  6323 D nativeloader: Load /data/app/~~B5QgEdVvRmX_CqXPubvJWw==/com.mcfuzzysquirrel.studentfinance-NoWu1QK29jruDUPx0stu3w==/base.apk!/lib/x86_64/libhermestooling.so using ns clns-7 from class loader (caller=/data/app/~~B5QgEdVvRmX_CqXPubvJWw==/com.mcfuzzysquirrel.studentfinance-NoWu1QK29jruDUPx0stu3w==/base.apk): ok
03-14 21:39:55.919  6256  6323 D jni_lib_merge: Entering merged library JNI_OnLoad.
03-14 21:39:55.921  6256  6323 D jni_lib_merge: Preparing 4 pre-merged libs (including stub)
03-14 21:39:55.921  6256  6323 D jni_lib_merge: Preparing to register libhermes_executor_so.  onload_func: 0x738c0dd6f050
03-14 21:39:55.921  6256  6323 D jni_lib_merge: Preparing to register libhermesinstancejni_so.  onload_func: 0x738c0dda5680
03-14 21:39:55.921  6256  6323 D jni_lib_merge: Preparing to register libjsijniprofiler_so.  onload_func: 0x738c0dda73f0
03-14 21:39:55.921  6256  6323 D jni_lib_merge: About to register 3 actual methods.
03-14 21:39:55.983  6256  6304 I EGL_emulation: Opening libGLESv1_CM_emulation.so
03-14 21:39:55.984  6256  6304 I EGL_emulation: Opening libGLESv2_emulation.so
03-14 21:39:55.998  6256  6304 W HWUI    : Failed to initialize 101010-2 format, error = EGL_SUCCESS
03-14 21:39:56.056  6256  6304 I Gralloc4: mapper 4.x is not supported
03-14 21:39:56.238  6256  6323 I ExpoModulesCore: ✅ AppContext was initialized
03-14 21:39:56.445  6256  6323 W unknown:BridgelessReact: ReactHost{0}.getOrCreateReactInstanceTask(): Loading JS Bundle
03-14 21:39:56.450  6256  6256 D DetoxRNLoading: Got new RN-context directly and immediately
03-14 21:39:56.451  6256  6283 I DetoxRNIdleRes: Setting up Espresso Idling Resources for React Native
03-14 21:39:56.462  6256  6325 W .studentfinance: Accessing hidden method Landroid/os/MessageQueue;->next()Landroid/os/Message; (unsupported, reflection, allowed)
03-14 21:39:56.462  6256  6325 W .studentfinance: Accessing hidden field Landroid/os/MessageQueue;->mMessages:Landroid/os/Message; (unsupported, reflection, allowed)
03-14 21:39:56.462  6256  6325 W .studentfinance: Accessing hidden method Landroid/os/Message;->recycleUnchecked()V (unsupported, reflection, allowed)
03-14 21:39:56.465  6256  6256 D DetoxRNHelpers: Native RN module resolution (class com.reactnativecommunity.asyncstorage.AsyncStorageModule): no such class
03-14 21:39:56.478  6256  6283 D IdlingRegistry: Registering idling resources: [com.wix.detox.reactnative.idlingresources.uimodule.fabric.FabricUIManagerIdlingResources@7ee14fc]
03-14 21:39:56.478  6256  6283 D IdlingRegistry: Registering idling resources: [com.wix.detox.reactnative.idlingresources.animations.AnimatedModuleIdlingResource@1abe785]
03-14 21:39:56.478  6256  6283 D IdlingRegistry: Registering idling resources: [com.wix.detox.reactnative.idlingresources.timers.FabricTimersIdlingResource@c9a49da]
03-14 21:39:56.478  6256  6283 D IdlingRegistry: Registering idling resources: [com.wix.detox.reactnative.idlingresources.network.NetworkIdlingResource@8ce0e0b]
03-14 21:39:56.478  6256  6283 D IdlingRegistry: Registering idling resources: [com.wix.detox.reactnative.idlingresources.StabilizedIdlingResource@f8584e8]
03-14 21:39:56.946  6256  6262 I .studentfinance: Compiler allocated 5174KB to compile void android.view.ViewRootImpl.performTraversals()
03-14 21:39:57.005  6256  6256 D DetoxRNHelpers: Native RN module resolution (class com.reactnativecommunity.asyncstorage.AsyncStorageModule): no such class
03-14 21:39:57.007  6256  6293 W .studentfinance: Long monitor contention with owner Instr: androidx.test.runner.AndroidJUnitRunner (6283) at void com.wix.detox.DetoxMain.launchActivityOnCue(android.content.Context, com.wix.detox.ActivityLaunchHelper)(DetoxMain.kt:53) waiters=0 in void com.wix.detox.DetoxMain$setupActionHandlers$SynchronizedActionHandler.handle(java.lang.String, long) for 1.829s
03-14 21:39:57.008  6256  6256 W unknown:BridgelessReact: ReactHost{0}.handleHostException(message = "Unable to load script.
03-14 21:39:57.008  6256  6256 W unknown:BridgelessReact: 
03-14 21:39:57.008  6256  6256 W unknown:BridgelessReact: Make sure you're running Metro or that your bundle 'index.android.bundle' is packaged correctly for release.
03-14 21:39:57.008  6256  6256 W unknown:BridgelessReact: 
03-14 21:39:57.008  6256  6256 W unknown:BridgelessReact: The device must either be USB connected (with bundler set to "localhost:8081") or be on the same Wi-Fi network as your computer (with bundler set to your computer IP) to connect to Metro.
03-14 21:39:57.008  6256  6256 W unknown:BridgelessReact: 
03-14 21:39:57.008  6256  6256 W unknown:BridgelessReact: If you're using USB on a physical device, make sure you also run this command:
03-14 21:39:57.008  6256  6256 W unknown:BridgelessReact:   adb reverse tcp:8081 tcp:8081")
03-14 21:39:57.010  6256  6256 E unknown:ReactNative: Exception in native call
03-14 21:39:57.010  6256  6256 E unknown:ReactNative: java.lang.RuntimeException: Unable to load script.
03-14 21:39:57.010  6256  6256 E unknown:ReactNative: 
03-14 21:39:57.010  6256  6256 E unknown:ReactNative: Make sure you're running Metro or that your bundle 'index.android.bundle' is packaged correctly for release.
03-14 21:39:57.010  6256  6256 E unknown:ReactNative: 
03-14 21:39:57.010  6256  6256 E unknown:ReactNative: The device must either be USB connected (with bundler set to "localhost:8081") or be on the same Wi-Fi network as your computer (with bundler set to your computer IP) to connect to Metro.
03-14 21:39:57.010  6256  6256 E unknown:ReactNative: 
03-14 21:39:57.010  6256  6256 E unknown:ReactNative: If you're using USB on a physical device, make sure you also run this command:
03-14 21:39:57.010  6256  6256 E unknown:ReactNative:   adb reverse tcp:8081 tcp:8081
03-14 21:39:57.010  6256  6256 E unknown:ReactNative: 	at com.facebook.react.runtime.ReactInstance.loadJSBundleFromAssets(Native Method)
03-14 21:39:57.010  6256  6256 E unknown:ReactNative: 	at com.facebook.react.runtime.ReactInstance.access$loadJSBundleFromAssets(ReactInstance.kt:84)
03-14 21:39:57.010  6256  6256 E unknown:ReactNative: 	at com.facebook.react.runtime.ReactInstance$loadJSBundle$1.loadScriptFromAssets(ReactInstance.kt:324)
03-14 21:39:57.010  6256  6256 E unknown:ReactNative: 	at com.facebook.react.bridge.JSBundleLoader$Companion$createAssetLoader$1.loadScript(JSBundleLoader.kt:33)
03-14 21:39:57.010  6256  6256 E unknown:ReactNative: 	at com.facebook.react.runtime.ReactInstance.loadJSBundle(ReactInstance.kt:303)
03-14 21:39:57.010  6256  6256 E unknown:ReactNative: 	at com.facebook.react.runtime.ReactHostImpl.getOrCreateReactInstanceTask$lambda$44$lambda$40(ReactHostImpl.kt:1015)
03-14 21:39:57.010  6256  6256 E unknown:ReactNative: 	at com.facebook.react.runtime.ReactHostImpl.$r8$lambda$kGNcmxBxZbp8b1wWTaqIXDdkV8g(Unknown Source:0)
03-14 21:39:57.010  6256  6256 E unknown:ReactNative: 	at com.facebook.react.runtime.ReactHostImpl$$ExternalSyntheticLambda24.then(D8$$SyntheticClass:0)
03-14 21:39:57.010  6256  6256 E unknown:ReactNative: 	at com.facebook.react.runtime.internal.bolts.Task$Companion.completeImmediately$lambda$3(Task.kt:360)
03-14 21:39:57.010  6256  6256 E unknown:ReactNative: 	at com.facebook.react.runtime.internal.bolts.Task$Companion.$r8$lambda$b7MTC0ufkn_2TjF4BGcNqGR9qK0(Unknown Source:0)
03-14 21:39:57.010  6256  6256 E unknown:ReactNative: 	at com.facebook.react.runtime.internal.bolts.Task$Companion$$ExternalSyntheticLambda3.run(D8$$SyntheticClass:0)
03-14 21:39:57.010  6256  6256 E unknown:ReactNative: 	at com.facebook.react.runtime.internal.bolts.Executors$ImmediateExecutor.execute(Executors.kt:41)
03-14 21:39:57.010  6256  6256 E unknown:ReactNative: 	at com.facebook.react.runtime.internal.bolts.Task$Companion.completeImmediately(Task.kt:358)
03-14 21:39:57.010  6256  6256 E unknown:ReactNative: 	at com.facebook.react.runtime.internal.bolts.Task$Companion.access$completeImmediately(Task.kt:254)
03-14 21:39:57.010  6256  6256 E unknown:ReactNative: 	at com.facebook.react.runtime.internal.bolts.Task.continueWith(Task.kt:133)
03-14 21:39:57.010  6256  6256 E unknown:ReactNative: 	at com.facebook.react.runtime.internal.bolts.Task.continueWith$default(Task.kt:117)
03-14 21:39:57.010  6256  6256 E unknown:ReactNative: 	at com.facebook.react.runtime.internal.bolts.Task.onSuccess$lambda$12(Task.kt:176)
03-14 21:39:57.010  6256  6256 E unknown:ReactNative: 	at com.facebook.react.runtime.internal.bolts.Task.$r8$lambda$l0wwo5AvbHxlwfI1R7CH_codxoo(Unknown Source:0)
03-14 21:39:57.010  6256  6256 E unknown:ReactNative: 	at com.facebook.react.runtime.internal.bolts.Task$$ExternalSyntheticLambda2.then(D8$$SyntheticClass:0)
03-14 21:39:57.010  6256  6256 E unknown:ReactNative: 	at com.facebook.react.runtime.internal.bolts.Task$Companion.completeAfterTask$lambda$5(Task.kt:394)
03-14 21:39:57.010  6256  6256 E unknown:ReactNative: 	at com.facebook.react.runtime.internal.bolts.Task$Companion.$r8$lambda$IPpysnehFwANEiW061YzapkMdoE(Unknown Source:0)
03-14 21:39:57.010  6256  6256 E unknown:ReactNative: 	at com.facebook.react.runtime.internal.bolts.Task$Companion$$ExternalSyntheticLambda4.run(D8$$SyntheticClass:0)
03-14 21:39:57.010  6256  6256 E unknown:ReactNative: 	at java.util.concurrent.ThreadPoolExecutor.runWorker(ThreadPoolExecutor.java:1145)
03-14 21:39:57.010  6256  6256 E unknown:ReactNative: 	at java.util.concurrent.ThreadPoolExecutor$Worker.run(ThreadPoolExecutor.java:644)
03-14 21:39:57.010  6256  6256 E unknown:ReactNative: 	at java.lang.Thread.run(Thread.java:1012)
03-14 21:39:57.011  6256  6256 I Choreographer: Skipped 31 frames!  The application may be doing too much work on its main thread.
03-14 21:39:57.016  6256  6323 W unknown:BridgelessReact: ReactHost{0}.getOrCreateDestroyTask()
03-14 21:39:57.017  6256  6323 W unknown:BridgelessReact: ReactHost{0}.raiseSoftException(getOrCreateDestroyTask()): handleHostException(message = "Unable to load script.
03-14 21:39:57.017  6256  6323 W unknown:BridgelessReact: 
03-14 21:39:57.017  6256  6323 W unknown:BridgelessReact: Make sure you're running Metro or that your bundle 'index.android.bundle' is packaged correctly for release.
03-14 21:39:57.017  6256  6323 W unknown:BridgelessReact: 
03-14 21:39:57.017  6256  6323 W unknown:BridgelessReact: The device must either be USB connected (with bundler set to "localhost:8081") or be on the same Wi-Fi network as your computer (with bundler set to your computer IP) to connect to Metro.
03-14 21:39:57.017  6256  6323 W unknown:BridgelessReact: 
03-14 21:39:57.017  6256  6323 W unknown:BridgelessReact: If you're using USB on a physical device, make sure you also run this command:
03-14 21:39:57.017  6256  6323 W unknown:BridgelessReact:   adb reverse tcp:8081 tcp:8081")
03-14 21:39:57.019  6256  6323 E unknown:ReactHost: Unhandled SoftException
03-14 21:39:57.019  6256  6323 E unknown:ReactHost: com.facebook.react.bridge.ReactNoCrashSoftException: raiseSoftException(getOrCreateDestroyTask()): handleHostException(message = "Unable to load script.
03-14 21:39:57.019  6256  6323 E unknown:ReactHost: 
03-14 21:39:57.019  6256  6323 E unknown:ReactHost: Make sure you're running Metro or that your bundle 'index.android.bundle' is packaged correctly for release.
03-14 21:39:57.019  6256  6323 E unknown:ReactHost: 
03-14 21:39:57.019  6256  6323 E unknown:ReactHost: The device must either be USB connected (with bundler set to "localhost:8081") or be on the same Wi-Fi network as your computer (with bundler set to your computer IP) to connect to Metro.
03-14 21:39:57.019  6256  6323 E unknown:ReactHost: 
03-14 21:39:57.019  6256  6323 E unknown:ReactHost: If you're using USB on a physical device, make sure you also run this command:
03-14 21:39:57.019  6256  6323 E unknown:ReactHost:   adb reverse tcp:8081 tcp:8081")
03-14 21:39:57.019  6256  6323 E unknown:ReactHost: 	at com.facebook.react.runtime.ReactHostImpl.raiseSoftException(ReactHostImpl.kt:861)
03-14 21:39:57.019  6256  6323 E unknown:ReactHost: 	at com.facebook.react.runtime.ReactHostImpl.getOrCreateDestroyTask(ReactHostImpl.kt:1422)
03-14 21:39:57.019  6256  6323 E unknown:ReactHost: 	at com.facebook.react.runtime.ReactHostImpl.destroy$lambda$11(ReactHostImpl.kt:500)
03-14 21:39:57.019  6256  6323 E unknown:ReactHost: 	at com.facebook.react.runtime.ReactHostImpl.$r8$lambda$RqPT6VdmhA-RKBsb9qAdshHTgug(Unknown Source:0)
03-14 21:39:57.019  6256  6323 E unknown:ReactHost: 	at com.facebook.react.runtime.ReactHostImpl$$ExternalSyntheticLambda35.call(D8$$SyntheticClass:0)
03-14 21:39:57.019  6256  6323 E unknown:ReactHost: 	at com.facebook.react.runtime.internal.bolts.Task$Companion.call$lambda$2(Task.kt:319)
03-14 21:39:57.019  6256  6323 E unknown:ReactHost: 	at com.facebook.react.runtime.internal.bolts.Task$Companion.$r8$lambda$MFqd_-X5KhHmu0hvNE2Bec_4mJM(Unknown Source:0)
03-14 21:39:57.019  6256  6323 E unknown:ReactHost: 	at com.facebook.react.runtime.internal.bolts.Task$Companion$$ExternalSyntheticLambda1.run(D8$$SyntheticClass:0)
03-14 21:39:57.019  6256  6323 E unknown:ReactHost: 	at java.util.concurrent.ThreadPoolExecutor.runWorker(ThreadPoolExecutor.java:1145)
03-14 21:39:57.019  6256  6323 E unknown:ReactHost: 	at java.util.concurrent.ThreadPoolExecutor$Worker.run(ThreadPoolExecutor.java:644)
03-14 21:39:57.019  6256  6323 E unknown:ReactHost: 	at java.lang.Thread.run(Thread.java:1012)
03-14 21:39:57.019  6256  6323 E unknown:ReactHost: Caused by: java.lang.RuntimeException: Unable to load script.
03-14 21:39:57.019  6256  6323 E unknown:ReactHost: 
03-14 21:39:57.019  6256  6323 E unknown:ReactHost: Make sure you're running Metro or that your bundle 'index.android.bundle' is packaged correctly for release.
03-14 21:39:57.019  6256  6323 E unknown:ReactHost: 
03-14 21:39:57.019  6256  6323 E unknown:ReactHost: The device must either be USB connected (with bundler set to "localhost:8081") or be on the same Wi-Fi network as your computer (with bundler set to your computer IP) to connect to Metro.
03-14 21:39:57.019  6256  6323 E unknown:ReactHost: 
03-14 21:39:57.019  6256  6323 E unknown:ReactHost: If you're using USB on a physical device, make sure you also run this command:
03-14 21:39:57.019  6256  6323 E unknown:ReactHost:   adb reverse tcp:8081 tcp:8081
03-14 21:39:57.019  6256  6323 E unknown:ReactHost: 	at com.facebook.react.runtime.ReactInstance.loadJSBundleFromAssets(Native Method)
03-14 21:39:57.019  6256  6323 E unknown:ReactHost: 	at com.facebook.react.runtime.ReactInstance.access$loadJSBundleFromAssets(ReactInstance.kt:84)
03-14 21:39:57.019  6256  6323 E unknown:ReactHost: 	at com.facebook.react.runtime.ReactInstance$loadJSBundle$1.loadScriptFromAssets(ReactInstance.kt:324)
03-14 21:39:57.019  6256  6323 E unknown:ReactHost: 	at com.facebook.react.bridge.JSBundleLoader$Companion$createAssetLoader$1.loadScript(JSBundleLoader.kt:33)
03-14 21:39:57.019  6256  6323 E unknown:ReactHost: 	at com.facebook.react.runtime.ReactInstance.loadJSBundle(ReactInstance.kt:303)
03-14 21:39:57.019  6256  6323 E unknown:ReactHost: 	at com.facebook.react.runtime.ReactHostImpl.getOrCreateReactInstanceTask$lambda$44$lambda$40(ReactHostImpl.kt:1015)
03-14 21:39:57.019  6256  6323 E unknown:ReactHost: 	at com.facebook.react.runtime.ReactHostImpl.$r8$lambda$kGNcmxBxZbp8b1wWTaqIXDdkV8g(Unknown Source:0)
03-14 21:39:57.019  6256  6323 E unknown:ReactHost: 	at com.facebook.react.runtime.ReactHostImpl$$ExternalSyntheticLambda24.then(D8$$SyntheticClass:0)
03-14 21:39:57.019  6256  6323 E unknown:ReactHost: 	at com.facebook.react.runtime.internal.bolts.Task$Companion.completeImmediately$lambda$3(Task.kt:360)
03-14 21:39:57.019  6256  6323 E unknown:ReactHost: 	at com.facebook.react.runtime.internal.bolts.Task$Companion.$r8$lambda$b7MTC0ufkn_2TjF4BGcNqGR9qK0(Unknown Source:0)
03-14 21:39:57.019  6256  6323 E unknown:ReactHost: 	at com.facebook.react.runtime.internal.bolts.Task$Companion$$ExternalSyntheticLambda3.run(D8$$SyntheticClass:0)
03-14 21:39:57.019  6256  6323 E unknown:ReactHost: 	at com.facebook.react.runtime.internal.bolts.Executors$ImmediateExecutor.execute(Executors.kt:41)
03-14 21:39:57.019  6256  6323 E unknown:ReactHost: 	at com.facebook.react.runtime.internal.bolts.Task$Companion.completeImmediately(Task.kt:358)
03-14 21:39:57.019  6256  6323 E unknown:ReactHost: 	at com.facebook.react.runtime.internal.bolts.Task$Companion.access$completeImmediately(Task.kt:254)
03-14 21:39:57.019  6256  6323 E unknown:ReactHost: 	at com.facebook.react.runtime.internal.bolts.Task.continueWith(Task.kt:133)
03-14 21:39:57.019  6256  6323 E unknown:ReactHost: 	at com.facebook.react.runtime.internal.bolts.Task.continueWith$default(Task.kt:117)
03-14 21:39:57.019  6256  6323 E unknown:ReactHost: 	at com.facebook.react.runtime.internal.bolts.Task.onSuccess$lambda$12(Task.kt:176)
03-14 21:39:57.019  6256  6323 E unknown:ReactHost: 	at com.facebook.react.runtime.internal.bolts.Task.$r8$lambda$l0wwo5AvbHxlwfI1R7CH_codxoo(Unknown Source:0)
03-14 21:39:57.019  6256  6323 E unknown:ReactHost: 	at com.facebook.react.runtime.internal.bolts.Task$$ExternalSyntheticLambda2.then(D8$$SyntheticClass:0)
03-14 21:39:57.019  6256  6323 E unknown:ReactHost: 	at com.facebook.react.runtime.internal.bolts.Task$Companion.completeAfterTask$lambda$5(Task.kt:394)
03-14 21:39:57.019  6256  6323 E unknown:ReactHost: 	at com.facebook.react.runtime.internal.bolts.Task$Companion.$r8$lambda$IPpysnehFwANEiW061YzapkMdoE(Unknown Source:0)
03-14 21:39:57.019  6256  6323 E unknown:ReactHost: 	at com.facebook.react.runtime.internal.bolts.Task$Companion$$ExternalSyntheticLambda4.run(D8$$SyntheticClass:0)
03-14 21:39:57.019  6256  6323 E unknown:ReactHost: 	... 3 more
03-14 21:39:57.019  6256  6323 W unknown:BridgelessReact: ReactHost{0}.getOrCreateDestroyTask(): Resetting createReactInstance task ref
03-14 21:39:57.073  6256  6256 W unknown:BridgelessReact: ReactHost{0}.getOrCreateDestroyTask(): Starting React Native destruction
03-14 21:39:57.073  6256  6256 W unknown:BridgelessReact: ReactHost{0}.raiseSoftException(getOrCreateDestroyTask()): Destroy: ReactInstance task faulted. Stage: 1: Starting destroy. Fault reason: Unable to load script.
03-14 21:39:57.073  6256  6256 W unknown:BridgelessReact: 
03-14 21:39:57.073  6256  6256 W unknown:BridgelessReact: Make sure you're running Metro or that your bundle 'index.android.bundle' is packaged correctly for release.
03-14 21:39:57.073  6256  6256 W unknown:BridgelessReact: 
03-14 21:39:57.073  6256  6256 W unknown:BridgelessReact: The device must either be USB connected (with bundler set to "localhost:8081") or be on the same Wi-Fi network as your computer (with bundler set to your computer IP) to connect to Metro.
03-14 21:39:57.073  6256  6256 W unknown:BridgelessReact: 
03-14 21:39:57.073  6256  6256 W unknown:BridgelessReact: If you're using USB on a physical device, make sure you also run this command:
03-14 21:39:57.073  6256  6256 W unknown:BridgelessReact:   adb reverse tcp:8081 tcp:8081. Destroy reason: handleHostException(message = "Unable to load script.
03-14 21:39:57.073  6256  6256 W unknown:BridgelessReact: 
03-14 21:39:57.073  6256  6256 W unknown:BridgelessReact: Make sure you're running Metro or that your bundle 'index.android.bundle' is packaged correctly for release.
03-14 21:39:57.073  6256  6256 W unknown:BridgelessReact: 
03-14 21:39:57.073  6256  6256 W unknown:BridgelessReact: The device must either be USB connected (with bundler set to "localhost:8081") or be on the same Wi-Fi network as your computer (with bundler set to your computer IP) to connect to Metro.
03-14 21:39:57.073  6256  6256 W unknown:BridgelessReact: 
03-14 21:39:57.073  6256  6256 W unknown:BridgelessReact: If you're using USB on a physical device, make sure you also run this command:
03-14 21:39:57.073  6256  6256 W unknown:BridgelessReact:   adb reverse tcp:8081 tcp:8081")
03-14 21:39:57.075  6256  6256 E unknown:ReactHost: Unhandled SoftException
03-14 21:39:57.075  6256  6256 E unknown:ReactHost: com.facebook.react.bridge.ReactNoCrashSoftException: raiseSoftException(getOrCreateDestroyTask()): Destroy: ReactInstance task faulted. Stage: 1: Starting destroy. Fault reason: Unable to load script.
03-14 21:39:57.075  6256  6256 E unknown:ReactHost: 
03-14 21:39:57.075  6256  6256 E unknown:ReactHost: Make sure you're running Metro or that your bundle 'index.android.bundle' is packaged correctly for release.
03-14 21:39:57.075  6256  6256 E unknown:ReactHost: 
03-14 21:39:57.075  6256  6256 E unknown:ReactHost: The device must either be USB connected (with bundler set to "localhost:8081") or be on the same Wi-Fi network as your computer (with bundler set to your computer IP) to connect to Metro.
03-14 21:39:57.075  6256  6256 E unknown:ReactHost: 
03-14 21:39:57.075  6256  6256 E unknown:ReactHost: If you're using USB on a physical device, make sure you also run this command:
03-14 21:39:57.075  6256  6256 E unknown:ReactHost:   adb reverse tcp:8081 tcp:8081. Destroy reason: handleHostException(message = "Unable to load script.
03-14 21:39:57.075  6256  6256 E unknown:ReactHost: 
03-14 21:39:57.075  6256  6256 E unknown:ReactHost: Make sure you're running Metro or that your bundle 'index.android.bundle' is packaged correctly for release.
03-14 21:39:57.075  6256  6256 E unknown:ReactHost: 
03-14 21:39:57.075  6256  6256 E unknown:ReactHost: The device must either be USB connected (with bundler set to "localhost:8081") or be on the same Wi-Fi network as your computer (with bundler set to your computer IP) to connect to Metro.
03-14 21:39:57.075  6256  6256 E unknown:ReactHost: 
03-14 21:39:57.075  6256  6256 E unknown:ReactHost: If you're using USB on a physical device, make sure you also run this command:
03-14 21:39:57.075  6256  6256 E unknown:ReactHost:   adb reverse tcp:8081 tcp:8081")
03-14 21:39:57.075  6256  6256 E unknown:ReactHost: 	at com.facebook.react.runtime.ReactHostImpl.raiseSoftException(ReactHostImpl.kt:861)
03-14 21:39:57.075  6256  6256 E unknown:ReactHost: 	at com.facebook.react.runtime.ReactHostImpl.raiseSoftException$default(ReactHostImpl.kt:852)
03-14 21:39:57.075  6256  6256 E unknown:ReactHost: 	at com.facebook.react.runtime.ReactHostImpl.createReactInstanceUnwrapper$lambda$49(ReactHostImpl.kt:1220)
03-14 21:39:57.075  6256  6256 E unknown:ReactHost: 	at com.facebook.react.runtime.ReactHostImpl.$r8$lambda$wxqWPZPIM84yb-DFfq8PhEXI2r4(Unknown Source:0)
03-14 21:39:57.075  6256  6256 E unknown:ReactHost: 	at com.facebook.react.runtime.ReactHostImpl$$ExternalSyntheticLambda36.invoke(D8$$SyntheticClass:0)
03-14 21:39:57.075  6256  6256 E unknown:ReactHost: 	at com.facebook.react.runtime.ReactHostImpl.getOrCreateDestroyTask$lambda$60(ReactHostImpl.kt:1437)
03-14 21:39:57.075  6256  6256 E unknown:ReactHost: 	at com.facebook.react.runtime.ReactHostImpl.$r8$lambda$W_3hbG2jNwurg3jPo_rFnHCrsPg(Unknown Source:0)
03-14 21:39:57.075  6256  6256 E unknown:ReactHost: 	at com.facebook.react.runtime.ReactHostImpl$$ExternalSyntheticLambda27.then(D8$$SyntheticClass:0)
03-14 21:39:57.075  6256  6256 E unknown:ReactHost: 	at com.facebook.react.runtime.internal.bolts.Task$Companion.completeAfterTask$lambda$5(Task.kt:394)
03-14 21:39:57.075  6256  6256 E unknown:ReactHost: 	at com.facebook.react.runtime.internal.bolts.Task$Companion.$r8$lambda$IPpysnehFwANEiW061YzapkMdoE(Unknown Source:0)
03-14 21:39:57.075  6256  6256 E unknown:ReactHost: 	at com.facebook.react.runtime.internal.bolts.Task$Companion$$ExternalSyntheticLambda4.run(D8$$SyntheticClass:0)
03-14 21:39:57.075  6256  6256 E unknown:ReactHost: 	at android.os.Handler.handleCallback(Handler.java:959)
03-14 21:39:57.075  6256  6256 E unknown:ReactHost: 	at android.os.Handler.dispatchMessage(Handler.java:100)
03-14 21:39:57.075  6256  6256 E unknown:ReactHost: 	at androidx.test.espresso.base.TestLooperManagerCompat.execute(TestLooperManagerCompat.java:121)
03-14 21:39:57.075  6256  6256 E unknown:ReactHost: 	at androidx.test.espresso.base.Interrogator.loopAndInterrogate(Interrogator.java:128)
03-14 21:39:57.075  6256  6256 E unknown:ReactHost: 	at androidx.test.espresso.base.UiControllerImpl.loopUntil(UiControllerImpl.java:513)
03-14 21:39:57.075  6256  6256 E unknown:ReactHost: 	at androidx.test.espresso.base.UiControllerImpl.loopMainThreadUntilIdle(UiControllerImpl.java:434)
03-14 21:39:57.075  6256  6256 E unknown:ReactHost: 	at androidx.test.espresso.Espresso.lambda$onIdle$2(Espresso.java:340)
03-14 21:39:57.075  6256  6256 E unknown:ReactHost: 	at androidx.test.espresso.Espresso$$ExternalSyntheticLambda1.call(D8$$SyntheticClass:0)
03-14 21:39:57.075  6256  6256 E unknown:ReactHost: 	at java.util.concurrent.FutureTask.run(FutureTask.java:264)
03-14 21:39:57.075  6256  6256 E unknown:ReactHost: 	at android.os.Handler.handleCallback(Handler.java:959)
03-14 21:39:57.075  6256  6256 E unknown:ReactHost: 	at android.os.Handler.dispatchMessage(Handler.java:100)
03-14 21:39:57.075  6256  6256 E unknown:ReactHost: 	at android.os.Looper.loopOnce(Looper.java:232)
03-14 21:39:57.075  6256  6256 E unknown:ReactHost: 	at android.os.Looper.loop(Looper.java:317)
03-14 21:39:57.075  6256  6256 E unknown:ReactHost: 	at android.app.ActivityThread.main(ActivityThread.java:8705)
03-14 21:39:57.075  6256  6256 E unknown:ReactHost: 	at java.lang.reflect.Method.invoke(Native Method)
03-14 21:39:57.075  6256  6256 E unknown:ReactHost: 	at com.android.internal.os.RuntimeInit$MethodAndArgsCaller.run(RuntimeInit.java:580)
03-14 21:39:57.075  6256  6256 E unknown:ReactHost: 	at com.android.internal.os.ZygoteInit.main(ZygoteInit.java:886)
03-14 21:39:57.075  6256  6256 W unknown:BridgelessReact: ReactHost{0}.getOrCreateDestroyTask(): DevSupportManager cleanup
03-14 21:39:57.081  6256  6256 W unknown:BridgelessReact: ReactHost{0}.getOrCreateDestroyTask(): Move ReactHost to onHostDestroy()
03-14 21:39:57.081  6256  6256 W unknown:BridgelessReact: ReactHost{0}.ReactContext.onHostPause()
03-14 21:39:57.082  6256  6256 W unknown:BridgelessReact: ReactHost{0}.ReactContext.onHostDestroy()
03-14 21:39:57.117  6256  6256 E unknown:ReactNative: Tried to remove non-existent frame callback
03-14 21:39:57.122  6256  6323 W unknown:BridgelessReact: ReactHost{0}.getOrCreateDestroyTask(): Stopping all React Native surfaces
03-14 21:39:57.124  6256  6323 E unknown:FabricUIManager: Unhandled SoftException
03-14 21:39:57.124  6256  6323 E unknown:FabricUIManager: java.lang.IllegalStateException: Trying to stop surface that hasn't started yet
03-14 21:39:57.124  6256  6323 E unknown:FabricUIManager: 	at com.facebook.react.fabric.FabricUIManager.stopSurface(FabricUIManager.java:396)
03-14 21:39:57.124  6256  6323 E unknown:FabricUIManager: 	at com.facebook.react.runtime.ReactInstance.stopSurface(ReactInstance.kt:410)
03-14 21:39:57.124  6256  6323 E unknown:FabricUIManager: 	at com.facebook.react.runtime.ReactHostImpl.stopAttachedSurfaces(ReactHostImpl.kt:1189)
03-14 21:39:57.124  6256  6323 E unknown:FabricUIManager: 	at com.facebook.react.runtime.ReactHostImpl.getOrCreateDestroyTask$lambda$62(ReactHostImpl.kt:1475)
03-14 21:39:57.124  6256  6323 E unknown:FabricUIManager: 	at com.facebook.react.runtime.ReactHostImpl.$r8$lambda$xpeTQfuVN0XbBBJsIsVmA6wzF00(Unknown Source:0)
03-14 21:39:57.124  6256  6323 E unknown:FabricUIManager: 	at com.facebook.react.runtime.ReactHostImpl$$ExternalSyntheticLambda28.then(D8$$SyntheticClass:0)
03-14 21:39:57.124  6256  6323 E unknown:FabricUIManager: 	at com.facebook.react.runtime.internal.bolts.Task$Companion.completeAfterTask$lambda$5(Task.kt:394)
03-14 21:39:57.124  6256  6323 E unknown:FabricUIManager: 	at com.facebook.react.runtime.internal.bolts.Task$Companion.$r8$lambda$IPpysnehFwANEiW061YzapkMdoE(Unknown Source:0)
03-14 21:39:57.124  6256  6323 E unknown:FabricUIManager: 	at com.facebook.react.runtime.internal.bolts.Task$Companion$$ExternalSyntheticLambda4.run(D8$$SyntheticClass:0)
03-14 21:39:57.124  6256  6323 E unknown:FabricUIManager: 	at java.util.concurrent.ThreadPoolExecutor.runWorker(ThreadPoolExecutor.java:1145)
03-14 21:39:57.124  6256  6323 E unknown:FabricUIManager: 	at java.util.concurrent.ThreadPoolExecutor$Worker.run(ThreadPoolExecutor.java:644)
03-14 21:39:57.124  6256  6323 E unknown:FabricUIManager: 	at java.lang.Thread.run(Thread.java:1012)
03-14 21:39:57.412  6256  6262 I .studentfinance: Compiler allocated 4219KB to compile void android.widget.TextView.<init>(android.content.Context, android.util.AttributeSet, int, int)
03-14 21:39:57.543  6256  6256 W unknown:BridgelessReact: ReactHost{0}.getOrCreateDestroyTask(): Destroying MemoryPressureRouter
03-14 21:39:57.544  6256  6256 W unknown:BridgelessReact: ReactHost{0}.getOrCreateDestroyTask(): Resetting ReactContext ref
03-14 21:39:57.544  6256  6256 W unknown:BridgelessReact: ReactHost{0}.getOrCreateDestroyTask(): Destroying ReactContext
03-14 21:39:57.552  6256  6256 W unknown:BridgelessReact: ReactHost{0}.raiseSoftException(onWindowFocusChange(hasFocus = "false")): Tried to access onWindowFocusChange while context is not ready
03-14 21:39:57.552  6256  6323 W unknown:BridgelessReact: ReactHost{0}.getOrCreateDestroyTask(): Resetting ReactInstance ptr
03-14 21:39:57.553  6256  6323 W unknown:BridgelessReact: ReactHost{0}.getOrCreateDestroyTask(): Destroying ReactInstance
03-14 21:39:57.564  6256  6256 E unknown:ReactHost: Unhandled SoftException
03-14 21:39:57.564  6256  6256 E unknown:ReactHost: com.facebook.react.bridge.ReactNoCrashSoftException: raiseSoftException(onWindowFocusChange(hasFocus = "false")): Tried to access onWindowFocusChange while context is not ready
03-14 21:39:57.564  6256  6256 E unknown:ReactHost: 	at com.facebook.react.runtime.ReactHostImpl.raiseSoftException(ReactHostImpl.kt:861)
03-14 21:39:57.564  6256  6256 E unknown:ReactHost: 	at com.facebook.react.runtime.ReactHostImpl.raiseSoftException$default(ReactHostImpl.kt:852)
03-14 21:39:57.564  6256  6256 E unknown:ReactHost: 	at com.facebook.react.runtime.ReactHostImpl.onWindowFocusChange(ReactHostImpl.kt:625)
03-14 21:39:57.564  6256  6256 E unknown:ReactHost: 	at com.facebook.react.ReactDelegate.onWindowFocusChanged(ReactDelegate.kt:232)
03-14 21:39:57.564  6256  6256 E unknown:ReactHost: 	at com.facebook.react.ReactActivityDelegate.onWindowFocusChanged(ReactActivityDelegate.java:237)
03-14 21:39:57.564  6256  6256 E unknown:ReactHost: 	at expo.modules.ReactActivityDelegateWrapper$onWindowFocusChanged$1.invokeSuspend(ReactActivityDelegateWrapper.kt:320)
03-14 21:39:57.564  6256  6256 E unknown:ReactHost: 	at expo.modules.ReactActivityDelegateWrapper$onWindowFocusChanged$1.invoke(Unknown Source:8)
03-14 21:39:57.564  6256  6256 E unknown:ReactHost: 	at expo.modules.ReactActivityDelegateWrapper$onWindowFocusChanged$1.invoke(Unknown Source:4)
03-14 21:39:57.564  6256  6256 E unknown:ReactHost: 	at expo.modules.ReactActivityDelegateWrapper$launchLifecycleScopeWithLock$1.invokeSuspend(ReactActivityDelegateWrapper.kt:452)
03-14 21:39:57.564  6256  6256 E unknown:ReactHost: 	at kotlin.coroutines.jvm.internal.BaseContinuationImpl.resumeWith(ContinuationImpl.kt:33)
03-14 21:39:57.564  6256  6256 E unknown:ReactHost: 	at kotlinx.coroutines.internal.DispatchedContinuationKt.resumeCancellableWith(DispatchedContinuation.kt:375)
03-14 21:39:57.564  6256  6256 E unknown:ReactHost: 	at kotlinx.coroutines.intrinsics.CancellableKt.startCoroutineCancellable(Cancellable.kt:26)
03-14 21:39:57.564  6256  6256 E unknown:ReactHost: 	at kotlinx.coroutines.CoroutineStart.invoke(CoroutineStart.kt:358)
03-14 21:39:57.564  6256  6256 E unknown:ReactHost: 	at kotlinx.coroutines.AbstractCoroutine.start(AbstractCoroutine.kt:134)
03-14 21:39:57.564  6256  6256 E unknown:ReactHost: 	at kotlinx.coroutines.BuildersKt__Builders_commonKt.launch(Builders.common.kt:53)
03-14 21:39:57.564  6256  6256 E unknown:ReactHost: 	at kotlinx.coroutines.BuildersKt.launch(Unknown Source:1)
03-14 21:39:57.564  6256  6256 E unknown:ReactHost: 	at kotlinx.coroutines.BuildersKt__Builders_commonKt.launch$default(Builders.common.kt:44)
03-14 21:39:57.564  6256  6256 E unknown:ReactHost: 	at kotlinx.coroutines.BuildersKt.launch$default(Unknown Source:1)
03-14 21:39:57.564  6256  6256 E unknown:ReactHost: 	at expo.modules.ReactActivityDelegateWrapper.launchLifecycleScopeWithLock(ReactActivityDelegateWrapper.kt:450)
03-14 21:39:57.564  6256  6256 E unknown:ReactHost: 	at expo.modules.ReactActivityDelegateWrapper.launchLifecycleScopeWithLock$default(ReactActivityDelegateWrapper.kt:446)
03-14 21:39:57.564  6256  6256 E unknown:ReactHost: 	at expo.modules.ReactActivityDelegateWrapper.onWindowFocusChanged(ReactActivityDelegateWrapper.kt:318)
03-14 21:39:57.564  6256  6256 E unknown:ReactHost: 	at com.facebook.react.ReactActivity.onWindowFocusChanged(ReactActivity.java:158)
03-14 21:39:57.564  6256  6256 E unknown:ReactHost: 	at androidx.appcompat.view.WindowCallbackWrapper.onWindowFocusChanged(WindowCallbackWrapper.java:124)
03-14 21:39:57.564  6256  6256 E unknown:ReactHost: 	at com.android.internal.policy.DecorView.onWindowFocusChanged(DecorView.java:1772)
03-14 21:39:57.564  6256  6256 E unknown:ReactHost: 	at android.view.View.dispatchWindowFocusChanged(View.java:16743)
03-14 21:39:57.564  6256  6256 E unknown:ReactHost: 	at android.view.ViewGroup.dispatchWindowFocusChanged(ViewGroup.java:1505)
03-14 21:39:57.564  6256  6256 E unknown:ReactHost: 	at android.view.ViewRootImpl.dispatchFocusEvent(ViewRootImpl.java:4697)
03-14 21:39:57.564  6256  6256 E unknown:ReactHost: 	at android.view.ViewRootImpl.handleWindowFocusChanged(ViewRootImpl.java:4601)
03-14 21:39:57.564  6256  6256 E unknown:ReactHost: 	at android.view.ViewRootImpl.-$$Nest$mhandleWindowFocusChanged(Unknown Source:0)
03-14 21:39:57.564  6256  6256 E unknown:ReactHost: 	at android.view.ViewRootImpl$ViewRootHandler.handleMessageImpl(ViewRootImpl.java:6773)
03-14 21:39:57.564  6256  6256 E unknown:ReactHost: 	at android.view.ViewRootImpl$ViewRootHandler.handleMessage(ViewRootImpl.java:6683)
03-14 21:39:57.564  6256  6256 E unknown:ReactHost: 	at android.os.Handler.dispatchMessage(Handler.java:107)
03-14 21:39:57.564  6256  6256 E unknown:ReactHost: 	at androidx.test.espresso.base.TestLooperManagerCompat.execute(TestLooperManagerCompat.java:121)
03-14 21:39:57.564  6256  6256 E unknown:ReactHost: 	at androidx.test.espresso.base.Interrogator.loopAndInterrogate(Interrogator.java:128)
03-14 21:39:57.564  6256  6256 E unknown:ReactHost: 	at androidx.test.espresso.base.UiControllerImpl.loopUntil(UiControllerImpl.java:513)
03-14 21:39:57.564  6256  6256 E unknown:ReactHost: 	at androidx.test.espresso.base.UiControllerImpl.loopMainThreadUntilIdle(UiControllerImpl.java:434)
03-14 21:39:57.564  6256  6256 E unknown:ReactHost: 	at androidx.test.espresso.Espresso.lambda$onIdle$2(Espresso.java:340)
