03-14 21:39:57.564  6256  6256 E unknown:ReactHost: 	at androidx.test.espresso.Espresso$$ExternalSyntheticLambda1.call(D8$$SyntheticClass:0)
03-14 21:39:57.564  6256  6256 E unknown:ReactHost: 	at java.util.concurrent.FutureTask.run(FutureTask.java:264)
03-14 21:39:57.564  6256  6256 E unknown:ReactHost: 	at android.os.Handler.handleCallback(Handler.java:959)
03-14 21:39:57.564  6256  6256 E unknown:ReactHost: 	at android.os.Handler.dispatchMessage(Handler.java:100)
03-14 21:39:57.564  6256  6256 E unknown:ReactHost: 	at android.os.Looper.loopOnce(Looper.java:232)
03-14 21:39:57.564  6256  6256 E unknown:ReactHost: 	at android.os.Looper.loop(Looper.java:317)
03-14 21:39:57.564  6256  6256 E unknown:ReactHost: 	at android.app.ActivityThread.main(ActivityThread.java:8705)
03-14 21:39:57.564  6256  6256 E unknown:ReactHost: 	at java.lang.reflect.Method.invoke(Native Method)
03-14 21:39:57.565  6256  6256 E unknown:ReactHost: 	at com.android.internal.os.RuntimeInit$MethodAndArgsCaller.run(RuntimeInit.java:580)
03-14 21:39:57.565  6256  6256 E unknown:ReactHost: 	at com.android.internal.os.ZygoteInit.main(ZygoteInit.java:886)
03-14 21:39:57.576  6256  6323 E unknown:ReactNative: Tried to remove non-existent frame callback
03-14 21:39:57.582  6256  6323 W unknown:BridgelessReact: ReactHost{0}.getOrCreateDestroyTask(): Resetting start/destroy task ref
03-14 21:39:57.806  6256  6319 D TrafficStats: tagSocket(148) with statsTag=0xffffffff, statsUid=-1
03-14 21:39:58.735  6256  6304 D EGL_emulation: app_time_stats: avg=300.60ms min=48.08ms max=940.58ms count=4
03-14 21:39:59.815  6256  6319 D TrafficStats: tagSocket(148) with statsTag=0xffffffff, statsUid=-1
03-14 21:40:00.418  6256  6506 D ProfileInstaller: Installing profile for com.mcfuzzysquirrel.studentfinance
03-14 21:40:01.821  6256  6319 D TrafficStats: tagSocket(148) with statsTag=0xffffffff, statsUid=-1
03-14 21:40:02.015  6256  6256 D DetoxRNHelpers: Native RN module resolution (class com.reactnativecommunity.asyncstorage.AsyncStorageModule): no such class
03-14 21:40:03.830  6256  6319 D TrafficStats: tagSocket(148) with statsTag=0xffffffff, statsUid=-1
03-14 21:40:05.137  6256  6297 D DetoxWSClient: Received action 'currentStatus' (ID #3, params={})
03-14 21:40:05.137  6256  6294 I DetoxDispatcher: Handling action 'currentStatus' (ID #3)...
03-14 21:40:05.839  6256  6319 D TrafficStats: tagSocket(6) with statsTag=0xffffffff, statsUid=-1
03-14 21:40:07.017  6256  6256 W IdlingPolicy: These resources are not idle: [LooperIdlingResource-66-mqt_v_js]
03-14 21:40:07.851  6256  6319 D TrafficStats: tagSocket(6) with statsTag=0xffffffff, statsUid=-1
03-14 21:40:09.865  6256  6319 D TrafficStats: tagSocket(6) with statsTag=0xffffffff, statsUid=-1
03-14 21:40:11.874  6256  6319 D TrafficStats: tagSocket(6) with statsTag=0xffffffff, statsUid=-1
03-14 21:40:12.017  6256  6256 W IdlingPolicy: These resources are not idle: [LooperIdlingResource-66-mqt_v_js]
03-14 21:40:13.880  6256  6319 D TrafficStats: tagSocket(6) with statsTag=0xffffffff, statsUid=-1
03-14 21:40:15.887  6256  6319 D TrafficStats: tagSocket(6) with statsTag=0xffffffff, statsUid=-1
03-14 21:40:17.017  6256  6256 W IdlingPolicy: These resources are not idle: [LooperIdlingResource-66-mqt_v_js]
03-14 21:40:17.895  6256  6319 D TrafficStats: tagSocket(6) with statsTag=0xffffffff, statsUid=-1
03-14 21:40:19.904  6256  6319 D TrafficStats: tagSocket(6) with statsTag=0xffffffff, statsUid=-1
03-14 21:40:21.909  6256  6319 D TrafficStats: tagSocket(6) with statsTag=0xffffffff, statsUid=-1
03-14 21:40:22.017  6256  6256 W IdlingPolicy: These resources are not idle: [LooperIdlingResource-66-mqt_v_js]
03-14 21:40:23.915  6256  6319 D TrafficStats: tagSocket(6) with statsTag=0xffffffff, statsUid=-1
03-14 21:40:25.923  6256  6319 D TrafficStats: tagSocket(6) with statsTag=0xffffffff, statsUid=-1
03-14 21:40:27.017  6256  6256 W IdlingPolicy: These resources are not idle: [LooperIdlingResource-66-mqt_v_js]
03-14 21:40:27.930  6256  6319 D TrafficStats: tagSocket(6) with statsTag=0xffffffff, statsUid=-1
03-14 21:40:29.937  6256  6319 D TrafficStats: tagSocket(6) with statsTag=0xffffffff, statsUid=-1
03-14 21:40:31.945  6256  6319 D TrafficStats: tagSocket(6) with statsTag=0xffffffff, statsUid=-1
03-14 21:40:32.018  6256  6256 W IdlingPolicy: These resources are not idle: [LooperIdlingResource-66-mqt_v_js]
03-14 21:40:33.952  6256  6319 D TrafficStats: tagSocket(6) with statsTag=0xffffffff, statsUid=-1
03-14 21:40:35.960  6256  6319 D TrafficStats: tagSocket(6) with statsTag=0xffffffff, statsUid=-1
03-14 21:40:37.018  6256  6256 W IdlingPolicy: These resources are not idle: [LooperIdlingResource-66-mqt_v_js]
03-14 21:40:37.967  6256  6319 D TrafficStats: tagSocket(6) with statsTag=0xffffffff, statsUid=-1
03-14 21:40:39.976  6256  6319 D TrafficStats: tagSocket(6) with statsTag=0xffffffff, statsUid=-1
03-14 21:40:41.982  6256  6319 D TrafficStats: tagSocket(6) with statsTag=0xffffffff, statsUid=-1
03-14 21:40:42.019  6256  6256 W IdlingPolicy: These resources are not idle: [LooperIdlingResource-66-mqt_v_js]
03-14 21:40:43.990  6256  6319 D TrafficStats: tagSocket(6) with statsTag=0xffffffff, statsUid=-1
03-14 21:40:45.997  6256  6319 D TrafficStats: tagSocket(6) with statsTag=0xffffffff, statsUid=-1
03-14 21:40:47.020  6256  6256 W IdlingPolicy: These resources are not idle: [LooperIdlingResource-66-mqt_v_js]
03-14 21:40:48.003  6256  6319 D TrafficStats: tagSocket(6) with statsTag=0xffffffff, statsUid=-1
03-14 21:40:50.010  6256  6319 D TrafficStats: tagSocket(6) with statsTag=0xffffffff, statsUid=-1
03-14 21:40:52.017  6256  6319 D TrafficStats: tagSocket(6) with statsTag=0xffffffff, statsUid=-1
03-14 21:40:52.022  6256  6256 W IdlingPolicy: These resources are not idle: [LooperIdlingResource-66-mqt_v_js]
03-14 21:40:54.025  6256  6319 D TrafficStats: tagSocket(6) with statsTag=0xffffffff, statsUid=-1
03-14 21:40:56.033  6256  6319 D TrafficStats: tagSocket(6) with statsTag=0xffffffff, statsUid=-1
03-14 21:40:57.023  6256  6256 W IdlingPolicy: These resources are not idle: [LooperIdlingResource-66-mqt_v_js]
03-14 21:40:58.040  6256  6319 D TrafficStats: tagSocket(6) with statsTag=0xffffffff, statsUid=-1
03-14 21:41:00.045  6256  6319 D TrafficStats: tagSocket(6) with statsTag=0xffffffff, statsUid=-1
03-14 21:41:02.023  6256  6256 W IdlingPolicy: These resources are not idle: [LooperIdlingResource-66-mqt_v_js]
03-14 21:41:02.055  6256  6319 D TrafficStats: tagSocket(6) with statsTag=0xffffffff, statsUid=-1
03-14 21:41:04.061  6256  6319 D TrafficStats: tagSocket(6) with statsTag=0xffffffff, statsUid=-1
03-14 21:41:06.068  6256  6319 D TrafficStats: tagSocket(6) with statsTag=0xffffffff, statsUid=-1
03-14 21:41:07.025  6256  6256 W IdlingPolicy: These resources are not idle: [LooperIdlingResource-66-mqt_v_js]
03-14 21:41:08.076  6256  6319 D TrafficStats: tagSocket(6) with statsTag=0xffffffff, statsUid=-1
03-14 21:41:10.083  6256  6319 D TrafficStats: tagSocket(6) with statsTag=0xffffffff, statsUid=-1
03-14 21:41:12.026  6256  6256 W IdlingPolicy: These resources are not idle: [LooperIdlingResource-66-mqt_v_js]
03-14 21:41:12.089  6256  6319 D TrafficStats: tagSocket(6) with statsTag=0xffffffff, statsUid=-1
03-14 21:41:14.097  6256  6319 D TrafficStats: tagSocket(6) with statsTag=0xffffffff, statsUid=-1
03-14 21:41:16.101  6256  6319 D TrafficStats: tagSocket(6) with statsTag=0xffffffff, statsUid=-1
03-14 21:41:17.026  6256  6256 W IdlingPolicy: These resources are not idle: [LooperIdlingResource-66-mqt_v_js]
03-14 21:41:18.103  6256  6319 D TrafficStats: tagSocket(6) with statsTag=0xffffffff, statsUid=-1
03-14 21:41:20.106  6256  6319 D TrafficStats: tagSocket(6) with statsTag=0xffffffff, statsUid=-1
03-14 21:41:22.027  6256  6256 W IdlingPolicy: These resources are not idle: [LooperIdlingResource-66-mqt_v_js]
03-14 21:41:22.108  6256  6319 D TrafficStats: tagSocket(6) with statsTag=0xffffffff, statsUid=-1
03-14 21:41:24.112  6256  6319 D TrafficStats: tagSocket(6) with statsTag=0xffffffff, statsUid=-1
03-14 21:41:26.119  6256  6319 D TrafficStats: tagSocket(6) with statsTag=0xffffffff, statsUid=-1
03-14 21:41:27.027  6256  6256 W IdlingPolicy: These resources are not idle: [LooperIdlingResource-66-mqt_v_js]
03-14 21:41:28.123  6256  6319 D TrafficStats: tagSocket(6) with statsTag=0xffffffff, statsUid=-1
03-14 21:41:30.128  6256  6319 D TrafficStats: tagSocket(6) with statsTag=0xffffffff, statsUid=-1
03-14 21:41:32.027  6256  6256 W IdlingPolicy: These resources are not idle: [LooperIdlingResource-66-mqt_v_js]
03-14 21:41:32.032  6256  6256 I Detox   : Wait is over: App is now idle!
03-14 21:41:32.032  6256  6294 W .studentfinance: Long monitor contention with owner detox.primary (6293) at void com.wix.detox.DetoxMain$setupActionHandlers$SynchronizedActionHandler.handle(java.lang.String, long)(DetoxMain.kt:77) waiters=0 in void com.wix.detox.DetoxMain$setupActionHandlers$SynchronizedActionHandler.handle(java.lang.String, long) for 86.895s
--------- beginning of crash
03-14 21:41:32.035  6256  6293 E AndroidRuntime: FATAL EXCEPTION: detox.primary
03-14 21:41:32.035  6256  6293 E AndroidRuntime: Process: com.mcfuzzysquirrel.studentfinance, PID: 6256
03-14 21:41:32.035  6256  6293 E AndroidRuntime: androidx.test.espresso.AppNotIdleException: Looped for 98 iterations over 90 SECONDS. The following Idle Conditions failed DYNAMIC_TASKS_HAVE_IDLED(busy resources=LooperIdlingResource-66-mqt_v_js).
03-14 21:41:32.035  6256  6293 E AndroidRuntime: 	at androidx.test.espresso.IdlingPolicy.handleTimeout(IdlingPolicy.java:61)
03-14 21:41:32.035  6256  6293 E AndroidRuntime: 	at androidx.test.espresso.base.UiControllerImpl.loopUntil(UiControllerImpl.java:573)
03-14 21:41:32.035  6256  6293 E AndroidRuntime: 	at androidx.test.espresso.base.UiControllerImpl.loopMainThreadUntilIdle(UiControllerImpl.java:434)
03-14 21:41:32.035  6256  6293 E AndroidRuntime: 	at androidx.test.espresso.Espresso.lambda$onIdle$2(Espresso.java:340)
03-14 21:41:32.035  6256  6293 E AndroidRuntime: 	at androidx.test.espresso.Espresso$$ExternalSyntheticLambda1.call(D8$$SyntheticClass:0)
03-14 21:41:32.035  6256  6293 E AndroidRuntime: 	at java.util.concurrent.FutureTask.run(FutureTask.java:264)
03-14 21:41:32.035  6256  6293 E AndroidRuntime: 	at android.os.Handler.handleCallback(Handler.java:959)
03-14 21:41:32.035  6256  6293 E AndroidRuntime: 	at android.os.Handler.dispatchMessage(Handler.java:100)
03-14 21:41:32.035  6256  6293 E AndroidRuntime: 	at android.os.Looper.loopOnce(Looper.java:232)
03-14 21:41:32.035  6256  6293 E AndroidRuntime: 	at android.os.Looper.loop(Looper.java:317)
03-14 21:41:32.035  6256  6293 E AndroidRuntime: 	at android.app.ActivityThread.main(ActivityThread.java:8705)
03-14 21:41:32.035  6256  6293 E AndroidRuntime: 	at java.lang.reflect.Method.invoke(Native Method)
03-14 21:41:32.035  6256  6293 E AndroidRuntime: 	at com.android.internal.os.RuntimeInit$MethodAndArgsCaller.run(RuntimeInit.java:580)
03-14 21:41:32.035  6256  6293 E AndroidRuntime: 	at com.android.internal.os.ZygoteInit.main(ZygoteInit.java:886)
03-14 21:41:32.036  6256  6293 E DetoxCrashHandler: Crash detected!!! thread=detox.primary (48)
03-14 21:41:32.036  6256  6293 E DetoxCrashHandler: androidx.test.espresso.AppNotIdleException: Looped for 98 iterations over 90 SECONDS. The following Idle Conditions failed DYNAMIC_TASKS_HAVE_IDLED(busy resources=LooperIdlingResource-66-mqt_v_js).
03-14 21:41:32.036  6256  6293 E DetoxCrashHandler: 	at androidx.test.espresso.IdlingPolicy.handleTimeout(IdlingPolicy.java:61)
03-14 21:41:32.036  6256  6293 E DetoxCrashHandler: 	at androidx.test.espresso.base.UiControllerImpl.loopUntil(UiControllerImpl.java:573)
03-14 21:41:32.036  6256  6293 E DetoxCrashHandler: 	at androidx.test.espresso.base.UiControllerImpl.loopMainThreadUntilIdle(UiControllerImpl.java:434)
03-14 21:41:32.036  6256  6293 E DetoxCrashHandler: 	at androidx.test.espresso.Espresso.lambda$onIdle$2(Espresso.java:340)
03-14 21:41:32.036  6256  6293 E DetoxCrashHandler: 	at androidx.test.espresso.Espresso$$ExternalSyntheticLambda1.call(D8$$SyntheticClass:0)
03-14 21:41:32.036  6256  6293 E DetoxCrashHandler: 	at java.util.concurrent.FutureTask.run(FutureTask.java:264)
03-14 21:41:32.036  6256  6293 E DetoxCrashHandler: 	at android.os.Handler.handleCallback(Handler.java:959)
03-14 21:41:32.036  6256  6293 E DetoxCrashHandler: 	at android.os.Handler.dispatchMessage(Handler.java:100)
03-14 21:41:32.036  6256  6293 E DetoxCrashHandler: 	at android.os.Looper.loopOnce(Looper.java:232)
03-14 21:41:32.036  6256  6293 E DetoxCrashHandler: 	at android.os.Looper.loop(Looper.java:317)
03-14 21:41:32.036  6256  6293 E DetoxCrashHandler: 	at android.app.ActivityThread.main(ActivityThread.java:8705)
03-14 21:41:32.036  6256  6293 E DetoxCrashHandler: 	at java.lang.reflect.Method.invoke(Native Method)
03-14 21:41:32.036  6256  6293 E DetoxCrashHandler: 	at com.android.internal.os.RuntimeInit$MethodAndArgsCaller.run(RuntimeInit.java:580)
03-14 21:41:32.036  6256  6293 E DetoxCrashHandler: 	at com.android.internal.os.ZygoteInit.main(ZygoteInit.java:886)
03-14 21:41:32.036  6256  6256 E unknown:UIManagerHelper: Unhandled SoftException
03-14 21:41:32.036  6256  6256 E unknown:UIManagerHelper: com.facebook.react.bridge.ReactNoCrashSoftException: Cannot get UIManager because the instance hasn't been initialized yet.
03-14 21:41:32.036  6256  6256 E unknown:UIManagerHelper: 	at com.facebook.react.uimanager.UIManagerHelper.getUIManager(UIManagerHelper.kt:59)
03-14 21:41:32.036  6256  6256 E unknown:UIManagerHelper: 	at com.facebook.react.uimanager.UIManagerHelper.getUIManager(UIManagerHelper.kt:46)
03-14 21:41:32.036  6256  6256 E unknown:UIManagerHelper: 	at com.wix.detox.reactnative.idlingresources.uimodule.fabric.FabricUIManagerIdlingResources.getMountItemDispatcher(FabricUIManagerIdlingResources.kt:64)
03-14 21:41:32.036  6256  6256 E unknown:UIManagerHelper: 	at com.wix.detox.reactnative.idlingresources.uimodule.fabric.FabricUIManagerIdlingResources.getViewCommandMountItemsSize(FabricUIManagerIdlingResources.kt:70)
03-14 21:41:32.036  6256  6256 E unknown:UIManagerHelper: 	at com.wix.detox.reactnative.idlingresources.uimodule.fabric.FabricUIManagerIdlingResources.checkIdle(FabricUIManagerIdlingResources.kt:19)
03-14 21:41:32.036  6256  6256 E unknown:UIManagerHelper: 	at com.wix.detox.reactnative.idlingresources.DetoxIdlingResource.isIdleNow(DetoxIdlingResource.kt:30)
03-14 21:41:32.036  6256  6256 E unknown:UIManagerHelper: 	at com.wix.detox.espresso.registry.BusyResourcesInquirer.getBusyIdlingResources(BusyResourcesInquirer.kt:29)
03-14 21:41:32.036  6256  6256 E unknown:UIManagerHelper: 	at com.wix.detox.espresso.registry.BusyResourcesInquirer.getAllBusyResources$lambda$2(BusyResourcesInquirer.kt:21)
03-14 21:41:32.036  6256  6256 E unknown:UIManagerHelper: 	at com.wix.detox.espresso.registry.BusyResourcesInquirer.$r8$lambda$67FTpIglw6E0PceMzBRqYhXSCtM(Unknown Source:0)
03-14 21:41:32.036  6256  6256 E unknown:UIManagerHelper: 	at com.wix.detox.espresso.registry.BusyResourcesInquirer$$ExternalSyntheticLambda0.call(D8$$SyntheticClass:0)
03-14 21:41:32.036  6256  6256 E unknown:UIManagerHelper: 	at java.util.concurrent.FutureTask.run(FutureTask.java:264)
03-14 21:41:32.036  6256  6256 E unknown:UIManagerHelper: 	at android.os.Handler.handleCallback(Handler.java:959)
03-14 21:41:32.036  6256  6256 E unknown:UIManagerHelper: 	at android.os.Handler.dispatchMessage(Handler.java:100)
03-14 21:41:32.036  6256  6256 E unknown:UIManagerHelper: 	at android.os.Looper.loopOnce(Looper.java:232)
03-14 21:41:32.036  6256  6256 E unknown:UIManagerHelper: 	at android.os.Looper.loop(Looper.java:317)
03-14 21:41:32.036  6256  6256 E unknown:UIManagerHelper: 	at android.app.ActivityThread.main(ActivityThread.java:8705)
03-14 21:41:32.036  6256  6256 E unknown:UIManagerHelper: 	at java.lang.reflect.Method.invoke(Native Method)
03-14 21:41:32.036  6256  6256 E unknown:UIManagerHelper: 	at com.android.internal.os.RuntimeInit$MethodAndArgsCaller.run(RuntimeInit.java:580)
03-14 21:41:32.036  6256  6256 E unknown:UIManagerHelper: 	at com.android.internal.os.ZygoteInit.main(ZygoteInit.java:886)
03-14 21:41:32.037  6256  6293 I DetoxWSClient: Sending out action 'AppWillTerminateWithError' (ID #-10000)
03-14 21:41:32.040  6256  6294 E AndroidRuntime: FATAL EXCEPTION: detox.secondary
03-14 21:41:32.040  6256  6294 E AndroidRuntime: Process: com.mcfuzzysquirrel.studentfinance, PID: 6256
03-14 21:41:32.040  6256  6294 E AndroidRuntime: java.util.concurrent.ExecutionException: org.joor.ReflectException: org.joor.ReflectException: java.lang.NoSuchFieldException: mMountItemDispatcher
03-14 21:41:32.040  6256  6294 E AndroidRuntime: 	at java.util.concurrent.FutureTask.report(FutureTask.java:122)
03-14 21:41:32.040  6256  6294 E AndroidRuntime: 	at java.util.concurrent.FutureTask.get(FutureTask.java:191)
03-14 21:41:32.040  6256  6294 E AndroidRuntime: 	at com.wix.detox.common.UIThread.postFirstSync(UIThread.kt:65)
03-14 21:41:32.040  6256  6294 E AndroidRuntime: 	at com.wix.detox.espresso.registry.BusyResourcesInquirer.getAllBusyResources(BusyResourcesInquirer.kt:19)
03-14 21:41:32.040  6256  6294 E AndroidRuntime: 	at com.wix.detox.TestEngineFacade.getAllBusyResources(TestEngineFacade.kt:17)
03-14 21:41:32.040  6256  6294 E AndroidRuntime: 	at com.wix.detox.adapters.server.QueryStatusActionHandler.handle(QueryStatusActionHandler.kt:12)
03-14 21:41:32.040  6256  6294 E AndroidRuntime: 	at com.wix.detox.DetoxMain$setupActionHandlers$SynchronizedActionHandler.handle(DetoxMain.kt:78)
03-14 21:41:32.040  6256  6294 E AndroidRuntime: 	at com.wix.detox.adapters.server.ActionsExecutor.executeAction$lambda$2$lambda$1(DetoxActionsDispatcher.kt:76)
03-14 21:41:32.040  6256  6294 E AndroidRuntime: 	at com.wix.detox.adapters.server.ActionsExecutor.$r8$lambda$GVbB7LHtBHxNHGbgYnHJ6YrwCqs(Unknown Source:0)
03-14 21:41:32.040  6256  6294 E AndroidRuntime: 	at com.wix.detox.adapters.server.ActionsExecutor$$ExternalSyntheticLambda0.run(D8$$SyntheticClass:0)
03-14 21:41:32.040  6256  6294 E AndroidRuntime: 	at android.os.Handler.handleCallback(Handler.java:959)
03-14 21:41:32.040  6256  6294 E AndroidRuntime: 	at android.os.Handler.dispatchMessage(Handler.java:100)
03-14 21:41:32.040  6256  6294 E AndroidRuntime: 	at android.os.Looper.loopOnce(Looper.java:232)
03-14 21:41:32.040  6256  6294 E AndroidRuntime: 	at android.os.Looper.loop(Looper.java:317)
03-14 21:41:32.040  6256  6294 E AndroidRuntime: 	at com.wix.detox.adapters.server.ActionsExecutor._init_$lambda$0(DetoxActionsDispatcher.kt:62)
03-14 21:41:32.040  6256  6294 E AndroidRuntime: 	at com.wix.detox.adapters.server.ActionsExecutor.$r8$lambda$xlgL0CQim6vNM0wWEqM8JIDgZUE(Unknown Source:0)
03-14 21:41:32.040  6256  6294 E AndroidRuntime: 	at com.wix.detox.adapters.server.ActionsExecutor$$ExternalSyntheticLambda1.run(D8$$SyntheticClass:0)
03-14 21:41:32.040  6256  6294 E AndroidRuntime: 	at java.lang.Thread.run(Thread.java:1012)
03-14 21:41:32.040  6256  6294 E AndroidRuntime: Caused by: org.joor.ReflectException: org.joor.ReflectException: java.lang.NoSuchFieldException: mMountItemDispatcher
03-14 21:41:32.040  6256  6294 E AndroidRuntime: 	at org.joor.Reflect.field(Reflect.java:294)
03-14 21:41:32.040  6256  6294 E AndroidRuntime: 	at com.wix.detox.reactnative.idlingresources.uimodule.fabric.FabricUIManagerIdlingResources.getMountItemDispatcher(FabricUIManagerIdlingResources.kt:65)
03-14 21:41:32.040  6256  6294 E AndroidRuntime: 	at com.wix.detox.reactnative.idlingresources.uimodule.fabric.FabricUIManagerIdlingResources.getViewCommandMountItemsSize(FabricUIManagerIdlingResources.kt:70)
03-14 21:41:32.040  6256  6294 E AndroidRuntime: 	at com.wix.detox.reactnative.idlingresources.uimodule.fabric.FabricUIManagerIdlingResources.checkIdle(FabricUIManagerIdlingResources.kt:19)
03-14 21:41:32.040  6256  6294 E AndroidRuntime: 	at com.wix.detox.reactnative.idlingresources.DetoxIdlingResource.isIdleNow(DetoxIdlingResource.kt:30)
03-14 21:41:32.040  6256  6294 E AndroidRuntime: 	at com.wix.detox.espresso.registry.BusyResourcesInquirer.getBusyIdlingResources(BusyResourcesInquirer.kt:29)
03-14 21:41:32.040  6256  6294 E AndroidRuntime: 	at com.wix.detox.espresso.registry.BusyResourcesInquirer.getAllBusyResources$lambda$2(BusyResourcesInquirer.kt:21)
03-14 21:41:32.040  6256  6294 E AndroidRuntime: 	at com.wix.detox.espresso.registry.BusyResourcesInquirer.$r8$lambda$67FTpIglw6E0PceMzBRqYhXSCtM(Unknown Source:0)
03-14 21:41:32.040  6256  6294 E AndroidRuntime: 	at com.wix.detox.espresso.registry.BusyResourcesInquirer$$ExternalSyntheticLambda0.call(D8$$SyntheticClass:0)
03-14 21:41:32.040  6256  6294 E AndroidRuntime: 	at java.util.concurrent.FutureTask.run(FutureTask.java:264)
03-14 21:41:32.040  6256  6294 E AndroidRuntime: 	at android.os.Handler.handleCallback(Handler.java:959)
03-14 21:41:32.040  6256  6294 E AndroidRuntime: 	at android.os.Handler.dispatchMessage(Handler.java:100)
03-14 21:41:32.040  6256  6294 E AndroidRuntime: 	at android.os.Looper.loopOnce(Looper.java:232)
03-14 21:41:32.040  6256  6294 E AndroidRuntime: 	at android.os.Looper.loop(Looper.java:317)
03-14 21:41:32.040  6256  6294 E AndroidRuntime: 	at android.app.ActivityThread.main(ActivityThread.java:8705)
03-14 21:41:32.040  6256  6294 E AndroidRuntime: 	at java.lang.reflect.Method.invoke(Native Method)
03-14 21:41:32.040  6256  6294 E AndroidRuntime: 	at com.android.internal.os.RuntimeInit$MethodAndArgsCaller.run(RuntimeInit.java:580)
03-14 21:41:32.040  6256  6294 E AndroidRuntime: 	at com.android.internal.os.ZygoteInit.main(ZygoteInit.java:886)
03-14 21:41:32.040  6256  6294 E AndroidRuntime: Caused by: org.joor.ReflectException: java.lang.NoSuchFieldException: mMountItemDispatcher
03-14 21:41:32.040  6256  6294 E AndroidRuntime: 	at org.joor.Reflect.field0(Reflect.java:318)
03-14 21:41:32.040  6256  6294 E AndroidRuntime: 	at org.joor.Reflect.field(Reflect.java:290)
03-14 21:41:32.040  6256  6294 E AndroidRuntime: 	... 17 more
03-14 21:41:32.040  6256  6294 E AndroidRuntime: Caused by: java.lang.NoSuchFieldException: mMountItemDispatcher
03-14 21:41:32.040  6256  6294 E AndroidRuntime: 	at java.lang.Class.getField(Class.java:2337)
03-14 21:41:32.040  6256  6294 E AndroidRuntime: 	at org.joor.Reflect.field0(Reflect.java:303)
03-14 21:41:32.040  6256  6294 E AndroidRuntime: 	... 18 more
03-14 21:41:32.044  6256  6294 E DetoxCrashHandler: Crash detected!!! thread=detox.secondary (49)
03-14 21:41:32.044  6256  6294 E DetoxCrashHandler: java.util.concurrent.ExecutionException: org.joor.ReflectException: org.joor.ReflectException: java.lang.NoSuchFieldException: mMountItemDispatcher
03-14 21:41:32.044  6256  6294 E DetoxCrashHandler: 	at java.util.concurrent.FutureTask.report(FutureTask.java:122)
03-14 21:41:32.044  6256  6294 E DetoxCrashHandler: 	at java.util.concurrent.FutureTask.get(FutureTask.java:191)
03-14 21:41:32.044  6256  6294 E DetoxCrashHandler: 	at com.wix.detox.common.UIThread.postFirstSync(UIThread.kt:65)
03-14 21:41:32.044  6256  6294 E DetoxCrashHandler: 	at com.wix.detox.espresso.registry.BusyResourcesInquirer.getAllBusyResources(BusyResourcesInquirer.kt:19)
03-14 21:41:32.044  6256  6294 E DetoxCrashHandler: 	at com.wix.detox.TestEngineFacade.getAllBusyResources(TestEngineFacade.kt:17)
03-14 21:41:32.044  6256  6294 E DetoxCrashHandler: 	at com.wix.detox.adapters.server.QueryStatusActionHandler.handle(QueryStatusActionHandler.kt:12)
03-14 21:41:32.044  6256  6294 E DetoxCrashHandler: 	at com.wix.detox.DetoxMain$setupActionHandlers$SynchronizedActionHandler.handle(DetoxMain.kt:78)
03-14 21:41:32.044  6256  6294 E DetoxCrashHandler: 	at com.wix.detox.adapters.server.ActionsExecutor.executeAction$lambda$2$lambda$1(DetoxActionsDispatcher.kt:76)
03-14 21:41:32.044  6256  6294 E DetoxCrashHandler: 	at com.wix.detox.adapters.server.ActionsExecutor.$r8$lambda$GVbB7LHtBHxNHGbgYnHJ6YrwCqs(Unknown Source:0)
03-14 21:41:32.044  6256  6294 E DetoxCrashHandler: 	at com.wix.detox.adapters.server.ActionsExecutor$$ExternalSyntheticLambda0.run(D8$$SyntheticClass:0)
03-14 21:41:32.044  6256  6294 E DetoxCrashHandler: 	at android.os.Handler.handleCallback(Handler.java:959)
03-14 21:41:32.044  6256  6294 E DetoxCrashHandler: 	at android.os.Handler.dispatchMessage(Handler.java:100)
03-14 21:41:32.044  6256  6294 E DetoxCrashHandler: 	at android.os.Looper.loopOnce(Looper.java:232)
03-14 21:41:32.044  6256  6294 E DetoxCrashHandler: 	at android.os.Looper.loop(Looper.java:317)
03-14 21:41:32.044  6256  6294 E DetoxCrashHandler: 	at com.wix.detox.adapters.server.ActionsExecutor._init_$lambda$0(DetoxActionsDispatcher.kt:62)
03-14 21:41:32.044  6256  6294 E DetoxCrashHandler: 	at com.wix.detox.adapters.server.ActionsExecutor.$r8$lambda$xlgL0CQim6vNM0wWEqM8JIDgZUE(Unknown Source:0)
03-14 21:41:32.044  6256  6294 E DetoxCrashHandler: 	at com.wix.detox.adapters.server.ActionsExecutor$$ExternalSyntheticLambda1.run(D8$$SyntheticClass:0)
03-14 21:41:32.044  6256  6294 E DetoxCrashHandler: 	at java.lang.Thread.run(Thread.java:1012)
03-14 21:41:32.044  6256  6294 E DetoxCrashHandler: Caused by: org.joor.ReflectException: org.joor.ReflectException: java.lang.NoSuchFieldException: mMountItemDispatcher
03-14 21:41:32.044  6256  6294 E DetoxCrashHandler: 	at org.joor.Reflect.field(Reflect.java:294)
03-14 21:41:32.044  6256  6294 E DetoxCrashHandler: 	at com.wix.detox.reactnative.idlingresources.uimodule.fabric.FabricUIManagerIdlingResources.getMountItemDispatcher(FabricUIManagerIdlingResources.kt:65)
03-14 21:41:32.044  6256  6294 E DetoxCrashHandler: 	at com.wix.detox.reactnative.idlingresources.uimodule.fabric.FabricUIManagerIdlingResources.getViewCommandMountItemsSize(FabricUIManagerIdlingResources.kt:70)
03-14 21:41:32.044  6256  6294 E DetoxCrashHandler: 	at com.wix.detox.reactnative.idlingresources.uimodule.fabric.FabricUIManagerIdlingResources.checkIdle(FabricUIManagerIdlingResources.kt:19)
03-14 21:41:32.044  6256  6294 E DetoxCrashHandler: 	at com.wix.detox.reactnative.idlingresources.DetoxIdlingResource.isIdleNow(DetoxIdlingResource.kt:30)
03-14 21:41:32.044  6256  6294 E DetoxCrashHandler: 	at com.wix.detox.espresso.registry.BusyResourcesInquirer.getBusyIdlingResources(BusyResourcesInquirer.kt:29)
03-14 21:41:32.044  6256  6294 E DetoxCrashHandler: 	at com.wix.detox.espresso.registry.BusyResourcesInquirer.getAllBusyResources$lambda$2(BusyResourcesInquirer.kt:21)
03-14 21:41:32.044  6256  6294 E DetoxCrashHandler: 	at com.wix.detox.espresso.registry.BusyResourcesInquirer.$r8$lambda$67FTpIglw6E0PceMzBRqYhXSCtM(Unknown Source:0)
03-14 21:41:32.044  6256  6294 E DetoxCrashHandler: 	at com.wix.detox.espresso.registry.BusyResourcesInquirer$$ExternalSyntheticLambda0.call(D8$$SyntheticClass:0)
03-14 21:41:32.044  6256  6294 E DetoxCrashHandler: 	at java.util.concurrent.FutureTask.run(FutureTask.java:264)
03-14 21:41:32.044  6256  6294 E DetoxCrashHandler: 	at android.os.Handler.handleCallback(Handler.java:959)
03-14 21:41:32.044  6256  6294 E DetoxCrashHandler: 	at android.os.Handler.dispatchMessage(Handler.java:100)
03-14 21:41:32.044  6256  6294 E DetoxCrashHandler: 	at android.os.Looper.loopOnce(Looper.java:232)
03-14 21:41:32.044  6256  6294 E DetoxCrashHandler: 	at android.os.Looper.loop(Looper.java:317)
03-14 21:41:32.044  6256  6294 E DetoxCrashHandler: 	at android.app.ActivityThread.main(ActivityThread.java:8705)
03-14 21:41:32.044  6256  6294 E DetoxCrashHandler: 	at java.lang.reflect.Method.invoke(Native Method)
03-14 21:41:32.044  6256  6294 E DetoxCrashHandler: 	at com.android.internal.os.RuntimeInit$MethodAndArgsCaller.run(RuntimeInit.java:580)
03-14 21:41:32.044  6256  6294 E DetoxCrashHandler: 	at com.android.internal.os.ZygoteInit.main(ZygoteInit.java:886)
03-14 21:41:32.044  6256  6294 E DetoxCrashHandler: Caused by: org.joor.ReflectException: java.lang.NoSuchFieldException: mMountItemDispatcher
03-14 21:41:32.044  6256  6294 E DetoxCrashHandler: 	at org.joor.Reflect.field0(Reflect.java:318)
03-14 21:41:32.044  6256  6294 E DetoxCrashHandler: 	at org.joor.Reflect.field(Reflect.java:290)
03-14 21:41:32.044  6256  6294 E DetoxCrashHandler: 	... 17 more
03-14 21:41:32.044  6256  6294 E DetoxCrashHandler: Caused by: java.lang.NoSuchFieldException: mMountItemDispatcher
03-14 21:41:32.044  6256  6294 E DetoxCrashHandler: 	at java.lang.Class.getField(Class.java:2337)
03-14 21:41:32.044  6256  6294 E DetoxCrashHandler: 	at org.joor.Reflect.field0(Reflect.java:303)
03-14 21:41:32.044  6256  6294 E DetoxCrashHandler: 	... 18 more
03-14 21:41:32.047  6256  6294 I DetoxWSClient: Sending out action 'AppWillTerminateWithError' (ID #-10000)
03-14 21:41:32.073  6256  6256 W .studentfinance: Accessing hidden field Landroid/app/Activity;->mResultCode:I (unsupported, reflection, allowed)
03-14 21:41:32.073  6256  6256 W .studentfinance: Accessing hidden field Landroid/app/Activity;->mResultData:Landroid/content/Intent; (unsupported, reflection, allowed)
03-14 21:41:32.075  6256  6256 W unknown:BridgelessReact: ReactHost{0}.onHostPause(activity)
03-14 21:41:32.088  6256  6256 W WindowOnBackDispatcher: sendCancelIfRunning: isInProgress=false callback=android.view.ViewRootImpl$$ExternalSyntheticLambda11@8f4b4f
03-14 21:41:32.116  6256  6256 D LifecycleMonitor: Lifecycle status change: com.mcfuzzysquirrel.studentfinance.MainActivity@eebbe89 in: PAUSED
03-14 21:41:32.122  6256  6283 I TestRunner: finished: runDetoxTests(com.mcfuzzysquirrel.studentfinance.DetoxTest)
03-14 21:41:32.134  6256  6283 I MonitoringInstr: Unstopped activity count: 1
03-14 21:41:32.185  6256  6283 I MonitoringInstr: Unstopped activity count: 1
03-14 21:41:32.235  6256  6283 I MonitoringInstr: Unstopped activity count: 1
03-14 21:41:32.287  6256  6283 I MonitoringInstr: Unstopped activity count: 1
03-14 21:41:32.331  6256  6256 D VRI[MainActivity]: visibilityChanged oldVisibility=true newVisibility=false
03-14 21:41:32.339  6256  6283 I MonitoringInstr: Unstopped activity count: 1
03-14 21:41:32.393  6256  6283 I MonitoringInstr: Unstopped activity count: 1
03-14 21:41:32.443  6256  6283 I MonitoringInstr: Unstopped activity count: 1
03-14 21:41:32.571  6256  6283 I MonitoringInstr: Unstopped activity count: 1
03-14 21:41:32.572  6256  6256 D LifecycleMonitor: Lifecycle status change: com.mcfuzzysquirrel.studentfinance.MainActivity@eebbe89 in: STOPPED
03-14 21:41:32.639  6256  6256 D LifecycleMonitor: Lifecycle status change: com.mcfuzzysquirrel.studentfinance.MainActivity@eebbe89 in: DESTROYED
03-14 21:41:32.639  6256  6256 W WindowOnBackDispatcher: sendCancelIfRunning: isInProgress=false callback=android.view.ViewRootImpl$$ExternalSyntheticLambda11@a269c44
03-14 21:41:32.647  6256  6283 I TestRunner: run finished: 1 tests, 0 failed, 0 ignored
03-14 21:41:32.709  6256  6256 W unknown:BridgelessReact: ReactHost{0}.stopSurface(surfaceId = 0): Schedule
03-14 21:41:32.709  6256  6256 W unknown:BridgelessReact: ReactHost{0}.detachSurface(surfaceId = 0)
03-14 21:41:32.709  6256  6256 W unknown:BridgelessReact: ReactHost{0}.onHostDestroy(activity)
03-14 21:41:32.862  6256  6323 W unknown:BridgelessReact: ReactHost{0}.raiseSoftException(callWithExistingReactInstance(stopSurface(surfaceId = 0))): Execute: reactInstance is null. Dropping work.
03-14 21:41:32.865  6256  6323 E unknown:ReactHost: Unhandled SoftException
03-14 21:41:32.865  6256  6323 E unknown:ReactHost: com.facebook.react.bridge.ReactNoCrashSoftException: raiseSoftException(callWithExistingReactInstance(stopSurface(surfaceId = 0))): Execute: reactInstance is null. Dropping work.
03-14 21:41:32.865  6256  6323 E unknown:ReactHost: 	at com.facebook.react.runtime.ReactHostImpl.raiseSoftException(ReactHostImpl.kt:861)
03-14 21:41:32.865  6256  6323 E unknown:ReactHost: 	at com.facebook.react.runtime.ReactHostImpl.raiseSoftException$default(ReactHostImpl.kt:852)
03-14 21:41:32.865  6256  6323 E unknown:ReactHost: 	at com.facebook.react.runtime.Reac