--------- beginning of main
03-14 23:01:15.021 14354 14354 I ViewInteraction: Checking 'MatchesViewAssertion(Detox){viewMatcher=(view has effective visibility <VISIBLE> and view.getGlobalVisibleRect() covers at least <75> percent of the view's area)}' assertion on view (view.getTag() is "dashboard-add-expense-button" and view has effective visibility <VISIBLE>)
03-14 23:01:15.054 14354 14354 I ViewInteraction: Checking 'MatchesViewAssertion(Detox){viewMatcher=(view has effective visibility <VISIBLE> and view.getGlobalVisibleRect() covers at least <75> percent of the view's area)}' assertion on view (view.getTag() is "dashboard-add-expense-button" and view has effective visibility <VISIBLE>)
03-14 23:01:15.058 14354 14354 W .studentfinance: Accessing hidden field Landroid/widget/ScrollView;->mScroller:Landroid/widget/OverScroller; (unsupported, reflection, allowed)
03-14 23:01:15.105 14354 14354 W [RNScreens]: backTitleFontFamily prop is not available on Android
03-14 23:01:15.105 14354 14354 W [RNScreens]: disableBackButtonMenu prop is not available on Android
03-14 23:01:15.105 14354 14354 W [RNScreens]: backTitleVisible prop is not available on Android
03-14 23:01:15.105 14354 14354 W [RNScreens]: topInsetEnabled prop is not available on Android
03-14 23:01:15.105 14354 14354 W [RNScreens]: largeTitleHideShadow prop is not available on Android
03-14 23:01:15.105 14354 14354 W [RNScreens]: largeTitleFontWeight prop is not available on Android
03-14 23:01:15.105 14354 14354 W [RNScreens]: userInterfaceStyle prop is not available on Android
03-14 23:01:15.105 14354 14354 W [RNScreens]: largeTitleFontFamily prop is not available on Android
03-14 23:01:15.724 14354 14395 D EGL_emulation: app_time_stats: avg=575.22ms min=73.29ms max=1782.70ms count=5
03-14 23:01:15.766 14354 14354 I ViewInteraction: Checking 'MatchesViewAssertion(Detox){viewMatcher=(view has effective visibility <VISIBLE> and view.getGlobalVisibleRect() covers at least <75> percent of the view's area)}' assertion on view (view.getTag() is "dashboard-add-expense-button" and view has effective visibility <VISIBLE>)
03-14 23:01:15.792 14354 14385 I DetoxWSClient: Sending out action 'invokeResult' (ID #1)
03-14 23:01:15.793 14354 14385 I DetoxDispatcher: Done with action 'invoke'
03-14 23:01:15.807 14354 14389 D DetoxWSClient: Received action 'invoke' (ID #2, params={"target":{"type":"Class","value":"com.wix.detox.espresso.DetoxAssertion"},"method":"assertMatcher","args":[{"type":"Invocation","value":{"target":{"type":"Class","value":"androidx.test.espresso.Espresso"},"method":"onView","args":[{"type":"Invocation","value":{"target":{"type":"Class","value":"com.wix.detox.espresso.DetoxMatcher"},"method":"matcherForTestId","args":["dashboard-summary-spent-card",{"type":"boolean","value":false}]}}]}},{"type":"Invocation","value":{"target":{"type":"Class","value":"com.wix.detox.espresso.DetoxMatcher"},"method":"matcherForSufficientlyVisible","args":[{"type":"Integer","value":75}]}}]})
03-14 23:01:15.807 14354 14385 I DetoxDispatcher: Handling action 'invoke' (ID #2)...
03-14 23:01:15.807 14354 14385 D Detox   : class com.wix.detox.espresso.DetoxMatcher, matcherForTestId, [dashboard-summary-spent-card, false]
03-14 23:01:15.808 14354 14385 D Detox   : class androidx.test.espresso.Espresso, onView, [(view.getTag() is "dashboard-summary-spent-card" and view has effective visibility <VISIBLE>)]
03-14 23:01:15.808 14354 14385 D Detox   : class com.wix.detox.espresso.DetoxMatcher, matcherForSufficientlyVisible, [75]
03-14 23:01:15.809 14354 14385 D Detox   : class com.wix.detox.espresso.DetoxAssertion, assertMatcher, [androidx.test.espresso.ViewInteraction@a53a106, (view has effective visibility <VISIBLE> and view.getGlobalVisibleRect() covers at least <75> percent of the view's area)]
03-14 23:01:15.812 14354 14354 I ViewInteraction: Checking 'MatchesViewAssertion(Detox){viewMatcher=(view has effective visibility <VISIBLE> and view.getGlobalVisibleRect() covers at least <75> percent of the view's area)}' assertion on view (view.getTag() is "dashboard-summary-spent-card" --------- beginning of main
03-14 23:01:18.482 14631 14631 D nativeloader: Configuring clns-7 for other apk /system/framework/android.test.runner.jar:/system/framework/android.test.mock.jar:/system/framework/android.test.base.jar:/data/app/~~jlDdMa7YJ2KCcmdo4JHU-Q==/com.mcfuzzysquirrel.studentfinance.test-YiBpcuh5N-ewevoNfoonZg==/base.apk:/data/app/~~wRzbvG75nM6MLt9mhOT8kw==/com.mcfuzzysquirrel.studentfinance-JYvgJb_EqJGe5B4qYL6Sfg==/base.apk. target_sdk_version=36, uses_libraries=, library_path=/data/app/~~jlDdMa7YJ2KCcmdo4JHU-Q==/com.mcfuzzysquirrel.studentfinance.test-YiBpcuh5N-ewevoNfoonZg==/lib/x86_64:/data/app/~~wRzbvG75nM6MLt9mhOT8kw==/com.mcfuzzysquirrel.studentfinance-JYvgJb_EqJGe5B4qYL6Sfg==/lib/x86_64:/data/app/~~jlDdMa7YJ2KCcmdo4JHU-Q==/com.mcfuzzysquirrel.studentfinance.test-YiBpcuh5N-ewevoNfoonZg==/base.apk!/lib/x86_64:/data/app/~~wRzbvG75nM6MLt9mhOT8kw==/com.mcfuzzysquirrel.studentfinance-JYvgJb_EqJGe5B4qYL6Sfg==/base.apk!/lib/x86_64, permitted_path=/data:/mnt/expand:/data/user/0/com.mcfuzzysquirrel.studentfinance
03-14 23:01:18.544 14631 14631 V GraphicsEnvironment: Currently set values for:
03-14 23:01:18.544 14631 14631 V GraphicsEnvironment:   angle_gl_driver_selection_pkgs=[]
03-14 23:01:18.545 14631 14631 V GraphicsEnvironment:   angle_gl_driver_selection_values=[]
03-14 23:01:18.545 14631 14631 V GraphicsEnvironment: Global.Settings values are invalid: number of packages: 0, number of values: 0
03-14 23:01:18.546 14631 14631 V GraphicsEnvironment: Neither updatable production driver nor prerelease driver is supported.
03-14 23:01:18.562 14631 14631 D ApplicationLoaders: Returning zygote-cached class loader: /system/framework/android.test.base.jar
03-14 23:01:18.576 14631 14631 D nativeloader: Configuring clns-8 for other apk /system/framework/android.test.mock.jar. target_sdk_version=36, uses_libraries=ALL, library_path=/data/app/~~jlDdMa7YJ2KCcmdo4JHU-Q==/com.mcfuzzysquirrel.studentfinance.test-YiBpcuh5N-ewevoNfoonZg==/lib/x86_64:/data/app/~~wRzbvG75nM6MLt9mhOT8kw==/com.mcfuzzysquirrel.studentfinance-JYvgJb_EqJGe5B4qYL6Sfg==/lib/x86_64, permitted_path=/data:/mnt/expand
03-14 23:01:18.579 14631 14631 D ApplicationLoaders: Returning zygote-cached class loader: /system/framework/android.test.base.jar
03-14 23:01:18.591 14631 14631 D nativeloader: Configuring clns-9 for other apk /system/framework/android.test.runner.jar. target_sdk_version=36, uses_libraries=ALL, library_path=/data/app/~~jlDdMa7YJ2KCcmdo4JHU-Q==/com.mcfuzzysquirrel.studentfinance.test-YiBpcuh5N-ewevoNfoonZg==/lib/x86_64:/data/app/~~wRzbvG75nM6MLt9mhOT8kw==/com.mcfuzzysquirrel.studentfinance-JYvgJb_EqJGe5B4qYL6Sfg==/lib/x86_64, permitted_path=/data:/mnt/expand
03-14 23:01:18.601 14631 14631 W .studentfinance: ClassLoaderContext shared library size mismatch. Expected=2, found=3 (PCL[]{PCL[/system/framework/android.test.base.jar*724373495]#PCL[/system/framework/android.test.mock.jar*1452759902]} | PCL[]{PCL[/system/framework/android.test.base.jar*724373495]#PCL[/system/framework/android.test.mock.jar*1452759902]#PCL[/system/framework/android.test.runner.jar*2496447986]{PCL[/system/framework/android.test.base.jar*724373495]#PCL[/system/framework/android.test.mock.jar*1452759902]}};PCL[/system/framework/android.test.runner.jar*2496447986:/system/framework/android.test.mock.jar*1452759902:/system/framework/android.test.base.jar*724373495:/data/app/~~jlDdMa7YJ2KCcmdo4JHU-Q==/com.mcfuzzysquirrel.studentfinance.test-YiBpcuh5N-ewevoNfoonZg==/base.apk*3224200876:/data/app/~~wRzbvG75nM6MLt9mhOT8kw==/com.mcfuzzysquirrel.studentfinance-JYvgJb_EqJGe5B4qYL6Sfg==/base.apk*2060289533])
03-14 23:01:18.610 14631 14631 W .studentfinance: ClassLoaderContext classpath size mismatch. expected=0, found=1 (PCL[] | PCL[/system/framework/android.test.runner.jar*2496447986]{PCL[/system/framework/android.test.base.jar*724373495]#PCL[/system/framework/android.test.mock.jar*1452759902]#PCL[/system/framework/android.test.runner.jar*2496447986]{PCL[/system/framework/android.test.base.jar*724373495]#PCL[/system/framework/android.test.mock.jar*1452759902]}};PCL[/system/framework/android.test.runner.jar*2496447986:/system/framework/android.test.mock.jar*1452759902:/system/framework/android.test.base.jar*724373495:/data/app/~~jlDdMa7YJ2KCcmdo4JHU-Q==/com.mcfuzzysquirrel.studentfinance.test-YiBpcuh5N-ewevoNfoonZg==/base.apk*3224200876:/data/app/~~wRzbvG75nM6MLt9mhOT8kw==/com.mcfuzzysquirrel.studentfinance-JYvgJb_EqJGe5B4qYL6Sfg==/base.apk*2060289533])
03-14 23:01:18.616 14631 14631 W .studentfinance: ClassLoaderContext classpath size mismatch. expected=0, found=2 (PCL[] | PCL[/system/framework/android.test.runner.jar*2496447986:/system/framework/android.test.mock.jar*1452759902]{PCL[/system/framework/android.test.base.jar*724373495]#PCL[/system/framework/android.test.mock.jar*1452759902]#PCL[/system/framework/android.test.runner.jar*2496447986]{PCL[/system/framework/android.test.base.jar*724373495]#PCL[/system/framework/android.test.mock.jar*1452759902]}};PCL[/system/framework/android.test.runner.jar*2496447986:/system/framework/android.test.mock.jar*1452759902:/system/framework/android.test.base.jar*724373495:/data/app/~~jlDdMa7YJ2KCcmdo4JHU-Q==/com.mcfuzzysquirrel.studentfinance.test-YiBpcuh5N-ewevoNfoonZg==/base.apk*3224200876:/data/app/~~wRzbvG75nM6MLt9mhOT8kw==/com.mcfuzzysquirrel.studentfinance-JYvgJb_EqJGe5B4qYL6Sfg==/base.apk*2060289533])
03-14 23:01:18.619 14631 14631 W ziparchive: Unable to open '/data/app/~~jlDdMa7YJ2KCcmdo4JHU-Q==/com.mcfuzzysquirrel.studentfinance.test-YiBpcuh5N-ewevoNfoonZg==/base.dm': No such file or directory
03-14 23:01:18.619 14631 14631 W ziparchive: Unable to open '/data/app/~~jlDdMa7YJ2KCcmdo4JHU-Q==/com.mcfuzzysquirrel.studentfinance.test-YiBpcuh5N-ewevoNfoonZg==/base.dm': No such file or directory
03-14 23:01:18.776 14631 14631 W ziparchive: Unable to open '/data/app/~~wRzbvG75nM6MLt9mhOT8kw==/com.mcfuzzysquirrel.studentfinance-JYvgJb_EqJGe5B4qYL6Sfg==/base.dm': No such file or directory
03-14 23:01:18.776 14631 14631 W ziparchive: Unable to open '/data/app/~~wRzbvG75nM6MLt9mhOT8kw==/com.mcfuzzysquirrel.studentfinance-JYvgJb_EqJGe5B4qYL6Sfg==/base.dm': No such file or directory
03-14 23:01:19.345 14631 14631 I AndroidJUnitRunner: newApplication com.mcfuzzysquirrel.studentfinance.MainApplication
03-14 23:01:19.375 14631 14631 I AndroidJUnitRunner: onCreate Bundle[mParcelledData.dataSize=312]
03-14 23:01:19.375 14631 14631 D AndroidJUnitRunner: Use the raw file system for managing file I/O.
03-14 23:01:19.425 14631 14631 V TestEventClient: No service name argument was given (testDiscoveryService, testRunEventService or orchestratorService)
03-14 23:01:19.426 14631 14678 D AndroidJUnitRunner: onStart is called.
03-14 23:01:19.430 14631 14631 W SoLoader: Initializing SoLoader: 0
03-14 23:01:19.431 14631 14631 W SoLoader: Recording new base apk path: /data/app/~~wRzbvG75nM6MLt9mhOT8kw==/com.mcfuzzysquirrel.studentfinance-JYvgJb_EqJGe5B4qYL6Sfg==/base.apk
03-14 23:01:19.431 14631 14631 W SoLoader: Previously recorded 0 base apk paths.
03-14 23:01:19.433 14631 14631 I SoLoader: Preparing SO source: DirectorySoSource[root = /vendor/lib64 flags = 2]
03-14 23:01:19.433 14631 14631 I SoLoader: Preparing SO source: DirectorySoSource[root = /system/lib64 flags = 2]
03-14 23:01:19.434 14631 14631 I SoLoader: Preparing SO source: DirectApkSoSource[root = [/data/app/~~wRzbvG75nM6MLt9mhOT8kw==/com.mcfuzzysquirrel.studentfinance-JYvgJb_EqJGe5B4qYL6Sfg==/base.apk!/lib/x86_64]]
03-14 23:01:19.447 14631 14631 I SoLoader: Preparing SO source: ApplicationSoSource[DirectorySoSource[root = /data/app/~~wRzbvG75nM6MLt9mhOT8kw==/com.mcfuzzysquirrel.studentfinance-JYvgJb_EqJGe5B4qYL6Sfg==/lib/x86_64 flags = 0]]
03-14 23:01:19.447 14631 14631 I SoLoader: init finish: 4 SO sources prepared
03-14 23:01:19.448 14631 14631 W SoLoader: SoLoader initialized: 8
03-14 23:01:19.471 14631 14631 D nativeloader: Load /data/app/~~wRzbvG75nM6MLt9mhOT8kw==/com.mcfuzzysquirrel.studentfinance-JYvgJb_EqJGe5B4qYL6Sfg==/base.apk!/lib/x86_64/libc++_shared.so using ns clns-7 from class loader (caller=/data/app/~~wRzbvG75nM6MLt9mhOT8kw==/com.mcfuzzysquirrel.studentfinance-JYvgJb_EqJGe5B4qYL6Sfg==/base.apk): ok
03-14 23:01:19.484 14631 14631 D nativeloader: Load /data/app/~~wRzbvG75nM6MLt9mhOT8kw==/com.mcfuzzysquirrel.studentfinance-JYvgJb_EqJGe5B4qYL6Sfg==/base.apk!/lib/x86_64/libjsi.so using ns clns-7 from class loader (caller=/data/app/~~wRzbvG75nM6MLt9mhOT8kw==/com.mcfuzzysquirrel.studentfinance-JYvgJb_EqJGe5B4qYL6Sfg==/base.apk): ok
03-14 23:01:19.493 14631 14631 D nativeloader: Load /data/app/~~wRzbvG75nM6MLt9mhOT8kw==/com.mcfuzzysquirrel.studentfinance-JYvgJb_EqJGe5B4qYL6Sfg==/base.apk!/lib/x86_64/libfbjni.so using ns clns-7 from class loader (caller=/data/app/~~wRzbvG75nM6MLt9mhOT8kw==/com.mcfuzzysquirrel.studentfinance-JYvgJb_EqJGe5B4qYL6Sfg==/base.apk): ok
03-14 23:01:19.505 14631 14631 D nativeloader: Load /data/app/~~wRzbvG75nM6MLt9mhOT8kw==/com.mcfuzzysquirrel.studentfinance-JYvgJb_EqJGe5B4qYL6Sfg==/base.apk!/lib/x86_64/libreactnative.so using ns clns-7 from class loader (caller=/data/app/~~wRzbvG75nM6MLt9mhOT8kw==/com.mcfuzzysquirrel.studentfinance-JYvgJb_EqJGe5B4qYL6Sfg==/base.apk): ok
03-14 23:01:19.505 14631 14631 D jni_lib_merge: Entering merged library JNI_OnLoad.
03-14 23:01:19.505 14631 14631 D jni_lib_merge: Preparing 12 pre-merged libs (including stub)
03-14 23:01:19.505 14631 14631 D jni_lib_merge: Preparing to register libfabricjni_so.  onload_func: 0x727ce6761730
03-14 23:01:19.505 14631 14631 D jni_lib_merge: Preparing to register libreact_devsupportjni_so.  onload_func: 0x727ce695e190
03-14 23:01:19.505 14631 14631 D jni_lib_merge: Preparing to register libreact_featureflagsjni_so.  onload_func: 0x727ce696f910
03-14 23:01:19.505 14631 14631 D jni_lib_merge: Preparing to register libreact_newarchdefaults_so.  onload_func: 0x727ce6a10d20
03-14 23:01:19.505 14631 14631 D jni_lib_merge: Preparing to register libreactnativeblob_so.  onload_func: 0x727ce6c1b2e0
03-14 23:01:19.505 14631 14631 D jni_lib_merge: Preparing to register libreactnativejni_so.  onload_func: 0x727ce6c5b770
03-14 23:01:19.505 14631 14631 D jni_lib_merge: Preparing to register libreactnativejni_common_so.  onload_func: 0x727ce6c6b5d0
03-14 23:01:19.505 14631 14631 D jni_lib_merge: Preparing to register librninstance_so.  onload_func: 0x727ce6ca84c0
03-14 23:01:19.505 14631 14631 D jni_lib_merge: Preparing to register libturbomodulejsijni_so.  onload_func: 0x727ce6e09c00
03-14 23:01:19.506 14631 14631 D jni_lib_merge: Preparing to register libuimanagerjni_so.  onload_func: 0x727ce6e21de0
03-14 23:01:19.506 14631 14631 D jni_lib_merge: Preparing to register libyoga_so.  onload_func: 0x727ce6e30d70
03-14 23:01:19.506 14631 14631 D jni_lib_merge: About to register 11 actual methods.
03-14 23:01:19.528 14631 14631 D nativeloader: Load /data/app/~~wRzbvG75nM6MLt9mhOT8kw==/com.mcfuzzysquirrel.studentfinance-JYvgJb_EqJGe5B4qYL6Sfg==/base.apk!/lib/x86_64/libreact_codegen_rnscreens.so using ns clns-7 from class loader (caller=/data/app/~~wRzbvG75nM6MLt9mhOT8kw==/com.mcfuzzysquirrel.studentfinance-JYvgJb_EqJGe5B4qYL6Sfg==/base.apk): ok
03-14 23:01:19.528 14631 14631 D jni_lib_merge: Entering merged library JNI_OnLoad.
03-14 23:01:19.528 14631 14631 D jni_lib_merge: Preparing 12 pre-merged libs (including stub)
03-14 23:01:19.528 14631 14631 D jni_lib_merge: Preparing to register libfabricjni_so.  onload_func: 0x727ce6761730
03-14 23:01:19.528 14631 14631 D jni_lib_merge: Preparing to register libreact_devsupportjni_so.  onload_func: 0x727ce695e190
03-14 23:01:19.528 14631 14631 D jni_lib_merge: Preparing to register libreact_featureflagsjni_so.  onload_func: 0x727ce696f910
03-14 23:01:19.528 14631 14631 D jni_lib_merge: Preparing to register libreact_newarchdefaults_so.  onload_func: 0x727ce6a10d20
03-14 23:01:19.528 14631 14631 D jni_lib_merge: Preparing to register libreactnativeblob_so.  onload_func: 0x727ce6c1b2e0
03-14 23:01:19.528 14631 14631 D jni_lib_merge: Preparing to register libreactnativejni_so.  onload_func: 0x727ce6c5b770
03-14 23:01:19.528 14631 14631 D jni_lib_merge: Preparing to register libreactnativejni_common_so.  onload_func: 0x727ce6c6b5d0
03-14 23:01:19.528 14631 14631 D jni_lib_merge: Preparing to register librninstance_so.  onload_func: 0x727ce6ca84c0
03-14 23:01:19.528 14631 14631 D jni_lib_merge: Preparing to register libturbomodulejsijni_so.  onload_func: 0x727ce6e09c00
03-14 23:01:19.528 14631 14631 D jni_lib_merge: Preparing to register libuimanagerjni_so.  onload_func: 0x727ce6e21de0
03-14 23:01:19.528 14631 14631 D jni_lib_merge: Preparing to register libyoga_so.  onload_func: 0x727ce6e30d70
03-14 23:01:19.528 14631 14631 D jni_lib_merge: About to register 11 actual methods.
03-14 23:01:19.538 14631 14631 D nativeloader: Load /data/app/~~wRzbvG75nM6MLt9mhOT8kw==/com.mcfuzzysquirrel.studentfinance-JYvgJb_EqJGe5B4qYL6Sfg==/base.apk!/lib/x86_64/libreact_codegen_rnsvg.so using ns clns-7 from class loader (caller=/data/app/~~wRzbvG75nM6MLt9mhOT8kw==/com.mcfuzzysquirrel.studentfinance-JYvgJb_EqJGe5B4qYL6Sfg==/base.apk): ok
03-14 23:01:19.538 14631 14631 D jni_lib_merge: Entering merged library JNI_OnLoad.
03-14 23:01:19.538 14631 14631 D jni_lib_merge: Preparing 12 pre-merged libs (including stub)
03-14 23:01:19.538 14631 14631 D jni_lib_merge: Preparing to register libfabricjni_so.  onload_func: 0x727ce6761730
03-14 23:01:19.538 14631 14631 D jni_lib_merge: Preparing to register libreact_devsupportjni_so.  onload_func: 0x727ce695e190
03-14 23:01:19.538 14631 14631 D jni_lib_merge: Preparing to register libreact_featureflagsjni_so.  onload_func: 0x727ce696f910
03-14 23:01:19.538 14631 14631 D jni_lib_merge: Preparing to register libreact_newarchdefaults_so.  onload_func: 0x727ce6a10d20
03-14 23:01:19.538 14631 14631 D jni_lib_merge: Preparing to register libreactnativeblob_so.  onload_func: 0x727ce6c1b2e0
03-14 23:01:19.538 14631 14631 D jni_lib_merge: Preparing to register libreactnativejni_so.  onload_func: 0x727ce6c5b770
03-14 23:01:19.538 14631 14631 D jni_lib_merge: Preparing to register libreactnativejni_common_so.  onload_func: 0x727ce6c6b5d0
03-14 23:01:19.538 14631 14631 D jni_lib_merge: Preparing to register librninstance_so.  onload_func: 0x727ce6ca84c0
03-14 23:01:19.538 14631 14631 D jni_lib_merge: Preparing to register libturbomodulejsijni_so.  onload_func: 0x727ce6e09c00
03-14 23:01:19.538 14631 14631 D jni_lib_merge: Preparing to register libuimanagerjni_so.  onload_func: 0x727ce6e21de0
03-14 23:01:19.538 14631 14631 D jni_lib_merge: Preparing to register libyoga_so.  onload_func: 0x727ce6e30d70
03-14 23:01:19.538 14631 14631 D jni_lib_merge: About to register 11 actual methods.
03-14 23:01:19.547 14631 14631 D nativeloader: Load /data/app/~~wRzbvG75nM6MLt9mhOT8kw==/com.mcfuzzysquirrel.studentfinance-JYvgJb_EqJGe5B4qYL6Sfg==/base.apk!/lib/x86_64/libreact_codegen_safeareacontext.so using ns clns-7 from class loader (caller=/data/app/~~wRzbvG75nM6MLt9mhOT8kw==/com.mcfuzzysquirrel.studentfinance-JYvgJb_EqJGe5B4qYL6Sfg==/base.apk): ok
03-14 23:01:19.554 14631 14631 D nativeloader: Load /data/app/~~wRzbvG75nM6MLt9mhOT8kw==/com.mcfuzzysquirrel.studentfinance-JYvgJb_EqJGe5B4qYL6Sfg==/base.apk!/lib/x86_64/libappmodules.so using ns clns-7 from class loader (caller=/data/app/~~wRzbvG75nM6MLt9mhOT8kw==/com.mcfuzzysquirrel.studentfinance-JYvgJb_EqJGe5B4qYL6Sfg==/base.apk): ok
03-14 23:01:19.629 14631 14678 I InstrConnection: Could not send broadcast or register receiver (isolatedProcess?)
03-14 23:01:19.632 14631 14678 D TestRequestBuilder: Using class path scanning to discover tests
03-14 23:01:19.633 14631 14678 I TestRequestBuilder: Scanning classpath to find tests in paths [/data/app/~~jlDdMa7YJ2KCcmdo4JHU-Q==/com.mcfuzzysquirrel.studentfinance.test-YiBpcuh5N-ewevoNfoonZg==/base.apk]
03-14 23:01:19.633 14631 14678 W .studentfinance: Opening an oat file without a class loader. Are you using the deprecated DexFile APIs?
03-14 23:01:20.043 14631 14678 I TestRunner: run started: 1 tests
03-14 23:01:20.044 14631 14678 I TestRunner: started: runDetoxTests(com.mcfuzzysquirrel.studentfinance.DetoxTest)
03-14 23:01:20.056 14631 14678 I Detox   : Detox server connection details: url=ws://localhost:38775, sessionId=081d4e8b-1bbc-5e02-010e-cf73b44d4af1
03-14 23:01:20.063 14631 14678 I Tracing : Tracer added: class androidx.test.platform.tracing.AndroidXTracer
03-14 23:01:20.075 14631 14678 W .studentfinance: Accessing hidden field Ljava/lang/reflect/Field;->accessFlags:I (unsupported, reflection, allowed)
03-14 23:01:20.077 14631 14678 I Detox   : Connecting to server...
03-14 23:01:20.077 14631 14678 I DetoxWSClient: At connectToServer
03-14 23:01:20.126 14631 14684 D TrafficStats: tagSocket(102) with statsTag=0xffffffff, statsUid=-1
03-14 23:01:20.143 14631 14684 D DetoxWSClient: At onOpen
03-14 23:01:20.143 14631 14684 I DetoxWSClient: Sending out action 'login' (ID #0)
03-14 23:01:20.144 14631 14684 I Detox   : Connected to server!
03-14 23:01:20.147 14631 14684 D DetoxWSClient: Received action 'loginSuccess' (ID #0, params={"testerConnected":true,"appConnected":true})
03-14 23:01:20.148 14631 14680 I DetoxDispatcher: Handling action 'loginSuccess' (ID #0)...
03-14 23:01:20.148 14631 14680 I DetoxDispatcher: Done with action 'loginSuccess'
03-14 23:01:20.148 14631 14678 I Detox   : Launching the tested activity!
03-14 23:01:20.204 14631 14684 D DetoxWSClient: Received action 'isReady' (ID #-1000, params={})
03-14 23:01:20.204 14631 14680 I DetoxDispatcher: Handling action 'isReady' (ID #-1000)...
03-14 23:01:20.383 14631 14631 D AppCompatDelegate: Checking for metadata for AppLocalesMetadataHolderService : Service not found
03-14 23:01:20.439 14631 14631 D LifecycleMonitor: Lifecycle status change: com.mcfuzzysquirrel.studentfinance.MainActivity@340991c in: PRE_ON_CREATE
03-14 23:01:20.827 14631 14702 D TrafficStats: tagSocket(109) with statsTag=0xffffffff, statsUid=-1
03-14 23:01:20.832 14631 14702 W unknown:ReconnectingWebSocket: Couldn't connect to "ws://10.0.2.2:8081/message?device=sdk_gphone64_x86_64%20-%2015%20-%20API%2035&app=com.mcfuzzysquirrel.studentfinance&clientid=BridgelessDevSupportManager", will silently retry
03-14 23:01:20.904 14631 14631 W unknown:BridgelessReact: ReactHost{0}.startSurface(surfaceId = 0): Schedule
03-14 23:01:20.904 14631 14631 W unknown:BridgelessReact: ReactHost{0}.attachSurface(surfaceId = 0)
03-14 23:01:20.907 14631 14706 W unknown:BridgelessReact: ReactHost{0}.getOrCreateReactInstanceTask()
03-14 23:01:20.907 14631 14706 W unknown:BridgelessReact: ReactHost{0}.getOrCreateReactInstanceTask(): Start
03-14 23:01:20.907 14631 14706 D Detox.RNMarker: REACT_BRIDGELESS_LOADING_START (null)
03-14 23:01:20.907 14631 14706 W unknown:BridgelessReact: ReactHost{0}.getJSBundleLoader()
03-14 23:01:20.907 14631 14706 W unknown:BridgelessReact: ReactHost{0}.isMetroRunning()
03-14 23:01:20.909 14631 14707 D TrafficStats: tagSocket(109) with statsTag=0xffffffff, statsUid=-1
03-14 23:01:20.913 14631 14707 W unknown:ReactNative: The packager does not seem to be running as we got an IOException requesting its status: Failed to connect to /10.0.2.2:8081
03-14 23:01:20.913 14631 14707 W unknown:BridgelessReact: ReactHost{0}.isMetroRunning(): Async result = false
03-14 23:01:20.914 14631 14706 W unknown:BridgelessReact: ReactHost{0}.getOrCreateReactInstanceTask(): Creating BridgelessReactContext
03-14 23:01:20.915 14631 14706 W unknown:BridgelessReact: ReactHost{0}.getOrCreateReactInstanceTask(): Creating ReactInstance
03-14 23:01:20.929 14631 14631 W .studentfinance: Accessing hidden method Landroid/view/ViewGroup;->makeOptionalFitsSystemWindows()V (unsupported, reflection, allowed)
03-14 23:01:20.931 14631 14710 D TrafficStats: tagSocket(116) with statsTag=0xffffffff, statsUid=-1
03-14 23:01:20.933 14631 14631 D LifecycleMonitor: Lifecycle status change: com.mcfuzzysquirrel.studentfinance.MainActivity@340991c in: CREATED
03-14 23:01:20.935 14631 14631 D LifecycleMonitor: Lifecycle status change: com.mcfuzzysquirrel.studentfinance.MainActivity@340991c in: STARTED
03-14 23:01:20.937 14631 14631 W unknown:BridgelessReact: ReactHost{0}.onHostResume(activity)
03-14 23:01:20.939 14631 14631 W unknown:ReactNative: Packager connection already open, nooping.
03-14 23:01:20.939 14631 14631 W unknown:BridgelessReact: ReactHost{0}.ReactContext.onHostResume()
03-14 23:01:20.939 14631 14631 D LifecycleMonitor: Lifecycle status change: com.mcfuzzysquirrel.studentfinance.MainActivity@340991c in: RESUMED
03-14 23:01:20.950 14631 14631 W HWUI    : Unknown dataspace 0
03-14 23:01:20.954 14631 14706 D nativeloader: Load /data/app/~~wRzbvG75nM6MLt9mhOT8kw==/com.mcfuzzysquirrel.studentfinance-JYvgJb_EqJGe5B4qYL6Sfg==/base.apk!/lib/x86_64/libhermesvm.so using ns clns-7 from class loader (caller=/data/app/~~wRzbvG75nM6MLt9mhOT8kw==/com.mcfuzzysquirrel.studentfinance-JYvgJb_EqJGe5B4qYL6Sfg==/base.apk): ok
03-14 23:01:20.956 14631 14706 D nativeloader: Load /data/app/~~wRzbvG75nM6MLt9mhOT8kw==/com.mcfuzzysquirrel.studentfinance-JYvgJb_EqJGe5B4qYL6Sfg==/base.apk!/lib/x86_64/libhermestooling.so using ns clns-7 from class loader (caller=/data/app/~~wRzbvG75nM6MLt9mhOT8kw==/com.mcfuzzysquirrel.studentfinance-JYvgJb_EqJGe5B4qYL6Sfg==/base.apk): ok
03-14 23:01:20.956 14631 14706 D jni_lib_merge: Entering merged library JNI_OnLoad.
03-14 23:01:20.956 14631 14706 D jni_lib_merge: Preparing 4 pre-merged libs (including stub)
03-14 23:01:20.956 14631 14706 D jni_lib_merge: Preparing to register libhermes_executor_so.  onload_func: 0x727cdadaf050
03-14 23:01:20.956 14631 14706 D jni_lib_merge: Preparing to register libhermesinstancejni_so.  onload_func: 0x727cdade5680
03-14 23:01:20.956 14631 14706 D jni_lib_merge: Preparing to register libjsijniprofiler_so.  onload_func: 0x727cdade73f0
03-14 23:01:20.956 14631 14706 D jni_lib_merge: About to register 3 actual methods.
03-14 23:01:20.999 14631 14690 I EGL_emulation: Opening libGLESv1_CM_emulation.so
03-14 23:01:21.000 14631 14690 I EGL_emulation: Opening libGLESv2_emulation.so
03-14 23:01:21.055 14631 14690 W HWUI    : Failed to initialize 101010-2 format, error = EGL_SUCCESS
03-14 23:01:21.092 14631 14690 I Gralloc4: mapper 4.x is not supported
03-14 23:01:21.330 14631 14706 I ExpoModulesCore: ✅ AppContext was initialized
03-14 23:01:21.564 14631 14706 W unknown:BridgelessReact: ReactHost{0}.getOrCreateReactInstanceTask(): Loading JS Bundle
03-14 23:01:21.564 14631 14631 D DetoxRNLoading: Got new RN-context directly and immediately
03-14 23:01:21.564 14631 14706 W unknown:BridgelessReact: ReactHost{0}.getOrCreateReactInstanceTask(): DevSupportManager.onNewReactContextCreated()
03-14 23:01:21.565 14631 14708 D Detox.RNMarker: RUN_JS_BUNDLE_START (index.android.bundle)
03-14 23:01:21.569 14631 14680 W .studentfinance: Long monitor contention with owner Instr: androidx.test.runner.AndroidJUnitRunner (14678) at void com.wix.detox.DetoxMain.launchActivityOnCue(android.content.Context, com.wix.detox.ActivityLaunchHelper)(DetoxMain.kt:53) waiters=0 in void com.wix.detox.DetoxMain$setupActionHandlers$SynchronizedActionHandler.handle(java.lang.String, long) for 1.359s
03-14 23:01:21.589 14631 14706 W unknown:BridgelessReact: ReactHost{0}.startSurface(surfaceId = 0): Execute
03-14 23:01:21.600 14631 14631 W .studentfinance: Accessing hidden method Landroid/os/MessageQueue;->next()Landroid/os/Message; (unsupported, reflection, allowed)
03-14 23:01:21.601 14631 14631 W .studentfinance: Accessing hidden field Landroid/os/MessageQueue;->mMessages:Landroid/os/Message; (unsupported, reflection, allowed)
03-14 23:01:21.601 14631 14631 W .studentfinance: Accessing hidden method Landroid/os/Message;->recycleUnchecked()V (unsupported, reflection, allowed)
03-14 23:01:21.605 14631 14631 W unknown:ReactNative: Packager connection already open, nooping.
03-14 23:01:21.605 14631 14631 W unknown:BridgelessReact: ReactHost{0}.ReactContext.onHostResume()
03-14 23:01:21.606 14631 14631 W unknown:BridgelessReact: ReactHost{0}.getOrCreateReactInstanceTask(): Executing ReactInstanceEventListeners
03-14 23:01:21.607 14631 14631 I Detox   : Wait is over: App is now idle!
03-14 23:01:21.610 14631 14680 I DetoxWSClient: Sending out action 'ready' (ID #-1000)
03-14 23:01:21.610 14631 14680 I DetoxDispatcher: Done with action 'isReady'
03-14 23:01:21.628 14631 14684 D DetoxWSClient: Received action 'invoke' (ID #3, params={"target":{"type":"Class","value":"com.wix.detox.espresso.DetoxAssertion"},"method":"waitForAssertMatcher","args":[{"type":"Invocation","value":{"target":{"type":"Class","value":"androidx.test.espresso.Espresso"},"method":"onView","args":[{"type":"Invocation","value":{"target":{"type":"Class","value":"com.wix.detox.espresso.DetoxMatcher"},"method":"matcherForTestId","args":["dashboard-add-expense-button",{"type":"boolean","value":false}]}}]}},{"type":"Invocation","value":{"target":{"type":"Class","value":"com.wix.detox.espresso.DetoxMatcher"},"method":"matcherForSufficientlyVisible","args":[{"type":"Integer","value":75}]}},{"type":"Double","value":10}]})
03-14 23:01:21.648 14631 14680 I DetoxDispatcher: Handling action 'invoke' (ID #3)...
03-14 23:01:21.667 14631 14680 D Detox   : class com.wix.detox.espresso.DetoxMatcher, matcherForTestId, [dashboard-add-expense-button, false]
03-14 23:01:21.709 14631 14680 D Detox   : class androidx.test.espresso.Espresso, onView, [(view.getTag() is "dashboard-add-expense-button" and view has effective visibility <VISIBLE>)]
03-14 23:01:21.719 14631 14680 D Detox   : class com.wix.detox.espresso.DetoxMatcher, matcherForSufficientlyVisible, [75]
03-14 23:01:21.723 14631 14680 D Detox   : class com.wix.detox.espresso.DetoxAssertion, waitForAssertMatcher, [androidx.test.espresso.ViewInteraction@2b535c, (view has effective visibility <VISIBLE> and view.getGlobalVisibleRect() covers at least <75> percent of the view's area), 10.0]
03-14 23:01:21.761 14631 14708 D nativeloader: Load /data/app/~~wRzbvG75nM6MLt9mhOT8kw==/com.mcfuzzysquirrel.studentfinance-JYvgJb_EqJGe5B4qYL6Sfg==/base.apk!/lib/x86_64/libexpo-modules-core.so using ns clns-7 from class loader (caller=/data/app/~~wRzbvG75nM6MLt9mhOT8kw==/com.mcfuzzysquirrel.studentfinance-JYvgJb_EqJGe5B4qYL6Sfg==/base.apk): ok
03-14 23:01:21.761 14631 14631 I ViewInteraction: Checking 'MatchesViewAssertion(Detox){viewMatcher=(view has effective visibility <VISIBLE> and view.getGlobalVisibleRect() covers at least <75> percent of the view's area)}' assertion on view (view.getTag() is "dashboard-add-expense-button" and view has effective visibility <VISIBLE>)
03-14 23:01:21.792 14631 14631 I ViewInteraction: Checking 'MatchesViewAssertion(Detox){viewMatcher=(view has effective visibility <VISIBLE> and view.getGlobalVisibleRect() covers at least <75> percent of the view's area)}' assertion on view (view.getTag() is "dashboard-add-expense-button" and view has effective visibility <VISIBLE>)
03-14 23:01:21.824 14631 14631 I ViewInteraction: Checking 'MatchesViewAssertion(Detox){viewMatcher=(view has effective visibility <VISIBLE> and view.getGlobalVisibleRect() covers at least <75> percent of the view's area)}' assertion on view (view.getTag() is "dashboard-add-expense-button" and view has effective visibility <VISIBLE>)
03-14 23:01:21.864 14631 14631 I ViewInteraction: Checking 'MatchesViewAssertion(Detox){viewMatcher=(view has effective visibility <VISIBLE> and view.getGlobalVisibleRect() covers at least <75> percent of the view's area)}' assertion on view (view.getTag() is "dashboard-add-expense-button" and view has effective visibility <VISIBLE>)
03-14 23:01:21.875 14631 14708 W unknown:ViewManagerPropertyUpdater: Could not find generated setter for class com.th3rdwave.safeareacontext.SafeAreaProviderManager
03-14 23:01:21.879 14631 14708 W unknown:ViewManagerPropertyUpdater: Could not find generated setter for class com.facebook.react.uimanager.LayoutShadowNode
03-14 23:01:21.885 14631 14708 W unknown:ViewManagerPropertyUpdater: Could not find generated setter for class com.swmansion.rnscreens.SearchBarManager
03-14 23:01:21.886 14631 14708 W unknown:ViewManagerPropertyUpdater: Could not find generated setter for class com.swmansion.rnscreens.ScreenFooterManager
03-14 23:01:21.887 14631 14708 W unknown:ViewManagerPropertyUpdater: Could not find generated setter for class com.swmansion.rnscreens.gamma.tabs.TabScreenViewManager
03-14 23:01:21.889 14631 14708 W unknown:ViewManagerPropertyUpdater: Could not find generated setter for class expo.modules.kotlin.views.GroupViewManagerWrapper
03-14 23:01:21.891 14631 14708 W unknown:ViewManagerPropertyUpdater: Could not find generated setter for class com.swmansion.rnscreens.ScreenContainerViewManager
03-14 23:01:21.892 14631 14708 W unknown:ViewManagerPropertyUpdater: Could not find generated setter for class com.swmansion.rnscreens.gamma.tabs.TabsHostViewManager
03-14 23:01:21.894 14631 14631 I ViewInteraction: Checking 'MatchesViewAssertion(Detox){viewMatcher=(view has effective visibility <VISIBLE> and view.getGlobalVisibleRect() covers at least <75> percent of the view's area)}' assertion on view (view.getTag() is "dashboard-add-expense-button" and view has effective visibility <VISIBLE>)
03-14 23:01:21.915 14631 14708 W unknown:ViewManagerPropertyUpdater: Could not find generated setter for class com.swmansion.rnscreens.ModalScreenViewManager
03-14 23:01:21.917 14631 14708 W unknown:ViewManagerPropertyUpdater: Could not find generated setter for class com.swmansion.rnscreens.ScreenStackHeaderConfigViewManager
03-14 23:01:21.918 14631 14708 W unknown:ViewManagerPropertyUpdater: Could not find generated setter for class com.swmansion.rnscreens.ScreenContentWrapperManager
03-14 23:01:21.919 14631 14708 W unknown:ViewManagerPropertyUpdater: Could not find generated setter for class com.th3rdwave.safeareacontext.SafeAreaViewManager
03-14 23:01:21.921 14631 14708 W unknown:ViewManagerPropertyUpdater: Could not find generated setter for class com.th3rdwave.safeareacontext.SafeAreaViewShadowNode
03-14 23:01:21.922 14631 14708 W unknown:ViewManagerPropertyUpdater: Could not find generated setter for class com.swmansion.rnscreens.safearea.SafeAreaViewManager
03-14 23:01:21.923 14631 14708 W unknown:ViewManagerPropertyUpdater: Could not find generated setter for class com.swmansion.rnscreens.safearea.paper.SafeAreaViewShadowNode
03-14 23:01:21.924 14631 14708 W unknown:ViewManagerPropertyUpdater: Could not find generated setter for class com.swmansion.rnscreens.ScreenViewManager
03-14 23:01:21.924 14631 14708 W unknown:ViewManagerPropertyUpdater: Could not find generated setter for class com.swmansion.rnscreens.gamma.stack.host.StackHostViewManager
03-14 23:01:21.925 14631 14708 W unknown:ViewManagerPropertyUpdater: Could not find generated setter for class com.swmansion.rnscreens.ScreenStackHeaderSubviewManager
03-14 23:01:21.926 14631 14708 W unknown:ViewManagerPropertyUpdater: Could not find generated setter for class com.swmansion.rnscreens.gamma.stack.screen.StackScreenViewManager
03-14 23:01:21.926 14631 14631 I ViewInteraction: Checking 'MatchesViewAssertion(Detox){viewMatcher=(view has effective visibility <VISIBLE> and view.getGlobalVisibleRect() covers at least <75> percent of the view's area)}' assertion on view (view.getTag() is "dashboard-add-expense-button" and view has effective visibility <VISIBLE>)
03-14 23:01:21.927 14631 14708 W unknown:ViewManagerPropertyUpdater: Could not find generated setter for class com.swmansion.rnscreens.ScreenStackViewManager
03-14 23:01:21.958 14631 14631 I ViewInteraction: Checking 'MatchesViewAssertion(Detox){viewMatcher=(view has effective visibility <VISIBLE> and view.getGlobalVisibleRect() covers at least <75> percent of the view's area)}' assertion on view (view.getTag() is "dashboard-add-expense-button" and view has effective visibility <VISIBLE>)
03-14 23:01:21.990 14631 14631 I ViewInteraction: Checking 'MatchesViewAssertion(Detox){viewMatcher=(view has effective visibility <VISIBLE> and view.getGlobalVisibleRect() covers at least <75> percent of the view's area)}' assertion on view (view.getTag() is "dashboard-add-expense-button" and view has effective visibility <VISIBLE>)
03-14 23:01:22.024 14631 14631 I ViewInteraction: Checking 'MatchesViewAssertion(Detox){viewMatcher=(view has effective visibility <VISIBLE> and view.getGlobalVisibleRect() covers at least <75> percent of the view's area)}' assertion on view (view.getTag() is "dashboard-add-expense-button" and view has effective visibility <VISIBLE>)
03-14 23:01:22.028 14631 14641 I .studentfinance: Compiler allocated 5174KB to compile void android.view.ViewRootImpl.performTraversals()
03-14 23:01:22.055 14631 14631 I ViewInteraction: Checking 'MatchesViewAssertion(Detox){viewMatcher=(view has effective visibility <VISIBLE> and view.getGlobalVisibleRect() covers at least <75> percent of the view's area)}' assertion on view (view.getTag() is "dashboard-add-expense-button" and view has effective visibility <VISIBLE>)
03-14 23:01:22.083 14631 14631 I ViewInteraction: Checking 'MatchesViewAssertion(Detox){viewMatcher=(view has effective visibility <VISIBLE> and view.getGlobalVisibleRect() covers at least <75> percent of the view's area)}' assertion on view (view.getTag() is "dashboard-add-expense-button" and view has effective visibility <VISIBLE>)
03-14 23:01:22.100 14631 14708 W unknown:ViewManagerPropertyUpdater: Could not find generated setter for class com.horcrux.svg.RenderableViewManager$DefsViewManager
03-14 23:01:22.102 14631 14708 W unknown:ViewManagerPropertyUpdater: Could not find generated setter for class com.horcrux.svg.VirtualViewManager$RenderableShadowNode
03-14 23:01:22.109 14631 14708 W unknown:ViewManagerPropertyUpdater: Could not find generated setter for class com.facebook.react.views.debuggingoverlay.DebuggingOverlayManager
03-14 23:01:22.112 14631 14631 I ViewInteraction: Checking 'MatchesViewAssertion(Detox){viewMatcher=(view has effective visibility <VISIBLE> and view.getGlobalVisibleRect() covers at least <75> percent of the view's area)}' assertion on view (view.getTag() is "dashboard-add-expense-button" and view has effective visibility <VISIBLE>)
03-14 23:01:22.116 14631 14708 W unknown:ViewManagerPropertyUpdater: Could not find generated setter for class com.horcrux.svg.RenderableViewManager$FeMergeManager
03-14 23:01:22.126 14631 14708 W unknown:ViewManagerPropertyUpdater: Could not find generated setter for class com.facebook.react.views.safeareaview.ReactSafeAreaViewManager
03-14 23:01:22.135 14631 14708 W unknown:ViewManagerPropertyUpdater: Could not find generated setter for class com.horcrux.svg.RenderableViewManager$LinearGradientManager
03-14 23:01:22.146 14631 14708 W unknown:ViewManagerPropertyUpdater: Could not find generated setter for class com.horcrux.svg.RenderableViewManager$FeGaussianBlurManager
03-14 23:01:22.150 14631 14631 I ViewInteraction: Checking 'MatchesViewAssertion(Detox){viewMatcher=(view has effective visibility <VISIBLE> and view.getGlobalVisibleRect() covers at least <75> percent of the view's area)}' assertion on view (view.getTag() is "dashboard-add-expense-button" and view has effective visibility <VISIBLE>)
03-14 23:01:22.157 14631 14708 W unknown:ViewManagerPropertyUpdater: Could not find generated setter for class com.facebook.react.views.progressbar.ReactProgressBarViewManager
03-14 23:01:22.161 14631 14708 W unknown:ViewManagerPropertyUpdater: Could not find generated setter for class com.facebook.react.views.progressbar.ProgressBarShadowNode
03-14 23:01:22.170 14631 14708 W unknown:ViewManagerPropertyUpdater: Could not find generated setter for class com.facebook.react.views.scroll.ReactHorizontalScrollViewManager
03-14 23:01:22.180 14631 14708 W unknown:ViewManagerPropertyUpdater: Could not find generated setter for class com.facebook.react.views.text.ReactTextViewManager
03-14 23:01:22.182 14631 14708 W unknown:ViewManagerPropertyUpdater: Could not find generated setter for class com.facebook.react.views.text.ReactTextShadowNode
03-14 23:01:22.185 14631 14631 I ViewInteraction: Checking 'MatchesViewAssertion(Detox){viewMatcher=(view has effective visibility <VISIBLE> and view.getGlobalVisibleRect() covers at least <75> percent of the view's area)}' assertion on view (view.getTag() is "dashboard-add-expense-button" and view has effective visibility <VISIBLE>)
03-14 23:01:22.190 14631 14708 W unknown:ViewManagerPropertyUpdater: Could not find generated setter for class com.horcrux.svg.RenderableViewManager$FeColorMatrixManager
03-14 23:01:22.197 14631 14708 W unknown:ViewManagerPropertyUpdater: Could not find generated setter for class com.facebook.react.views.scroll.ReactHorizontalScrollContainerViewManager
03-14 23:01:22.209 14631 14708 W unknown:ViewManagerPropertyUpdater: Could not find generated setter for class com.horcrux.svg.RenderableViewManager$ClipPathViewManager
03-14 23:01:22.221 14631 14708 W unknown:ViewManagerPropertyUpdater: Could not find generated setter for class com.horcrux.svg.RenderableViewManager$SymbolManager
03-14 23:01:22.223 14631 14631 I ViewInteraction: Checking 'MatchesViewAssertion(Detox){viewMatcher=(view has effective visibility <VISIBLE> and view.getGlobalVisibleRect() covers at least <75> percent of the view's area)}' assertion on view (view.getTag() is "dashboard-add-expense-button" and view has effective visibility <VISIBLE>)
03-14 23:01:22.244 14631 14708 W unknown:ViewManagerPropertyUpdater: Could not find generated setter for class com.horcrux.svg.RenderableViewManager$PatternManager
03-14 23:01:22.260 14631 14631 I ViewInteraction: Checking 'MatchesViewAssertion(Detox){viewMatcher=(view has effective visibility <VISIBLE> and view.getGlobalVisibleRect() covers at least <75> percent of the view's area)}' assertion on view (view.getTag() is "dashboard-add-expense-button" and view has effective visibility <VISIBLE>)
03-14 23:01:22.263 14631 14708 W unknown:ViewManagerPropertyUpdater: Could not find generated setter for class com.horcrux.svg.RenderableViewManager$FeBlendManager
03-14 23:01:22.275 14631 14708 W unknown:ViewManagerPropertyUpdater: Could not find generated setter for class com.facebook.react.views.view.ReactViewManager
03-14 23:01:22.284 14631 14708 W unknown:ViewManagerPropertyUpdater: Could not find generated setter for class com.horcrux.svg.SvgViewManager
03-14 23:01:22.299 14631 14631 I ViewInteraction: Checking 'MatchesViewAssertion(Detox){viewMatcher=(view has effective visibility <VISIBLE> and view.getGlobalVisibleRect() covers at least <75> percent of the view's area)}' assertion on view (view.getTag() is "dashboard-add-expense-button" and view has effective visibility <VISIBLE>)
03-14 23:01:22.300 14631 14708 W unknown:ViewManagerPropertyUpdater: Could not find generated setter for class com.facebook.react.views.switchview.ReactSwitchManager
03-14 23:01:22.305 14631 14708 W unknown:ViewManagerPropertyUpdater: Could not find generated setter for class com.facebook.react.views.switchview.ReactSwitchShadowNode
03-14 23:01:22.320 14631 14708 W unknown:ViewManagerPropertyUpdater: Could not find generated setter for class com.horcrux.svg.RenderableViewManager$UseViewManager
03-14 23:01:22.339 14631 14631 I ViewInteraction: Checking 'MatchesViewAssertion(Detox){viewMatcher=(view has effective visibility <VISIBLE> and view.getGlobalVisibleRect() covers at least <75> percent of the view's area)}' assertion on view (view.getTag() is "dashboard-add-expense-button" and view has effective visibility <VISIBLE>)
03-14 23:01:22.343 14631 14708 W unknown:ViewManagerPropertyUpdater: Could not find generated setter for class com.horcrux.svg.RenderableViewManager$CircleViewManager
03-14 23:01:22.352 14631 14708 W unknown:ViewManagerPropertyUpdater: Could not find generated setter for class com.horcrux.svg.RenderableViewManager$TSpanViewManager
03-14 23:01:22.364 14631 14708 W unknown:ViewManagerPropertyUpdater: Could not find generated setter for class com.horcrux.svg.RenderableViewManager$FilterManager
03-14 23:01:22.374 14631 14631 I ViewInteraction: Checking 'MatchesViewAssertion(Detox){viewMatcher=(view has effective visibility <VISIBLE> and view.getGlobalVisibleRect() covers at least <75> percent of the view's area)}' assertion on view (view.getTag() is "dashboard-add-expense-button" and view has effective visibility <VISIBLE>)
03-14 23:01:22.376 14631 14708 W unknown:ViewManagerPropertyUpdater: Could not find generated setter for class com.horcrux.svg.RenderableViewManager$MarkerManager
03-14 23:01:22.386 14631 14708 W unknown:ViewManagerPropertyUpdater: Could not find generated setter for class com.swmansion.gesturehandler.react.RNGestureHandlerButtonViewManager
03-14 23:01:22.395 14631 14708 W unknown:ViewManagerPropertyUpdater: Could not find generated setter for class com.facebook.react.views.modal.ReactModalHostManager
03-14 23:01:22.397 14631 14641 I .studentfinance: Compiler allocated 4219KB to compile void android.widget.TextView.<init>(android.content.Context, android.util.AttributeSet, int, int)
03-14 23:01:22.408 14631 14708 W unknown:ViewManagerPropertyUpdater: Could not find generated setter for class com.horcrux.svg.RenderableViewManager$ForeignObjectManager
03-14 23:01:22.410 14631 14631 I ViewInteraction: Checking 'MatchesViewAssertion(Detox){viewMatcher=(view has effective visibility <VISIBLE> and view.getGlobalVisibleRect() covers at least <75> percent of the view's area)}' assertion on view (view.getTag() is "dashboard-add-expense-button" and view has effective visibility <VISIBLE>)
03-14 23:01:22.421 14631 14708 W unknown:ViewManagerPropertyUpdater: Could not find generated setter for class com.horcrux.svg.RenderableViewManager$EllipseViewManager
03-14 23:01:22.430 14631 14708 W unknown:ViewManagerPropertyUpdater: Could not find generated setter for class com.horcrux.svg.RenderableViewManager$LineViewManager
03-14 23:01:22.438 14631 14708 W unknown:ViewManagerPropertyUpdater: Could not find generated setter for class com.facebook.react.views.text.frescosupport.FrescoBasedReactTextInlineImageViewManager
03-14 23:01:22.438 14631 14708 W unknown:ViewManagerPropertyUpdater: Could not find generated setter for class com.facebook.react.views.text.frescosupport.FrescoBasedReactTextInlineImageShadowNode
03-14 23:01:22.446 14631 14631 I ViewInteraction: Checking 'MatchesViewAssertion(Detox){viewMatcher=(view has effective visibility <VISIBLE> and view.getGlobalVisibleRect() covers at least <75> percent of the view's area)}' assertion on view (view.getTag() is "dashboard-add-expense-button" and view has effective visibility <VISIBLE>)
03-14 23:01:22.449 14631 14708 W unknown:ViewManagerPropertyUpdater: Could not find generated setter for class com.horcrux.svg.RenderableViewManager$FeFloodManager
03-14 23:01:22.460 14631 14708 W unknown:ViewManagerPropertyUpdater: Could not find generated setter for class com.horcrux.svg.RenderableViewManager$GroupViewManager
03-14 23:01:22.472 14631 14708 W unknown:ViewManagerPropertyUpdater: Could not find generated setter for class com.horcrux.svg.RenderableViewManager$TextViewManager
03-14 23:01:22.474 14631 14631 I ViewInteraction: Checking 'MatchesViewAssertion(Detox){viewMatcher=(view has effective visibility <VISIBLE> and view.getGlobalVisibleRect() covers at least <75> percent of the view's area)}' assertion on view (view.getTag() is "dashboard-add-expense-button" and view has effective visibility <VISIBLE>)
03-14 23:01:22.480 14631 14708 W unknown:ViewManagerPropertyUpdater: Could not find generated setter for class com.horcrux.svg.RenderableViewManager$ImageViewManager
03-14 23:01:22.488 14631 14708 W unknown:ViewManagerPropertyUpdater: Could not find generated setter for class com.horcrux.svg.RenderableViewManager$FeCompositeManager
03-14 23:01:22.498 14631 14708 W unknown:ViewManagerPropertyUpdater: Could not find generated setter for class com.facebook.react.views.image.ReactImageManager
03-14 23:01:22.503 14631 14631 I ViewInteraction: Checking 'MatchesViewAssertion(Detox){viewMatcher=(view has effective visibility <VISIBLE> and view.getGlobalVisibleRect() covers at least <75> percent of the view's area)}' assertion on view (view.getTag() is "dashboard-add-expense-button" and view has effective visibility <VISIBLE>)
03-14 23:01:22.511 14631 14708 W unknown:ViewManagerPropertyUpdater: Could not find generated setter for class com.horcrux.svg.RenderableViewManager$RadialGradientManager
03-14 23:01:22.521 14631 14708 W unknown:ViewManagerPropertyUpdater: Could not find generated setter for class com.horcrux.svg.RenderableViewManager$MaskManager
03-14 23:01:22.529 14631 14708 W unknown:ViewManagerPropertyUpdater: Could not find generated setter for class com.facebook.react.views.unimplementedview.ReactUnimplementedViewManager
03-14 23:01:22.531 14631 14631 I ViewInteraction: Checking 'MatchesViewAssertion(Detox){viewMatcher=(view has effective visibility <VISIBLE> and view.getGlobalVisibleRect() covers at least <75> percent of the view's area)}' assertion on view (view.getTag() is "dashboard-add-expense-button" and view has effective visibility <VISIBLE>)
03-14 23:01:22.535 14631 14708 W unknown:ViewManagerPropertyUpdater: Could not find generated setter for class com.horcrux.svg.RenderableViewManager$RectViewManager
03-14 23:01:22.543 14631 14708 W unknown:ViewManagerPropertyUpdater: Could not find generated setter for class com.horcrux.svg.RenderableViewManager$TextPathViewManager
03-14 23:01:22.552 14631 14708 W unknown:ViewManagerPropertyUpdater: Could not find generated setter for class com.facebook.react.views.scroll.ReactScrollViewManager
