03-14 22:21:46.837  6275  6275 I ViewInteraction: Checking 'MatchesViewAssertion(Detox){viewMatcher=(view has effective visibility <VISIBLE> and view.getGlobalVisibleRect() covers at least <75> percent of the view's area)}' assertion on view (view.getTag() is "dashboard-view-transactions-button" and view has effective visibility <VISIBLE>)
03-14 22:21:46.845  6275  6454 I ExpoModulesCore: ✅ JSI interop was installed
03-14 22:21:46.849  6275  6454 I ExpoModulesCore: ✅ Constants were exported
03-14 22:21:46.866  6275  6275 I ViewInteraction: Checking 'MatchesViewAssertion(Detox){viewMatcher=(view has effective visibility <VISIBLE> and view.getGlobalVisibleRect() covers at least <75> percent of the view's area)}' assertion on view (view.getTag() is "dashboard-view-transactions-button" and view has effective visibility <VISIBLE>)
03-14 22:21:46.875  6275  6454 D nativeloader: Load /data/app/~~6XK6r8rcT6Xy3dmd6zCA2g==/com.mcfuzzysquirrel.studentfinance-e6TL2QNayJvaVmbb23ERbw==/base.apk!/lib/x86_64/librnscreens.so using ns clns-7 from class loader (caller=/data/app/~~6XK6r8rcT6Xy3dmd6zCA2g==/com.mcfuzzysquirrel.studentfinance-e6TL2QNayJvaVmbb23ERbw==/base.apk!classes16.dex): ok
03-14 22:21:46.896  6275  6275 I ViewInteraction: Checking 'MatchesViewAssertion(Detox){viewMatcher=(view has effective visibility <VISIBLE> and view.getGlobalVisibleRect() covers at least <75> percent of the view's area)}' assertion on view (view.getTag() is "dashboard-view-transactions-button" and view has effective visibility <VISIBLE>)
03-14 22:21:46.924  6275  6275 I ViewInteraction: Checking 'MatchesViewAssertion(Detox){viewMatcher=(view has effective visibility <VISIBLE> and view.getGlobalVisibleRect() covers at least <75> percent of the view's area)}' assertion on view (view.getTag() is "dashboard-view-transactions-button" and view has effective visibility <VISIBLE>)
03-14 22:21:46.953  6275  6275 I ViewInteraction: Checking 'MatchesViewAssertion(Detox){viewMatcher=(view has effective visibility <VISIBLE> and view.getGlobalVisibleRect() covers at least <75> percent of the view's area)}' assertion on view (view.getTag() is "dashboard-view-transactions-button" and view has effective visibility <VISIBLE>)
03-14 22:21:46.980  6275  6275 I ViewInteraction: Checking 'MatchesViewAssertion(Detox){viewMatcher=(view has effective visibility <VISIBLE> and view.getGlobalVisibleRect() covers at least <75> percent of the view's area)}' assertion on view (view.getTag() is "dashboard-view-transactions-button" and view has effective visibility <VISIBLE>)
03-14 22:21:47.008  6275  6275 I ViewInteraction: Checking 'MatchesViewAssertion(Detox){viewMatcher=(view has effective visibility <VISIBLE> and view.getGlobalVisibleRect() covers at least <75> percent of the view's area)}' assertion on view (view.getTag() is "dashboard-view-transactions-button" and view has effective visibility <VISIBLE>)
03-14 22:21:47.037  6275  6456 D TrafficStats: tagSocket(133) with statsTag=0xffffffff, statsUid=-1
03-14 22:21:47.043  6275  6275 I ViewInteraction: Checking 'MatchesViewAssertion(Detox){viewMatcher=(view has effective visibility <VISIBLE> and view.getGlobalVisibleRect() covers at least <75> percent of the view's area)}' assertion on view (view.getTag() is "dashboard-view-transactions-button" and view has effective visibility <VISIBLE>)
03-14 22:21:47.072  6275  6275 I ViewInteraction: Checking 'MatchesViewAssertion(Detox){viewMatcher=(view has effective visibility <VISIBLE> and view.getGlobalVisibleRect() covers at least <75> percent of the view's area)}' assertion on view (view.getTag() is "dashboard-view-transactions-button" and view has effective visibility <VISIBLE>)
03-14 22:21:47.101  6275  6275 I ViewInteraction: Checking 'MatchesViewAssertion(Detox){viewMatcher=(view has effective visibility <VISIBLE> and view.getGlobalVisibleRect() covers at least <75> percent of the view's area)}' assertion on view (view.getTag() is "dashboard-view-transactions-button" and view has effective visibility <VISIBLE>)
03-14 22:21:47.127  6275  6275 I ViewInteraction: Checking 'MatchesViewAssertion(Detox){viewMatcher=(view has effective visibility <VISIBLE> and view.getGlobalVisibleRect() covers at least <75> percent of the view's area)}' assertion on view (view.getTag() is "dashboard-view-transactions-button" and view has effective visibility <VISIBLE>)
03-14 22:21:47.146  6275  6454 D Detox.RNMarker: RUN_JS_BUNDLE_END (index.android.bundle)
03-14 22:21:47.146  6275  6454 I ReactNativeJS: Running "main"
03-14 22:21:47.154  6275  6275 I ViewInteraction: Checking 'MatchesViewAssertion(Detox){viewMatcher=(view has effective visibility <VISIBLE> and view.getGlobalVisibleRect() covers at least <75> percent of the view's area)}' assertion on view (view.getTag() is "dashboard-view-transactions-button" and view has effective visibility <VISIBLE>)
03-14 22:21:47.156  6275  6454 D Detox.RNMarker: REACT_BRIDGELESS_LOADING_END (null)
03-14 22:21:47.163  6275  6275 I ReactNative: [GESTURE HANDLER] Initialize gesture handler for root view com.facebook.react.runtime.ReactSurfaceView{c231931 V.E...... ......ID 0,0-1080,2400 #1}
03-14 22:21:47.166  6275  6454 D nativeloader: Load /data/app/~~6XK6r8rcT6Xy3dmd6zCA2g==/com.mcfuzzysquirrel.studentfinance-e6TL2QNayJvaVmbb23ERbw==/base.apk!/lib/x86_64/libgesturehandler.so using ns clns-7 from class loader (caller=/data/app/~~6XK6r8rcT6Xy3dmd6zCA2g==/com.mcfuzzysquirrel.studentfinance-e6TL2QNayJvaVmbb23ERbw==/base.apk): ok
03-14 22:21:47.166  6275  6454 D jni_lib_merge: Entering merged library JNI_OnLoad.
03-14 22:21:47.166  6275  6454 D jni_lib_merge: Preparing 12 pre-merged libs (including stub)
03-14 22:21:47.166  6275  6454 D jni_lib_merge: Preparing to register libfabricjni_so.  onload_func: 0x7f2ca7a1c730
03-14 22:21:47.166  6275  6454 D jni_lib_merge: Preparing to register libreact_devsupportjni_so.  onload_func: 0x7f2ca7c19190
03-14 22:21:47.166  6275  6454 D jni_lib_merge: Preparing to register libreact_featureflagsjni_so.  onload_func: 0x7f2ca7c2a910
03-14 22:21:47.166  6275  6454 D jni_lib_merge: Preparing to register libreact_newarchdefaults_so.  onload_func: 0x7f2ca7ccbd20
03-14 22:21:47.166  6275  6454 D jni_lib_merge: Preparing to register libreactnativeblob_so.  onload_func: 0x7f2ca7ed62e0
03-14 22:21:47.166  6275  6454 D jni_lib_merge: Preparing to register libreactnativejni_so.  onload_func: 0x7f2ca7f16770
03-14 22:21:47.166  6275  6454 D jni_lib_merge: Preparing to register libreactnativejni_common_so.  onload_func: 0x7f2ca7f265d0
03-14 22:21:47.166  6275  6454 D jni_lib_merge: Preparing to register librninstance_so.  onload_func: 0x7f2ca7f634c0
03-14 22:21:47.166  6275  6454 D jni_lib_merge: Preparing to register libturbomodulejsijni_so.  onload_func: 0x7f2ca80c4c00
03-14 22:21:47.166  6275  6454 D jni_lib_merge: Preparing to register libuimanagerjni_so.  onload_func: 0x7f2ca80dcde0
03-14 22:21:47.166  6275  6454 D jni_lib_merge: Preparing to register libyoga_so.  onload_func: 0x7f2ca80ebd70
03-14 22:21:47.166  6275  6454 D jni_lib_merge: About to register 11 actual methods.
03-14 22:21:47.166  6275  6275 D Detox.RNMarker: CONTENT_APPEARED (main)
03-14 22:21:47.186  6275  6275 I ViewInteraction: Checking 'MatchesViewAssertion(Detox){viewMatcher=(view has effective visibility <VISIBLE> and view.getGlobalVisibleRect() covers at least <75> percent of the view's area)}' assertion on view (view.getTag() is "dashboard-view-transactions-button" and view has effective visibility <VISIBLE>)
03-14 22:21:47.312  6275  6275 I ViewInteraction: Checking 'MatchesViewAssertion(Detox){viewMatcher=(view has effective visibility <VISIBLE> and view.getGlobalVisibleRect() covers at least <75> percent of the view's area)}' assertion on view (view.getTag() is "dashboard-view-transactions-button" and view has effective visibility <VISIBLE>)
03-14 22:21:47.356  6275  6275 I ViewInteraction: Checking 'MatchesViewAssertion(Detox){viewMatcher=(view has effective visibility <VISIBLE> and view.getGlobalVisibleRect() covers at least <75> percent of the view's area)}' assertion on view (view.getTag() is "dashboard-view-transactions-button" and view has effective visibility <VISIBLE>)
03-14 22:21:47.396  6275  6275 I ViewInteraction: Checking 'MatchesViewAssertion(Detox){viewMatcher=(view has effective visibility <VISIBLE> and view.getGlobalVisibleRect() covers at least <75> percent of the view's area)}' assertion on view (view.getTag() is "dashboard-view-transactions-button" and view has effective visibility <VISIBLE>)
03-14 22:21:47.436  6275  6275 I ViewInteraction: Checking 'MatchesViewAssertion(Detox){viewMatcher=(view has effective visibility <VISIBLE> and view.getGlobalVisibleRect() covers at least <75> percent of the view's area)}' assertion on view (view.getTag() is "dashboard-view-transactions-button" and view has effective visibility <VISIBLE>)
03-14 22:21:47.437  6275  6454 D nativeloader: Load /data/app/~~6XK6r8rcT6Xy3dmd6zCA2g==/com.mcfuzzysquirrel.studentfinance-e6TL2QNayJvaVmbb23ERbw==/base.apk!/lib/x86_64/libexpo-sqlite.so using ns clns-7 from class loader (caller=/data/app/~~6XK6r8rcT6Xy3dmd6zCA2g==/com.mcfuzzysquirrel.studentfinance-e6TL2QNayJvaVmbb23ERbw==/base.apk!classes20.dex): ok
03-14 22:21:47.463  6275  6275 I ViewInteraction: Checking 'MatchesViewAssertion(Detox){viewMatcher=(view has effective visibility <VISIBLE> and view.getGlobalVisibleRect() covers at least <75> percent of the view's area)}' assertion on view (view.getTag() is "dashboard-view-transactions-button" and view has effective visibility <VISIBLE>)
03-14 22:21:47.490  6275  6275 I ViewInteraction: Checking 'MatchesViewAssertion(Detox){viewMatcher=(view has effective visibility <VISIBLE> and view.getGlobalVisibleRect() covers at least <75> percent of the view's area)}' assertion on view (view.getTag() is "dashboard-view-transactions-button" and view has effective visibility <VISIBLE>)
03-14 22:21:47.519  6275  6275 I ViewInteraction: Checking 'MatchesViewAssertion(Detox){viewMatcher=(view has effective visibility <VISIBLE> and view.getGlobalVisibleRect() covers at least <75> percent of the view's area)}' assertion on view (view.getTag() is "dashboard-view-transactions-button" and view has effective visibility <VISIBLE>)
03-14 22:21:47.531  6275  6454 E ReactNativeJS: { [Error: Element type is invalid: expected a string (for built-in components) or a class/function (for composite components) but got: object.]
03-14 22:21:47.531  6275  6454 E ReactNativeJS:   componentStack: '\n    at StaticContainer (address at index.android.bundle:1:927929)\n    at EnsureSingleNavigator (address at index.android.bundle:1:873788)\n    at SceneView (address at index.android.bundle:1:925953)\n    at NavigationProvider (address at index.android.bundle:1:904371)\n    at RCTView (<anonymous>)\n    at View (address at index.android.bundle:1:148692)\n    at RCTView (<anonymous>)\n    at View (address at index.android.bundle:1:148692)\n    at Animated(View) (address at index.android.bundle:1:567439)\n    at Background (address at index.android.bundle:1:968374)\n    at Screen (address at index.android.bundle:1:1010205)\n    at RNSScreen (<anonymous>)\n    at Animated(Anonymous) (address at index.android.bundle:1:567439)\n    at Suspender (address at index.android.bundle:1:1026365)\n    at Suspense (<anonymous>)\n    at Freeze (address at index.android.bundle:1:1026425)\n    at DelayedFreeze (address at index.android.bundle:1:1026007)\n    at InnerScreen (address at index.android.bundle:1:1023395)\n    at anonymous (address at index.android.bundle:1:1025439)\n    at MaybeScreen (address at index.android.bundle:1:1020046)\n    at RNSScreenContainer (<anonymous>)\n    at ScreenContainer (address at index.android.bundle:1:1036269)\n    at MaybeScreenContainer (address at index.android.bundle:1:1020209)\n    at RCTView (<anonymous>)\n    at View (address at index.android.bundle:1:148692)\n    at FrameSizeProvider (address at index.android.bundle:1:998002)\n    at SafeAreaProviderCompat (address at index.android.bundle:1:1009413)\n    at BottomTabView (address at index.android.bundle:1:962842)\n    at PreventRemoveProvider (address at index.android.bundle:1:906668)\n    at NavigationStateListenerProvider (address at index.android.bundle:1:933250)\n    at NavigationContent (address at index.android.bundle:1:923171)\n    at anonymous (address at index.android.bundle:1:923074)\n    at BottomTabNavigator (address at index.android.bundle:1:961923)\n    at TabNavigator (<anonymous>)\n    at StaticContainer (address at index.android.bundle:1:927929)\n    at EnsureSingleNavigator (address at index.android.bundle:1:873788)\n    at SceneView (address at index.android.bundle:1:925953)\n    at NavigationProvider (address at index.android.bundle:1:904371)\n    at RNSScreenContentWrapper (<anonymous>)\n    at ScreenContentWrapper (<anonymous>)\n    at DebugContainer (address at index.android.bundle:1:1040184)\n    at RNSScreen (<anonymous>)\n    at Animated(Anonymous) (address at index.android.bundle:1:567439)\n    at Suspender (address at index.android.bundle:1:1026365)\n    at Suspense (<anonymous>)\n    at Freeze (address at index.android.bundle:1:1026425)\n    at DelayedFreeze (address at index.android.bundle:1:1026007)\n    at InnerScreen (address at index.android.bundle:1:1023395)\n    at anonymous (address at index.android.bundle:1:1025439)\n    at ScreenStackItem (address at index.android.bundle:1:1038934)\n    at NavigationProvider (address at index.android.bundle:1:904371)\n    at SceneView (address at index.android.bundle:1:1052468)\n    at RNSScreenStack (<anonymous>)\n    at anonymous (address at index.android.bundle:1:1038026)\n    at ScreenStack (address at index.android.bundle:1:1037187)\n    at RCTView (<anonymous>)\n    at View (address at index.android.bundle:1:148692)\n    at FrameSizeProvider (address at index.android.bundle:1:998002)\n    at SafeAreaProviderCompat (address at index.android.bundle:1:1009413)\n    at NativeStackView (address at index.android.bundle:1:1051030)\n    at PreventRemoveProvider (address at index.android.bundle:1:906668)\n    at NavigationStateListenerProvider (address at index.android.bundle:1:933250)\n    at NavigationContent (address at index.android.bundle:1:923171)\n    at anonymous (address at index.android.bundle:1:923074)\n    at NativeStackNavigator (address at index.android.bundle:1:1049756)\n    at RootNavigator (<anonymous>)\n    at ThemeProvider (address at index.android.bundle:1:8759
03-14 22:21:47.531  6275  6454 E ReactNativeJS:   isComponentError: true }
03-14 22:21:47.542  6275  6275 I ReactNative: [GESTURE HANDLER] Tearing down gesture handler registered for root view com.facebook.react.runtime.ReactSurfaceView{c231931 V.E...... ......ID 0,0-1080,2400 #1}
03-14 22:21:47.553  6275  6275 I ViewInteraction: Checking 'MatchesViewAssertion(Detox){viewMatcher=(view has effective visibility <VISIBLE> and view.getGlobalVisibleRect() covers at least <75> percent of the view's area)}' assertion on view (view.getTag() is "dashboard-view-transactions-button" and view has effective visibility <VISIBLE>)
03-14 22:21:47.589  6275  6275 I ViewInteraction: Checking 'MatchesViewAssertion(Detox){viewMatcher=(view has effective visibility <VISIBLE> and view.getGlobalVisibleRect() covers at least <75> percent of the view's area)}' assertion on view (view.getTag() is "dashboard-view-transactions-button" and view has effective visibility <VISIBLE>)
03-14 22:21:47.589  6275  6455 W unknown:BridgelessReact: ReactHost{0}.handleHostException(message = "Error: Element type is invalid: expected a string (for built-in components) or a class/function (for composite components) but got: object.
03-14 22:21:47.589  6275  6455 W unknown:BridgelessReact: 
03-14 22:21:47.589  6275  6455 W unknown:BridgelessReact: This error is located at:
03-14 22:21:47.589  6275  6455 W unknown:BridgelessReact:     at StaticContainer (address at index.android.bundle:1:927929)
03-14 22:21:47.589  6275  6455 W unknown:BridgelessReact:     at EnsureSingleNavigator (address at index.android.bundle:1:873788)
03-14 22:21:47.589  6275  6455 W unknown:BridgelessReact:     at SceneView (address at index.android.bundle:1:925953)
03-14 22:21:47.589  6275  6455 W unknown:BridgelessReact:     at NavigationProvider (address at index.android.bundle:1:904371)
03-14 22:21:47.589  6275  6455 W unknown:BridgelessReact:     at RCTView (<anonymous>)
03-14 22:21:47.589  6275  6455 W unknown:BridgelessReact:     at View (address at index.android.bundle:1:148692)
03-14 22:21:47.589  6275  6455 W unknown:BridgelessReact:     at RCTView (<anonymous>)
03-14 22:21:47.589  6275  6455 W unknown:BridgelessReact:     at View (address at index.android.bundle:1:148692)
03-14 22:21:47.589  6275  6455 W unknown:BridgelessReact:     at Animated(View) (address at index.android.bundle:1:567439)
03-14 22:21:47.589  6275  6455 W unknown:BridgelessReact:     at Background (address at index.android.bundle:1:968374)
03-14 22:21:47.589  6275  6455 W unknown:BridgelessReact:     at Screen (address at index.android.bundle:1:1010205)
03-14 22:21:47.589  6275  6455 W unknown:BridgelessReact:     at RNSScreen (<anonymous>)
03-14 22:21:47.589  6275  6455 W unknown:BridgelessReact:     at Animated(Anonymous) (address at index.android.bundle:1:567439)
03-14 22:21:47.589  6275  6455 W unknown:BridgelessReact:     at Suspender (address at index.android.bundle:1:1026365)
03-14 22:21:47.589  6275  6455 W unknown:BridgelessReact:     at Suspense (<anonymous>)
03-14 22:21:47.589  6275  6455 W unknown:BridgelessReact:     at Freeze (address at index.android.bundle:1:1026425)
03-14 22:21:47.589  6275  6455 W unknown:BridgelessReact:     at DelayedFreeze (address at index.android.bundle:1:1026007)
03-14 22:21:47.589  6275  6455 W unknown:BridgelessReact:     at InnerScreen (address at index.android.bundle:1:1023395)
03-14 22:21:47.589  6275  6455 W unknown:BridgelessReact:     at anonymous (address at index.android.bundle:1:1025439)
03-14 22:21:47.589  6275  6455 W unknown:BridgelessReact:     at MaybeScreen (address at index.android.bundle:1:1020046)
03-14 22:21:47.589  6275  6455 W unknown:BridgelessReact:     at RNSScreenContainer (<anonymous>)
03-14 22:21:47.589  6275  6455 W unknown:BridgelessReact:     at ScreenContainer (address at index.android.bundle:1:1036269)
03-14 22:21:47.589  6275  6455 W unknown:BridgelessReact:     at MaybeScreenContainer (address at index.android.bundle:1:1020209)
03-14 22:21:47.589  6275  6455 W unknown:BridgelessReact:     at RCTView (<anonymous>)
03-14 22:21:47.589  6275  6455 W unknown:BridgelessReact:     at View (address at index.android.bundle:1:148692)
03-14 22:21:47.589  6275  6455 W unknown:BridgelessReact:     at FrameSizeProvider (address at index.android.bundle:1:998002)
03-14 22:21:47.589  6275  6455 W unknown:BridgelessReact:     at SafeAreaProviderCompat (address at index.android.bundle:1:1009413)
03-14 22:21:47.589  6275  6455 W unknown:BridgelessReact:     at BottomTabView (address at index.android.bundle:1:962842)
03-14 22:21:47.589  6275  6455 W unknown:BridgelessReact:     at PreventRemoveProvider (address at index.android.bundle:1:906668)
03-14 22:21:47.589  6275  6455 W unknown:BridgelessReact:     at NavigationStateListenerProvider (address at index.android.bundle:1:933250)
03-14 22:21:47.589  6275  6455 W unknown:BridgelessReact:     at NavigationContent (address at index.android.bundle:1:923171)
03-14 22:21:47.589  6275  6455 W unknown:BridgelessReact:     at anonymous (address at index.android.bundle:1:923074)
03-14 22:21:47.589  6275  6455 W unknown:BridgelessReact:     at BottomTabNavigator (address at index.android.bundle:1:961923)
03-14 22:21:47.589  6275  6455 W unknown:BridgelessReact:     at TabNavigator (<anonymous>)
03-14 22:21:47.589  6275  6455 W unknown:BridgelessReact:     at StaticContainer (address at index.android.bundle:1:927929)
03-14 22:21:47.589  6275  6455 W unknown:BridgelessReact:     at EnsureSingleNavigator (address at index.android.bundle:1:873788)
03-14 22:21:47.589  6275  6455 W unknown:BridgelessReact:     at SceneView (address at index.android.bundle:1:925953)
03-14 22:21:47.589  6275  6455 W unknown:BridgelessReact:     at NavigationProvider (address at index.android.bundle:1:904371)
03-14 22:21:47.589  6275  6455 W unknown:BridgelessReact:     at RNSScreenContentWrapper (<anonymous>)
03-14 22:21:47.589  6275  6455 W unknown:BridgelessReact:     at ScreenContentWrapper (<anonymous>)
03-14 22:21:47.589  6275  6455 W unknown:BridgelessReact:     at DebugContainer (address at index.android.bundle:1:1040184)
03-14 22:21:47.589  6275  6455 W unknown:BridgelessReact:     at RNSScreen (<anonymous>)
03-14 22:21:47.589  6275  6455 W unknown:BridgelessReact:     at Animated(Anonymous) (address at index.android.bundle:1:567439)
03-14 22:21:47.589  6275  6455 W unknown:BridgelessReact:     at Suspender (address at index.android.bundle:1:1026365)
03-14 22:21:47.589  6275  6455 W unknown:BridgelessReact:     at Suspense (<anonymous>)
03-14 22:21:47.589  6275  6455 W unknown:BridgelessReact:     at Freeze (address at index.android.bundle:1:1026425)
03-14 22:21:47.589  6275  6455 W unknown:BridgelessReact:     at DelayedFreeze (address at index.android.bundle:1:1026007)
03-14 22:21:47.589  6275  6455 W unknown:BridgelessReact:     at InnerScreen (address at index.android.bundle:1:1023395)
03-14 22:21:47.589  6275  6455 W unknown:BridgelessReact:     at anonymous (address at index.android.bundle:1:1025439)
03-14 22:21:47.589  6275  6455 W unknown:BridgelessReact:     at ScreenStackItem (address at index.android.bundle:1:1038934)
03-14 22:21:47.589  6275  6455 W unknown:BridgelessReact:     at NavigationProvider (address at index.android.bundle:1:904371)
03-14 22:21:47.589  6275  6455 W unknown:BridgelessReact:     at SceneView (address at index.android.bundle:1:1052468)
03-14 22:21:47.589  6275  6455 W unknown:BridgelessReact:     at RNSScreenStack (<anonymous>)
03-14 22:21:47.589  6275  6455 W unknown:BridgelessReact:     at anonymous (address at index.android.bundle:1:1038026)
03-14 22:21:47.589  6275  6455 W unknown:BridgelessReact:     at ScreenStack (address at index.android.bundle:1:1037187)
03-14 22:21:47.589  6275  6455 W unknown:BridgelessReact:     at RCTView (<anonymous>)
03-14 22:21:47.589  6275  6455 W unknown:BridgelessReact:     at View (address at index.android.bundle:1:148692)
03-14 22:21:47.589  6275  6455 W unknown:BridgelessReact:     at FrameSizeProvider (address at index.android.bundle:1:998002)
03-14 22:21:47.589  6275  6455 W unknown:BridgelessReact:     at SafeAreaProviderCompat (address at index.android.bundle:1:1009413)
03-14 22:21:47.589  6275  6455 W unknown:BridgelessReact:     at NativeStackView (address at index.android.bundle:1:1051030)
03-14 22:21:47.589  6275  6455 W unknown:BridgelessReact:     at PreventRemoveProvider (address at index.android.bundle:1:906668)
03-14 22:21:47.589  6275  6455 W unknown:BridgelessReact:     at NavigationStateListenerProvider (address at index.android.bundle:1:933250)
03-14 22:21:47.589  6275  6455 W unknown:BridgelessReact:     at NavigationContent (address at index.android.bundle:1:923171)
03-14 22:21:47.589  6275  6455 W unknown:BridgelessReact:     at anonymous (address at index.android.bundle:1:923074)
03-14 22:21:47.591  6275  6455 W unknown:BridgelessReact:     at NativeStackNavigator (address at index.android.bundle:1:1049756)
03-14 22:21:47.591  6275  6455 W unknown:BridgelessReact:     at RootNavigator (<anonymous>)
03-14 22:21:47.591  6275  6455 W unknown:BridgelessReact:     at ThemeProvider (address at index.android.bundle:1:875944)
03-14 22:21:47.591  6275  6455 W unknown:BridgelessReact:     at EnsureSingleNavigator (address at index.android.bundle:1:873788)
03-14 22:21:47.591  6275  6455 W unknown:BridgelessReact:     at BaseNavigationContainer (address at index.android.bundle:1:852528)
03-14 22:21:47.591  6275  6455 W unknown:BridgelessReact:     at NavigationContainerInner (address at index.android.bundle:1:941094)
03-14 22:21:47.591  6275  6455 W unknown:BridgelessReact:     at DatabaseProvider (address at index.android.bundle:1:1073278)
03-14 22:21:47.591  6275  6455 W unknown:BridgelessReact:     at RNCSafeAreaProvider (<anonymous>)
03-14 22:21:47.591  6275  6455 W unknown:BridgelessReact:     at SafeAreaProvider (address at index.android.bundle:1:955840)
03-14 22:21:47.591  6275  6455 W unknown:BridgelessReact:     at RNGestureHandlerRootView (<anonymous>)
03-14 22:21:47.591  6275  6455 W unknown:BridgelessReact:     at GestureHandlerRootView (address at index.android.bundle:1:726780)
03-14 22:21:47.591  6275  6455 W unknown:BridgelessReact:     at App (<anonymous>)
03-14 22:21:47.591  6275  6455 W unknown:BridgelessReact:     at RCTView (<anonymous>)
03-14 22:21:47.591  6275  6455 W unknown:BridgelessReact:     at View (address at index.android.bundle:1:148692)
03-14 22:21:47.591  6275  6455 W unknown:BridgelessReact:     at AppContainer (address at index.android.bundle:1:395561), stack:
03-14 22:21:47.591  6275  6455 W unknown:BridgelessReact: createFiberFromTypeAndProps@1:288631
03-14 22:21:47.591  6275  6455 W unknown:BridgelessReact: reconcileChildFibersImpl@1:238360
03-14 22:21:47.591  6275  6455 W unknown:BridgelessReact: anonymous@1:238528
03-14 22:21:47.591  6275  6455 W unknown:BridgelessReact: reconcileChildren@1:253641
03-14 22:21:47.591  6275  6455 W unknown:BridgelessReact: updateFunctionComponent@1:255605
03-14 22:21:47.591  6275  6455 W unknown:BridgelessReact: beginWork@1:263506
03-14 22:21:47.591  6275  6455 W unknown:BridgelessReact: performUnitOfWork@1:283404
03-14 22:21:47.591  6275  6455 W unknown:BridgelessReact: workLoopSync@1:282412
03-14 22:21:47.591  6275  6455 W unknown:BridgelessReact: renderRootSync@1:282244
03-14 22:21:47.591  6275  6455 W unknown:BridgelessReact: performWorkOnRoot@1:279819
03-14 22:21:47.591  6275  6455 W unknown:BridgelessReact: performWorkOnRootViaSchedulerTask@1:231313
03-14 22:21:47.591  6275  6455 W unknown:BridgelessReact: ")
03-14 22:21:47.595  6275  6455 E unknown:ReactNative: Exception in native call from JS
03-14 22:21:47.595  6275  6455 E unknown:ReactNative: com.facebook.react.common.JavascriptException: Error: Element type is invalid: expected a string (for built-in components) or a class/function (for composite components) but got: object.
03-14 22:21:47.595  6275  6455 E unknown:ReactNative: 
03-14 22:21:47.595  6275  6455 E unknown:ReactNative: This error is located at:
03-14 22:21:47.595  6275  6455 E unknown:ReactNative:     at StaticContainer (address at index.android.bundle:1:927929)
03-14 22:21:47.595  6275  6455 E unknown:ReactNative:     at EnsureSingleNavigator (address at index.android.bundle:1:873788)
03-14 22:21:47.595  6275  6455 E unknown:ReactNative:     at SceneView (address at index.android.bundle:1:925953)
03-14 22:21:47.595  6275  6455 E unknown:ReactNative:     at NavigationProvider (address at index.android.bundle:1:904371)
03-14 22:21:47.595  6275  6455 E unknown:ReactNative:     at RCTView (<anonymous>)
03-14 22:21:47.595  6275  6455 E unknown:ReactNative:     at View (address at index.android.bundle:1:148692)
03-14 22:21:47.595  6275  6455 E unknown:ReactNative:     at RCTView (<anonymous>)
03-14 22:21:47.595  6275  6455 E unknown:ReactNative:     at View (address at index.android.bundle:1:148692)
03-14 22:21:47.595  6275  6455 E unknown:ReactNative:     at Animated(View) (address at index.android.bundle:1:567439)
03-14 22:21:47.595  6275  6455 E unknown:ReactNative:     at Background (address at index.android.bundle:1:968374)
03-14 22:21:47.595  6275  6455 E unknown:ReactNative:     at Screen (address at index.android.bundle:1:1010205)
03-14 22:21:47.595  6275  6455 E unknown:ReactNative:     at RNSScreen (<anonymous>)
03-14 22:21:47.595  6275  6455 E unknown:ReactNative:     at Animated(Anonymous) (address at index.android.bundle:1:567439)
03-14 22:21:47.595  6275  6455 E unknown:ReactNative:     at Suspender (address at index.android.bundle:1:1026365)
03-14 22:21:47.595  6275  6455 E unknown:ReactNative:     at Suspense (<anonymous>)
03-14 22:21:47.595  6275  6455 E unknown:ReactNative:     at Freeze (address at index.android.bundle:1:1026425)
03-14 22:21:47.595  6275  6455 E unknown:ReactNative:     at DelayedFreeze (address at index.android.bundle:1:1026007)
03-14 22:21:47.595  6275  6455 E unknown:ReactNative:     at InnerScreen (address at index.android.bundle:1:1023395)
03-14 22:21:47.595  6275  6455 E unknown:ReactNative:     at anonymous (address at index.android.bundle:1:1025439)
03-14 22:21:47.595  6275  6455 E unknown:ReactNative:     at MaybeScreen (address at index.android.bundle:1:1020046)
03-14 22:21:47.595  6275  6455 E unknown:ReactNative:     at RNSScreenContainer (<anonymous>)
03-14 22:21:47.595  6275  6455 E unknown:ReactNative:     at ScreenContainer (address at index.android.bundle:1:1036269)
03-14 22:21:47.595  6275  6455 E unknown:ReactNative:     at MaybeScreenContainer (address at index.android.bundle:1:1020209)
03-14 22:21:47.595  6275  6455 E unknown:ReactNative:     at RCTView (<anonymous>)
03-14 22:21:47.595  6275  6455 E unknown:ReactNative:     at View (address at index.android.bundle:1:148692)
03-14 22:21:47.595  6275  6455 E unknown:ReactNative:     at FrameSizeProvider (address at index.android.bundle:1:998002)
03-14 22:21:47.595  6275  6455 E unknown:ReactNative:     at SafeAreaProviderCompat (address at index.android.bundle:1:1009413)
03-14 22:21:47.595  6275  6455 E unknown:ReactNative:     at BottomTabView (address at index.android.bundle:1:962842)
03-14 22:21:47.595  6275  6455 E unknown:ReactNative:     at PreventRemoveProvider (address at index.android.bundle:1:906668)
03-14 22:21:47.595  6275  6455 E unknown:ReactNative:     at NavigationStateListenerProvider (address at index.android.bundle:1:933250)
03-14 22:21:47.595  6275  6455 E unknown:ReactNative:     at NavigationContent (address at index.android.bundle:1:923171)
03-14 22:21:47.595  6275  6455 E unknown:ReactNative:     at anonymous (address at index.android.bundle:1:923074)
03-14 22:21:47.595  6275  6455 E unknown:ReactNative:     at BottomTabNavigator (address at index.android.bundle:1:961923)
03-14 22:21:47.595  6275  6455 E unknown:ReactNative:     at TabNavigator (<anonymous>)
03-14 22:21:47.595  6275  6455 E unknown:ReactNative:     at StaticContainer (address at index.android.bundle:1:927929)
03-14 22:21:47.595  6275  6455 E unknown:ReactNative:     at EnsureSingleNavigator (address at index.android.bundle:1:873788)
03-14 22:21:47.595  6275  6455 E unknown:ReactNative:     at SceneView (address at index.android.bundle:1:925953)
03-14 22:21:47.595  6275  6455 E unknown:ReactNative:     at NavigationProvider (address at index.android.bundle:1:904371)
03-14 22:21:47.595  6275  6455 E unknown:ReactNative:     at RNSScreenContentWrapper (<anonymous>)
03-14 22:21:47.595  6275  6455 E unknown:ReactNative:     at ScreenContentWrapper (<anonymous>)
03-14 22:21:47.595  6275  6455 E unknown:ReactNative:     at DebugContainer (address at index.android.bundle:1:1040184)
03-14 22:21:47.595  6275  6455 E unknown:ReactNative:     at RNSScreen (<anonymous>)
03-14 22:21:47.595  6275  6455 E unknown:ReactNative:     at Animated(Anonymous) (address at index.android.bundle:1:567439)
03-14 22:21:47.595  6275  6455 E unknown:ReactNative:     at Suspender (address at index.android.bundle:1:1026365)
03-14 22:21:47.595  6275  6455 E unknown:ReactNative:     at Suspense (<anonymous>)
03-14 22:21:47.595  6275  6455 E unknown:ReactNative:     at Freeze (address at index.android.bundle:1:1026425)
03-14 22:21:47.595  6275  6455 E unknown:ReactNative:     at DelayedFreeze (address at index.android.bundle:1:1026007)
03-14 22:21:47.595  6275  6455 E unknown:ReactNative:     at InnerScreen (address at index.android.bundle:1:1023395)
03-14 22:21:47.595  6275  6455 E unknown:ReactNative:     at anonymous (address at index.android.bundle:1:1025439)
03-14 22:21:47.595  6275  6455 E unknown:ReactNative:     at ScreenStackItem (address at index.android.bundle:1:1038934)
03-14 22:21:47.595  6275  6455 E unknown:ReactNative:     at NavigationProvider (address at index.android.bundle:1:904371)
03-14 22:21:47.595  6275  6455 E unknown:ReactNative:     at SceneView (address at index.android.bundle:1:1052468)
03-14 22:21:47.595  6275  6455 E unknown:ReactNative:     at RNSScreenStack (<anonymous>)
03-14 22:21:47.595  6275  6455 E unknown:ReactNative:     at anonymous (address at index.android.bundle:1:1038026)
03-14 22:21:47.595  6275  6455 E unknown:ReactNative:     at ScreenStack (address at index.android.bundle:1:1037187)
03-14 22:21:47.595  6275  6455 E unknown:ReactNative:     at RCTView (<anonymous>)
03-14 22:21:47.595  6275  6455 E unknown:ReactNative:     at View (address at index.android.bundle:1:148692)
03-14 22:21:47.595  6275  6455 E unknown:ReactNative:     at FrameSizeProvider (address at index.android.bundle:1:998002)
03-14 22:21:47.595  6275  6455 E unknown:ReactNative:     at SafeAreaProviderCompat (address at index.android.bundle:1:1009413)
03-14 22:21:47.595  6275  6455 E unknown:ReactNative:     at NativeStackView (address at index.android.bundle:1:1051030)
03-14 22:21:47.595  6275  6455 E unknown:ReactNative:     at PreventRemoveProvider (address at index.android.bundle:1:906668)
03-14 22:21:47.595  6275  6455 E unknown:ReactNative:     at NavigationStateListenerProvider (address at index.android.bundle:1:933250)
03-14 22:21:47.595  6275  6455 E unknown:ReactNative:     at NavigationContent (address at index.android.bundle:1:923171)
03-14 22:21:47.595  6275  6455 E unknown:ReactNative:     at anonymous (address at index.android.bundle:1:923074)
03-14 22:21:47.598  6275  6455 E unknown:ReactNative:     at NativeStackNavigator (address at index.android.bundle:1:1049756)
03-14 22:21:47.598  6275  6455 E unknown:ReactNative:     at RootNavigator (<anonymous>)
03-14 22:21:47.598  6275  6455 E unknown:ReactNative:     at ThemeProvider (address at index.android.bundle:1:875944)
03-14 22:21:47.598  6275  6455 E unknown:ReactNative:     at EnsureSingleNavigator (address at index.android.bundle:1:873788)
03-14 22:21:47.598  6275  6455 E unknown:ReactNative:     at BaseNavigationContainer (address at index.android.bundle:1:852528)
03-14 22:21:47.598  6275  6455 E unknown:ReactNative:     at NavigationContainerInner (address at index.android.bundle:1:941094)
03-14 22:21:47.598  6275  6455 E unknown:ReactNative:     at DatabaseProvider (address at index.android.bundle:1:1073278)
03-14 22:21:47.598  6275  6455 E unknown:ReactNative:     at RNCSafeAreaProvider (<anonymous>)
03-14 22:21:47.598  6275  6455 E unknown:ReactNative:     at SafeAreaProvider (address at index.android.bundle:1:955840)
03-14 22:21:47.598  6275  6455 E unknown:ReactNative:     at RNGestureHandlerRootView (<anonymous>)
03-14 22:21:47.598  6275  6455 E unknown:ReactNative:     at GestureHandlerRootView (address at index.android.bundle:1:726780)
03-14 22:21:47.598  6275  6455 E unknown:ReactNative:     at App (<anonymous>)
03-14 22:21:47.598  6275  6455 E unknown:ReactNative:     at RCTView (<anonymous>)
03-14 22:21:47.598  6275  6455 E unknown:ReactNative:     at View (address at index.android.bundle:1:148692)
03-14 22:21:47.598  6275  6455 E unknown:ReactNative:     at AppContainer (address at index.android.bundle:1:395561), stack:
03-14 22:21:47.598  6275  6455 E unknown:ReactNative: createFiberFromTypeAndProps@1:288631
03-14 22:21:47.598  6275  6455 E unknown:ReactNative: reconcileChildFibersImpl@1:238360
03-14 22:21:47.598  6275  6455 E unknown:ReactNative: anonymous@1:238528
03-14 22:21:47.598  6275  6455 E unknown:ReactNative: reconcileChildren@1:253641
03-14 22:21:47.598  6275  6455 E unknown:ReactNative: updateFunctionComponent@1:255605
03-14 22:21:47.598  6275  6455 E unknown:ReactNative: beginWork@1:263506
03-14 22:21:47.598  6275  6455 E unknown:ReactNative: performUnitOfWork@1:283404
03-14 22:21:47.598  6275  6455 E unknown:ReactNative: workLoopSync@1:282412
03-14 22:21:47.598  6275  6455 E unknown:ReactNative: renderRootSync@1:282244
03-14 22:21:47.598  6275  6455 E unknown:ReactNative: performWorkOnRoot@1:279819
03-14 22:21:47.598  6275  6455 E unknown:ReactNative: performWorkOnRootViaSchedulerTask@1:231313
03-14 22:21:47.598  6275  6455 E unknown:ReactNative: 
03-14 22:21:47.598  6275  6455 E unknown:ReactNative: 	at com.facebook.react.modules.core.ExceptionsManagerModule.reportException(ExceptionsManagerModule.kt:52)
03-14 22:21:47.598  6275  6455 E unknown:ReactNative: 	at com.facebook.jni.NativeRunnable.run(Native Method)
03-14 22:21:47.598  6275  6455 E unknown:ReactNative: 	at android.os.Handler.handleCallback(Handler.java:959)
03-14 22:21:47.598  6275  6455 E unknown:ReactNative: 	at android.os.Handler.dispatchMessage(Handler.java:100)
03-14 22:21:47.598  6275  6455 E unknown:ReactNative: 	at com.facebook.react.bridge.queue.MessageQueueThreadHandler.dispatchMessage(MessageQueueThreadHandler.kt:21)
03-14 22:21:47.598  6275  6455 E unknown:ReactNative: 	at android.os.Looper.loopOnce(Looper.java:232)
03-14 22:21:47.598  6275  6455 E unknown:ReactNative: 	at android.os.Looper.loop(Looper.java:317)
03-14 22:21:47.598  6275  6455 E unknown:ReactNative: 	at com.facebook.react.bridge.queue.MessageQueueThreadImpl$Companion.startNewBackgroundThread$lambda$0(MessageQueueThreadImpl.kt:152)
03-14 22:21:47.598  6275  6455 E unknown:ReactNative: 	at com.facebook.react.bridge.queue.MessageQueueThreadImpl$Companion.$r8$lambda$YYXYCFexeoKtAeDpeNYkxZZlpbA(Unknown Source:0)
03-14 22:21:47.598  6275  6455 E unknown:ReactNative: 	at com.facebook.react.bridge.queue.MessageQueueThreadImpl$Companion$$ExternalSyntheticLambda0.run(D8$$SyntheticClass:0)
03-14 22:21:47.598  6275  6455 E unknown:ReactNative: 	at java.lang.Thread.run(Thread.java:1012)
03-14 22:21:47.599  6275  6449 W unknown:BridgelessReact: ReactHost{0}.getOrCreateDestroyTask()
03-14 22:21:47.599  6275  6449 W unknown:BridgelessReact: ReactHost{0}.raiseSoftException(getOrCreateDestroyTask()): handleHostException(message = "Error: Element type is invalid: expected a string (for built-in components) or a class/function (for composite components) but got: object.
03-14 22:21:47.599  6275  6449 W unknown:BridgelessReact: 
03-14 22:21:47.599  6275  6449 W unknown:BridgelessReact: This error is located at:
03-14 22:21:47.599  6275  6449 W unknown:BridgelessReact:     at StaticContainer (address at index.android.bundle:1:927929)
03-14 22:21:47.599  6275  6449 W unknown:BridgelessReact:     at EnsureSingleNavigator (address at index.android.bundle:1:873788)
03-14 22:21:47.599  6275  6449 W unknown:BridgelessReact:     at SceneView (address at index.android.bundle:1:925953)
03-14 22:21:47.599  6275  6449 W unknown:BridgelessReact:     at NavigationProvider (address at index.android.bundle:1:904371)
03-14 22:21:47.599  6275  6449 W unknown:BridgelessReact:     at RCTView (<anonymous>)
03-14 22:21:47.599  6275  6449 W unknown:BridgelessReact:     at View (address at index.android.bundle:1:148692)
03-14 22:21:47.599  6275  6449 W unknown:BridgelessReact:     at RCTView (<anonymous>)
03-14 22:21:47.599  6275  6449 W unknown:BridgelessReact:     at View (address at index.android.bundle:1:148692)
03-14 22:21:47.599  6275  6449 W unknown:BridgelessReact:     at Animated(View) (address at index.android.bundle:1:567439)
03-14 22:21:47.599  6275  6449 W unknown:BridgelessReact:     at Background (address at index.android.bundle:1:968374)
03-14 22:21:47.599  6275  6449 W unknown:BridgelessReact:     at Screen (address at index.android.bundle:1:1010205)
03-14 22:21:47.599  6275  6449 W unknown:BridgelessReact:     at RNSScreen (<anonymous>)
03-14 22:21:47.599  6275  6449 W unknown:BridgelessReact:     at Animated(Anonymous) (address at index.android.bundle:1:567439)
03-14 22:21:47.599  6275  6449 W unknown:BridgelessReact:     at Suspender (address at index.android.bundle:1:1026365)
03-14 22:21:47.599  6275  6449 W unknown:BridgelessReact:     at Suspense (<anonymous>)
03-14 22:21:47.599  6275  6449 W unknown:BridgelessReact:     at Freeze (address at index.android.bundle:1:1026425)
03-14 22:21:47.599  6275  6449 W unknown:BridgelessReact:     at DelayedFreeze (address at index.android.bundle:1:1026007)
03-14 22:21:47.599  6275  6449 W unknown:BridgelessReact:     at InnerScreen (address at index.android.bundle:1:1023395)
03-14 22:21:47.599  6275  6449 W unknown:BridgelessReact:     at anonymous (address at index.android.bundle:1:1025439)
03-14 22:21:47.599  6275  6449 W unknown:BridgelessReact:     at MaybeScreen (address at index.android.bundle:1:1020046)
03-14 22:21:47.599  6275  6449 W unknown:BridgelessReact:     at RNSScreenContainer (<anonymous>)
03-14 22:21:47.599  6275  6449 W unknown:BridgelessReact:     at ScreenContainer (address at index.android.bundle:1:1036269)
03-14 22:21:47.599  6275  6449 W unknown:BridgelessReact:     at MaybeScreenContainer (address at index.android.bundle:1:1020209)
03-14 22:21:47.599  6275  6449 W unknown:BridgelessReact:     at RCTView (<anonymous>)
03-14 22:21:47.599  6275  6449 W unknown:BridgelessReact:     at View (address at index.android.bundle:1:148692)
03-14 22:21:47.599  6275  6449 W unknown:BridgelessReact:     at FrameSizeProvider (address at index.android.bundle:1:998002)
03-14 22:21:47.599  6275  6449 W unknown:BridgelessReact:     at SafeAreaProviderCompat (address at index.android.bundle:1:1009413)
03-14 22:21:47.599  6275  6449 W unknown:BridgelessReact:     at BottomTabView (address at index.android.bundle:1:962842)
03-14 22:21:47.599  6275  6449 W unknown:BridgelessReact:     at PreventRemoveProvider (address at index.android.bundle:1:906668)
03-14 22:21:47.599  6275  6449 W unknown:BridgelessReact:     at NavigationStateListenerProvider (address at index.android.bundle:1:933250)
03-14 22:21:47.599  6275  6449 W unknown:BridgelessReact:     at NavigationContent (address at index.android.bundle:1:923171)
03-14 22:21:47.599  6275  6449 W unknown:BridgelessReact:     at anonymous (address at index.android.bundle:1:923074)
03-14 22:21:47.599  6275  6449 W unknown:BridgelessReact:     at BottomTabNavigator (address at index.android.bundle:1:961923)
03-14 22:21:47.599  6275  6449 W unknown:BridgelessReact:     at TabNavigator (<anonymous>)
03-14 22:21:47.599  6275  6449 W unknown:BridgelessReact:     at StaticContainer (address at index.android.bundle:1:927929)
03-14 22:21:47.599  6275  6449 W unknown:BridgelessReact:     at EnsureSingleNavigator (address at index.android.bundle:1:873788)
03-14 22:21:47.599  6275  6449 W unknown:BridgelessReact:     at SceneView (address at index.android.bundle:1:925953)
03-14 22:21:47.599  6275  6449 W unknown:BridgelessReact:     at NavigationProvider (address at index.android.bundle:1:904371)
03-14 22:21:47.599  6275  6449 W unknown:BridgelessReact:     at RNSScreenContentWrapper (<anonymous>)
03-14 22:21:47.599  6275  6449 W unknown:BridgelessReact:     at ScreenContentWrapper (<anonymous>)
03-14 22:21:47.599  6275  6449 W unknown:BridgelessReact:     at DebugContainer (address at index.android.bundle:1:1040184)
03-14 22:21:47.599  6275  6449 W unknown:BridgelessReact:     at RNSScreen (<anonymous>)
03-14 22:21:47.599  6275  6449 W unknown:BridgelessReact:     at Animated(Anonymous) (address at index.android.bundle:1:567439)
03-14 22:21:47.599  6275  6449 W unknown:BridgelessReact:     at Suspender (address at index.android.bundle:1:1026365)
03-14 22:21:47.599  6275  6449 W unknown:BridgelessReact:     at Suspense (<anonymous>)
03-14 22:21:47.599  6275  6449 W unknown:BridgelessReact:     at Freeze (address at index.android.bundle:1:1026425)
03-14 22:21:47.599  6275  6449 W unknown:BridgelessReact:     at DelayedFreeze (address at index.android.bundle:1:1026007)
03-14 22:21:47.599  6275  6449 W unknown:BridgelessReact:     at InnerScreen (address at index.android.bundle:1:1023395)
03-14 22:21:47.599  6275  6449 W unknown:BridgelessReact:     at anonymous (address at index.android.bundle:1:1025439)
03-14 22:21:47.599  6275  6449 W unknown:BridgelessReact:     at ScreenStackItem (address at index.android.bundle:1:1038934)
03-14 22:21:47.599  6275  6449 W unknown:BridgelessReact:     at NavigationProvider (address at index.android.bundle:1:904371)
03-14 22:21:47.599  6275  6449 W unknown:BridgelessReact:     at SceneView (address at index.android.bundle:1:1052468)
03-14 22:21:47.599  6275  6449 W unknown:BridgelessReact:     at RNSScreenStack (<anonymous>)
03-14 22:21:47.599  6275  6449 W unknown:BridgelessReact:     at anonymous (address at index.android.bundle:1:1038026)
03-14 22:21:47.599  6275  6449 W unknown:BridgelessReact:     at ScreenStack (address at index.android.bundle:1:1037187)
03-14 22:21:47.599  6275  6449 W unknown:BridgelessReact:     at RCTView (<anonymous>)
03-14 22:21:47.599  6275  6449 W unknown:BridgelessReact:     at View (address at index.android.bundle:1:148692)
03-14 22:21:47.599  6275  6449 W unknown:BridgelessReact:     at FrameSizeProvider (address at index.android.bundle:1:998002)
03-14 22:21:47.599  6275  6449 W unknown:BridgelessReact:     at SafeAreaProviderCompat (address at index.android.bundle:1:1009413)
03-14 22:21:47.599  6275  6449 W unknown:BridgelessReact:     at NativeStackView (address at index.android.bundle:1:1051030)
03-14 22:21:47.599  6275  6449 W unknown:BridgelessReact:     at PreventRemoveProvider (address at index.android.bundle:1:906668)
03-14 22:21:47.599  6275  6449 W unknown:BridgelessReact:     at NavigationStateListenerProvider (address at index.android.bundle:1:933250)
03-14 22:21:47.599  6275  6449 W unknown:BridgelessReact:     at NavigationContent (address at index.android.bundle:1:923171)
03-14 22:21:47.599  6275  6449 W unknown:BridgelessReact:     at anonymous (address at index.android.bundle:1:923074)
03-14 22:21:47.599  6275  6449 W unknown:BridgelessReact:     at NativeStackNavigator (address at index.android.bundle:1:1049756)
03-14 22:21:47.599  6275  6449 W unknown:BridgelessReact:     at RootNavigator (<anonymous>)
03-14 22:21:47.599  6275  6449 W unknown:BridgelessReact:     at ThemeProvider (address at index.android.bundle:1:875944)
03-14 22:21:47.599  6275  6449 W unknown:BridgelessReact:     at EnsureSingleNavigator (address at index.android.bundle:1:873788)
03-14 22:21:47.599  6275  6449 W unknown:BridgelessReact:     at BaseNavigationContainer (address at index.android.bundle:1:852528)
03-14 22:21:47.599  6275  6449 W unknown:BridgelessReact:     at NavigationContainerInner (address at index.android.bundle:1:941094)
03-14 22:21:47.599  6275  6449 W unknown:BridgelessReact:     at DatabaseProvider (address at index.android.bundle:1:1073278)
03-14 22:21:47.599  6275  6449 W unknown:BridgelessReact:     at RNCSafeAreaProvider (<anonymous>)
03-14 22:21:47.599  6275  6449 W unknown:BridgelessReact:     at SafeAreaProvider (address at index.android.bundle:1:955840)
03-14 22:21:47.599  6275  6449 W unknown:BridgelessReact:     at RNGestureHandlerRootView (<anonymous>)
03-14 22:21:47.599  6275  6449 W unknown:BridgelessReact:     at GestureHandlerRootView (address at index.android.bundle:1:726780)
03-14 22:21:47.599  6275  6449 W unknown:BridgelessReact:     at App (<anonymous>)
03-14 22:21:47.599  6275  6449 W unknown:BridgelessReact:     at RCTView (<anonymous>)
03-14 22:21:47.599  6275  6449 W unknown:BridgelessReact:     at View (address at index.android.bundle:1:148692)
03-14 22:21:47.599  6275  6449 W unknown:BridgelessReact:     at AppContainer (address at index.android.bundle:1:395561), stack:
03-14 22:21:47.599  6275  6449 W unknown:BridgelessReact: createFiberFromTypeAndProps@1:288631
03-14 22:21:47.599  6275  6449 W unknown:BridgelessReact: reconcileChildFibersImpl@1:238360
03-14 22:21:47.599  6275  6449 W unknown:BridgelessReact: anonymous@1:238528
03-14 22:21:47.599  6275  6449 W unknown:BridgelessReact: reconcileChildren@1:253641
03-14 22:21:47.599  6275  6449 W unknown:BridgelessReact: updateFunctionComponent@1:255605
03-14 22:21:47.599  6275  6449 W unknown:BridgelessReact: beginWork@1:263506
03-14 22:21:47.599  6275  6449 W unknown:BridgelessReact: performUnitOfWork@1:283404
03-14 22:21:47.599  6275  6449 W unknown:BridgelessReact: workLoopSync@1:282412
03-14 22:21:47.599  6275  6449 W unknown:BridgelessReact: renderRootSync@1:282244
03-14 22:21:47.599  6275  6449 W unknown:BridgelessReact: performWorkOnRoot@1:279819
03-14 22:21:47.599  6275  6449 W unknown:BridgelessReact: performWorkOnRootViaSchedulerTask@1:231313
03-14 22:21:47.599  6275  6449 W unknown:BridgelessReact: ")
03-14 22:21:47.600  6275  6449 E unknown:ReactHost: Unhandled SoftException
03-14 22:21:47.600  6275  6449 E unknown:ReactHost: com.facebook.react.bridge.ReactNoCrashSoftException: raiseSoftException(getOrCreateDestroyTask()): handleHostException(message = "Error: Element type is invalid: expected a string (for built-in components) or a class/function (for composite components) but got: object.
03-14 22:21:47.600  6275  6449 E unknown:ReactHost: 
03-14 22:21:47.600  6275  6449 E unknown:ReactHost: This error is located at:
03-14 22:21:47.600  6275  6449 E unknown:ReactHost:     at StaticContainer (address at index.android.bundle:1:927929)
03-14 22:21:47.600  6275  6449 E unknown:ReactHost:     at EnsureSingleNavigator (address at index.android.bundle:1:873788)
03-14 22:21:47.600  6275  6449 E unknown:ReactHost:     at SceneView (address at index.android.bundle:1:925953)
03-14 22:21:47.600  6275  6449 E unknown:ReactHost:     at NavigationProvider (address at index.android.bundle:1:904371)
03-14 22:21:47.600  6275  6449 E unknown:ReactHost:     at RCTView (<anonymous>)
03-14 22:21:47.600  6275  6449 E unknown:ReactHost:     at View (address at index.android.bundle:1:148692)
03-14 22:21:47.600  6275  6449 E unknown:ReactHost:     at RCTView (<anonymous>)
