--------- beginning of system
03-14 22:21:40.137  6275  6275 W ActivityThread: Package uses different ABI(s) than its instrumentation: package[com.mcfuzzysquirrel.studentfinance]: x86_64, null instrumentation[com.mcfuzzysquirrel.studentfinance.test]: null, null
--------- beginning of main
03-14 22:21:40.294  6275  6275 W .studentfinance: ClassLoaderContext shared library size mismatch. Expected=2, found=0 (PCL[]{PCL[/system/framework/android.test.base.jar*724373495]#PCL[/system/framework/android.test.mock.jar*1452759902]} | PCL[])
03-14 22:21:40.334  6275  6275 W .studentfinance: ClassLoaderContext classpath size mismatch. expected=0, found=1 (PCL[] | PCL[/system/framework/android.test.runner.jar*2496447986])
03-14 22:21:40.339  6275  6275 W .studentfinance: ClassLoaderContext classpath size mismatch. expected=0, found=2 (PCL[] | PCL[/system/framework/android.test.runner.jar*2496447986:/system/framework/android.test.mock.jar*1452759902])
03-14 22:21:40.341  6275  6275 W ziparchive: Unable to open '/data/app/~~9o_ymyW4LoL2TyI4HgxlJA==/com.mcfuzzysquirrel.studentfinance.test-HoleTmH_8bLEFbKDLZRc1w==/base.dm': No such file or directory
03-14 22:21:40.341  6275  6275 W ziparchive: Unable to open '/data/app/~~9o_ymyW4LoL2TyI4HgxlJA==/com.mcfuzzysquirrel.studentfinance.test-HoleTmH_8bLEFbKDLZRc1w==/base.dm': No such file or directory
03-14 22:21:40.536  6275  6275 W ziparchive: Unable to open '/data/app/~~6XK6r8rcT6Xy3dmd6zCA2g==/com.mcfuzzysquirrel.studentfinance-e6TL2QNayJvaVmbb23ERbw==/base.dm': No such file or directory
03-14 22:21:40.536  6275  6275 W ziparchive: Unable to open '/data/app/~~6XK6r8rcT6Xy3dmd6zCA2g==/com.mcfuzzysquirrel.studentfinance-e6TL2QNayJvaVmbb23ERbw==/base.dm': No such file or directory
03-14 22:21:41.148  6275  6275 D nativeloader: Configuring clns-7 for other apk /system/framework/android.test.runner.jar:/system/framework/android.test.mock.jar:/system/framework/android.test.base.jar:/data/app/~~9o_ymyW4LoL2TyI4HgxlJA==/com.mcfuzzysquirrel.studentfinance.test-HoleTmH_8bLEFbKDLZRc1w==/base.apk:/data/app/~~6XK6r8rcT6Xy3dmd6zCA2g==/com.mcfuzzysquirrel.studentfinance-e6TL2QNayJvaVmbb23ERbw==/base.apk. target_sdk_version=36, uses_libraries=, library_path=/data/app/~~9o_ymyW4LoL2TyI4HgxlJA==/com.mcfuzzysquirrel.studentfinance.test-HoleTmH_8bLEFbKDLZRc1w==/lib/x86_64:/data/app/~~6XK6r8rcT6Xy3dmd6zCA2g==/com.mcfuzzysquirrel.studentfinance-e6TL2QNayJvaVmbb23ERbw==/lib/x86_64:/data/app/~~9o_ymyW4LoL2TyI4HgxlJA==/com.mcfuzzysquirrel.studentfinance.test-HoleTmH_8bLEFbKDLZRc1w==/base.apk!/lib/x86_64:/data/app/~~6XK6r8rcT6Xy3dmd6zCA2g==/com.mcfuzzysquirrel.studentfinance-e6TL2QNayJvaVmbb23ERbw==/base.apk!/lib/x86_64, permitted_path=/data:/mnt/expand:/data/user/0/com.mcfuzzysquirrel.studentfinance
03-14 22:21:41.167  6275  6275 V GraphicsEnvironment: Currently set values for:
03-14 22:21:41.167  6275  6275 V GraphicsEnvironment:   angle_gl_driver_selection_pkgs=[]
03-14 22:21:41.167  6275  6275 V GraphicsEnvironment:   angle_gl_driver_selection_values=[]
03-14 22:21:41.167  6275  6275 V GraphicsEnvironment: Global.Settings values are invalid: number of packages: 0, number of values: 0
03-14 22:21:41.167  6275  6275 V GraphicsEnvironment: Neither updatable production driver nor prerelease driver is supported.
03-14 22:21:41.172  6275  6275 D ApplicationLoaders: Returning zygote-cached class loader: /system/framework/android.test.base.jar
03-14 22:21:41.178  6275  6275 D nativeloader: Configuring clns-8 for other apk /system/framework/android.test.mock.jar. target_sdk_version=36, uses_libraries=ALL, library_path=/data/app/~~9o_ymyW4LoL2TyI4HgxlJA==/com.mcfuzzysquirrel.studentfinance.test-HoleTmH_8bLEFbKDLZRc1w==/lib/x86_64:/data/app/~~6XK6r8rcT6Xy3dmd6zCA2g==/com.mcfuzzysquirrel.studentfinance-e6TL2QNayJvaVmbb23ERbw==/lib/x86_64, permitted_path=/data:/mnt/expand
03-14 22:21:41.179  6275  6275 D ApplicationLoaders: Returning zygote-cached class loader: /system/framework/android.test.base.jar
03-14 22:21:41.186  6275  6275 D nativeloader: Configuring clns-9 for other apk /system/framework/android.test.runner.jar. target_sdk_version=36, uses_libraries=ALL, library_path=/data/app/~~9o_ymyW4LoL2TyI4HgxlJA==/com.mcfuzzysquirrel.studentfinance.test-HoleTmH_8bLEFbKDLZRc1w==/lib/x86_64:/data/app/~~6XK6r8rcT6Xy3dmd6zCA2g==/com.mcfuzzysquirrel.studentfinance-e6TL2QNayJvaVmbb23ERbw==/lib/x86_64, permitted_path=/data:/mnt/expand
03-14 22:21:41.189  6275  6275 W .studentfinance: ClassLoaderContext shared library size mismatch. Expected=2, found=3 (PCL[]{PCL[/system/framework/android.test.base.jar*724373495]#PCL[/system/framework/android.test.mock.jar*1452759902]} | PCL[]{PCL[/system/framework/android.test.base.jar*724373495]#PCL[/system/framework/android.test.mock.jar*1452759902]#PCL[/system/framework/android.test.runner.jar*2496447986]{PCL[/system/framework/android.test.base.jar*724373495]#PCL[/system/framework/android.test.mock.jar*1452759902]}};PCL[/system/framework/android.test.runner.jar*2496447986:/system/framework/android.test.mock.jar*1452759902:/system/framework/android.test.base.jar*724373495:/data/app/~~9o_ymyW4LoL2TyI4HgxlJA==/com.mcfuzzysquirrel.studentfinance.test-HoleTmH_8bLEFbKDLZRc1w==/base.apk*3224200876:/data/app/~~6XK6r8rcT6Xy3dmd6zCA2g==/com.mcfuzzysquirrel.studentfinance-e6TL2QNayJvaVmbb23ERbw==/base.apk*3383818782])
03-14 22:21:41.193  6275  6275 W .studentfinance: ClassLoaderContext classpath size mismatch. expected=0, found=1 (PCL[] | PCL[/system/framework/android.test.runner.jar*2496447986]{PCL[/system/framework/android.test.base.jar*724373495]#PCL[/system/framework/android.test.mock.jar*1452759902]#PCL[/system/framework/android.test.runner.jar*2496447986]{PCL[/system/framework/android.test.base.jar*724373495]#PCL[/system/framework/android.test.mock.jar*1452759902]}};PCL[/system/framework/android.test.runner.jar*2496447986:/system/framework/android.test.mock.jar*1452759902:/system/framework/android.test.base.jar*724373495:/data/app/~~9o_ymyW4LoL2TyI4HgxlJA==/com.mcfuzzysquirrel.studentfinance.test-HoleTmH_8bLEFbKDLZRc1w==/base.apk*3224200876:/data/app/~~6XK6r8rcT6Xy3dmd6zCA2g==/com.mcfuzzysquirrel.studentfinance-e6TL2QNayJvaVmbb23ERbw==/base.apk*3383818782])
03-14 22:21:41.194  6275  6275 W .studentfinance: ClassLoaderContext classpath size mismatch. expected=0, found=2 (PCL[] | PCL[/system/framework/android.test.runner.jar*2496447986:/system/framework/android.test.mock.jar*1452759902]{PCL[/system/framework/android.test.base.jar*724373495]#PCL[/system/framework/android.test.mock.jar*1452759902]#PCL[/system/framework/android.test.runner.jar*2496447986]{PCL[/system/framework/android.test.base.jar*724373495]#PCL[/system/framework/android.test.mock.jar*1452759902]}};PCL[/system/framework/android.test.runner.jar*2496447986:/system/framework/android.test.mock.jar*1452759902:/system/framework/android.test.base.jar*724373495:/data/app/~~9o_ymyW4LoL2TyI4HgxlJA==/com.mcfuzzysquirrel.studentfinance.test-HoleTmH_8bLEFbKDLZRc1w==/base.apk*3224200876:/data/app/~~6XK6r8rcT6Xy3dmd6zCA2g==/com.mcfuzzysquirrel.studentfinance-e6TL2QNayJvaVmbb23ERbw==/base.apk*3383818782])
03-14 22:21:41.195  6275  6275 W ziparchive: Unable to open '/data/app/~~9o_ymyW4LoL2TyI4HgxlJA==/com.mcfuzzysquirrel.studentfinance.test-HoleTmH_8bLEFbKDLZRc1w==/base.dm': No such file or directory
03-14 22:21:41.195  6275  6275 W ziparchive: Unable to open '/data/app/~~9o_ymyW4LoL2TyI4HgxlJA==/com.mcfuzzysquirrel.studentfinance.test-HoleTmH_8bLEFbKDLZRc1w==/base.dm': No such file or directory
03-14 22:21:41.281  6275  6275 W ziparchive: Unable to open '/data/app/~~6XK6r8rcT6Xy3dmd6zCA2g==/com.mcfuzzysquirrel.studentfinance-e6TL2QNayJvaVmbb23ERbw==/base.dm': No such file or directory
03-14 22:21:41.281  6275  6275 W ziparchive: Unable to open '/data/app/~~6XK6r8rcT6Xy3dmd6zCA2g==/com.mcfuzzysquirrel.studentfinance-e6TL2QNayJvaVmbb23ERbw==/base.dm': No such file or directory
03-14 22:21:42.043  6275  6275 W .studentfinance: Verification of android.app.Instrumentation$ActivityResult androidx.test.runner.MonitoringInstrumentation.execStartActivity(android.content.Context, android.os.IBinder, android.os.IBinder, android.app.Activity, android.content.Intent, int, android.os.Bundle) took 185.724ms (172.30 bytecodes/s) (3184B approximate peak alloc)
03-14 22:21:42.179  6275  6275 I AndroidJUnitRunner: newApplication com.mcfuzzysquirrel.studentfinance.MainApplication
03-14 22:21:42.404  6275  6275 I AndroidJUnitRunner: onCreate Bundle[mParcelledData.dataSize=312]
03-14 22:21:42.408  6275  6275 D AndroidJUnitRunner: Use the raw file system for managing file I/O.
03-14 22:21:42.645  6275  6275 V TestEventClient: No service name argument was given (testDiscoveryService, testRunEventService or orchestratorService)
03-14 22:21:42.646  6275  6392 D AndroidJUnitRunner: onStart is called.
03-14 22:21:42.650  6275  6275 W SoLoader: Initializing SoLoader: 0
03-14 22:21:42.652  6275  6275 W SoLoader: Recording new base apk path: /data/app/~~6XK6r8rcT6Xy3dmd6zCA2g==/com.mcfuzzysquirrel.studentfinance-e6TL2QNayJvaVmbb23ERbw==/base.apk
03-14 22:21:42.652  6275  6275 W SoLoader: Previously recorded 0 base apk paths.
03-14 22:21:42.655  6275  6275 I SoLoader: Preparing SO source: DirectorySoSource[root = /vendor/lib64 flags = 2]
03-14 22:21:42.656  6275  6275 I SoLoader: Preparing SO source: DirectorySoSource[root = /system/lib64 flags = 2]
03-14 22:21:42.656  6275  6275 I SoLoader: Preparing SO source: DirectApkSoSource[root = [/data/app/~~6XK6r8rcT6Xy3dmd6zCA2g==/com.mcfuzzysquirrel.studentfinance-e6TL2QNayJvaVmbb23ERbw==/base.apk!/lib/x86_64]]
03-14 22:21:42.673  6275  6275 I SoLoader: Preparing SO source: ApplicationSoSource[DirectorySoSource[root = /data/app/~~6XK6r8rcT6Xy3dmd6zCA2g==/com.mcfuzzysquirrel.studentfinance-e6TL2QNayJvaVmbb23ERbw==/lib/x86_64 flags = 0]]
03-14 22:21:42.673  6275  6275 I SoLoader: init finish: 4 SO sources prepared
03-14 22:21:42.673  6275  6275 W SoLoader: SoLoader initialized: 8
03-14 22:21:42.712  6275  6275 D nativeloader: Load /data/app/~~6XK6r8rcT6Xy3dmd6zCA2g==/com.mcfuzzysquirrel.studentfinance-e6TL2QNayJvaVmbb23ERbw==/base.apk!/lib/x86_64/libc++_shared.so using ns clns-7 from class loader (caller=/data/app/~~6XK6r8rcT6Xy3dmd6zCA2g==/com.mcfuzzysquirrel.studentfinance-e6TL2QNayJvaVmbb23ERbw==/base.apk): ok
03-14 22:21:42.727  6275  6275 D nativeloader: Load /data/app/~~6XK6r8rcT6Xy3dmd6zCA2g==/com.mcfuzzysquirrel.studentfinance-e6TL2QNayJvaVmbb23ERbw==/base.apk!/lib/x86_64/libjsi.so using ns clns-7 from class loader (caller=/data/app/~~6XK6r8rcT6Xy3dmd6zCA2g==/com.mcfuzzysquirrel.studentfinance-e6TL2QNayJvaVmbb23ERbw==/base.apk): ok
03-14 22:21:42.740  6275  6275 D nativeloader: Load /data/app/~~6XK6r8rcT6Xy3dmd6zCA2g==/com.mcfuzzysquirrel.studentfinance-e6TL2QNayJvaVmbb23ERbw==/base.apk!/lib/x86_64/libfbjni.so using ns clns-7 from class loader (caller=/data/app/~~6XK6r8rcT6Xy3dmd6zCA2g==/com.mcfuzzysquirrel.studentfinance-e6TL2QNayJvaVmbb23ERbw==/base.apk): ok
03-14 22:21:42.784  6275  6275 D nativeloader: Load /data/app/~~6XK6r8rcT6Xy3dmd6zCA2g==/com.mcfuzzysquirrel.studentfinance-e6TL2QNayJvaVmbb23ERbw==/base.apk!/lib/x86_64/libreactnative.so using ns clns-7 from class loader (caller=/data/app/~~6XK6r8rcT6Xy3dmd6zCA2g==/com.mcfuzzysquirrel.studentfinance-e6TL2QNayJvaVmbb23ERbw==/base.apk): ok
03-14 22:21:42.787  6275  6275 D jni_lib_merge: Entering merged library JNI_OnLoad.
03-14 22:21:42.787  6275  6275 D jni_lib_merge: Preparing 12 pre-merged libs (including stub)
03-14 22:21:42.787  6275  6275 D jni_lib_merge: Preparing to register libfabricjni_so.  onload_func: 0x7f2ca7a1c730
03-14 22:21:42.787  6275  6275 D jni_lib_merge: Preparing to register libreact_devsupportjni_so.  onload_func: 0x7f2ca7c19190
03-14 22:21:42.787  6275  6275 D jni_lib_merge: Preparing to register libreact_featureflagsjni_so.  onload_func: 0x7f2ca7c2a910
03-14 22:21:42.787  6275  6275 D jni_lib_merge: Preparing to register libreact_newarchdefaults_so.  onload_func: 0x7f2ca7ccbd20
03-14 22:21:42.787  6275  6275 D jni_lib_merge: Preparing to register libreactnativeblob_so.  onload_func: 0x7f2ca7ed62e0
03-14 22:21:42.787  6275  6275 D jni_lib_merge: Preparing to register libreactnativejni_so.  onload_func: 0x7f2ca7f16770
03-14 22:21:42.787  6275  6275 D jni_lib_merge: Preparing to register libreactnativejni_common_so.  onload_func: 0x7f2ca7f265d0
03-14 22:21:42.787  6275  6275 D jni_lib_merge: Preparing to register librninstance_so.  onload_func: 0x7f2ca7f634c0
03-14 22:21:42.787  6275  6275 D jni_lib_merge: Preparing to register libturbomodulejsijni_so.  onload_func: 0x7f2ca80c4c00
03-14 22:21:42.787  6275  6275 D jni_lib_merge: Preparing to register libuimanagerjni_so.  onload_func: 0x7f2ca80dcde0
03-14 22:21:42.787  6275  6275 D jni_lib_merge: Preparing to register libyoga_so.  onload_func: 0x7f2ca80ebd70
03-14 22:21:42.787  6275  6275 D jni_lib_merge: About to register 11 actual methods.
03-14 22:21:42.831  6275  6275 D nativeloader: Load /data/app/~~6XK6r8rcT6Xy3dmd6zCA2g==/com.mcfuzzysquirrel.studentfinance-e6TL2QNayJvaVmbb23ERbw==/base.apk!/lib/x86_64/libreact_codegen_rnscreens.so using ns clns-7 from class loader (caller=/data/app/~~6XK6r8rcT6Xy3dmd6zCA2g==/com.mcfuzzysquirrel.studentfinance-e6TL2QNayJvaVmbb23ERbw==/base.apk): ok
03-14 22:21:42.831  6275  6275 D jni_lib_merge: Entering merged library JNI_OnLoad.
03-14 22:21:42.831  6275  6275 D jni_lib_merge: Preparing 12 pre-merged libs (including stub)
03-14 22:21:42.831  6275  6275 D jni_lib_merge: Preparing to register libfabricjni_so.  onload_func: 0x7f2ca7a1c730
03-14 22:21:42.831  6275  6275 D jni_lib_merge: Preparing to register libreact_devsupportjni_so.  onload_func: 0x7f2ca7c19190
03-14 22:21:42.831  6275  6275 D jni_lib_merge: Preparing to register libreact_featureflagsjni_so.  onload_func: 0x7f2ca7c2a910
03-14 22:21:42.831  6275  6275 D jni_lib_merge: Preparing to register libreact_newarchdefaults_so.  onload_func: 0x7f2ca7ccbd20
03-14 22:21:42.831  6275  6275 D jni_lib_merge: Preparing to register libreactnativeblob_so.  onload_func: 0x7f2ca7ed62e0
03-14 22:21:42.831  6275  6275 D jni_lib_merge: Preparing to register libreactnativejni_so.  onload_func: 0x7f2ca7f16770
03-14 22:21:42.831  6275  6275 D jni_lib_merge: Preparing to register libreactnativejni_common_so.  onload_func: 0x7f2ca7f265d0
03-14 22:21:42.831  6275  6275 D jni_lib_merge: Preparing to register librninstance_so.  onload_func: 0x7f2ca7f634c0
03-14 22:21:42.831  6275  6275 D jni_lib_merge: Preparing to register libturbomodulejsijni_so.  onload_func: 0x7f2ca80c4c00
03-14 22:21:42.831  6275  6275 D jni_lib_merge: Preparing to register libuimanagerjni_so.  onload_func: 0x7f2ca80dcde0
03-14 22:21:42.831  6275  6275 D jni_lib_merge: Preparing to register libyoga_so.  onload_func: 0x7f2ca80ebd70
03-14 22:21:42.831  6275  6275 D jni_lib_merge: About to register 11 actual methods.
03-14 22:21:42.848  6275  6275 D nativeloader: Load /data/app/~~6XK6r8rcT6Xy3dmd6zCA2g==/com.mcfuzzysquirrel.studentfinance-e6TL2QNayJvaVmbb23ERbw==/base.apk!/lib/x86_64/libreact_codegen_rnsvg.so using ns clns-7 from class loader (caller=/data/app/~~6XK6r8rcT6Xy3dmd6zCA2g==/com.mcfuzzysquirrel.studentfinance-e6TL2QNayJvaVmbb23ERbw==/base.apk): ok
03-14 22:21:42.848  6275  6275 D jni_lib_merge: Entering merged library JNI_OnLoad.
03-14 22:21:42.848  6275  6275 D jni_lib_merge: Preparing 12 pre-merged libs (including stub)
03-14 22:21:42.848  6275  6275 D jni_lib_merge: Preparing to register libfabricjni_so.  onload_func: 0x7f2ca7a1c730
03-14 22:21:42.848  6275  6275 D jni_lib_merge: Preparing to register libreact_devsupportjni_so.  onload_func: 0x7f2ca7c19190
03-14 22:21:42.848  6275  6275 D jni_lib_merge: Preparing to register libreact_featureflagsjni_so.  onload_func: 0x7f2ca7c2a910
03-14 22:21:42.848  6275  6275 D jni_lib_merge: Preparing to register libreact_newarchdefaults_so.  onload_func: 0x7f2ca7ccbd20
03-14 22:21:42.848  6275  6275 D jni_lib_merge: Preparing to register libreactnativeblob_so.  onload_func: 0x7f2ca7ed62e0
03-14 22:21:42.848  6275  6275 D jni_lib_merge: Preparing to register libreactnativejni_so.  onload_func: 0x7f2ca7f16770
03-14 22:21:42.849  6275  6275 D jni_lib_merge: Preparing to register libreactnativejni_common_so.  onload_func: 0x7f2ca7f265d0
03-14 22:21:42.849  6275  6275 D jni_lib_merge: Preparing to register librninstance_so.  onload_func: 0x7f2ca7f634c0
03-14 22:21:42.849  6275  6275 D jni_lib_merge: Preparing to register libturbomodulejsijni_so.  onload_func: 0x7f2ca80c4c00
03-14 22:21:42.849  6275  6275 D jni_lib_merge: Preparing to register libuimanagerjni_so.  onload_func: 0x7f2ca80dcde0
03-14 22:21:42.849  6275  6275 D jni_lib_merge: Preparing to register libyoga_so.  onload_func: 0x7f2ca80ebd70
03-14 22:21:42.849  6275  6275 D jni_lib_merge: About to register 11 actual methods.
03-14 22:21:42.859  6275  6275 D nativeloader: Load /data/app/~~6XK6r8rcT6Xy3dmd6zCA2g==/com.mcfuzzysquirrel.studentfinance-e6TL2QNayJvaVmbb23ERbw==/base.apk!/lib/x86_64/libreact_codegen_safeareacontext.so using ns clns-7 from class loader (caller=/data/app/~~6XK6r8rcT6Xy3dmd6zCA2g==/com.mcfuzzysquirrel.studentfinance-e6TL2QNayJvaVmbb23ERbw==/base.apk): ok
03-14 22:21:42.890  6275  6275 D nativeloader: Load /data/app/~~6XK6r8rcT6Xy3dmd6zCA2g==/com.mcfuzzysquirrel.studentfinance-e6TL2QNayJvaVmbb23ERbw==/base.apk!/lib/x86_64/libappmodules.so using ns clns-7 from class loader (caller=/data/app/~~6XK6r8rcT6Xy3dmd6zCA2g==/com.mcfuzzysquirrel.studentfinance-e6TL2QNayJvaVmbb23ERbw==/base.apk): ok
03-14 22:21:42.965  6275  6275 I Choreographer: Skipped 33 frames!  The application may be doing too much work on its main thread.
03-14 22:21:42.976  6275  6392 I InstrConnection: Could not send broadcast or register receiver (isolatedProcess?)
03-14 22:21:42.979  6275  6392 D TestRequestBuilder: Using class path scanning to discover tests
03-14 22:21:42.980  6275  6392 I TestRequestBuilder: Scanning classpath to find tests in paths [/data/app/~~9o_ymyW4LoL2TyI4HgxlJA==/com.mcfuzzysquirrel.studentfinance.test-HoleTmH_8bLEFbKDLZRc1w==/base.apk]
03-14 22:21:42.980  6275  6392 W .studentfinance: Opening an oat file without a class loader. Are you using the deprecated DexFile APIs?
03-14 22:21:43.442  6275  6392 I TestRunner: run started: 1 tests
03-14 22:21:43.443  6275  6392 I TestRunner: started: runDetoxTests(com.mcfuzzysquirrel.studentfinance.DetoxTest)
03-14 22:21:43.448  6275  6392 I Detox   : Detox server connection details: url=ws://localhost:32853, sessionId=28ffbbac-a381-3279-84c8-88dd301ab61a
03-14 22:21:43.457  6275  6392 I Tracing : Tracer added: class androidx.test.platform.tracing.AndroidXTracer
03-14 22:21:43.472  6275  6392 W .studentfinance: Accessing hidden field Ljava/lang/reflect/Field;->accessFlags:I (unsupported, reflection, allowed)
03-14 22:21:43.475  6275  6392 I Detox   : Connecting to server...
03-14 22:21:43.475  6275  6392 I DetoxWSClient: At connectToServer
03-14 22:21:43.532  6275  6427 D TrafficStats: tagSocket(102) with statsTag=0xffffffff, statsUid=-1
03-14 22:21:43.547  6275  6427 D DetoxWSClient: At onOpen
03-14 22:21:43.547  6275  6427 I DetoxWSClient: Sending out action 'login' (ID #0)
03-14 22:21:43.548  6275  6427 I Detox   : Connected to server!
03-14 22:21:43.553  6275  6427 D DetoxWSClient: Received action 'loginSuccess' (ID #0, params={"testerConnected":true,"appConnected":true})
03-14 22:21:43.555  6275  6423 I DetoxDispatcher: Handling action 'loginSuccess' (ID #0)...
03-14 22:21:43.555  6275  6423 I DetoxDispatcher: Done with action 'loginSuccess'
03-14 22:21:43.555  6275  6392 I Detox   : Launching the tested activity!
03-14 22:21:43.595  6275  6427 D DetoxWSClient: Received action 'isReady' (ID #-1000, params={})
03-14 22:21:43.595  6275  6423 I DetoxDispatcher: Handling action 'isReady' (ID #-1000)...
03-14 22:21:43.817  6275  6275 D AppCompatDelegate: Checking for metadata for AppLocalesMetadataHolderService : Service not found
03-14 22:21:43.991  6275  6275 D LifecycleMonitor: Lifecycle status change: com.mcfuzzysquirrel.studentfinance.MainActivity@ed28750 in: PRE_ON_CREATE
03-14 22:21:44.560  6275  6448 D TrafficStats: tagSocket(109) with statsTag=0xffffffff, statsUid=-1
03-14 22:21:44.577  6275  6448 W unknown:ReconnectingWebSocket: Couldn't connect to "ws://10.0.2.2:8081/message?device=sdk_gphone64_x86_64%20-%2015%20-%20API%2035&app=com.mcfuzzysquirrel.studentfinance&clientid=BridgelessDevSupportManager", will silently retry
03-14 22:21:44.578  6275  6275 W unknown:BridgelessReact: ReactHost{0}.startSurface(surfaceId = 0): Schedule
03-14 22:21:44.578  6275  6275 W unknown:BridgelessReact: ReactHost{0}.attachSurface(surfaceId = 0)
03-14 22:21:44.581  6275  6449 W unknown:BridgelessReact: ReactHost{0}.getOrCreateReactInstanceTask()
03-14 22:21:44.581  6275  6449 W unknown:BridgelessReact: ReactHost{0}.getOrCreateReactInstanceTask(): Start
03-14 22:21:44.581  6275  6449 D Detox.RNMarker: REACT_BRIDGELESS_LOADING_START (null)
03-14 22:21:44.581  6275  6449 W unknown:BridgelessReact: ReactHost{0}.getJSBundleLoader()
03-14 22:21:44.581  6275  6449 W unknown:BridgelessReact: ReactHost{0}.isMetroRunning()
03-14 22:21:44.583  6275  6450 D TrafficStats: tagSocket(109) with statsTag=0xffffffff, statsUid=-1
03-14 22:21:44.589  6275  6450 W unknown:ReactNative: The packager does not seem to be running as we got an IOException requesting its status: Failed to connect to /10.0.2.2:8081
03-14 22:21:44.589  6275  6450 W unknown:BridgelessReact: ReactHost{0}.isMetroRunning(): Async result = false
03-14 22:21:44.590  6275  6449 W unknown:BridgelessReact: ReactHost{0}.getOrCreateReactInstanceTask(): Creating BridgelessReactContext
03-14 22:21:44.603  6275  6449 W unknown:BridgelessReact: ReactHost{0}.getOrCreateReactInstanceTask(): Creating ReactInstance
03-14 22:21:44.650  6275  6275 W .studentfinance: Accessing hidden method Landroid/view/ViewGroup;->makeOptionalFitsSystemWindows()V (unsupported, reflection, allowed)
03-14 22:21:44.657  6275  6275 D LifecycleMonitor: Lifecycle status change: com.mcfuzzysquirrel.studentfinance.MainActivity@ed28750 in: CREATED
03-14 22:21:44.659  6275  6275 D LifecycleMonitor: Lifecycle status change: com.mcfuzzysquirrel.studentfinance.MainActivity@ed28750 in: STARTED
03-14 22:21:44.663  6275  6275 W unknown:BridgelessReact: ReactHost{0}.onHostResume(activity)
03-14 22:21:44.664  6275  6275 W unknown:ReactNative: Packager connection already open, nooping.
03-14 22:21:44.665  6275  6275 W unknown:BridgelessReact: ReactHost{0}.ReactContext.onHostResume()
03-14 22:21:44.665  6275  6275 D LifecycleMonitor: Lifecycle status change: com.mcfuzzysquirrel.studentfinance.MainActivity@ed28750 in: RESUMED
03-14 22:21:44.678  6275  6275 W HWUI    : Unknown dataspace 0
03-14 22:21:44.702  6275  6456 D TrafficStats: tagSocket(117) with statsTag=0xffffffff, statsUid=-1
03-14 22:21:44.730  6275  6433 I EGL_emulation: Opening libGLESv1_CM_emulation.so
03-14 22:21:44.730  6275  6433 I EGL_emulation: Opening libGLESv2_emulation.so
03-14 22:21:44.777  6275  6449 D nativeloader: Load /data/app/~~6XK6r8rcT6Xy3dmd6zCA2g==/com.mcfuzzysquirrel.studentfinance-e6TL2QNayJvaVmbb23ERbw==/base.apk!/lib/x86_64/libhermesvm.so using ns clns-7 from class loader (caller=/data/app/~~6XK6r8rcT6Xy3dmd6zCA2g==/com.mcfuzzysquirrel.studentfinance-e6TL2QNayJvaVmbb23ERbw==/base.apk): ok
03-14 22:21:44.782  6275  6433 W HWUI    : Failed to initialize 101010-2 format, error = EGL_SUCCESS
03-14 22:21:44.784  6275  6449 D nativeloader: Load /data/app/~~6XK6r8rcT6Xy3dmd6zCA2g==/com.mcfuzzysquirrel.studentfinance-e6TL2QNayJvaVmbb23ERbw==/base.apk!/lib/x86_64/libhermestooling.so using ns clns-7 from class loader (caller=/data/app/~~6XK6r8rcT6Xy3dmd6zCA2g==/com.mcfuzzysquirrel.studentfinance-e6TL2QNayJvaVmbb23ERbw==/base.apk): ok
03-14 22:21:44.784  6275  6449 D jni_lib_merge: Entering merged library JNI_OnLoad.
03-14 22:21:44.784  6275  6449 D jni_lib_merge: Preparing 4 pre-merged libs (including stub)
03-14 22:21:44.784  6275  6449 D jni_lib_merge: Preparing to register libhermes_executor_so.  onload_func: 0x7f2c9a732050
03-14 22:21:44.784  6275  6449 D jni_lib_merge: Preparing to register libhermesinstancejni_so.  onload_func: 0x7f2c9a768680
03-14 22:21:44.784  6275  6449 D jni_lib_merge: Preparing to register libjsijniprofiler_so.  onload_func: 0x7f2c9a76a3f0
03-14 22:21:44.784  6275  6449 D jni_lib_merge: About to register 3 actual methods.
03-14 22:21:44.820  6275  6433 I Gralloc4: mapper 4.x is not supported
03-14 22:21:45.657  6275  6449 I ExpoModulesCore: ✅ AppContext was initialized
03-14 22:21:45.676  6275  6284 I .studentfinance: Compiler allocated 5174KB to compile void android.view.ViewRootImpl.performTraversals()
03-14 22:21:45.878  6275  6449 W unknown:BridgelessReact: ReactHost{0}.getOrCreateReactInstanceTask(): Loading JS Bundle
03-14 22:21:45.879  6275  6449 W unknown:BridgelessReact: ReactHost{0}.getOrCreateReactInstanceTask(): DevSupportManager.onNewReactContextCreated()
03-14 22:21:45.881  6275  6454 D Detox.RNMarker: RUN_JS_BUNDLE_START (index.android.bundle)
03-14 22:21:45.908  6275  6449 W unknown:BridgelessReact: ReactHost{0}.startSurface(surfaceId = 0): Execute
03-14 22:21:45.914  6275  6275 W unknown:ReactNative: Packager connection already open, nooping.
03-14 22:21:45.914  6275  6275 W unknown:BridgelessReact: ReactHost{0}.ReactContext.onHostResume()
03-14 22:21:45.914  6275  6275 W unknown:BridgelessReact: ReactHost{0}.getOrCreateReactInstanceTask(): Executing ReactInstanceEventListeners
03-14 22:21:45.914  6275  6275 I DetoxRNLoading: Got new RN-context through listener
03-14 22:21:45.915  6275  6423 W .studentfinance: Long monitor contention with owner Instr: androidx.test.runner.AndroidJUnitRunner (6392) at void com.wix.detox.DetoxMain.launchActivityOnCue(android.content.Context, com.wix.detox.ActivityLaunchHelper)(DetoxMain.kt:53) waiters=0 in void com.wix.detox.DetoxMain$setupActionHandlers$SynchronizedActionHandler.handle(java.lang.String, long) for 2.320s
03-14 22:21:45.917  6275  6275 W .studentfinance: Accessing hidden method Landroid/os/MessageQueue;->next()Landroid/os/Message; (unsupported, reflection, allowed)
03-14 22:21:45.917  6275  6275 W .studentfinance: Accessing hidden field Landroid/os/MessageQueue;->mMessages:Landroid/os/Message; (unsupported, reflection, allowed)
03-14 22:21:45.917  6275  6275 W .studentfinance: Accessing hidden method Landroid/os/Message;->recycleUnchecked()V (unsupported, reflection, allowed)
03-14 22:21:45.918  6275  6275 I Detox   : Wait is over: App is now idle!
03-14 22:21:45.918  6275  6423 I DetoxWSClient: Sending out action 'ready' (ID #-1000)
03-14 22:21:45.919  6275  6423 I DetoxDispatcher: Done with action 'isReady'
03-14 22:21:45.936  6275  6427 D DetoxWSClient: Received action 'invoke' (ID #5, params={"target":{"type":"Class","value":"com.wix.detox.espresso.DetoxAssertion"},"method":"waitForAssertMatcher","args":[{"type":"Invocation","value":{"target":{"type":"Class","value":"androidx.test.espresso.Espresso"},"method":"onView","args":[{"type":"Invocation","value":{"target":{"type":"Class","value":"com.wix.detox.espresso.DetoxMatcher"},"method":"matcherForTestId","args":["dashboard-view-transactions-button",{"type":"boolean","value":false}]}}]}},{"type":"Invocation","value":{"target":{"type":"Class","value":"com.wix.detox.espresso.DetoxMatcher"},"method":"matcherForSufficientlyVisible","args":[{"type":"Integer","value":75}]}},{"type":"Double","value":10}]})
03-14 22:21:45.939  6275  6423 I DetoxDispatcher: Handling action 'invoke' (ID #5)...
03-14 22:21:45.944  6275  6423 D Detox   : class com.wix.detox.espresso.DetoxMatcher, matcherForTestId, [dashboard-view-transactions-button, false]
03-14 22:21:45.963  6275  6423 D Detox   : class androidx.test.espresso.Espresso, onView, [(view.getTag() is "dashboard-view-transactions-button" and view has effective visibility <VISIBLE>)]
03-14 22:21:45.968  6275  6423 D Detox   : class com.wix.detox.espresso.DetoxMatcher, matcherForSufficientlyVisible, [75]
03-14 22:21:45.969  6275  6423 D Detox   : class com.wix.detox.espresso.DetoxAssertion, waitForAssertMatcher, [androidx.test.espresso.ViewInteraction@8bde3f9, (view has effective visibility <VISIBLE> and view.getGlobalVisibleRect() covers at least <75> percent of the view's area), 10.0]
03-14 22:21:45.977  6275  6454 D nativeloader: Load /data/app/~~6XK6r8rcT6Xy3dmd6zCA2g==/com.mcfuzzysquirrel.studentfinance-e6TL2QNayJvaVmbb23ERbw==/base.apk!/lib/x86_64/libexpo-modules-core.so using ns clns-7 from class loader (caller=/data/app/~~6XK6r8rcT6Xy3dmd6zCA2g==/com.mcfuzzysquirrel.studentfinance-e6TL2QNayJvaVmbb23ERbw==/base.apk): ok
03-14 22:21:45.987  6275  6275 I ViewInteraction: Checking 'MatchesViewAssertion(Detox){viewMatcher=(view has effective visibility <VISIBLE> and view.getGlobalVisibleRect() covers at least <75> percent of the view's area)}' assertion on view (view.getTag() is "dashboard-view-transactions-button" and view has effective visibility <VISIBLE>)
03-14 22:21:46.031  6275  6275 I ViewInteraction: Checking 'MatchesViewAssertion(Detox){viewMatcher=(view has effective visibility <VISIBLE> and view.getGlobalVisibleRect() covers at least <75> percent of the view's area)}' assertion on view (view.getTag() is "dashboard-view-transactions-button" and view has effective visibility <VISIBLE>)
03-14 22:21:46.065  6275  6454 W unknown:ViewManagerPropertyUpdater: Could not find generated setter for class com.th3rdwave.safeareacontext.SafeAreaProviderManager
03-14 22:21:46.068  6275  6275 I ViewInteraction: Checking 'MatchesViewAssertion(Detox){viewMatcher=(view has effective visibility <VISIBLE> and view.getGlobalVisibleRect() covers at least <75> percent of the view's area)}' assertion on view (view.getTag() is "dashboard-view-transactions-button" and view has effective visibility <VISIBLE>)
03-14 22:21:46.073  6275  6454 W unknown:ViewManagerPropertyUpdater: Could not find generated setter for class com.facebook.react.uimanager.LayoutShadowNode
03-14 22:21:46.076  6275  6454 W unknown:ViewManagerPropertyUpdater: Could not find generated setter for class com.swmansion.rnscreens.SearchBarManager
03-14 22:21:46.077  6275  6454 W unknown:ViewManagerPropertyUpdater: Could not find generated setter for class com.swmansion.rnscreens.ScreenFooterManager
03-14 22:21:46.078  6275  6454 W unknown:ViewManagerPropertyUpdater: Could not find generated setter for class expo.modules.kotlin.views.GroupViewManagerWrapper
03-14 22:21:46.080  6275  6454 W unknown:ViewManagerPropertyUpdater: Could not find generated setter for class com.swmansion.rnscreens.ScreenContainerViewManager
03-14 22:21:46.084  6275  6454 W unknown:ViewManagerPropertyUpdater: Could not find generated setter for class com.swmansion.rnscreens.ModalScreenViewManager
03-14 22:21:46.090  6275  6454 W unknown:ViewManagerPropertyUpdater: Could not find generated setter for class com.swmansion.rnscreens.ScreenStackHeaderConfigViewManager
03-14 22:21:46.099  6275  6454 W unknown:ViewManagerPropertyUpdater: Could not find generated setter for class com.swmansion.rnscreens.ScreenContentWrapperManager
03-14 22:21:46.101  6275  6454 W unknown:ViewManagerPropertyUpdater: Could not find generated setter for class com.swmansion.rnscreens.gamma.tabs.TabsScreenViewManager
03-14 22:21:46.102  6275  6275 I ViewInteraction: Checking 'MatchesViewAssertion(Detox){viewMatcher=(view has effective visibility <VISIBLE> and view.getGlobalVisibleRect() covers at least <75> percent of the view's area)}' assertion on view (view.getTag() is "dashboard-view-transactions-button" and view has effective visibility <VISIBLE>)
03-14 22:21:46.103  6275  6454 W unknown:ViewManagerPropertyUpdater: Could not find generated setter for class com.th3rdwave.safeareacontext.SafeAreaViewManager
03-14 22:21:46.105  6275  6454 W unknown:ViewManagerPropertyUpdater: Could not find generated setter for class com.th3rdwave.safeareacontext.SafeAreaViewShadowNode
03-14 22:21:46.106  6275  6454 W unknown:ViewManagerPropertyUpdater: Could not find generated setter for class com.swmansion.rnscreens.safearea.SafeAreaViewManager
03-14 22:21:46.106  6275  6454 W unknown:ViewManagerPropertyUpdater: Could not find generated setter for class com.swmansion.rnscreens.safearea.paper.SafeAreaViewShadowNode
03-14 22:21:46.107  6275  6454 W unknown:ViewManagerPropertyUpdater: Could not find generated setter for class com.swmansion.rnscreens.ScreenViewManager
03-14 22:21:46.108  6275  6454 W unknown:ViewManagerPropertyUpdater: Could not find generated setter for class com.swmansion.rnscreens.gamma.stack.host.StackHostViewManager
03-14 22:21:46.108  6275  6454 W unknown:ViewManagerPropertyUpdater: Could not find generated setter for class com.swmansion.rnscreens.ScreenStackHeaderSubviewManager
03-14 22:21:46.109  6275  6454 W unknown:ViewManagerPropertyUpdater: Could not find generated setter for class com.swmansion.rnscreens.gamma.stack.screen.StackScreenViewManager
03-14 22:21:46.110  6275  6454 W unknown:ViewManagerPropertyUpdater: Could not find generated setter for class com.swmansion.rnscreens.ScreenStackViewManager
03-14 22:21:46.111  6275  6454 W unknown:ViewManagerPropertyUpdater: Could not find generated setter for class com.swmansion.rnscreens.gamma.tabs.TabsHostViewManager
03-14 22:21:46.140  6275  6275 I ViewInteraction: Checking 'MatchesViewAssertion(Detox){viewMatcher=(view has effective visibility <VISIBLE> and view.getGlobalVisibleRect() covers at least <75> percent of the view's area)}' assertion on view (view.getTag() is "dashboard-view-transactions-button" and view has effective visibility <VISIBLE>)
03-14 22:21:46.175  6275  6275 I ViewInteraction: Checking 'MatchesViewAssertion(Detox){viewMatcher=(view has effective visibility <VISIBLE> and view.getGlobalVisibleRect() covers at least <75> percent of the view's area)}' assertion on view (view.getTag() is "dashboard-view-transactions-button" and view has effective visibility <VISIBLE>)
03-14 22:21:46.205  6275  6275 I ViewInteraction: Checking 'MatchesViewAssertion(Detox){viewMatcher=(view has effective visibility <VISIBLE> and view.getGlobalVisibleRect() covers at least <75> percent of the view's area)}' assertion on view (view.getTag() is "dashboard-view-transactions-button" and view has effective visibility <VISIBLE>)
03-14 22:21:46.237  6275  6275 I ViewInteraction: Checking 'MatchesViewAssertion(Detox){viewMatcher=(view has effective visibility <VISIBLE> and view.getGlobalVisibleRect() covers at least <75> percent of the view's area)}' assertion on view (view.getTag() is "dashboard-view-transactions-button" and view has effective visibility <VISIBLE>)
03-14 22:21:46.251  6275  6454 W unknown:ViewManagerPropertyUpdater: Could not find generated setter for class com.horcrux.svg.RenderableViewManager$DefsViewManager
03-14 22:21:46.252  6275  6454 W unknown:ViewManagerPropertyUpdater: Could not find generated setter for class com.horcrux.svg.VirtualViewManager$RenderableShadowNode
03-14 22:21:46.264  6275  6454 W unknown:ViewManagerPropertyUpdater: Could not find generated setter for class com.facebook.react.views.debuggingoverlay.DebuggingOverlayManager
03-14 22:21:46.275  6275  6454 W unknown:ViewManagerPropertyUpdater: Could not find generated setter for class com.horcrux.svg.RenderableViewManager$FeMergeManager
03-14 22:21:46.276  6275  6275 I ViewInteraction: Checking 'MatchesViewAssertion(Detox){viewMatcher=(view has effective visibility <VISIBLE> and view.getGlobalVisibleRect() covers at least <75> percent of the view's area)}' assertion on view (view.getTag() is "dashboard-view-transactions-button" and view has effective visibility <VISIBLE>)
03-14 22:21:46.284  6275  6454 W unknown:ViewManagerPropertyUpdater: Could not find generated setter for class com.facebook.react.views.safeareaview.ReactSafeAreaViewManager
03-14 22:21:46.296  6275  6454 W unknown:ViewManagerPropertyUpdater: Could not find generated setter for class com.horcrux.svg.RenderableViewManager$LinearGradientManager
03-14 22:21:46.308  6275  6454 W unknown:ViewManagerPropertyUpdater: Could not find generated setter for class com.horcrux.svg.RenderableViewManager$FeGaussianBlurManager
03-14 22:21:46.310  6275  6275 I ViewInteraction: Checking 'MatchesViewAssertion(Detox){viewMatcher=(view has effective visibility <VISIBLE> and view.getGlobalVisibleRect() covers at least <75> percent of the view's area)}' assertion on view (view.getTag() is "dashboard-view-transactions-button" and view has effective visibility <VISIBLE>)
03-14 22:21:46.322  6275  6454 W unknown:ViewManagerPropertyUpdater: Could not find generated setter for class com.facebook.react.views.progressbar.ReactProgressBarViewManager
03-14 22:21:46.326  6275  6454 W unknown:ViewManagerPropertyUpdater: Could not find generated setter for class com.facebook.react.views.progressbar.ProgressBarShadowNode
03-14 22:21:46.336  6275  6454 W unknown:ViewManagerPropertyUpdater: Could not find generated setter for class com.facebook.react.views.scroll.ReactHorizontalScrollViewManager
03-14 22:21:46.344  6275  6275 I ViewInteraction: Checking 'MatchesViewAssertion(Detox){viewMatcher=(view has effective visibility <VISIBLE> and view.getGlobalVisibleRect() covers at least <75> percent of the view's area)}' assertion on view (view.getTag() is "dashboard-view-transactions-button" and view has effective visibility <VISIBLE>)
03-14 22:21:46.348  6275  6454 W unknown:ViewManagerPropertyUpdater: Could not find generated setter for class com.facebook.react.views.text.ReactTextViewManager
03-14 22:21:46.349  6275  6454 W unknown:ViewManagerPropertyUpdater: Could not find generated setter for class com.facebook.react.views.text.ReactTextShadowNode
03-14 22:21:46.359  6275  6454 W unknown:ViewManagerPropertyUpdater: Could not find generated setter for class com.horcrux.svg.RenderableViewManager$FeColorMatrixManager
03-14 22:21:46.369  6275  6454 W unknown:ViewManagerPropertyUpdater: Could not find generated setter for class com.facebook.react.views.scroll.ReactHorizontalScrollContainerViewManager
03-14 22:21:46.373  6275  6275 I ViewInteraction: Checking 'MatchesViewAssertion(Detox){viewMatcher=(view has effective visibility <VISIBLE> and view.getGlobalVisibleRect() covers at least <75> percent of the view's area)}' assertion on view (view.getTag() is "dashboard-view-transactions-button" and view has effective visibility <VISIBLE>)
03-14 22:21:46.376  6275  6284 I .studentfinance: Compiler allocated 4219KB to compile void android.widget.TextView.<init>(android.content.Context, android.util.AttributeSet, int, int)
03-14 22:21:46.377  6275  6454 W unknown:ViewManagerPropertyUpdater: Could not find generated setter for class com.horcrux.svg.RenderableViewManager$ClipPathViewManager
03-14 22:21:46.389  6275  6454 W unknown:ViewManagerPropertyUpdater: Could not find generated setter for class com.horcrux.svg.RenderableViewManager$SymbolManager
03-14 22:21:46.400  6275  6454 W unknown:ViewManagerPropertyUpdater: Could not find generated setter for class com.horcrux.svg.RenderableViewManager$PatternManager
03-14 22:21:46.403  6275  6275 I ViewInteraction: Checking 'MatchesViewAssertion(Detox){viewMatcher=(view has effective visibility <VISIBLE> and view.getGlobalVisibleRect() covers at least <75> percent of the view's area)}' assertion on view (view.getTag() is "dashboard-view-transactions-button" and view has effective visibility <VISIBLE>)
03-14 22:21:46.412  6275  6454 W unknown:ViewManagerPropertyUpdater: Could not find generated setter for class com.horcrux.svg.RenderableViewManager$FeBlendManager
03-14 22:21:46.421  6275  6454 W unknown:ViewManagerPropertyUpdater: Could not find generated setter for class com.facebook.react.views.view.ReactViewManager
03-14 22:21:46.431  6275  6275 I ViewInteraction: Checking 'MatchesViewAssertion(Detox){viewMatcher=(view has effective visibility <VISIBLE> and view.getGlobalVisibleRect() covers at least <75> percent of the view's area)}' assertion on view (view.getTag() is "dashboard-view-transactions-button" and view has effective visibility <VISIBLE>)
03-14 22:21:46.432  6275  6454 W unknown:ViewManagerPropertyUpdater: Could not find generated setter for class com.horcrux.svg.SvgViewManager
03-14 22:21:46.443  6275  6454 W unknown:ViewManagerPropertyUpdater: Could not find generated setter for class com.facebook.react.views.switchview.ReactSwitchManager
03-14 22:21:46.444  6275  6454 W unknown:ViewManagerPropertyUpdater: Could not find generated setter for class com.facebook.react.views.switchview.ReactSwitchShadowNode
03-14 22:21:46.453  6275  6454 W unknown:ViewManagerPropertyUpdater: Could not find generated setter for class com.horcrux.svg.RenderableViewManager$UseViewManager
03-14 22:21:46.458  6275  6275 I ViewInteraction: Checking 'MatchesViewAssertion(Detox){viewMatcher=(view has effective visibility <VISIBLE> and view.getGlobalVisibleRect() covers at least <75> percent of the view's area)}' assertion on view (view.getTag() is "dashboard-view-transactions-button" and view has effective visibility <VISIBLE>)
03-14 22:21:46.462  6275  6454 W unknown:ViewManagerPropertyUpdater: Could not find generated setter for class com.horcrux.svg.RenderableViewManager$CircleViewManager
03-14 22:21:46.471  6275  6454 W unknown:ViewManagerPropertyUpdater: Could not find generated setter for class com.horcrux.svg.RenderableViewManager$TSpanViewManager
03-14 22:21:46.480  6275  6454 W unknown:ViewManagerPropertyUpdater: Could not find generated setter for class com.horcrux.svg.RenderableViewManager$FilterManager
03-14 22:21:46.483  6275  6275 I ViewInteraction: Checking 'MatchesViewAssertion(Detox){viewMatcher=(view has effective visibility <VISIBLE> and view.getGlobalVisibleRect() covers at least <75> percent of the view's area)}' assertion on view (view.getTag() is "dashboard-view-transactions-button" and view has effective visibility <VISIBLE>)
03-14 22:21:46.488  6275  6454 W unknown:ViewManagerPropertyUpdater: Could not find generated setter for class com.horcrux.svg.RenderableViewManager$MarkerManager
03-14 22:21:46.498  6275  6454 W unknown:ViewManagerPropertyUpdater: Could not find generated setter for class com.swmansion.gesturehandler.react.RNGestureHandlerButtonViewManager
03-14 22:21:46.508  6275  6275 I ViewInteraction: Checking 'MatchesViewAssertion(Detox){viewMatcher=(view has effective visibility <VISIBLE> and view.getGlobalVisibleRect() covers at least <75> percent of the view's area)}' assertion on view (view.getTag() is "dashboard-view-transactions-button" and view has effective visibility <VISIBLE>)
03-14 22:21:46.510  6275  6454 W unknown:ViewManagerPropertyUpdater: Could not find generated setter for class com.facebook.react.views.modal.ReactModalHostManager
03-14 22:21:46.521  6275  6454 W unknown:ViewManagerPropertyUpdater: Could not find generated setter for class com.horcrux.svg.RenderableViewManager$ForeignObjectManager
03-14 22:21:46.530  6275  6454 W unknown:ViewManagerPropertyUpdater: Could not find generated setter for class com.horcrux.svg.RenderableViewManager$EllipseViewManager
03-14 22:21:46.535  6275  6275 I ViewInteraction: Checking 'MatchesViewAssertion(Detox){viewMatcher=(view has effective visibility <VISIBLE> and view.getGlobalVisibleRect() covers at least <75> percent of the view's area)}' assertion on view (view.getTag() is "dashboard-view-transactions-button" and view has effective visibility <VISIBLE>)
03-14 22:21:46.540  6275  6454 W unknown:ViewManagerPropertyUpdater: Could not find generated setter for class com.horcrux.svg.RenderableViewManager$LineViewManager
03-14 22:21:46.547  6275  6454 W unknown:ViewManagerPropertyUpdater: Could not find generated setter for class com.facebook.react.views.text.frescosupport.FrescoBasedReactTextInlineImageViewManager
03-14 22:21:46.548  6275  6454 W unknown:ViewManagerPropertyUpdater: Could not find generated setter for class com.facebook.react.views.text.frescosupport.FrescoBasedReactTextInlineImageShadowNode
03-14 22:21:46.554  6275  6454 W unknown:ViewManagerPropertyUpdater: Could not find generated setter for class com.horcrux.svg.RenderableViewManager$FeFloodManager
03-14 22:21:46.561  6275  6454 W unknown:ViewManagerPropertyUpdater: Could not find generated setter for class com.horcrux.svg.RenderableViewManager$GroupViewManager
03-14 22:21:46.563  6275  6275 I ViewInteraction: Checking 'MatchesViewAssertion(Detox){viewMatcher=(view has effective visibility <VISIBLE> and view.getGlobalVisibleRect() covers at least <75> percent of the view's area)}' assertion on view (view.getTag() is "dashboard-view-transactions-button" and view has effective visibility <VISIBLE>)
03-14 22:21:46.571  6275  6454 W unknown:ViewManagerPropertyUpdater: Could not find generated setter for class com.horcrux.svg.RenderableViewManager$TextViewManager
03-14 22:21:46.581  6275  6448 D TrafficStats: tagSocket(133) with statsTag=0xffffffff, statsUid=-1
03-14 22:21:46.584  6275  6454 W unknown:ViewManagerPropertyUpdater: Could not find generated setter for class com.horcrux.svg.RenderableViewManager$ImageViewManager
03-14 22:21:46.596  6275  6454 W unknown:ViewManagerPropertyUpdater: Could not find generated setter for class com.horcrux.svg.RenderableViewManager$FeCompositeManager
03-14 22:21:46.602  6275  6275 I ViewInteraction: Checking 'MatchesViewAssertion(Detox){viewMatcher=(view has effective visibility <VISIBLE> and view.getGlobalVisibleRect() covers at least <75> percent of the view's area)}' assertion on view (view.getTag() is "dashboard-view-transactions-button" and view has effective visibility <VISIBLE>)
03-14 22:21:46.610  6275  6454 W unknown:ViewManagerPropertyUpdater: Could not find generated setter for class com.facebook.react.views.image.ReactImageManager
03-14 22:21:46.628  6275  6454 W unknown:ViewManagerPropertyUpdater: Could not find generated setter for class com.horcrux.svg.RenderableViewManager$RadialGradientManager
03-14 22:21:46.641  6275  6454 W unknown:ViewManagerPropertyUpdater: Could not find generated setter for class com.horcrux.svg.RenderableViewManager$MaskManager
03-14 22:21:46.644  6275  6275 I ViewInteraction: Checking 'MatchesViewAssertion(Detox){viewMatcher=(view has effective visibility <VISIBLE> and view.getGlobalVisibleRect() covers at least <75> percent of the view's area)}' assertion on view (view.getTag() is "dashboard-view-transactions-button" and view has effective visibility <VISIBLE>)
03-14 22:21:46.659  6275  6454 W unknown:ViewManagerPropertyUpdater: Could not find generated setter for class com.facebook.react.views.unimplementedview.ReactUnimplementedViewManager
03-14 22:21:46.668  6275  6454 W unknown:ViewManagerPropertyUpdater: Could not find generated setter for class com.horcrux.svg.RenderableViewManager$RectViewManager
03-14 22:21:46.687  6275  6454 W unknown:ViewManagerPropertyUpdater: Could not find generated setter for class com.horcrux.svg.RenderableViewManager$TextPathViewManager
03-14 22:21:46.697  6275  6275 I ViewInteraction: Checking 'MatchesViewAssertion(Detox){viewMatcher=(view has effective visibility <VISIBLE> and view.getGlobalVisibleRect() covers at least <75> percent of the view's area)}' assertion on view (view.getTag() is "dashboard-view-transactions-button" and view has effective visibility <VISIBLE>)
03-14 22:21:46.701  6275  6454 W unknown:ViewManagerPropertyUpdater: Could not find generated setter for class com.facebook.react.views.scroll.ReactScrollViewManager
03-14 22:21:46.721  6275  6454 W unknown:ViewManagerPropertyUpdater: Could not find generated setter for class com.horcrux.svg.RenderableViewManager$FeOffsetManager
03-14 22:21:46.733  6275  6275 I ViewInteraction: Checking 'MatchesViewAssertion(Detox){viewMatcher=(view has effective visibility <VISIBLE> and view.getGlobalVisibleRect() covers at least <75> percent of the view's area)}' assertion on view (view.getTag() is "dashboard-view-transactions-button" and view has effective visibility <VISIBLE>)
03-14 22:21:46.740  6275  6454 W unknown:ViewManagerPropertyUpdater: Could not find generated setter for class com.horcrux.svg.RenderableViewManager$PathViewManager
03-14 22:21:46.754  6275  6454 W unknown:ViewManagerPropertyUpdater: Could not find generated setter for class com.facebook.react.views.drawer.ReactDrawerLayoutManager
03-14 22:21:46.770  6275  6454 W unknown:ViewManagerPropertyUpdater: Could not find generated setter for class com.facebook.react.views.swiperefresh.SwipeRefreshLayoutManager
03-14 22:21:46.770  6275  6275 I ViewInteraction: Checking 'MatchesViewAssertion(Detox){viewMatcher=(view has effective visibility <VISIBLE> and view.getGlobalVisibleRect() covers at least <75> percent of the view's area)}' assertion on view (view.getTag() is "dashboard-view-transactions-button" and view has effective visibility <VISIBLE>)
03-14 22:21:46.781  6275  6454 W unknown:ViewManagerPropertyUpdater: Could not find generated setter for class com.facebook.react.views.textinput.ReactTextInputManager
03-14 22:21:46.783  6275  6454 W unknown:ViewManagerPropertyUpdater: Could not find generated setter for class com.facebook.react.views.textinput.ReactTextInputShadowNode
03-14 22:21:46.793  6275  6454 W unknown:ViewManagerPropertyUpdater: Could not find generated setter for class com.swmansion.gesturehandler.react.RNGestureHandlerRootViewManager
03-14 22:21:46.806  6275  6275 I ViewInteraction: Checking 'MatchesViewAssertion(Detox){viewMatcher=(view has effective visibility <VISIBLE> and view.getGlobalVisibleRect() covers at least <75> percent of the view's area)}' assertion on view (view.getTag() is "dashboard-view-transactions-button" and view has effective visibility <VISIBLE>)
03-14 22:21:46.829  6275  6454 W BridgelessReactContext: [WARNING] Bridgeless doesn't support CatalystInstance. Accessing an API that's not part of the new architecture is not encouraged usage.
