03-14 22:59:24.481 12878 12878 I ViewInteraction: Checking 'MatchesViewAssertion(Detox){viewMatcher=(view has effective visibility <VISIBLE> and view.getGlobalVisibleRect() covers at least <75> percent of the view's area)}' assertion on view (view.getTag() is "dashboard-add-expense-button" and view has effective visibility <VISIBLE>)
03-14 22:59:24.510 12878 12878 I ViewInteraction: Checking 'MatchesViewAssertion(Detox){viewMatcher=(view has effective visibility <VISIBLE> and view.getGlobalVisibleRect() covers at least <75> percent of the view's area)}' assertion on view (view.getTag() is "dashboard-add-expense-button" and view has effective visibility <VISIBLE>)
03-14 22:59:24.536 12878 12878 I ViewInteraction: Checking 'MatchesViewAssertion(Detox){viewMatcher=(view has effective visibility <VISIBLE> and view.getGlobalVisibleRect() covers at least <75> percent of the view's area)}' assertion on view (view.getTag() is "dashboard-add-expense-button" and view has effective visibility <VISIBLE>)
03-14 22:59:24.564 12878 12878 I ViewInteraction: Checking 'MatchesViewAssertion(Detox){viewMatcher=(view has effective visibility <VISIBLE> and view.getGlobalVisibleRect() covers at least <75> percent of the view's area)}' assertion on view (view.getTag() is "dashboard-add-expense-button" and view has effective visibility <VISIBLE>)
03-14 22:59:24.589 12878 12878 I ViewInteraction: Checking 'MatchesViewAssertion(Detox){viewMatcher=(view has effective visibility <VISIBLE> and view.getGlobalVisibleRect() covers at least <75> percent of the view's area)}' assertion on view (view.getTag() is "dashboard-add-expense-button" and view has effective visibility <VISIBLE>)
03-14 22:59:24.614 12878 12878 I ViewInteraction: Checking 'MatchesViewAssertion(Detox){viewMatcher=(view has effective visibility <VISIBLE> and view.getGlobalVisibleRect() covers at least <75> percent of the view's area)}' assertion on view (view.getTag() is "dashboard-add-expense-button" and view has effective visibility <VISIBLE>)
03-14 22:59:24.639 12878 12878 I ViewInteraction: Checking 'MatchesViewAssertion(Detox){viewMatcher=(view has effective visibility <VISIBLE> and view.getGlobalVisibleRect() covers at least <75> percent of the view's area)}' assertion on view (view.getTag() is "dashboard-add-expense-button" and view has effective visibility <VISIBLE>)
03-14 22:59:24.642 12878 12952 D Detox.RNMarker: RUN_JS_BUNDLE_END (index.android.bundle)
03-14 22:59:24.642 12878 12952 I ReactNativeJS: Running "main"
03-14 22:59:24.648 12878 12952 D Detox.RNMarker: REACT_BRIDGELESS_LOADING_END (null)
03-14 22:59:24.656 12878 12878 I ReactNative: [GESTURE HANDLER] Initialize gesture handler for root view com.facebook.react.runtime.ReactSurfaceView{9a140b7 V.E...... ......ID 0,0-1080,2400 #1}
03-14 22:59:24.658 12878 12878 D Detox.RNMarker: CONTENT_APPEARED (main)
03-14 22:59:24.664 12878 12952 D nativeloader: Load /data/app/~~YsZ1q7ZJ7Iubjw5Ubx_m7A==/com.mcfuzzysquirrel.studentfinance-syuDUGtJ_YuI1ZMwWaAgPA==/base.apk!/lib/x86_64/libgesturehandler.so using ns clns-7 from class loader (caller=/data/app/~~YsZ1q7ZJ7Iubjw5Ubx_m7A==/com.mcfuzzysquirrel.studentfinance-syuDUGtJ_YuI1ZMwWaAgPA==/base.apk): ok
03-14 22:59:24.664 12878 12952 D jni_lib_merge: Entering merged library JNI_OnLoad.
03-14 22:59:24.664 12878 12952 D jni_lib_merge: Preparing 12 pre-merged libs (including stub)
03-14 22:59:24.664 12878 12952 D jni_lib_merge: Preparing to register libfabricjni_so.  onload_func: 0x727ce4b62730
03-14 22:59:24.664 12878 12952 D jni_lib_merge: Preparing to register libreact_devsupportjni_so.  onload_func: 0x727ce4d5f190
03-14 22:59:24.664 12878 12952 D jni_lib_merge: Preparing to register libreact_featureflagsjni_so.  onload_func: 0x727ce4d70910
03-14 22:59:24.664 12878 12952 D jni_lib_merge: Preparing to register libreact_newarchdefaults_so.  onload_func: 0x727ce4e11d20
03-14 22:59:24.664 12878 12952 D jni_lib_merge: Preparing to register libreactnativeblob_so.  onload_func: 0x727ce501c2e0
03-14 22:59:24.664 12878 12952 D jni_lib_merge: Preparing to register libreactnativejni_so.  onload_func: 0x727ce505c770
03-14 22:59:24.664 12878 12952 D jni_lib_merge: Preparing to register libreactnativejni_common_so.  onload_func: 0x727ce506c5d0
03-14 22:59:24.664 12878 12952 D jni_lib_merge: Preparing to register librninstance_so.  onload_func: 0x727ce50a94c0
03-14 22:59:24.664 12878 12952 D jni_lib_merge: Preparing to register libturbomodulejsijni_so.  onload_func: 0x727ce520ac00
03-14 22:59:24.664 12878 12952 D jni_lib_merge: Preparing to register libuimanagerjni_so.  onload_func: 0x727ce5222de0
03-14 22:59:24.664 12878 12952 D jni_lib_merge: Preparing to register libyoga_so.  onload_func: 0x727ce5231d70
03-14 22:59:24.664 12878 12952 D jni_lib_merge: About to register 11 actual methods.
03-14 22:59:24.673 12878 12878 I ViewInteraction: Checking 'MatchesViewAssertion(Detox){viewMatcher=(view has effective visibility <VISIBLE> and view.getGlobalVisibleRect() covers at least <75> percent of the view's area)}' assertion on view (view.getTag() is "dashboard-add-expense-button" and view has effective visibility <VISIBLE>)
03-14 22:59:24.821 12878 12878 I ViewInteraction: Checking 'MatchesViewAssertion(Detox){viewMatcher=(view has effective visibility <VISIBLE> and view.getGlobalVisibleRect() covers at least <75> percent of the view's area)}' assertion on view (view.getTag() is "dashboard-add-expense-button" and view has effective visibility <VISIBLE>)
03-14 22:59:24.855 12878 12878 I ViewInteraction: Checking 'MatchesViewAssertion(Detox){viewMatcher=(view has effective visibility <VISIBLE> and view.getGlobalVisibleRect() covers at least <75> percent of the view's area)}' assertion on view (view.getTag() is "dashboard-add-expense-button" and view has effective visibility <VISIBLE>)
03-14 22:59:24.892 12878 12878 I ViewInteraction: Checking 'MatchesViewAssertion(Detox){viewMatcher=(view has effective visibility <VISIBLE> and view.getGlobalVisibleRect() covers at least <75> percent of the view's area)}' assertion on view (view.getTag() is "dashboard-add-expense-button" and view has effective visibility <VISIBLE>)
03-14 22:59:24.894 12878 12954 D TrafficStats: tagSocket(136) with statsTag=0xffffffff, statsUid=-1
03-14 22:59:24.923 12878 12952 D nativeloader: Load /data/app/~~YsZ1q7ZJ7Iubjw5Ubx_m7A==/com.mcfuzzysquirrel.studentfinance-syuDUGtJ_YuI1ZMwWaAgPA==/base.apk!/lib/x86_64/libexpo-sqlite.so using ns clns-7 from class loader (caller=/data/app/~~YsZ1q7ZJ7Iubjw5Ubx_m7A==/com.mcfuzzysquirrel.studentfinance-syuDUGtJ_YuI1ZMwWaAgPA==/base.apk!classes20.dex): ok
03-14 22:59:24.950 12878 12878 I ViewInteraction: Checking 'MatchesViewAssertion(Detox){viewMatcher=(view has effective visibility <VISIBLE> and view.getGlobalVisibleRect() covers at least <75> percent of the view's area)}' assertion on view (view.getTag() is "dashboard-add-expense-button" and view has effective visibility <VISIBLE>)
03-14 22:59:24.984 12878 12878 I ViewInteraction: Checking 'MatchesViewAssertion(Detox){viewMatcher=(view has effective visibility <VISIBLE> and view.getGlobalVisibleRect() covers at least <75> percent of the view's area)}' assertion on view (view.getTag() is "dashboard-add-expense-button" and view has effective visibility <VISIBLE>)
03-14 22:59:25.025 12878 12878 I ViewInteraction: Checking 'MatchesViewAssertion(Detox){viewMatcher=(view has effective visibility <VISIBLE> and view.getGlobalVisibleRect() covers at least <75> percent of the view's area)}' assertion on view (view.getTag() is "dashboard-add-expense-button" and view has effective visibility <VISIBLE>)
03-14 22:59:25.061 12878 12878 I ViewInteraction: Checking 'MatchesViewAssertion(Detox){viewMatcher=(view has effective visibility <VISIBLE> and view.getGlobalVisibleRect() covers at least <75> percent of the view's area)}' assertion on view (view.getTag() is "dashboard-add-expense-button" and view has effective visibility <VISIBLE>)
03-14 22:59:25.103 12878 12878 I ViewInteraction: Checking 'MatchesViewAssertion(Detox){viewMatcher=(view has effective visibility <VISIBLE> and view.getGlobalVisibleRect() covers at least <75> percent of the view's area)}' assertion on view (view.getTag() is "dashboard-add-expense-button" and view has effective visibility <VISIBLE>)
03-14 22:59:25.111 12878 12878 W .studentfinance: Accessing hidden field Landroid/widget/ScrollView;->mScroller:Landroid/widget/OverScroller; (unsupported, reflection, allowed)
03-14 22:59:25.152 12878 12878 W [RNScreens]: backTitleFontFamily prop is not available on Android
03-14 22:59:25.152 12878 12878 W [RNScreens]: disableBackButtonMenu prop is not available on Android
03-14 22:59:25.152 12878 12878 W [RNScreens]: backTitleVisible prop is not available on Android
03-14 22:59:25.152 12878 12878 W [RNScreens]: topInsetEnabled prop is not available on Android
03-14 22:59:25.152 12878 12878 W [RNScreens]: largeTitleHideShadow prop is not available on Android
03-14 22:59:25.152 12878 12878 W [RNScreens]: largeTitleFontWeight prop is not available on Android
03-14 22:59:25.152 12878 12878 W [RNScreens]: userInterfaceStyle prop is not available on Android
03-14 22:59:25.152 12878 12878 W [RNScreens]: largeTitleFontFamily prop is not available on Android
03-14 22:59:25.756 12878 12928 D EGL_emulation: app_time_stats: avg=576.50ms min=114.27ms max=1791.59ms count=5
03-14 22:59:25.809 12878 12878 I ViewInteraction: Checking 'MatchesViewAssertion(Detox){viewMatcher=(view has effective visibility <VISIBLE> and view.getGlobalVisibleRect() covers at least <75> percent of the view's area)}' assertion on view (view.getTag() is "dashboard-add-expense-button" and view has effective visibility <VISIBLE>)
03-14 22:59:25.823 12878 12918 I DetoxWSClient: Sending out action 'invokeResult' (ID #3)
03-14 22:59:25.823 12878 12918 I DetoxDispatcher: Done with action 'invoke'
03-14 22:59:25.834 12878 12922 D DetoxWSClient: Received action 'invoke' (ID #4, params={"target":{"type":"Class","value":"com.wix.detox.espresso.EspressoDetox"},"method":"perform","args":[{"type":"Invocation","value":{"target":{"type":"Class","value":"com.wix.detox.espresso.DetoxMatcher"},"method":"matcherForTestId","args":["dashboard-add-expense-button",{"type":"boolean","value":false}]}},{"type":"Invocation","value":{"target":{"type":"Class","value":"com.wix.detox.espresso.DetoxViewActions"},"method":"click","args":[]}}]})
03-14 22:59:25.837 12878 12918 I DetoxDispatcher: Handling action 'invoke' (ID #4)...
03-14 22:59:25.838 12878 12918 D Detox   : class com.wix.detox.espresso.DetoxMatcher, matcherForTestId, [dashboard-add-expense-button, false]
03-14 22:59:25.838 12878 12918 D Detox   : class com.wix.detox.espresso.DetoxViewActions, click, []
03-14 22:59:25.839 12878 12918 W .studentfinance: Accessing hidden method Landroid/view/ViewConfiguration;->getDoubleTapMinTime()I (unsupported, reflection, allowed)
03-14 22:59:25.841 12878 12918 D Detox   : class com.wix.detox.espresso.EspressoDetox, perform, [(view.getTag() is "dashboard-add-expense-button" and view has effective visibility <VISIBLE>), com.wix.detox.espresso.action.RNClickAction@9d6f0ff]
03-14 22:59:25.851 12878 12878 I ViewInteraction: Performing 'com.wix.detox.espresso.action.detoxsingletap@22c7ecc click' action on view (view.getTag() is "dashboard-add-expense-button" and view has effective visibility <VISIBLE>)
03-14 22:59:25.860 12878 13049 W .studentfinance: Accessing hidden method Landroid/hardware/input/InputManager;->injectInputEvent(Landroid/view/InputEvent;I)Z (unsupported, reflection, allowed)
03-14 22:59:26.068 12878 12878 W [RNScreens]: backTitleFontFamily prop is not available on Android
03-14 22:59:26.068 12878 12878 W [RNScreens]: disableBackButtonMenu prop is not available on Android
03-14 22:59:26.068 12878 12878 W [RNScreens]: backTitleVisible prop is not available on Android
03-14 22:59:26.068 12878 12878 W [RNScreens]: topInsetEnabled prop is not available on Android
03-14 22:59:26.068 12878 12878 W [RNScreens]: largeTitleHideShadow prop is not available on Android
03-14 22:59:26.068 12878 12878 W [RNScreens]: largeTitleFontWeight prop is not available on Android
03-14 22:59:26.068 12878 12878 W [RNScreens]: userInterfaceStyle prop is not available on Android
03-14 22:59:26.068 12878 12878 W [RNScreens]: largeTitleFontFamily prop is not available on Android
03-14 22:59:26.096 12878 12878 I ImeTracker: com.mcfuzzysquirrel.studentfinance:41667f16: onRequestShow at ORIGIN_CLIENT reason SHOW_SOFT_INPUT fromUser false
03-14 22:59:26.103 12878 12878 D InputMethodManager: showSoftInput() view=com.facebook.react.views.textinput.ReactEditText{e511d1b VFED..CL. .F....ID 47,130-1033,331 #188 aid=1073741825} flags=0 reason=SHOW_SOFT_INPUT
03-14 22:59:26.885 12878 12928 D EGL_emulation: app_time_stats: avg=183.89ms min=11.74ms max=645.11ms count=6
03-14 22:59:26.915 12878 12878 I Choreographer: Skipped 38 frames!  The application may be doing too much work on its main thread.
03-14 22:59:27.030 12878 12878 D InsetsController: show(ime(), fromIme=true)
03-14 22:59:27.036 12878 12943 D TrafficStats: tagSocket(137) with statsTag=0xffffffff, statsUid=-1
03-14 22:59:27.062 12878 13074 W InteractionJankMonitor: Initializing without READ_DEVICE_CONFIG permission. enabled=true, interval=1, missedFrameThreshold=3, frameTimeThreshold=64, package=com.mcfuzzysquirrel.studentfinance
03-14 22:59:27.063 12878 13073 D ProfileInstaller: Installing profile for com.mcfuzzysquirrel.studentfinance
03-14 22:59:27.066 12878 12954 D TrafficStats: tagSocket(143) with statsTag=0xffffffff, statsUid=-1
03-14 22:59:27.215 12878 12898 I HWUI    : Davey! duration=742ms; Flags=0, FrameTimelineVsyncId=126808, IntendedVsync=1413056627018, Vsync=1413689960326, InputEventId=0, HandleInputStart=1413705983587, AnimationStart=1413705984849, PerformTraversalsStart=1413707746680, DrawStart=1413711711507, FrameDeadline=1413806626988, FrameInterval=1413705359033, FrameStartTime=16666666, SyncQueued=1413729935143, SyncStart=1413779995952, IssueDrawCommandsStart=1413780797043, SwapBuffers=1413797553227, FrameCompleted=1413848974982, DequeueBufferDuration=9228, QueueBufferDuration=254723, GpuCompleted=1413848873501, SwapBuffersCompleted=1413848974982, DisplayPresentTime=0, CommandSubmissionCompleted=1413797553227, 
03-14 22:59:27.389 12878 12878 I ImeTracker: com.mcfuzzysquirrel.studentfinance:41667f16: onShown
03-14 22:59:27.600 12878 12918 I DetoxWSClient: Sending out action 'invokeResult' (ID #4)
03-14 22:59:27.605 12878 12918 I DetoxDispatcher: Done with action 'invoke'
03-14 22:59:27.642 12878 12922 D DetoxWSClient: Received action 'invoke' (ID #5, params={"target":{"type":"Class","value":"com.wix.detox.espresso.DetoxAssertion"},"method":"waitForAssertMatcher","args":[{"type":"Invocation","value":{"target":{"type":"Class","value":"androidx.test.espresso.Espresso"},"method":"onView","args":[{"type":"Invocation","value":{"target":{"type":"Class","value":"com.wix.detox.espresso.DetoxMatcher"},"method":"matcherForTestId","args":["add-expense-amount-input",{"type":"boolean","value":false}]}}]}},{"type":"Invocation","value":{"target":{"type":"Class","value":"com.wix.detox.espresso.DetoxMatcher"},"method":"matcherForSufficientlyVisible","args":[{"type":"Integer","value":75}]}},{"type":"Double","value":10}]})
03-14 22:59:27.645 12878 12918 I DetoxDispatcher: Handling action 'invoke' (ID #5)...
03-14 22:59:27.646 12878 12918 D Detox   : class com.wix.detox.espresso.DetoxMatcher, matcherForTestId, [add-expense-amount-input, false]
03-14 22:59:27.651 12878 12918 D Detox   : class androidx.test.espresso.Espresso, onView, [(view.getTag() is "add-expense-amount-input" and view has effective visibility <VISIBLE>)]
03-14 22:59:27.654 1