--------- beginning of main
03-14 22:59:19.062 12878 12878 D nativeloader: Configuring clns-7 for other apk /system/framework/android.test.runner.jar:/system/framework/android.test.mock.jar:/system/framework/android.test.base.jar:/data/app/~~I7GwO298usEUNamwuljAbA==/com.mcfuzzysquirrel.studentfinance.test-GO1f0rqwZRk52sJBE2qCnw==/base.apk:/data/app/~~YsZ1q7ZJ7Iubjw5Ubx_m7A==/com.mcfuzzysquirrel.studentfinance-syuDUGtJ_YuI1ZMwWaAgPA==/base.apk. target_sdk_version=36, uses_libraries=, library_path=/data/app/~~I7GwO298usEUNamwuljAbA==/com.mcfuzzysquirrel.studentfinance.test-GO1f0rqwZRk52sJBE2qCnw==/lib/x86_64:/data/app/~~YsZ1q7ZJ7Iubjw5Ubx_m7A==/com.mcfuzzysquirrel.studentfinance-syuDUGtJ_YuI1ZMwWaAgPA==/lib/x86_64:/data/app/~~I7GwO298usEUNamwuljAbA==/com.mcfuzzysquirrel.studentfinance.test-GO1f0rqwZRk52sJBE2qCnw==/base.apk!/lib/x86_64:/data/app/~~YsZ1q7ZJ7Iubjw5Ubx_m7A==/com.mcfuzzysquirrel.studentfinance-syuDUGtJ_YuI1ZMwWaAgPA==/base.apk!/lib/x86_64, permitted_path=/data:/mnt/expand:/data/user/0/com.mcfuzzysquirrel.studentfinance
03-14 22:59:19.073 12878 12878 V GraphicsEnvironment: Currently set values for:
03-14 22:59:19.073 12878 12878 V GraphicsEnvironment:   angle_gl_driver_selection_pkgs=[]
03-14 22:59:19.073 12878 12878 V GraphicsEnvironment:   angle_gl_driver_selection_values=[]
03-14 22:59:19.073 12878 12878 V GraphicsEnvironment: Global.Settings values are invalid: number of packages: 0, number of values: 0
03-14 22:59:19.073 12878 12878 V GraphicsEnvironment: Neither updatable production driver nor prerelease driver is supported.
03-14 22:59:19.076 12878 12878 D ApplicationLoaders: Returning zygote-cached class loader: /system/framework/android.test.base.jar
03-14 22:59:19.079 12878 12878 D nativeloader: Configuring clns-8 for other apk /system/framework/android.test.mock.jar. target_sdk_version=36, uses_libraries=ALL, library_path=/data/app/~~I7GwO298usEUNamwuljAbA==/com.mcfuzzysquirrel.studentfinance.test-GO1f0rqwZRk52sJBE2qCnw==/lib/x86_64:/data/app/~~YsZ1q7ZJ7Iubjw5Ubx_m7A==/com.mcfuzzysquirrel.studentfinance-syuDUGtJ_YuI1ZMwWaAgPA==/lib/x86_64, permitted_path=/data:/mnt/expand
03-14 22:59:19.080 12878 12878 D ApplicationLoaders: Returning zygote-cached class loader: /system/framework/android.test.base.jar
03-14 22:59:19.084 12878 12878 D nativeloader: Configuring clns-9 for other apk /system/framework/android.test.runner.jar. target_sdk_version=36, uses_libraries=ALL, library_path=/data/app/~~I7GwO298usEUNamwuljAbA==/com.mcfuzzysquirrel.studentfinance.test-GO1f0rqwZRk52sJBE2qCnw==/lib/x86_64:/data/app/~~YsZ1q7ZJ7Iubjw5Ubx_m7A==/com.mcfuzzysquirrel.studentfinance-syuDUGtJ_YuI1ZMwWaAgPA==/lib/x86_64, permitted_path=/data:/mnt/expand
03-14 22:59:19.088 12878 12878 W .studentfinance: ClassLoaderContext shared library size mismatch. Expected=2, found=3 (PCL[]{PCL[/system/framework/android.test.base.jar*724373495]#PCL[/system/framework/android.test.mock.jar*1452759902]} | PCL[]{PCL[/system/framework/android.test.base.jar*724373495]#PCL[/system/framework/android.test.mock.jar*1452759902]#PCL[/system/framework/android.test.runner.jar*2496447986]{PCL[/system/framework/android.test.base.jar*724373495]#PCL[/system/framework/android.test.mock.jar*1452759902]}};PCL[/system/framework/android.test.runner.jar*2496447986:/system/framework/android.test.mock.jar*1452759902:/system/framework/android.test.base.jar*724373495:/data/app/~~I7GwO298usEUNamwuljAbA==/com.mcfuzzysquirrel.studentfinance.test-GO1f0rqwZRk52sJBE2qCnw==/base.apk*3224200876:/data/app/~~YsZ1q7ZJ7Iubjw5Ubx_m7A==/com.mcfuzzysquirrel.studentfinance-syuDUGtJ_YuI1ZMwWaAgPA==/base.apk*2060289533])
03-14 22:59:19.091 12878 12878 W .studentfinance: ClassLoaderContext classpath size mismatch. expected=0, found=1 (PCL[] | PCL[/system/framework/android.test.runner.jar*2496447986]{PCL[/system/framework/android.test.base.jar*724373495]#PCL[/system/framework/android.test.mock.jar*1452759902]#PCL[/system/framework/android.test.runner.jar*2496447986]{PCL[/system/framework/android.test.base.jar*724373495]#PCL[/system/framework/android.test.mock.jar*1452759902]}};PCL[/system/framework/android.test.runner.jar*2496447986:/system/framework/android.test.mock.jar*1452759902:/system/framework/android.test.base.jar*724373495:/data/app/~~I7GwO298usEUNamwuljAbA==/com.mcfuzzysquirrel.studentfinance.test-GO1f0rqwZRk52sJBE2qCnw==/base.apk*3224200876:/data/app/~~YsZ1q7ZJ7Iubjw5Ubx_m7A==/com.mcfuzzysquirrel.studentfinance-syuDUGtJ_YuI1ZMwWaAgPA==/base.apk*2060289533])
03-14 22:59:19.092 12878 12878 W .studentfinance: ClassLoaderContext classpath size mismatch. expected=0, found=2 (PCL[] | PCL[/system/framework/android.test.runner.jar*2496447986:/system/framework/android.test.mock.jar*1452759902]{PCL[/system/framework/android.test.base.jar*724373495]#PCL[/system/framework/android.test.mock.jar*1452759902]#PCL[/system/framework/android.test.runner.jar*2496447986]{PCL[/system/framework/android.test.base.jar*724373495]#PCL[/system/framework/android.test.mock.jar*1452759902]}};PCL[/system/framework/android.test.runner.jar*2496447986:/system/framework/android.test.mock.jar*1452759902:/system/framework/android.test.base.jar*724373495:/data/app/~~I7GwO298usEUNamwuljAbA==/com.mcfuzzysquirrel.studentfinance.test-GO1f0rqwZRk52sJBE2qCnw==/base.apk*3224200876:/data/app/~~YsZ1q7ZJ7Iubjw5Ubx_m7A==/com.mcfuzzysquirrel.studentfinance-syuDUGtJ_YuI1ZMwWaAgPA==/base.apk*2060289533])
03-14 22:59:19.093 12878 12878 W ziparchive: Unable to open '/data/app/~~I7GwO298usEUNamwuljAbA==/com.mcfuzzysquirrel.studentfinance.test-GO1f0rqwZRk52sJBE2qCnw==/base.dm': No such file or directory
03-14 22:59:19.093 12878 12878 W ziparchive: Unable to open '/data/app/~~I7GwO298usEUNamwuljAbA==/com.mcfuzzysquirrel.studentfinance.test-GO1f0rqwZRk52sJBE2qCnw==/base.dm': No such file or directory
03-14 22:59:19.217 12878 12878 W ziparchive: Unable to open '/data/app/~~YsZ1q7ZJ7Iubjw5Ubx_m7A==/com.mcfuzzysquirrel.studentfinance-syuDUGtJ_YuI1ZMwWaAgPA==/base.dm': No such file or directory
03-14 22:59:19.217 12878 12878 W ziparchive: Unable to open '/data/app/~~YsZ1q7ZJ7Iubjw5Ubx_m7A==/com.mcfuzzysquirrel.studentfinance-syuDUGtJ_YuI1ZMwWaAgPA==/base.dm': No such file or directory
03-14 22:59:19.825 12878 12878 I AndroidJUnitRunner: newApplication com.mcfuzzysquirrel.studentfinance.MainApplication
03-14 22:59:19.891 12878 12878 I AndroidJUnitRunner: onCreate Bundle[mParcelledData.dataSize=312]
03-14 22:59:19.892 12878 12878 D AndroidJUnitRunner: Use the raw file system for managing file I/O.
03-14 22:59:20.119 12878 12878 V TestEventClient: No service name argument was given (testDiscoveryService, testRunEventService or orchestratorService)
03-14 22:59:20.121 12878 12916 D AndroidJUnitRunner: onStart is called.
03-14 22:59:20.126 12878 12878 W SoLoader: Initializing SoLoader: 0
03-14 22:59:20.128 12878 12878 W SoLoader: Recording new base apk path: /data/app/~~YsZ1q7ZJ7Iubjw5Ubx_m7A==/com.mcfuzzysquirrel.studentfinance-syuDUGtJ_YuI1ZMwWaAgPA==/base.apk
03-14 22:59:20.128 12878 12878 W SoLoader: Previously recorded 0 base apk paths.
03-14 22:59:20.131 12878 12878 I SoLoader: Preparing SO source: DirectorySoSource[root = /vendor/lib64 flags = 2]
03-14 22:59:20.131 12878 12878 I SoLoader: Preparing SO source: DirectorySoSource[root = /system/lib64 flags = 2]
03-14 22:59:20.131 12878 12878 I SoLoader: Preparing SO source: DirectApkSoSource[root = [/data/app/~~YsZ1q7ZJ7Iubjw5Ubx_m7A==/com.mcfuzzysquirrel.studentfinance-syuDUGtJ_YuI1ZMwWaAgPA==/base.apk!/lib/x86_64]]
03-14 22:59:20.150 12878 12878 I SoLoader: Preparing SO source: ApplicationSoSource[DirectorySoSource[root = /data/app/~~YsZ1q7ZJ7Iubjw5Ubx_m7A==/com.mcfuzzysquirrel.studentfinance-syuDUGtJ_YuI1ZMwWaAgPA==/lib/x86_64 flags = 0]]
03-14 22:59:20.150 12878 12878 I SoLoader: init finish: 4 SO sources prepared
03-14 22:59:20.150 12878 12878 W SoLoader: SoLoader initialized: 8
03-14 22:59:20.185 12878 12878 D nativeloader: Load /data/app/~~YsZ1q7ZJ7Iubjw5Ubx_m7A==/com.mcfuzzysquirrel.studentfinance-syuDUGtJ_YuI1ZMwWaAgPA==/base.apk!/lib/x86_64/libc++_shared.so using ns clns-7 from class loader (caller=/data/app/~~YsZ1q7ZJ7Iubjw5Ubx_m7A==/com.mcfuzzysquirrel.studentfinance-syuDUGtJ_YuI1ZMwWaAgPA==/base.apk): ok
03-14 22:59:20.217 12878 12878 D nativeloader: Load /data/app/~~YsZ1q7ZJ7Iubjw5Ubx_m7A==/com.mcfuzzysquirrel.studentfinance-syuDUGtJ_YuI1ZMwWaAgPA==/base.apk!/lib/x86_64/libjsi.so using ns clns-7 from class loader (caller=/data/app/~~YsZ1q7ZJ7Iubjw5Ubx_m7A==/com.mcfuzzysquirrel.studentfinance-syuDUGtJ_YuI1ZMwWaAgPA==/base.apk): ok
03-14 22:59:20.229 12878 12878 D nativeloader: Load /data/app/~~YsZ1q7ZJ7Iubjw5Ubx_m7A==/com.mcfuzzysquirrel.studentfinance-syuDUGtJ_YuI1ZMwWaAgPA==/base.apk!/lib/x86_64/libfbjni.so using ns clns-7 from class loader (caller=/data/app/~~YsZ1q7ZJ7Iubjw5Ubx_m7A==/com.mcfuzzysquirrel.studentfinance-syuDUGtJ_YuI1ZMwWaAgPA==/base.apk): ok
03-14 22:59:20.266 12878 12878 D nativeloader: Load /data/app/~~YsZ1q7ZJ7Iubjw5Ubx_m7A==/com.mcfuzzysquirrel.studentfinance-syuDUGtJ_YuI1ZMwWaAgPA==/base.apk!/lib/x86_64/libreactnative.so using ns clns-7 from class loader (caller=/data/app/~~YsZ1q7ZJ7Iubjw5Ubx_m7A==/com.mcfuzzysquirrel.studentfinance-syuDUGtJ_YuI1ZMwWaAgPA==/base.apk): ok
03-14 22:59:20.266 12878 12878 D jni_lib_merge: Entering merged library JNI_OnLoad.
03-14 22:59:20.266 12878 12878 D jni_lib_merge: Preparing 12 pre-merged libs (including stub)
03-14 22:59:20.266 12878 12878 D jni_lib_merge: Preparing to register libfabricjni_so.  onload_func: 0x727ce4b62730
03-14 22:59:20.266 12878 12878 D jni_lib_merge: Preparing to register libreact_devsupportjni_so.  onload_func: 0x727ce4d5f190
03-14 22:59:20.266 12878 12878 D jni_lib_merge: Preparing to register libreact_featureflagsjni_so.  onload_func: 0x727ce4d70910
03-14 22:59:20.266 12878 12878 D jni_lib_merge: Preparing to register libreact_newarchdefaults_so.  onload_func: 0x727ce4e11d20
03-14 22:59:20.266 12878 12878 D jni_lib_merge: Preparing to register libreactnativeblob_so.  onload_func: 0x727ce501c2e0
03-14 22:59:20.266 12878 12878 D jni_lib_merge: Preparing to register libreactnativejni_so.  onload_func: 0x727ce505c770
03-14 22:59:20.266 12878 12878 D jni_lib_merge: Preparing to register libreactnativejni_common_so.  onload_func: 0x727ce506c5d0
03-14 22:59:20.266 12878 12878 D jni_lib_merge: Preparing to register librninstance_so.  onload_func: 0x727ce50a94c0
03-14 22:59:20.266 12878 12878 D jni_lib_merge: Preparing to register libturbomodulejsijni_so.  onload_func: 0x727ce520ac00
03-14 22:59:20.266 12878 12878 D jni_lib_merge: Preparing to register libuimanagerjni_so.  onload_func: 0x727ce5222de0
03-14 22:59:20.266 12878 12878 D jni_lib_merge: Preparing to register libyoga_so.  onload_func: 0x727ce5231d70
03-14 22:59:20.266 12878 12878 D jni_lib_merge: About to register 11 actual methods.
03-14 22:59:20.306 12878 12878 D nativeloader: Load /data/app/~~YsZ1q7ZJ7Iubjw5Ubx_m7A==/com.mcfuzzysquirrel.studentfinance-syuDUGtJ_YuI1ZMwWaAgPA==/base.apk!/lib/x86_64/libreact_codegen_rnscreens.so using ns clns-7 from class loader (caller=/data/app/~~YsZ1q7ZJ7Iubjw5Ubx_m7A==/com.mcfuzzysquirrel.studentfinance-syuDUGtJ_YuI1ZMwWaAgPA==/base.apk): ok
03-14 22:59:20.307 12878 12878 D jni_lib_merge: Entering merged library JNI_OnLoad.
03-14 22:59:20.307 12878 12878 D jni_lib_merge: Preparing 12 pre-merged libs (including stub)
03-14 22:59:20.307 12878 12878 D jni_lib_merge: Preparing to register libfabricjni_so.  onload_func: 0x727ce4b62730
03-14 22:59:20.307 12878 12878 D jni_lib_merge: Preparing to register libreact_devsupportjni_so.  onload_func: 0x727ce4d5f190
03-14 22:59:20.307 12878 12878 D jni_lib_merge: Preparing to register libreact_featureflagsjni_so.  onload_func: 0x727ce4d70910
03-14 22:59:20.307 12878 12878 D jni_lib_merge: Preparing to register libreact_newarchdefaults_so.  onload_func: 0x727ce4e11d20
03-14 22:59:20.307 12878 12878 D jni_lib_merge: Preparing to register libreactnativeblob_so.  onload_func: 0x727ce501c2e0
03-14 22:59:20.307 12878 12878 D jni_lib_merge: Preparing to register libreactnativejni_so.  onload_func: 0x727ce505c770
03-14 22:59:20.307 12878 12878 D jni_lib_merge: Preparing to register libreactnativejni_common_so.  onload_func: 0x727ce506c5d0
03-14 22:59:20.307 12878 12878 D jni_lib_merge: Preparing to register librninstance_so.  onload_func: 0x727ce50a94c0
03-14 22:59:20.307 12878 12878 D jni_lib_merge: Preparing to register libturbomodulejsijni_so.  onload_func: 0x727ce520ac00
03-14 22:59:20.307 12878 12878 D jni_lib_merge: Preparing to register libuimanagerjni_so.  onload_func: 0x727ce5222de0
03-14 22:59:20.307 12878 12878 D jni_lib_merge: Preparing to register libyoga_so.  onload_func: 0x727ce5231d70
03-14 22:59:20.307 12878 12878 D jni_lib_merge: About to register 11 actual methods.
03-14 22:59:20.328 12878 12878 D nativeloader: Load /data/app/~~YsZ1q7ZJ7Iubjw5Ubx_m7A==/com.mcfuzzysquirrel.studentfinance-syuDUGtJ_YuI1ZMwWaAgPA==/base.apk!/lib/x86_64/libreact_codegen_rnsvg.so using ns clns-7 from class loader (caller=/data/app/~~YsZ1q7ZJ7Iubjw5Ubx_m7A==/com.mcfuzzysquirrel.studentfinance-syuDUGtJ_YuI1ZMwWaAgPA==/base.apk): ok
03-14 22:59:20.328 12878 12878 D jni_lib_merge: Entering merged library JNI_OnLoad.
03-14 22:59:20.328 12878 12878 D jni_lib_merge: Preparing 12 pre-merged libs (including stub)
03-14 22:59:20.328 12878 12878 D jni_lib_merge: Preparing to register libfabricjni_so.  onload_func: 0x727ce4b62730
03-14 22:59:20.328 12878 12878 D jni_lib_merge: Preparing to register libreact_devsupportjni_so.  onload_func: 0x727ce4d5f190
03-14 22:59:20.328 12878 12878 D jni_lib_merge: Preparing to register libreact_featureflagsjni_so.  onload_func: 0x727ce4d70910
03-14 22:59:20.328 12878 12878 D jni_lib_merge: Preparing to register libreact_newarchdefaults_so.  onload_func: 0x727ce4e11d20
03-14 22:59:20.328 12878 12878 D jni_lib_merge: Preparing to register libreactnativeblob_so.  onload_func: 0x727ce501c2e0
03-14 22:59:20.328 12878 12878 D jni_lib_merge: Preparing to register libreactnativejni_so.  onload_func: 0x727ce505c770
03-14 22:59:20.328 12878 12878 D jni_lib_merge: Preparing to register libreactnativejni_common_so.  onload_func: 0x727ce506c5d0
03-14 22:59:20.328 12878 12878 D jni_lib_merge: Preparing to register librninstance_so.  onload_func: 0x727ce50a94c0
03-14 22:59:20.328 12878 12878 D jni_lib_merge: Preparing to register libturbomodulejsijni_so.  onload_func: 0x727ce520ac00
03-14 22:59:20.328 12878 12878 D jni_lib_merge: Preparing to register libuimanagerjni_so.  onload_func: 0x727ce5222de0
03-14 22:59:20.328 12878 12878 D jni_lib_merge: Preparing to register libyoga_so.  onload_func: 0x727ce5231d70
03-14 22:59:20.328 12878 12878 D jni_lib_merge: About to register 11 actual methods.
03-14 22:59:20.339 12878 12878 D nativeloader: Load /data/app/~~YsZ1q7ZJ7Iubjw5Ubx_m7A==/com.mcfuzzysquirrel.studentfinance-syuDUGtJ_YuI1ZMwWaAgPA==/base.apk!/lib/x86_64/libreact_codegen_safeareacontext.so using ns clns-7 from class loader (caller=/data/app/~~YsZ1q7ZJ7Iubjw5Ubx_m7A==/com.mcfuzzysquirrel.studentfinance-syuDUGtJ_YuI1ZMwWaAgPA==/base.apk): ok
03-14 22:59:20.419 12878 12878 D nativeloader: Load /data/app/~~YsZ1q7ZJ7Iubjw5Ubx_m7A==/com.mcfuzzysquirrel.studentfinance-syuDUGtJ_YuI1ZMwWaAgPA==/base.apk!/lib/x86_64/libappmodules.so using ns clns-7 from class loader (caller=/data/app/~~YsZ1q7ZJ7Iubjw5Ubx_m7A==/com.mcfuzzysquirrel.studentfinance-syuDUGtJ_YuI1ZMwWaAgPA==/base.apk): ok
03-14 22:59:20.534 12878 12878 I Choreographer: Skipped 41 frames!  The application may be doing too much work on its main thread.
03-14 22:59:20.545 12878 12916 I InstrConnection: Could not send broadcast or register receiver (isolatedProcess?)
03-14 22:59:20.554 12878 12916 D TestRequestBuilder: Using class path scanning to discover tests
03-14 22:59:20.556 12878 12916 I TestRequestBuilder: Scanning classpath to find tests in paths [/data/app/~~I7GwO298usEUNamwuljAbA==/com.mcfuzzysquirrel.studentfinance.test-GO1f0rqwZRk52sJBE2qCnw==/base.apk]
03-14 22:59:20.558 12878 12916 W .studentfinance: Opening an oat file without a class loader. Are you using the deprecated DexFile APIs?
03-14 22:59:21.379 12878 12916 I TestRunner: run started: 1 tests
03-14 22:59:21.380 12878 12916 I TestRunner: started: runDetoxTests(com.mcfuzzysquirrel.studentfinance.DetoxTest)
03-14 22:59:21.401 12878 12916 I Detox   : Detox server connection details: url=ws://localhost:41963, sessionId=325c6741-a446-e39b-f7f1-35d30311af64
03-14 22:59:21.415 12878 12916 I Tracing : Tracer added: class androidx.test.platform.tracing.AndroidXTracer
03-14 22:59:21.430 12878 12916 W .studentfinance: Accessing hidden field Ljava/lang/reflect/Field;->accessFlags:I (unsupported, reflection, allowed)
03-14 22:59:21.433 12878 12916 I Detox   : Connecting to server...
03-14 22:59:21.433 12878 12916 I DetoxWSClient: At connectToServer
03-14 22:59:21.502 12878 12922 D TrafficStats: tagSocket(102) with statsTag=0xffffffff, statsUid=-1
03-14 22:59:21.520 12878 12922 D DetoxWSClient: At onOpen
03-14 22:59:21.520 12878 12922 I DetoxWSClient: Sending out action 'login' (ID #0)
03-14 22:59:21.521 12878 12922 I Detox   : Connected to server!
03-14 22:59:21.525 12878 12922 D DetoxWSClient: Received action 'loginSuccess' (ID #0, params={"testerConnected":true,"appConnected":true})
03-14 22:59:21.526 12878 12918 I DetoxDispatcher: Handling action 'loginSuccess' (ID #0)...
03-14 22:59:21.526 12878 12916 I Detox   : Launching the tested activity!
03-14 22:59:21.526 12878 12918 I DetoxDispatcher: Done with action 'loginSuccess'
03-14 22:59:21.566 12878 12922 D DetoxWSClient: Received action 'isReady' (ID #-1000, params={})
03-14 22:59:21.566 12878 12918 I DetoxDispatcher: Handling action 'isReady' (ID #-1000)...
03-14 22:59:21.892 12878 12878 D AppCompatDelegate: Checking for metadata for AppLocalesMetadataHolderService : Service not found
03-14 22:59:22.048 12878 12878 D LifecycleMonitor: Lifecycle status change: com.mcfuzzysquirrel.studentfinance.MainActivity@340991c in: PRE_ON_CREATE
03-14 22:59:22.378 12878 12943 D TrafficStats: tagSocket(109) with statsTag=0xffffffff, statsUid=-1
03-14 22:59:22.388 12878 12943 W unknown:ReconnectingWebSocket: Couldn't connect to "ws://10.0.2.2:8081/message?device=sdk_gphone64_x86_64%20-%2015%20-%20API%2035&app=com.mcfuzzysquirrel.studentfinance&clientid=BridgelessDevSupportManager", will silently retry
03-14 22:59:22.419 12878 12878 W unknown:BridgelessReact: ReactHost{0}.startSurface(surfaceId = 0): Schedule
03-14 22:59:22.419 12878 12878 W unknown:BridgelessReact: ReactHost{0}.attachSurface(surfaceId = 0)
03-14 22:59:22.420 12878 12947 W unknown:BridgelessReact: ReactHost{0}.getOrCreateReactInstanceTask()
03-14 22:59:22.420 12878 12947 W unknown:BridgelessReact: ReactHost{0}.getOrCreateReactInstanceTask(): Start
03-14 22:59:22.420 12878 12947 D Detox.RNMarker: REACT_BRIDGELESS_LOADING_START (null)
03-14 22:59:22.421 12878 12947 W unknown:BridgelessReact: ReactHost{0}.getJSBundleLoader()
03-14 22:59:22.421 12878 12947 W unknown:BridgelessReact: ReactHost{0}.isMetroRunning()
03-14 22:59:22.424 12878 12948 D TrafficStats: tagSocket(109) with statsTag=0xffffffff, statsUid=-1
03-14 22:59:22.428 12878 12948 W unknown:ReactNative: The packager does not seem to be running as we got an IOException requesting its status: Failed to connect to /10.0.2.2:8081
03-14 22:59:22.428 12878 12948 W unknown:BridgelessReact: ReactHost{0}.isMetroRunning(): Async result = false
03-14 22:59:22.430 12878 12947 W unknown:BridgelessReact: ReactHost{0}.getOrCreateReactInstanceTask(): Creating BridgelessReactContext
03-14 22:59:22.431 12878 12947 W unknown:BridgelessReact: ReactHost{0}.getOrCreateReactInstanceTask(): Creating ReactInstance
03-14 22:59:22.451 12878 12878 W .studentfinance: Accessing hidden method Landroid/view/ViewGroup;->makeOptionalFitsSystemWindows()V (unsupported, reflection, allowed)
03-14 22:59:22.456 12878 12878 D LifecycleMonitor: Lifecycle status change: com.mcfuzzysquirrel.studentfinance.MainActivity@340991c in: CREATED
03-14 22:59:22.458 12878 12878 D LifecycleMonitor: Lifecycle status change: com.mcfuzzysquirrel.studentfinance.MainActivity@340991c in: STARTED
03-14 22:59:22.462 12878 12878 W unknown:BridgelessReact: ReactHost{0}.onHostResume(activity)
03-14 22:59:22.462 12878 12878 W unknown:ReactNative: Packager connection already open, nooping.
03-14 22:59:22.462 12878 12878 W unknown:BridgelessReact: ReactHost{0}.ReactContext.onHostResume()
03-14 22:59:22.462 12878 12878 D LifecycleMonitor: Lifecycle status change: com.mcfuzzysquirrel.studentfinance.MainActivity@340991c in: RESUMED
03-14 22:59:22.474 12878 12878 W HWUI    : Unknown dataspace 0
03-14 22:59:22.484 12878 12954 D TrafficStats: tagSocket(117) with statsTag=0xffffffff, statsUid=-1
03-14 22:59:22.497 12878 12947 D nativeloader: Load /data/app/~~YsZ1q7ZJ7Iubjw5Ubx_m7A==/com.mcfuzzysquirrel.studentfinance-syuDUGtJ_YuI1ZMwWaAgPA==/base.apk!/lib/x86_64/libhermesvm.so using ns clns-7 from class loader (caller=/data/app/~~YsZ1q7ZJ7Iubjw5Ubx_m7A==/com.mcfuzzysquirrel.studentfinance-syuDUGtJ_YuI1ZMwWaAgPA==/base.apk): ok
03-14 22:59:22.514 12878 12947 D nativeloader: Load /data/app/~~YsZ1q7ZJ7Iubjw5Ubx_m7A==/com.mcfuzzysquirrel.studentfinance-syuDUGtJ_YuI1ZMwWaAgPA==/base.apk!/lib/x86_64/libhermestooling.so using ns clns-7 from class loader (caller=/data/app/~~YsZ1q7ZJ7Iubjw5Ubx_m7A==/com.mcfuzzysquirrel.studentfinance-syuDUGtJ_YuI1ZMwWaAgPA==/base.apk): ok
03-14 22:59:22.514 12878 12947 D jni_lib_merge: Entering merged library JNI_OnLoad.
03-14 22:59:22.514 12878 12947 D jni_lib_merge: Preparing 4 pre-merged libs (including stub)
03-14 22:59:22.514 12878 12947 D jni_lib_merge: Preparing to register libhermes_executor_so.  onload_func: 0x727cdaee7050
03-14 22:59:22.514 12878 12947 D jni_lib_merge: Preparing to register libhermesinstancejni_so.  onload_func: 0x727cdaf1d680
03-14 22:59:22.514 12878 12947 D jni_lib_merge: Preparing to register libjsijniprofiler_so.  onload_func: 0x727cdaf1f3f0
03-14 22:59:22.514 12878 12947 D jni_lib_merge: About to register 3 actual methods.
03-14 22:59:22.567 12878 12928 I EGL_emulation: Opening libGLESv1_CM_emulation.so
03-14 22:59:22.569 12878 12928 I EGL_emulation: Opening libGLESv2_emulation.so
03-14 22:59:22.656 12878 12928 W HWUI    : Failed to initialize 101010-2 format, error = EGL_SUCCESS
03-14 22:59:22.691 12878 12928 I Gralloc4: mapper 4.x is not supported
03-14 22:59:23.176 12878 12947 I ExpoModulesCore: ✅ AppContext was initialized
03-14 22:59:23.365 12878 12947 W unknown:BridgelessReact: ReactHost{0}.getOrCreateReactInstanceTask(): Loading JS Bundle
03-14 22:59:23.366 12878 12947 W unknown:BridgelessReact: ReactHost{0}.getOrCreateReactInstanceTask(): DevSupportManager.onNewReactContextCreated()
03-14 22:59:23.368 12878 12952 D Detox.RNMarker: RUN_JS_BUNDLE_START (index.android.bundle)
03-14 22:59:23.400 12878 12947 W unknown:BridgelessReact: ReactHost{0}.startSurface(surfaceId = 0): Execute
03-14 22:59:23.402 12878 12878 W unknown:ReactNative: Packager connection already open, nooping.
03-14 22:59:23.402 12878 12878 W unknown:BridgelessReact: ReactHost{0}.ReactContext.onHostResume()
03-14 22:59:23.402 12878 12878 W unknown:BridgelessReact: ReactHost{0}.getOrCreateReactInstanceTask(): Executing ReactInstanceEventListeners
03-14 22:59:23.402 12878 12878 I DetoxRNLoading: Got new RN-context through listener
03-14 22:59:23.411 12878 12918 W .studentfinance: Long monitor contention with owner Instr: androidx.test.runner.AndroidJUnitRunner (12916) at void com.wix.detox.DetoxMain.launchActivityOnCue(android.content.Context, com.wix.detox.ActivityLaunchHelper)(DetoxMain.kt:53) waiters=0 in void com.wix.detox.DetoxMain$setupActionHandlers$SynchronizedActionHandler.handle(java.lang.String, long) for 1.845s
03-14 22:59:23.415 12878 12878 W .studentfinance: Accessing hidden method Landroid/os/MessageQueue;->next()Landroid/os/Message; (unsupported, reflection, allowed)
03-14 22:59:23.415 12878 12878 W .studentfinance: Accessing hidden field Landroid/os/MessageQueue;->mMessages:Landroid/os/Message; (unsupported, reflection, allowed)
03-14 22:59:23.416 12878 12878 W .studentfinance: Accessing hidden method Landroid/os/Message;->recycleUnchecked()V (unsupported, reflection, allowed)
03-14 22:59:23.418 12878 12878 I Detox   : Wait is over: App is now idle!
03-14 22:59:23.426 12878 12918 I DetoxWSClient: Sending out action 'ready' (ID #-1000)
03-14 22:59:23.426 12878 12918 I DetoxDispatcher: Done with action 'isReady'
03-14 22:59:23.434 12878 12888 I .studentfinance: Compiler allocated 5174KB to compile void android.view.ViewRootImpl.performTraversals()
03-14 22:59:23.458 12878 12922 D DetoxWSClient: Received action 'invoke' (ID #3, params={"target":{"type":"Class","value":"com.wix.detox.espresso.DetoxAssertion"},"method":"waitForAssertMatcher","args":[{"type":"Invocation","value":{"target":{"type":"Class","value":"androidx.test.espresso.Espresso"},"method":"onView","args":[{"type":"Invocation","value":{"target":{"type":"Class","value":"com.wix.detox.espresso.DetoxMatcher"},"method":"matcherForTestId","args":["dashboard-add-expense-button",{"type":"boolean","value":false}]}}]}},{"type":"Invocation","value":{"target":{"type":"Class","value":"com.wix.detox.espresso.DetoxMatcher"},"method":"matcherForSufficientlyVisible","args":[{"type":"Integer","value":75}]}},{"type":"Double","value":10}]})
03-14 22:59:23.460 12878 12918 I DetoxDispatcher: Handling action 'invoke' (ID #3)...
03-14 22:59:23.476 12878 12918 D Detox   : class com.wix.detox.espresso.DetoxMatcher, matcherForTestId, [dashboard-add-expense-button, false]
03-14 22:59:23.487 12878 12918 D Detox   : class androidx.test.espresso.Espresso, onView, [(view.getTag() is "dashboard-add-expense-button" and view has effective visibility <VISIBLE>)]
03-14 22:59:23.488 12878 12918 D Detox   : class com.wix.detox.espresso.DetoxMatcher, matcherForSufficientlyVisible, [75]
03-14 22:59:23.490 12878 12918 D Detox   : class com.wix.detox.espresso.DetoxAssertion, waitForAssertMatcher, [androidx.test.espresso.ViewInteraction@592f8bf, (view has effective visibility <VISIBLE> and view.getGlobalVisibleRect() covers at least <75> percent of the view's area), 10.0]
03-14 22:59:23.509 12878 12952 D nativeloader: Load /data/app/~~YsZ1q7ZJ7Iubjw5Ubx_m7A==/com.mcfuzzysquirrel.studentfinance-syuDUGtJ_YuI1ZMwWaAgPA==/base.apk!/lib/x86_64/libexpo-modules-core.so using ns clns-7 from class loader (caller=/data/app/~~YsZ1q7ZJ7Iubjw5Ubx_m7A==/com.mcfuzzysquirrel.studentfinance-syuDUGtJ_YuI1ZMwWaAgPA==/base.apk): ok
03-14 22:59:23.521 12878 12878 I ViewInteraction: Checking 'MatchesViewAssertion(Detox){viewMatcher=(view has effective visibility <VISIBLE> and view.getGlobalVisibleRect() covers at least <75> percent of the view's area)}' assertion on view (view.getTag() is "dashboard-add-expense-button" and view has effective visibility <VISIBLE>)
03-14 22:59:23.567 12878 12878 I ViewInteraction: Checking 'MatchesViewAssertion(Detox){viewMatcher=(view has effective visibility <VISIBLE> and view.getGlobalVisibleRect() covers at least <75> percent of the view's area)}' assertion on view (view.getTag() is "dashboard-add-expense-button" and view has effective visibility <VISIBLE>)
03-14 22:59:23.602 12878 12878 I ViewInteraction: Checking 'MatchesViewAssertion(Detox){viewMatcher=(view has effective visibility <VISIBLE> and view.getGlobalVisibleRect() covers at least <75> percent of the view's area)}' assertion on view (view.getTag() is "dashboard-add-expense-button" and view has effective visibility <VISIBLE>)
03-14 22:59:23.621 12878 12952 W unknown:ViewManagerPropertyUpdater: Could not find generated setter for class com.th3rdwave.safeareacontext.SafeAreaProviderManager
03-14 22:59:23.635 12878 12952 W unknown:ViewManagerPropertyUpdater: Could not find generated setter for class com.facebook.react.uimanager.LayoutShadowNode
03-14 22:59:23.639 12878 12952 W unknown:ViewManagerPropertyUpdater: Could not find generated setter for class com.swmansion.rnscreens.SearchBarManager
03-14 22:59:23.640 12878 12952 W unknown:ViewManagerPropertyUpdater: Could not find generated setter for class com.swmansion.rnscreens.ScreenFooterManager
03-14 22:59:23.642 12878 12878 I ViewInteraction: Checking 'MatchesViewAssertion(Detox){viewMatcher=(view has effective visibility <VISIBLE> and view.getGlobalVisibleRect() covers at least <75> percent of the view's area)}' assertion on view (view.getTag() is "dashboard-add-expense-button" and view has effective visibility <VISIBLE>)
03-14 22:59:23.643 12878 12952 W unknown:ViewManagerPropertyUpdater: Could not find generated setter for class com.swmansion.rnscreens.gamma.tabs.TabScreenViewManager
03-14 22:59:23.646 12878 12952 W unknown:ViewManagerPropertyUpdater: Could not find generated setter for class expo.modules.kotlin.views.GroupViewManagerWrapper
03-14 22:59:23.648 12878 12952 W unknown:ViewManagerPropertyUpdater: Could not find generated setter for class com.swmansion.rnscreens.ScreenContainerViewManager
03-14 22:59:23.649 12878 12952 W unknown:ViewManagerPropertyUpdater: Could not find generated setter for class com.swmansion.rnscreens.gamma.tabs.TabsHostViewManager
03-14 22:59:23.652 12878 12952 W unknown:ViewManagerPropertyUpdater: Could not find generated setter for class com.swmansion.rnscreens.ModalScreenViewManager
03-14 22:59:23.654 12878 12952 W unknown:ViewManagerPropertyUpdater: Could not find generated setter for class com.swmansion.rnscreens.ScreenStackHeaderConfigViewManager
03-14 22:59:23.655 12878 12952 W unknown:ViewManagerPropertyUpdater: Could not find generated setter for class com.swmansion.rnscreens.ScreenContentWrapperManager
03-14 22:59:23.656 12878 12952 W unknown:ViewManagerPropertyUpdater: Could not find generated setter for class com.th3rdwave.safeareacontext.SafeAreaViewManager
03-14 22:59:23.658 12878 12952 W unknown:ViewManagerPropertyUpdater: Could not find generated setter for class com.th3rdwave.safeareacontext.SafeAreaViewShadowNode
03-14 22:59:23.660 12878 12952 W unknown:ViewManagerPropertyUpdater: Could not find generated setter for class com.swmansion.rnscreens.safearea.SafeAreaViewManager
03-14 22:59:23.661 12878 12952 W unknown:ViewManagerPropertyUpdater: Could not find generated setter for class com.swmansion.rnscreens.safearea.paper.SafeAreaViewShadowNode
03-14 22:59:23.662 12878 12952 W unknown:ViewManagerPropertyUpdater: Could not find generated setter for class com.swmansion.rnscreens.ScreenViewManager
03-14 22:59:23.662 12878 12952 W unknown:ViewManagerPropertyUpdater: Could not find generated setter for class com.swmansion.rnscreens.gamma.stack.host.StackHostViewManager
03-14 22:59:23.663 12878 12952 W unknown:ViewManagerPropertyUpdater: Could not find generated setter for class com.swmansion.rnscreens.ScreenStackHeaderSubviewManager
03-14 22:59:23.664 12878 12952 W unknown:ViewManagerPropertyUpdater: Could not find generated setter for class com.swmansion.rnscreens.gamma.stack.screen.StackScreenViewManager
03-14 22:59:23.665 12878 12952 W unknown:ViewManagerPropertyUpdater: Could not find generated setter for class com.swmansion.rnscreens.ScreenStackViewManager
03-14 22:59:23.677 12878 12878 I ViewInteraction: Checking 'MatchesViewAssertion(Detox){viewMatcher=(view has effective visibility <VISIBLE> and view.getGlobalVisibleRect() covers at least <75> percent of the view's area)}' assertion on view (view.getTag() is "dashboard-add-expense-button" and view has effective visibility <VISIBLE>)
03-14 22:59:23.715 12878 12878 I ViewInteraction: Checking 'MatchesViewAssertion(Detox){viewMatcher=(view has effective visibility <VISIBLE> and view.getGlobalVisibleRect() covers at least <75> percent of the view's area)}' assertion on view (view.getTag() is "dashboard-add-expense-button" and view has effective visibility <VISIBLE>)
03-14 22:59:23.753 12878 12878 I ViewInteraction: Checking 'MatchesViewAssertion(Detox){viewMatcher=(view has effective visibility <VISIBLE> and view.getGlobalVisibleRect() covers at least <75> percent of the view's area)}' assertion on view (view.getTag() is "dashboard-add-expense-button" and view has effective visibility <VISIBLE>)
03-14 22:59:23.800 12878 12878 I ViewInteraction: Checking 'MatchesViewAssertion(Detox){viewMatcher=(view has effective visibility <VISIBLE> and view.getGlobalVisibleRect() covers at least <75> percent of the view's area)}' assertion on view (view.getTag() is "dashboard-add-expense-button" and view has effective visibility <VISIBLE>)
03-14 22:59:23.814 12878 12952 W unknown:ViewManagerPropertyUpdater: Could not find generated setter for class com.horcrux.svg.RenderableViewManager$DefsViewManager
03-14 22:59:23.817 12878 12952 W unknown:ViewManagerPropertyUpdater: Could not find generated setter for class com.horcrux.svg.VirtualViewManager$RenderableShadowNode
03-14 22:59:23.836 12878 12878 I ViewInteraction: Checking 'MatchesViewAssertion(Detox){viewMatcher=(view has effective visibility <VISIBLE> and view.getGlobalVisibleRect() covers at least <75> percent of the view's area)}' assertion on view (view.getTag() is "dashboard-add-expense-button" and view has effective visibility <VISIBLE>)
03-14 22:59:23.838 12878 12952 W unknown:ViewManagerPropertyUpdater: Could not find generated setter for class com.facebook.react.views.debuggingoverlay.DebuggingOverlayManager
03-14 22:59:23.850 12878 12952 W unknown:ViewManagerPropertyUpdater: Could not find generated setter for class com.horcrux.svg.RenderableViewManager$FeMergeManager
03-14 22:59:23.861 12878 12952 W unknown:ViewManagerPropertyUpdater: Could not find generated setter for class com.facebook.react.views.safeareaview.ReactSafeAreaViewManager
03-14 22:59:23.870 12878 12952 W unknown:ViewManagerPropertyUpdater: Could not find generated setter for class com.horcrux.svg.RenderableViewManager$LinearGradientManager
03-14 22:59:23.874 12878 12878 I ViewInteraction: Checking 'MatchesViewAssertion(Detox){viewMatcher=(view has effective visibility <VISIBLE> and view.getGlobalVisibleRect() covers at least <75> percent of the view's area)}' assertion on view (view.getTag() is "dashboard-add-expense-button" and view has effective visibility <VISIBLE>)
03-14 22:59:23.881 12878 12952 W unknown:ViewManagerPropertyUpdater: Could not find generated setter for class com.horcrux.svg.RenderableViewManager$FeGaussianBlurManager
03-14 22:59:23.900 12878 12952 W unknown:ViewManagerPropertyUpdater: Could not find generated setter for class com.facebook.react.views.progressbar.ReactProgressBarViewManager
03-14 22:59:23.901 12878 12952 W unknown:ViewManagerPropertyUpdater: Could not find generated setter for class com.facebook.react.views.progressbar.ProgressBarShadowNode
03-14 22:59:23.908 12878 12878 I ViewInteraction: Checking 'MatchesViewAssertion(Detox){viewMatcher=(view has effective visibility <VISIBLE> and view.getGlobalVisibleRect() covers at least <75> percent of the view's area)}' assertion on view (view.getTag() is "dashboard-add-expense-button" and view has effective visibility <VISIBLE>)
03-14 22:59:23.912 12878 12952 W unknown:ViewManagerPropertyUpdater: Could not find generated setter for class com.facebook.react.views.scroll.ReactHorizontalScrollViewManager
03-14 22:59:23.925 12878 12952 W unknown:ViewManagerPropertyUpdater: Could not find generated setter for class com.facebook.react.views.text.ReactTextViewManager
03-14 22:59:23.927 12878 12952 W unknown:ViewManagerPropertyUpdater: Could not find generated setter for class com.facebook.react.views.text.ReactTextShadowNode
03-14 22:59:23.937 12878 12878 I ViewInteraction: Checking 'MatchesViewAssertion(Detox){viewMatcher=(view has effective visibility <VISIBLE> and view.getGlobalVisibleRect() covers at least <75> percent of the view's area)}' assertion on view (view.getTag() is "dashboard-add-expense-button" and view has effective visibility <VISIBLE>)
03-14 22:59:23.938 12878 12952 W unknown:ViewManagerPropertyUpdater: Could not find generated setter for class com.horcrux.svg.RenderableViewManager$FeColorMatrixManager
03-14 22:59:23.948 12878 12952 W unknown:ViewManagerPropertyUpdater: Could not find generated setter for class com.facebook.react.views.scroll.ReactHorizontalScrollContainerViewManager
03-14 22:59:23.959 12878 12952 W unknown:ViewManagerPropertyUpdater: Could not find generated setter for class com.horcrux.svg.RenderableViewManager$ClipPathViewManager
03-14 22:59:23.965 12878 12878 I ViewInteraction: Checking 'MatchesViewAssertion(Detox){viewMatcher=(view has effective visibility <VISIBLE> and view.getGlobalVisibleRect() covers at least <75> percent of the view's area)}' assertion on view (view.getTag() is "dashboard-add-expense-button" and view has effective visibility <VISIBLE>)
03-14 22:59:23.971 12878 12952 W unknown:ViewManagerPropertyUpdater: Could not find generated setter for class com.horcrux.svg.RenderableViewManager$SymbolManager
03-14 22:59:23.977 12878 12888 I .studentfinance: Compiler allocated 4219KB to compile void android.widget.TextView.<init>(android.content.Context, android.util.AttributeSet, int, int)
03-14 22:59:23.983 12878 12952 W unknown:ViewManagerPropertyUpdater: Could not find generated setter for class com.horcrux.svg.RenderableViewManager$PatternManager
03-14 22:59:23.993 12878 12878 I ViewInteraction: Checking 'MatchesViewAssertion(Detox){viewMatcher=(view has effective visibility <VISIBLE> and view.getGlobalVisibleRect() covers at least <75> percent of the view's area)}' assertion on view (view.getTag() is "dashboard-add-expense-button" and view has effective visibility <VISIBLE>)
03-14 22:59:23.996 12878 12952 W unknown:ViewManagerPropertyUpdater: Could not find generated setter for class com.horcrux.svg.RenderableViewManager$FeBlendManager
03-14 22:59:24.006 12878 12952 W unknown:ViewManagerPropertyUpdater: Could not find generated setter for class com.facebook.react.views.view.ReactViewManager
03-14 22:59:24.018 12878 12952 W unknown:ViewManagerPropertyUpdater: Could not find generated setter for class com.horcrux.svg.SvgViewManager
03-14 22:59:24.022 12878 12878 I ViewInteraction: Checking 'MatchesViewAssertion(Detox){viewMatcher=(view has effective visibility <VISIBLE> and view.getGlobalVisibleRect() covers at least <75> percent of the view's area)}' assertion on view (view.getTag() is "dashboard-add-expense-button" and view has effective visibility <VISIBLE>)
03-14 22:59:24.033 12878 12952 W unknown:ViewManagerPropertyUpdater: Could not find generated setter for class com.facebook.react.views.switchview.ReactSwitchManager
03-14 22:59:24.035 12878 12952 W unknown:ViewManagerPropertyUpdater: Could not find generated setter for class com.facebook.react.views.switchview.ReactSwitchShadowNode
03-14 22:59:24.045 12878 12952 W unknown:ViewManagerPropertyUpdater: Could not find generated setter for class com.horcrux.svg.RenderableViewManager$UseViewManager
03-14 22:59:24.050 12878 12878 I ViewInteraction: Checking 'MatchesViewAssertion(Detox){viewMatcher=(view has effective visibility <VISIBLE> and view.getGlobalVisibleRect() covers at least <75> percent of the view's area)}' assertion on view (view.getTag() is "dashboard-add-expense-button" and view has effective visibility <VISIBLE>)
03-14 22:59:24.058 12878 12952 W unknown:ViewManagerPropertyUpdater: Could not find generated setter for class com.horcrux.svg.RenderableViewManager$CircleViewManager
03-14 22:59:24.070 12878 12952 W unknown:ViewManagerPropertyUpdater: Could not find generated setter for class com.horcrux.svg.RenderableViewManager$TSpanViewManager
03-14 22:59:24.084 12878 12952 W unknown:ViewManagerPropertyUpdater: Could not find generated setter for class com.horcrux.svg.RenderableViewManager$FilterManager
03-14 22:59:24.086 12878 12878 I ViewInteraction: Checking 'MatchesViewAssertion(Detox){viewMatcher=(view has effective visibility <VISIBLE> and view.getGlobalVisibleRect() covers at least <75> percent of the view's area)}' assertion on view (view.getTag() is "dashboard-add-expense-button" and view has effective visibility <VISIBLE>)
03-14 22:59:24.092 12878 12952 W unknown:ViewManagerPropertyUpdater: Could not find generated setter for class com.horcrux.svg.RenderableViewManager$MarkerManager
03-14 22:59:24.104 12878 12952 W unknown:ViewManagerPropertyUpdater: Could not find generated setter for class com.swmansion.gesturehandler.react.RNGestureHandlerButtonViewManager
03-14 22:59:24.112 12878 12952 W unknown:ViewManagerPropertyUpdater: Could not find generated setter for class com.facebook.react.views.modal.ReactModalHostManager
03-14 22:59:24.115 12878 12878 I ViewInteraction: Checking 'MatchesViewAssertion(Detox){viewMatcher=(view has effective visibility <VISIBLE> and view.getGlobalVisibleRect() covers at least <75> percent of the view's area)}' assertion on view (view.getTag() is "dashboard-add-expense-button" and view has effective visibility <VISIBLE>)
03-14 22:59:24.120 12878 12952 W unknown:ViewManagerPropertyUpdater: Could not find generated setter for class com.horcrux.svg.RenderableViewManager$ForeignObjectManager
03-14 22:59:24.128 12878 12952 W unknown:ViewManagerPropertyUpdater: Could not find generated setter for class com.horcrux.svg.RenderableViewManager$EllipseViewManager
03-14 22:59:24.135 12878 12952 W unknown:ViewManagerPropertyUpdater: Could not find generated setter for class com.horcrux.svg.RenderableViewManager$LineViewManager
03-14 22:59:24.141 12878 12878 I ViewInteraction: Checking 'MatchesViewAssertion(Detox){viewMatcher=(view has effective visibility <VISIBLE> and view.getGlobalVisibleRect() covers at least <75> percent of the view's area)}' assertion on view (view.getTag() is "dashboard-add-expense-button" and view has effective visibility <VISIBLE>)
03-14 22:59:24.144 12878 12952 W unknown:ViewManagerPropertyUpdater: Could not find generated setter for class com.facebook.react.views.text.frescosupport.FrescoBasedReactTextInlineImageViewManager
03-14 22:59:24.144 12878 12952 W unknown:ViewManagerPropertyUpdater: Could not find generated setter for class com.facebook.react.views.text.frescosupport.FrescoBasedReactTextInlineImageShadowNode
03-14 22:59:24.150 12878 12952 W unknown:ViewManagerPropertyUpdater: Could not find generated setter for class com.horcrux.svg.RenderableViewManager$FeFloodManager
03-14 22:59:24.157 12878 12952 W unknown:ViewManagerPropertyUpdater: Could not find generated setter for class com.horcrux.svg.RenderableViewManager$GroupViewManager
03-14 22:59:24.165 12878 12952 W unknown:ViewManagerPropertyUpdater: Could not find generated setter for class com.horcrux.svg.RenderableViewManager$TextViewManager
03-14 22:59:24.168 12878 12878 I ViewInteraction: Checking 'MatchesViewAssertion(Detox){viewMatcher=(view has effective visibility <VISIBLE> and view.getGlobalVisibleRect() covers at least <75> percent of the view's area)}' assertion on view (view.getTag() is "dashboard-add-expense-button" and view has effective visibility <VISIBLE>)
03-14 22:59:24.173 12878 12952 W unknown:ViewManagerPropertyUpdater: Could not find generated setter for class com.horcrux.svg.RenderableViewManager$ImageViewManager
03-14 22:59:24.182 12878 12952 W unknown:ViewManagerPropertyUpdater: Could not find generated setter for class com.horcrux.svg.RenderableViewManager$FeCompositeManager
03-14 22:59:24.190 12878 12952 W unknown:ViewManagerPropertyUpdater: Could not find generated setter for class com.facebook.react.views.image.ReactImageManager
03-14 22:59:24.194 12878 12878 I ViewInteraction: Checking 'MatchesViewAssertion(Detox){viewMatcher=(view has effective visibility <VISIBLE> and view.getGlobalVisibleRect() covers at least <75> percent of the view's area)}' assertion on view (view.getTag() is "dashboard-add-expense-button" and view has effective visibility <VISIBLE>)
03-14 22:59:24.198 12878 12952 W unknown:ViewManagerPropertyUpdater: Could not find generated setter for class com.horcrux.svg.RenderableViewManager$RadialGradientManager
03-14 22:59:24.206 12878 12952 W unknown:ViewManagerPropertyUpdater: Could not find generated setter for class com.horcrux.svg.RenderableViewManager$MaskManager
03-14 22:59:24.214 12878 12952 W unknown:ViewManagerPropertyUpdater: Could not find generated setter for class com.facebook.react.views.unimplementedview.ReactUnimplementedViewManager
03-14 22:59:24.221 12878 12952 W unknown:ViewManagerPropertyUpdater: Could not find generated setter for class com.horcrux.svg.RenderableViewManager$RectViewManager
03-14 22:59:24.231 12878 12878 I ViewInteraction: Checking 'MatchesViewAssertion(Detox){viewMatcher=(view has effective visibility <VISIBLE> and view.getGlobalVisibleRect() covers at least <75> percent of the view's area)}' assertion on view (view.getTag() is "dashboard-add-expense-button" and view has effective visibility <VISIBLE>)
03-14 22:59:24.232 12878 12952 W unknown:ViewManagerPropertyUpdater: Could not find generated setter for class com.horcrux.svg.RenderableViewManager$TextPathViewManager
03-14 22:59:24.242 12878 12952 W unknown:ViewManagerPropertyUpdater: Could not find generated setter for class com.facebook.react.views.scroll.ReactScrollViewManager
03-14 22:59:24.250 12878 12952 W unknown:ViewManagerPropertyUpdater: Could not find generated setter for class com.horcrux.svg.RenderableViewManager$FeOffsetManager
03-14 22:59:24.256 12878 12878 I ViewInteraction: Checking 'MatchesViewAssertion(Detox){viewMatcher=(view has effective visibility <VISIBLE> and view.getGlobalVisibleRect() covers at least <75> percent of the view's area)}' assertion on view (view.getTag() is "dashboard-add-expense-button" and view has effective visibility <VISIBLE>)
03-14 22:59:24.258 12878 12952 W unknown:ViewManagerPropertyUpdater: Could not find generated setter for class com.horcrux.svg.RenderableViewManager$PathViewManager
03-14 22:59:24.266 12878 12952 W unknown:ViewManagerPropertyUpdater: Could not find generated setter for class com.facebook.react.views.drawer.ReactDrawerLayoutManager
03-14 22:59:24.274 12878 12952 W unknown:ViewManagerPropertyUpdater: Could not find generated setter for class com.facebook.react.views.swiperefresh.SwipeRefreshLayoutManager
03-14 22:59:24.281 12878 12878 I ViewInteraction: Checking 'MatchesViewAssertion(Detox){viewMatcher=(view has effective visibility <VISIBLE> and view.getGlobalVisibleRect() covers at least <75> percent of the view's area)}' assertion on view (view.getTag() is "dashboard-add-expense-button" and view has effective visibility <VISIBLE>)
03-14 22:59:24.283 12878 12952 W unknown:ViewManagerPropertyUpdater: Could not find generated setter for class com.facebook.react.views.textinput.ReactTextInputManager
03-14 22:59:24.285 12878 12952 W unknown:ViewManagerPropertyUpdater: Could not find generated setter for class com.facebook.react.views.textinput.ReactTextInputShadowNode
03-14 22:59:24.294 12878 12952 W unknown:ViewManagerPropertyUpdater: Could not find generated setter for class com.swmansion.gesturehandler.react.RNGestureHandlerRootViewManager
03-14 22:59:24.307 12878 12878 I ViewInteraction: Checking 'MatchesViewAssertion(Detox){viewMatcher=(view has effective visibility <VISIBLE> and view.getGlobalVisibleRect() covers at least <75> percent of the view's area)}' assertion on view (view.getTag() is "dashboard-add-expense-button" and view has effective visibility <VISIBLE>)
03-14 22:59:24.323 12878 12952 W BridgelessReactContext: [WARNING] Bridgeless doesn't support CatalystInstance. Accessing an API that's not part of the new architecture is not encouraged usage.
03-14 22:59:24.332 12878 12878 I ViewInteraction: Checking 'MatchesViewAssertion(Detox){viewMatcher=(view has effective visibility <VISIBLE> and view.getGlobalVisibleRect() covers at least <75> percent of the view's area)}' assertion on view (view.getTag() is "dashboard-add-expense-button" and view has effective visibility <VISIBLE>)
03-14 22:59:24.336 12878 12952 I ExpoModulesCore: ✅ JSI interop was installed
03-14 22:59:24.340 12878 12952 I ExpoModulesCore: ✅ Constants were exported
03-14 22:59:24.358 12878 12878 I ViewInteraction: Checking 'MatchesViewAssertion(Detox){viewMatcher=(view has effective visibility <VISIBLE> and view.getGlobalVisibleRect() covers at least <75> percent of the view's area)}' assertion on view (view.getTag() is "dashboard-add-expense-button" and view has effective visibility <VISIBLE>)
03-14 22:59:24.373 12878 12952 D nativeloader: Load /data/app/~~YsZ1q7ZJ7Iubjw5Ubx_m7A==/com.mcfuzzysquirrel.studentfinance-syuDUGtJ_YuI1ZMwWaAgPA==/base.apk!/lib/x86_64/librnscreens.so using ns clns-7 from class loader (caller=/data/app/~~YsZ1q7ZJ7Iubjw5Ubx_m7A==/com.mcfuzzysquirrel.studentfinance-syuDUGtJ_YuI1ZMwWaAgPA==/base.apk!classes16.dex): ok
03-14 22:59:24.393 12878 12943 D TrafficStats: tagSocket(132) with statsTag=0xffffffff, statsUid=-1
03-14 22:59:24.403 12878 12878 I ViewInteraction: Checking 'MatchesViewAssertion(Detox){viewMatcher=(view has effective visibility <VISIBLE> and view.getGlobalVisibleRect() covers at least <75> percent of the view's area)}' assertion on view (view.getTag() is "dashboard-add-expense-button" and view has effective visibility <VISIBLE>)
03-14 22:59:24.430 12878 12878 I ViewInteraction: Checking 'MatchesViewAssertion(Detox){viewMatcher=(view has effective visibility <VISIBLE> and view.getGlobalVisibleRect() covers at least <75> percent of the view's area)}' assertion on view (view.getTag() is "dashboard-add-expense-button" and view has effective visibility <VISIBLE>)
03-14 22:59:24.455 12878 12878 I ViewInteraction: Checking 'MatchesViewAssertion(Detox){viewMatcher=(view has effective visibility <VISIBLE> and view.getGlobalVisibleRect() covers at least <75> percent of the view's area)}' assertion on view (view.getTag() is "dashboard-add-expense-button" and view has effective visibility <VISIBLE>)
