--------- beginning of main
03-14 22:56:38.445 10665 10665 I .studentfinance: Late-enabling -Xcheck:jni
03-14 22:56:38.537 10665 10665 I .studentfinance: Using CollectorTypeCMC GC.
03-14 22:56:38.538 10665 10665 W .studentfinance: Unexpected CPU variant for x86: x86_64.
03-14 22:56:38.538 10665 10665 W .studentfinance: Known variants: atom, sandybridge, silvermont, goldmont, goldmont-plus, goldmont-without-sha-xsaves, tremont, kabylake, default
03-14 22:56:38.550 10665 10665 D nativeloader: Load libframework-connectivity-tiramisu-jni.so using APEX ns com_android_tethering for caller /apex/com.android.tethering/javalib/framework-connectivity-t.jar: ok
--------- beginning of system
03-14 22:56:38.589 10665 10665 W ActivityThread: Package uses different ABI(s) than its instrumentation: package[com.mcfuzzysquirrel.studentfinance]: x86_64, null instrumentation[com.mcfuzzysquirrel.studentfinance.test]: null, null
03-14 22:56:38.593 10665 10665 W .studentfinance: ClassLoaderContext shared library size mismatch. Expected=2, found=0 (PCL[]{PCL[/system/framework/android.test.base.jar*724373495]#PCL[/system/framework/android.test.mock.jar*1452759902]} | PCL[])
03-14 22:56:38.595 10665 10665 W .studentfinance: ClassLoaderContext classpath size mismatch. expected=0, found=1 (PCL[] | PCL[/system/framework/android.test.runner.jar*2496447986])
03-14 22:56:38.597 10665 10665 W .studentfinance: ClassLoaderContext classpath size mismatch. expected=0, found=2 (PCL[] | PCL[/system/framework/android.test.runner.jar*2496447986:/system/framework/android.test.mock.jar*1452759902])
03-14 22:56:38.598 10665 10665 W ziparchive: Unable to open '/data/app/~~feC0d-aJBAXZMQDLgqJFLA==/com.mcfuzzysquirrel.studentfinance.test-MgctBIaYwGk-S72bVRP-Xw==/base.dm': No such file or directory
03-14 22:56:38.598 10665 10665 W ziparchive: Unable to open '/data/app/~~feC0d-aJBAXZMQDLgqJFLA==/com.mcfuzzysquirrel.studentfinance.test-MgctBIaYwGk-S72bVRP-Xw==/base.dm': No such file or directory
03-14 22:56:38.747 10665 10665 W ziparchive: Unable to open '/data/app/~~YsqUcQHZ2eJyD51BHGgW7w==/com.mcfuzzysquirrel.studentfinance-8JLdNDjiGMSsFWheHCnHFA==/base.dm': No such file or directory
03-14 22:56:38.747 10665 10665 W ziparchive: Unable to open '/data/app/~~YsqUcQHZ2eJyD51BHGgW7w==/com.mcfuzzysquirrel.studentfinance-8JLdNDjiGMSsFWheHCnHFA==/base.dm': No such file or directory
03-14 22:56:39.310 10665 10665 D nativeloader: Configuring clns-7 for other apk /system/framework/android.test.runner.jar:/system/framework/android.test.mock.jar:/system/framework/android.test.base.jar:/data/app/~~feC0d-aJBAXZMQDLgqJFLA==/com.mcfuzzysquirrel.studentfinance.test-MgctBIaYwGk-S72bVRP-Xw==/base.apk:/data/app/~~YsqUcQHZ2eJyD51BHGgW7w==/com.mcfuzzysquirrel.studentfinance-8JLdNDjiGMSsFWheHCnHFA==/base.apk. target_sdk_version=36, uses_libraries=, library_path=/data/app/~~feC0d-aJBAXZMQDLgqJFLA==/com.mcfuzzysquirrel.studentfinance.test-MgctBIaYwGk-S72bVRP-Xw==/lib/x86_64:/data/app/~~YsqUcQHZ2eJyD51BHGgW7w==/com.mcfuzzysquirrel.studentfinance-8JLdNDjiGMSsFWheHCnHFA==/lib/x86_64:/data/app/~~feC0d-aJBAXZMQDLgqJFLA==/com.mcfuzzysquirrel.studentfinance.test-MgctBIaYwGk-S72bVRP-Xw==/base.apk!/lib/x86_64:/data/app/~~YsqUcQHZ2eJyD51BHGgW7w==/com.mcfuzzysquirrel.studentfinance-8JLdNDjiGMSsFWheHCnHFA==/base.apk!/lib/x86_64, permitted_path=/data:/mnt/expand:/data/user/0/com.mcfuzzysquirrel.studentfinance
03-14 22:56:39.343 10665 10665 V GraphicsEnvironment: Currently set values for:
03-14 22:56:39.343 10665 10665 V GraphicsEnvironment:   angle_gl_driver_selection_pkgs=[]
03-14 22:56:39.343 10665 10665 V GraphicsEnvironment:   angle_gl_driver_selection_values=[]
03-14 22:56:39.344 10665 10665 V GraphicsEnvironment: Global.Settings values are invalid: number of packages: 0, number of values: 0
03-14 22:56:39.344 10665 10665 V GraphicsEnvironment: Neither updatable production driver nor prerelease driver is supported.
03-14 22:56:39.353 10665 10665 D ApplicationLoaders: Returning zygote-cached class loader: /system/framework/android.test.base.jar
03-14 22:56:39.359 10665 10665 D nativeloader: Configuring clns-8 for other apk /system/framework/android.test.mock.jar. target_sdk_version=36, uses_libraries=ALL, library_path=/data/app/~~feC0d-aJBAXZMQDLgqJFLA==/com.mcfuzzysquirrel.studentfinance.test-MgctBIaYwGk-S72bVRP-Xw==/lib/x86_64:/data/app/~~YsqUcQHZ2eJyD51BHGgW7w==/com.mcfuzzysquirrel.studentfinance-8JLdNDjiGMSsFWheHCnHFA==/lib/x86_64, permitted_path=/data:/mnt/expand
03-14 22:56:39.360 10665 10665 D ApplicationLoaders: Returning zygote-cached class loader: /system/framework/android.test.base.jar
03-14 22:56:39.372 10665 10665 D nativeloader: Configuring clns-9 for other apk /system/framework/android.test.runner.jar. target_sdk_version=36, uses_libraries=ALL, library_path=/data/app/~~feC0d-aJBAXZMQDLgqJFLA==/com.mcfuzzysquirrel.studentfinance.test-MgctBIaYwGk-S72bVRP-Xw==/lib/x86_64:/data/app/~~YsqUcQHZ2eJyD51BHGgW7w==/com.mcfuzzysquirrel.studentfinance-8JLdNDjiGMSsFWheHCnHFA==/lib/x86_64, permitted_path=/data:/mnt/expand
03-14 22:56:39.375 10665 10665 W .studentfinance: ClassLoaderContext shared library size mismatch. Expected=2, found=3 (PCL[]{PCL[/system/framework/android.test.base.jar*724373495]#PCL[/system/framework/android.test.mock.jar*1452759902]} | PCL[]{PCL[/system/framework/android.test.base.jar*724373495]#PCL[/system/framework/android.test.mock.jar*1452759902]#PCL[/system/framework/android.test.runner.jar*2496447986]{PCL[/system/framework/android.test.base.jar*724373495]#PCL[/system/framework/android.test.mock.jar*1452759902]}};PCL[/system/framework/android.test.runner.jar*2496447986:/system/framework/android.test.mock.jar*1452759902:/system/framework/android.test.base.jar*724373495:/data/app/~~feC0d-aJBAXZMQDLgqJFLA==/com.mcfuzzysquirrel.studentfinance.test-MgctBIaYwGk-S72bVRP-Xw==/base.apk*3224200876:/data/app/~~YsqUcQHZ2eJyD51BHGgW7w==/com.mcfuzzysquirrel.studentfinance-8JLdNDjiGMSsFWheHCnHFA==/base.apk*2060289533])
03-14 22:56:39.376 10665 10665 W .studentfinance: ClassLoaderContext classpath size mismatch. expected=0, found=1 (PCL[] | PCL[/system/framework/android.test.runner.jar*2496447986]{PCL[/system/framework/android.test.base.jar*724373495]#PCL[/system/framework/android.test.mock.jar*1452759902]#PCL[/system/framework/android.test.runner.jar*2496447986]{PCL[/system/framework/android.test.base.jar*724373495]#PCL[/system/framework/android.test.mock.jar*1452759902]}};PCL[/system/framework/android.test.runner.jar*2496447986:/system/framework/android.test.mock.jar*1452759902:/system/framework/android.test.base.jar*724373495:/data/app/~~feC0d-aJBAXZMQDLgqJFLA==/com.mcfuzzysquirrel.studentfinance.test-MgctBIaYwGk-S72bVRP-Xw==/base.apk*3224200876:/data/app/~~YsqUcQHZ2eJyD51BHGgW7w==/com.mcfuzzysquirrel.studentfinance-8JLdNDjiGMSsFWheHCnHFA==/base.apk*2060289533])
03-14 22:56:39.380 10665 10665 W .studentfinance: ClassLoaderContext classpath size mismatch. expected=0, found=2 (PCL[] | PCL[/system/framework/android.test.runner.jar*2496447986:/system/framework/android.test.mock.jar*1452759902]{PCL[/system/framework/android.test.base.jar*724373495]#PCL[/system/framework/android.test.mock.jar*1452759902]#PCL[/system/framework/android.test.runner.jar*2496447986]{PCL[/system/framework/android.test.base.jar*724373495]#PCL[/system/framework/android.test.mock.jar*1452759902]}};PCL[/system/framework/android.test.runner.jar*2496447986:/system/framework/android.test.mock.jar*1452759902:/system/framework/android.test.base.jar*724373495:/data/app/~~feC0d-aJBAXZMQDLgqJFLA==/com.mcfuzzysquirrel.studentfinance.test-MgctBIaYwGk-S72bVRP-Xw==/base.apk*3224200876:/data/app/~~YsqUcQHZ2eJyD51BHGgW7w==/com.mcfuzzysquirrel.studentfinance-8JLdNDjiGMSsFWheHCnHFA==/base.apk*2060289533])
03-14 22:56:39.381 10665 10665 W ziparchive: Unable to open '/data/app/~~feC0d-aJBAXZMQDLgqJFLA==/com.mcfuzzysquirrel.studentfinance.test-MgctBIaYwGk-S72bVRP-Xw==/base.dm': No such file or directory
03-14 22:56:39.381 10665 10665 W ziparchive: Unable to open '/data/app/~~feC0d-aJBAXZMQDLgqJFLA==/com.mcfuzzysquirrel.studentfinance.test-MgctBIaYwGk-S72bVRP-Xw==/base.dm': No such file or directory
03-14 22:56:39.515 10665 10665 W ziparchive: Unable to open '/data/app/~~YsqUcQHZ2eJyD51BHGgW7w==/com.mcfuzzysquirrel.studentfinance-8JLdNDjiGMSsFWheHCnHFA==/base.dm': No such file or directory
03-14 22:56:39.516 10665 10665 W ziparchive: Unable to open '/data/app/~~YsqUcQHZ2eJyD51BHGgW7w==/com.mcfuzzysquirrel.studentfinance-8JLdNDjiGMSsFWheHCnHFA==/base.dm': No such file or directory
03-14 22:56:40.084 10665 10665 I AndroidJUnitRunner: newApplication com.mcfuzzysquirrel.studentfinance.MainApplication
03-14 22:56:40.107 10665 10665 I AndroidJUnitRunner: onCreate Bundle[mParcelledData.dataSize=312]
03-14 22:56:40.108 10665 10665 D AndroidJUnitRunner: Use the raw file system for managing file I/O.
03-14 22:56:40.182 10665 10665 V TestEventClient: No service name argument was given (testDiscoveryService, testRunEventService or orchestratorService)
03-14 22:56:40.183 10665 10700 D AndroidJUnitRunner: onStart is called.
03-14 22:56:40.188 10665 10665 W SoLoader: Initializing SoLoader: 0
03-14 22:56:40.190 10665 10665 W SoLoader: Recording new base apk path: /data/app/~~YsqUcQHZ2eJyD51BHGgW7w==/com.mcfuzzysquirrel.studentfinance-8JLdNDjiGMSsFWheHCnHFA==/base.apk
03-14 22:56:40.190 10665 10665 W SoLoader: Previously recorded 0 base apk paths.
03-14 22:56:40.193 10665 10665 I SoLoader: Preparing SO source: DirectorySoSource[root = /vendor/lib64 flags = 2]
03-14 22:56:40.193 10665 10665 I SoLoader: Preparing SO source: DirectorySoSource[root = /system/lib64 flags = 2]
03-14 22:56:40.193 10665 10665 I SoLoader: Preparing SO source: DirectApkSoSource[root = [/data/app/~~YsqUcQHZ2eJyD51BHGgW7w==/com.mcfuzzysquirrel.studentfinance-8JLdNDjiGMSsFWheHCnHFA==/base.apk!/lib/x86_64]]
03-14 22:56:40.216 10665 10665 I SoLoader: Preparing SO source: ApplicationSoSource[DirectorySoSource[root = /data/app/~~YsqUcQHZ2eJyD51BHGgW7w==/com.mcfuzzysquirrel.studentfinance-8JLdNDjiGMSsFWheHCnHFA==/lib/x86_64 flags = 0]]
03-14 22:56:40.216 10665 10665 I SoLoader: init finish: 4 SO sources prepared
03-14 22:56:40.217 10665 10665 W SoLoader: SoLoader initialized: 8
03-14 22:56:40.252 10665 10665 D nativeloader: Load /data/app/~~YsqUcQHZ2eJyD51BHGgW7w==/com.mcfuzzysquirrel.studentfinance-8JLdNDjiGMSsFWheHCnHFA==/base.apk!/lib/x86_64/libc++_shared.so using ns clns-7 from class loader (caller=/data/app/~~YsqUcQHZ2eJyD51BHGgW7w==/com.mcfuzzysquirrel.studentfinance-8JLdNDjiGMSsFWheHCnHFA==/base.apk): ok
03-14 22:56:40.270 10665 10665 D nativeloader: Load /data/app/~~YsqUcQHZ2eJyD51BHGgW7w==/com.mcfuzzysquirrel.studentfinance-8JLdNDjiGMSsFWheHCnHFA==/base.apk!/lib/x86_64/libjsi.so using ns clns-7 from class loader (caller=/data/app/~~YsqUcQHZ2eJyD51BHGgW7w==/com.mcfuzzysquirrel.studentfinance-8JLdNDjiGMSsFWheHCnHFA==/base.apk): ok
03-14 22:56:40.279 10665 10665 D nativeloader: Load /data/app/~~YsqUcQHZ2eJyD51BHGgW7w==/com.mcfuzzysquirrel.studentfinance-8JLdNDjiGMSsFWheHCnHFA==/base.apk!/lib/x86_64/libfbjni.so using ns clns-7 from class loader (caller=/data/app/~~YsqUcQHZ2eJyD51BHGgW7w==/com.mcfuzzysquirrel.studentfinance-8JLdNDjiGMSsFWheHCnHFA==/base.apk): ok
03-14 22:56:40.290 10665 10665 D nativeloader: Load /data/app/~~YsqUcQHZ2eJyD51BHGgW7w==/com.mcfuzzysquirrel.studentfinance-8JLdNDjiGMSsFWheHCnHFA==/base.apk!/lib/x86_64/libreactnative.so using ns clns-7 from class loader (caller=/data/app/~~YsqUcQHZ2eJyD51BHGgW7w==/com.mcfuzzysquirrel.studentfinance-8JLdNDjiGMSsFWheHCnHFA==/base.apk): ok
03-14 22:56:40.290 10665 10665 D jni_lib_merge: Entering merged library JNI_OnLoad.
03-14 22:56:40.290 10665 10665 D jni_lib_merge: Preparing 12 pre-merged libs (including stub)
03-14 22:56:40.290 10665 10665 D jni_lib_merge: Preparing to register libfabricjni_so.  onload_func: 0x727ce3c98730
03-14 22:56:40.290 10665 10665 D jni_lib_merge: Preparing to register libreact_devsupportjni_so.  onload_func: 0x727ce3e95190
03-14 22:56:40.290 10665 10665 D jni_lib_merge: Preparing to register libreact_featureflagsjni_so.  onload_func: 0x727ce3ea6910
03-14 22:56:40.290 10665 10665 D jni_lib_merge: Preparing to register libreact_newarchdefaults_so.  onload_func: 0x727ce3f47d20
03-14 22:56:40.290 10665 10665 D jni_lib_merge: Preparing to register libreactnativeblob_so.  onload_func: 0x727ce41522e0
03-14 22:56:40.290 10665 10665 D jni_lib_merge: Preparing to register libreactnativejni_so.  onload_func: 0x727ce4192770
03-14 22:56:40.290 10665 10665 D jni_lib_merge: Preparing to register libreactnativejni_common_so.  onload_func: 0x727ce41a25d0
03-14 22:56:40.290 10665 10665 D jni_lib_merge: Preparing to register librninstance_so.  onload_func: 0x727ce41df4c0
03-14 22:56:40.290 10665 10665 D jni_lib_merge: Preparing to register libturbomodulejsijni_so.  onload_func: 0x727ce4340c00
03-14 22:56:40.290 10665 10665 D jni_lib_merge: Preparing to register libuimanagerjni_so.  onload_func: 0x727ce4358de0
03-14 22:56:40.290 10665 10665 D jni_lib_merge: Preparing to register libyoga_so.  onload_func: 0x727ce4367d70
03-14 22:56:40.290 10665 10665 D jni_lib_merge: About to register 11 actual methods.
03-14 22:56:40.315 10665 10665 D nativeloader: Load /data/app/~~YsqUcQHZ2eJyD51BHGgW7w==/com.mcfuzzysquirrel.studentfinance-8JLdNDjiGMSsFWheHCnHFA==/base.apk!/lib/x86_64/libreact_codegen_rnscreens.so using ns clns-7 from class loader (caller=/data/app/~~YsqUcQHZ2eJyD51BHGgW7w==/com.mcfuzzysquirrel.studentfinance-8JLdNDjiGMSsFWheHCnHFA==/base.apk): ok
03-14 22:56:40.315 10665 10665 D jni_lib_merge: Entering merged library JNI_OnLoad.
03-14 22:56:40.315 10665 10665 D jni_lib_merge: Preparing 12 pre-merged libs (including stub)
03-14 22:56:40.315 10665 10665 D jni_lib_merge: Preparing to register libfabricjni_so.  onload_func: 0x727ce3c98730
03-14 22:56:40.315 10665 10665 D jni_lib_merge: Preparing to register libreact_devsupportjni_so.  onload_func: 0x727ce3e95190
03-14 22:56:40.315 10665 10665 D jni_lib_merge: Preparing to register libreact_featureflagsjni_so.  onload_func: 0x727ce3ea6910
03-14 22:56:40.315 10665 10665 D jni_lib_merge: Preparing to register libreact_newarchdefaults_so.  onload_func: 0x727ce3f47d20
03-14 22:56:40.315 10665 10665 D jni_lib_merge: Preparing to register libreactnativeblob_so.  onload_func: 0x727ce41522e0
03-14 22:56:40.315 10665 10665 D jni_lib_merge: Preparing to register libreactnativejni_so.  onload_func: 0x727ce4192770
03-14 22:56:40.315 10665 10665 D jni_lib_merge: Preparing to register libreactnativejni_common_so.  onload_func: 0x727ce41a25d0
03-14 22:56:40.315 10665 10665 D jni_lib_merge: Preparing to register librninstance_so.  onload_func: 0x727ce41df4c0
03-14 22:56:40.315 10665 10665 D jni_lib_merge: Preparing to register libturbomodulejsijni_so.  onload_func: 0x727ce4340c00
03-14 22:56:40.315 10665 10665 D jni_lib_merge: Preparing to register libuimanagerjni_so.  onload_func: 0x727ce4358de0
03-14 22:56:40.315 10665 10665 D jni_lib_merge: Preparing to register libyoga_so.  onload_func: 0x727ce4367d70
03-14 22:56:40.315 10665 10665 D jni_lib_merge: About to register 11 actual methods.
03-14 22:56:40.325 10665 10665 D nativeloader: Load /data/app/~~YsqUcQHZ2eJyD51BHGgW7w==/com.mcfuzzysquirrel.studentfinance-8JLdNDjiGMSsFWheHCnHFA==/base.apk!/lib/x86_64/libreact_codegen_rnsvg.so using ns clns-7 from class loader (caller=/data/app/~~YsqUcQHZ2eJyD51BHGgW7w==/com.mcfuzzysquirrel.studentfinance-8JLdNDjiGMSsFWheHCnHFA==/base.apk): ok
03-14 22:56:40.325 10665 10665 D jni_lib_merge: Entering merged library JNI_OnLoad.
03-14 22:56:40.325 10665 10665 D jni_lib_merge: Preparing 12 pre-merged libs (including stub)
03-14 22:56:40.325 10665 10665 D jni_lib_merge: Preparing to register libfabricjni_so.  onload_func: 0x727ce3c98730
03-14 22:56:40.325 10665 10665 D jni_lib_merge: Preparing to register libreact_devsupportjni_so.  onload_func: 0x727ce3e95190
03-14 22:56:40.325 10665 10665 D jni_lib_merge: Preparing to register libreact_featureflagsjni_so.  onload_func: 0x727ce3ea6910
03-14 22:56:40.325 10665 10665 D jni_lib_merge: Preparing to register libreact_newarchdefaults_so.  onload_func: 0x727ce3f47d20
03-14 22:56:40.325 10665 10665 D jni_lib_merge: Preparing to register libreactnativeblob_so.  onload_func: 0x727ce41522e0
03-14 22:56:40.325 10665 10665 D jni_lib_merge: Preparing to register libreactnativejni_so.  onload_func: 0x727ce4192770
03-14 22:56:40.325 10665 10665 D jni_lib_merge: Preparing to register libreactnativejni_common_so.  onload_func: 0x727ce41a25d0
03-14 22:56:40.325 10665 10665 D jni_lib_merge: Preparing to register librninstance_so.  onload_func: 0x727ce41df4c0
03-14 22:56:40.325 10665 10665 D jni_lib_merge: Preparing to register libturbomodulejsijni_so.  onload_func: 0x727ce4340c00
03-14 22:56:40.325 10665 10665 D jni_lib_merge: Preparing to register libuimanagerjni_so.  onload_func: 0x727ce4358de0
03-14 22:56:40.325 10665 10665 D jni_lib_merge: Preparing to register libyoga_so.  onload_func: 0x727ce4367d70
03-14 22:56:40.325 10665 10665 D jni_lib_merge: About to register 11 actual methods.
03-14 22:56:40.334 10665 10665 D nativeloader: Load /data/app/~~YsqUcQHZ2eJyD51BHGgW7w==/com.mcfuzzysquirrel.studentfinance-8JLdNDjiGMSsFWheHCnHFA==/base.apk!/lib/x86_64/libreact_codegen_safeareacontext.so using ns clns-7 from class loader (caller=/data/app/~~YsqUcQHZ2eJyD51BHGgW7w==/com.mcfuzzysquirrel.studentfinance-8JLdNDjiGMSsFWheHCnHFA==/base.apk): ok
03-14 22:56:40.338 10665 10665 D nativeloader: Load /data/app/~~YsqUcQHZ2eJyD51BHGgW7w==/com.mcfuzzysquirrel.studentfinance-8JLdNDjiGMSsFWheHCnHFA==/base.apk!/lib/x86_64/libappmodules.so using ns clns-7 from class loader (caller=/data/app/~~YsqUcQHZ2eJyD51BHGgW7w==/com.mcfuzzysquirrel.studentfinance-8JLdNDjiGMSsFWheHCnHFA==/base.apk): ok
03-14 22:56:40.445 10665 10700 I InstrConnection: Could not send broadcast or register receiver (isolatedProcess?)
03-14 22:56:40.449 10665 10700 D TestRequestBuilder: Using class path scanning to discover tests
03-14 22:56:40.449 10665 10700 I TestRequestBuilder: Scanning classpath to find tests in paths [/data/app/~~feC0d-aJBAXZMQDLgqJFLA==/com.mcfuzzysquirrel.studentfinance.test-MgctBIaYwGk-S72bVRP-Xw==/base.apk]
03-14 22:56:40.450 10665 10700 W .studentfinance: Opening an oat file without a class loader. Are you using the deprecated DexFile APIs?
03-14 22:56:40.885 10665 10700 I TestRunner: run started: 1 tests
03-14 22:56:40.885 10665 10700 I TestRunner: started: runDetoxTests(com.mcfuzzysquirrel.studentfinance.DetoxTest)
03-14 22:56:40.892 10665 10700 I Detox   : Detox server connection details: url=ws://localhost:36975, sessionId=b0e1d00a-3b73-8395-6612-0e625cc38a55
03-14 22:56:40.899 10665 10700 I Tracing : Tracer added: class androidx.test.platform.tracing.AndroidXTracer
03-14 22:56:40.918 10665 10700 W .studentfinance: Accessing hidden field Ljava/lang/reflect/Field;->accessFlags:I (unsupported, reflection, allowed)
03-14 22:56:40.921 10665 10700 I Detox   : Connecting to server...
03-14 22:56:40.921 10665 10700 I DetoxWSClient: At connectToServer
03-14 22:56:40.984 10665 10709 D TrafficStats: tagSocket(102) with statsTag=0xffffffff, statsUid=-1
03-14 22:56:41.004 10665 10709 D DetoxWSClient: At onOpen
03-14 22:56:41.005 10665 10709 I DetoxWSClient: Sending out action 'login' (ID #0)
03-14 22:56:41.006 10665 10709 I Detox   : Connected to server!
03-14 22:56:41.010 10665 10709 D DetoxWSClient: Received action 'loginSuccess' (ID #0, params={"testerConnected":true,"appConnected":true})
03-14 22:56:41.010 10665 10705 I DetoxDispatcher: Handling action 'loginSuccess' (ID #0)...
03-14 22:56:41.010 10665 10705 I DetoxDispatcher: Done with action 'loginSuccess'
03-14 22:56:41.010 10665 10700 I Detox   : Launching the tested activity!
03-14 22:56:41.065 10665 10709 D DetoxWSClient: Received action 'isReady' (ID #-1000, params={})
03-14 22:56:41.065 10665 10705 I DetoxDispatcher: Handling action 'isReady' (ID #-1000)...
03-14 22:56:41.250 10665 10665 D AppCompatDelegate: Checking for metadata for AppLocalesMetadataHolderService : Service not found
03-14 22:56:41.394 10665 10665 D LifecycleMonitor: Lifecycle status change: com.mcfuzzysquirrel.studentfinance.MainActivity@340991c in: PRE_ON_CREATE
03-14 22:56:41.531 10665 10724 D TrafficStats: tagSocket(109) with statsTag=0xffffffff, statsUid=-1
03-14 22:56:41.535 10665 10724 W unknown:ReconnectingWebSocket: Couldn't connect to "ws://10.0.2.2:8081/message?device=sdk_gphone64_x86_64%20-%2015%20-%20API%2035&app=com.mcfuzzysquirrel.studentfinance&clientid=BridgelessDevSupportManager", will silently retry
03-14 22:56:41.582 10665 10665 W unknown:BridgelessReact: ReactHost{0}.startSurface(surfaceId = 0): Schedule
03-14 22:56:41.582 10665 10665 W unknown:BridgelessReact: ReactHost{0}.attachSurface(surfaceId = 0)
03-14 22:56:41.583 10665 10725 W unknown:BridgelessReact: ReactHost{0}.getOrCreateReactInstanceTask()
03-14 22:56:41.583 10665 10725 W unknown:BridgelessReact: ReactHost{0}.getOrCreateReactInstanceTask(): Start
03-14 22:56:41.583 10665 10725 D Detox.RNMarker: REACT_BRIDGELESS_LOADING_START (null)
03-14 22:56:41.583 10665 10725 W unknown:BridgelessReact: ReactHost{0}.getJSBundleLoader()
03-14 22:56:41.583 10665 10725 W unknown:BridgelessReact: ReactHost{0}.isMetroRunning()
03-14 22:56:41.586 10665 10726 D TrafficStats: tagSocket(109) with statsTag=0xffffffff, statsUid=-1
03-14 22:56:41.588 10665 10726 W unknown:ReactNative: The packager does not seem to be running as we got an IOException requesting its status: Failed to connect to /10.0.2.2:8081
03-14 22:56:41.588 10665 10726 W unknown:BridgelessReact: ReactHost{0}.isMetroRunning(): Async result = false
03-14 22:56:41.589 10665 10725 W unknown:BridgelessReact: ReactHost{0}.getOrCreateReactInstanceTask(): Creating BridgelessReactContext
03-14 22:56:41.592 10665 10725 W unknown:BridgelessReact: ReactHost{0}.getOrCreateReactInstanceTask(): Creating ReactInstance
03-14 22:56:41.607 10665 10729 D TrafficStats: tagSocket(116) with statsTag=0xffffffff, statsUid=-1
03-14 22:56:41.608 10665 10665 W .studentfinance: Accessing hidden method Landroid/view/ViewGroup;->makeOptionalFitsSystemWindows()V (unsupported, reflection, allowed)
03-14 22:56:41.611 10665 10665 D LifecycleMonitor: Lifecycle status change: com.mcfuzzysquirrel.studentfinance.MainActivity@340991c in: CREATED
03-14 22:56:41.612 10665 10665 D LifecycleMonitor: Lifecycle status change: com.mcfuzzysquirrel.studentfinance.MainActivity@340991c in: STARTED
03-14 22:56:41.614 10665 10665 W unknown:BridgelessReact: ReactHost{0}.onHostResume(activity)
03-14 22:56:41.614 10665 10665 W unknown:ReactNative: Packager connection already open, nooping.
03-14 22:56:41.615 10665 10665 W unknown:BridgelessReact: ReactHost{0}.ReactContext.onHostResume()
03-14 22:56:41.615 10665 10665 D LifecycleMonitor: Lifecycle status change: com.mcfuzzysquirrel.studentfinance.MainActivity@340991c in: RESUMED
03-14 22:56:41.620 10665 10665 W HWUI    : Unknown dataspace 0
03-14 22:56:41.624 10665 10725 D nativeloader: Load /data/app/~~YsqUcQHZ2eJyD51BHGgW7w==/com.mcfuzzysquirrel.studentfinance-8JLdNDjiGMSsFWheHCnHFA==/base.apk!/lib/x86_64/libhermesvm.so using ns clns-7 from class loader (caller=/data/app/~~YsqUcQHZ2eJyD51BHGgW7w==/com.mcfuzzysquirrel.studentfinance-8JLdNDjiGMSsFWheHCnHFA==/base.apk): ok
03-14 22:56:41.626 10665 10725 D nativeloader: Load /data/app/~~YsqUcQHZ2eJyD51BHGgW7w==/com.mcfuzzysquirrel.studentfinance-8JLdNDjiGMSsFWheHCnHFA==/base.apk!/lib/x86_64/libhermestooling.so using ns clns-7 from class loader (caller=/data/app/~~YsqUcQHZ2eJyD51BHGgW7w==/com.mcfuzzysquirrel.studentfinance-8JLdNDjiGMSsFWheHCnHFA==/base.apk): ok
03-14 22:56:41.626 10665 10725 D jni_lib_merge: Entering merged library JNI_OnLoad.
03-14 22:56:41.626 10665 10725 D jni_lib_merge: Preparing 4 pre-merged libs (including stub)
03-14 22:56:41.626 10665 10725 D jni_lib_merge: Preparing to register libhermes_executor_so.  onload_func: 0x727cd99b3050
03-14 22:56:41.626 10665 10725 D jni_lib_merge: Preparing to register libhermesinstancejni_so.  onload_func: 0x727cd99e9680
03-14 22:56:41.626 10665 10725 D jni_lib_merge: Preparing to register libjsijniprofiler_so.  onload_func: 0x727cd99eb3f0
03-14 22:56:41.626 10665 10725 D jni_lib_merge: About to register 3 actual methods.
03-14 22:56:41.662 10665 10715 I EGL_emulation: Opening libGLESv1_CM_emulation.so
03-14 22:56:41.662 10665 10715 I EGL_emulation: Opening libGLESv2_emulation.so
03-14 22:56:41.696 10665 10715 W HWUI    : Failed to initialize 101010-2 format, error = EGL_SUCCESS
03-14 22:56:41.748 10665 10715 I Gralloc4: mapper 4.x 