--------- beginning of main
03-14 22:54:11.100  9792  9792 I .studentfinance: Late-enabling -Xcheck:jni
03-14 22:54:11.160  9792  9792 I .studentfinance: Using CollectorTypeCMC GC.
03-14 22:54:11.161  9792  9792 W .studentfinance: Unexpected CPU variant for x86: x86_64.
03-14 22:54:11.161  9792  9792 W .studentfinance: Known variants: atom, sandybridge, silvermont, goldmont, goldmont-plus, goldmont-without-sha-xsaves, tremont, kabylake, default
03-14 22:54:11.195  9792  9792 D nativeloader: Load libframework-connectivity-tiramisu-jni.so using APEX ns com_android_tethering for caller /apex/com.android.tethering/javalib/framework-connectivity-t.jar: ok
--------- beginning of system
03-14 22:54:11.289  9792  9792 W ActivityThread: Package uses different ABI(s) than its instrumentation: package[com.mcfuzzysquirrel.studentfinance]: x86_64, null instrumentation[com.mcfuzzysquirrel.studentfinance.test]: null, null
03-14 22:54:11.295  9792  9792 W .studentfinance: ClassLoaderContext shared library size mismatch. Expected=2, found=0 (PCL[]{PCL[/system/framework/android.test.base.jar*724373495]#PCL[/system/framework/android.test.mock.jar*1452759902]} | PCL[])
03-14 22:54:11.304  9792  9792 W .studentfinance: ClassLoaderContext classpath size mismatch. expected=0, found=1 (PCL[] | PCL[/system/framework/android.test.runner.jar*2496447986])
03-14 22:54:11.307  9792  9792 W .studentfinance: ClassLoaderContext classpath size mismatch. expected=0, found=2 (PCL[] | PCL[/system/framework/android.test.runner.jar*2496447986:/system/framework/android.test.mock.jar*1452759902])
03-14 22:54:11.310  9792  9792 W ziparchive: Unable to open '/data/app/~~OzAww21IJuWmBPEMJbeKig==/com.mcfuzzysquirrel.studentfinance.test-BBo3cu77uXyUMvGtN3EGdw==/base.dm': No such file or directory
03-14 22:54:11.310  9792  9792 W ziparchive: Unable to open '/data/app/~~OzAww21IJuWmBPEMJbeKig==/com.mcfuzzysquirrel.studentfinance.test-BBo3cu77uXyUMvGtN3EGdw==/base.dm': No such file or directory
03-14 22:54:11.564  9792  9792 W ziparchive: Unable to open '/data/app/~~F2YeSSzNNClSIa4Z3Ohdew==/com.mcfuzzysquirrel.studentfinance-cQr6qaHJVRr4FF20cSQTJQ==/base.dm': No such file or directory
03-14 22:54:11.565  9792  9792 W ziparchive: Unable to open '/data/app/~~F2YeSSzNNClSIa4Z3Ohdew==/com.mcfuzzysquirrel.studentfinance-cQr6qaHJVRr4FF20cSQTJQ==/base.dm': No such file or directory
03-14 22:54:12.417  9792  9792 D nativeloader: Configuring clns-7 for other apk /system/framework/android.test.runner.jar:/system/framework/android.test.mock.jar:/system/framework/android.test.base.jar:/data/app/~~OzAww21IJuWmBPEMJbeKig==/com.mcfuzzysquirrel.studentfinance.test-BBo3cu77uXyUMvGtN3EGdw==/base.apk:/data/app/~~F2YeSSzNNClSIa4Z3Ohdew==/com.mcfuzzysquirrel.studentfinance-cQr6qaHJVRr4FF20cSQTJQ==/base.apk. target_sdk_version=36, uses_libraries=, library_path=/data/app/~~OzAww21IJuWmBPEMJbeKig==/com.mcfuzzysquirrel.studentfinance.test-BBo3cu77uXyUMvGtN3EGdw==/lib/x86_64:/data/app/~~F2YeSSzNNClSIa4Z3Ohdew==/com.mcfuzzysquirrel.studentfinance-cQr6qaHJVRr4FF20cSQTJQ==/lib/x86_64:/data/app/~~OzAww21IJuWmBPEMJbeKig==/com.mcfuzzysquirrel.studentfinance.test-BBo3cu77uXyUMvGtN3EGdw==/base.apk!/lib/x86_64:/data/app/~~F2YeSSzNNClSIa4Z3Ohdew==/com.mcfuzzysquirrel.studentfinance-cQr6qaHJVRr4FF20cSQTJQ==/base.apk!/lib/x86_64, permitted_path=/data:/mnt/expand:/data/user/0/com.mcfuzzysquirrel.studentfinance
03-14 22:54:12.548  9792  9792 V GraphicsEnvironment: Currently set values for:
03-14 22:54:12.548  9792  9792 V GraphicsEnvironment:   angle_gl_driver_selection_pkgs=[]
03-14 22:54:12.548  9792  9792 V GraphicsEnvironment:   angle_gl_driver_selection_values=[]
03-14 22:54:12.549  9792  9792 V GraphicsEnvironment: Global.Settings values are invalid: number of packages: 0, number of values: 0
03-14 22:54:12.549  9792  9792 V GraphicsEnvironment: Neither updatable production driver nor prerelease driver is supported.
03-14 22:54:12.579  9792  9792 D ApplicationLoaders: Returning zygote-cached class loader: /system/framework/android.test.base.jar
03-14 22:54:12.590  9792  9792 D nativeloader: Configuring clns-8 for other apk /system/framework/android.test.mock.jar. target_sdk_version=36, uses_libraries=ALL, library_path=/data/app/~~OzAww21IJuWmBPEMJbeKig==/com.mcfuzzysquirrel.studentfinance.test-BBo3cu77uXyUMvGtN3EGdw==/lib/x86_64:/data/app/~~F2YeSSzNNClSIa4Z3Ohdew==/com.mcfuzzysquirrel.studentfinance-cQr6qaHJVRr4FF20cSQTJQ==/lib/x86_64, permitted_path=/data:/mnt/expand
03-14 22:54:12.593  9792  9792 D ApplicationLoaders: Returning zygote-cached class loader: /system/framework/android.test.base.jar
03-14 22:54:12.617  9792  9792 D nativeloader: Configuring clns-9 for other apk /system/framework/android.test.runner.jar. target_sdk_version=36, uses_libraries=ALL, library_path=/data/app/~~OzAww21IJuWmBPEMJbeKig==/com.mcfuzzysquirrel.studentfinance.test-BBo3cu77uXyUMvGtN3EGdw==/lib/x86_64:/data/app/~~F2YeSSzNNClSIa4Z3Ohdew==/com.mcfuzzysquirrel.studentfinance-cQr6qaHJVRr4FF20cSQTJQ==/lib/x86_64, permitted_path=/data:/mnt/expand
03-14 22:54:12.620  9792  9792 W .studentfinance: ClassLoaderContext shared library size mismatch. Expected=2, found=3 (PCL[]{PCL[/system/framework/android.test.base.jar*724373495]#PCL[/system/framework/android.test.mock.jar*1452759902]} | PCL[]{PCL[/system/framework/android.test.base.jar*724373495]#PCL[/system/framework/android.test.mock.jar*1452759902]#PCL[/system/framework/android.test.runner.jar*2496447986]{PCL[/system/framework/android.test.base.jar*724373495]#PCL[/system/framework/android.test.mock.jar*1452759902]}};PCL[/system/framework/android.test.runner.jar*2496447986:/system/framework/android.test.mock.jar*1452759902:/system/framework/android.test.base.jar*724373495:/data/app/~~OzAww21IJuWmBPEMJbeKig==/com.mcfuzzysquirrel.studentfinance.test-BBo3cu77uXyUMvGtN3EGdw==/base.apk*3224200876:/data/app/~~F2YeSSzNNClSIa4Z3Ohdew==/com.mcfuzzysquirrel.studentfinance-cQr6qaHJVRr4FF20cSQTJQ==/base.apk*2060289533])
03-14 22:54:12.624  9792  9792 W .studentfinance: ClassLoaderContext classpath size mismatch. expected=0, found=1 (PCL[] | PCL[/system/framework/android.test.runner.jar*2496447986]{PCL[/system/framework/android.test.base.jar*724373495]#PCL[/system/framework/android.test.mock.jar*1452759902]#PCL[/system/framework/android.test.runner.jar*2496447986]{PCL[/system/framework/android.test.base.jar*724373495]#PCL[/system/framework/android.test.mock.jar*1452759902]}};PCL[/system/framework/android.test.runner.jar*2496447986:/system/framework/android.test.mock.jar*1452759902:/system/framework/android.test.base.jar*724373495:/data/app/~~OzAww21IJuWmBPEMJbeKig==/com.mcfuzzysquirrel.studentfinance.test-BBo3cu77uXyUMvGtN3EGdw==/base.apk*3224200876:/data/app/~~F2YeSSzNNClSIa4Z3Ohdew==/com.mcfuzzysquirrel.studentfinance-cQr6qaHJVRr4FF20cSQTJQ==/base.apk*2060289533])
03-14 22:54:12.626  9792  9792 W .studentfinance: ClassLoaderContext classpath size mismatch. expected=0, found=2 (PCL[] | PCL[/system/framework/android.test.runner.jar*2496447986:/system/framework/android.test.mock.jar*1452759902]{PCL[/system/framework/android.test.base.jar*724373495]#PCL[/system/framework/android.test.mock.jar*1452759902]#PCL[/system/framework/android.test.runner.jar*2496447986]{PCL[/system/framework/android.test.base.jar*724373495]#PCL[/system/framework/android.test.mock.jar*1452759902]}};PCL[/system/framework/android.test.runner.jar*2496447986:/system/framework/android.test.mock.jar*1452759902:/system/framework/android.test.base.jar*724373495:/data/app/~~OzAww21IJuWmBPEMJbeKig==/com.mcfuzzysquirrel.studentfinance.test-BBo3cu77uXyUMvGtN3EGdw==/base.apk*3224200876:/data/app/~~F2YeSSzNNClSIa4Z3Ohdew==/com.mcfuzzysquirrel.studentfinance-cQr6qaHJVRr4FF20cSQTJQ==/base.apk*2060289533])
03-14 22:54:12.626  9792  9792 W ziparchive: Unable to open '/data/app/~~OzAww21IJuWmBPEMJbeKig==/com.mcfuzzysquirrel.studentfinance.test-BBo3cu77uXyUMvGtN3EGdw==/base.dm': No such file or directory
03-14 22:54:12.626  9792  9792 W ziparchive: Unable to open '/data/app/~~OzAww21IJuWmBPEMJbeKig==/com.mcfuzzysquirrel.studentfinance.test-BBo3cu77uXyUMvGtN3EGdw==/base.dm': No such file or directory
03-14 22:54:12.862  9792  9792 W ziparchive: Unable to open '/data/app/~~F2YeSSzNNClSIa4Z3Ohdew==/com.mcfuzzysquirrel.studentfinance-cQr6qaHJVRr4FF20cSQTJQ==/base.dm': No such file or directory
03-14 22:54:12.867  9792  9792 W ziparchive: Unable to open '/data/app/~~F2YeSSzNNClSIa4Z3Ohdew==/com.mcfuzzysquirrel.studentfinance-cQr6qaHJVRr4FF20cSQTJQ==/base.dm': No such file or directory
03-14 22:54:13.347  9792  9792 I AndroidJUnitRunner: newApplication com.mcfuzzysquirrel.studentfinance.MainApplication
03-14 22:54:13.379  9792  9792 I AndroidJUnitRunner: onCreate Bundle[mParcelledData.dataSize=312]
03-14 22:54:13.381  9792  9792 D AndroidJUnitRunner: Use the raw file system for managing file I/O.
03-14 22:54:13.471  9792  9792 V TestEventClient: No service name argument was given (testDiscoveryService, testRunEventService or orchestratorService)
03-14 22:54:13.471  9792  9816 D AndroidJUnitRunner: onStart is called.
03-14 22:54:13.478  9792  9792 W SoLoader: Initializing SoLoader: 0
03-14 22:54:13.482  9792  9792 W SoLoader: Recording new base apk path: /data/app/~~F2YeSSzNNClSIa4Z3Ohdew==/com.mcfuzzysquirrel.studentfinance-cQr6qaHJVRr4FF20cSQTJQ==/base.apk
03-14 22:54:13.482  9792  9792 W SoLoader: Previously recorded 0 base apk paths.
03-14 22:54:13.485  9792  9792 I SoLoader: Preparing SO source: DirectorySoSource[root = /vendor/lib64 flags = 2]
03-14 22:54:13.485  9792  9792 I SoLoader: Preparing SO source: DirectorySoSource[root = /system/lib64 flags = 2]
03-14 22:54:13.485  9792  9792 I SoLoader: Preparing SO source: DirectApkSoSource[root = [/data/app/~~F2YeSSzNNClSIa4Z3Ohdew==/com.mcfuzzysquirrel.studentfinance-cQr6qaHJVRr4FF20cSQTJQ==/base.apk!/lib/x86_64]]
03-14 22:54:13.515  9792  9792 I SoLoader: Preparing SO source: ApplicationSoSource[DirectorySoSource[root = /data/app/~~F2YeSSzNNClSIa4Z3Ohdew==/com.mcfuzzysquirrel.studentfinance-cQr6qaHJVRr4FF20cSQTJQ==/lib/x86_64 flags = 0]]
03-14 22:54:13.515  9792  9792 I SoLoader: init finish: 4 SO sources prepared
03-14 22:54:13.515  9792  9792 W SoLoader: SoLoader initialized: 8
03-14 22:54:13.551  9792  9792 D nativeloader: Load /data/app/~~F2YeSSzNNClSIa4Z3Ohdew==/com.mcfuzzysquirrel.studentfinance-cQr6qaHJVRr4FF20cSQTJQ==/base.apk!/lib/x86_64/libc++_shared.so using ns clns-7 from class loader (caller=/data/app/~~F2YeSSzNNClSIa4Z3Ohdew==/com.mcfuzzysquirrel.studentfinance-cQr6qaHJVRr4FF20cSQTJQ==/base.apk): ok
03-14 22:54:13.564  9792  9792 D nativeloader: Load /data/app/~~F2YeSSzNNClSIa4Z3Ohdew==/com.mcfuzzysquirrel.studentfinance-cQr6qaHJVRr4FF20cSQTJQ==/base.apk!/lib/x86_64/libjsi.so using ns clns-7 from class loader (caller=/data/app/~~F2YeSSzNNClSIa4Z3Ohdew==/com.mcfuzzysquirrel.studentfinance-cQr6qaHJVRr4FF20cSQTJQ==/base.apk): ok
03-14 22:54:13.577  9792  9792 D nativeloader: Load /data/app/~~F2YeSSzNNClSIa4Z3Ohdew==/com.mcfuzzysquirrel.studentfinance-cQr6qaHJVRr4FF20cSQTJQ==/base.apk!/lib/x86_64/libfbjni.so using ns clns-7 from class loader (caller=/data/app/~~F2YeSSzNNClSIa4Z3Ohdew==/com.mcfuzzysquirrel.studentfinance-cQr6qaHJVRr4FF20cSQTJQ==/base.apk): ok
03-14 22:54:13.590  9792  9792 D nativeloader: Load /data/app/~~F2YeSSzNNClSIa4Z3Ohdew==/com.mcfuzzysquirrel.studentfinance-cQr6qaHJVRr4FF20cSQTJQ==/base.apk!/lib/x86_64/libreactnative.so using ns clns-7 from class loader (caller=/data/app/~~F2YeSSzNNClSIa4Z3Ohdew==/com.mcfuzzysquirrel.studentfinance-cQr6qaHJVRr4FF20cSQTJQ==/base.apk): ok
03-14 22:54:13.590  9792  9792 D jni_lib_merge: Entering merged library JNI_OnLoad.
03-14 22:54:13.590  9792  9792 D jni_lib_merge: Preparing 12 pre-merged libs (including stub)
03-14 22:54:13.590  9792  9792 D jni_lib_merge: Preparing to register libfabricjni_so.  onload_func: 0x727ce5a17730
03-14 22:54:13.590  9792  9792 D jni_lib_merge: Preparing to register libreact_devsupportjni_so.  onload_func: 0x727ce5c14190
03-14 22:54:13.590  9792  9792 D jni_lib_merge: Preparing to register libreact_featureflagsjni_so.  onload_func: 0x727ce5c25910
03-14 22:54:13.590  9792  9792 D jni_lib_merge: Preparing to register libreact_newarchdefaults_so.  onload_func: 0x727ce5cc6d20
03-14 22:54:13.590  9792  9792 D jni_lib_merge: Preparing to register libreactnativeblob_so.  onload_func: 0x727ce5ed12e0
03-14 22:54:13.590  9792  9792 D jni_lib_merge: Preparing to register libreactnativejni_so.  onload_func: 0x727ce5f11770
03-14 22:54:13.590  9792  9792 D jni_lib_merge: Preparing to register libreactnativejni_common_so.  onload_func: 0x727ce5f215d0
03-14 22:54:13.590  9792  9792 D jni_lib_merge: Preparing to register librninstance_so.  onload_func: 0x727ce5f5e4c0
03-14 22:54:13.590  9792  9792 D jni_lib_merge: Preparing to register libturbomodulejsijni_so.  onload_func: 0x727ce60bfc00
03-14 22:54:13.590  9792  9792 D jni_lib_merge: Preparing to register libuimanagerjni_so.  onload_func: 0x727ce60d7de0
03-14 22:54:13.590  9792  9792 D jni_lib_merge: Preparing to register libyoga_so.  onload_func: 0x727ce60e6d70
03-14 22:54:13.590  9792  9792 D jni_lib_merge: About to register 11 actual methods.
03-14 22:54:13.618  9792  9792 D nativeloader: Load /data/app/~~F2YeSSzNNClSIa4Z3Ohdew==/com.mcfuzzysquirrel.studentfinance-cQr6qaHJVRr4FF20cSQTJQ==/base.apk!/lib/x86_64/libreact_codegen_rnscreens.so using ns clns-7 from class loader (caller=/data/app/~~F2YeSSzNNClSIa4Z3Ohdew==/com.mcfuzzysquirrel.studentfinance-cQr6qaHJVRr4FF20cSQTJQ==/base.apk): ok
03-14 22:54:13.618  9792  9792 D jni_lib_merge: Entering merged library JNI_OnLoad.
03-14 22:54:13.618  9792  9792 D jni_lib_merge: Preparing 12 pre-merged libs (including stub)
03-14 22:54:13.618  9792  9792 D jni_lib_merge: Preparing to register libfabricjni_so.  onload_func: 0x727ce5a17730
03-14 22:54:13.618  9792  9792 D jni_lib_merge: Preparing to register libreact_devsupportjni_so.  onload_func: 0x727ce5c14190
03-14 22:54:13.618  9792  9792 D jni_lib_merge: Preparing to register libreact_featureflagsjni_so.  onload_func: 0x727ce5c25910
03-14 22:54:13.618  9792  9792 D jni_lib_merge: Preparing to register libreact_newarchdefaults_so.  onload_func: 0x727ce5cc6d20
03-14 22:54:13.618  9792  9792 D jni_lib_merge: Preparing to register libreactnativeblob_so.  onload_func: 0x727ce5ed12e0
03-14 22:54:13.618  9792  9792 D jni_lib_merge: Preparing to register libreactnativejni_so.  onload_func: 0x727ce5f11770
03-14 22:54:13.618  9792  9792 D jni_lib_merge: Preparing to register libreactnativejni_common_so.  onload_func: 0x727ce5f215d0
03-14 22:54:13.618  9792  9792 D jni_lib_merge: Preparing to register librninstance_so.  onload_func: 0x727ce5f5e4c0
03-14 22:54:13.618  9792  9792 D jni_lib_merge: Preparing to register libturbomodulejsijni_so.  onload_func: 0x727ce60bfc00
03-14 22:54:13.618  9792  9792 D jni_lib_merge: Preparing to register libuimanagerjni_so.  onload_func: 0x727ce60d7de0
03-14 22:54:13.618  9792  9792 D jni_lib_merge: Preparing to register libyoga_so.  onload_func: 0x727ce60e6d70
03-14 22:54:13.618  9792  9792 D jni_lib_merge: About to register 11 actual methods.
03-14 22:54:13.634  9792  9792 D nativeloader: Load /data/app/~~F2YeSSzNNClSIa4Z3Ohdew==/com.mcfuzzysquirrel.studentfinance-cQr6qaHJVRr4FF20cSQTJQ==/base.apk!/lib/x86_64/libreact_codegen_rnsvg.so using ns clns-7 from class loader (caller=/data/app/~~F2YeSSzNNClSIa4Z3Ohdew==/com.mcfuzzysquirrel.studentfinance-cQr6qaHJVRr4FF20cSQTJQ==/base.apk): ok
03-14 22:54:13.634  9792  9792 D jni_lib_merge: Entering merged library JNI_OnLoad.
03-14 22:54:13.634  9792  9792 D jni_lib_merge: Preparing 12 pre-merged libs (including stub)
03-14 22:54:13.634  9792  9792 D jni_lib_merge: Preparing to register libfabricjni_so.  onload_func: 0x727ce5a17730
03-14 22:54:13.634  9792  9792 D jni_lib_merge: Preparing to register libreact_devsupportjni_so.  onload_func: 0x727ce5c14190
03-14 22:54:13.634  9792  9792 D jni_lib_merge: Preparing to register libreact_featureflagsjni_so.  onload_func: 0x727ce5c25910
03-14 22:54:13.634  9792  9792 D jni_lib_merge: Preparing to register libreact_newarchdefaults_so.  onload_func: 0x727ce5cc6d20
03-14 22:54:13.634  9792  9792 D jni_lib_merge: Preparing to register libreactnativeblob_so.  onload_func: 0x727ce5ed12e0
03-14 22:54:13.634  9792  9792 D jni_lib_merge: Preparing to register libreactnativejni_so.  onload_func: 0x727ce5f11770
03-14 22:54:13.634  9792  9792 D jni_lib_merge: Preparing to register libreactnativejni_common_so.  onload_func: 0x727ce5f215d0
03-14 22:54:13.634  9792  9792 D jni_lib_merge: Preparing to register librninstance_so.  onload_func: 0x727ce5f5e4c0
03-14 22:54:13.634  9792  9792 D jni_lib_merge: Preparing to register libturbomodulejsijni_so.  onload_func: 0x727ce60bfc00
03-14 22:54:13.634  9792  9792 D jni_lib_merge: Preparing to register libuimanagerjni_so.  onload_func: 0x727ce60d7de0
03-14 22:54:13.634  9792  9792 D jni_lib_merge: Preparing to register libyoga_so.  onload_func: 0x727ce60e6d70
03-14 22:54:13.634  9792  9792 D jni_lib_merge: About to register 11 actual methods.
03-14 22:54:13.646  9792  9792 D nativeloader: Load /data/app/~~F2YeSSzNNClSIa4Z3Ohdew==/com.mcfuzzysquirrel.studentfinance-cQr6qaHJVRr4FF20cSQTJQ==/base.apk!/lib/x86_64/libreact_codegen_safeareacontext.so using ns clns-7 from class loader (caller=/data/app/~~F2YeSSzNNClSIa4Z3Ohdew==/com.mcfuzzysquirrel.studentfinance-cQr6qaHJVRr4FF20cSQTJQ==/base.apk): ok
03-14 22:54:13.653  9792  9792 D nativeloader: Load /data/app/~~F2YeSSzNNClSIa4Z3Ohdew==/com.mcfuzzysquirrel.studentfinance-cQr6qaHJVRr4FF20cSQTJQ==/base.apk!/lib/x86_64/libappmodules.so using ns clns-7 from class loader (caller=/data/app/~~F2YeSSzNNClSIa4Z3Ohdew==/com.mcfuzzysquirrel.studentfinance-cQr6qaHJVRr4FF20cSQTJQ==/base.apk): ok
03-14 22:54:13.758  9792  9816 I InstrConnection: Could not send broadcast or register receiver (isolatedProcess?)
03-14 22:54:13.767  9792  9816 D TestRequestBuilder: Using class path scanning to discover tests
03-14 22:54:13.770  9792  9816 I TestRequestBuilder: Scanning classpath to find tests in paths [/data/app/~~OzAww21IJuWmBPEMJbeKig==/com.mcfuzzysquirrel.studentfinance.test-BBo3cu77uXyUMvGtN3EGdw==/base.apk]
03-14 22:54:13.772  9792  9816 W .studentfinance: Opening an oat file without a class loader. Are you using the deprecated DexFile APIs?
03-14 22:54:14.431  9792  9816 I TestRunner: run started: 1 tests
03-14 22:54:14.433  9792  9816 I TestRunner: started: runDetoxTests(com.mcfuzzysquirrel.studentfinance.DetoxTest)
03-14 22:54:14.443  9792  9816 I Detox   : Detox server connection details: url=ws://localhost:41697, sessionId=32d47440-e6d3-aee5-7307-a25756827880
03-14 22:54:14.456  9792  9816 I Tracing : Tracer added: class androidx.test.platform.tracing.AndroidXTracer
03-14 22:54:14.473  9792  9816 W .studentfinance: Accessing hidden field Ljava/lang/reflect/Field;->accessFlags:I (unsupported, reflection, allowed)
03-14 22:54:14.475  9792  9816 I Detox   : Connecting to server...
03-14 22:54:14.476  9792  9816 I DetoxWSClient: At connectToServer
03-14 22:54:14.641  9792  9822 D TrafficStats: tagSocket(102) with statsTag=0xffffffff, statsUid=-1
03-14 22:54:14.714  9792  9822 D DetoxWSClient: At onOpen
03-14 22:54:14.714  9792  9822 I DetoxWSClient: Sending out action 'login' (ID #0)
03-14 22:54:14.715  9792  9822 I Detox   : Connected to server!
03-14 22:54:14.722  9792  9822 D DetoxWSClient: Received action 'loginSuccess' (ID #0, params={"testerConnected":true,"appConnected":true})
03-14 22:54:14.722  9792  9818 I DetoxDispatcher: Handling action 'loginSuccess' (ID #0)...
03-14 22:54:14.722  9792  9818 I DetoxDispatcher: Done with action 'loginSuccess'
03-14 22:54:14.723  9792  9816 I Detox   : Launching the tested activity!
03-14 22:54:14.766  9792  9822 D DetoxWSClient: Received action 'isReady' (ID #-1000, params={})
03-14 22:54:14.766  9792  9818 I DetoxDispatcher: Handling action 'isReady' (ID #-1000)...
03-14 22:54:15.435  9792  9792 D AppCompatDelegate: Checking for metadata for AppLocalesMetadataHolderService : Service not found
03-14 22:54:15.767  9792  9792 D LifecycleMonitor: Lifecycle status change: com.mcfuzzysquirrel.studentfinance.MainActivity@340991c in: PRE_ON_CREATE
03-14 22:54:16.144  9792  9837 D TrafficStats: tagSocket(109) with statsTag=0xffffffff, statsUid=-1
03-14 22:54:16.152  9792  9837 W unknown:ReconnectingWebSocket: Couldn't connect to "ws://10.0.2.2:8081/message?device=sdk_gphone64_x86_64%20-%2015%20-%20API%2035&app=com.mcfuzzysquirrel.studentfinance&clientid=BridgelessDevSupportManager", will silently retry
03-14 22:54:16.176  9792  9792 W unknown:BridgelessReact: ReactHost{0}.startSurface(surfaceId = 0): Schedule
03-14 22:54:16.177  9792  9792 W unknown:BridgelessReact: ReactHost{0}.attachSurface(surfaceId = 0)
03-14 22:54:16.184  9792  9838 W unknown:BridgelessReact: ReactHost{0}.getOrCreateReactInstanceTask()
03-14 22:54:16.184  9792  9838 W unknown:BridgelessReact: ReactHost{0}.getOrCreateReactInstanceTask(): Start
03-14 22:54:16.185  9792  9838 D Detox.RNMarker: REACT_BRIDGELESS_LOADING_START (null)
03-14 22:54:16.185  9792  9838 W unknown:BridgelessReact: ReactHost{0}.getJSBundleLoader()
03-14 22:54:16.185  9792  9838 W unknown:BridgelessReact: ReactHost{0}.isMetroRunning()
03-14 22:54:16.190  9792  9839 D TrafficStats: tagSocket(109) with statsTag=0xffffffff, statsUid=-1
03-14 22:54:16.198  9792  9839 W unknown:ReactNative: The packager does not seem to be running as we got an IOException requesting its status: Failed to connect to /10.0.2.2:8081
03-14 22:54:16.199  9792  9839 W unknown:BridgelessReact: ReactHost{0}.isMetroRunning(): Async result = false
03-14 22:54:16.200  9792  9838 W unknown:BridgelessReact: ReactHost{0}.getOrCreateReactInstanceTask(): Creating BridgelessReactContext
03-14 22:54:16.202  9792  9838 W unknown:BridgelessReact: ReactHost{0}.getOrCreateReactInstanceTask(): Creating ReactInstance
03-14 22:54:16.226  9792  9792 W .studentfinance: Accessing hidden method Landroid/view/ViewGroup;->makeOptionalFitsSystemWindows()V (unsupported, reflection, allowed)
03-14 22:54:16.233  9792  9792 D LifecycleMonitor: Lifecycle status change: com.mcfuzzysquirrel.studentfinance.MainActivity@340991c in: CREATED
03-14 22:54:16.235  9792  9792 D LifecycleMonitor: Lifecycle status change: com.mcfuzzysquirrel.studentfinance.MainActivity@340991c in: STARTED
03-14 22:54:16.237  9792  9842 D TrafficStats: tagSocket(117) with statsTag=0xffffffff, statsUid=-1
03-14 22:54:16.243  9792  9792 W unknown:BridgelessReact: ReactHost{0}.onHostResume(activity)
03-14 22:54:16.243  9792  9792 W unknown:ReactNative: Packager connection already open, nooping.
03-14 22:54:16.243  9792  9792 W unknown:BridgelessReact: ReactHost{0}.ReactContext.onHostResume()
03-14 22:54:16.244  9792  9792 D LifecycleMonitor: Lifecycle status change: com.mcfuzzysquirrel.studentfinance.MainActivity@340991c in: RESUMED
03-14 22:54:16.263  9792  9792 W HWUI    : Unknown dataspace 0
03-14 22:54:16.275  9792  9838 D nativeloader: Load /data/app/~~F2YeSSzNNClSIa4Z3Ohdew==/com.mcfuzzysquirrel.studentfinance-cQr6qaHJVRr4FF20cSQTJQ==/base.apk!/lib/x86_64/libhermesvm.so using ns clns-7 from class loader (caller=/data/app/~~F2YeSSzNNClSIa4Z3Ohdew==/com.mcfuzzysquirrel.studentfinance-cQr6qaHJVRr4FF20cSQTJQ==/base.apk): ok
03-14 22:54:16.280  9792  9838 D nativeloader: Load /data/app/~~F2YeSSzNNClSIa4Z3Ohdew==/com.mcfuzzysquirrel.studentfinance-cQr6qaHJVRr4FF20cSQTJQ==/base.apk!/lib/x86_64/libhermestooling.so using ns clns-7 from class loader (caller=/data/app/~~F2YeSSzNNClSIa4Z3Ohdew==/com.mcfuzzysquirrel.studentfinance-cQr6qaHJVRr4FF20cSQTJQ==/base.apk): ok
03-14 22:54:16.280  9792  9838 D jni_lib_merge: Entering merged library JNI_OnLoad.
03-14 22:54:16.280  9792  9838 D jni_lib_merge: Preparing 4 pre-merged libs (including stub)
03-14 22:54:16.280  9792  9838 D jni_lib_merge: Preparing to register libhermes_executor_so.  onload_func: 0x727cdb1ad050
03-14 22:54:16.280  9792  9838 D jni_lib_merge: Preparing to register libhermesinstancejni_so.  onload_func: 0x727cdb1e3680
03-14 22:54:16.280  9792  9838 D jni_lib_merge: Preparing to register libjsijniprofiler_so.  onload_func: 0x727cdb1e53f0
03-14 22:54:16.280  9792  9838 D jni_lib_merge: About to register 3 actual methods.
03-14 22:54:16.401  9792  9828 I EGL_emulation: Opening libGLESv1_CM_emulation.so
03-14 22:54:16.401  9792  9828 I EGL_emulation: Opening libGLESv2_emulation.so
03-14 22:54:16.482  9792  9828 W HWUI    : Failed to initialize 101010-2 format, error = EGL_SUCCESS
03-14 22:54:16.519  9792  9828 I Gralloc4: mapper 4.x 