--------- beginning of main
03-14 22:46:33.518  6970  6970 I AndroidJUnitRunner: newApplication com.mcfuzzysquirrel.studentfinance.MainApplication
03-14 22:46:33.564  6970  6970 I AndroidJUnitRunner: onCreate Bundle[mParcelledData.dataSize=312]
03-14 22:46:33.567  6970  6970 D AndroidJUnitRunner: Use the raw file system for managing file I/O.
03-14 22:46:33.726  6970  6970 V TestEventClient: No service name argument was given (testDiscoveryService, testRunEventService or orchestratorService)
03-14 22:46:33.728  6970  6997 D AndroidJUnitRunner: onStart is called.
03-14 22:46:33.735  6970  6970 W SoLoader: Initializing SoLoader: 0
03-14 22:46:33.737  6970  6970 W SoLoader: Recording new base apk path: /data/app/~~9rWWwtrYnZOxTSYf9qhrwg==/com.mcfuzzysquirrel.studentfinance-uRqTEwpxQYKTGXQx112snA==/base.apk
03-14 22:46:33.737  6970  6970 W SoLoader: Previously recorded 0 base apk paths.
03-14 22:46:33.740  6970  6970 I SoLoader: Preparing SO source: DirectorySoSource[root = /vendor/lib64 flags = 2]
03-14 22:46:33.741  6970  6970 I SoLoader: Preparing SO source: DirectorySoSource[root = /system/lib64 flags = 2]
03-14 22:46:33.741  6970  6970 I SoLoader: Preparing SO source: DirectApkSoSource[root = [/data/app/~~9rWWwtrYnZOxTSYf9qhrwg==/com.mcfuzzysquirrel.studentfinance-uRqTEwpxQYKTGXQx112snA==/base.apk!/lib/x86_64]]
03-14 22:46:33.777  6970  6970 I SoLoader: Preparing SO source: ApplicationSoSource[DirectorySoSource[root = /data/app/~~9rWWwtrYnZOxTSYf9qhrwg==/com.mcfuzzysquirrel.studentfinance-uRqTEwpxQYKTGXQx112snA==/lib/x86_64 flags = 0]]
03-14 22:46:33.777  6970  6970 I SoLoader: init finish: 4 SO sources prepared
03-14 22:46:33.778  6970  6970 W SoLoader: SoLoader initialized: 8
03-14 22:46:33.833  6970  6970 D nativeloader: Load /data/app/~~9rWWwtrYnZOxTSYf9qhrwg==/com.mcfuzzysquirrel.studentfinance-uRqTEwpxQYKTGXQx112snA==/base.apk!/lib/x86_64/libc++_shared.so using ns clns-7 from class loader (caller=/data/app/~~9rWWwtrYnZOxTSYf9qhrwg==/com.mcfuzzysquirrel.studentfinance-uRqTEwpxQYKTGXQx112snA==/base.apk): ok
03-14 22:46:33.853  6970  6970 D nativeloader: Load /data/app/~~9rWWwtrYnZOxTSYf9qhrwg==/com.mcfuzzysquirrel.studentfinance-uRqTEwpxQYKTGXQx112snA==/base.apk!/lib/x86_64/libjsi.so using ns clns-7 from class loader (caller=/data/app/~~9rWWwtrYnZOxTSYf9qhrwg==/com.mcfuzzysquirrel.studentfinance-uRqTEwpxQYKTGXQx112snA==/base.apk): ok
03-14 22:46:33.868  6970  6970 D nativeloader: Load /data/app/~~9rWWwtrYnZOxTSYf9qhrwg==/com.mcfuzzysquirrel.studentfinance-uRqTEwpxQYKTGXQx112snA==/base.apk!/lib/x86_64/libfbjni.so using ns clns-7 from class loader (caller=/data/app/~~9rWWwtrYnZOxTSYf9qhrwg==/com.mcfuzzysquirrel.studentfinance-uRqTEwpxQYKTGXQx112snA==/base.apk): ok
03-14 22:46:33.891  6970  6970 D nativeloader: Load /data/app/~~9rWWwtrYnZOxTSYf9qhrwg==/com.mcfuzzysquirrel.studentfinance-uRqTEwpxQYKTGXQx112snA==/base.apk!/lib/x86_64/libreactnative.so using ns clns-7 from class loader (caller=/data/app/~~9rWWwtrYnZOxTSYf9qhrwg==/com.mcfuzzysquirrel.studentfinance-uRqTEwpxQYKTGXQx112snA==/base.apk): ok
03-14 22:46:33.891  6970  6970 D jni_lib_merge: Entering merged library JNI_OnLoad.
03-14 22:46:33.891  6970  6970 D jni_lib_merge: Preparing 12 pre-merged libs (including stub)
03-14 22:46:33.891  6970  6970 D jni_lib_merge: Preparing to register libfabricjni_so.  onload_func: 0x727ce5957730
03-14 22:46:33.891  6970  6970 D jni_lib_merge: Preparing to register libreact_devsupportjni_so.  onload_func: 0x727ce5b54190
03-14 22:46:33.891  6970  6970 D jni_lib_merge: Preparing to register libreact_featureflagsjni_so.  onload_func: 0x727ce5b65910
03-14 22:46:33.891  6970  6970 D jni_lib_merge: Preparing to register libreact_newarchdefaults_so.  onload_func: 0x727ce5c06d20
03-14 22:46:33.891  6970  6970 D jni_lib_merge: Preparing to register libreactnativeblob_so.  onload_func: 0x727ce5e112e0
03-14 22:46:33.891  6970  6970 D jni_lib_merge: Preparing to register libreactnativejni_so.  onload_func: 0x727ce5e51770
03-14 22:46:33.891  6970  6970 D jni_lib_merge: Preparing to register libreactnativejni_common_so.  onload_func: 0x727ce5e615d0
03-14 22:46:33.891  6970  6970 D jni_lib_merge: Preparing to register librninstance_so.  onload_func: 0x727ce5e9e4c0
03-14 22:46:33.891  6970  6970 D jni_lib_merge: Preparing to register libturbomodulejsijni_so.  onload_func: 0x727ce5fffc00
03-14 22:46:33.891  6970  6970 D jni_lib_merge: Preparing to register libuimanagerjni_so.  onload_func: 0x727ce6017de0
03-14 22:46:33.891  6970  6970 D jni_lib_merge: Preparing to register libyoga_so.  onload_func: 0x727ce6026d70
03-14 22:46:33.891  6970  6970 D jni_lib_merge: About to register 11 actual methods.
03-14 22:46:33.920  6970  6970 D nativeloader: Load /data/app/~~9rWWwtrYnZOxTSYf9qhrwg==/com.mcfuzzysquirrel.studentfinance-uRqTEwpxQYKTGXQx112snA==/base.apk!/lib/x86_64/libreact_codegen_rnscreens.so using ns clns-7 from class loader (caller=/data/app/~~9rWWwtrYnZOxTSYf9qhrwg==/com.mcfuzzysquirrel.studentfinance-uRqTEwpxQYKTGXQx112snA==/base.apk): ok
03-14 22:46:33.921  6970  6970 D jni_lib_merge: Entering merged library JNI_OnLoad.
03-14 22:46:33.921  6970  6970 D jni_lib_merge: Preparing 12 pre-merged libs (including stub)
03-14 22:46:33.921  6970  6970 D jni_lib_merge: Preparing to register libfabricjni_so.  onload_func: 0x727ce5957730
03-14 22:46:33.921  6970  6970 D jni_lib_merge: Preparing to register libreact_devsupportjni_so.  onload_func: 0x727ce5b54190
03-14 22:46:33.921  6970  6970 D jni_lib_merge: Preparing to register libreact_featureflagsjni_so.  onload_func: 0x727ce5b65910
03-14 22:46:33.921  6970  6970 D jni_lib_merge: Preparing to register libreact_newarchdefaults_so.  onload_func: 0x727ce5c06d20
03-14 22:46:33.921  6970  6970 D jni_lib_merge: Preparing to register libreactnativeblob_so.  onload_func: 0x727ce5e112e0
03-14 22:46:33.921  6970  6970 D jni_lib_merge: Preparing to register libreactnativejni_so.  onload_func: 0x727ce5e51770
03-14 22:46:33.921  6970  6970 D jni_lib_merge: Preparing to register libreactnativejni_common_so.  onload_func: 0x727ce5e615d0
03-14 22:46:33.921  6970  6970 D jni_lib_merge: Preparing to register librninstance_so.  onload_func: 0x727ce5e9e4c0
03-14 22:46:33.921  6970  6970 D jni_lib_merge: Preparing to register libturbomodulejsijni_so.  onload_func: 0x727ce5fffc00
03-14 22:46:33.921  6970  6970 D jni_lib_merge: Preparing to register libuimanagerjni_so.  onload_func: 0x727ce6017de0
03-14 22:46:33.921  6970  6970 D jni_lib_merge: Preparing to register libyoga_so.  onload_func: 0x727ce6026d70
03-14 22:46:33.921  6970  6970 D jni_lib_merge: About to register 11 actual methods.
03-14 22:46:33.932  6970  6970 D nativeloader: Load /data/app/~~9rWWwtrYnZOxTSYf9qhrwg==/com.mcfuzzysquirrel.studentfinance-uRqTEwpxQYKTGXQx112snA==/base.apk!/lib/x86_64/libreact_codegen_rnsvg.so using ns clns-7 from class loader (caller=/data/app/~~9rWWwtrYnZOxTSYf9qhrwg==/com.mcfuzzysquirrel.studentfinance-uRqTEwpxQYKTGXQx112snA==/base.apk): ok
03-14 22:46:33.932  6970  6970 D jni_lib_merge: Entering merged library JNI_OnLoad.
03-14 22:46:33.932  6970  6970 D jni_lib_merge: Preparing 12 pre-merged libs (including stub)
03-14 22:46:33.932  6970  6970 D jni_lib_merge: Preparing to register libfabricjni_so.  onload_func: 0x727ce5957730
03-14 22:46:33.932  6970  6970 D jni_lib_merge: Preparing to register libreact_devsupportjni_so.  onload_func: 0x727ce5b54190
03-14 22:46:33.932  6970  6970 D jni_lib_merge: Preparing to register libreact_featureflagsjni_so.  onload_func: 0x727ce5b65910
03-14 22:46:33.932  6970  6970 D jni_lib_merge: Preparing to register libreact_newarchdefaults_so.  onload_func: 0x727ce5c06d20
03-14 22:46:33.932  6970  6970 D jni_lib_merge: Preparing to register libreactnativeblob_so.  onload_func: 0x727ce5e112e0
03-14 22:46:33.932  6970  6970 D jni_lib_merge: Preparing to register libreactnativejni_so.  onload_func: 0x727ce5e51770
03-14 22:46:33.932  6970  6970 D jni_lib_merge: Preparing to register libreactnativejni_common_so.  onload_func: 0x727ce5e615d0
03-14 22:46:33.932  6970  6970 D jni_lib_merge: Preparing to register librninstance_so.  onload_func: 0x727ce5e9e4c0
03-14 22:46:33.932  6970  6970 D jni_lib_merge: Preparing to register libturbomodulejsijni_so.  onload_func: 0x727ce5fffc00
03-14 22:46:33.932  6970  6970 D jni_lib_merge: Preparing to register libuimanagerjni_so.  onload_func: 0x727ce6017de0
03-14 22:46:33.932  6970  6970 D jni_lib_merge: Preparing to register libyoga_so.  onload_func: 0x727ce6026d70
03-14 22:46:33.932  6970  6970 D jni_lib_merge: About to register 11 actual methods.
03-14 22:46:33.942  6970  6970 D nativeloader: Load /data/app/~~9rWWwtrYnZOxTSYf9qhrwg==/com.mcfuzzysquirrel.studentfinance-uRqTEwpxQYKTGXQx112snA==/base.apk!/lib/x86_64/libreact_codegen_safeareacontext.so using ns clns-7 from class loader (caller=/data/app/~~9rWWwtrYnZOxTSYf9qhrwg==/com.mcfuzzysquirrel.studentfinance-uRqTEwpxQYKTGXQx112snA==/base.apk): ok
03-14 22:46:33.949  6970  6970 D nativeloader: Load /data/app/~~9rWWwtrYnZOxTSYf9qhrwg==/com.mcfuzzysquirrel.studentfinance-uRqTEwpxQYKTGXQx112snA==/base.apk!/lib/x86_64/libappmodules.so using ns clns-7 from class loader (caller=/data/app/~~9rWWwtrYnZOxTSYf9qhrwg==/com.mcfuzzysquirrel.studentfinance-uRqTEwpxQYKTGXQx112snA==/base.apk): ok
03-14 22:46:34.065  6970  6997 I InstrConnection: Could not send broadcast or register receiver (isolatedProcess?)
03-14 22:46:34.070  6970  6997 D TestRequestBuilder: Using class path scanning to discover tests
03-14 22:46:34.071  6970  6997 I TestRequestBuilder: Scanning classpath to find tests in paths [/data/app/~~iQlUTSSRDXJswpF_nJkn0g==/com.mcfuzzysquirrel.studentfinance.test-wH5RmtktQTpJlYTVl2FeTQ==/base.apk]
03-14 22:46:34.072  6970  6997 W .studentfinance: Opening an oat file without a class loader. Are you using the deprecated DexFile APIs?
03-14 22:46:34.681  6970  6997 I TestRunner: run started: 1 tests
03-14 22:46:34.682  6970  6997 I TestRunner: started: runDetoxTests(com.mcfuzzysquirrel.studentfinance.DetoxTest)
03-14 22:46:34.700  6970  6997 I Detox   : Detox server connection details: url=ws://localhost:36931, sessionId=5a768b26-d324-b11a-d215-c9a8105e1c3a
03-14 22:46:34.713  6970  6997 I Tracing : Tracer added: class androidx.test.platform.tracing.AndroidXTracer
03-14 22:46:34.732  6970  6997 W .studentfinance: Accessing hidden field Ljava/lang/reflect/Field;->accessFlags:I (unsupported, reflection, allowed)
03-14 22:46:34.735  6970  6997 I Detox   : Connecting to server...
03-14 22:46:34.735  6970  6997 I DetoxWSClient: At connectToServer
03-14 22:46:34.817  6970  7003 D TrafficStats: tagSocket(102) with statsTag=0xffffffff, statsUid=-1
03-14 22:46:34.842  6970  7003 D DetoxWSClient: At onOpen
03-14 22:46:34.842  6970  7003 I DetoxWSClient: Sending out action 'login' (ID #0)
03-14 22:46:34.845  6970  7003 I Detox   : Connected to server!
03-14 22:46:34.852  6970  7003 D DetoxWSClient: Received action 'loginSuccess' (ID #0, params={"testerConnected":true,"appConnected":true})
03-14 22:46:34.852  6970  6999 I DetoxDispatcher: Handling action 'loginSuccess' (ID #0)...
03-14 22:46:34.852  6970  6999 I DetoxDispatcher: Done with action 'loginSuccess'
03-14 22:46:34.852  6970  6997 I Detox   : Launching the tested activity!
03-14 22:46:34.893  6970  7003 D DetoxWSClient: Received action 'isReady' (ID #-1000, params={})
03-14 22:46:34.893  6970  6999 I DetoxDispatcher: Handling action 'isReady' (ID #-1000)...
03-14 22:46:35.192  6970  6970 D AppCompatDelegate: Checking for metadata for AppLocalesMetadataHolderService : Service not found
03-14 22:46:35.280  6970  6970 D LifecycleMonitor: Lifecycle status change: com.mcfuzzysquirrel.studentfinance.MainActivity@340991c in: PRE_ON_CREATE
03-14 22:46:35.647  6970  6970 W unknown:BridgelessReact: ReactHost{0}.startSurface(surfaceId = 0): Schedule
03-14 22:46:35.650  6970  6970 W unknown:BridgelessReact: ReactHost{0}.attachSurface(surfaceId = 0)
03-14 22:46:35.651  6970  7024 W unknown:BridgelessReact: ReactHost{0}.getOrCreateReactInstanceTask()
03-14 22:46:35.651  6970  7024 W unknown:BridgelessReact: ReactHost{0}.getOrCreateReactInstanceTask(): Start
03-14 22:46:35.651  6970  7024 D Detox.RNMarker: REACT_BRIDGELESS_LOADING_START (null)
03-14 22:46:35.651  6970  7024 W unknown:BridgelessReact: ReactHost{0}.getJSBundleLoader()
03-14 22:46:35.651  6970  7024 W unknown:BridgelessReact: ReactHost{0}.isMetroRunning()
03-14 22:46:35.667  6970  7025 D TrafficStats: tagSocket(109) with statsTag=0xffffffff, statsUid=-1
03-14 22:46:35.677  6970  7026 D TrafficStats: tagSocket(111) with statsTag=0xffffffff, statsUid=-1
03-14 22:46:35.683  6970  7026 W unknown:ReconnectingWebSocket: Couldn't connect to "ws://10.0.2.2:8081/message?device=sdk_gphone64_x86_64%20-%2015%20-%20API%2035&app=com.mcfuzzysquirrel.studentfinance&clientid=BridgelessDevSupportManager", will silently retry
03-14 22:46:35.686  6970  6970 W .studentfinance: Accessing hidden method Landroid/view/ViewGroup;->makeOptionalFitsSystemWindows()V (unsupported, reflection, allowed)
03-14 22:46:35.691  6970  6970 D LifecycleMonitor: Lifecycle status change: com.mcfuzzysquirrel.studentfinance.MainActivity@340991c in: CREATED
03-14 22:46:35.695  6970  6970 D LifecycleMonitor: Lifecycle status change: com.mcfuzzysquirrel.studentfinance.MainActivity@340991c in: STARTED
03-14 22:46:35.699  6970  6970 W unknown:BridgelessReact: ReactHost{0}.onHostResume(activity)
03-14 22:46:35.699  6970  6970 W unknown:ReactNative: Packager connection already open, nooping.
03-14 22:46:35.699  6970  6970 D LifecycleMonitor: Lifecycle status change: com.mcfuzzysquirrel.studentfinance.MainActivity@340991c in: RESUMED
03-14 22:46:35.704  6970  7025 W unknown:ReactNative: The packager does not seem to be running as we got an IOException requesting its status: Failed to connect to /10.0.2.2:8081
03-14 22:46:35.704  6970  7025 W unknown:BridgelessReact: ReactHost{0}.isMetroRunning(): Async result = false
03-14 22:46:35.710  6970  6970 W HWUI    : Unknown dataspace 0
03-14 22:46:35.710  6970  7024 W unknown:BridgelessReact: ReactHost{0}.getOrCreateReactInstanceTask(): Creating BridgelessReactContext
03-14 22:46:35.711  6970  7024 W unknown:BridgelessReact: ReactHost{0}.getOrCreateReactInstanceTask(): Creating ReactInstance
03-14 22:46:35.749  6970  7009 I EGL_emulation: Opening libGLESv1_CM_emulation.so
03-14 22:46:35.749  6970  7009 I EGL_emulation: Opening libGLESv2_emulation.so
03-14 22:46:35.799  6970  7009 W HWUI    : Failed to initialize 101010-2 format, error = EGL_SUCCESS
03-14 22:46:35.843  6970  7030 D TrafficStats: tagSocket(124) with statsTag=0xffffffff, statsUid=-1
03-14 22:46:35.861  6970  7009 I Gralloc4: mapper 4.x is not supported
03-14 22:46:35.862  6970  7024 D nativeloader: Load /data/app/~~9rWWwtrYnZOxTSYf9qhrwg==/com.mcfuzzysquirrel.studentfinance-uRqTEwpxQYKTGXQx112snA==/base.apk!/lib/x86_64/libhermesvm.so using ns clns-7 from class loader (caller=/data/app/~~9rWWwtrYnZOxTSYf9qhrwg==/com.mcfuzzysquirrel.studentfinance-uRqTEwpxQYKTGXQx112snA==/base.apk): ok
03-14 22:46:35.911  6970  7024 D nativeloader: Load /data/app/~~9rWWwtrYnZOxTSYf9qhrwg==/com.mcfuzzysquirrel.studentfinance-uRqTEwpxQYKTGXQx112snA==/base.apk!/lib/x86_64/libhermestooling.so using ns clns-7 from class loader (caller=/data/app/~~9rWWwtrYnZOxTSYf9qhrwg==/com.mcfuzzysquirrel.studentfinance-uRqTEwpxQYKTGXQx112snA==/base.apk): ok
03-14 22:46:35.918  6970  7024 D jni_lib_merge: Entering merged library JNI_OnLoad.
03-14 22:46:35.918  6970  7024 D jni_lib_merge: Preparing 4 pre-merged libs (including stub)
03-14 22:46:35.918  6970  7024 D jni_lib_merge: Preparing to register libhermes_executor_so.  onload_func: 0x727cd6088050
03-14 22:46:35.918  6970  7024 D jni_lib_merge: Preparing to register libhermesinstancejni_so.  onload_func: 0x727cd60be680
03-14 22:46:35.918  6970  7024 D jni_lib_merge: Preparing to register libjsijniprofiler_so.  onload_func: 0x727cd60c03f0
03-14 22:46:35.918  6970  7024 D jni_lib_merge: About to register 3 actual methods.
03-14 22:46:36.611  6970  7024 W .studentfinance: Verification of expo.modules.kotlin.modules.ModuleDefinitionData expo.modules.sqlite.SQLiteModule.definition() took 100.156ms (163744.48 bytecodes/s) (317768B approximate peak alloc)
03-14 22:46:36.659  6970  7024 I ExpoModulesCore: ✅ AppContext was initialized
03-14 22:46:36.820  6970  7024 W unknown:BridgelessReact: ReactHost{0}.getOrCreateReactInstanceTask(): Loading JS Bundle
03-14 22:46:36.821  6970  7027 D Detox.RNMarker: RUN_JS_BUNDLE_START (index.android.bundle)
03-14 22:46:36.825  6970  7024 W unknown:BridgelessReact: ReactHost{0}.getOrCreateReactInstanceTask(): DevSupportManager.onNewReactContextCreated()
03-14 22:46:36.833  6970  6970 W unknown:ReactNative: Packager connection already open, nooping.
03-14 22:46:36.833  6970  6970 W unknown:BridgelessReact: ReactHost{0}.ReactContext.onHostResume()
03-14 22:46:36.836  6970  6970 W unknown:BridgelessReact: ReactHost{0}.getOrCreateReactInstanceTask(): Executing ReactInstanceEventListeners
03-14 22:46:36.836  6970  6970 I DetoxRNLoading: Got new RN-context through listener
03-14 22:46:36.836  6970  7024 W unknown:BridgelessReact: ReactHost{0}.startSurface(surfaceId = 0): Execute
03-14 22:46:36.839  6970  6999 W .studentfinance: Long monitor contention with owner Instr: androidx.test.runner.AndroidJUnitRunner (6997) at void com.wix.detox.DetoxMain.launchActivityOnCue(android.content.Context, com.wix.detox.ActivityLaunchHelper)(DetoxMain.kt:53) waiters=0 in void com.wix.detox.DetoxMain$setupActionHandlers$SynchronizedActionHandler.handle(java.lang.String, long) for 1.946s
03-14 22:46:36.841  6970  6970 W .studentfinance: Accessing hidden method Landroid/os/MessageQueue;->next()Landroid/os/Message; (unsupported, reflection, allowed)
03-14 22:46:36.841  6970  6970 W .studentfinance: Accessing hidden field Landroid/os/MessageQueue;->mMessages:Landroid/os/Message; (unsupported, reflection, allowed)
03-14 22:46:36.841  6970  6970 W .studentfinance: Accessing hidden method Landroid/os/Message;->recycleUnchecked()V (unsupported, reflection, allowed)
03-14 22:46:36.844  6970  6970 I Detox   : Wait is over: App is now idle!
03-14 22:46:36.844  6970  6999 I DetoxWSClient: Sending out action 'ready' (ID #-1000)
03-14 22:46:36.845  6970  6999 I DetoxDispatcher: Done with action 'isReady'
03-14 22:46:36.861  6970  7027 D nativeloader: Load /data/app/~~9rWWwtrYnZOxTSYf9qhrwg==/com.mcfuzzysquirrel.studentfinance-uRqTEwpxQYKTGXQx112snA==/base.apk!/lib/x86_64/libexpo-modules-core.so using ns clns-7 from class loader (caller=/data/app/~~9rWWwtrYnZOxTSYf9qhrwg==/com.mcfuzzysquirrel.studentfinance-uRqTEwpxQYKTGXQx112snA==/base.apk): ok
03-14 22:46:36.863  6970  7003 D DetoxWSClient: Received action 'invoke' (ID #7, params={"target":{"type":"Class","value":"com.wix.detox.espresso.DetoxAssertion"},"method":"waitForAssertMatcher","args":[{"type":"Invocation","value":{"target":{"type":"Class","value":"androidx.test.espresso.Espresso"},"method":"onView","args":[{"type":"Invocation","value":{"target":{"type":"Class","value":"com.wix.detox.espresso.DetoxMatcher"},"method":"matcherForTestId","args":["dashboard-add-expense-button",{"type":"boolean","value":false}]}}]}},{"type":"Invocation","value":{"target":{"type":"Class","value":"com.wix.detox.espresso.DetoxMatcher"},"method":"matcherForSufficientlyVisible","args":[{"type":"Integer","value":75}]}},{"type":"Double","value":10}]})
03-14 22:46:36.865  6970  6999 I DetoxDispatcher: Handling action 'invoke' (ID #7)...
03-14 22:46:36.871  6970  6999 D Detox   : class com.wix.detox.espresso.DetoxMatcher, matcherForTestId, [dashboard-add-expense-button, false]
03-14 22:46:36.880  6970  6999 D Detox   : class androidx.test.espresso.Espresso, onView, [(view.getTag() is "dashboard-add-expense-button" and view has effective visibility <VISIBLE>)]
03-14 22:46:36.882  6970  6999 D Detox   : class com.wix.detox.espresso.DetoxMatcher, matcherForSufficientlyVisible, [75]
03-14 22:46:36.883  6970  6999 D Detox   : class com.wix.detox.espresso.DetoxAssertion, waitForAssertMatcher, [androidx.test.espresso.ViewInteraction@dd21ede, (view has effective visibility <VISIBLE> and view.getGlobalVisibleRect() covers at least <75> percent of the view's area), 10.0]
03-14 22:46:36.904  6970  6970 I ViewInteraction: Checking 'MatchesViewAssertion(Detox){viewMatcher=(view has effective visibility <VISIBLE> and view.getGlobalVisibleRect() covers at least <75> percent of the view's area)}' assertion on view (view.getTag() is "dashboard-add-expense-button" and view has effective visibility <VISIBLE>)
03-14 22:46:36.940  6970  7027 W unknown:ViewManagerPropertyUpdater: Could not find generated setter for class com.th3rdwave.safeareacontext.SafeAreaProviderManager
03-14 22:46:36.944  6970  7027 W unknown:ViewManagerPropertyUpdater: Could not find generated setter for class com.facebook.react.uimanager.LayoutShadowNode
03-14 22:46:36.945  6970  6970 I ViewInteraction: Checking 'MatchesViewAssertion(Detox){viewMatcher=(view has effective visibility <VISIBLE> and view.getGlobalVisibleRect() covers at least <75> percent of the view's area)}' assertion on view (view.getTag() is "dashboard-add-expense-button" and view has effective visibility <VISIBLE>)
03-14 22:46:36.947  6970  7027 W unknown:ViewManagerPropertyUpdater: Could not find generated setter for class com.swmansion.rnscreens.SearchBarManager
03-14 22:46:36.948  6970  7027 W unknown:ViewManagerPropertyUpdater: Could not find generated setter for class com.swmansion.rnscreens.ScreenFooterManager
03-14 22:46:36.950  6970  7027 W unknown:ViewManagerPropertyUpdater: Could not find generated setter for class com.swmansion.rnscreens.gamma.tabs.TabScreenViewManager
03-14 22:46:36.952  6970  7027 W unknown:ViewManagerPropertyUpdater: Could not find generated setter for class expo.modules.kotlin.views.GroupViewManagerWrapper
03-14 22:46:36.953  6970  7027 W unknown:ViewManagerPropertyUpdater: Could not find generated setter for class com.swmansion.rnscreens.ScreenContainerViewManager
03-14 22:46:36.954  6970  7027 W unknown:ViewManagerPropertyUpdater: Could not find generated setter for class com.swmansion.rnscreens.gamma.tabs.TabsHostViewManager
03-14 22:46:36.957  6970  7027 W unknown:ViewManagerPropertyUpdater: Could not find generated setter for class com.swmansion.rnscreens.ModalScreenViewManager
03-14 22:46:36.958  6970  7027 W unknown:ViewManagerPropertyUpdater: Could not find generated setter for class com.swmansion.rnscreens.ScreenStackHeaderConfigViewManager
03-14 22:46:36.959  6970  7027 W unknown:ViewManagerPropertyUpdater: Could not find generated setter for class com.swmansion.rnscreens.ScreenContentWrapperManager
03-14 22:46:36.961  6970  7027 W unknown:ViewManagerPropertyUpdater: Could not find generated setter for class com.th3rdwave.safeareacontext.SafeAreaViewManager
03-14 22:46:36.963  6970  7027 W unknown:ViewManagerPropertyUpdater: Could not find generated setter for class com.th3rdwave.safeareacontext.SafeAreaViewShadowNode
03-14 22:46:36.966  6970  7027 W unknown:ViewManagerPropertyUpdater: Could not find generated setter for class com.swmansion.rnscreens.safearea.SafeAreaViewManager
03-14 22:46:36.968  6970  7027 W unknown:ViewManagerPropertyUpdater: Could not find generated setter for class com.swmansion.rnscreens.safearea.paper.SafeAreaViewShadowNode
03-14 22:46:36.970  6970  7027 W unknown:ViewManagerPropertyUpdater: Could not find generated setter for class com.swmansion.rnscreens.ScreenViewManager
03-14 22:46:36.972  6970  7027 W unknown:ViewManagerPropertyUpdater: Could not find generated setter for class com.swmansion.rnscreens.gamma.stack.host.StackHostViewManager
03-14 22:46:36.980  6970  7027 W unknown:ViewManagerPropertyUpdater: Could not find generated setter for class com.swmansion.rnscreens.ScreenStackHeaderSubviewManager
03-14 22:46:36.986  6970  6970 I ViewInteraction: Checking 'MatchesViewAssertion(Detox){viewMatcher=(view has effective visibility <VISIBLE> and view.getGlobalVisibleRect() covers at least <75> percent of the view's area)}' assertion on view (view.getTag() is "dashboard-add-expense-button" and view has effective visibility <VISIBLE>)
03-14 22:46:36.990  6970  7027 W unknown:ViewManagerPropertyUpdater: Could not find generated setter for class com.swmansion.rnscreens.gamma.stack.screen.StackScreenViewManager
03-14 22:46:36.991  6970  7027 W unknown:ViewManagerPropertyUpdater: Could not find generated setter for class com.swmansion.rnscreens.ScreenStackViewManager
03-14 22:46:37.018  6970  6970 I ViewInteraction: Checking 'MatchesViewAssertion(Detox){viewMatcher=(view has effective visibility <VISIBLE> and view.getGlobalVisibleRect() covers at least <75> percent of the view's area)}' assertion on view (view.getTag() is "dashboard-add-expense-button" and view has effective visibility <VISIBLE>)
03-14 22:46:37.051  6970  6970 I ViewInteraction: Checking 'MatchesViewAssertion(Detox){viewMatcher=(view has effective visibility <VISIBLE> and view.getGlobalVisibleRect() covers at least <75> percent of the view's area)}' assertion on view (view.getTag() is "dashboard-add-expense-button" and view has effective visibility <VISIBLE>)
03-14 22:46:37.086  6970  6970 I ViewInteraction: Checking 'MatchesViewAssertion(Detox){viewMatcher=(view has effective visibility <VISIBLE> and view.getGlobalVisibleRect() covers at least <75> percent of the view's area)}' assertion on view (view.getTag() is "dashboard-add-expense-button" and view has effective visibility <VISIBLE>)
03-14 22:46:37.121  6970  6970 I ViewInteraction: Checking 'MatchesViewAssertion(Detox){viewMatcher=(view has effective visibility <VISIBLE> and view.getGlobalVisibleRect() covers at least <75> percent of the view's area)}' assertion on view (view.getTag() is "dashboard-add-expense-button" and view has effective visibility <VISIBLE>)
03-14 22:46:37.134  6970  6974 I .studentfinance: Compiler allocated 5174KB to compile void android.view.ViewRootImpl.performTraversals()
03-14 22:46:37.153  6970  6970 I ViewInteraction: Checking 'MatchesViewAssertion(Detox){viewMatcher=(view has effective visibility <VISIBLE> and view.getGlobalVisibleRect() covers at least <75> percent of the view's area)}' assertion on view (view.getTag() is "dashboard-add-expense-button" and view has effective visibility <VISIBLE>)
03-14 22:46:37.167  6970  7027 W unknown:ViewManagerPropertyUpdater: Could not find generated setter for class com.horcrux.svg.RenderableViewManager$DefsViewManager
03-14 22:46:37.169  6970  7027 W unknown:ViewManagerPropertyUpdater: Could not find generated setter for class com.horcrux.svg.VirtualViewManager$RenderableShadowNode
03-14 22:46:37.181  6970  7027 W unknown:ViewManagerPropertyUpdater: Could not find generated setter for class com.facebook.react.views.debuggingoverlay.DebuggingOverlayManager
03-14 22:46:37.189  6970  7027 W unknown:ViewManagerPropertyUpdater: Could not find generated setter for class com.horcrux.svg.RenderableViewManager$FeMergeManager
03-14 22:46:37.190  6970  6970 I ViewInteraction: Checking 'MatchesViewAssertion(Detox){viewMatcher=(view has effective visibility <VISIBLE> and view.getGlobalVisibleRect() covers at least <75> percent of the view's area)}' assertion on view (view.getTag() is "dashboard-add-expense-button" and view has effective visibility <VISIBLE>)
03-14 22:46:37.198  6970  7027 W unknown:ViewManagerPropertyUpdater: Could not find generated setter for class com.facebook.react.views.safeareaview.ReactSafeAreaViewManager
03-14 22:46:37.205  6970  7027 W unknown:ViewManagerPropertyUpdater: Could not find generated setter for class com.horcrux.svg.RenderableViewManager$LinearGradientManager
03-14 22:46:37.226  6970  7027 W unknown:ViewManagerPropertyUpdater: Could not find generated setter for class com.horcrux.svg.RenderableViewManager$FeGaussianBlurManager
03-14 22:46:37.229  6970  6970 I ViewInteraction: Checking 'MatchesViewAssertion(Detox){viewMatcher=(view has effective visibility <VISIBLE> and view.getGlobalVisibleRect() covers at least <75> percent of the view's area)}' assertion on view (view.getTag() is "dashboard-add-expense-button" and view has effective visibility <VISIBLE>)
03-14 22:46:37.236  6970  7027 W unknown:ViewManagerPropertyUpdater: Could not find generated setter for class com.facebook.react.views.progressbar.ReactProgressBarViewManager
03-14 22:46:37.237  6970  7027 W unknown:ViewManagerPropertyUpdater: Could not find generated setter for class com.facebook.react.views.progressbar.ProgressBarShadowNode
03-14 22:46:37.246  6970  7027 W unknown:ViewManagerPropertyUpdater: Could not find generated setter for class com.facebook.react.views.scroll.ReactHorizontalScrollViewManager
03-14 22:46:37.258  6970  7027 W unknown:ViewManagerPropertyUpdater: Could not find generated setter for class com.facebook.react.views.text.ReactTextViewManager
03-14 22:46:37.260  6970  7027 W unknown:ViewManagerPropertyUpdater: Could not find generated setter for class com.facebook.react.views.text.ReactTextShadowNode
03-14 22:46:37.265  6970  6970 I ViewInteraction: Checking 'MatchesViewAssertion(Detox){viewMatcher=(view has effective visibility <VISIBLE> and view.getGlobalVisibleRect() covers at least <75> percent of the view's area)}' assertion on view (view.getTag() is "dashboard-add-expense-button" and view has effective visibility <VISIBLE>)
03-14 22:46:37.269  6970  7027 W unknown:ViewManagerPropertyUpdater: Could not find generated setter for class com.horcrux.svg.RenderableViewManager$FeColorMatrixManager
03-14 22:46:37.277  6970  7027 W unknown:ViewManagerPropertyUpdater: Could not find generated setter for class com.facebook.react.views.scroll.ReactHorizontalScrollContainerViewManager
03-14 22:46:37.285  6970  7027 W unknown:ViewManagerPropertyUpdater: Could not find generated setter for class com.horcrux.svg.RenderableViewManager$ClipPathViewManager
03-14 22:46:37.294  6970  7027 W unknown:ViewManagerPropertyUpdater: Could not find generated setter for class com.horcrux.svg.RenderableViewManager$SymbolManager
03-14 22:46:37.304  6970  6970 I ViewInteraction: Checking 'MatchesViewAssertion(Detox){viewMatcher=(view has effective visibility <VISIBLE> and view.getGlobalVisibleRect() covers at least <75> percent of the view's area)}' assertion on view (view.getTag() is "dashboard-add-expense-button" and view has effective visibility <VISIBLE>)
03-14 22:46:37.309  6970  7027 W unknown:ViewManagerPropertyUpdater: Could not find generated setter for class com.horcrux.svg.RenderableViewManager$PatternManager
03-14 22:46:37.329  6970  7027 W unknown:ViewManagerPropertyUpdater: Could not find generated setter for class com.horcrux.svg.RenderableViewManager$FeBlendManager
03-14 22:46:37.338  6970  6970 I ViewInteraction: Checking 'MatchesViewAssertion(Detox){viewMatcher=(view has effective visibility <VISIBLE> and view.getGlobalVisibleRect() covers at least <75> percent of the view's area)}' assertion on view (view.getTag() is "dashboard-add-expense-button" and view has effective visibility <VISIBLE>)
03-14 22:46:37.340  6970  7027 W unknown:ViewManagerPropertyUpdater: Could not find generated setter for class com.facebook.react.views.view.ReactViewManager
03-14 22:46:37.368  6970  7027 W unknown:ViewManagerPropertyUpdater: Could not find generated setter for class com.horcrux.svg.SvgViewManager
03-14 22:46:37.375  6970  6970 I ViewInteraction: Checking 'MatchesViewAssertion(Detox){viewMatcher=(view has effective visibility <VISIBLE> and view.getGlobalVisibleRect() covers at least <75> percent of the view's area)}' assertion on view (view.getTag() is "dashboard-add-expense-button" and view has effective visibility <VISIBLE>)
03-14 22:46:37.383  6970  7027 W unknown:ViewManagerPropertyUpdater: Could not find generated setter for class com.facebook.react.views.switchview.ReactSwitchManager
03-14 22:46:37.385  6970  7027 W unknown:ViewManagerPropertyUpdater: Could not find generated setter for class com.facebook.react.views.switchview.ReactSwitchShadowNode
03-14 22:46:37.392  6970  7027 W unknown:ViewManagerPropertyUpdater: Could not find generated setter for class com.horcrux.svg.RenderableViewManager$UseViewManager
03-14 22:46:37.412  6970  6970 I ViewInteraction: Checking 'MatchesViewAssertion(Detox){viewMatcher=(view has effective visibility <VISIBLE> and view.getGlobalVisibleRect() covers at least <75> percent of the view's area)}' assertion on view (view.getTag() is "dashboard-add-expense-button" and view has effective visibility <VISIBLE>)
03-14 22:46:37.414  6970  7027 W unknown:ViewManagerPropertyUpdater: Could not find generated setter for class com.horcrux.svg.RenderableViewManager$CircleViewManager
03-14 22:46:37.423  6970  7027 W unknown:ViewManagerPropertyUpdater: Could not find generated setter for class com.horcrux.svg.RenderableViewManager$TSpanViewManager
03-14 22:46:37.434  6970  7027 W unknown:ViewManagerPropertyUpdater: Could not find generated setter for class com.horcrux.svg.RenderableViewManager$FilterManager
03-14 22:46:37.441  6970  7027 W unknown:ViewManagerPropertyUpdater: Could not find generated setter for class com.horcrux.svg.RenderableViewManager$MarkerManager
03-14 22:46:37.446  6970  6970 I ViewInteraction: Checking 'MatchesViewAssertion(Detox){viewMatcher=(view has effective visibility <VISIBLE> and view.getGlobalVisibleRect() covers at least <75> percent of the view's area)}' assertion on view (view.getTag() is "dashboard-add-expense-button" and view has effective visibility <VISIBLE>)
03-14 22:46:37.452  6970  7027 W unknown:ViewManagerPropertyUpdater: Could not find generated setter for class com.swmansion.gesturehandler.react.RNGestureHandlerButtonViewManager
03-14 22:46:37.464  6970  7027 W unknown:ViewManagerPropertyUpdater: Could not find generated setter for class com.facebook.react.views.modal.ReactModalHostManager
03-14 22:46:37.477  6970  6970 I ViewInteraction: Checking 'MatchesViewAssertion(Detox){viewMatcher=(view has effective visibility <VISIBLE> and view.getGlobalVisibleRect() covers at least <75> percent of the view's area)}' assertion on view (view.getTag() is "dashboard-add-expense-button" and view has effective visibility <VISIBLE>)
03-14 22:46:37.480  6970  7027 W unknown:ViewManagerPropertyUpdater: Could not find generated setter for class com.horcrux.svg.RenderableViewManager$ForeignObjectManager
03-14 22:46:37.493  6970  7027 W unknown:ViewManagerPropertyUpdater: Could not find generated setter for class com.horcrux.svg.RenderableViewManager$EllipseViewManager
03-14 22:46:37.503  6970  7027 W unknown:ViewManagerPropertyUpdater: Could not find generated setter for class com.horcrux.svg.RenderableViewManager$LineViewManager
03-14 22:46:37.505  6970  6970 I ViewInteraction: Checking 'MatchesViewAssertion(Detox){viewMatcher=(view has effective visibility <VISIBLE> and view.getGlobalVisibleRect() covers at least <75> percent of the view's area)}' assertion on view (view.getTag() is "dashboard-add-expense-button" and view has effective visibility <VISIBLE>)
03-14 22:46:37.515  6970  7027 W unknown:ViewManagerPropertyUpdater: Could not find generated setter for class com.facebook.react.views.text.frescosupport.FrescoBasedReactTextInlineImageViewManager
03-14 22:46:37.516  6970  7027 W unknown:ViewManagerPropertyUpdater: Could not find generated setter for class com.facebook.react.views.text.frescosupport.FrescoBasedReactTextInlineImageShadowNode
03-14 22:46:37.525  6970  7027 W unknown:ViewManagerPropertyUpdater: Could not find generated setter for class com.horcrux.svg.RenderableViewManager$FeFloodManager
03-14 22:46:37.535  6970  7027 W unknown:ViewManagerPropertyUpdater: Could not find generated setter for class com.horcrux.svg.RenderableViewManager$GroupViewManager
03-14 22:46:37.537  6970  6970 I ViewInteraction: Checking 'MatchesViewAssertion(Detox){viewMatcher=(view has effective visibility <VISIBLE> and view.getGlobalVisibleRect() covers at least <75> percent of the view's area)}' assertion on view (view.getTag() is "dashboard-add-expense-button" and view has effective visibility <VISIBLE>)
03-14 22:46:37.545  6970  7027 W unknown:ViewManagerPropertyUpdater: Could not find generated setter for class com.horcrux.svg.RenderableViewManager$TextViewManager
03-14 22:46:37.563  6970  7027 W unknown:ViewManagerPropertyUpdater: Could not find generated setter for class com.horcrux.svg.RenderableViewManager$ImageViewManager
03-14 22:46:37.570  6970  6970 I ViewInteraction: Checking 'MatchesViewAssertion(Detox){viewMatcher=(view has effective visibility <VISIBLE> and view.getGlobalVisibleRect() covers at least <75> percent of the view's area)}' assertion on view (view.getTag() is "dashboard-add-expense-button" and view has effective visibility <VISIBLE>)
03-14 22:46:37.576  6970  7027 W unknown:ViewManagerPropertyUpdater: Could not find generated setter for class com.horcrux.svg.RenderableViewManager$FeCompositeManager
03-14 22:46:37.589  6970  7027 W unknown:ViewManagerPropertyUpdater: Could not find generated setter for class com.facebook.react.views.image.ReactImageManager
03-14 22:46:37.601  6970  6970 I ViewInteraction: Checking 'MatchesViewAssertion(Detox){viewMatcher=(view has effective visibility <VISIBLE> and view.getGlobalVisibleRect() covers at least <75> percent of the view's area)}' assertion on view (view.getTag() is "dashboard-add-expense-button" and view has effective visibility <VISIBLE>)
03-14 22:46:37.602  6970  7027 W unknown:ViewManagerPropertyUpdater: Could not find generated setter for class com.horcrux.svg.RenderableViewManager$RadialGradientManager
03-14 22:46:37.608  6970  6974 I .studentfinance: Compiler allocated 4219KB to compile void android.widget.TextView.<init>(android.content.Context, android.util.AttributeSet, int, int)
03-14 22:46:37.614  6970  7027 W unknown:ViewManagerPropertyUpdater: Could not find generated setter for class com.horcrux.svg.RenderableViewManager$MaskManager
03-14 22:46:37.629  6970  7027 W unknown:ViewManagerPropertyUpdater: Could not find generated setter for class com.facebook.react.views.unimplementedview.ReactUnimplementedViewManager
03-14 22:46:37.631  6970  6970 I ViewInteraction: Checking 'MatchesViewAssertion(Detox){viewMatcher=(view has effective visibility <VISIBLE> and view.getGlobalVisibleRect() covers at least <75> percent of the view's area)}' assertion on view (view.getTag() is "dashboard-add-expense-button" and view has effective visibility <VISIBLE>)
03-14 22:46:37.640  6970  7027 W unknown:ViewManagerPropertyUpdater: Could not find generated setter for class com.horcrux.svg.RenderableViewManager$RectViewManager
03-14 22:46:37.654  6970  7027 W unknown:ViewManagerPropertyUpdater: Could not find generated setter for class com.horcrux.svg.RenderableViewManager$TextPathViewManager
03-14 22:46:37.660  6970  6970 I ViewInteraction: Checking 'MatchesViewAssertion(Detox){viewMatcher=(view has effective visibility <VISIBLE> and view.getGlobalVisibleRect() covers at least <75> percent of the view's area)}' assertion on view (view.getTag() is "dashboard-add-expense-button" and view has effective visibility <VISIBLE>)
03-14 22:46:37.666  6970  7027 W unknown:ViewManagerPropertyUpdater: Could not find generated setter for class com.facebook.react.views.scroll.ReactScrollViewManager
03-14 22:46:37.675  6970  7027 W unknown:ViewManagerPropertyUpdater: Could not find generated setter for class com.horcrux.svg.RenderableViewManager$FeOffsetManager
03-14 22:46:37.684  6970  7027 W unknown:ViewManagerPropertyUpdater: Could not find generated setter for class com.horcrux.svg.RenderableViewManager$PathViewManager
03-14 22:46:37.689  6970  7026 D TrafficStats: tagSocket(133) with statsTag=0xffffffff, statsUid=-1
03-14 22:46:37.693  6970  7027 W unknown:ViewManagerPropertyUpdater: Could not find generated setter for class com.facebook.react.views.drawer.ReactDrawerLayoutManager
03-14 22:46:37.694  6970  6970 I ViewInteraction: Checking 'MatchesViewAssertion(Detox){viewMatcher=(view has effective visibility <VISIBLE> and view.getGlobalVisibleRect() covers at least <75> percent of the view's area)}' assertion on view (view.getTag() is "dashboard-add-expense-button" and view has effective visibility <VISIBLE>)
03-14 22:46:37.702  6970  7027 W unknown:ViewManagerPropertyUpdater: Could not find generated setter for class com.facebook.react.views.swiperefresh.SwipeRefreshLayoutManager
03-14 22:46:37.712  6970  7027 W unknown:ViewManagerPropertyUpdater: Could not find generated setter for class com.facebook.react.views.textinput.ReactTextInputManager
03-14 22:46:37.714  6970  7027 W unknown:ViewManagerPropertyUpdater: Could not find generated setter for class com.facebook.react.views.textinput.ReactTextInputShadowNode
03-14 22:46:37.721  6970  6970 I ViewInteraction: Checking 'MatchesViewAssertion(Detox){viewMatcher=(view has effective visibility <VISIBLE> and view.getGlobalVisibleRect() covers at least <75> percent of the view's area)}' assertion on view (view.getTag() is "dashboard-add-expense-button" and view has effective visibility <VISIBLE>)
03-14 22:46:37.722  6970  7027 W unknown:ViewManagerPropertyUpdater: Could not find generated setter for class com.swmansion.gesturehandler.react.RNGestureHandlerRootViewManager
03-14 22:46:37.744  6970  7027 W BridgelessReactContext: [WARNING] Bridgeless doesn't support CatalystInstance. Accessing an API that's not part of the new architecture is not encouraged usage.
03-14 22:46:37.747  6970  6970 I ViewInteraction: Checking 'MatchesViewAssertion(Detox){viewMatcher=(view has effective visibility <VISIBLE> and view.getGlobalVisibleRect() covers at least <75> percent of the view's area)}' assertion on view (view.getTag() is "dashboard-add-expense-button" and view has effective visibility <VISIBLE>)
03-14 22:46:37.756  6970  7027 I ExpoModulesCore: ✅ JSI interop was installed
03-14 22:46:37.760  6970  7027 I ExpoModulesCore: ✅ Constants were exported
03-14 22:46:37.774  6970  6970 I ViewInteraction: Checking 'MatchesViewAssertion(Detox){viewMatcher=(view has effective visibility <VISIBLE> and view.getGlobalVisibleRect() covers at least <75> percent of the view's area)}' assertion on view (view.getTag() is "dashboard-add-expense-button" and view has effective visibility <VISIBLE>)
03-14 22:46:37.791  6970  7027 D nativeloader: Load /data/app/~~9rWWwtrYnZOxTSYf9qhrwg==/com.mcfuzzysquirrel.studentfinance-uRqTEwpxQYKTGXQx112snA==/base.apk!/lib/x86_64/librnscreens.so using ns clns-7 from class loader (caller=/data/app/~~9rWWwtrYnZOxTSYf9qhrwg==/com.mcfuzzysquirrel.studentfinance-uRqTEwpxQYKTGXQx112snA==/base.apk!classes16.dex): ok
03-14 22:46:37.804  6970  6970 I ViewInteraction: Checking 'MatchesViewAssertion(Detox){viewMatcher=(view has effective visibility <VISIBLE> and view.getGlobalVisibleRect() covers at least <75> percent of the view's area)}' assertion on view (view.getTag() is "dashboard-add-expense-button" and view has effective visibility <VISIBLE>)
03-14 22:46:37.837  6970  6970 I ViewInteraction: Checking 'MatchesViewAssertion(Detox){viewMatcher=(view has effective visibility <VISIBLE> and view.getGlobalVisibleRect() covers at least <75> percent of the view's area)}' assertion on view (view.getTag() is "dashboard-add-expense-button" and view has effective visibility <VISIBLE>)
03-14 22:46:37.866  6970  6970 I ViewInteraction: Checking 'MatchesViewAssertion(Detox){viewMatcher=(view has effective visibility <VISIBLE> and view.getGlobalVisibleRect() covers at least <75> percent of the view's area)}' assertion on view (view.getTag() is "dashboard-add-expense-button" and view has effective visibility <VISIBLE>)
03-14 22:46:37.893  6970  6970 I ViewInteraction: Checking 'MatchesViewAssertion(Detox){viewMatcher=(view has effective visibility <VISIBLE> and view.getGlobalVisibleRect() covers at least <75> percent of the view's area)}' assertion on view (view.getTag() is "dashboard-add-expense-button" and view has effective visibility <VISIBLE>)
03-14 22:46:37.922  6970  6970 I ViewInteraction: Checking 'MatchesViewAssertion(Detox){viewMatcher=(view has effective visibility <VISIBLE> and view.getGlobalVisibleRect() covers at least <75> percent of the view's area)}' assertion on view (view.getTag() is "dashboard-add-expense-button" and view has effective visibility <VISIBLE>)
03-14 22:46:37.952  6970  6970 I ViewInteraction: Checking 'MatchesViewAssertion(Detox){viewMatcher=(view has effective visibility <VISIBLE> and view.getGlobalVisibleRect() covers at least <75> percent of the view's area)}' assertion on view (view.getTag() is "dashboard-add-expense-button" and view has effective visibility <VISIBLE>)
03-14 22:46:37.978  6970  6970 I ViewInteraction: Checking 'MatchesViewAssertion(Detox){viewMatcher=(view has effective visibility <VISIBLE> and view.getGlobalVisibleRect() covers at least <75> percent of the view's area)}' assertion on view (view.getTag() is "dashboard-add-expense-button" and view has effective visibility <VISIBLE>)
03-14 22:46:38.003  6970  6970 I ViewInteraction: Checking 'MatchesViewAssertion(Detox){viewMatcher=(view has effective visibility <VISIBLE> and view.getGlobalVisibleRect() covers at least <75> percent of the view's area)}' assertion on view (view.getTag() is "dashboard-add-expense-button" and view has effective visibility <VISIBLE>)
03-14 22:46:38.027  6970  7030 D TrafficStats: tagSocket(133) with statsTag=0xffffffff, statsUid=-1
03-14 22:46:38.032  6970  6970 I ViewInteraction: Checking 'MatchesViewAssertion(Detox){viewMatcher=(view has effective visibility <VISIBLE> and view.getGlobalVisibleRect() covers at least <75> percent of the view's area)}' assertion on view (view.getTag() is "dashboard-add-expense-button" and view has effective visibility <VISIBLE>)
03-14 22:46:38.058  6970  6970 I ViewInteraction: Checking 'MatchesViewAssertion(Detox){viewMatcher=(view has effective visibility <VISIBLE> and view.getGlobalVisibleRect() covers at least <75> percent of the view's area)}' assertion on view (view.getTag() is "dashboard-add-expense-button" and view has effective visibility <VISIBLE>)
03-14 22:46:38.084  6970  6970 I ViewInteraction: Checking 'MatchesViewAssertion(Detox){viewMatcher=(view has effective visibility <VISIBLE> and view.getGlobalVisibleRect() covers at least <75> percent of the view's area)}' assertion on view (view.getTag() is "dashboard-add-expense-button" and view has effective visibility <VISIBLE>)
03-14 22:46:38.099  6970  7027 D Detox.RNMarker: RUN_JS_BUNDLE_END (index.android.bundle)
03-14 22:46:38.099  6970  7027 I ReactNativeJS: Running "main"
03-14 22:46:38.104  6970  7027 D Detox.RNMarker: REACT_BRIDGELESS_LOADING_END (null)
03-14 22:46:38.111  6970  6970 I ViewInteraction: Checking 'MatchesViewAssertion(Detox){viewMatcher=(view has effective visibility <VISIBLE> and view.getGlobalVisibleRect() covers at least <75> percent of the view's area)}' assertion on view (view.getTag() is "dashboard-add-expense-button" and view has effective visibility <VISIBLE>)
03-14 22:46:38.118  6970  7027 D nativeloader: Load /data/app/~~9rWWwtrYnZOxTSYf9qhrwg==/com.mcfuzzysquirrel.studentfinance-uRqTEwpxQYKTGXQx112snA==/base.apk!/lib/x86_64/libgesturehandler.so using ns clns-7 from class loader (caller=/data/app/~~9rWWwtrYnZOxTSYf9qhrwg==/com.mcfuzzysquirrel.studentfinance-uRqTEwpxQYKTGXQx112snA==/base.apk): ok
03-14 22:46:38.118  6970  7027 D jni_lib_merge: Entering merged library JNI_OnLoad.
03-14 22:46:38.119  6970  7027 D jni_lib_merge: Preparing 12 pre-merged libs (including stub)
03-14 22:46:38.119  6970  7027 D jni_lib_merge: Preparing to register libfabricjni_so.  onload_func: 0x727ce5957730
03-14 22:46:38.119  6970  7027 D jni_lib_merge: Preparing to register libreact_devsupportjni_so.  onload_func: 0x727ce5b54190
03-14 22:46:38.119  6970  7027 D jni_lib_merge: Preparing to register libreact_featureflagsjni_so.  onload_func: 0x727ce5b65910
03-14 22:46:38.119  6970  7027 D jni_lib_merge: Preparing to register libreact_newarchdefaults_so.  onload_func: 0x727ce5c06d20
03-14 22:46:38.119  6970  7027 D jni_lib_merge: Preparing to register libreactnativeblob_so.  onload_func: 0x727ce5e112e0
03-14 22:46:38.119  6970  7027 D jni_lib_merge: Preparing to register libreactnativejni_so.  onload_func: 0x727ce5e51770
03-14 22:46:38.119  6970  7027 D jni_lib_merge: Preparing to register libreactnativejni_common_so.  onload_func: 0x727ce5e615d0
03-14 22:46:38.119  6970  7027 D jni_lib_merge: Preparing to register librninstance_so.  onload_func: 0x727ce5e9e4c0
03-14 22:46:38.119  6970  7027 D jni_lib_merge: Preparing to register libturbomodulejsijni_so.  onload_func: 0x727ce5fffc00
03-14 22:46:38.119  6970  7027 D jni_lib_merge: Preparing to register libuimanagerjni_so.  onload_func: 0x727ce6017de0
03-14 22:46:38.119  6970  7027 D jni_lib_merge: Preparing to register libyoga_so.  onload_func: 0x727ce6026d70
03-14 22:46:38.119  6970  7027 D jni_lib_merge: About to register 11 actual methods.
03-14 22:46:38.122  6970  6970 I ReactNative: [GESTURE HANDLER] Initialize gesture handler for root view com.facebook.react.runtime.ReactSurfaceView{9a140b7 V.E...... ......ID 0,0-1080,2400 #1}
03-14 22:46:38.125  6970  6970 D Detox.RNMarker: CONTENT_APPEARED (main)
03-14 22:46:38.140  6970  6970 I ViewInteraction: Checking 'MatchesViewAssertion(Detox){viewMatcher=(view has effective visibility <VISIBLE> and view.getGlobalVisibleRect() covers at least <75> percent of the view's area)}' assertion on view (view.getTag() is "dashboard-add-expense-button" and view has effective visibility <VISIBLE>)
03-14 22:46:38.262  6970  6970 I ViewInteraction: Checking 'MatchesViewAssertion(Detox){viewMatcher=(view has effective visibility <VISIBLE> and view.getGlobalVisibleRect() covers at least <75> percent of the view's area)}' assertion on view (view.getTag() is "dashboard-add-expense-button" and view has effective visibility <VISIBLE>)
