03-14 22:46:38.291  6970  6970 I ViewInteraction: Checking 'MatchesViewAssertion(Detox){viewMatcher=(view has effective visibility <VISIBLE> and view.getGlobalVisibleRect() covers at least <75> percent of the view's area)}' assertion on view (view.getTag() is "dashboard-add-expense-button" and view has effective visibility <VISIBLE>)
03-14 22:46:38.322  6970  6970 I ViewInteraction: Checking 'MatchesViewAssertion(Detox){viewMatcher=(view has effective visibility <VISIBLE> and view.getGlobalVisibleRect() covers at least <75> percent of the view's area)}' assertion on view (view.getTag() is "dashboard-add-expense-button" and view has effective visibility <VISIBLE>)
03-14 22:46:38.354  6970  6970 I ViewInteraction: Checking 'MatchesViewAssertion(Detox){viewMatcher=(view has effective visibility <VISIBLE> and view.getGlobalVisibleRect() covers at least <75> percent of the view's area)}' assertion on view (view.getTag() is "dashboard-add-expense-button" and view has effective visibility <VISIBLE>)
03-14 22:46:38.385  6970  6970 I ViewInteraction: Checking 'MatchesViewAssertion(Detox){viewMatcher=(view has effective visibility <VISIBLE> and view.getGlobalVisibleRect() covers at least <75> percent of the view's area)}' assertion on view (view.getTag() is "dashboard-add-expense-button" and view has effective visibility <VISIBLE>)
03-14 22:46:38.393  6970  7027 D nativeloader: Load /data/app/~~9rWWwtrYnZOxTSYf9qhrwg==/com.mcfuzzysquirrel.studentfinance-uRqTEwpxQYKTGXQx112snA==/base.apk!/lib/x86_64/libexpo-sqlite.so using ns clns-7 from class loader (caller=/data/app/~~9rWWwtrYnZOxTSYf9qhrwg==/com.mcfuzzysquirrel.studentfinance-uRqTEwpxQYKTGXQx112snA==/base.apk!classes20.dex): ok
03-14 22:46:38.417  6970  6970 I ViewInteraction: Checking 'MatchesViewAssertion(Detox){viewMatcher=(view has effective visibility <VISIBLE> and view.getGlobalVisibleRect() covers at least <75> percent of the view's area)}' assertion on view (view.getTag() is "dashboard-add-expense-button" and view has effective visibility <VISIBLE>)
03-14 22:46:38.451  6970  6970 I ViewInteraction: Checking 'MatchesViewAssertion(Detox){viewMatcher=(view has effective visibility <VISIBLE> and view.getGlobalVisibleRect() covers at least <75> percent of the view's area)}' assertion on view (view.getTag() is "dashboard-add-expense-button" and view has effective visibility <VISIBLE>)
03-14 22:46:38.482  6970  6970 I ViewInteraction: Checking 'MatchesViewAssertion(Detox){viewMatcher=(view has effective visibility <VISIBLE> and view.getGlobalVisibleRect() covers at least <75> percent of the view's area)}' assertion on view (view.getTag() is "dashboard-add-expense-button" and view has effective visibility <VISIBLE>)
03-14 22:46:38.517  6970  6970 I ViewInteraction: Checking 'MatchesViewAssertion(Detox){viewMatcher=(view has effective visibility <VISIBLE> and view.getGlobalVisibleRect() covers at least <75> percent of the view's area)}' assertion on view (view.getTag() is "dashboard-add-expense-button" and view has effective visibility <VISIBLE>)
03-14 22:46:38.550  6970  6970 I ViewInteraction: Checking 'MatchesViewAssertion(Detox){viewMatcher=(view has effective visibility <VISIBLE> and view.getGlobalVisibleRect() covers at least <75> percent of the view's area)}' assertion on view (view.getTag() is "dashboard-add-expense-button" and view has effective visibility <VISIBLE>)
03-14 22:46:38.584  6970  6970 I ViewInteraction: Checking 'MatchesViewAssertion(Detox){viewMatcher=(view has effective visibility <VISIBLE> and view.getGlobalVisibleRect() covers at least <75> percent of the view's area)}' assertion on view (view.getTag() is "dashboard-add-expense-button" and view has effective visibility <VISIBLE>)
03-14 22:46:38.595  6970  6970 W .studentfinance: Accessing hidden field Landroid/widget/ScrollView;->mScroller:Landroid/widget/OverScroller; (unsupported, reflection, allowed)
03-14 22:46:38.629  6970  6970 W [RNScreens]: backTitleFontFamily prop is not available on Android
03-14 22:46:38.630  6970  6970 W [RNScreens]: disableBackButtonMenu prop is not available on Android
03-14 22:46:38.630  6970  6970 W [RNScreens]: backTitleVisible prop is not available on Android
03-14 22:46:38.630  6970  6970 W [RNScreens]: topInsetEnabled prop is not available on Android
03-14 22:46:38.630  6970  6970 W [RNScreens]: largeTitleHideShadow prop is not available on Android
03-14 22:46:38.630  6970  6970 W [RNScreens]: largeTitleFontWeight prop is not available on Android
03-14 22:46:38.630  6970  6970 W [RNScreens]: userInterfaceStyle prop is not available on Android
03-14 22:46:38.630  6970  6970 W [RNScreens]: largeTitleFontFamily prop is not available on Android
03-14 22:46:39.178  6970  7009 D EGL_emulation: app_time_stats: avg=789.90ms min=97.04ms max=2112.40ms count=4
03-14 22:46:39.563  6970  6970 I ViewInteraction: Checking 'MatchesViewAssertion(Detox){viewMatcher=(view has effective visibility <VISIBLE> and view.getGlobalVisibleRect() covers at least <75> percent of the view's area)}' assertion on view (view.getTag() is "dashboard-add-expense-button" and view has effective visibility <VISIBLE>)
03-14 22:46:39.568  6970  6999 I DetoxWSClient: Sending out action 'invokeResult' (ID #7)
03-14 22:46:39.570  6970  6999 I DetoxDispatcher: Done with action 'invoke'
03-14 22:46:39.639  6970  7003 D DetoxWSClient: Received action 'invoke' (ID #8, params={"target":{"type":"Class","value":"com.wix.detox.espresso.EspressoDetox"},"method":"perform","args":[{"type":"Invocation","value":{"target":{"type":"Class","value":"com.wix.detox.espresso.DetoxMatcher"},"method":"matcherForTestId","args":["dashboard-add-expense-button",{"type":"boolean","value":false}]}},{"type":"Invocation","value":{"target":{"type":"Class","value":"com.wix.detox.espresso.DetoxViewActions"},"method":"click","args":[]}}]})
03-14 22:46:39.641  6970  6999 I DetoxDispatcher: Handling action 'invoke' (ID #8)...
03-14 22:46:39.642  6970  6999 D Detox   : class com.wix.detox.espresso.DetoxMatcher, matcherForTestId, [dashboard-add-expense-button, false]
03-14 22:46:39.646  6970  6999 D Detox   : class com.wix.detox.espresso.DetoxViewActions, click, []
03-14 22:46:39.678  6970  6999 W .studentfinance: Accessing hidden method Landroid/view/ViewConfiguration;->getDoubleTapMinTime()I (unsupported, reflection, allowed)
03-14 22:46:39.681  6970  6999 D Detox   : class com.wix.detox.espresso.EspressoDetox, perform, [(view.getTag() is "dashboard-add-expense-button" and view has effective visibility <VISIBLE>), com.wix.detox.espresso.action.RNClickAction@9d6f0ff]
03-14 22:46:39.762  6970  7026 D TrafficStats: tagSocket(151) with statsTag=0xffffffff, statsUid=-1
03-14 22:46:39.818  6970  6970 I ViewInteraction: Performing 'com.wix.detox.espresso.action.detoxsingletap@22c7ecc click' action on view (view.getTag() is "dashboard-add-expense-button" and view has effective visibility <VISIBLE>)
03-14 22:46:39.872  6970  7131 W .studentfinance: Accessing hidden method Landroid/hardware/input/InputManager;->injectInputEvent(Landroid/view/InputEvent;I)Z (unsupported, reflection, allowed)
03-14 22:46:40.030  6970  7135 D ProfileInstaller: Installing profile for com.mcfuzzysquirrel.studentfinance
03-14 22:46:40.087  6970  7030 D TrafficStats: tagSocket(129) with statsTag=0xffffffff, statsUid=-1
03-14 22:46:40.587  6970  6999 I DetoxWSClient: Sending out action 'invokeResult' (ID #8)
03-14 22:46:40.593  6970  6999 I DetoxDispatcher: Done with action 'invoke'
03-14 22:46:40.630  6970  7003 D DetoxWSClient: Received action 'invoke' (ID #9, params={"target":{"type":"Class","value":"com.wix.detox.espresso.DetoxAssertion"},"method":"waitForAssertMatcher","args":[{"type":"Invocation","value":{"target":{"type":"Class","value":"androidx.test.espresso.Espresso"},"method":"onView","args":[{"type":"Invocation","value":{"target":{"type":"Class","value":"com.wix.detox.espresso.DetoxMatcher"},"method":"matcherForTestId","args":["add-expense-amount-input",{"type":"boolean","value":false}]}}]}},{"type":"Invocation","value":{"target":{"type":"Class","value":"com.wix.detox.espresso.DetoxMatcher"},"method":"matcherForSufficientlyVisible","args":[{"type":"Integer","value":75}]}},{"type":"Double","value":10}]})
03-14 22:46:40.637  6970  6999 I DetoxDispatcher: Handling action 'invoke' (ID #9)...
03-14 22:46:40.638  6970  6999 D Detox   : class com.wix.detox.espresso.DetoxMatcher, matcherForTestId, [add-expense-amount-input, false]
03-14 22:46:40.639  6970  6999 D Detox   : class androidx.test.espresso.Espresso, onView, [(view.getTag() is "add-expense-amount-input" and view has effective visibility <VISIBLE>)]
03-14 22:46:40.644  6970  6999 D Detox   : class com.wix.detox.espresso.DetoxMatcher, matcherForSufficientlyVisible, [75]
03-14 22:46:40.645  6970  6999 D Detox   : class com.wix.detox.espresso.DetoxAssertion, waitForAssertMatcher, [androidx.test.espresso.ViewInteraction@d2bdf4, (view has effective visibility <VISIBLE> and view.getGlobalVisibleRect() covers at least <75> percent of the view's area), 10.0]
03-14 22:46:40.775  6970  6970 I ViewInteraction: Checking 'MatchesViewAssertion(Detox){viewMatcher=(view has effective visibility <VISIBLE> and view.getGlobalVisibleRect() covers at least <75> percent of the view's area)}' assertion on view (view.getTag() is "add-expense-amount-input" and view has effective visibility <VISIBLE>)
03-14 22:46:40.800  6970  6970 W [RNScreens]: backTitleFontFamily prop is not available on Android
03-14 22:46:40.800  6970  6970 W [RNScreens]: disableBackButtonMenu prop is not available on Android
03-14 22:46:40.801  6970  6970 W [RNScreens]: backTitleVisible prop is not available on Android
03-14 22:46:40.801  6970  6970 W [RNScreens]: topInsetEnabled prop is not available on Android
03-14 22:46:40.801  6970  6970 W [RNScreens]: largeTitleHideShadow prop is not available on Android
03-14 22:46:40.802  6970  6970 W [RNScreens]: largeTitleFontWeight prop is not available on Android
03-14 22:46:40.802  6970  6970 W [RNScreens]: userInterfaceStyle prop is not available on Android
03-14 22:46:40.802  6970  6970 W [RNScreens]: largeTitleFontFamily prop is not available on Android
03-14 22:46:40.904  6970  6970 I ImeTracker: com.mcfuzzysquirrel.studentfinance:f66f5eb2: onRequestShow at ORIGIN_CLIENT reason SHOW_SOFT_INPUT fromUser false
03-14 22:46:40.918  6970  6970 D InputMethodManager: showSoftInput() view=com.facebook.react.views.textinput.ReactEditText{f235f81 VFED..CL. .F....ID 47,130-1033,331 #188 aid=1073741825} flags=0 reason=SHOW_SOFT_INPUT
03-14 22:46:41.334  6970  7009 D EGL_emulation: app_time_stats: avg=422.32ms min=59.89ms max=1283.45ms count=5
03-14 22:46:41.354  6970  6970 D InsetsController: show(ime(), fromIme=true)
03-14 22:46:41.413  6970  7151 W InteractionJankMonitor: Initializing without READ_DEVICE_CONFIG permission. enabled=true, interval=1, missedFrameThreshold=3, frameTimeThreshold=64, package=com.mcfuzzysquirrel.studentfinance
03-14 22:46:41.534  6970  6975 I .studentfinance: Background concurrent mark compact GC freed 36MB AllocSpace bytes, 40(2392KB) LOS objects, 49% free, 12MB/24MB, paused 581us,18.153ms total 850.570ms
03-14 22:46:41.823  6970  6970 I ImeTracker: com.mcfuzzysquirrel.studentfinance:f66f5eb2: onShown
03-14 22:46:41.942  6970  7026 D TrafficStats: tagSocket(146) with statsTag=0xffffffff, statsUid=-1
03-14 22:46:41.946  6970  6970 I ViewInteraction: Checking 'MatchesViewAssertion(Detox){viewMatcher=(view has effective visibility <VISIBLE> and view.getGlobalVisibleRect() covers at least <75> percent of the view's area)}' assertion on view (view.getTag() is "add-expense-amount-input" and view has effective visibility <VISIBLE>)
03-14 22:46:41.955  6970  6999 I DetoxWSClient: Sending out action 'invokeResult' (ID #9)
03-14 22:46:41.960  6970  6999 I DetoxDispatcher: Done with action 'invoke'
03-14 22:46:41.988  6970  7003 D DetoxWSClient: Received action 'invoke' (ID #10, params={"target":{"type":"Class","value":"com.wix.detox.espresso.EspressoDetox"},"method":"perform","args":[{"type":"Invocation","value":{"target":{"type":"Class","value":"com.wix.detox.espresso.DetoxMatcher"},"method":"matcherForTestId","args":["add-expense-amount-input",{"type":"boolean","value":false}]}},{"type":"Invocation","value":{"target":{"type":"Class","value":"androidx.test.espresso.action.ViewActions"},"method":"replaceText","args":["12.34"]}}]})
03-14 22:46:41.989  6970  6999 I DetoxDispatcher: Handling action 'invoke' (ID #10)...
03-14 22:46:41.993  6970  6999 D Detox   : class com.wix.detox.espresso.DetoxMatcher, matcherForTestId, [add-expense-amount-input, false]
03-14 22:46:41.993  6970  6999 D Detox   : class androidx.test.espresso.action.ViewActions, replaceText, [12.34]
03-14 22:46:41.995  6970  6999 D Detox   : class com.wix.detox.espresso.EspressoDetox, perform, [(view.getTag() is "add-expense-amount-input" and view has effective visibility <VISIBLE>), androidx.test.espresso.action.ReplaceTextAction@dec5939]
03-14 22:46:42.002  6970  6970 I ViewInteraction: Performing 'replace text(12.34)' action on view (view.getTag() is "add-expense-amount-input" and view has effective visibility <VISIBLE>)
03-14 22:46:42.018  6970  6999 I DetoxWSClient: Sending out action 'invokeResult' (ID #10)
03-14 22:46:42.018  6970  6999 I DetoxDispatcher: Done with action 'invoke'
03-14 22:46:42.026  6970  7003 D DetoxWSClient: Received action 'invoke' (ID #11, params={"target":{"type":"Class","value":"com.wix.detox.espresso.DetoxAssertion"},"method":"waitForAssertMatcher","args":[{"type":"Invocation","value":{"target":{"type":"Class","value":"androidx.test.espresso.Espresso"},"method":"onView","args":[{"type":"Invocation","value":{"target":{"type":"Class","value":"com.wix.detox.espresso.DetoxMatcher"},"method":"matcherForTestId","args":["category-grid-item-default-food",{"type":"boolean","value":false}]}}]}},{"type":"Invocation","value":{"target":{"type":"Class","value":"com.wix.detox.espresso.DetoxMatcher"},"method":"matcherForSufficientlyVisible","args":[{"type":"Integer","value":75}]}},{"type":"Double","value":10}]})
03-14 22:46:42.026  6970  6999 I DetoxDispatcher: Handling action 'invoke' (ID #11)...
03-14 22:46:42.026  6970  6999 D Detox   : class com.wix.detox.espresso.DetoxMatcher, matcherForTestId, [category-grid-item-default-food, false]
03-14 22:46:42.027  6970  6999 D Detox   : class androidx.test.espresso.Espresso, onView, [(view.getTag() is "category-grid-item-default-food" and view has effective visibility <VISIBLE>)]
03-14 22:46:42.039  6970  6999 D Detox   : class com.wix.detox.espresso.DetoxMatcher, matcherForSufficientlyVisible, [75]
03-14 22:46:42.039  6970  6999 D Detox   : class com.wix.detox.espresso.DetoxAssertion, waitForAssertMatcher, [androidx.test.espresso.ViewInteraction@54017e2, (view has effective visibility <VISIBLE> and view.getGlobalVisibleRect() covers at least <75> percent of the view's area), 10.0]
03-14 22:46:42.089  6970  6970 I ViewInteraction: Checking 'MatchesViewAssertion(Detox){viewMatcher=(view has effective visibility <VISIBLE> and view.getGlobalVisibleRect() covers at least <75> percent of the view's area)}' assertion on view (view.getTag() is "category-grid-item-default-food" and view has effective visibility <VISIBLE>)
03-14 22:46:42.106  6970  6999 I DetoxWSClient: Sending out action 'invokeResult' (ID #11)
03-14 22:46:42.107  6970  6999 I DetoxDispatcher: Done with action 'invoke'
03-14 22:46:42.118  6970  7003 D DetoxWSClient: Received action 'invoke' (ID #12, params={"target":{"type":"Class","value":"com.wix.detox.espresso.EspressoDetox"},"method":"perform","args":[{"type":"Invocation","value":{"target":{"type":"Class","value":"com.wix.detox.espresso.DetoxMatcher"},"method":"matcherForTestId","args":["category-grid-item-default-food",{"type":"boolean","value":false}]}},{"type":"Invocation","value":{"target":{"type":"Class","value":"com.wix.detox.espresso.DetoxViewActions"},"method":"click","args":[]}}]})
03-14 22:46:42.121  6970  6999 I DetoxDispatcher: Handling action 'invoke' (ID #12)...
03-14 22:46:42.121  6970  6999 D Detox   : class com.wix.detox.espresso.DetoxMatcher, matcherForTestId, [category-grid-item-default-food, false]
03-14 22:46:42.149  6970  6999 D Detox   : class com.wix.detox.espresso.DetoxViewActions, click, []
03-14 22:46:42.149  6970  6999 D Detox   : class com.wix.detox.espresso.EspressoDetox, perform, [(view.getTag() is "category-grid-item-default-food" and view has effective visibility <VISIBLE>), com.wix.detox.espresso.action.RNClickAction@a152b60]
03-14 22:46:42.152  6970  6970 I ViewInteraction: Performing 'com.wix.detox.espresso.action.detoxsingletap@a7ae819 click' action on view (view.getTag() is "category-grid-item-default-food" and view has effective visibility <VISIBLE>)
03-14 22:46:42.166  6970  7030 D TrafficStats: tagSocket(145) with statsTag=0xffffffff, statsUid=-1
03-14 22:46:42.576  6970  7009 D EGL_emulation: app_time_stats: avg=116.84ms min=17.36ms max=328.34ms count=10
03-14 22:46:42.922  6970  6999 I DetoxWSClient: Sending out action 'invokeResult' (ID #12)
03-14 22:46:42.923  6970  6999 I DetoxDispatcher: Done with action 'invoke'
03-14 22:46:42.947  6970  7003 D DetoxWSClient: Received action 'invoke' (ID #13, params={"target":{"type":"Class","value":"com.wix.detox.espresso.DetoxAssertion"},"method":"waitForAssertMatcher","args":[{"type":"Invocation","value":{"target":{"type":"Class","value":"androidx.test.espresso.Espresso"},"method":"onView","args":[{"type":"Invocation","value":{"target":{"type":"Class","value":"com.wix.detox.espresso.DetoxMatcher"},"method":"matcherForTestId","args":["add-expense-note-toggle",{"type":"boolean","value":false}]}}]}},{"type":"Invocation","value":{"target":{"type":"Class","value":"com.wix.detox.espresso.DetoxMatcher"},"method":"matcherForSufficientlyVisible","args":[{"type":"Integer","value":75}]}},{"type":"Double","value":10}]})
03-14 22:46:42.951  6970  6999 I DetoxDispatcher: Handling action 'invoke' (ID #13)...
03-14 22:46:42.951  6970  6999 D Detox   : class com.wix.detox.espresso.DetoxMatcher, matcherForTestId, [add-expense-note-toggle, false]
03-14 22:46:42.952  6970  6999 D Detox   : class androidx.test.espresso.Espresso, onView, [(view.getTag() is "add-expense-note-toggle" and view has effective visibility <VISIBLE>)]
03-14 22:46:42.952  6970  6999 D Detox   : class com.wix.detox.espresso.DetoxMatcher, matcherForSufficientlyVisible, [75]
03-14 22:46:42.953  6970  6999 D Detox   : class com.wix.detox.espresso.DetoxAssertion, waitForAssertMatcher, [androidx.test.espresso.ViewInteraction@92a7008, (view has effective visibility <VISIBLE> and view.getGlobalVisibleRect() covers at least <75> percent of the view's area), 10.0]
03-14 22:46:42.954  6970  6970 I ViewInteraction: Checking 'MatchesViewAssertion(Detox){viewMatcher=(view has effective visibility <VISIBLE> and view.getGlobalVisibleRect() covers at least <75> percent of the view's area)}' assertion on view (view.getTag() is "add-expense-note-toggle" and view has effective visibility <VISIBLE>)
03-14 22:46:42.958  6970  6999 I DetoxWSClient: Sending out action 'invokeResult' (ID #13)
03-14 22:46:42.958  6970  6999 I DetoxDispatcher: Done with action 'invoke'
03-14 22:46:42.978  6970  7003 D DetoxWSClient: Received action 'invoke' (ID #14, params={"target":{"type":"Class","value":"com.wix.detox.espresso.EspressoDetox"},"method":"perform","args":[{"type":"Invocation","value":{"target":{"type":"Class","value":"com.wix.detox.espresso.DetoxMatcher"},"method":"matcherForTestId","args":["add-expense-note-toggle",{"type":"boolean","value":false}]}},{"type":"Invocation","value":{"target":{"type":"Class","value":"com.wix.detox.espresso.DetoxViewActions"},"method":"click","args":[]}}]})
03-14 22:46:42.979  6970  6999 I DetoxDispatcher: Handling action 'invoke' (ID #14)...
03-14 22:46:42.979  6970  6999 D Detox   : class com.wix.detox.espresso.DetoxMatcher, matcherForTestId, [add-expense-note-toggle, false]
03-14 22:46:42.979  6970  6999 D Detox   : class com.wix.detox.espresso.DetoxViewActions, click, []
03-14 22:46:42.979  6970  6999 D Detox   : class com.wix.detox.espresso.EspressoDetox, perform, [(view.getTag() is "add-expense-note-toggle" and view has effective visibility <VISIBLE>), com.wix.detox.espresso.action.RNClickAction@2b8d9c6]
03-14 22:46:42.981  6970  6970 I ViewInteraction: Performing 'com.wix.detox.espresso.action.detoxsingletap@333d87 click' action on view (view.getTag() is "add-expense-note-toggle" and view has effective visibility <VISIBLE>)
03-14 22:46:43.465  6970  6999 I DetoxWSClient: Sending out action 'invokeResult' (ID #14)
03-14 22:46:43.466  6970  6999 I DetoxDispatcher: Done with action 'invoke'
03-14 22:46:43.469  6970  7003 D DetoxWSClient: Received action 'invoke' (ID #15, params={"target":{"type":"Class","value":"com.wix.detox.espresso.DetoxAssertion"},"method":"waitForAssertMatcher","args":[{"type":"Invocation","value":{"target":{"type":"Class","value":"androidx.test.espresso.Espresso"},"method":"onView","args":[{"type":"Invocation","value":{"target":{"type":"Class","value":"com.wix.detox.espresso.DetoxMatcher"},"method":"matcherForTestId","args":["add-expense-note-input",{"type":"boolean","value":false}]}}]}},{"type":"Invocation","value":{"target":{"type":"Class","value":"com.wix.detox.espresso.DetoxMatcher"},"method":"matcherForSufficientlyVisible","args":[{"type":"Integer","value":75}]}},{"type":"Double","value":10}]})
03-14 22:46:43.469  6970  6999 I DetoxDispatcher: Handling action 'invoke' (ID #15)...
03-14 22:46:43.470  6970  6999 D Detox   : class com.wix.detox.espresso.DetoxMatcher, matcherForTestId, [add-expense-note-input, false]
03-14 22:46:43.470  6970  6999 D Detox   : class androidx.test.espresso.Espresso, onView, [(view.getTag() is "add-expense-note-input" and view has effective visibility <VISIBLE>)]
03-14 22:46:43.471  6970  6999 D Detox   : class com.wix.detox.espresso.DetoxMatcher, matcherForSufficientlyVisible, [75]
03-14 22:46:43.471  6970  6999 D Detox   : class com.wix.detox.espresso.DetoxAssertion, waitForAssertMatcher, [androidx.test.espresso.ViewInteraction@12c34b9, (view has effective visibility <VISIBLE> and view.getGlobalVisibleRect() covers at least <75> percent of the view's area), 10.0]
03-14 22:46:43.493  6970  6970 I ViewInteraction: Checking 'MatchesViewAssertion(Detox){viewMatcher=(view has effective visibility <VISIBLE> and view.getGlobalVisibleRect() covers at least <75> percent of the view's area)}' assertion on view (view.getTag() is "add-expense-note-input" and view has effective visibility <VISIBLE>)
03-14 22:46:43.537  6970  6970 I ViewInteraction: Checking 'MatchesViewAssertion(Detox){viewMatcher=(view has effective visibility <VISIBLE> and view.getGlobalVisibleRect() covers at least <75> percent of the view's area)}' assertion on view (view.getTag() is "add-expense-note-input" and view has effective visibility <VISIBLE>)
03-14 22:46:43.581  6970  6970 I ViewInteraction: Checking 'MatchesViewAssertion(Detox){viewMatcher=(view has effective visibility <VISIBLE> and view.getGlobalVisibleRect() covers at least <75> percent of the view's area)}' assertion on view (view.getTag() is "add-expense-note-input" and view has effective visibility <VISIBLE>)
03-14 22:46:43.627  6970  6970 I ViewInteraction: Checking 'MatchesViewAssertion(Detox){viewMatcher=(view has effective visibility <VISIBLE> and view.getGlobalVisibleRect() covers at least <75> percent of the view's area)}' assertion on view (view.getTag() is "add-expense-note-input" and view has effective visibility <VISIBLE>)
03-14 22:46:43.672  6970  6970 I ViewInteraction: Checking 'MatchesViewAssertion(Detox){viewMatcher=(view has effective visibility <VISIBLE> and view.getGlobalVisibleRect() covers at least <75> percent of the view's area)}' assertion on view (view.getTag() is "add-expense-note-input" and view has effective visibility <VISIBLE>)
03-14 22:46:43.720  6970  7009 D EGL_emulation: app_time_stats: avg=103.03ms min=18.02ms max=504.53ms count=10
03-14 22:46:43.761  6970  6970 I ViewInteraction: Checking 'MatchesViewAssertion(Detox){viewMatcher=(view has effective visibility <VISIBLE> and view.getGlobalVisibleRect() covers at least <75> percent of the view's area)}' assertion on view (view.getTag() is "add-expense-note-input" and view has effective visibility <VISIBLE>)
03-14 22:46:43.811  6970  6970 I ViewInteraction: Checking 'MatchesViewAssertion(Detox){viewMatcher=(view has effective visibility <VISIBLE> and view.getGlobalVisibleRect() covers at least <75> percent of the view's area)}' assertion on view (view.getTag() is "add-expense-note-input" and view has effective visibility <VISIBLE>)
03-14 22:46:43.860  6970  6970 I ViewInteraction: Checking 'MatchesViewAssertion(Detox){viewMatcher=(view has effective visibility <VISIBLE> and view.getGlobalVisibleRect() covers at least <75> percent of the view's area)}' assertion on view (view.getTag() is "add-expense-note-input" and view has effective visibility <VISIBLE>)
03-14 22:46:43.908  6970  6970 I ViewInteraction: Checking 'MatchesViewAssertion(Detox){viewMatcher=(view has effective visibility <VISIBLE> and view.getGlobalVisibleRect() covers at least <75> percent of the view's area)}' assertion on view (view.getTag() is "add-expense-note-input" and view has effective visibility <VISIBLE>)
03-14 22:46:43.957  6970  6970 I ViewInteraction: Checking 'MatchesViewAssertion(Detox){viewMatcher=(view has effective visibility <VISIBLE> and view.getGlobalVisibleRect() covers at least <75> percent of the view's area)}' assertion on view (view.getTag() is "add-expense-note-input" and view has effective visibility <VISIBLE>)
03-14 22:46:43.960  6970  7026 D TrafficStats: tagSocket(136) with statsTag=0xffffffff, statsUid=-1
03-14 22:46:44.000  6970  6970 I ViewInteraction: Checking 'MatchesViewAssertion(Detox){viewMatcher=(view has effective visibility <VISIBLE> and view.getGlobalVisibleRect() covers at least <75> percent of the view's area)}' assertion on view (view.getTag() is "add-expense-note-input" and view has effective visibility <VISIBLE>)
03-14 22:46:44.041  6970  6970 I ViewInteraction: Checking 'MatchesViewAssertion(Detox){viewMatcher=(view has effective visibility <VISIBLE> and view.getGlobalVisibleRect() covers at least <75> percent of the view's area)}' assertion on view (view.getTag() is "add-expense-note-input" and view has effective visibility <VISIBLE>)
03-14 22:46:44.082  6970  6970 I ViewInteraction: Checking 'MatchesViewAssertion(Detox){viewMatcher=(view has effective visibility <VISIBLE> and view.getGlobalVisibleRect() covers at least <75> percent of the view's area)}' assertion on view (view.getTag() is "add-expense-note-input" and view has effective visibility <VISIBLE>)
03-14 22:46:44.120  6970  6970 I ViewInteraction: Checking 'MatchesViewAssertion(Detox){viewMatcher=(view has effective visibility <VISIBLE> and view.getGlobalVisibleRect() covers at least <75> percent of the view's area)}' assertion on view (view.getTag() is "add-expense-note-input" and view has effective visibility <VISIBLE>)
03-14 22:46:44.163  6970  6970 I ViewInteraction: Checking 'MatchesViewAssertion(Detox){viewMatcher=(view has effective visibility <VISIBLE> and view.getGlobalVisibleRect() covers at least <75> percent of the view's area)}' assertion on view (view.getTag() is "add-expense-note-input" and view has effective visibility <VISIBLE>)
03-14 22:46:44.176  6970  7030 D TrafficStats: tagSocket(136) with statsTag=0xffffffff, statsUid=-1
03-14 22:46:44.203  6970  6970 I ViewInteraction: Checking 'MatchesViewAssertion(Detox){viewMatcher=(view has effective visibility <VISIBLE> and view.getGlobalVisibleRect() covers at least <75> percent of the view's area)}' assertion on view (view.getTag() is "add-expense-note-input" and view has effective visibility <VISIBLE>)
03-14 22:46:44.263  6970  6970 I ViewInteraction: Checking 'MatchesViewAssertion(Detox){viewMatcher=(view has effective visibility <VISIBLE> and view.getGlobalVisibleRect() covers at least <75> percent of the view's area)}' assertion on view (view.getTag() is "add-expense-note-input" and view has effective visibility <VISIBLE>)
03-14 22:46:44.301  6970  6970 I ViewInteraction: Checking 'MatchesViewAssertion(Detox){viewMatcher=(view has effective visibility <VISIBLE> and view.getGlobalVisibleRect() covers at least <75> percent of the view's area)}' assertion on view (view.getTag() is "add-expense-note-input" and view has effective visibility <VISIBLE>)
03-14 22:46:44.354  6970  6970 I ViewInteraction: Checking 'MatchesViewAssertion(Detox){viewMatcher=(view has effective visibility <VISIBLE> and view.getGlobalVisibleRect() covers at least <75> percent of the view's area)}' assertion on view (view.getTag() is "add-expense-note-input" and view has effective visibility <VISIBLE>)
03-14 22:46:44.396  6970  6970 I ViewInteraction: Checking 'MatchesViewAssertion(Detox){viewMatcher=(view has effective visibility <VISIBLE> and view.getGlobalVisibleRect() covers at least <75> percent of the view's area)}' assertion on view (view.getTag() is "add-expense-note-input" and view has effective visibility <VISIBLE>)
03-14 22:46:44.449  6970  6970 I ViewInteraction: Checking 'MatchesViewAssertion(Detox){viewMatcher=(view has effective visibility <VISIBLE> and view.getGlobalVisibleRect() covers at least <75> percent of the view's area)}' assertion on view (view.getTag() is "add-expense-note-input" and view has effective visibility <VISIBLE>)
03-14 22:46:44.497  6970  6970 I ViewInteraction: Checking 'MatchesViewAssertion(Detox){viewMatcher=(view has effective visibility <VISIBLE> and view.getGlobalVisibleRect() covers at least <75> percent of the view's area)}' assertion on view (view.getTag() is "add-expense-note-input" and view has effective visibility <VISIBLE>)
03-14 22:46:44.534  6970  6970 I ViewInteraction: Checking 'MatchesViewAssertion(Detox){viewMatcher=(view has effective visibility <VISIBLE> and view.getGlobalVisibleRect() covers at least <75> percent of the view's area)}' assertion on view (view.getTag() is "add-expense-note-input" and view has effective visibility <VISIBLE>)
03-14 22:46:44.586  6970  6970 I ViewInteraction: Checking 'MatchesViewAssertion(Detox){viewMatcher=(view has effective visibility <VISIBLE> and view.getGlobalVisibleRect() covers at least <75> percent of the view's area)}' assertion on view (view.getTag() is "add-expense-note-input" and view has effective visibility <VISIBLE>)
03-14 22:46:44.630  6970  6970 I ViewInteraction: Checking 'MatchesViewAssertion(Detox){viewMatcher=(view has effective visibility <VISIBLE> and view.getGlobalVisibleRect() covers at least <75> percent of the view's area)}' assertion on view (view.getTag() is "add-expense-note-input" and view has effective visibility <VISIBLE>)
03-14 22:46:44.672  6970  6970 I ViewInteraction: Checking 'MatchesViewAssertion(Detox){viewMatcher=(view has effective visibility <VISIBLE> and view.getGlobalVisibleRect() covers at least <75> percent of the view's area)}' assertion on view (view.getTag() is "add-expense-note-input" and view has effective visibility <VISIBLE>)
03-14 22:46:44.759  6970  7009 D EGL_emulation: app_time_stats: avg=519.18ms min=498.54ms max=539.82ms count=2
03-14 22:46:44.773  6970  6970 I ViewInteraction: Checking 'MatchesViewAssertion(Detox){viewMatcher=(view has effective visibility <VISIBLE> and view.getGlobalVisibleRect() covers at least <75> percent of the view's area)}' assertion on view (view.getTag() is "add-expense-note-input" and view has effective visibility <VISIBLE>)
03-14 22:46:44.834  6970  6970 I ViewInteraction: Checking 'MatchesViewAssertion(Detox){viewMatcher=(view has effective visibility <VISIBLE> and view.getGlobalVisibleRect() covers at least <75> percent of the view's area)}' assertion on view (view.getTag() is "add-expense-note-input" and view has effective visibility <VISIBLE>)
03-14 22:46:44.886  6970  6970 I ViewInteraction: Checking 'MatchesViewAssertion(Detox){viewMatcher=(view has effective visibility <VISIBLE> and view.getGlobalVisibleRect() covers at least <75> percent of the view's area)}' assertion on view (view.getTag() is "add-expense-note-input" and view has effective visibility <VISIBLE>)
03-14 22:46:44.934  6970  6970 I ViewInteraction: Checking 'MatchesViewAssertion(Detox){viewMatcher=(view has effective visibility <VISIBLE> and view.getGlobalVisibleRect() covers at least <75> percent of the view's area)}' assertion on view (view.getTag() is "add-expense-note-input" and view has effective visibility <VISIBLE>)
03-14 22:46:44.974  6970  6970 I ViewInteraction: Checking 'MatchesViewAssertion(Detox){viewMatcher=(view has effective visibility <VISIBLE> and view.getGlobalVisibleRect() covers at least <75> percent of the view's area)}' assertion on view (view.getTag() is "add-expense-note-input" and view has effective visibility <VISIBLE>)
03-14 22:46:45.014  6970  6970 I ViewInteraction: Checking 'MatchesViewAssertion(Detox){viewMatcher=(view has effective visibility <VISIBLE> and view.getGlobalVisibleRect() covers at least <75> percent of the view's area)}' assertion on view (view.getTag() is "add-expense-note-input" and view has effective visibility <VISIBLE>)
03-14 22:46:45.051  6970  6970 I ViewInteraction: Checking 'MatchesViewAssertion(Detox){viewMatcher=(view has effective visibility <VISIBLE> and view.getGlobalVisibleRect() covers at least <75> percent of the view's area)}' assertion on view (view.getTag() is "add-expense-note-input" and view has effective visibility <VISIBLE>)
03-14 22:46:45.090  6970  6970 I ViewInteraction: Checking 'MatchesViewAssertion(Detox){viewMatcher=(view has effective visibility <VISIBLE> and view.getGlobalVisibleRect() covers at least <75> percent of the view's area)}' assertion on view (view.getTag() is "add-expense-note-input" and view has effective visibility <VISIBLE>)
03-14 22:46:45.128  6970  6970 I ViewInteraction: Checking 'MatchesViewAssertion(Detox){viewMatcher=(view has effective visibility <VISIBLE> and view.getGlobalVisibleRect() covers at least <75> percent of the view's area)}' assertion on view (view.getTag() is "add-expense-note-input" and view has effective visibility <VISIBLE>)
03-14 22:46:45.170  6970  6970 I ViewInteraction: Checking 'MatchesViewAssertion(Detox){viewMatcher=(view has effective visibility <VISIBLE> and view.getGlobalVisibleRect() covers at least <75> percent of the view's area)}' assertion on view (view.getTag() is "add-expense-note-input" and view has effective visibility <VISIBLE>)
03-14 22:46:45.217  6970  6970 I ViewInteraction: Checking 'MatchesViewAssertion(Detox){viewMatcher=(view has effective visibility <VISIBLE> and view.getGlobalVisibleRect() covers at least <75> percent of the view's area)}' assertion on view (view.getTag() is "add-expense-note-input" and view has effective visibility <VISIBLE>)
03-14 22:46:45.298  6970  6970 I ViewInteraction: Checking 'MatchesViewAssertion(Detox){viewMatcher=(view has effective visibility <VISIBLE> and view.getGlobalVisibleRect() covers at least <75> percent of the view's area)}' assertion on view (view.getTag() is "add-expense-note-input" and view has effective visibility <VISIBLE>)
03-14 22:46:45.353  6970  6970 I ViewInteraction: Checking 'MatchesViewAssertion(Detox){viewMatcher=(view has effective visibility <VISIBLE> and view.getGlobalVisibleRect() covers at least <75> percent of the view's area)}' assertion on view (view.getTag() is "add-expense-note-input" and view has effective visibility <VISIBLE>)
03-14 22:46:45.392  6970  6970 I ViewInteraction: Checking 'MatchesViewAssertion(Detox){viewMatcher=(view has effective visibility <VISIBLE> and view.getGlobalVisibleRect() covers at least <75> percent of the view's area)}' assertion on view (view.getTag() is "add-expense-note-input" and view has effective visibility <VISIBLE>)
03-14 22:46:45.436  6970  6970 I ViewInteraction: Checking 'MatchesViewAssertion(Detox){viewMatcher=(view has effective visibility <VISIBLE> and view.getGlobalVisibleRect() covers at least <75> percent of the view's area)}' assertion on view (view.getTag() is "add-expense-note-input" and view has effective visibility <VISIBLE>)
03-14 22:46:45.473  6970  6970 I ViewInteraction: Checking 'MatchesViewAssertion(Detox){viewMatcher=(view has effective visibility <VISIBLE> and view.getGlobalVisibleRect() covers at least <75> percent of the view's area)}' assertion on view (view.getTag() is "add-expense-note-input" and view has effective visibility <VISIBLE>)
03-14 22:46:45.509  6970  6970 I ViewInteraction: Checking 'MatchesViewAssertion(Detox){viewMatcher=(view has effective visibility <VISIBLE> and view.getGlobalVisibleRect() covers at least <75> percent of the view's area)}' assertion on view (view.getTag() is "add-expense-note-input" and view has effective visibility <VISIBLE>)
03-14 22:46:45.546  6970  6970 I ViewInteraction: Checking 'MatchesViewAssertion(Detox){viewMatcher=(view has effective visibility <VISIBLE> and view.getGlobalVisibleRect() covers at least <75> percent of the view's area)}' assertion on view (view.getTag() is "add-expense-note-input" and view has effective visibility <VISIBLE>)
03-14 22:46:45.586  6970  6970 I ViewInteraction: Checking 'MatchesViewAssertion(Detox){viewMatcher=(view has effective visibility <VISIBLE> and view.getGlobalVisibleRect() covers at least <75> percent of the view's area)}' assertion on view (view.getTag() is "add-expense-note-input" and view has effective visibility <VISIBLE>)
03-14 22:46:45.621  6970  6970 I ViewInteraction: Checking 'MatchesViewAssertion(Detox){viewMatcher=(view has effective visibility <VISIBLE> and view.getGlobalVisibleRect() covers at least <75> percent of the view's area)}' assertion on view (view.getTag() is "add-expense-note-input" and view has effective visibility <VISIBLE>)
03-14 22:46:45.658  6970  6970 I ViewInteraction: Checking 'MatchesViewAssertion(Detox){viewMatcher=(view has effective visibility <VISIBLE> and view.getGlobalVisibleRect() covers at least <75> percent of the view's area)}' assertion on view (view.getTag() is "add-expense-note-input" and view has effective visibility <VISIBLE>)
03-14 22:46:45.696  6970  6970 I ViewInteraction: Checking 'MatchesViewAssertion(Detox){viewMatcher=(view has effective visibility <VISIBLE> and view.getGlobalVisibleRect() covers at least <75> percent of the view's area)}' assertion on view (view.getTag() is "add-expense-note-input" and view has effective visibility <VISIBLE>)
03-14 22:46:45.788  6970  6970 I ViewInteraction: Checking 'MatchesViewAssertion(Detox){viewMatcher=(view has effective visibility <VISIBLE> and view.getGlobalVisibleRect() covers at least <75> percent of the view's area)}' assertion on view (view.getTag() is "add-expense-note-input" and view has effective visibility <VISIBLE>)
03-14 22:46:45.836  6970  6970 I ViewInteraction: Checking 'MatchesViewAssertion(Detox){viewMatcher=(view has effective visibility <VISIBLE> and view.getGlobalVisibleRect() covers at least <75> percent of the view's area)}' assertion on view (view.getTag() is "add-expense-note-input" and view has effective visibility <VISIBLE>)
03-14 22:46:45.886  6970  6970 I ViewInteraction: Checking 'MatchesViewAssertion(Detox){viewMatcher=(view has effective visibility <VISIBLE> and view.getGlobalVisibleRect() covers at least <75> percent of the view's area)}' assertion on view (view.getTag() is "add-expense-note-input" and view has effective visibility <VISIBLE>)
03-14 22:46:45.929  6970  6970 I ViewInteraction: Checking 'MatchesViewAssertion(Detox){viewMatcher=(view has effective visibility <VISIBLE> and view.getGlobalVisibleRect() covers at least <75> percent of the view's area)}' assertion on view (view.getTag() is "add-expense-note-input" and view has effective visibility <VISIBLE>)
03-14 22:46:45.964  6970  7026 D TrafficStats: tagSocket(144) with statsTag=0xffffffff, statsUid=-1
03-14 22:46:45.978  6970  6970 I ViewInteraction: Checking 'MatchesViewAssertion(Detox){viewMatcher=(view has effective visibility <VISIBLE> and view.getGlobalVisibleRect() covers at least <75> percent of the view's area)}' assertion on view (view.getTag() is "add-expense-note-input" and view has effective visibility <VISIBLE>)
03-14 22:46:46.033  6970  6970 I ViewInteraction: Checking 'MatchesViewAssertion(Detox){viewMatcher=(view has effective visibility <VISIBLE> and view.getGlobalVisibleRect() covers at least <75> percent of the view's area)}' assertion on view (view.getTag() is "add-expense-note-input" and view has effective visibility <VISIBLE>)
03-14 22:46:46.071  6970  6970 I ViewInteraction: Checking 'MatchesViewAssertion(Detox){viewMatcher=(view has effective visibility <VISIBLE> and view.getGlobalVisibleRect() covers at least <75> percent of the view's area)}' assertion on view (view.getTag() is "add-expense-note-input" and view has effective visibility <VISIBLE>)
03-14 22:46:46.111  6970  6970 I ViewInteraction: Checking 'MatchesViewAssertion(Detox){viewMatcher=(view has effective visibility <VISIBLE> and view.getGlobalVisibleRect() covers at least <75> percent of the view's area)}' assertion on view (view.getTag() is "add-expense-note-input" and view has effective visibility <VISIBLE>)
03-14 22:46:46.149  6970  6970 I ViewInteraction: Checking 'MatchesViewAssertion(Detox){viewMatcher=(view has effective visibility <VISIBLE> and view.getGlobalVisibleRect() covers at least <75> percent of the view's area)}' assertion on view (view.getTag() is "add-expense-note-input" and view has effective visibility <VISIBLE>)
03-14 22:46:46.182  6970  7030 D TrafficStats: tagSocket(144) with statsTag=0xffffffff, statsUid=-1
03-14 22:46:46.206  6970  6970 I ViewInteraction: Checking 'MatchesViewAssertion(Detox){viewMatcher=(view has effective visibility <VISIBLE> and view.getGlobalVisibleRect() covers at least <75> percent of the view's area)}' assertion on view (view.getTag() is "add-expense-note-input" and view has effective visibility <VISIBLE>)
03-14 22:46:46.239  6970  7009 D EGL_emulation: app_time_stats: avg=493.47ms min=478.09ms max=501.25ms count=3
03-14 22:46:46.272  6970  6970 I ViewInteraction: Checking 'MatchesViewAssertion(Detox){viewMatcher=(view has effective visibility <VISIBLE> and view.getGlobalVisibleRect() covers at least <75> percent of the view's area)}' assertion on view (view.getTag() is "add-expense-note-input" and view has effective visibility <VISIBLE>)
03-14 22:46:46.333  6970  6970 I ViewInteraction: Checking 'MatchesViewAssertion(Detox){viewMatcher=(view has effective visibility <VISIBLE> and view.getGlobalVisibleRect() covers at least <75> percent of the view's area)}' assertion on view (view.getTag() is "add-expense-note-input" and view has effective visibility <VISIBLE>)
03-14 22:46:46.375  6970  6970 I ViewInteraction: Checking 'MatchesViewAssertion(Detox){viewMatcher=(view has effective visibility <VISIBLE> and view.getGlobalVisibleRect() covers at least <75> percent of the view's area)}' assertion on view (view.getTag() is "add-expense-note-input" and view has effective visibility <VISIBLE>)
03-14 22:46:46.424  6970  6970 I ViewInteraction: Checking 'MatchesViewAssertion(Detox){viewMatcher=(view has effective visibility <VISIBLE> and view.getGlobalVisibleRect() covers at least <75> percent of the view's area)}' assertion on view (view.getTag() is "add-expense-note-input" and view has effective visibility <VISIBLE>)
03-14 22:46:46.474  6970  6970 I ViewInteraction: Checking 'MatchesViewAssertion(Detox){viewMatcher=(view has effective visibility <VISIBLE> and view.getGlobalVisibleRect() covers at least <75> percent of the view's area)}' assertion on view (view.getTag() is "add-expense-note-input" and view has effective visibility <VISIBLE>)
03-14 22:46:46.681  6970  6970 I ViewInteraction: Checking 'MatchesViewAssertion(Detox){viewMatcher=(view has effective visibility <VISIBLE> and view.getGlobalVisibleRect() covers at least <75> percent of the view's area)}' assertion on view (view.getTag() is "add-expense-note-input" and view has effective visibility <VISIBLE>)
03-14 22:46:46.789  6970  6970 I ViewInteraction: Checking 'MatchesViewAssertion(Detox){viewMatcher=(view has effective visibility <VISIBLE> and view.getGlobalVisibleRect() covers at least <75> percent of the view's area)}' assertion on view (view.getTag() is "add-expense-note-input" and view has effective visibility <VISIBLE>)
03-14 22:46:46.970  6970  6970 I ViewInteraction: Checking 'MatchesViewAssertion(Detox){viewMatcher=(view has effective visibility <VISIBLE> and view.getGlobalVisibleRect() covers at least <75> percent of the view's area)}' assertion on view (view.getTag() is "add-expense-note-input" and view has effective visibility <VISIBLE>)
03-14 22:46:47.080  6970  6970 I ViewInteraction: Checking 'MatchesViewAssertion(Detox){viewMatcher=(view has effective visibility <VISIBLE> and view.getGlobalVisibleRect() covers at least <75> percent of the view's area)}' assertion on view (view.getTag() is "add-expense-note-input" and view has effective visibility <VISIBLE>)
03-14 22:46:47.250  6970  6970 I ViewInteraction: Checking 'MatchesViewAssertion(Detox){viewMatcher=(view has effective visibility <VISIBLE> and view.getGlobalVisibleRect() covers at least <75> percent of the view's area)}' assertion on view (view.getTag() is "add-expense-note-input" and view has effective visibility <VISIBLE>)
03-14 22:46:47.328  6970  7009 D EGL_emulation: app_time_stats: avg=544.45ms min=509.22ms max=579.68ms count=2
03-14 22:46:47.383  6970  6970 I ViewInteraction: Checking 'MatchesViewAssertion(Detox){viewMatcher=(view has effective visibility <VISIBLE> and view.getGlobalVisibleRect() covers at least <75> percent of the view's area)}' assertion on view (view.getTag() is "add-expense-note-input" and view has effective visibility <VISIBLE>)
03-14 22:46:47.479  6970  6975 I .studentfinance: Background concurrent mark compact GC freed 9372KB AllocSpace bytes, 69(3752KB) LOS objects, 49% free, 13MB/27MB, paused 585us,3.134ms total 433.645ms
03-14 22:46:47.499  6970  6970 I ViewInteraction: Checking 'MatchesViewAssertion(Detox){viewMatcher=(view has effective visibility <VISIBLE> and view.getGlobalVisibleRect() covers at least <75> percent of the view's area)}' assertion on view (view.getTag() is "add-expense-note-input" and view has effective visibility <VISIBLE>)
03-14 22:46:47.642  6970  6970 I ViewInteraction: Checking 'MatchesViewAssertion(Detox){viewMatcher=(view has effective visibility <VISIBLE> and view.getGlobalVisibleRect() covers at least <75> percent of the view's area)}' assertion on view (view.getTag() is "add-expense-note-input" and view has effective visibility <VISIBLE>)
03-14 22:46:47.689  6970  6970 I ViewInteraction: Checking 'MatchesViewAssertion(Detox){viewMatcher=(view has effective visibility <VISIBLE> and view.getGlobalVisibleRect() covers at least <75> percent of the view's area)}' assertion on view (view.getTag() is "add-expense-note-input" and view has effective visibility <VISIBLE>)
03-14 22:46:47.744  6970  6970 I ViewInteraction: Checking 'MatchesViewAssertion(Detox){viewMatcher=(view has effective visibility <VISIBLE> and view.getGlobalVisibleRect() covers at least <75> percent of the view's area)}' assertion on view (view.getTag() is "add-expense-note-input" and view has effective visibility <VISIBLE>)
03-14 22:46:47.830  6970  6970 I ViewInteraction: Checking 'MatchesViewAssertion(Detox){viewMatcher=(view has effective visibility <VISIBLE> and view.getGlobalVisibleRect() covers at least <75> percent of the view's area)}' assertion on view (view.getTag() is "add-expense-note-input" and view has effective visibility <VISIBLE>)
03-14 22:46:47.973  6970  6970 I ViewInteraction: Checking 'MatchesViewAssertion(Detox){viewMatcher=(view has effective visibility <VISIBLE> and view.getGlobalVisibleRect() covers at least <75> percent of the view's area)}' assertion on view (view.getTag() is "add-expense-note-input" and view has effective visibility <VISIBLE>)
03-14 22:46:48.001  6970  7026 D TrafficStats: tagSocket(6) with statsTag=0xffffffff, statsUid=-1
03-14 22:46:48.056  6970  6970 I ViewInteraction: Checking 'MatchesViewAssertion(Detox){viewMatcher=(view has effective visibility <VISIBLE> and view.getGlobalVisibleRect() covers at least <75> percent of the view's area)}' assertion on view (view.getTag() is "add-expense-note-input" and view has effective visibility <VISIBLE>)
03-14 22:46:48.121  6970  6970 I ViewInteraction: Checking 'MatchesViewAssertion(Detox){viewMatcher=(view has effective visibility <VISIBLE> and view.getGlobalVisibleRect() covers at least <75> percent of the view's area)}' assertion on view (view.getTag() is "add-expense-note-input" and view has effective visibility <VISIBLE>)
03-14 22:46:48.177  6970  6970 I ViewInteraction: Checking 'MatchesViewAssertion(Detox){viewMatcher=(view has effective visibility <VISIBLE> and view.getGlobalVisibleRect() covers at least <75> percent of the view's area)}' assertion on view (view.getTag() is "add-expense-note-input" and view has effective visibility <VISIBLE>)
03-14 22:46:48.211  6970  7030 D TrafficStats: tagSocket(6) with statsTag=0xffffffff, statsUid=-1
03-14 22:46:48.240  6970  6970 I ViewInteraction: Checking 'MatchesViewAssertion(Detox){viewMatcher=(view has effective visibility <VISIBLE> and view.getGlobalVisibleRect() covers at least <75> percent of the view's area)}' assertion on view (view.getTag() is "add-expense-note-input" and view has effective visibility <VISIBLE>)
03-14 22:46:48.316  6970  6970 I ViewInteraction: Checking 'MatchesViewAssertion(Detox){viewMatcher=(view has effective visibility <VISIBLE> and view.getGlobalVisibleRect() covers at least <75> percent of the view's area)}' assertion on view (view.getTag() is "add-expense-note-input" and view has effective visibility <VISIBLE>)
