--------- beginning of main
03-14 22:58:59.122 12392 12392 I .studentfinance: Late-enabling -Xcheck:jni
03-14 22:58:59.160 12392 12392 I .studentfinance: Using CollectorTypeCMC GC.
03-14 22:58:59.161 12392 12392 W .studentfinance: Unexpected CPU variant for x86: x86_64.
03-14 22:58:59.161 12392 12392 W .studentfinance: Known variants: atom, sandybridge, silvermont, goldmont, goldmont-plus, goldmont-without-sha-xsaves, tremont, kabylake, default
03-14 22:58:59.180 12392 12392 D nativeloader: Load libframework-connectivity-tiramisu-jni.so using APEX ns com_android_tethering for caller /apex/com.android.tethering/javalib/framework-connectivity-t.jar: ok
--------- beginning of system
03-14 22:58:59.372 12392 12392 W ActivityThread: Package uses different ABI(s) than its instrumentation: package[com.mcfuzzysquirrel.studentfinance]: x86_64, null instrumentation[com.mcfuzzysquirrel.studentfinance.test]: null, null
03-14 22:58:59.377 12392 12392 W .studentfinance: ClassLoaderContext shared library size mismatch. Expected=2, found=0 (PCL[]{PCL[/system/framework/android.test.base.jar*724373495]#PCL[/system/framework/android.test.mock.jar*1452759902]} | PCL[])
03-14 22:58:59.378 12392 12392 W .studentfinance: ClassLoaderContext classpath size mismatch. expected=0, found=1 (PCL[] | PCL[/system/framework/android.test.runner.jar*2496447986])
03-14 22:58:59.380 12392 12392 W .studentfinance: ClassLoaderContext classpath size mismatch. expected=0, found=2 (PCL[] | PCL[/system/framework/android.test.runner.jar*2496447986:/system/framework/android.test.mock.jar*1452759902])
03-14 22:58:59.381 12392 12392 W ziparchive: Unable to open '/data/app/~~I7GwO298usEUNamwuljAbA==/com.mcfuzzysquirrel.studentfinance.test-GO1f0rqwZRk52sJBE2qCnw==/base.dm': No such file or directory
03-14 22:58:59.381 12392 12392 W ziparchive: Unable to open '/data/app/~~I7GwO298usEUNamwuljAbA==/com.mcfuzzysquirrel.studentfinance.test-GO1f0rqwZRk52sJBE2qCnw==/base.dm': No such file or directory
03-14 22:58:59.501 12392 12392 W ziparchive: Unable to open '/data/app/~~YsZ1q7ZJ7Iubjw5Ubx_m7A==/com.mcfuzzysquirrel.studentfinance-syuDUGtJ_YuI1ZMwWaAgPA==/base.dm': No such file or directory
03-14 22:58:59.501 12392 12392 W ziparchive: Unable to open '/data/app/~~YsZ1q7ZJ7Iubjw5Ubx_m7A==/com.mcfuzzysquirrel.studentfinance-syuDUGtJ_YuI1ZMwWaAgPA==/base.dm': No such file or directory
03-14 22:58:59.949 12392 12392 D nativeloader: Configuring clns-7 for other apk /system/framework/android.test.runner.jar:/system/framework/android.test.mock.jar:/system/framework/android.test.base.jar:/data/app/~~I7GwO298usEUNamwuljAbA==/com.mcfuzzysquirrel.studentfinance.test-GO1f0rqwZRk52sJBE2qCnw==/base.apk:/data/app/~~YsZ1q7ZJ7Iubjw5Ubx_m7A==/com.mcfuzzysquirrel.studentfinance-syuDUGtJ_YuI1ZMwWaAgPA==/base.apk. target_sdk_version=36, uses_libraries=, library_path=/data/app/~~I7GwO298usEUNamwuljAbA==/com.mcfuzzysquirrel.studentfinance.test-GO1f0rqwZRk52sJBE2qCnw==/lib/x86_64:/data/app/~~YsZ1q7ZJ7Iubjw5Ubx_m7A==/com.mcfuzzysquirrel.studentfinance-syuDUGtJ_YuI1ZMwWaAgPA==/lib/x86_64:/data/app/~~I7GwO298usEUNamwuljAbA==/com.mcfuzzysquirrel.studentfinance.test-GO1f0rqwZRk52sJBE2qCnw==/base.apk!/lib/x86_64:/data/app/~~YsZ1q7ZJ7Iubjw5Ubx_m7A==/com.mcfuzzysquirrel.studentfinance-syuDUGtJ_YuI1ZMwWaAgPA==/base.apk!/lib/x86_64, permitted_path=/data:/mnt/expand:/data/user/0/com.mcfuzzysquirrel.studentfinance
03-14 22:58:59.982 12392 12392 V GraphicsEnvironment: Currently set values for:
03-14 22:58:59.982 12392 12392 V GraphicsEnvironment:   angle_gl_driver_selection_pkgs=[]
03-14 22:58:59.983 12392 12392 V GraphicsEnvironment:   angle_gl_driver_selection_values=[]
03-14 22:58:59.983 12392 12392 V GraphicsEnvironment: Global.Settings values are invalid: number of packages: 0, number of values: 0
03-14 22:58:59.983 12392 12392 V GraphicsEnvironment: Neither updatable production driver nor prerelease driver is supported.
03-14 22:58:59.990 12392 12392 D ApplicationLoaders: Returning zygote-cached class loader: /system/framework/android.test.base.jar
03-14 22:58:59.993 12392 12392 D nativeloader: Configuring clns-8 for other apk /system/framework/android.test.mock.jar. target_sdk_version=36, uses_libraries=ALL, library_path=/data/app/~~I7GwO298usEUNamwuljAbA==/com.mcfuzzysquirrel.studentfinance.test-GO1f0rqwZRk52sJBE2qCnw==/lib/x86_64:/data/app/~~YsZ1q7ZJ7Iubjw5Ubx_m7A==/com.mcfuzzysquirrel.studentfinance-syuDUGtJ_YuI1ZMwWaAgPA==/lib/x86_64, permitted_path=/data:/mnt/expand
03-14 22:58:59.994 12392 12392 D ApplicationLoaders: Returning zygote-cached class loader: /system/framework/android.test.base.jar
03-14 22:58:59.996 12392 12392 D nativeloader: Configuring clns-9 for other apk /system/framework/android.test.runner.jar. target_sdk_version=36, uses_libraries=ALL, library_path=/data/app/~~I7GwO298usEUNamwuljAbA==/com.mcfuzzysquirrel.studentfinance.test-GO1f0rqwZRk52sJBE2qCnw==/lib/x86_64:/data/app/~~YsZ1q7ZJ7Iubjw5Ubx_m7A==/com.mcfuzzysquirrel.studentfinance-syuDUGtJ_YuI1ZMwWaAgPA==/lib/x86_64, permitted_path=/data:/mnt/expand
03-14 22:58:59.997 12392 12392 W .studentfinance: ClassLoaderContext shared library size mismatch. Expected=2, found=3 (PCL[]{PCL[/system/framework/android.test.base.jar*724373495]#PCL[/system/framework/android.test.mock.jar*1452759902]} | PCL[]{PCL[/system/framework/android.test.base.jar*724373495]#PCL[/system/framework/android.test.mock.jar*1452759902]#PCL[/system/framework/android.test.runner.jar*2496447986]{PCL[/system/framework/android.test.base.jar*724373495]#PCL[/system/framework/android.test.mock.jar*1452759902]}};PCL[/system/framework/android.test.runner.jar*2496447986:/system/framework/android.test.mock.jar*1452759902:/system/framework/android.test.base.jar*724373495:/data/app/~~I7GwO298usEUNamwuljAbA==/com.mcfuzzysquirrel.studentfinance.test-GO1f0rqwZRk52sJBE2qCnw==/base.apk*3224200876:/data/app/~~YsZ1q7ZJ7Iubjw5Ubx_m7A==/com.mcfuzzysquirrel.studentfinance-syuDUGtJ_YuI1ZMwWaAgPA==/base.apk*2060289533])
03-14 22:58:59.998 12392 12392 W .studentfinance: ClassLoaderContext classpath size mismatch. expected=0, found=1 (PCL[] | PCL[/system/framework/android.test.runner.jar*2496447986]{PCL[/system/framework/android.test.base.jar*724373495]#PCL[/system/framework/android.test.mock.jar*1452759902]#PCL[/system/framework/android.test.runner.jar*2496447986]{PCL[/system/framework/android.test.base.jar*724373495]#PCL[/system/framework/android.test.mock.jar*1452759902]}};PCL[/system/framework/android.test.runner.jar*2496447986:/system/framework/android.test.mock.jar*1452759902:/system/framework/android.test.base.jar*724373495:/data/app/~~I7GwO298usEUNamwuljAbA==/com.mcfuzzysquirrel.studentfinance.test-GO1f0rqwZRk52sJBE2qCnw==/base.apk*3224200876:/data/app/~~YsZ1q7ZJ7Iubjw5Ubx_m7A==/com.mcfuzzysquirrel.studentfinance-syuDUGtJ_YuI1ZMwWaAgPA==/base.apk*2060289533])
03-14 22:59:00.000 12392 12392 W .studentfinance: ClassLoaderContext classpath size mismatch. expected=0, found=2 (PCL[] | PCL[/system/framework/android.test.runner.jar*2496447986:/system/framework/android.test.mock.jar*1452759902]{PCL[/system/framework/android.test.base.jar*724373495]#PCL[/system/framework/android.test.mock.jar*1452759902]#PCL[/system/framework/android.test.runner.jar*2496447986]{PCL[/system/framework/android.test.base.jar*724373495]#PCL[/system/framework/android.test.mock.jar*1452759902]}};PCL[/system/framework/android.test.runner.jar*2496447986:/system/framework/android.test.mock.jar*1452759902:/system/framework/android.test.base.jar*724373495:/data/app/~~I7GwO298usEUNamwuljAbA==/com.mcfuzzysquirrel.studentfinance.test-GO1f0rqwZRk52sJBE2qCnw==/base.apk*3224200876:/data/app/~~YsZ1q7ZJ7Iubjw5Ubx_m7A==/com.mcfuzzysquirrel.studentfinance-syuDUGtJ_YuI1ZMwWaAgPA==/base.apk*2060289533])
03-14 22:59:00.001 12392 12392 W ziparchive: Unable to open '/data/app/~~I7GwO298usEUNamwuljAbA==/com.mcfuzzysquirrel.studentfinance.test-GO1f0rqwZRk52sJBE2qCnw==/base.dm': No such file or directory
03-14 22:59:00.001 12392 12392 W ziparchive: Unable to open '/data/app/~~I7GwO298usEUNamwuljAbA==/com.mcfuzzysquirrel.studentfinance.test-GO1f0rqwZRk52sJBE2qCnw==/base.dm': No such file or directory
03-14 22:59:00.331 12392 12392 W ziparchive: Unable to open '/data/app/~~YsZ1q7ZJ7Iubjw5Ubx_m7A==/com.mcfuzzysquirrel.studentfinance-syuDUGtJ_YuI1ZMwWaAgPA==/base.dm': No such file or directory
03-14 22:59:00.332 12392 12392 W ziparchive: Unable to open '/data/app/~~YsZ1q7ZJ7Iubjw5Ubx_m7A==/com.mcfuzzysquirrel.studentfinance-syuDUGtJ_YuI1ZMwWaAgPA==/base.dm': No such file or directory
03-14 22:59:01.073 12392 12392 I AndroidJUnitRunner: newApplication com.mcfuzzysquirrel.studentfinance.MainApplication
03-14 22:59:01.107 12392 12392 I AndroidJUnitRunner: onCreate Bundle[mParcelledData.dataSize=312]
03-14 22:59:01.109 12392 12392 D AndroidJUnitRunner: Use the raw file system for managing file I/O.
03-14 22:59:01.185 12392 12392 V TestEventClient: No service name argument was given (testDiscoveryService, testRunEventService or orchestratorService)
03-14 22:59:01.186 12392 12416 D AndroidJUnitRunner: onStart is called.
03-14 22:59:01.192 12392 12392 W SoLoader: Initializing SoLoader: 0
03-14 22:59:01.194 12392 12392 W SoLoader: Recording new base apk path: /data/app/~~YsZ1q7ZJ7Iubjw5Ubx_m7A==/com.mcfuzzysquirrel.studentfinance-syuDUGtJ_YuI1ZMwWaAgPA==/base.apk
03-14 22:59:01.194 12392 12392 W SoLoader: Previously recorded 0 base apk paths.
03-14 22:59:01.197 12392 12392 I SoLoader: Preparing SO source: DirectorySoSource[root = /vendor/lib64 flags = 2]
03-14 22:59:01.197 12392 12392 I SoLoader: Preparing SO source: DirectorySoSource[root = /system/lib64 flags = 2]
03-14 22:59:01.197 12392 12392 I SoLoader: Preparing SO source: DirectApkSoSource[root = [/data/app/~~YsZ1q7ZJ7Iubjw5Ubx_m7A==/com.mcfuzzysquirrel.studentfinance-syuDUGtJ_YuI1ZMwWaAgPA==/base.apk!/lib/x86_64]]
03-14 22:59:01.219 12392 12392 I SoLoader: Preparing SO source: ApplicationSoSource[DirectorySoSource[root = /data/app/~~YsZ1q7ZJ7Iubjw5Ubx_m7A==/com.mcfuzzysquirrel.studentfinance-syuDUGtJ_YuI1ZMwWaAgPA==/lib/x86_64 flags = 0]]
03-14 22:59:01.219 12392 12392 I SoLoader: init finish: 4 SO sources prepared
03-14 22:59:01.220 12392 12392 W SoLoader: SoLoader initialized: 8
03-14 22:59:01.254 12392 12392 D nativeloader: Load /data/app/~~YsZ1q7ZJ7Iubjw5Ubx_m7A==/com.mcfuzzysquirrel.studentfinance-syuDUGtJ_YuI1ZMwWaAgPA==/base.apk!/lib/x86_64/libc++_shared.so using ns clns-7 from class loader (caller=/data/app/~~YsZ1q7ZJ7Iubjw5Ubx_m7A==/com.mcfuzzysquirrel.studentfinance-syuDUGtJ_YuI1ZMwWaAgPA==/base.apk): ok
03-14 22:59:01.274 12392 12392 D nativeloader: Load /data/app/~~YsZ1q7ZJ7Iubjw5Ubx_m7A==/com.mcfuzzysquirrel.studentfinance-syuDUGtJ_YuI1ZMwWaAgPA==/base.apk!/lib/x86_64/libjsi.so using ns clns-7 from class loader (caller=/data/app/~~YsZ1q7ZJ7Iubjw5Ubx_m7A==/com.mcfuzzysquirrel.studentfinance-syuDUGtJ_YuI1ZMwWaAgPA==/base.apk): ok
03-14 22:59:01.285 12392 12392 D nativeloader: Load /data/app/~~YsZ1q7ZJ7Iubjw5Ubx_m7A==/com.mcfuzzysquirrel.studentfinance-syuDUGtJ_YuI1ZMwWaAgPA==/base.apk!/lib/x86_64/libfbjni.so using ns clns-7 from class loader (caller=/data/app/~~YsZ1q7ZJ7Iubjw5Ubx_m7A==/com.mcfuzzysquirrel.studentfinance-syuDUGtJ_YuI1ZMwWaAgPA==/base.apk): ok
03-14 22:59:01.305 12392 12392 D nativeloader: Load /data/app/~~YsZ1q7ZJ7Iubjw5Ubx_m7A==/com.mcfuzzysquirrel.studentfinance-syuDUGtJ_YuI1ZMwWaAgPA==/base.apk!/lib/x86_64/libreactnative.so using ns clns-7 from class loader (caller=/data/app/~~YsZ1q7ZJ7Iubjw5Ubx_m7A==/com.mcfuzzysquirrel.studentfinance-syuDUGtJ_YuI1ZMwWaAgPA==/base.apk): ok
03-14 22:59:01.305 12392 12392 D jni_lib_merge: Entering merged library JNI_OnLoad.
03-14 22:59:01.305 12392 12392 D jni_lib_merge: Preparing 12 pre-merged libs (including stub)
03-14 22:59:01.305 12392 12392 D jni_lib_merge: Preparing to register libfabricjni_so.  onload_func: 0x727ce37f9730
03-14 22:59:01.305 12392 12392 D jni_lib_merge: Preparing to register libreact_devsupportjni_so.  onload_func: 0x727ce39f6190
03-14 22:59:01.305 12392 12392 D jni_lib_merge: Preparing to register libreact_featureflagsjni_so.  onload_func: 0x727ce3a07910
03-14 22:59:01.305 12392 12392 D jni_lib_merge: Preparing to register libreact_newarchdefaults_so.  onload_func: 0x727ce3aa8d20
03-14 22:59:01.305 12392 12392 D jni_lib_merge: Preparing to register libreactnativeblob_so.  onload_func: 0x727ce3cb32e0
03-14 22:59:01.305 12392 12392 D jni_lib_merge: Preparing to register libreactnativejni_so.  onload_func: 0x727ce3cf3770
03-14 22:59:01.305 12392 12392 D jni_lib_merge: Preparing to register libreactnativejni_common_so.  onload_func: 0x727ce3d035d0
03-14 22:59:01.305 12392 12392 D jni_lib_merge: Preparing to register librninstance_so.  onload_func: 0x727ce3d404c0
03-14 22:59:01.305 12392 12392 D jni_lib_merge: Preparing to register libturbomodulejsijni_so.  onload_func: 0x727ce3ea1c00
03-14 22:59:01.305 12392 12392 D jni_lib_merge: Preparing to register libuimanagerjni_so.  onload_func: 0x727ce3eb9de0
03-14 22:59:01.305 12392 12392 D jni_lib_merge: Preparing to register libyoga_so.  onload_func: 0x727ce3ec8d70
03-14 22:59:01.305 12392 12392 D jni_lib_merge: About to register 11 actual methods.
03-14 22:59:01.330 12392 12392 D nativeloader: Load /data/app/~~YsZ1q7ZJ7Iubjw5Ubx_m7A==/com.mcfuzzysquirrel.studentfinance-syuDUGtJ_YuI1ZMwWaAgPA==/base.apk!/lib/x86_64/libreact_codegen_rnscreens.so using ns clns-7 from class loader (caller=/data/app/~~YsZ1q7ZJ7Iubjw5Ubx_m7A==/com.mcfuzzysquirrel.studentfinance-syuDUGtJ_YuI1ZMwWaAgPA==/base.apk): ok
03-14 22:59:01.331 12392 12392 D jni_lib_merge: Entering merged library JNI_OnLoad.
03-14 22:59:01.331 12392 12392 D jni_lib_merge: Preparing 12 pre-merged libs (including stub)
03-14 22:59:01.331 12392 12392 D jni_lib_merge: Preparing to register libfabricjni_so.  onload_func: 0x727ce37f9730
03-14 22:59:01.331 12392 12392 D jni_lib_merge: Preparing to register libreact_devsupportjni_so.  onload_func: 0x727ce39f6190
03-14 22:59:01.331 12392 12392 D jni_lib_merge: Preparing to register libreact_featureflagsjni_so.  onload_func: 0x727ce3a07910
03-14 22:59:01.331 12392 12392 D jni_lib_merge: Preparing to register libreact_newarchdefaults_so.  onload_func: 0x727ce3aa8d20
03-14 22:59:01.331 12392 12392 D jni_lib_merge: Preparing to register libreactnativeblob_so.  onload_func: 0x727ce3cb32e0
03-14 22:59:01.331 12392 12392 D jni_lib_merge: Preparing to register libreactnativejni_so.  onload_func: 0x727ce3cf3770
03-14 22:59:01.331 12392 12392 D jni_lib_merge: Preparing to register libreactnativejni_common_so.  onload_func: 0x727ce3d035d0
03-14 22:59:01.331 12392 12392 D jni_lib_merge: Preparing to register librninstance_so.  onload_func: 0x727ce3d404c0
03-14 22:59:01.331 12392 12392 D jni_lib_merge: Preparing to register libturbomodulejsijni_so.  onload_func: 0x727ce3ea1c00
03-14 22:59:01.331 12392 12392 D jni_lib_merge: Preparing to register libuimanagerjni_so.  onload_func: 0x727ce3eb9de0
03-14 22:59:01.331 12392 12392 D jni_lib_merge: Preparing to register libyoga_so.  onload_func: 0x727ce3ec8d70
03-14 22:59:01.331 12392 12392 D jni_lib_merge: About to register 11 actual methods.
03-14 22:59:01.375 12392 12392 D nativeloader: Load /data/app/~~YsZ1q7ZJ7Iubjw5Ubx_m7A==/com.mcfuzzysquirrel.studentfinance-syuDUGtJ_YuI1ZMwWaAgPA==/base.apk!/lib/x86_64/libreact_codegen_rnsvg.so using ns clns-7 from class loader (caller=/data/app/~~YsZ1q7ZJ7Iubjw5Ubx_m7A==/com.mcfuzzysquirrel.studentfinance-syuDUGtJ_YuI1ZMwWaAgPA==/base.apk): ok
03-14 22:59:01.375 12392 12392 D jni_lib_merge: Entering merged library JNI_OnLoad.
03-14 22:59:01.375 12392 12392 D jni_lib_merge: Preparing 12 pre-merged libs (including stub)
03-14 22:59:01.375 12392 12392 D jni_lib_merge: Preparing to register libfabricjni_so.  onload_func: 0x727ce37f9730
03-14 22:59:01.375 12392 12392 D jni_lib_merge: Preparing to register libreact_devsupportjni_so.  onload_func: 0x727ce39f6190
03-14 22:59:01.375 12392 12392 D jni_lib_merge: Preparing to register libreact_featureflagsjni_so.  onload_func: 0x727ce3a07910
03-14 22:59:01.375 12392 12392 D jni_lib_merge: Preparing to register libreact_newarchdefaults_so.  onload_func: 0x727ce3aa8d20
03-14 22:59:01.375 12392 12392 D jni_lib_merge: Preparing to register libreactnativeblob_so.  onload_func: 0x727ce3cb32e0
03-14 22:59:01.375 12392 12392 D jni_lib_merge: Preparing to register libreactnativejni_so.  onload_func: 0x727ce3cf3770
03-14 22:59:01.375 12392 12392 D jni_lib_merge: Preparing to register libreactnativejni_common_so.  onload_func: 0x727ce3d035d0
03-14 22:59:01.375 12392 12392 D jni_lib_merge: Preparing to register librninstance_so.  onload_func: 0x727ce3d404c0
03-14 22:59:01.375 12392 12392 D jni_lib_merge: Preparing to register libturbomodulejsijni_so.  onload_func: 0x727ce3ea1c00
03-14 22:59:01.375 12392 12392 D jni_lib_merge: Preparing to register libuimanagerjni_so.  onload_func: 0x727ce3eb9de0
03-14 22:59:01.375 12392 12392 D jni_lib_merge: Preparing to register libyoga_so.  onload_func: 0x727ce3ec8d70
03-14 22:59:01.376 12392 12392 D jni_lib_merge: About to register 11 actual methods.
03-14 22:59:01.386 12392 12392 D nativeloader: Load /data/app/~~YsZ1q7ZJ7Iubjw5Ubx_m7A==/com.mcfuzzysquirrel.studentfinance-syuDUGtJ_YuI1ZMwWaAgPA==/base.apk!/lib/x86_64/libreact_codegen_safeareacontext.so using ns clns-7 from class loader (caller=/data/app/~~YsZ1q7ZJ7Iubjw5Ubx_m7A==/com.mcfuzzysquirrel.studentfinance-syuDUGtJ_YuI1ZMwWaAgPA==/base.apk): ok
03-14 22:59:01.394 12392 12392 D nativeloader: Load /data/app/~~YsZ1q7ZJ7Iubjw5Ubx_m7A==/com.mcfuzzysquirrel.studentfinance-syuDUGtJ_YuI1ZMwWaAgPA==/base.apk!/lib/x86_64/libappmodules.so using ns clns-7 from class loader (caller=/data/app/~~YsZ1q7ZJ7Iubjw5Ubx_m7A==/com.mcfuzzysquirrel.studentfinance-syuDUGtJ_YuI1ZMwWaAgPA==/base.apk): ok
03-14 22:59:01.495 12392 12416 I InstrConnection: Could not send broadcast or register receiver (isolatedProcess?)
03-14 22:59:01.500 12392 12416 D TestRequestBuilder: Using class path scanning to discover tests
03-14 22:59:01.501 12392 12416 I TestRequestBuilder: Scanning classpath to find tests in paths [/data/app/~~I7GwO298usEUNamwuljAbA==/com.mcfuzzysquirrel.studentfinance.test-GO1f0rqwZRk52sJBE2qCnw==/base.apk]
03-14 22:59:01.503 12392 12416 W .studentfinance: Opening an oat file without a class loader. Are you using the deprecated DexFile APIs?
03-14 22:59:01.981 12392 12416 I TestRunner: run started: 1 tests
03-14 22:59:01.981 12392 12416 I TestRunner: started: runDetoxTests(com.mcfuzzysquirrel.studentfinance.DetoxTest)
03-14 22:59:01.996 12392 12416 I Detox   : Detox server connection details: url=ws://localhost:41963, sessionId=325c6741-a446-e39b-f7f1-35d30311af64
03-14 22:59:02.004 12392 12416 I Tracing : Tracer added: class androidx.test.platform.tracing.AndroidXTracer
03-14 22:59:02.017 12392 12416 W .studentfinance: Accessing hidden field Ljava/lang/reflect/Field;->accessFlags:I (unsupported, reflection, allowed)
03-14 22:59:02.020 12392 12416 I Detox   : Connecting to server...
03-14 22:59:02.020 12392 12416 I DetoxWSClient: At connectToServer
03-14 22:59:02.082 12392 12422 D TrafficStats: tagSocket(102) with statsTag=0xffffffff, statsUid=-1
03-14 22:59:02.103 12392 12422 D DetoxWSClient: At onOpen
03-14 22:59:02.103 12392 12422 I DetoxWSClient: Sending out action 'login' (ID #0)
03-14 22:59:02.104 12392 12422 I Detox   : Connected to server!
03-14 22:59:02.107 12392 12422 D DetoxWSClient: Received action 'loginSuccess' (ID #0, params={"testerConnected":true,"appConnected":true})
03-14 22:59:02.108 12392 12418 I DetoxDispatcher: Handling action 'loginSuccess' (ID #0)...
03-14 22:59:02.108 12392 12416 I Detox   : Launching the tested activity!
03-14 22:59:02.108 12392 12418 I DetoxDispatcher: Done with action 'loginSuccess'
03-14 22:59:02.151 12392 12422 D DetoxWSClient: Received action 'isReady' (ID #-1000, params={})
03-14 22:59:02.151 12392 12418 I DetoxDispatcher: Handling action 'isReady' (ID #-1000)...
03-14 22:59:02.433 12392 12392 D AppCompatDelegate: Checking for metadata for AppLocalesMetadataHolderService : Service not found
03-14 22:59:02.497 12392 12392 D LifecycleMonitor: Lifecycle status change: com.mcfuzzysquirrel.studentfinance.MainActivity@340991c in: PRE_ON_CREATE
03-14 22:59:02.761 12392 12438 D TrafficStats: tagSocket(109) with statsTag=0xffffffff, statsUid=-1
03-14 22:59:02.764 12392 12392 W unknown:BridgelessReact: ReactHost{0}.startSurface(surfaceId = 0): Schedule
03-14 22:59:02.765 12392 12392 W unknown:BridgelessReact: ReactHost{0}.attachSurface(surfaceId = 0)
03-14 22:59:02.767 12392 12439 W unknown:BridgelessReact: ReactHost{0}.getOrCreateReactInstanceTask()
03-14 22:59:02.768 12392 12439 W unknown:BridgelessReact: ReactHost{0}.getOrCreateReactInstanceTask(): Start
03-14 22:59:02.768 12392 12439 D Detox.RNMarker: REACT_BRIDGELESS_LOADING_START (null)
03-14 22:59:02.768 12392 12439 W unknown:BridgelessReact: ReactHost{0}.getJSBundleLoader()
03-14 22:59:02.773 12392 12439 W unknown:BridgelessReact: ReactHost{0}.isMetroRunning()
03-14 22:59:02.791 12392 12440 D TrafficStats: tagSocket(112) with statsTag=0xffffffff, statsUid=-1
03-14 22:59:02.795 12392 12438 W unknown:ReconnectingWebSocket: Couldn't connect to "ws://10.0.2.2:8081/message?device=sdk_gphone64_x86_64%20-%2015%20-%20API%2035&app=com.mcfuzzysquirrel.studentfinance&clientid=BridgelessDevSupportManager", will silently retry
03-14 22:59:02.807 12392 12392 W .studentfinance: Accessing hidden method Landroid/view/ViewGroup;->makeOptionalFitsSystemWindows()V (unsupported, reflection, allowed)
03-14 22:59:02.810 12392 12440 W unknown:ReactNative: The packager does not seem to be running as we got an IOException requesting its status: Failed to connect to /10.0.2.2:8081
03-14 22:59:02.810 12392 12440 W unknown:BridgelessReact: ReactHost{0}.isMetroRunning(): Async result = false
03-14 22:59:02.815 12392 12392 D LifecycleMonitor: Lifecycle status change: com.mcfuzzysquirrel.studentfinance.MainActivity@340991c in: CREATED
03-14 22:59:02.817 12392 12392 D LifecycleMonitor: Lifecycle status change: com.mcfuzzysquirrel.studentfinance.MainActivity@340991c in: STARTED
03-14 22:59:02.819 12392 12439 W unknown:BridgelessReact: ReactHost{0}.getOrCreateReactInstanceTask(): Creating BridgelessReactContext
03-14 22:59:02.822 12392 12439 W unknown:BridgelessReact: ReactHost{0}.getOrCreateReactInstanceTask(): Creating ReactInstance
03-14 22:59:02.824 12392 12392 W unknown:BridgelessReact: ReactHost{0}.onHostResume(activity)
03-14 22:59:02.824 12392 12392 W unknown:ReactNative: Packager connection already open, nooping.
03-14 22:59:02.824 12392 12392 W unknown:BridgelessReact: ReactHost{0}.ReactContext.onHostResume()
03-14 22:59:02.825 12392 12392 D LifecycleMonitor: Lifecycle status change: com.mcfuzzysquirrel.studentfinance.MainActivity@340991c in: RESUMED
03-14 22:59:02.841 12392 12392 W HWUI    : Unknown dataspace 0
03-14 22:59:02.877 12392 12439 D nativeloader: Load /data/app/~~YsZ1q7ZJ7Iubjw5Ubx_m7A==/com.mcfuzzysquirrel.studentfinance-syuDUGtJ_YuI1ZMwWaAgPA==/base.apk!/lib/x86_64/libhermesvm.so using ns clns-7 from class loader (caller=/data/app/~~YsZ1q7ZJ7Iubjw5Ubx_m7A==/com.mcfuzzysquirrel.studentfinance-syuDUGtJ_YuI1ZMwWaAgPA==/base.apk): ok
03-14 22:59:02.888 12392 12429 I EGL_emulation: Opening libGLESv1_CM_emulation.so
03-14 22:59:02.889 12392 12429 I EGL_emulation: Opening libGLESv2_emulation.so
03-14 22:59:02.891 12392 12443 D TrafficStats: tagSocket(117) with statsTag=0xffffffff, statsUid=-1
03-14 22:59:02.893 12392 12439 D nativeloader: Load /data/app/~~YsZ1q7ZJ7Iubjw5Ubx_m7A==/com.mcfuzzysquirrel.studentfinance-syuDUGtJ_YuI1ZMwWaAgPA==/base.apk!/lib/x86_64/libhermestooling.so using ns clns-7 from class loader (caller=/data/app/~~YsZ1q7ZJ7Iubjw5Ubx_m7A==/com.mcfuzzysquirrel.studentfinance-syuDUGtJ_YuI1ZMwWaAgPA==/base.apk): ok
03-14 22:59:02.899 12392 12439 D jni_lib_merge: Entering merged library JNI_OnLoad.
03-14 22:59:02.899 12392 12439 D jni_lib_merge: Preparing 4 pre-merged libs (including stub)
03-14 22:59:02.899 12392 12439 D jni_lib_merge: Preparing to register libhermes_executor_so.  onload_func: 0x727cd70ab050
03-14 22:59:02.899 12392 12439 D jni_lib_merge: Preparing to register libhermesinstancejni_so.  onload_func: 0x727cd70e1680
03-14 22:59:02.899 12392 12439 D jni_lib_merge: Preparing to register libjsijniprofiler_so.  onload_func: 0x727cd70e33f0
03-14 22:59:02.899 12392 12439 D jni_lib_merge: About to register 3 actual methods.
03-14 22:59:02.925 12392 12429 W HWUI    : Failed to initialize 101010-2 format, error = EGL_SUCCESS
03-14 22:59:02.951 12392 12429 I Gralloc4: mapper 4.x 