--------- beginning of main
03-14 21:46:48.166  6172  6172 W ziparchive: Unable to open '/data/app/~~pNrBMP3gZ0zjBiQ-JwWYJA==/com.mcfuzzysquirrel.studentfinance-wBnT1QCr2i8_p9ipbeaQRw==/base.dm': No such file or directory
03-14 21:46:48.166  6172  6172 W ziparchive: Unable to open '/data/app/~~pNrBMP3gZ0zjBiQ-JwWYJA==/com.mcfuzzysquirrel.studentfinance-wBnT1QCr2i8_p9ipbeaQRw==/base.dm': No such file or directory
03-14 21:46:48.681  6172  6172 D nativeloader: Configuring clns-7 for other apk /system/framework/android.test.runner.jar:/system/framework/android.test.mock.jar:/system/framework/android.test.base.jar:/data/app/~~8UBRVrJp1utAeuT9krw3EQ==/com.mcfuzzysquirrel.studentfinance.test-PfVJX7V5T2XjjsJDnlG62g==/base.apk:/data/app/~~pNrBMP3gZ0zjBiQ-JwWYJA==/com.mcfuzzysquirrel.studentfinance-wBnT1QCr2i8_p9ipbeaQRw==/base.apk. target_sdk_version=36, uses_libraries=, library_path=/data/app/~~8UBRVrJp1utAeuT9krw3EQ==/com.mcfuzzysquirrel.studentfinance.test-PfVJX7V5T2XjjsJDnlG62g==/lib/x86_64:/data/app/~~pNrBMP3gZ0zjBiQ-JwWYJA==/com.mcfuzzysquirrel.studentfinance-wBnT1QCr2i8_p9ipbeaQRw==/lib/x86_64:/data/app/~~8UBRVrJp1utAeuT9krw3EQ==/com.mcfuzzysquirrel.studentfinance.test-PfVJX7V5T2XjjsJDnlG62g==/base.apk!/lib/x86_64:/data/app/~~pNrBMP3gZ0zjBiQ-JwWYJA==/com.mcfuzzysquirrel.studentfinance-wBnT1QCr2i8_p9ipbeaQRw==/base.apk!/lib/x86_64, permitted_path=/data:/mnt/expand:/data/user/0/com.mcfuzzysquirrel.studentfinance
03-14 21:46:48.703  6172  6172 V GraphicsEnvironment: Currently set values for:
03-14 21:46:48.703  6172  6172 V GraphicsEnvironment:   angle_gl_driver_selection_pkgs=[]
03-14 21:46:48.704  6172  6172 V GraphicsEnvironment:   angle_gl_driver_selection_values=[]
03-14 21:46:48.704  6172  6172 V GraphicsEnvironment: Global.Settings values are invalid: number of packages: 0, number of values: 0
03-14 21:46:48.704  6172  6172 V GraphicsEnvironment: Neither updatable production driver nor prerelease driver is supported.
03-14 21:46:48.708  6172  6172 D ApplicationLoaders: Returning zygote-cached class loader: /system/framework/android.test.base.jar
03-14 21:46:48.710  6172  6172 D nativeloader: Configuring clns-8 for other apk /system/framework/android.test.mock.jar. target_sdk_version=36, uses_libraries=ALL, library_path=/data/app/~~8UBRVrJp1utAeuT9krw3EQ==/com.mcfuzzysquirrel.studentfinance.test-PfVJX7V5T2XjjsJDnlG62g==/lib/x86_64:/data/app/~~pNrBMP3gZ0zjBiQ-JwWYJA==/com.mcfuzzysquirrel.studentfinance-wBnT1QCr2i8_p9ipbeaQRw==/lib/x86_64, permitted_path=/data:/mnt/expand
03-14 21:46:48.713  6172  6172 D ApplicationLoaders: Returning zygote-cached class loader: /system/framework/android.test.base.jar
03-14 21:46:48.715  6172  6172 D nativeloader: Configuring clns-9 for other apk /system/framework/android.test.runner.jar. target_sdk_version=36, uses_libraries=ALL, library_path=/data/app/~~8UBRVrJp1utAeuT9krw3EQ==/com.mcfuzzysquirrel.studentfinance.test-PfVJX7V5T2XjjsJDnlG62g==/lib/x86_64:/data/app/~~pNrBMP3gZ0zjBiQ-JwWYJA==/com.mcfuzzysquirrel.studentfinance-wBnT1QCr2i8_p9ipbeaQRw==/lib/x86_64, permitted_path=/data:/mnt/expand
03-14 21:46:48.716  6172  6172 W .studentfinance: ClassLoaderContext shared library size mismatch. Expected=2, found=3 (PCL[]{PCL[/system/framework/android.test.base.jar*724373495]#PCL[/system/framework/android.test.mock.jar*1452759902]} | PCL[]{PCL[/system/framework/android.test.base.jar*724373495]#PCL[/system/framework/android.test.mock.jar*1452759902]#PCL[/system/framework/android.test.runner.jar*2496447986]{PCL[/system/framework/android.test.base.jar*724373495]#PCL[/system/framework/android.test.mock.jar*1452759902]}};PCL[/system/framework/android.test.runner.jar*2496447986:/system/framework/android.test.mock.jar*1452759902:/system/framework/android.test.base.jar*724373495:/data/app/~~8UBRVrJp1utAeuT9krw3EQ==/com.mcfuzzysquirrel.studentfinance.test-PfVJX7V5T2XjjsJDnlG62g==/base.apk*3224200876:/data/app/~~pNrBMP3gZ0zjBiQ-JwWYJA==/com.mcfuzzysquirrel.studentfinance-wBnT1QCr2i8_p9ipbeaQRw==/base.apk*707418998])
03-14 21:46:48.718  6172  6172 W .studentfinance: ClassLoaderContext classpath size mismatch. expected=0, found=1 (PCL[] | PCL[/system/framework/android.test.runner.jar*2496447986]{PCL[/system/framework/android.test.base.jar*724373495]#PCL[/system/framework/android.test.mock.jar*1452759902]#PCL[/system/framework/android.test.runner.jar*2496447986]{PCL[/system/framework/android.test.base.jar*724373495]#PCL[/system/framework/android.test.mock.jar*1452759902]}};PCL[/system/framework/android.test.runner.jar*2496447986:/system/framework/android.test.mock.jar*1452759902:/system/framework/android.test.base.jar*724373495:/data/app/~~8UBRVrJp1utAeuT9krw3EQ==/com.mcfuzzysquirrel.studentfinance.test-PfVJX7V5T2XjjsJDnlG62g==/base.apk*3224200876:/data/app/~~pNrBMP3gZ0zjBiQ-JwWYJA==/com.mcfuzzysquirrel.studentfinance-wBnT1QCr2i8_p9ipbeaQRw==/base.apk*707418998])
03-14 21:46:48.719  6172  6172 W .studentfinance: ClassLoaderContext classpath size mismatch. expected=0, found=2 (PCL[] | PCL[/system/framework/android.test.runner.jar*2496447986:/system/framework/android.test.mock.jar*1452759902]{PCL[/system/framework/android.test.base.jar*724373495]#PCL[/system/framework/android.test.mock.jar*1452759902]#PCL[/system/framework/android.test.runner.jar*2496447986]{PCL[/system/framework/android.test.base.jar*724373495]#PCL[/system/framework/android.test.mock.jar*1452759902]}};PCL[/system/framework/android.test.runner.jar*2496447986:/system/framework/android.test.mock.jar*1452759902:/system/framework/android.test.base.jar*724373495:/data/app/~~8UBRVrJp1utAeuT9krw3EQ==/com.mcfuzzysquirrel.studentfinance.test-PfVJX7V5T2XjjsJDnlG62g==/base.apk*3224200876:/data/app/~~pNrBMP3gZ0zjBiQ-JwWYJA==/com.mcfuzzysquirrel.studentfinance-wBnT1QCr2i8_p9ipbeaQRw==/base.apk*707418998])
03-14 21:46:48.719  6172  6172 W ziparchive: Unable to open '/data/app/~~8UBRVrJp1utAeuT9krw3EQ==/com.mcfuzzysquirrel.studentfinance.test-PfVJX7V5T2XjjsJDnlG62g==/base.dm': No such file or directory
03-14 21:46:48.719  6172  6172 W ziparchive: Unable to open '/data/app/~~8UBRVrJp1utAeuT9krw3EQ==/com.mcfuzzysquirrel.studentfinance.test-PfVJX7V5T2XjjsJDnlG62g==/base.dm': No such file or directory
03-14 21:46:48.780  6172  6172 W ziparchive: Unable to open '/data/app/~~pNrBMP3gZ0zjBiQ-JwWYJA==/com.mcfuzzysquirrel.studentfinance-wBnT1QCr2i8_p9ipbeaQRw==/base.dm': No such file or directory
03-14 21:46:48.780  6172  6172 W ziparchive: Unable to open '/data/app/~~pNrBMP3gZ0zjBiQ-JwWYJA==/com.mcfuzzysquirrel.studentfinance-wBnT1QCr2i8_p9ipbeaQRw==/base.dm': No such file or directory
03-14 21:46:49.005  6172  6172 I AndroidJUnitRunner: newApplication com.mcfuzzysquirrel.studentfinance.MainApplication
03-14 21:46:49.028  6172  6172 I AndroidJUnitRunner: onCreate Bundle[mParcelledData.dataSize=240]
03-14 21:46:49.029  6172  6172 D AndroidJUnitRunner: Use the raw file system for managing file I/O.
03-14 21:46:49.090  6172  6172 V TestEventClient: No service name argument was given (testDiscoveryService, testRunEventService or orchestratorService)
03-14 21:46:49.090  6172  6253 D AndroidJUnitRunner: onStart is called.
03-14 21:46:49.094  6172  6172 W SoLoader: Initializing SoLoader: 0
03-14 21:46:49.096  6172  6172 W SoLoader: Recording new base apk path: /data/app/~~pNrBMP3gZ0zjBiQ-JwWYJA==/com.mcfuzzysquirrel.studentfinance-wBnT1QCr2i8_p9ipbeaQRw==/base.apk
03-14 21:46:49.096  6172  6172 W SoLoader: Previously recorded 0 base apk paths.
03-14 21:46:49.097  6172  6172 I SoLoader: Preparing SO source: DirectorySoSource[root = /vendor/lib64 flags = 2]
03-14 21:46:49.098  6172  6172 I SoLoader: Preparing SO source: DirectorySoSource[root = /system/lib64 flags = 2]
03-14 21:46:49.098  6172  6172 I SoLoader: Preparing SO source: DirectApkSoSource[root = [/data/app/~~pNrBMP3gZ0zjBiQ-JwWYJA==/com.mcfuzzysquirrel.studentfinance-wBnT1QCr2i8_p9ipbeaQRw==/base.apk!/lib/x86_64]]
03-14 21:46:49.111  6172  6172 I SoLoader: Preparing SO source: ApplicationSoSource[DirectorySoSource[root = /data/app/~~pNrBMP3gZ0zjBiQ-JwWYJA==/com.mcfuzzysquirrel.studentfinance-wBnT1QCr2i8_p9ipbeaQRw==/lib/x86_64 flags = 0]]
03-14 21:46:49.111  6172  6172 I SoLoader: init finish: 4 SO sources prepared
03-14 21:46:49.112  6172  6172 W SoLoader: SoLoader initialized: 8
03-14 21:46:49.133  6172  6172 D nativeloader: Load /data/app/~~pNrBMP3gZ0zjBiQ-JwWYJA==/com.mcfuzzysquirrel.studentfinance-wBnT1QCr2i8_p9ipbeaQRw==/base.apk!/lib/x86_64/libc++_shared.so using ns clns-7 from class loader (caller=/data/app/~~pNrBMP3gZ0zjBiQ-JwWYJA==/com.mcfuzzysquirrel.studentfinance-wBnT1QCr2i8_p9ipbeaQRw==/base.apk): ok
03-14 21:46:49.145  6172  6172 D nativeloader: Load /data/app/~~pNrBMP3gZ0zjBiQ-JwWYJA==/com.mcfuzzysquirrel.studentfinance-wBnT1QCr2i8_p9ipbeaQRw==/base.apk!/lib/x86_64/libjsi.so using ns clns-7 from class loader (caller=/data/app/~~pNrBMP3gZ0zjBiQ-JwWYJA==/com.mcfuzzysquirrel.studentfinance-wBnT1QCr2i8_p9ipbeaQRw==/base.apk): ok
03-14 21:46:49.153  6172  6172 D nativeloader: Load /data/app/~~pNrBMP3gZ0zjBiQ-JwWYJA==/com.mcfuzzysquirrel.studentfinance-wBnT1QCr2i8_p9ipbeaQRw==/base.apk!/lib/x86_64/libfbjni.so using ns clns-7 from class loader (caller=/data/app/~~pNrBMP3gZ0zjBiQ-JwWYJA==/com.mcfuzzysquirrel.studentfinance-wBnT1QCr2i8_p9ipbeaQRw==/base.apk): ok
03-14 21:46:49.160  6172  6172 D nativeloader: Load /data/app/~~pNrBMP3gZ0zjBiQ-JwWYJA==/com.mcfuzzysquirrel.studentfinance-wBnT1QCr2i8_p9ipbeaQRw==/base.apk!/lib/x86_64/libreactnative.so using ns clns-7 from class loader (caller=/data/app/~~pNrBMP3gZ0zjBiQ-JwWYJA==/com.mcfuzzysquirrel.studentfinance-wBnT1QCr2i8_p9ipbeaQRw==/base.apk): ok
03-14 21:46:49.160  6172  6172 D jni_lib_merge: Entering merged library JNI_OnLoad.
03-14 21:46:49.160  6172  6172 D jni_lib_merge: Preparing 12 pre-merged libs (including stub)
03-14 21:46:49.160  6172  6172 D jni_lib_merge: Preparing to register libfabricjni_so.  onload_func: 0x78e5d1db2730
03-14 21:46:49.160  6172  6172 D jni_lib_merge: Preparing to register libreact_devsupportjni_so.  onload_func: 0x78e5d1faf190
03-14 21:46:49.160  6172  6172 D jni_lib_merge: Preparing to register libreact_featureflagsjni_so.  onload_func: 0x78e5d1fc0910
03-14 21:46:49.160  6172  6172 D jni_lib_merge: Preparing to register libreact_newarchdefaults_so.  onload_func: 0x78e5d2061d20
03-14 21:46:49.160  6172  6172 D jni_lib_merge: Preparing to register libreactnativeblob_so.  onload_func: 0x78e5d226c2e0
03-14 21:46:49.160  6172  6172 D jni_lib_merge: Preparing to register libreactnativejni_so.  onload_func: 0x78e5d22ac770
03-14 21:46:49.160  6172  6172 D jni_lib_merge: Preparing to register libreactnativejni_common_so.  onload_func: 0x78e5d22bc5d0
03-14 21:46:49.160  6172  6172 D jni_lib_merge: Preparing to register librninstance_so.  onload_func: 0x78e5d22f94c0
03-14 21:46:49.160  6172  6172 D jni_lib_merge: Preparing to register libturbomodulejsijni_so.  onload_func: 0x78e5d245ac00
03-14 21:46:49.160  6172  6172 D jni_lib_merge: Preparing to register libuimanagerjni_so.  onload_func: 0x78e5d2472de0
03-14 21:46:49.160  6172  6172 D jni_lib_merge: Preparing to register libyoga_so.  onload_func: 0x78e5d2481d70
03-14 21:46:49.160  6172  6172 D jni_lib_merge: About to register 11 actual methods.
03-14 21:46:49.178  6172  6172 D nativeloader: Load /data/app/~~pNrBMP3gZ0zjBiQ-JwWYJA==/com.mcfuzzysquirrel.studentfinance-wBnT1QCr2i8_p9ipbeaQRw==/base.apk!/lib/x86_64/libreact_codegen_rnscreens.so using ns clns-7 from class loader (caller=/data/app/~~pNrBMP3gZ0zjBiQ-JwWYJA==/com.mcfuzzysquirrel.studentfinance-wBnT1QCr2i8_p9ipbeaQRw==/base.apk): ok
03-14 21:46:49.178  6172  6172 D jni_lib_merge: Entering merged library JNI_OnLoad.
03-14 21:46:49.178  6172  6172 D jni_lib_merge: Preparing 12 pre-merged libs (including stub)
03-14 21:46:49.178  6172  6172 D jni_lib_merge: Preparing to register libfabricjni_so.  onload_func: 0x78e5d1db2730
03-14 21:46:49.178  6172  6172 D jni_lib_merge: Preparing to register libreact_devsupportjni_so.  onload_func: 0x78e5d1faf190
03-14 21:46:49.178  6172  6172 D jni_lib_merge: Preparing to register libreact_featureflagsjni_so.  onload_func: 0x78e5d1fc0910
03-14 21:46:49.178  6172  6172 D jni_lib_merge: Preparing to register libreact_newarchdefaults_so.  onload_func: 0x78e5d2061d20
03-14 21:46:49.178  6172  6172 D jni_lib_merge: Preparing to register libreactnativeblob_so.  onload_func: 0x78e5d226c2e0
03-14 21:46:49.178  6172  6172 D jni_lib_merge: Preparing to register libreactnativejni_so.  onload_func: 0x78e5d22ac770
03-14 21:46:49.178  6172  6172 D jni_lib_merge: Preparing to register libreactnativejni_common_so.  onload_func: 0x78e5d22bc5d0
03-14 21:46:49.178  6172  6172 D jni_lib_merge: Preparing to register librninstance_so.  onload_func: 0x78e5d22f94c0
03-14 21:46:49.178  6172  6172 D jni_lib_merge: Preparing to register libturbomodulejsijni_so.  onload_func: 0x78e5d245ac00
03-14 21:46:49.178  6172  6172 D jni_lib_merge: Preparing to register libuimanagerjni_so.  onload_func: 0x78e5d2472de0
03-14 21:46:49.178  6172  6172 D jni_lib_merge: Preparing to register libyoga_so.  onload_func: 0x78e5d2481d70
03-14 21:46:49.178  6172  6172 D jni_lib_merge: About to register 11 actual methods.
03-14 21:46:49.187  6172  6172 D nativeloader: Load /data/app/~~pNrBMP3gZ0zjBiQ-JwWYJA==/com.mcfuzzysquirrel.studentfinance-wBnT1QCr2i8_p9ipbeaQRw==/base.apk!/lib/x86_64/libreact_codegen_rnsvg.so using ns clns-7 from class loader (caller=/data/app/~~pNrBMP3gZ0zjBiQ-JwWYJA==/com.mcfuzzysquirrel.studentfinance-wBnT1QCr2i8_p9ipbeaQRw==/base.apk): ok
03-14 21:46:49.187  6172  6172 D jni_lib_merge: Entering merged library JNI_OnLoad.
03-14 21:46:49.187  6172  6172 D jni_lib_merge: Preparing 12 pre-merged libs (including stub)
03-14 21:46:49.187  6172  6172 D jni_lib_merge: Preparing to register libfabricjni_so.  onload_func: 0x78e5d1db2730
03-14 21:46:49.187  6172  6172 D jni_lib_merge: Preparing to register libreact_devsupportjni_so.  onload_func: 0x78e5d1faf190
03-14 21:46:49.187  6172  6172 D jni_lib_merge: Preparing to register libreact_featureflagsjni_so.  onload_func: 0x78e5d1fc0910
03-14 21:46:49.187  6172  6172 D jni_lib_merge: Preparing to register libreact_newarchdefaults_so.  onload_func: 0x78e5d2061d20
03-14 21:46:49.187  6172  6172 D jni_lib_merge: Preparing to register libreactnativeblob_so.  onload_func: 0x78e5d226c2e0
03-14 21:46:49.187  6172  6172 D jni_lib_merge: Preparing to register libreactnativejni_so.  onload_func: 0x78e5d22ac770
03-14 21:46:49.187  6172  6172 D jni_lib_merge: Preparing to register libreactnativejni_common_so.  onload_func: 0x78e5d22bc5d0
03-14 21:46:49.187  6172  6172 D jni_lib_merge: Preparing to register librninstance_so.  onload_func: 0x78e5d22f94c0
03-14 21:46:49.187  6172  6172 D jni_lib_merge: Preparing to register libturbomodulejsijni_so.  onload_func: 0x78e5d245ac00
03-14 21:46:49.187  6172  6172 D jni_lib_merge: Preparing to register libuimanagerjni_so.  onload_func: 0x78e5d2472de0
03-14 21:46:49.187  6172  6172 D jni_lib_merge: Preparing to register libyoga_so.  onload_func: 0x78e5d2481d70
03-14 21:46:49.187  6172  6172 D jni_lib_merge: About to register 11 actual methods.
03-14 21:46:49.195  6172  6172 D nativeloader: Load /data/app/~~pNrBMP3gZ0zjBiQ-JwWYJA==/com.mcfuzzysquirrel.studentfinance-wBnT1QCr2i8_p9ipbeaQRw==/base.apk!/lib/x86_64/libreact_codegen_safeareacontext.so using ns clns-7 from class loader (caller=/data/app/~~pNrBMP3gZ0zjBiQ-JwWYJA==/com.mcfuzzysquirrel.studentfinance-wBnT1QCr2i8_p9ipbeaQRw==/base.apk): ok
03-14 21:46:49.199  6172  6172 D nativeloader: Load /data/app/~~pNrBMP3gZ0zjBiQ-JwWYJA==/com.mcfuzzysquirrel.studentfinance-wBnT1QCr2i8_p9ipbeaQRw==/base.apk!/lib/x86_64/libappmodules.so using ns clns-7 from class loader (caller=/data/app/~~pNrBMP3gZ0zjBiQ-JwWYJA==/com.mcfuzzysquirrel.studentfinance-wBnT1QCr2i8_p9ipbeaQRw==/base.apk): ok
03-14 21:46:49.277  6172  6253 I InstrConnection: Could not send broadcast or register receiver (isolatedProcess?)
03-14 21:46:49.280  6172  6253 D TestRequestBuilder: Using class path scanning to discover tests
03-14 21:46:49.280  6172  6253 I TestRequestBuilder: Scanning classpath to find tests in paths [/data/app/~~8UBRVrJp1utAeuT9krw3EQ==/com.mcfuzzysquirrel.studentfinance.test-PfVJX7V5T2XjjsJDnlG62g==/base.apk]
03-14 21:46:49.281  6172  6253 W .studentfinance: Opening an oat file without a class loader. Are you using the deprecated DexFile APIs?
03-14 21:46:49.648  6172  6253 I TestRunner: run started: 1 tests
03-14 21:46:49.649  6172  6253 I TestRunner: started: runDetoxTests(com.mcfuzzysquirrel.studentfinance.DetoxTest)
03-14 21:46:49.655  6172  6253 I Detox   : Detox server connection details: url=ws://localhost:38657, sessionId=64224a92-0cd8-bbea-72d7-e6187209e397
03-14 21:46:49.664  6172  6253 I Tracing : Tracer added: class androidx.test.platform.tracing.AndroidXTracer
03-14 21:46:49.675  6172  6253 W .studentfinance: Accessing hidden field Ljava/lang/reflect/Field;->accessFlags:I (unsupported, reflection, allowed)
03-14 21:46:49.677  6172  6253 I Detox   : Connecting to server...
03-14 21:46:49.677  6172  6253 I DetoxWSClient: At connectToServer
03-14 21:46:49.740  6172  6271 D TrafficStats: tagSocket(102) with statsTag=0xffffffff, statsUid=-1
03-14 21:46:49.754  6172  6271 D DetoxWSClient: At onOpen
03-14 21:46:49.754  6172  6271 I DetoxWSClient: Sending out action 'login' (ID #0)
03-14 21:46:49.754  6172  6271 I Detox   : Connected to server!
03-14 21:46:49.757  6172  6271 D DetoxWSClient: Received action 'loginSuccess' (ID #0, params={"testerConnected":true,"appConnected":true})
03-14 21:46:49.757  6172  6267 I DetoxDispatcher: Handling action 'loginSuccess' (ID #0)...
03-14 21:46:49.757  6172  6267 I DetoxDispatcher: Done with action 'loginSuccess'
03-14 21:46:49.757  6172  6253 I Detox   : Launching the tested activity!
03-14 21:46:49.799  6172  6271 D DetoxWSClient: Received action 'isReady' (ID #-1000, params={})
03-14 21:46:49.799  6172  6267 I DetoxDispatcher: Handling action 'isReady' (ID #-1000)...
03-14 21:46:49.906  6172  6172 D AppCompatDelegate: Checking for metadata for AppLocalesMetadataHolderService : Service not found
03-14 21:46:49.968  6172  6172 D LifecycleMonitor: Lifecycle status change: com.mcfuzzysquirrel.studentfinance.MainActivity@980b126 in: PRE_ON_CREATE
03-14 21:46:50.383  6172  6293 D TrafficStats: tagSocket(109) with statsTag=0xffffffff, statsUid=-1
03-14 21:46:50.399  6172  6293 W unknown:ReconnectingWebSocket: Couldn't connect to "ws://10.0.2.2:8081/message?device=sdk_gphone64_x86_64%20-%2015%20-%20API%2035&app=com.mcfuzzysquirrel.studentfinance&clientid=BridgelessDevSupportManager", will silently retry
03-14 21:46:50.461  6172  6172 W unknown:BridgelessReact: ReactHost{0}.startSurface(surfaceId = 0): Schedule
03-14 21:46:50.461  6172  6172 W unknown:BridgelessReact: ReactHost{0}.attachSurface(surfaceId = 0)
03-14 21:46:50.462  6172  6297 W unknown:BridgelessReact: ReactHost{0}.getOrCreateReactInstanceTask()
03-14 21:46:50.463  6172  6297 W unknown:BridgelessReact: ReactHost{0}.getOrCreateReactInstanceTask(): Start
03-14 21:46:50.463  6172  6297 D Detox.RNMarker: REACT_BRIDGELESS_LOADING_START (null)
03-14 21:46:50.463  6172  6297 W unknown:BridgelessReact: ReactHost{0}.getJSBundleLoader()
03-14 21:46:50.463  6172  6297 W unknown:BridgelessReact: ReactHost{0}.isMetroRunning()
03-14 21:46:50.468  6172  6298 D TrafficStats: tagSocket(109) with statsTag=0xffffffff, statsUid=-1
03-14 21:46:50.475  6172  6298 W unknown:ReactNative: The packager does not seem to be running as we got an IOException requesting its status: Failed to connect to /10.0.2.2:8081
03-14 21:46:50.480  6172  6298 W unknown:BridgelessReact: ReactHost{0}.isMetroRunning(): Async result = false
03-14 21:46:50.484  6172  6297 W unknown:BridgelessReact: ReactHost{0}.getOrCreateReactInstanceTask(): Creating BridgelessReactContext
03-14 21:46:50.485  6172  6297 W unknown:BridgelessReact: ReactHost{0}.getOrCreateReactInstanceTask(): Creating ReactInstance
03-14 21:46:50.543  6172  6297 D nativeloader: Load /data/app/~~pNrBMP3gZ0zjBiQ-JwWYJA==/com.mcfuzzysquirrel.studentfinance-wBnT1QCr2i8_p9ipbeaQRw==/base.apk!/lib/x86_64/libhermesvm.so using ns clns-7 from class loader (caller=/data/app/~~pNrBMP3gZ0zjBiQ-JwWYJA==/com.mcfuzzysquirrel.studentfinance-wBnT1QCr2i8_p9ipbeaQRw==/base.apk): ok
03-14 21:46:50.545  6172  6297 D nativeloader: Load /data/app/~~pNrBMP3gZ0zjBiQ-JwWYJA==/com.mcfuzzysquirrel.studentfinance-wBnT1QCr2i8_p9ipbeaQRw==/base.apk!/lib/x86_64/libhermestooling.so using ns clns-7 from class loader (caller=/data/app/~~pNrBMP3gZ0zjBiQ-JwWYJA==/com.mcfuzzysquirrel.studentfinance-wBnT1QCr2i8_p9ipbeaQRw==/base.apk): ok
03-14 21:46:50.546  6172  6297 D jni_lib_merge: Entering merged library JNI_OnLoad.
03-14 21:46:50.547  6172  6297 D jni_lib_merge: Preparing 4 pre-merged libs (including stub)
03-14 21:46:50.547  6172  6297 D jni_lib_merge: Preparing to register libhermes_executor_so.  onload_func: 0x78e5c672c050
03-14 21:46:50.547  6172  6297 D jni_lib_merge: Preparing to register libhermesinstancejni_so.  onload_func: 0x78e5c6762680
03-14 21:46:50.547  6172  6297 D jni_lib_merge: Preparing to register libjsijniprofiler_so.  onload_func: 0x78e5c67643f0
03-14 21:46:50.547  6172  6297 D jni_lib_merge: About to register 3 actual methods.
03-14 21:46:50.547  6172  6172 W .studentfinance: Accessing hidden method Landroid/view/ViewGroup;->makeOptionalFitsSystemWindows()V (unsupported, reflection, allowed)
03-14 21:46:50.557  6172  6172 D LifecycleMonitor: Lifecycle status change: com.mcfuzzysquirrel.studentfinance.MainActivity@980b126 in: CREATED
03-14 21:46:50.561  6172  6172 D LifecycleMonitor: Lifecycle status change: com.mcfuzzysquirrel.studentfinance.MainActivity@980b126 in: STARTED
03-14 21:46:50.569  6172  6172 W unknown:BridgelessReact: ReactHost{0}.onHostResume(activity)
03-14 21:46:50.570  6172  6172 W unknown:ReactNative: Packager connection already open, nooping.
03-14 21:46:50.570  6172  6172 W unknown:BridgelessReact: ReactHost{0}.ReactContext.onHostResume()
03-14 21:46:50.570  6172  6172 D LifecycleMonitor: Lifecycle status change: com.mcfuzzysquirrel.studentfinance.MainActivity@980b126 in: RESUMED
03-14 21:46:50.583  6172  6172 W HWUI    : Unknown dataspace 0
03-14 21:46:50.621  6172  6305 D TrafficStats: tagSocket(116) with statsTag=0xffffffff, statsUid=-1
03-14 21:46:50.694  6172  6277 I EGL_emulation: Opening libGLESv1_CM_emulation.so
03-14 21:46:50.694  6172  6277 I EGL_emulation: Opening libGLESv2_emulation.so
03-14 21:46:50.729  6172  6277 W HWUI    : Failed to initialize 101010-2 format, error = EGL_SUCCESS
03-14 21:46:50.751  6172  6277 I Gralloc4: mapper 4.x is not supported
03-14 21:46:51.312  6172  6297 I ExpoModulesCore: ✅ AppContext was initialized
03-14 21:46:51.412  6172  6297 W unknown:BridgelessReact: ReactHost{0}.getOrCreateReactInstanceTask(): Loading JS Bundle
03-14 21:46:51.451  6172  6172 W unknown:BridgelessReact: ReactHost{0}.handleHostException(message = "Unable to load script.
03-14 21:46:51.451  6172  6172 W unknown:BridgelessReact: 
03-14 21:46:51.451  6172  6172 W unknown:BridgelessReact: Make sure you're running Metro or that your bundle 'index.android.bundle' is packaged correctly for release.
03-14 21:46:51.451  6172  6172 W unknown:BridgelessReact: 
03-14 21:46:51.451  6172  6172 W unknown:BridgelessReact: The device must either be USB connected (with bundler set to "localhost:8081") or be on the same Wi-Fi network as your computer (with bundler set to your computer IP) to connect to Metro.
03-14 21:46:51.451  6172  6172 W unknown:BridgelessReact: 
03-14 21:46:51.451  6172  6172 W unknown:BridgelessReact: If you're using USB on a physical device, make sure you also run this command:
03-14 21:46:51.451  6172  6172 W unknown:BridgelessReact:   adb reverse tcp:8081 tcp:8081")
03-14 21:46:51.454  6172  6172 E unknown:ReactNative: Exception in native call
03-14 21:46:51.454  6172  6172 E unknown:ReactNative: java.lang.RuntimeException: Unable to load script.
03-14 21:46:51.454  6172  6172 E unknown:ReactNative: 
03-14 21:46:51.454  6172  6172 E unknown:ReactNative: Make sure you're running Metro or that your bundle 'index.android.bundle' is packaged correctly for release.
03-14 21:46:51.454  6172  6172 E unknown:ReactNative: 
03-14 21:46:51.454  6172  6172 E unknown:ReactNative: The device must either be USB connected (with bundler set to "localhost:8081") or be on the same Wi-Fi network as your computer (with bundler set to your computer IP) to connect to Metro.
03-14 21:46:51.454  6172  6172 E unknown:ReactNative: 
03-14 21:46:51.454  6172  6172 E unknown:ReactNative: If you're using USB on a physical device, make sure you also run this command:
03-14 21:46:51.454  6172  6172 E unknown:ReactNative:   adb reverse tcp:8081 tcp:8081
03-14 21:46:51.454  6172  6172 E unknown:ReactNative: 	at com.facebook.react.runtime.ReactInstance.loadJSBundleFromAssets(Native Method)
03-14 21:46:51.454  6172  6172 E unknown:ReactNative: 	at com.facebook.react.runtime.ReactInstance.access$loadJSBundleFromAssets(ReactInstance.kt:84)
03-14 21:46:51.454  6172  6172 E unknown:ReactNative: 	at com.facebook.react.runtime.ReactInstance$loadJSBundle$1.loadScriptFromAssets(ReactInstance.kt:324)
03-14 21:46:51.454  6172  6172 E unknown:ReactNative: 	at com.facebook.react.bridge.JSBundleLoader$Companion$createAssetLoader$1.loadScript(JSBundleLoader.kt:33)
03-14 21:46:51.454  6172  6172 E unknown:ReactNative: 	at com.facebook.react.runtime.ReactInstance.loadJSBundle(ReactInstance.kt:303)
03-14 21:46:51.454  6172  6172 E unknown:ReactNative: 	at com.facebook.react.runtime.ReactHostImpl.getOrCreateReactInstanceTask$lambda$44$lambda$40(ReactHostImpl.kt:1015)
03-14 21:46:51.454  6172  6172 E unknown:ReactNative: 	at com.facebook.react.runtime.ReactHostImpl.$r8$lambda$kGNcmxBxZbp8b1wWTaqIXDdkV8g(Unknown Source:0)
03-14 21:46:51.454  6172  6172 E unknown:ReactNative: 	at com.facebook.react.runtime.ReactHostImpl$$ExternalSyntheticLambda24.then(D8$$SyntheticClass:0)
03-14 21:46:51.454  6172  6172 E unknown:ReactNative: 	at com.facebook.react.runtime.internal.bolts.Task$Companion.completeImmediately$lambda$3(Task.kt:360)
03-14 21:46:51.454  6172  6172 E unknown:ReactNative: 	at com.facebook.react.runtime.internal.bolts.Task$Companion.$r8$lambda$b7MTC0ufkn_2TjF4BGcNqGR9qK0(Unknown Source:0)
03-14 21:46:51.454  6172  6172 E unknown:ReactNative: 	at com.facebook.react.runtime.internal.bolts.Task$Companion$$ExternalSyntheticLambda3.run(D8$$SyntheticClass:0)
03-14 21:46:51.454  6172  6172 E unknown:ReactNative: 	at com.facebook.react.runtime.internal.bolts.Executors$ImmediateExecutor.execute(Executors.kt:41)
03-14 21:46:51.454  6172  6172 E unknown:ReactNative: 	at com.facebook.react.runtime.internal.bolts.Task$Companion.completeImmediately(Task.kt:358)
03-14 21:46:51.454  6172  6172 E unknown:ReactNative: 	at com.facebook.react.runtime.internal.bolts.Task$Companion.access$completeImmediately(Task.kt:254)
03-14 21:46:51.454  6172  6172 E unknown:ReactNative: 	at com.facebook.react.runtime.internal.bolts.Task.continueWith(Task.kt:133)
03-14 21:46:51.454  6172  6172 E unknown:ReactNative: 	at com.facebook.react.runtime.internal.bolts.Task.continueWith$default(Task.kt:117)
03-14 21:46:51.454  6172  6172 E unknown:ReactNative: 	at com.facebook.react.runtime.internal.bolts.Task.onSuccess$lambda$12(Task.kt:176)
03-14 21:46:51.454  6172  6172 E unknown:ReactNative: 	at com.facebook.react.runtime.internal.bolts.Task.$r8$lambda$l0wwo5AvbHxlwfI1R7CH_codxoo(Unknown Source:0)
03-14 21:46:51.454  6172  6172 E unknown:ReactNative: 	at com.facebook.react.runtime.internal.bolts.Task$$ExternalSyntheticLambda2.then(D8$$SyntheticClass:0)
03-14 21:46:51.454  6172  6172 E unknown:ReactNative: 	at com.facebook.react.runtime.internal.bolts.Task$Companion.completeAfterTask$lambda$5(Task.kt:394)
03-14 21:46:51.454  6172  6172 E unknown:ReactNative: 	at com.facebook.react.runtime.internal.bolts.Task$Companion.$r8$lambda$IPpysnehFwANEiW061YzapkMdoE(Unknown Source:0)
03-14 21:46:51.454  6172  6172 E unknown:ReactNative: 	at com.facebook.react.runtime.internal.bolts.Task$Companion$$ExternalSyntheticLambda4.run(D8$$SyntheticClass:0)
03-14 21:46:51.454  6172  6172 E unknown:ReactNative: 	at java.util.concurrent.ThreadPoolExecutor.runWorker(ThreadPoolExecutor.java:1145)
03-14 21:46:51.454  6172  6172 E unknown:ReactNative: 	at java.util.concurrent.ThreadPoolExecutor$Worker.run(ThreadPoolExecutor.java:644)
03-14 21:46:51.454  6172  6172 E unknown:ReactNative: 	at java.lang.Thread.run(Thread.java:1012)
03-14 21:46:51.464  6172  6297 W unknown:BridgelessReact: ReactHost{0}.getOrCreateDestroyTask()
03-14 21:46:51.464  6172  6297 W unknown:BridgelessReact: ReactHost{0}.raiseSoftException(getOrCreateDestroyTask()): handleHostException(message = "Unable to load script.
03-14 21:46:51.464  6172  6297 W unknown:BridgelessReact: 
03-14 21:46:51.464  6172  6297 W unknown:BridgelessReact: Make sure you're running Metro or that your bundle 'index.android.bundle' is packaged correctly for release.
03-14 21:46:51.464  6172  6297 W unknown:BridgelessReact: 
03-14 21:46:51.464  6172  6297 W unknown:BridgelessReact: The device must either be USB connected (with bundler set to "localhost:8081") or be on the same Wi-Fi network as your computer (with bundler set to your computer IP) to connect to Metro.
03-14 21:46:51.464  6172  6297 W unknown:BridgelessReact: 
03-14 21:46:51.464  6172  6297 W unknown:BridgelessReact: If you're using USB on a physical device, make sure you also run this command:
03-14 21:46:51.464  6172  6297 W unknown:BridgelessReact:   adb reverse tcp:8081 tcp:8081")
03-14 21:46:51.492  6172  6297 E unknown:ReactHost: Unhandled SoftException
03-14 21:46:51.492  6172  6297 E unknown:ReactHost: com.facebook.react.bridge.ReactNoCrashSoftException: raiseSoftException(getOrCreateDestroyTask()): handleHostException(message = "Unable to load script.
03-14 21:46:51.492  6172  6297 E unknown:ReactHost: 
03-14 21:46:51.492  6172  6297 E unknown:ReactHost: Make sure you're running Metro or that your bundle 'index.android.bundle' is packaged correctly for release.
03-14 21:46:51.492  6172  6297 E unknown:ReactHost: 
03-14 21:46:51.492  6172  6297 E unknown:ReactHost: The device must either be USB connected (with bundler set to "localhost:8081") or be on the same Wi-Fi network as your computer (with bundler set to your computer IP) to connect to Metro.
03-14 21:46:51.492  6172  6297 E unknown:ReactHost: 
03-14 21:46:51.492  6172  6297 E unknown:ReactHost: If you're using USB on a physical device, make sure you also run this command:
03-14 21:46:51.492  6172  6297 E unknown:ReactHost:   adb reverse tcp:8081 tcp:8081")
03-14 21:46:51.492  6172  6297 E unknown:ReactHost: 	at com.facebook.react.runtime.ReactHostImpl.raiseSoftException(ReactHostImpl.kt:861)
03-14 21:46:51.492  6172  6297 E unknown:ReactHost: 	at com.facebook.react.runtime.ReactHostImpl.getOrCreateDestroyTask(ReactHostImpl.kt:1422)
03-14 21:46:51.492  6172  6297 E unknown:ReactHost: 	at com.facebook.react.runtime.ReactHostImpl.destroy$lambda$11(ReactHostImpl.kt:500)
03-14 21:46:51.492  6172  6297 E unknown:ReactHost: 	at com.facebook.react.runtime.ReactHostImpl.$r8$lambda$RqPT6VdmhA-RKBsb9qAdshHTgug(Unknown Source:0)
03-14 21:46:51.492  6172  6297 E unknown:ReactHost: 	at com.facebook.react.runtime.ReactHostImpl$$ExternalSyntheticLambda35.call(D8$$SyntheticClass:0)
03-14 21:46:51.492  6172  6297 E unknown:ReactHost: 	at com.facebook.react.runtime.internal.bolts.Task$Companion.call$lambda$2(Task.kt:319)
03-14 21:46:51.492  6172  6297 E unknown:ReactHost: 	at com.facebook.react.runtime.internal.bolts.Task$Companion.$r8$lambda$MFqd_-X5KhHmu0hvNE2Bec_4mJM(Unknown Source:0)
03-14 21:46:51.492  6172  6297 E unknown:ReactHost: 	at com.facebook.react.runtime.internal.bolts.Task$Companion$$ExternalSyntheticLambda1.run(D8$$SyntheticClass:0)
03-14 21:46:51.492  6172  6297 E unknown:ReactHost: 	at java.util.concurrent.ThreadPoolExecutor.runWorker(ThreadPoolExecutor.java:1145)
03-14 21:46:51.492  6172  6297 E unknown:ReactHost: 	at java.util.concurrent.ThreadPoolExecutor$Worker.run(ThreadPoolExecutor.java:644)
03-14 21:46:51.492  6172  6297 E unknown:ReactHost: 	at java.lang.Thread.run(Thread.java:1012)
03-14 21:46:51.492  6172  6297 E unknown:ReactHost: Caused by: java.lang.RuntimeException: Unable to load script.
03-14 21:46:51.492  6172  6297 E unknown:ReactHost: 
03-14 21:46:51.492  6172  6297 E unknown:ReactHost: Make sure you're running Metro or that your bundle 'index.android.bundle' is packaged correctly for release.
03-14 21:46:51.492  6172  6297 E unknown:ReactHost: 
03-14 21:46:51.492  6172  6297 E unknown:ReactHost: The device must either be USB connected (with bundler set to "localhost:8081") or be on the same Wi-Fi network as your computer (with bundler set to your computer IP) to connect to Metro.
03-14 21:46:51.492  6172  6297 E unknown:ReactHost: 
03-14 21:46:51.492  6172  6297 E unknown:ReactHost: If you're using USB on a physical device, make sure you also run this command:
03-14 21:46:51.492  6172  6297 E unknown:ReactHost:   adb reverse tcp:8081 tcp:8081
03-14 21:46:51.492  6172  6297 E unknown:ReactHost: 	at com.facebook.react.runtime.ReactInstance.loadJSBundleFromAssets(Native Method)
03-14 21:46:51.492  6172  6297 E unknown:ReactHost: 	at com.facebook.react.runtime.ReactInstance.access$loadJSBundleFromAssets(ReactInstance.kt:84)
03-14 21:46:51.492  6172  6297 E unknown:ReactHost: 	at com.facebook.react.runtime.ReactInstance$loadJSBundle$1.loadScriptFromAssets(ReactInstance.kt:324)
03-14 21:46:51.492  6172  6297 E unknown:ReactHost: 	at com.facebook.react.bridge.JSBundleLoader$Companion$createAssetLoader$1.loadScript(JSBundleLoader.kt:33)
03-14 21:46:51.492  6172  6297 E unknown:ReactHost: 	at com.facebook.react.runtime.ReactInstance.loadJSBundle(ReactInstance.kt:303)
03-14 21:46:51.492  6172  6297 E unknown:ReactHost: 	at com.facebook.react.runtime.ReactHostImpl.getOrCreateReactInstanceTask$lambda$44$lambda$40(ReactHostImpl.kt:1015)
03-14 21:46:51.492  6172  6297 E unknown:ReactHost: 	at com.facebook.react.runtime.ReactHostImpl.$r8$lambda$kGNcmxBxZbp8b1wWTaqIXDdkV8g(Unknown Source:0)
03-14 21:46:51.492  6172  6297 E unknown:ReactHost: 	at com.facebook.react.runtime.ReactHostImpl$$ExternalSyntheticLambda24.then(D8$$SyntheticClass:0)
03-14 21:46:51.492  6172  6297 E unknown:ReactHost: 	at com.facebook.react.runtime.internal.bolts.Task$Companion.completeImmediately$lambda$3(Task.kt:360)
03-14 21:46:51.492  6172  6297 E unknown:ReactHost: 	at com.facebook.react.runtime.internal.bolts.Task$Companion.$r8$lambda$b7MTC0ufkn_2TjF4BGcNqGR9qK0(Unknown Source:0)
03-14 21:46:51.492  6172  6297 E unknown:ReactHost: 	at com.facebook.react.runtime.internal.bolts.Task$Companion$$ExternalSyntheticLambda3.run(D8$$SyntheticClass:0)
03-14 21:46:51.492  6172  6297 E unknown:ReactHost: 	at com.facebook.react.runtime.internal.bolts.Executors$ImmediateExecutor.execute(Executors.kt:41)
03-14 21:46:51.492  6172  6297 E unknown:ReactHost: 	at com.facebook.react.runtime.internal.bolts.Task$Companion.completeImmediately(Task.kt:358)
03-14 21:46:51.492  6172  6297 E unknown:ReactHost: 	at com.facebook.react.runtime.internal.bolts.Task$Companion.access$completeImmediately(Task.kt:254)
03-14 21:46:51.492  6172  6297 E unknown:ReactHost: 	at com.facebook.react.runtime.internal.bolts.Task.continueWith(Task.kt:133)
03-14 21:46:51.492  6172  6297 E unknown:ReactHost: 	at com.facebook.react.runtime.internal.bolts.Task.continueWith$default(Task.kt:117)
03-14 21:46:51.492  6172  6297 E unknown:ReactHost: 	at com.facebook.react.runtime.internal.bolts.Task.onSuccess$lambda$12(Task.kt:176)
03-14 21:46:51.492  6172  6297 E unknown:ReactHost: 	at com.facebook.react.runtime.internal.bolts.Task.$r8$lambda$l0wwo5AvbHxlwfI1R7CH_codxoo(Unknown Source:0)
03-14 21:46:51.492  6172  6297 E unknown:ReactHost: 	at com.facebook.react.runtime.internal.bolts.Task$$ExternalSyntheticLambda2.then(D8$$SyntheticClass:0)
03-14 21:46:51.492  6172  6297 E unknown:ReactHost: 	at com.facebook.react.runtime.internal.bolts.Task$Companion.completeAfterTask$lambda$5(Task.kt:394)
03-14 21:46:51.492  6172  6297 E unknown:ReactHost: 	at com.facebook.react.runtime.internal.bolts.Task$Companion.$r8$lambda$IPpysnehFwANEiW061YzapkMdoE(Unknown Source:0)
03-14 21:46:51.492  6172  6297 E unknown:ReactHost: 	at com.facebook.react.runtime.internal.bolts.Task$Companion$$ExternalSyntheticLambda4.run(D8$$SyntheticClass:0)
03-14 21:46:51.492  6172  6297 E unknown:ReactHost: 	... 3 more
03-14 21:46:51.492  6172  6297 W unknown:BridgelessReact: ReactHost{0}.getOrCreateDestroyTask(): Resetting createReactInstance task ref
03-14 21:46:51.533  6172  6179 I .studentfinance: Compiler allocated 5174KB to compile void android.view.ViewRootImpl.performTraversals()
03-14 21:46:51.946  6172  6172 W unknown:BridgelessReact: ReactHost{0}.getOrCreateDestroyTask(): Starting React Native destruction
03-14 21:46:51.947  6172  6172 W unknown:BridgelessReact: ReactHost{0}.raiseSoftException(getOrCreateDestroyTask()): Destroy: ReactInstance task faulted. Stage: 1: Starting destroy. Fault reason: Unable to load script.
03-14 21:46:51.947  6172  6172 W unknown:BridgelessReact: 
03-14 21:46:51.947  6172  6172 W unknown:BridgelessReact: Make sure you're running Metro or that your bundle 'index.android.bundle' is packaged correctly for release.
03-14 21:46:51.947  6172  6172 W unknown:BridgelessReact: 
03-14 21:46:51.947  6172  6172 W unknown:BridgelessReact: The device must either be USB connected (with bundler set to "localhost:8081") or be on the same Wi-Fi network as your computer (with bundler set to your computer IP) to connect to Metro.
03-14 21:46:51.947  6172  6172 W unknown:BridgelessReact: 
03-14 21:46:51.947  6172  6172 W unknown:BridgelessReact: If you're using USB on a physical device, make sure you also run this command:
03-14 21:46:51.947  6172  6172 W unknown:BridgelessReact:   adb reverse tcp:8081 tcp:8081. Destroy reason: handleHostException(message = "Unable to load script.
03-14 21:46:51.947  6172  6172 W unknown:BridgelessReact: 
03-14 21:46:51.947  6172  6172 W unknown:BridgelessReact: Make sure you're running Metro or that your bundle 'index.android.bundle' is packaged correctly for release.
03-14 21:46:51.947  6172  6172 W unknown:BridgelessReact: 
03-14 21:46:51.947  6172  6172 W unknown:BridgelessReact: The device must either be USB connected (with bundler set to "localhost:8081") or be on the same Wi-Fi network as your computer (with bundler set to your computer IP) to connect to Metro.
03-14 21:46:51.947  6172  6172 W unknown:BridgelessReact: 
03-14 21:46:51.947  6172  6172 W unknown:BridgelessReact: If you're using USB on a physical device, make sure you also run this command:
03-14 21:46:51.947  6172  6172 W unknown:BridgelessReact:   adb reverse tcp:8081 tcp:8081")
03-14 21:46:51.947  6172  6172 E unknown:ReactHost: Unhandled SoftException
03-14 21:46:51.947  6172  6172 E unknown:ReactHost: com.facebook.react.bridge.ReactNoCrashSoftException: raiseSoftException(getOrCreateDestroyTask()): Destroy: ReactInstance task faulted. Stage: 1: Starting destroy. Fault reason: Unable to load script.
03-14 21:46:51.947  6172  6172 E unknown:ReactHost: 
03-14 21:46:51.947  6172  6172 E unknown:ReactHost: Make sure you're running Metro or that your bundle 'index.android.bundle' is packaged correctly for release.
03-14 21:46:51.947  6172  6172 E unknown:ReactHost: 
03-14 21:46:51.947  6172  6172 E unknown:ReactHost: The device must either be USB connected (with bundler set to "localhost:8081") or be on the same Wi-Fi network as your computer (with bundler set to your computer IP) to connect to Metro.
03-14 21:46:51.947  6172  6172 E unknown:ReactHost: 
03-14 21:46:51.947  6172  6172 E unknown:ReactHost: If you're using USB on a physical device, make sure you also run this command:
03-14 21:46:51.947  6172  6172 E unknown:ReactHost:   adb reverse tcp:8081 tcp:8081. Destroy reason: handleHostException(message = "Unable to load script.
03-14 21:46:51.947  6172  6172 E unknown:ReactHost: 
03-14 21:46:51.947  6172  6172 E unknown:ReactHost: Make sure you're running Metro or that your bundle 'index.android.bundle' is packaged correctly for release.
03-14 21:46:51.947  6172  6172 E unknown:ReactHost: 
03-14 21:46:51.947  6172  6172 E unknown:ReactHost: The device must either be USB connected (with bundler set to "localhost:8081") or be on the same Wi-Fi network as your computer (with bundler set to your computer IP) to connect to Metro.
03-14 21:46:51.947  6172  6172 E unknown:ReactHost: 
03-14 21:46:51.947  6172  6172 E unknown:ReactHost: If you're using USB on a physical device, make sure you also run this command:
03-14 21:46:51.947  6172  6172 E unknown:ReactHost:   adb reverse tcp:8081 tcp:8081")
03-14 21:46:51.947  6172  6172 E unknown:ReactHost: 	at com.facebook.react.runtime.ReactHostImpl.raiseSoftException(ReactHostImpl.kt:861)
03-14 21:46:51.947  6172  6172 E unknown:ReactHost: 	at com.facebook.react.runtime.ReactHostImpl.raiseSoftException$default(ReactHostImpl.kt:852)
03-14 21:46:51.947  6172  6172 E unknown:ReactHost: 	at com.facebook.react.runtime.ReactHostImpl.createReactInstanceUnwrapper$lambda$49(ReactHostImpl.kt:1220)
03-14 21:46:51.947  6172  6172 E unknown:ReactHost: 	at com.facebook.react.runtime.ReactHostImpl.$r8$lambda$wxqWPZPIM84yb-DFfq8PhEXI2r4(Unknown Source:0)
03-14 21:46:51.947  6172  6172 E unknown:ReactHost: 	at com.facebook.react.runtime.ReactHostImpl$$ExternalSyntheticLambda36.invoke(D8$$SyntheticClass:0)
03-14 21:46:51.947  6172  6172 E unknown:ReactHost: 	at com.facebook.react.runtime.ReactHostImpl.getOrCreateDestroyTask$lambda$60(ReactHostImpl.kt:1437)
03-14 21:46:51.947  6172  6172 E unknown:ReactHost: 	at com.facebook.react.runtime.ReactHostImpl.$r8$lambda$W_3hbG2jNwurg3jPo_rFnHCrsPg(Unknown Source:0)
03-14 21:46:51.947  6172  6172 E unknown:ReactHost: 	at com.facebook.react.runtime.ReactHostImpl$$ExternalSyntheticLambda27.then(D8$$SyntheticClass:0)
03-14 21:46:51.947  6172  6172 E unknown:ReactHost: 	at com.facebook.react.runtime.internal.bolts.Task$Companion.completeAfterTask$lambda$5(Task.kt:394)
03-14 21:46:51.947  6172  6172 E unknown:ReactHost: 	at com.facebook.react.runtime.internal.bolts.Task$Companion.$r8$lambda$IPpysnehFwANEiW061YzapkMdoE(Unknown Source:0)
03-14 21:46:51.947  6172  6172 E unknown:ReactHost: 	at com.facebook.react.runtime.internal.bolts.Task$Companion$$ExternalSyntheticLambda4.run(D8$$SyntheticClass:0)
03-14 21:46:51.947  6172  6172 E unknown:ReactHost: 	at android.os.Handler.handleCallback(Handler.java:959)
03-14 21:46:51.947  6172  6172 E unknown:ReactHost: 	at android.os.Handler.dispatchMessage(Handler.java:100)
03-14 21:46:51.947  6172  6172 E unknown:ReactHost: 	at android.os.Looper.loopOnce(Looper.java:232)
03-14 21:46:51.947  6172  6172 E unknown:ReactHost: 	at android.os.Looper.loop(Looper.java:317)
03-14 21:46:51.947  6172  6172 E unknown:ReactHost: 	at android.app.ActivityThread.main(ActivityThread.java:8705)
03-14 21:46:51.947  6172  6172 E unknown:ReactHost: 	at java.lang.reflect.Method.invoke(Native Method)
03-14 21:46:51.947  6172  6172 E unknown:ReactHost: 	at com.android.internal.os.RuntimeInit$MethodAndArgsCaller.run(RuntimeInit.java:580)
03-14 21:46:51.947  6172  6172 E unknown:ReactHost: 	at com.android.internal.os.ZygoteInit.main(ZygoteInit.java:886)
03-14 21:46:51.948  6172  6172 W unknown:BridgelessReact: ReactHost{0}.getOrCreateDestroyTask(): DevSupportManager cleanup
03-14 21:46:51.948  6172  6172 W unknown:BridgelessReact: ReactHost{0}.getOrCreateDestroyTask(): Move ReactHost to onHostDestroy()
03-14 21:46:51.949  6172  6172 W unknown:BridgelessReact: ReactHost{0}.ReactContext.onHostPause()
03-14 21:46:51.949  6172  6172 W unknown:BridgelessReact: ReactHost{0}.ReactContext.onHostDestroy()
03-14 21:46:51.962  6172  6297 W unknown:BridgelessReact: ReactHost{0}.getOrCreateDestroyTask(): Stopping all React Native surfaces
03-14 21:46:51.963  6172  6297 E unknown:FabricUIManager: Unhandled SoftException
03-14 21:46:51.963  6172  6297 E unknown:FabricUIManager: java.lang.IllegalStateException: Trying to stop surface that hasn't started yet
03-14 21:46:51.963  6172  6297 E unknown:FabricUIManager: 	at com.facebook.react.fabric.FabricUIManager.stopSurface(FabricUIManager.java:396)
03-14 21:46:51.963  6172  6297 E unknown:FabricUIManager: 	at com.facebook.react.runtime.ReactInstance.stopSurface(ReactInstance.kt:410)
03-14 21:46:51.963  6172  6297 E unknown:FabricUIManager: 	at com.facebook.react.runtime.ReactHostImpl.stopAttachedSurfaces(ReactHostImpl.kt:1189)
03-14 21:46:51.963  6172  6297 E unknown:FabricUIManager: 	at com.facebook.react.runtime.ReactHostImpl.getOrCreateDestroyTask$lambda$62(ReactHostImpl.kt:1475)
03-14 21:46:51.963  6172  6297 E unknown:FabricUIManager: 	at com.facebook.react.runtime.ReactHostImpl.$r8$lambda$xpeTQfuVN0XbBBJsIsVmA6wzF00(Unknown Source:0)
03-14 21:46:51.963  6172  6297 E unknown:FabricUIManager: 	at com.facebook.react.runtime.ReactHostImpl$$ExternalSyntheticLambda28.then(D8$$SyntheticClass:0)
03-14 21:46:51.963  6172  6297 E unknown:FabricUIManager: 	at com.facebook.react.runtime.internal.bolts.Task$Companion.completeAfterTask$lambda$5(Task.kt:394)
03-14 21:46:51.963  6172  6297 E unknown:FabricUIManager: 	at com.facebook.react.runtime.internal.bolts.Task$Companion.$r8$lambda$IPpysnehFwANEiW061YzapkMdoE(Unknown Source:0)
03-14 21:46:51.963  6172  6297 E unknown:FabricUIManager: 	at com.facebook.react.runtime.internal.bolts.Task$Companion$$ExternalSyntheticLambda4.run(D8$$SyntheticClass:0)
03-14 21:46:51.963  6172  6297 E unknown:FabricUIManager: 	at java.util.concurrent.ThreadPoolExecutor.runWorker(ThreadPoolExecutor.java:1145)
03-14 21:46:51.963  6172  6297 E unknown:FabricUIManager: 	at java.util.concurrent.ThreadPoolExecutor$Worker.run(ThreadPoolExecutor.java:644)
03-14 21:46:51.963  6172  6297 E unknown:FabricUIManager: 	at java.lang.Thread.run(Thread.java:1012)
03-14 21:46:51.976  6172  6172 W unknown:BridgelessReact: ReactHost{0}.getOrCreateDestroyTask(): Destroying MemoryPressureRouter
03-14 21:46:51.977  6172  6172 W unknown:BridgelessReact: ReactHost{0}.getOrCreateDestroyTask(): Resetting ReactContext ref
03-14 21:46:51.977  6172  6172 W unknown:BridgelessReact: ReactHost{0}.getOrCreateDestroyTask(): Destroying ReactContext
03-14 21:46:51.978  6172  6297 W unknown:BridgelessReact: ReactHost{0}.getOrCreateDestroyTask(): Resetting ReactInstance ptr
03-14 21:46:52.002  6172  6297 W unknown:BridgelessReact: ReactHost{0}.getOrCreateDestroyTask(): Destroying ReactInstance
03-14 21:46:52.005  6172  6297 E unknown:ReactNative: Tried to remove non-existent frame callback
03-14 21:46:52.013  6172  6297 W unknown:BridgelessReact: ReactHost{0}.getOrCreateDestroyTask(): Resetting start/destroy task ref
03-14 21:46:52.056  6172  6179 I .studentfinance: Compiler allocated 4219KB to compile void android.widget.TextView.<init>(android.content.Context, android.util.AttributeSet, int, int)
03-14 21:46:52.403  6172  6293 D TrafficStats: tagSocket(145) with statsTag=0xffffffff, statsUid=-1
03-14 21:46:53.157  6172  6277 D EGL_emulation: app_time_stats: avg=299.06ms min=43.26ms max=968.61ms count=4
03-14 21:46:54.411  6172  6293 D TrafficStats: tagSocket(146) with statsTag=0xffffffff, statsUid=-1
03-14 21:46:54.700  6172  6446 D ProfileInstaller: Installing profile for com.mcfuzzysquirrel.studentfinance
03-14 21:46:56.418  6172  6293 D TrafficStats: tagSocket(146) with statsTag=0xffffffff, statsUid=-1
03-14 21:46:58.429  6172  6293 D TrafficStats: tagSocket(146) with statsTag=0xffffffff, statsUid=-1
03-14 21:46:59.762  6172  6271 D DetoxWSClient: Received action 'currentStatus' (ID #2, params={})
03-14 21:46:59.763  6172  6268 I DetoxDispatcher: Handling action 'currentStatus' (ID #2)...
03-14 21:47:00.438  6172  6293 D TrafficStats: tagSocket(6) with statsTag=0xffffffff, statsUid=-1
03-14 21:47:02.448  6172  6293 D TrafficStats: tagSocket(6) with statsTag=0xffffffff, statsUid=-1
03-14 21:47:04.456  6172  6293 D TrafficStats: tagSocket(6) with statsTag=0xffffffff, statsUid=-1
03-14 21:47:06.462  6172  6293 D TrafficStats: tagSocket(6) with statsTag=0xffffffff, statsUid=-1
03-14 21:47:08.471  6172  6293 D TrafficStats: tagSocket(6) with statsTag=0xffffffff, statsUid=-1
03-14 21:47:10.480  6172  6293 D TrafficStats: tagSocket(6) with statsTag=0xffffffff, statsUid=-1
03-14 21:47:12.488  6172  6293 D TrafficStats: tagSocket(6) with statsTag=0xffffffff, statsUid=-1
03-14 21:47:14.497  6172  6293 D TrafficStats: tagSocket(6) with statsTag=0xffffffff, statsUid=-1
03-14 21:47:16.501  6172  6293 D TrafficStats: tagSocket(6) with statsTag=0xffffffff, statsUid=-1
03-14 21:47:18.508  6172  6293 D TrafficStats: tagSocket(6) with statsTag=0xffffffff, statsUid=-1
03-14 21:47:20.516  6172  6293 D TrafficStats: tagSocket(6) with statsTag=0xffffffff, statsUid=-1
03-14 21:47:22.524  6172  6293 D TrafficStats: tagSocket(6) with statsTag=0xffffffff, statsUid=-1
03-14 21:47:24.532  6172  6293 D TrafficStats: tagSocket(6) with statsTag=0xffffffff, statsUid=-1
03-14 21:47:26.538  6172  6293 D TrafficStats: tagSocket(6) with statsTag=0xffffffff, statsUid=-1
03-14 21:47:28.544  6172  6293 D TrafficStats: tagSocket(6) with statsTag=0xffffffff, statsUid=-1
03-14 21:47:30.552  6172  6293 D TrafficStats: tagSocket(6) with statsTag=0xffffffff, statsUid=-1
03-14 21:47:32.560  6172  6293 D TrafficStats: tagSocket(6) with statsTag=0xffffffff, statsUid=-1
03-14 21:47:34.567  6172  6293 D TrafficStats: tagSocket(6) with statsTag=0xffffffff, statsUid=-1
03-14 21:47:36.575  6172  6293 D TrafficStats: tagSocket(6) with statsTag=0xffffffff, statsUid=-1
03-14 21:47:38.582  6172  6293 D TrafficStats: tagSocket(6) with statsTag=0xffffffff, statsUid=-1
03-14 21:47:40.590  6172  6293 D TrafficStats: tagSocket(6) with statsTag=0xffffffff, statsUid=-1
03-14 21:47:42.597  6172  6293 D TrafficStats: tagSocket(6) with statsTag=0xffffffff, statsUid=-1
