03-14 22:57:39.441 11786 11786 I ViewInteraction: Checking 'MatchesViewAssertion(Detox){viewMatcher=(view has effective visibility <VISIBLE> and view.getGlobalVisibleRect() covers at least <75> percent of the view's area)}' assertion on view (view.getTag() is "add-expense-note-input" and view has effective visibility <VISIBLE>)
03-14 22:57:39.457 11786 11884 D TrafficStats: tagSocket(142) with statsTag=0xffffffff, statsUid=-1
03-14 22:57:39.522 11786 11786 I ViewInteraction: Checking 'MatchesViewAssertion(Detox){viewMatcher=(view has effective visibility <VISIBLE> and view.getGlobalVisibleRect() covers at least <75> percent of the view's area)}' assertion on view (view.getTag() is "add-expense-note-input" and view has effective visibility <VISIBLE>)
03-14 22:57:39.589 11786 11786 I ViewInteraction: Checking 'MatchesViewAssertion(Detox){viewMatcher=(view has effective visibility <VISIBLE> and view.getGlobalVisibleRect() covers at least <75> percent of the view's area)}' assertion on view (view.getTag() is "add-expense-note-input" and view has effective visibility <VISIBLE>)
03-14 22:57:39.679 11786 11786 I ViewInteraction: Checking 'MatchesViewAssertion(Detox){viewMatcher=(view has effective visibility <VISIBLE> and view.getGlobalVisibleRect() covers at least <75> percent of the view's area)}' assertion on view (view.getTag() is "add-expense-note-input" and view has effective visibility <VISIBLE>)
03-14 22:57:39.802 11786 11786 I ViewInteraction: Checking 'MatchesViewAssertion(Detox){viewMatcher=(view has effective visibility <VISIBLE> and view.getGlobalVisibleRect() covers at least <75> percent of the view's area)}' assertion on view (view.getTag() is "add-expense-note-input" and view has effective visibility <VISIBLE>)
03-14 22:57:39.925 11786 11786 I ViewInteraction: Checking 'MatchesViewAssertion(Detox){viewMatcher=(view has effective visibility <VISIBLE> and view.getGlobalVisibleRect() covers at least <75> percent of the view's area)}' assertion on view (view.getTag() is "add-expense-note-input" and view has effective visibility <VISIBLE>)
03-14 22:57:40.077 11786 11786 I ViewInteraction: Checking 'MatchesViewAssertion(Detox){viewMatcher=(view has effective visibility <VISIBLE> and view.getGlobalVisibleRect() covers at least <75> percent of the view's area)}' assertion on view (view.getTag() is "add-expense-note-input" and view has effective visibility <VISIBLE>)
03-14 22:57:40.178 11786 11786 I ViewInteraction: Checking 'MatchesViewAssertion(Detox){viewMatcher=(view has effective visibility <VISIBLE> and view.getGlobalVisibleRect() covers at least <75> percent of the view's area)}' assertion on view (view.getTag() is "add-expense-note-input" and view has effective visibility <VISIBLE>)
03-14 22:57:40.228 11786 11794 I .studentfinance: Background concurrent mark compact GC freed 11MB AllocSpace bytes, 91(4904KB) LOS objects, 49% free, 14MB/28MB, paused 528us,20.001ms total 558.638ms
03-14 22:57:40.245 11786 11786 I ViewInteraction: Checking 'MatchesViewAssertion(Detox){viewMatcher=(view has effective visibility <VISIBLE> and view.getGlobalVisibleRect() covers at least <75> percent of the view's area)}' assertion on view (view.getTag() is "add-expense-note-input" and view has effective visibility <VISIBLE>)
03-14 22:57:40.305 11786 11786 I ViewInteraction: Checking 'MatchesViewAssertion(Detox){viewMatcher=(view has effective visibility <VISIBLE> and view.getGlobalVisibleRect() covers at least <75> percent of the view's area)}' assertion on view (view.getTag() is "add-expense-note-input" and view has effective visibility <VISIBLE>)
03-14 22:57:40.329 11786 11861 D EGL_emulation: app_time_stats: avg=480.95ms min=408.10ms max=542.26ms count=3
03-14 22:57:40.424 11786 11786 I ViewInteraction: Checking 'MatchesViewAssertion(Detox){viewMatcher=(view has effective visibility <VISIBLE> and view.getGlobalVisibleRect() covers at least <75> percent of the view's area)}' assertion on view (view.getTag() is "add-expense-note-input" and view has effective visibility <VISIBLE>)
03-14 22:57:40.486 11786 11786 I ViewInteraction: Checking 'MatchesViewAssertion(Detox){viewMatcher=(view has effective visibility <VISIBLE> and view.getGlobalVisibleRect() covers at least <75> percent of the view's area)}' assertion on view (view.getTag() is "add-expense-note-input" and view has effective visibility <VISIBLE>)
03-14 22:57:40.542 11786 11786 I ViewInteraction: Checking 'MatchesViewAssertion(Detox){viewMatcher=(view has effective visibility <VISIBLE> and view.getGlobalVisibleRect() covers at least <75> percent of the view's area)}' assertion on view (view.getTag() is "add-expense-note-input" and view has effective visibility <VISIBLE>)
03-14 22:57:40.598 11786 11786 I ViewInteraction: Checking 'MatchesViewAssertion(Detox){viewMatcher=(view has effective visibility <VISIBLE> and view.getGlobalVisibleRect() covers at least <75> percent of the view's area)}' assertion on view (view.getTag() is "add-expense-note-input" and view has effective visibility <VISIBLE>)
03-14 22:57:40.663 11786 11786 I ViewInteraction: Checking 'MatchesViewAssertion(Detox){viewMatcher=(view has effective visibility <VISIBLE> and view.getGlobalVisibleRect() covers at least <75> percent of the view's area)}' assertion on view (view.getTag() is "add-expense-note-input" and view has effective visibility <VISIBLE>)
03-14 22:57:40.728 11786 11786 I ViewInteraction: Checking 'MatchesViewAssertion(Detox){viewMatcher=(view has effective visibility <VISIBLE> and view.getGlobalVisibleRect() covers at least <75> percent of the view's area)}' assertion on view (view.getTag() is "add-expense-note-input" and view has effective visibility <VISIBLE>)
03-14 22:57:40.784 11786 11786 I ViewInteraction: Checking 'MatchesViewAssertion(Detox){viewMatcher=(view has effective visibility <VISIBLE> and view.getGlobalVisibleRect() covers at least <75> percent of the view's area)}' assertion on view (view.getTag() is "add-expense-note-input" and view has effective visibility <VISIBLE>)
03-14 22:57:40.904 11786 11786 I ViewInteraction: Checking 'MatchesViewAssertion(Detox){viewMatcher=(view has effective visibility <VISIBLE> and view.getGlobalVisibleRect() covers at least <75> percent of the view's area)}' assertion on view (view.getTag() is "add-expense-note-input" and view has effective visibility <VISIBLE>)
03-14 22:57:40.992 11786 11786 I ViewInteraction: Checking 'MatchesViewAssertion(Detox){viewMatcher=(view has effective visibility <VISIBLE> and view.getGlobalVisibleRect() covers at least <75> percent of the view's area)}' assertion on view (view.getTag() is "add-expense-note-input" and view has effective visibility <VISIBLE>)
03-14 22:57:41.041 11786 11786 I ViewInteraction: Checking 'MatchesViewAssertion(Detox){viewMatcher=(view has effective visibility <VISIBLE> and view.getGlobalVisibleRect() covers at least <75> percent of the view's area)}' assertion on view (view.getTag() is "add-expense-note-input" and view has effective visibility <VISIBLE>)
03-14 22:57:41.108 11786 11786 I ViewInteraction: Checking 'MatchesViewAssertion(Detox){viewMatcher=(view has effective visibility <VISIBLE> and view.getGlobalVisibleRect() covers at least <75> percent of the view's area)}' assertion on view (view.getTag() is "add-expense-note-input" and view has effective visibility <VISIBLE>)
03-14 22:57:41.170 11786 11786 I ViewInteraction: Checking 'MatchesViewAssertion(Detox){viewMatcher=(view has effective visibility <VISIBLE> and view.getGlobalVisibleRect() covers at least <75> percent of the view's area)}' assertion on view (view.getTag() is "add-expense-note-input" and view has effective visibility <VISIBLE>)
03-14 22:57:41.185 11786 11876 D TrafficStats: tagSocket(131) with statsTag=0xffffffff, statsUid=-1
03-14 22:57:41.219 11786 11786 I ViewInteraction: Checking 'MatchesViewAssertion(Detox){viewMatcher=(view has effective visibility <VISIBLE> and view.getGlobalVisibleRect() covers at least <75> percent of the view's area)}' assertion on view (view.getTag() is "add-expense-note-input" and view has effective visibility <VISIBLE>)
03-14 22:57:41.273 11786 11786 I ViewInteraction: Checking 'MatchesViewAssertion(Detox){viewMatcher=(view has effective visibility <VISIBLE> and view.getGlobalVisibleRect() covers at least <75> percent of the view's area)}' assertion on view (view.getTag() is "add-expense-note-input" and view has effective visibility <VISIBLE>)
03-14 22:57:41.331 11786 11861 D EGL_emulation: app_time_stats: avg=501.18ms min=500.67ms max=501.70ms count=2
03-14 22:57:41.398 11786 11786 I ViewInteraction: Checking 'MatchesViewAssertion(Detox){viewMatcher=(view has effective visibility <VISIBLE> and view.getGlobalVisibleRect() covers at least <75> percent of the view's area)}' assertion on view (view.getTag() is "add-expense-note-input" and view has effective visibility <VISIBLE>)
03-14 22:57:41.517 11786 11786 I ViewInteraction: Checking 'MatchesViewAssertion(Detox){viewMatcher=(view has effective visibility <VISIBLE> and view.getGlobalVisibleRect() covers at least <75> percent of the view's area)}' assertion on view (view.getTag() is "add-expense-note-input" and view has effective visibility <VISIBLE>)
03-14 22:57:41.521 11786 11884 D TrafficStats: tagSocket(132) with statsTag=0xffffffff, statsUid=-1
03-14 22:57:41.568 11786 11786 I ViewInteraction: Checking 'MatchesViewAssertion(Detox){viewMatcher=(view has effective visibility <VISIBLE> and view.getGlobalVisibleRect() covers at least <75> percent of the view's area)}' assertion on view (view.getTag() is "add-expense-note-input" and view has effective visibility <VISIBLE>)
03-14 22:57:41.619 11786 11786 I ViewInteraction: Checking 'MatchesViewAssertion(Detox){viewMatcher=(view has effective visibility <VISIBLE> and view.getGlobalVisibleRect() covers at least <75> percent of the view's area)}' assertion on view (view.getTag() is "add-expense-note-input" and view has effective visibility <VISIBLE>)
03-14 22:57:41.666 11786 11786 I ViewInteraction: Checking 'MatchesViewAssertion(Detox){viewMatcher=(view has effective visibility <VISIBLE> and view.getGlobalVisibleRect() covers at least <75> percent of the view's area)}' assertion on view (view.getTag() is "add-expense-note-input" and view has effective visibility <VISIBLE>)
03-14 22:57:41.740 11786 11786 I ViewInteraction: Checking 'MatchesViewAssertion(Detox){viewMatcher=(view has effective visibility <VISIBLE> and view.getGlobalVisibleRect() covers at least <75> percent of the view's area)}' assertion on view (view.getTag() is "add-expense-note-input" and view has effective visibility <VISIBLE>)
03-14 22:57:41.786 11786 11794 I .studentfinance: Background concurrent mark compact GC freed 8936KB AllocSpace bytes, 70(3800KB) LOS objects, 49% free, 11MB/22MB, paused 419us,6.871ms total 94.210ms
03-14 22:57:41.808 11786 11786 I ViewInteraction: Checking 'MatchesViewAssertion(Detox){viewMatcher=(view has effective visibility <VISIBLE> and view.getGlobalVisibleRect() covers at least <75> percent of the view's area)}' assertion on view (view.getTag() is "add-expense-note-input" and view has effective visibility <VISIBLE>)
03-14 22:57:41.886 11786 11786 I ViewInteraction: Checking 'MatchesViewAssertion(Detox){viewMatcher=(view has effective visibility <VISIBLE> and view.getGlobalVisibleRect() covers at least <75> percent of the view's area)}' assertion on view (view.getTag() is "add-expense-note-input" and view has effective visibility <VISIBLE>)
03-14 22:57:41.953 11786 11786 I ViewInteraction: Checking 'MatchesViewAssertion(Detox){viewMatcher=(view has effective visibility <VISIBLE> and view.getGlobalVisibleRect() covers at least <75> percent of the view's area)}' assertion on view (view.getTag() is "add-expense-note-input" and view has effective visibility <VISIBLE>)
03-14 22:57:42.012 11786 11786 I ViewInteraction: Checking 'MatchesViewAssertion(Detox){viewMatcher=(view has effective visibility <VISIBLE> and view.getGlobalVisibleRect() covers at least <75> percent of the view's area)}' assertion on view (view.getTag() is "add-expense-note-input" and view has effective visibility <VISIBLE>)
03-14 22:57:42.066 11786 11786 I ViewInteraction: Checking 'MatchesViewAssertion(Detox){viewMatcher=(view has effective visibility <VISIBLE> and view.getGlobalVisibleRect() covers at least <75> percent of the view's area)}' assertion on view (view.getTag() is "add-expense-note-input" and view has effective visibility <VISIBLE>)
03-14 22:57:42.121 11786 11786 I ViewInteraction: Checking 'MatchesViewAssertion(Detox){viewMatcher=(view has effective visibility <VISIBLE> and view.getGlobalVisibleRect() covers at least <75> percent of the view's area)}' assertion on view (view.getTag() is "add-expense-note-input" and view has effective visibility <VISIBLE>)
03-14 22:57:42.181 11786 11786 I ViewInteraction: Checking 'MatchesViewAssertion(Detox){viewMatcher=(view has effective visibility <VISIBLE> and view.getGlobalVisibleRect() covers at least <75> percent of the view's area)}' assertion on view (view.getTag() is "add-expense-note-input" and view has effective visibility <VISIBLE>)
03-14 22:57:42.238 11786 11786 I ViewInteraction: Checking 'MatchesViewAssertion(Detox){viewMatcher=(view has effective visibility <VISIBLE> and view.getGlobalVisibleRect() covers at least <75> percent of the view's area)}' assertion on view (view.getTag() is "add-expense-note-input" and view has effective visibility <VISIBLE>)
03-14 22:57:42.295 11786 11786 I ViewInteraction: Checking 'MatchesViewAssertion(Detox){viewMatcher=(view has effective visibility <VISIBLE> and view.getGlobalVisibleRect() covers at least <75> percent of the view's area)}' assertion on view (view.getTag() is "add-expense-note-input" and view has effective visibility <VISIBLE>)
03-14 22:57:42.335 11786 11861 D EGL_emulation: app_time_stats: avg=500.89ms min=492.78ms max=509.00ms count=2
03-14 22:57:42.357 11786 11786 I ViewInteraction: Checking 'MatchesViewAssertion(Detox){viewMatcher=(view has effective visibility <VISIBLE> and view.getGlobalVisibleRect() covers at least <75> percent of the view's area)}' assertion on view (view.getTag() is "add-expense-note-input" and view has effective visibility <VISIBLE>)
03-14 22:57:42.427 11786 11786 I ViewInteraction: Checking 'MatchesViewAssertion(Detox){viewMatcher=(view has effective visibility <VISIBLE> and view.getGlobalVisibleRect() covers at least <75> percent of the view's area)}' assertion on view (view.getTag() is "add-expense-note-input" and view has effective visibility <VISIBLE>)
03-14 22:57:42.475 11786 11794 I .studentfinance: Background concurrent mark compact GC freed 9188KB AllocSpace bytes, 70(3800KB) LOS objects, 49% free, 12MB/24MB, paused 651us,7.323ms total 153.757ms
03-14 22:57:42.494 11786 11786 I ViewInteraction: Checking 'MatchesViewAssertion(Detox){viewMatcher=(view has effective visibility <VISIBLE> and view.getGlobalVisibleRect() covers at least <75> percent of the view's area)}' assertion on view (view.getTag() is "add-expense-note-input" and view has effective visibility <VISIBLE>)
03-14 22:57:42.544 11786 11786 I ViewInteraction: Checking 'MatchesViewAssertion(Detox){viewMatcher=(view has effective visibility <VISIBLE> and view.getGlobalVisibleRect() covers at least <75> percent of the view's area)}' assertion on view (view.getTag() is "add-expense-note-input" and view has effective visibility <VISIBLE>)
03-14 22:57:42.596 11786 11786 I ViewInteraction: Checking 'MatchesViewAssertion(Detox){viewMatcher=(view has effective visibility <VISIBLE> and view.getGlobalVisibleRect() covers at least <75> percent of the view's area)}' assertion on view (view.getTag() is "add-expense-note-input" and view has effective visibility <VISIBLE>)
03-14 22:57:42.646 11786 11786 I ViewInteraction: Checking 'MatchesViewAssertion(Detox){viewMatcher=(view has effective visibility <VISIBLE> and view.getGlobalVisibleRect() covers at least <75> percent of the view's area)}' assertion on view (view.getTag() is "add-expense-note-input" and view has effective visibility <VISIBLE>)
03-14 22:57:42.694 11786 11786 I ViewInteraction: Checking 'MatchesViewAssertion(Detox){viewMatcher=(view has effective visibility <VISIBLE> and view.getGlobalVisibleRect() covers at least <75> percent of the view's area)}' assertion on view (view.getTag() is "add-expense-note-input" and view has effective visibility <VISIBLE>)
03-14 22:57:42.732 11786 11786 I ViewInteraction: Checking 'MatchesViewAssertion(Detox){viewMatcher=(view has effective visibility <VISIBLE> and view.getGlobalVisibleRect() covers at least <75> percent of the view's area)}' assertion on view (view.getTag() is "add-expense-note-input" and view has effective visibility <VISIBLE>)
03-14 22:57:42.770 11786 11786 I ViewInteraction: Checking 'MatchesViewAssertion(Detox){viewMatcher=(view has effective visibility <VISIBLE> and view.getGlobalVisibleRect() covers at least <75> percent of the view's area)}' assertion on view (view.getTag() is "add-expense-note-input" and view has effective visibility <VISIBLE>)
03-14 22:57:42.810 11786 11786 I ViewInteraction: Checking 'MatchesViewAssertion(Detox){viewMatcher=(view has effective visibility <VISIBLE> and view.getGlobalVisibleRect() covers at least <75> percent of the view's area)}' assertion on view (view.getTag() is "add-expense-note-input" and view has effective visibility <VISIBLE>)
03-14 22:57:42.894 11786 11786 I ViewInteraction: Checking 'MatchesViewAssertion(Detox){viewMatcher=(view has effective visibility <VISIBLE> and view.getGlobalVisibleRect() covers at least <75> percent of the view's area)}' assertion on view (view.getTag() is "add-expense-note-input" and view has effective visibility <VISIBLE>)
03-14 22:57:42.972 11786 11786 I ViewInteraction: Checking 'MatchesViewAssertion(Detox){viewMatcher=(view has effective visibility <VISIBLE> and view.getGlobalVisibleRect() covers at least <75> percent of the view's area)}' assertion on view (view.getTag() is "add-expense-note-input" and view has effective visibility <VISIBLE>)
03-14 22:57:43.067 11786 11786 I ViewInteraction: Checking 'MatchesViewAssertion(Detox){viewMatcher=(view has effective visibility <VISIBLE> and view.getGlobalVisibleRect() covers at least <75> percent of the view's area)}' assertion on view (view.getTag() is "add-expense-note-input" and view has effective visibility <VISIBLE>)
03-14 22:57:43.137 11786 11786 I ViewInteraction: Checking 'MatchesViewAssertion(Detox){viewMatcher=(view has effective visibility <VISIBLE> and view.getGlobalVisibleRect() covers at least <75> percent of the view's area)}' assertion on view (view.getTag() is "add-expense-note-input" and view has effective visibility <VISIBLE>)
03-14 22:57:43.192 11786 11786 I ViewInteraction: Checking 'MatchesViewAssertion(Detox){viewMatcher=(view has effective visibility <VISIBLE> and view.getGlobalVisibleRect() covers at least <75> percent of the view's area)}' assertion on view (view.getTag() is "add-expense-note-input" and view has effective visibility <VISIBLE>)
03-14 22:57:43.198 11786 11876 D TrafficStats: tagSocket(140) with statsTag=0xffffffff, statsUid=-1
03-14 22:57:43.268 11786 11786 I ViewInteraction: Checking 'MatchesViewAssertion(Detox){viewMatcher=(view has effective visibility <VISIBLE> and view.getGlobalVisibleRect() covers at least <75> percent of the view's area)}' assertion on view (view.getTag() is "add-expense-note-input" and view has effective visibility <VISIBLE>)
03-14 22:57:43.389 11786 11861 D EGL_emulation: app_time_stats: avg=526.74ms min=496.26ms max=557.21ms count=2
03-14 22:57:43.427 11786 11786 I ViewInteraction: Checking 'MatchesViewAssertion(Detox){viewMatcher=(view has effective visibility <VISIBLE> and view.getGlobalVisibleRect() covers at least <75> percent of the view's area)}' assertion on view (view.getTag() is "add-expense-note-input" and view has effective visibility <VISIBLE>)
03-14 22:57:43.514 11786 11786 I ViewInteraction: Checking 'MatchesViewAssertion(Detox){viewMatcher=(view has effective visibility <VISIBLE> and view.getGlobalVisibleRect() covers at least <75> percent of the view's area)}' assertion on view (view.getTag() is "add-expense-note-input" and view has effective visibility <VISIBLE>)
03-14 22:57:43.527 11786 11884 D TrafficStats: tagSocket(141) with statsTag=0xffffffff, statsUid=-1
03-14 22:57:43.601 11786 11786 I ViewInteraction: Checking 'MatchesViewAssertion(Detox){viewMatcher=(view has effective visibility <VISIBLE> and view.getGlobalVisibleRect() covers at least <75> percent of the view's area)}' assertion on view (view.getTag() is "add-expense-note-input" and view has effective visibility <VISIBLE>)
03-14 22:57:43.654 11786 11786 I ViewInteraction: Checking 'MatchesViewAssertion(Detox){viewMatcher=(view has effective visibility <VISIBLE> and view.getGlobalVisibleRect() covers at least <75> percent of the view's area)}' assertion on view (view.getTag() is "add-expense-note-input" and view has effective visibility <VISIBLE>)
03-14 22:57:43.703 11786 11786 I ViewInteraction: Checking 'MatchesViewAssertion(Detox){viewMatcher=(view has effective visibility <VISIBLE> and view.getGlobalVisibleRect() covers at least <75> percent of the view's area)}' assertion on view (view.getTag() is "add-expense-note-input" and view has effective visibility <VISIBLE>)
03-14 22:57:43.776 11786 11786 I ViewInteraction: Checking 'MatchesViewAssertion(Detox){viewMatcher=(view has effective visibility <VISIBLE> and view.getGlobalVisibleRect() covers at least <75> percent of the view's area)}' assertion on view (view.getTag() is "add-expense-note-input" and view has effective visibility <VISIBLE>)
03-14 22:57:43.904 11786 11786 I ViewInteraction: Checking 'MatchesViewAssertion(Detox){viewMatcher=(view has effective visibility <VISIBLE> and view.getGlobalVisibleRect() covers at least <75> percent of the view's area)}' assertion on view (view.getTag() is "add-expense-note-input" and view has effective visibility <VISIBLE>)
03-14 22:57:43.978 11786 11786 I ViewInteraction: Checking 'MatchesViewAssertion(Detox){viewMatcher=(view has effective visibility <VISIBLE> and view.getGlobalVisibleRect() covers at least <75> percent of the view's area)}' assertion on view (view.getTag() is "add-expense-note-input" and view has effective visibility <VISIBLE>)
03-14 22:57:44.021 11786 11786 I ViewInteraction: Checking 'MatchesViewAssertion(Detox){viewMatcher=(view has effective visibility <VISIBLE> and view.getGlobalVisibleRect() covers at least <75> percent of the view's area)}' assertion on view (view.getTag() is "add-expense-note-input" and view has effective visibility <VISIBLE>)
03-14 22:57:44.072 11786 11786 I ViewInteraction: Checking 'MatchesViewAssertion(Detox){viewMatcher=(view has effective visibility <VISIBLE> and view.getGlobalVisibleRect() covers at least <75> percent of the view's area)}' assertion on view (view.getTag() is "add-expense-note-input" and view has effective visibility <VISIBLE>)
03-14 22:57:44.133 11786 11786 I ViewInteraction: Checking 'MatchesViewAssertion(Detox){viewMatcher=(view has effective visibility <VISIBLE> and view.getGlobalVisibleRect() covers at least <75> percent of the view's area)}' assertion on view (view.getTag() is "add-expense-note-input" and view has effective visibility <VISIBLE>)
03-14 22:57:44.212 11786 11786 I ViewInteraction: Checking 'MatchesViewAssertion(Detox){viewMatcher=(view has effective visibility <VISIBLE> and view.getGlobalVisibleRect() covers at least <75> percent of the view's area)}' assertion on view (view.getTag() is "add-expense-note-input" and view has effective visibility <VISIBLE>)
03-14 22:57:44.271 11786 11786 I ViewInteraction: Checking 'MatchesViewAssertion(Detox){viewMatcher=(view has effective visibility <VISIBLE> and view.getGlobalVisibleRect() covers at least <75> percent of the view's area)}' assertion on view (view.getTag() is "add-expense-note-input" and view has effective visibility <VISIBLE>)
03-14 22:57:44.315 11786 11786 I ViewInteraction: Checking 'MatchesViewAssertion(Detox){viewMatcher=(view has effective visibility <VISIBLE> and view.getGlobalVisibleRect() covers at least <75> percent of the view's area)}' assertion on view (view.getTag() is "add-expense-note-input" and view has effective visibility <VISIBLE>)
03-14 22:57:44.421 11786 11794 W .studentfinance: Suspending all threads took: 34.787ms
03-14 22:57:44.489 11786 11786 I ViewInteraction: Checking 'MatchesViewAssertion(Detox){viewMatcher=(view has effective visibility <VISIBLE> and view.getGlobalVisibleRect() covers at least <75> percent of the view's area)}' assertion on view (view.getTag() is "add-expense-note-input" and view has effective visibility <VISIBLE>)
03-14 22:57:44.580 11786 11786 I ViewInteraction: Checking 'MatchesViewAssertion(Detox){viewMatcher=(view has effective visibility <VISIBLE> and view.getGlobalVisibleRect() covers at least <75> percent of the view's area)}' assertion on view (view.getTag() is "add-expense-note-input" and view has effective visibility <VISIBLE>)
03-14 22:57:44.609 11786 11794 I .studentfinance: Background concurrent mark compact GC freed 8512KB AllocSpace bytes, 64(3480KB) LOS objects, 49% free, 12MB/25MB, paused 35.382ms,11.506ms total 269.141ms
03-14 22:57:44.625 11786 11786 I ViewInteraction: Checking 'MatchesViewAssertion(Detox){viewMatcher=(view has effective visibility <VISIBLE> and view.getGlobalVisibleRect() covers at least <75> percent of the view's area)}' assertion on view (view.getTag() is "add-expense-note-input" and view has effective visibility <VISIBLE>)
03-14 22:57:44.701 11786 11786 I ViewInteraction: Checking 'MatchesViewAssertion(Detox){viewMatcher=(view has effective visibility <VISIBLE> and view.getGlobalVisibleRect() covers at least <75> percent of the view's area)}' assertion on view (view.getTag() is "add-expense-note-input" and view has effective visibility <VISIBLE>)
03-14 22:57:44.755 11786 11786 I ViewInteraction: Checking 'MatchesViewAssertion(Detox){viewMatcher=(view has effective visibility <VISIBLE> and view.getGlobalVisibleRect() covers at least <75> percent of the view's area)}' assertion on view (view.getTag() is "add-expense-note-input" and view has effective visibility <VISIBLE>)
03-14 22:57:44.822 11786 11786 I ViewInteraction: Checking 'MatchesViewAssertion(Detox){viewMatcher=(view has effective visibility <VISIBLE> and view.getGlobalVisibleRect() covers at least <75> percent of the view's area)}' assertion on view (view.getTag() is "add-expense-note-input" and view has effective visibility <VISIBLE>)
03-14 22:57:44.865 11786 11861 D EGL_emulation: app_time_stats: avg=491.43ms min=451.48ms max=518.55ms count=3
03-14 22:57:44.891 11786 11786 I ViewInteraction: Checking 'MatchesViewAssertion(Detox){viewMatcher=(view has effective visibility <VISIBLE> and view.getGlobalVisibleRect() covers at least <75> percent of the view's area)}' assertion on view (view.getTag() is "add-expense-note-input" and view has effective visibility <VISIBLE>)
03-14 22:57:44.991 11786 11786 I ViewInteraction: Checking 'MatchesViewAssertion(Detox){viewMatcher=(view has effective visibility <VISIBLE> and view.getGlobalVisibleRect() covers at least <75> percent of the view's area)}' assertion on view (view.getTag() is "add-expense-note-input" and view has effective visibility <VISIBLE>)
03-14 22:57:45.021 11786 11786 E FrameTracker: force finish cuj, time out: J<IME_INSETS_SHOW_ANIMATION::0@0@com.mcfuzzysquirrel.studentfinance>
03-14 22:57:45.058 11786 11786 I ViewInteraction: Checking 'MatchesViewAssertion(Detox){viewMatcher=(view has effective visibility <VISIBLE> and view.getGlobalVisibleRect() covers at least <75> percent of the view's area)}' assertion on view (view.getTag() is "add-expense-note-input" and view has effective visibility <VISIBLE>)
03-14 22:57:45.100 11786 11786 I ViewInteraction: Checking 'MatchesViewAssertion(Detox){viewMatcher=(view has effective visibility <VISIBLE> and view.getGlobalVisibleRect() covers at least <75> percent of the view's area)}' assertion on view (view.getTag() is "add-expense-note-input" and view has effective visibility <VISIBLE>)
03-14 22:57:45.144 11786 11786 I ViewInteraction: Checking 'MatchesViewAssertion(Detox){viewMatcher=(view has effective visibility <VISIBLE> and view.getGlobalVisibleRect() covers at least <75> percent of the view's area)}' assertion on view (view.getTag() is "add-expense-note-input" and view has effective visibility <VISIBLE>)
03-14 22:57:45.185 11786 11786 I ViewInteraction: Checking 'MatchesViewAssertion(Detox){viewMatcher=(view has effective visibility <VISIBLE> and view.getGlobalVisibleRect() covers at least <75> percent of the view's area)}' assertion on view (view.getTag() is "add-expense-note-input" and view has effective visibility <VISIBLE>)
03-14 22:57:45.204 11786 11876 D TrafficStats: tagSocket(133) with statsTag=0xffffffff, statsUid=-1
03-14 22:57:45.221 11786 11786 I ViewInteraction: Checking 'MatchesViewAssertion(Detox){viewMatcher=(view has effective visibility <VISIBLE> and view.getGlobalVisibleRect() covers at least <75> percent of the view's area)}' assertion on view (view.getTag() is "add-expense-note-input" and view has effective visibility <VISIBLE>)
03-14 22:57:45.271 11786 11786 I ViewInteraction: Checking 'MatchesViewAssertion(Detox){viewMatcher=(view has effective visibility <VISIBLE> and view.getGlobalVisibleRect() covers at least <75> percent of the view's area)}' assertion on view (view.getTag() is "add-expense-note-input" and view has effective visibility <VISIBLE>)
03-14 22:57:45.310 11786 11786 I ViewInteraction: Checking 'MatchesViewAssertion(Detox){viewMatcher=(view has effective visibility <VISIBLE> and view.getGlobalVisibleRect() covers at least <75> percent of the view's area)}' assertion on view (view.getTag() is "add-expense-note-input" and view has effective visibility <VISIBLE>)
03-14 22:57:45.366 11786 11786 I ViewInteraction: Checking 'MatchesViewAssertion(Detox){viewMatcher=(view has effective visibility <VISIBLE> and view.getGlobalVisibleRect() covers at least <75> percent of the view's area)}' assertion on view (view.getTag() is "add-expense-note-input" and view has effective visibility <VISIBLE>)
03-14 22:57:45.468 11786 11786 I ViewInteraction: Checking 'MatchesViewAssertion(Detox){viewMatcher=(view has effective visibility <VISIBLE> and view.getGlobalVisibleRect() covers at least <75> percent of the view's area)}' assertion on view (view.getTag() is "add-expense-note-input" and view has effective visibility <VISIBLE>)
03-14 22:57:45.511 11786 11786 I ViewInteraction: Checking 'MatchesViewAssertion(Detox){viewMatcher=(view has effective visibility <VISIBLE> and view.getGlobalVisibleRect() covers at least <75> percent of the view's area)}' assertion on view (view.getTag() is "add-expense-note-input" and view has effective visibility <VISIBLE>)
03-14 22:57:45.554 11786 11786 I ViewInteraction: Checking 'MatchesViewAssertion(Detox){viewMatcher=(view has effective visibility <VISIBLE> and view.getGlobalVisibleRect() covers at least <75> percent of the view's area)}' assertion on view (view.getTag() is "add-expense-note-input" and view has effective visibility <VISIBLE>)
03-14 22:57:45.604 11786 11786 I ViewInteraction: Checking 'MatchesViewAssertion(Detox){viewMatcher=(view has effective visibility <VISIBLE> and view.getGlobalVisibleRect() covers at least <75> percent of the view's area)}' assertion on view (view.getTag() is "add-expense-note-input" and view has effective visibility <VISIBLE>)
03-14 22:57:45.609 11786 11884 D TrafficStats: tagSocket(131) with statsTag=0xffffffff, statsUid=-1
03-14 22:57:45.680 11786 11786 I ViewInteraction: Checking 'MatchesViewAssertion(Detox){viewMatcher=(view has effective visibility <VISIBLE> and view.getGlobalVisibleRect() covers at least <75> percent of the view's area)}' assertion on view (view.getTag() is "add-expense-note-input" and view has effective visibility <VISIBLE>)
03-14 22:57:45.721 11786 11786 I ViewInteraction: Checking 'MatchesViewAssertion(Detox){viewMatcher=(view has effective visibility <VISIBLE> and view.getGlobalVisibleRect() covers at least <75> percent of the view's area)}' assertion on view (view.getTag() is "add-expense-note-input" and view has effective visibility <VISIBLE>)
03-14 22:57:45.766 11786 11786 I ViewInteraction: Checking 'MatchesViewAssertion(Detox){viewMatcher=(view has effective visibility <VISIBLE> and view.getGlobalVisibleRect() covers at least <75> percent of the view's area)}' assertion on view (view.getTag() is "add-expense-note-input" and view has effective visibility <VISIBLE>)
03-14 22:57:45.810 11786 11786 I ViewInteraction: Checking 'MatchesViewAssertion(Detox){viewMatcher=(view has effective visibility <VISIBLE> and view.getGlobalVisibleRect() covers at least <75> percent of the view's area)}' assertion on view (view.getTag() is "add-expense-note-input" and view has effective visibility <VISIBLE>)
03-14 22:57:45.895 11786 11786 I ViewInteraction: Checking 'MatchesViewAssertion(Detox){viewMatcher=(view has effective visibility <VISIBLE> and view.getGlobalVisibleRect() covers at least <75> percent of the view's area)}' assertion on view (view.getTag() is "add-expense-note-input" and view has effective visibility <VISIBLE>)
03-14 22:57:45.972 11786 11786 I ViewInteraction: Checking 'MatchesViewAssertion(Detox){viewMatcher=(view has effective visibility <VISIBLE> and view.getGlobalVisibleRect() covers at least <75> percent of the view's area)}' assertion on view (view.getTag() is "add-expense-note-input" and view has effective visibility <VISIBLE>)
03-14 22:57:46.017 11786 11786 I ViewInteraction: Checking 'MatchesViewAssertion(Detox){viewMatcher=(view has effective visibility <VISIBLE> and view.getGlobalVisibleRect() covers at least <75> percent of the view's area)}' assertion on view (view.getTag() is "add-expense-note-input" and view has effective visibility <VISIBLE>)
03-14 22:57:46.056 11786 11786 I ViewInteraction: Checking 'MatchesViewAssertion(Detox){viewMatcher=(view has effective visibility <VISIBLE> and view.getGlobalVisibleRect() covers at least <75> percent of the view's area)}' assertion on view (view.getTag() is "add-expense-note-input" and view has effective visibility <VISIBLE>)
03-14 22:57:46.096 11786 11786 I ViewInteraction: Checking 'MatchesViewAssertion(Detox){viewMatcher=(view has effective visibility <VISIBLE> and view.getGlobalVisibleRect() covers at least <75> percent of the view's area)}' assertion on view (view.getTag() is "add-expense-note-input" and view has effective visibility <VISIBLE>)
03-14 22:57:46.140 11786 11786 I ViewInteraction: Checking 'MatchesViewAssertion(Detox){viewMatcher=(view has effective visibility <VISIBLE> and view.getGlobalVisibleRect() covers at least <75> percent of the view's area)}' assertion on view (view.getTag() is "add-expense-note-input" and view has effective visibility <VISIBLE>)
03-14 22:57:46.179 11786 11786 I ViewInteraction: Checking 'MatchesViewAssertion(Detox){viewMatcher=(view has effective visibility <VISIBLE> and view.getGlobalVisibleRect() covers at least <75> percent of the view's area)}' assertion on view (view.getTag() is "add-expense-note-input" and view has effective visibility <VISIBLE>)
03-14 22:57:46.223 11786 11786 I ViewInteraction: Checking 'MatchesViewAssertion(Detox){viewMatcher=(view has effective visibility <VISIBLE> and view.getGlobalVisibleRect() covers at least <75> percent of the view's area)}' assertion on view (view.getTag() is "add-expense-note-input" and view has effective visibility <VISIBLE>)
03-14 22:57:46.265 11786 11786 I ViewInteraction: Checking 'MatchesViewAssertion(Detox){viewMatcher=(view has effective visibility <VISIBLE> and view.getGlobalVisibleRect() covers at least <75> percent of the view's area)}' assertion on view (view.getTag() is "add-expense-note-input" and view has effective visibility <VISIBLE>)
03-14 22:57:46.320 11786 11786 I ViewInteraction: Checking 'MatchesViewAssertion(Detox){viewMatcher=(view has effective visibility <VISIBLE> and view.getGlobalVisibleRect() covers at least <75> percent of the view's area)}' assertion on view (view.getTag() is "add-expense-note-input" and view has effective visibility <VISIBLE>)
03-14 22:57:46.345 11786 11861 D EGL_emulation: app_time_stats: avg=493.20ms min=480.09ms max=500.88ms count=3
03-14 22:57:46.369 11786 11786 I ViewInteraction: Checking 'MatchesViewAssertion(Detox){viewMatcher=(view has effective visibility <VISIBLE> and view.getGlobalVisibleRect() covers at least <75> percent of the view's area)}' assertion on view (view.getTag() is "add-expense-note-input" and view has effective visibility <VISIBLE>)
03-14 22:57:46.443 11786 11786 I ViewInteraction: Checking 'MatchesViewAssertion(Detox){viewMatcher=(view has effective visibility <VISIBLE> and view.getGlobalVisibleRect() covers at least <75> percent of the view's area)}' assertion on view (view.getTag() is "add-expense-note-input" and view has effective visibility <VISIBLE>)
03-14 22:57:46.463 11786 11854 D DetoxWSClient: Received action 'currentStatus' (ID #16, params={})
03-14 22:57:46.468 11786 11851 I DetoxDispatcher: Handling action 'currentStatus' (ID #16)...
03-14 22:57:46.473 11786 11850 I DetoxActionHandlers: Test exception
03-14 22:57:46.473 11786 11850 I DetoxActionHandlers: java.lang.reflect.InvocationTargetException
03-14 22:57:46.473 11786 11850 I DetoxActionHandlers: 	at java.lang.reflect.Method.invoke(Native Method)
03-14 22:57:46.473 11786 11850 I DetoxActionHandlers: 	at org.apache.commons.lang3.reflect.MethodUtils.invokeStaticMethod(MethodUtils.java:443)
03-14 22:57:46.473 11786 11850 I DetoxActionHandlers: 	at org.apache.commons.lang3.reflect.MethodUtils.invokeStaticMethod(MethodUtils.java:405)
03-14 22:57:46.473 11786 11850 I DetoxActionHandlers: 	at com.wix.invoke.types.ClassTarget.execute(ClassTarget.java:23)
03-14 22:57:46.473 11786 11850 I DetoxActionHandlers: 	at com.wix.invoke.types.Target.invoke(Target.java:59)
03-14 22:57:46.473 11786 11850 I DetoxActionHandlers: 	at com.wix.invoke.MethodInvocation.invoke(MethodInvocation.java:35)
03-14 22:57:46.473 11786 11850 I DetoxActionHandlers: 	at com.wix.invoke.MethodInvocation.invoke(MethodInvocation.java:26)
03-14 22:57:46.473 11786 11850 I DetoxActionHandlers: 	at com.wix.invoke.MethodInvocation.invoke(MethodInvocation.java:20)
03-14 22:57:46.473 11786 11850 I DetoxActionHandlers: 	at com.wix.detox.adapters.server.InvokeActionHandler.handle(DetoxActionHandlers.kt:54)
03-14 22:57:46.473 11786 11850 I DetoxActionHandlers: 	at com.wix.detox.adapters.server.ActionsExecutor.executeAction$lambda$2$lambda$1(DetoxActionsDispatcher.kt:76)
03-14 22:57:46.473 11786 11850 I DetoxActionHandlers: 	at com.wix.detox.adapters.server.ActionsExecutor.$r8$lambda$GVbB7LHtBHxNHGbgYnHJ6YrwCqs(Unknown Source:0)
03-14 22:57:46.473 11786 11850 I DetoxActionHandlers: 	at com.wix.detox.adapters.server.ActionsExecutor$$ExternalSyntheticLambda0.run(D8$$SyntheticClass:0)
03-14 22:57:46.473 11786 11850 I DetoxActionHandlers: 	at android.os.Handler.handleCallback(Handler.java:959)
03-14 22:57:46.473 11786 11850 I DetoxActionHandlers: 	at android.os.Handler.dispatchMessage(Handler.java:100)
03-14 22:57:46.473 11786 11850 I DetoxActionHandlers: 	at android.os.Looper.loopO