03-14 22:57:30.821 11786 11882 W unknown:ViewManagerPropertyUpdater: Could not find generated setter for class com.horcrux.svg.RenderableViewManager$CircleViewManager
03-14 22:57:30.831 11786 11882 W unknown:ViewManagerPropertyUpdater: Could not find generated setter for class com.horcrux.svg.RenderableViewManager$TSpanViewManager
03-14 22:57:30.839 11786 11786 I ViewInteraction: Checking 'MatchesViewAssertion(Detox){viewMatcher=(view has effective visibility <VISIBLE> and view.getGlobalVisibleRect() covers at least <75> percent of the view's area)}' assertion on view (view.getTag() is "dashboard-add-expense-button" and view has effective visibility <VISIBLE>)
03-14 22:57:30.847 11786 11882 W unknown:ViewManagerPropertyUpdater: Could not find generated setter for class com.horcrux.svg.RenderableViewManager$FilterManager
03-14 22:57:30.857 11786 11882 W unknown:ViewManagerPropertyUpdater: Could not find generated setter for class com.horcrux.svg.RenderableViewManager$MarkerManager
03-14 22:57:30.873 11786 11882 W unknown:ViewManagerPropertyUpdater: Could not find generated setter for class com.swmansion.gesturehandler.react.RNGestureHandlerButtonViewManager
03-14 22:57:30.877 11786 11786 I ViewInteraction: Checking 'MatchesViewAssertion(Detox){viewMatcher=(view has effective visibility <VISIBLE> and view.getGlobalVisibleRect() covers at least <75> percent of the view's area)}' assertion on view (view.getTag() is "dashboard-add-expense-button" and view has effective visibility <VISIBLE>)
03-14 22:57:30.885 11786 11882 W unknown:ViewManagerPropertyUpdater: Could not find generated setter for class com.facebook.react.views.modal.ReactModalHostManager
03-14 22:57:30.894 11786 11882 W unknown:ViewManagerPropertyUpdater: Could not find generated setter for class com.horcrux.svg.RenderableViewManager$ForeignObjectManager
03-14 22:57:30.906 11786 11882 W unknown:ViewManagerPropertyUpdater: Could not find generated setter for class com.horcrux.svg.RenderableViewManager$EllipseViewManager
03-14 22:57:30.909 11786 11786 I ViewInteraction: Checking 'MatchesViewAssertion(Detox){viewMatcher=(view has effective visibility <VISIBLE> and view.getGlobalVisibleRect() covers at least <75> percent of the view's area)}' assertion on view (view.getTag() is "dashboard-add-expense-button" and view has effective visibility <VISIBLE>)
03-14 22:57:30.917 11786 11882 W unknown:ViewManagerPropertyUpdater: Could not find generated setter for class com.horcrux.svg.RenderableViewManager$LineViewManager
03-14 22:57:30.926 11786 11882 W unknown:ViewManagerPropertyUpdater: Could not find generated setter for class com.facebook.react.views.text.frescosupport.FrescoBasedReactTextInlineImageViewManager
03-14 22:57:30.926 11786 11882 W unknown:ViewManagerPropertyUpdater: Could not find generated setter for class com.facebook.react.views.text.frescosupport.FrescoBasedReactTextInlineImageShadowNode
03-14 22:57:30.934 11786 11882 W unknown:ViewManagerPropertyUpdater: Could not find generated setter for class com.horcrux.svg.RenderableViewManager$FeFloodManager
03-14 22:57:30.938 11786 11786 I ViewInteraction: Checking 'MatchesViewAssertion(Detox){viewMatcher=(view has effective visibility <VISIBLE> and view.getGlobalVisibleRect() covers at least <75> percent of the view's area)}' assertion on view (view.getTag() is "dashboard-add-expense-button" and view has effective visibility <VISIBLE>)
03-14 22:57:30.942 11786 11882 W unknown:ViewManagerPropertyUpdater: Could not find generated setter for class com.horcrux.svg.RenderableViewManager$GroupViewManager
03-14 22:57:30.952 11786 11882 W unknown:ViewManagerPropertyUpdater: Could not find generated setter for class com.horcrux.svg.RenderableViewManager$TextViewManager
03-14 22:57:30.962 11786 11882 W unknown:ViewManagerPropertyUpdater: Could not find generated setter for class com.horcrux.svg.RenderableViewManager$ImageViewManager
03-14 22:57:30.966 11786 11786 I ViewInteraction: Checking 'MatchesViewAssertion(Detox){viewMatcher=(view has effective visibility <VISIBLE> and view.getGlobalVisibleRect() covers at least <75> percent of the view's area)}' assertion on view (view.getTag() is "dashboard-add-expense-button" and view has effective visibility <VISIBLE>)
03-14 22:57:30.972 11786 11882 W unknown:ViewManagerPropertyUpdater: Could not find generated setter for class com.horcrux.svg.RenderableViewManager$FeCompositeManager
03-14 22:57:30.981 11786 11882 W unknown:ViewManagerPropertyUpdater: Could not find generated setter for class com.facebook.react.views.image.ReactImageManager
03-14 22:57:30.991 11786 11882 W unknown:ViewManagerPropertyUpdater: Could not find generated setter for class com.horcrux.svg.RenderableViewManager$RadialGradientManager
03-14 22:57:30.995 11786 11786 I ViewInteraction: Checking 'MatchesViewAssertion(Detox){viewMatcher=(view has effective visibility <VISIBLE> and view.getGlobalVisibleRect() covers at least <75> percent of the view's area)}' assertion on view (view.getTag() is "dashboard-add-expense-button" and view has effective visibility <VISIBLE>)
03-14 22:57:31.002 11786 11882 W unknown:ViewManagerPropertyUpdater: Could not find generated setter for class com.horcrux.svg.RenderableViewManager$MaskManager
03-14 22:57:31.010 11786 11882 W unknown:ViewManagerPropertyUpdater: Could not find generated setter for class com.facebook.react.views.unimplementedview.ReactUnimplementedViewManager
03-14 22:57:31.017 11786 11882 W unknown:ViewManagerPropertyUpdater: Could not find generated setter for class com.horcrux.svg.RenderableViewManager$RectViewManager
03-14 22:57:31.022 11786 11786 I ViewInteraction: Checking 'MatchesViewAssertion(Detox){viewMatcher=(view has effective visibility <VISIBLE> and view.getGlobalVisibleRect() covers at least <75> percent of the view's area)}' assertion on view (view.getTag() is "dashboard-add-expense-button" and view has effective visibility <VISIBLE>)
03-14 22:57:31.026 11786 11882 W unknown:ViewManagerPropertyUpdater: Could not find generated setter for class com.horcrux.svg.RenderableViewManager$TextPathViewManager
03-14 22:57:31.036 11786 11882 W unknown:ViewManagerPropertyUpdater: Could not find generated setter for class com.facebook.react.views.scroll.ReactScrollViewManager
03-14 22:57:31.045 11786 11882 W unknown:ViewManagerPropertyUpdater: Could not find generated setter for class com.horcrux.svg.RenderableViewManager$FeOffsetManager
03-14 22:57:31.052 11786 11786 I ViewInteraction: Checking 'MatchesViewAssertion(Detox){viewMatcher=(view has effective visibility <VISIBLE> and view.getGlobalVisibleRect() covers at least <75> percent of the view's area)}' assertion on view (view.getTag() is "dashboard-add-expense-button" and view has effective visibility <VISIBLE>)
03-14 22:57:31.055 11786 11882 W unknown:ViewManagerPropertyUpdater: Could not find generated setter for class com.horcrux.svg.RenderableViewManager$PathViewManager
03-14 22:57:31.064 11786 11882 W unknown:ViewManagerPropertyUpdater: Could not find generated setter for class com.facebook.react.views.drawer.ReactDrawerLayoutManager
03-14 22:57:31.072 11786 11882 W unknown:ViewManagerPropertyUpdater: Could not find generated setter for class com.facebook.react.views.swiperefresh.SwipeRefreshLayoutManager
03-14 22:57:31.081 11786 11882 W unknown:ViewManagerPropertyUpdater: Could not find generated setter for class com.facebook.react.views.textinput.ReactTextInputManager
03-14 22:57:31.084 11786 11882 W unknown:ViewManagerPropertyUpdater: Could not find generated setter for class com.facebook.react.views.textinput.ReactTextInputShadowNode
03-14 22:57:31.089 11786 11884 D TrafficStats: tagSocket(132) with statsTag=0xffffffff, statsUid=-1
03-14 22:57:31.093 11786 11882 W unknown:ViewManagerPropertyUpdater: Could not find generated setter for class com.swmansion.gesturehandler.react.RNGestureHandlerRootViewManager
03-14 22:57:31.095 11786 11786 I ViewInteraction: Checking 'MatchesViewAssertion(Detox){viewMatcher=(view has effective visibility <VISIBLE> and view.getGlobalVisibleRect() covers at least <75> percent of the view's area)}' assertion on view (view.getTag() is "dashboard-add-expense-button" and view has effective visibility <VISIBLE>)
03-14 22:57:31.121 11786 11882 W BridgelessReactContext: [WARNING] Bridgeless doesn't support CatalystInstance. Accessing an API that's not part of the new architecture is not encouraged usage.
03-14 22:57:31.126 11786 11786 I ViewInteraction: Checking 'MatchesViewAssertion(Detox){viewMatcher=(view has effective visibility <VISIBLE> and view.getGlobalVisibleRect() covers at least <75> percent of the view's area)}' assertion on view (view.getTag() is "dashboard-add-expense-button" and view has effective visibility <VISIBLE>)
03-14 22:57:31.133 11786 11882 I ExpoModulesCore: ✅ JSI interop was installed
03-14 22:57:31.136 11786 11882 I ExpoModulesCore: ✅ Constants were exported
03-14 22:57:31.153 11786 11786 I ViewInteraction: Checking 'MatchesViewAssertion(Detox){viewMatcher=(view has effective visibility <VISIBLE> and view.getGlobalVisibleRect() covers at least <75> percent of the view's area)}' assertion on view (view.getTag() is "dashboard-add-expense-button" and view has effective visibility <VISIBLE>)
03-14 22:57:31.162 11786 11882 D nativeloader: Load /data/app/~~YsqUcQHZ2eJyD51BHGgW7w==/com.mcfuzzysquirrel.studentfinance-8JLdNDjiGMSsFWheHCnHFA==/base.apk!/lib/x86_64/librnscreens.so using ns clns-7 from class loader (caller=/data/app/~~YsqUcQHZ2eJyD51BHGgW7w==/com.mcfuzzysquirrel.studentfinance-8JLdNDjiGMSsFWheHCnHFA==/base.apk!classes16.dex): ok
03-14 22:57:31.182 11786 11786 I ViewInteraction: Checking 'MatchesViewAssertion(Detox){viewMatcher=(view has effective visibility <VISIBLE> and view.getGlobalVisibleRect() covers at least <75> percent of the view's area)}' assertion on view (view.getTag() is "dashboard-add-expense-button" and view has effective visibility <VISIBLE>)
03-14 22:57:31.209 11786 11786 I ViewInteraction: Checking 'MatchesViewAssertion(Detox){viewMatcher=(view has effective visibility <VISIBLE> and view.getGlobalVisibleRect() covers at least <75> percent of the view's area)}' assertion on view (view.getTag() is "dashboard-add-expense-button" and view has effective visibility <VISIBLE>)
03-14 22:57:31.239 11786 11786 I ViewInteraction: Checking 'MatchesViewAssertion(Detox){viewMatcher=(view has effective visibility <VISIBLE> and view.getGlobalVisibleRect() covers at least <75> percent of the view's area)}' assertion on view (view.getTag() is "dashboard-add-expense-button" and view has effective visibility <VISIBLE>)
03-14 22:57:31.270 11786 11786 I ViewInteraction: Checking 'MatchesViewAssertion(Detox){viewMatcher=(view has effective visibility <VISIBLE> and view.getGlobalVisibleRect() covers at least <75> percent of the view's area)}' assertion on view (view.getTag() is "dashboard-add-expense-button" and view has effective visibility <VISIBLE>)
03-14 22:57:31.300 11786 11786 I ViewInteraction: Checking 'MatchesViewAssertion(Detox){viewMatcher=(view has effective visibility <VISIBLE> and view.getGlobalVisibleRect() covers at least <75> percent of the view's area)}' assertion on view (view.getTag() is "dashboard-add-expense-button" and view has effective visibility <VISIBLE>)
03-14 22:57:31.329 11786 11786 I ViewInteraction: Checking 'MatchesViewAssertion(Detox){viewMatcher=(view has effective visibility <VISIBLE> and view.getGlobalVisibleRect() covers at least <75> percent of the view's area)}' assertion on view (view.getTag() is "dashboard-add-expense-button" and view has effective visibility <VISIBLE>)
03-14 22:57:31.359 11786 11786 I ViewInteraction: Checking 'MatchesViewAssertion(Detox){viewMatcher=(view has effective visibility <VISIBLE> and view.getGlobalVisibleRect() covers at least <75> percent of the view's area)}' assertion on view (view.getTag() is "dashboard-add-expense-button" and view has effective visibility <VISIBLE>)
03-14 22:57:31.388 11786 11786 I ViewInteraction: Checking 'MatchesViewAssertion(Detox){viewMatcher=(view has effective visibility <VISIBLE> and view.getGlobalVisibleRect() covers at least <75> percent of the view's area)}' assertion on view (view.getTag() is "dashboard-add-expense-button" and view has effective visibility <VISIBLE>)
03-14 22:57:31.423 11786 11786 I ViewInteraction: Checking 'MatchesViewAssertion(Detox){viewMatcher=(view has effective visibility <VISIBLE> and view.getGlobalVisibleRect() covers at least <75> percent of the view's area)}' assertion on view (view.getTag() is "dashboard-add-expense-button" and view has effective visibility <VISIBLE>)
03-14 22:57:31.452 11786 11786 I ViewInteraction: Checking 'MatchesViewAssertion(Detox){viewMatcher=(view has effective visibility <VISIBLE> and view.getGlobalVisibleRect() covers at least <75> percent of the view's area)}' assertion on view (view.getTag() is "dashboard-add-expense-button" and view has effective visibility <VISIBLE>)
03-14 22:57:31.458 11786 11882 D Detox.RNMarker: RUN_JS_BUNDLE_END (index.android.bundle)
03-14 22:57:31.458 11786 11882 I ReactNativeJS: Running "main"
03-14 22:57:31.470 11786 11882 D Detox.RNMarker: REACT_BRIDGELESS_LOADING_END (null)
03-14 22:57:31.480 11786 11786 I ViewInteraction: Checking 'MatchesViewAssertion(Detox){viewMatcher=(view has effective visibility <VISIBLE> and view.getGlobalVisibleRect() covers at least <75> percent of the view's area)}' assertion on view (view.getTag() is "dashboard-add-expense-button" and view has effective visibility <VISIBLE>)
03-14 22:57:31.485 11786 11882 D nativeloader: Load /data/app/~~YsqUcQHZ2eJyD51BHGgW7w==/com.mcfuzzysquirrel.studentfinance-8JLdNDjiGMSsFWheHCnHFA==/base.apk!/lib/x86_64/libgesturehandler.so using ns clns-7 from class loader (caller=/data/app/~~YsqUcQHZ2eJyD51BHGgW7w==/com.mcfuzzysquirrel.studentfinance-8JLdNDjiGMSsFWheHCnHFA==/base.apk): ok
03-14 22:57:31.485 11786 11882 D jni_lib_merge: Entering merged library JNI_OnLoad.
03-14 22:57:31.485 11786 11882 D jni_lib_merge: Preparing 12 pre-merged libs (including stub)
03-14 22:57:31.485 11786 11882 D jni_lib_merge: Preparing to register libfabricjni_so.  onload_func: 0x727ce7f9e730
03-14 22:57:31.485 11786 11882 D jni_lib_merge: Preparing to register libreact_devsupportjni_so.  onload_func: 0x727ce819b190
03-14 22:57:31.485 11786 11882 D jni_lib_merge: Preparing to register libreact_featureflagsjni_so.  onload_func: 0x727ce81ac910
03-14 22:57:31.485 11786 11882 D jni_lib_merge: Preparing to register libreact_newarchdefaults_so.  onload_func: 0x727ce824dd20
03-14 22:57:31.485 11786 11882 D jni_lib_merge: Preparing to register libreactnativeblob_so.  onload_func: 0x727ce84582e0
03-14 22:57:31.485 11786 11882 D jni_lib_merge: Preparing to register libreactnativejni_so.  onload_func: 0x727ce8498770
03-14 22:57:31.485 11786 11882 D jni_lib_merge: Preparing to register libreactnativejni_common_so.  onload_func: 0x727ce84a85d0
03-14 22:57:31.485 11786 11882 D jni_lib_merge: Preparing to register librninstance_so.  onload_func: 0x727ce84e54c0
03-14 22:57:31.485 11786 11882 D jni_lib_merge: Preparing to register libturbomodulejsijni_so.  onload_func: 0x727ce8646c00
03-14 22:57:31.485 11786 11882 D jni_lib_merge: Preparing to register libuimanagerjni_so.  onload_func: 0x727ce865ede0
03-14 22:57:31.485 11786 11882 D jni_lib_merge: Preparing to register libyoga_so.  onload_func: 0x727ce866dd70
03-14 22:57:31.485 11786 11882 D jni_lib_merge: About to register 11 actual methods.
03-14 22:57:31.526 11786 11786 I ReactNative: [GESTURE HANDLER] Initialize gesture handler for root view com.facebook.react.runtime.ReactSurfaceView{fea8024 V.E...... ......ID 0,0-1080,2400 #1}
03-14 22:57:31.529 11786 11786 D Detox.RNMarker: CONTENT_APPEARED (main)
03-14 22:57:31.589 11786 11786 I ViewInteraction: Checking 'MatchesViewAssertion(Detox){viewMatcher=(view has effective visibility <VISIBLE> and view.getGlobalVisibleRect() covers at least <75> percent of the view's area)}' assertion on view (view.getTag() is "dashboard-add-expense-button" and view has effective visibility <VISIBLE>)
03-14 22:57:31.807 11786 11786 I ViewInteraction: Checking 'MatchesViewAssertion(Detox){viewMatcher=(view has effective visibility <VISIBLE> and view.getGlobalVisibleRect() covers at least <75> percent of the view's area)}' assertion on view (view.getTag() is "dashboard-add-expense-button" and view has effective visibility <VISIBLE>)
03-14 22:57:31.836 11786 11786 I ViewInteraction: Checking 'MatchesViewAssertion(Detox){viewMatcher=(view has effective visibility <VISIBLE> and view.getGlobalVisibleRect() covers at least <75> percent of the view's area)}' assertion on view (view.getTag() is "dashboard-add-expense-button" and view has effective visibility <VISIBLE>)
03-14 22:57:31.871 11786 11786 I ViewInteraction: Checking 'MatchesViewAssertion(Detox){viewMatcher=(view has effective visibility <VISIBLE> and view.getGlobalVisibleRect() covers at least <75> percent of the view's area)}' assertion on view (view.getTag() is "dashboard-add-expense-button" and view has effective visibility <VISIBLE>)
03-14 22:57:31.894 11786 11882 D nativeloader: Load /data/app/~~YsqUcQHZ2eJyD51BHGgW7w==/com.mcfuzzysquirrel.studentfinance-8JLdNDjiGMSsFWheHCnHFA==/base.apk!/lib/x86_64/libexpo-sqlite.so using ns clns-7 from class loader (caller=/data/app/~~YsqUcQHZ2eJyD51BHGgW7w==/com.mcfuzzysquirrel.studentfinance-8JLdNDjiGMSsFWheHCnHFA==/base.apk!classes20.dex): ok
03-14 22:57:31.909 11786 11786 I ViewInteraction: Checking 'MatchesViewAssertion(Detox){viewMatcher=(view has effective visibility <VISIBLE> and view.getGlobalVisibleRect() covers at least <75> percent of the view's area)}' assertion on view (view.getTag() is "dashboard-add-expense-button" and view has effective visibility <VISIBLE>)
03-14 22:57:31.955 11786 11786 I ViewInteraction: Checking 'MatchesViewAssertion(Detox){viewMatcher=(view has effective visibility <VISIBLE> and view.getGlobalVisibleRect() covers at least <75> percent of the view's area)}' assertion on view (view.getTag() is "dashboard-add-expense-button" and view has effective visibility <VISIBLE>)
03-14 22:57:31.982 11786 11786 I ViewInteraction: Checking 'MatchesViewAssertion(Detox){viewMatcher=(view has effective visibility <VISIBLE> and view.getGlobalVisibleRect() covers at least <75> percent of the view's area)}' assertion on view (view.getTag() is "dashboard-add-expense-button" and view has effective visibility <VISIBLE>)
03-14 22:57:32.017 11786 11786 I ViewInteraction: Checking 'MatchesViewAssertion(Detox){viewMatcher=(view has effective visibility <VISIBLE> and view.getGlobalVisibleRect() covers at least <75> percent of the view's area)}' assertion on view (view.getTag() is "dashboard-add-expense-button" and view has effective visibility <VISIBLE>)
03-14 22:57:32.053 11786 11786 I ViewInteraction: Checking 'MatchesViewAssertion(Detox){viewMatcher=(view has effective visibility <VISIBLE> and view.getGlobalVisibleRect() covers at least <75> percent of the view's area)}' assertion on view (view.getTag() is "dashboard-add-expense-button" and view has effective visibility <VISIBLE>)
03-14 22:57:32.072 11786 11786 W .studentfinance: Accessing hidden field Landroid/widget/ScrollView;->mScroller:Landroid/widget/OverScroller; (unsupported, reflection, allowed)
03-14 22:57:32.088 11786 11786 I ViewInteraction: Checking 'MatchesViewAssertion(Detox){viewMatcher=(view has effective visibility <VISIBLE> and view.getGlobalVisibleRect() covers at least <75> percent of the view's area)}' assertion on view (view.getTag() is "dashboard-add-expense-button" and view has effective visibility <VISIBLE>)
03-14 22:57:32.133 11786 11786 W [RNScreens]: backTitleFontFamily prop is not available on Android
03-14 22:57:32.133 11786 11786 W [RNScreens]: disableBackButtonMenu prop is not available on Android
03-14 22:57:32.133 11786 11786 W [RNScreens]: backTitleVisible prop is not available on Android
03-14 22:57:32.133 11786 11786 W [RNScreens]: topInsetEnabled prop is not available on Android
03-14 22:57:32.133 11786 11786 W [RNScreens]: largeTitleHideShadow prop is not available on Android
03-14 22:57:32.134 11786 11786 W [RNScreens]: largeTitleFontWeight prop is not available on Android
03-14 22:57:32.134 11786 11786 W [RNScreens]: userInterfaceStyle prop is not available on Android
03-14 22:57:32.134 11786 11786 W [RNScreens]: largeTitleFontFamily prop is not available on Android
03-14 22:57:32.301 11786 11966 D ProfileInstaller: Installing profile for com.mcfuzzysquirrel.studentfinance
03-14 22:57:32.837 11786 11861 D EGL_emulation: app_time_stats: avg=942.87ms min=94.15ms max=2486.76ms count=4
03-14 22:57:32.896 11786 11892 I HWUI    : Davey! duration=737ms; Flags=0, FrameTimelineVsyncId=116979, IntendedVsync=1298889964918, Vsync=1298889964918, InputEventId=0, HandleInputStart=1298891736313, AnimationStart=1298891736773, PerformTraversalsStart=1299058690141, DrawStart=1299062813025, FrameDeadline=1298906631584, FrameInterval=1298891732768, FrameStartTime=16666666, SyncQueued=1299086325259, SyncStart=1299086421685, IssueDrawCommandsStart=1299086671172, SwapBuffers=1299543327964, FrameCompleted=1299627741182, DequeueBufferDuration=5231, QueueBufferDuration=171352, GpuCompleted=1299627579554, SwapBuffersCompleted=1299627741182, DisplayPresentTime=0, CommandSubmissionCompleted=1299543327964, 
03-14 22:57:33.000 11786 11876 D TrafficStats: tagSocket(147) with statsTag=0xffffffff, statsUid=-1
03-14 22:57:33.115 11786 11786 I ViewInteraction: Checking 'MatchesViewAssertion(Detox){viewMatcher=(view has effective visibility <VISIBLE> and view.getGlobalVisibleRect() covers at least <75> percent of the view's area)}' assertion on view (view.getTag() is "dashboard-add-expense-button" and view has effective visibility <VISIBLE>)
03-14 22:57:33.135 11786 11884 D TrafficStats: tagSocket(147) with statsTag=0xffffffff, statsUid=-1
03-14 22:57:33.138 11786 11850 I DetoxWSClient: Sending out action 'invokeResult' (ID #7)
03-14 22:57:33.138 11786 11850 I DetoxDispatcher: Done with action 'invoke'
03-14 22:57:33.160 11786 11854 D DetoxWSClient: Received action 'invoke' (ID #8, params={"target":{"type":"Class","value":"com.wix.detox.espresso.EspressoDetox"},"method":"perform","args":[{"type":"Invocation","value":{"target":{"type":"Class","value":"com.wix.detox.espresso.DetoxMatcher"},"method":"matcherForTestId","args":["dashboard-add-expense-button",{"type":"boolean","value":false}]}},{"type":"Invocation","value":{"target":{"type":"Class","value":"com.wix.detox.espresso.DetoxViewActions"},"method":"click","args":[]}}]})
03-14 22:57:33.169 11786 11850 I DetoxDispatcher: Handling action 'invoke' (ID #8)...
03-14 22:57:33.170 11786 11850 D Detox   : class com.wix.detox.espresso.DetoxMatcher, matcherForTestId, [dashboard-add-expense-button, false]
03-14 22:57:33.176 11786 11850 D Detox   : class com.wix.detox.espresso.DetoxViewActions, click, []
03-14 22:57:33.181 11786 11850 W .studentfinance: Accessing hidden method Landroid/view/ViewConfiguration;->getDoubleTapMinTime()I (unsupported, reflection, allowed)
03-14 22:57:33.187 11786 11850 D Detox   : class com.wix.detox.espresso.EspressoDetox, perform, [(view.getTag() is "dashboard-add-expense-button" and view has effective visibility <VISIBLE>), com.wix.detox.espresso.action.RNClickAction@7339e1b]
03-14 22:57:33.192 11786 11786 I ViewInteraction: Performing 'com.wix.detox.espresso.action.detoxsingletap@f08bbb8 click' action on view (view.getTag() is "dashboard-add-expense-button" and view has effective visibility <VISIBLE>)
03-14 22:57:33.206 11786 11970 W .studentfinance: Accessing hidden method Landroid/hardware/input/InputManager;->injectInputEvent(Landroid/view/InputEvent;I)Z (unsupported, reflection, allowed)
03-14 22:57:33.354 11786 11786 W [RNScreens]: backTitleFontFamily prop is not available on Android
03-14 22:57:33.354 11786 11786 W [RNScreens]: disableBackButtonMenu prop is not available on Android
03-14 22:57:33.354 11786 11786 W [RNScreens]: backTitleVisible prop is not available on Android
03-14 22:57:33.354 11786 11786 W [RNScreens]: topInsetEnabled prop is not available on Android
03-14 22:57:33.354 11786 11786 W [RNScreens]: largeTitleHideShadow prop is not available on Android
03-14 22:57:33.354 11786 11786 W [RNScreens]: largeTitleFontWeight prop is not available on Android
03-14 22:57:33.354 11786 11786 W [RNScreens]: userInterfaceStyle prop is not available on Android
03-14 22:57:33.354 11786 11786 W [RNScreens]: largeTitleFontFamily prop is not available on Android
03-14 22:57:33.420 11786 11786 I ImeTracker: com.mcfuzzysquirrel.studentfinance:13ebeaeb: onRequestShow at ORIGIN_CLIENT reason SHOW_SOFT_INPUT fromUser false
03-14 22:57:33.426 11786 11786 D InputMethodManager: showSoftInput() view=com.facebook.react.views.textinput.ReactEditText{65a81ad VFED..CL. .F....ID 47,130-1033,331 #188 aid=1073741825} flags=0 reason=SHOW_SOFT_INPUT
03-14 22:57:34.448 11786 11861 D EGL_emulation: app_time_stats: avg=219.60ms min=36.08ms max=778.31ms count=7
03-14 22:57:34.465 11786 11786 D InsetsController: show(ime(), fromIme=true)
03-14 22:57:34.475 11786 11786 I Choreographer: Skipped 41 frames!  The application may be doing too much work on its main thread.
03-14 22:57:34.522 11786 11997 W InteractionJankMonitor: Initializing without READ_DEVICE_CONFIG permission. enabled=true, interval=1, missedFrameThreshold=3, frameTimeThreshold=64, package=com.mcfuzzysquirrel.studentfinance
03-14 22:57:34.556 11786 11798 I HWUI    : Davey! duration=898ms; Flags=0, FrameTimelineVsyncId=117152, IntendedVsync=1300339964860, Vsync=1300356631526, InputEventId=0, HandleInputStart=1300369401413, AnimationStart=1300369402694, PerformTraversalsStart=1300373490024, DrawStart=1300378713262, FrameDeadline=1300389964858, FrameInterval=1300369395673, FrameStartTime=16666666, SyncQueued=1300541636866, SyncStart=1300542029126, IssueDrawCommandsStart=1300543828523, SwapBuffers=1301075172553, FrameCompleted=1301238630747, DequeueBufferDuration=5438, QueueBufferDuration=294505, GpuCompleted=1301238467035, SwapBuffersCompleted=1301238630747, DisplayPresentTime=0, CommandSubmissionCompleted=1301075172553, 
03-14 22:57:34.674 11786 11892 I HWUI    : Davey! duration=773ms; Flags=0, FrameTimelineVsyncId=117234, IntendedVsync=1300573298184, Vsync=1301256631490, InputEventId=0, HandleInputStart=1301265506736, AnimationStart=1301265507812, PerformTraversalsStart=1301265809516, DrawStart=1301268383425, FrameDeadline=1301339964820, FrameInterval=1301265317681, FrameStartTime=16666666, SyncQueued=1301274898088, SyncStart=1301347732701, IssueDrawCommandsStart=1301347915613, SwapBuffers=1301361424289, FrameCompleted=1301419375862, DequeueBufferDuration=3638, QueueBufferDuration=172504, GpuCompleted=1301417799447, SwapBuffersCompleted=1301419375862, DisplayPresentTime=0, CommandSubmissionCompleted=1301361424289, 
03-14 22:57:34.758 11786 11786 I ImeTracker: com.mcfuzzysquirrel.studentfinance:13ebeaeb: onShown
03-14 22:57:34.834 11786 11850 I DetoxWSClient: Sending out action 'invokeResult' (ID #8)
03-14 22:57:34.834 11786 11850 I DetoxDispatcher: Done with action 'invoke'
03-14 22:57:34.861 11786 11854 D DetoxWSClient: Received action 'invoke' (ID #9, params={"target":{"type":"Class","value":"com.wix.detox.espresso.DetoxAssertion"},"method":"waitForAssertMatcher","args":[{"type":"Invocation","value":{"target":{"type":"Class","value":"androidx.test.espresso.Espresso"},"method":"onView","args":[{"type":"Invocation","value":{"target":{"type":"Class","value":"com.wix.detox.espresso.DetoxMatcher"},"method":"matcherForTestId","args":["add-expense-amount-input",{"type":"boolean","value":false}]}}]}},{"type":"Invocation","value":{"target":{"type":"Class","value":"com.wix.detox.espresso.DetoxMatcher"},"method":"matcherForSufficientlyVisible","args":[{"type":"Integer","value":75}]}},{"type":"Double","value":10}]})
03-14 22:57:34.866 11786 11850 I DetoxDispatcher: Handling action 'invoke' (ID #9)...
03-14 22:57:34.866 11786 11850 D Detox   : class com.wix.detox.espresso.DetoxMatcher, matcherForTestId, [add-expense-amount-input, false]
03-14 22:57:34.867 11786 11850 D Detox   : class androidx.test.espresso.Espresso, onView, [(view.getTag() is "add-expense-amount-input" and view has effective visibility <VISIBLE>)]
03-14 22:57:34.869 11786 11850 D Detox   : class com.wix.detox.espresso.DetoxMatcher, matcherForSufficientlyVisible, [75]
03-14 22:57:34.869 11786 11850 D Detox   : class com.wix.detox.espresso.DetoxAssertion, waitForAssertMatcher, [androidx.test.espresso.ViewInteraction@2650917, (view has effective visibility <VISIBLE> and view.getGlobalVisibleRect() covers at least <75> percent of the view's area), 10.0]
03-14 22:57:34.876 11786 11786 I ViewInteraction: Checking 'MatchesViewAssertion(Detox){viewMatcher=(view has effective visibility <VISIBLE> and view.getGlobalVisibleRect() covers at least <75> percent of the view's area)}' assertion on view (view.getTag() is "add-expense-amount-input" and view has effective visibility <VISIBLE>)
03-14 22:57:34.887 11786 11794 I .studentfinance: Background concurrent mark compact GC freed 34MB AllocSpace bytes, 34(1876KB) LOS objects, 49% free, 11MB/22MB, paused 770us,7.518ms total 311.276ms
03-14 22:57:34.896 11786 11850 I DetoxWSClient: Sending out action 'invokeResult' (ID #9)
03-14 22:57:34.896 11786 11850 I DetoxDispatcher: Done with action 'invoke'
03-14 22:57:34.914 11786 11854 D DetoxWSClient: Received action 'invoke' (ID #10, params={"target":{"type":"Class","value":"com.wix.detox.espresso.EspressoDetox"},"method":"perform","args":[{"type":"Invocation","value":{"target":{"type":"Class","value":"com.wix.detox.espresso.DetoxMatcher"},"method":"matcherForTestId","args":["add-expense-amount-input",{"type":"boolean","value":false}]}},{"type":"Invocation","value":{"target":{"type":"Class","value":"androidx.test.espresso.action.ViewActions"},"method":"replaceText","args":["12.34"]}}]})
03-14 22:57:34.915 11786 11850 I DetoxDispatcher: Handling action 'invoke' (ID #10)...
03-14 22:57:34.915 11786 11850 D Detox   : class com.wix.detox.espresso.DetoxMatcher, matcherForTestId, [add-expense-amount-input, false]
03-14 22:57:34.915 11786 11850 D Detox   : class androidx.test.espresso.action.ViewActions, replaceText, [12.34]
03-14 22:57:34.916 11786 11850 D Detox   : class com.wix.detox.espresso.EspressoDetox, perform, [(view.getTag() is "add-expense-amount-input" and view has effective visibility <VISIBLE>), androidx.test.espresso.action.ReplaceTextAction@237062a]
03-14 22:57:34.919 11786 11786 I ViewInteraction: Performing 'replace text(12.34)' action on view (view.getTag() is "add-expense-amount-input" and view has effective visibility <VISIBLE>)
03-14 22:57:34.927 11786 11850 I DetoxWSClient: Sending out action 'invokeResult' (ID #10)
03-14 22:57:34.927 11786 11850 I DetoxDispatcher: Done with action 'invoke'
03-14 22:57:34.952 11786 11854 D DetoxWSClient: Received action 'invoke' (ID #11, params={"target":{"type":"Class","value":"com.wix.detox.espresso.DetoxAssertion"},"method":"waitForAssertMatcher","args":[{"type":"Invocation","value":{"target":{"type":"Class","value":"androidx.test.espresso.Espresso"},"method":"onView","args":[{"type":"Invocation","value":{"target":{"type":"Class","value":"com.wix.detox.espresso.DetoxMatcher"},"method":"matcherForTestId","args":["category-grid-item-default-food",{"type":"boolean","value":false}]}}]}},{"type":"Invocation","value":{"target":{"type":"Class","value":"com.wix.detox.espresso.DetoxMatcher"},"method":"matcherForSufficientlyVisible","args":[{"type":"Integer","value":75}]}},{"type":"Double","value":10}]})
03-14 22:57:34.953 11786 11850 I DetoxDispatcher: Handling action 'invoke' (ID #11)...
03-14 22:57:34.954 11786 11850 D Detox   : class com.wix.detox.espresso.DetoxMatcher, matcherForTestId, [category-grid-item-default-food, false]
03-14 22:57:34.955 11786 11850 D Detox   : class androidx.test.espresso.Espresso, onView, [(view.getTag() is "category-grid-item-default-food" and view has effective visibility <VISIBLE>)]
03-14 22:57:34.957 11786 11850 D Detox   : class com.wix.detox.espresso.DetoxMatcher, matcherForSufficientlyVisible, [75]
03-14 22:57:34.957 11786 11850 D Detox   : class com.wix.detox.espresso.DetoxAssertion, waitForAssertMatcher, [androidx.test.espresso.ViewInteraction@21ab5ef, (view has effective visibility <VISIBLE> and view.getGlobalVisibleRect() covers at least <75> percent of the view's area), 10.0]
03-14 22:57:34.965 11786 11786 I ViewInteraction: Checking 'MatchesViewAssertion(Detox){viewMatcher=(view has effective visibility <VISIBLE> and view.getGlobalVisibleRect() covers at least <75> percent of the view's area)}' assertion on view (view.getTag() is "category-grid-item-default-food" and view has effective visibility <VISIBLE>)
03-14 22:57:34.973 11786 11850 I DetoxWSClient: Sending out action 'invokeResult' (ID #11)
03-14 22:57:34.973 11786 11850 I DetoxDispatcher: Done with action 'invoke'
03-14 22:57:34.986 11786 11854 D DetoxWSClient: Received action 'invoke' (ID #12, params={"target":{"type":"Class","value":"com.wix.detox.espresso.EspressoDetox"},"method":"perform","args":[{"type":"Invocation","value":{"target":{"type":"Class","value":"com.wix.detox.espresso.DetoxMatcher"},"method":"matcherForTestId","args":["category-grid-item-default-food",{"type":"boolean","value":false}]}},{"type":"Invocation","value":{"target":{"type":"Class","value":"com.wix.detox.espresso.DetoxViewActions"},"method":"click","args":[]}}]})
03-14 22:57:34.988 11786 11850 I DetoxDispatcher: Handling action 'invoke' (ID #12)...
03-14 22:57:34.988 11786 11850 D Detox   : class com.wix.detox.espresso.DetoxMatcher, matcherForTestId, [category-grid-item-default-food, false]
03-14 22:57:34.989 11786 11850 D Detox   : class com.wix.detox.espresso.DetoxViewActions, click, []
03-14 22:57:34.990 11786 11850 D Detox   : class com.wix.detox.espresso.EspressoDetox, perform, [(view.getTag() is "category-grid-item-default-food" and view has effective visibility <VISIBLE>), com.wix.detox.espresso.action.RNClickAction@1807b85]
03-14 22:57:34.999 11786 11786 I ViewInteraction: Performing 'com.wix.detox.espresso.action.detoxsingletap@7354dda click' action on view (view.getTag() is "category-grid-item-default-food" and view has effective visibility <VISIBLE>)
03-14 22:57:35.061 11786 11876 D TrafficStats: tagSocket(131) with statsTag=0xffffffff, statsUid=-1
03-14 22:57:35.229 11786 11884 D TrafficStats: tagSocket(135) with statsTag=0xffffffff, statsUid=-1
03-14 22:57:35.482 11786 11861 D EGL_emulation: app_time_stats: avg=65.89ms min=16.54ms max=186.14ms count=12
03-14 22:57:35.841 11786 11850 I DetoxWSClient: Sending out action 'invokeResult' (ID #12)
03-14 22:57:35.859 11786 11854 D DetoxWSClient: Received action 'invoke' (ID #13, params={"target":{"type":"Class","value":"com.wix.detox.espresso.DetoxAssertion"},"method":"waitForAssertMatcher","args":[{"type":"Invocation","value":{"target":{"type":"Class","value":"androidx.test.espresso.Espresso"},"method":"onView","args":[{"type":"Invocation","value":{"target":{"type":"Class","value":"com.wix.detox.espresso.DetoxMatcher"},"method":"matcherForTestId","args":["add-expense-note-toggle",{"type":"boolean","value":false}]}}]}},{"type":"Invocation","value":{"target":{"type":"Class","value":"com.wix.detox.espresso.DetoxMatcher"},"method":"matcherForSufficientlyVisible","args":[{"type":"Integer","value":75}]}},{"type":"Double","value":10}]})
03-14 22:57:35.875 11786 11850 I DetoxDispatcher: Done with action 'invoke'
03-14 22:57:35.875 11786 11850 I DetoxDispatcher: Handling action 'invoke' (ID #13)...
03-14 22:57:35.876 11786 11850 D Detox   : class com.wix.detox.espresso.DetoxMatcher, matcherForTestId, [add-expense-note-toggle, false]
03-14 22:57:35.876 11786 11850 D Detox   : class androidx.test.espresso.Espresso, onView, [(view.getTag() is "add-expense-note-toggle" and view has effective visibility <VISIBLE>)]
03-14 22:57:35.877 11786 11850 D Detox   : class com.wix.detox.espresso.DetoxMatcher, matcherForSufficientlyVisible, [75]
03-14 22:57:35.877 11786 11850 D Detox   : class com.wix.detox.espresso.DetoxAssertion, waitForAssertMatcher, [androidx.test.espresso.ViewInteraction@f37ecf2, (view has effective visibility <VISIBLE> and view.getGlobalVisibleRect() covers at least <75> percent of the view's area), 10.0]
03-14 22:57:35.880 11786 11786 I ViewInteraction: Checking 'MatchesViewAssertion(Detox){viewMatcher=(view has effective visibility <VISIBLE> and view.getGlobalVisibleRect() covers at least <75> percent of the view's area)}' assertion on view (view.getTag() is "add-expense-note-toggle" and view has effective visibility <VISIBLE>)
03-14 22:57:35.888 11786 11850 I DetoxWSClient: Sending out action 'invokeResult' (ID #13)
03-14 22:57:35.894 11786 11850 I DetoxDispatcher: Done with action 'invoke'
03-14 22:57:35.909 11786 11854 D DetoxWSClient: Received action 'invoke' (ID #14, params={"target":{"type":"Class","value":"com.wix.detox.espresso.EspressoDetox"},"method":"perform","args":[{"type":"Invocation","value":{"target":{"type":"Class","value":"com.wix.detox.espresso.DetoxMatcher"},"method":"matcherForTestId","args":["add-expense-note-toggle",{"type":"boolean","value":false}]}},{"type":"Invocation","value":{"target":{"type":"Class","value":"com.wix.detox.espresso.DetoxViewActions"},"method":"click","args":[]}}]})
03-14 22:57:35.909 11786 11850 I DetoxDispatcher: Handling action 'invoke' (ID #14)...
03-14 22:57:35.910 11786 11850 D Detox   : class com.wix.detox.espresso.DetoxMatcher, matcherForTestId, [add-expense-note-toggle, false]
03-14 22:57:35.910 11786 11850 D Detox   : class com.wix.detox.espresso.DetoxViewActions, click, []
03-14 22:57:35.910 11786 11850 D Detox   : class com.wix.detox.espresso.EspressoDetox, perform, [(view.getTag() is "add-expense-note-toggle" and view has effective visibility <VISIBLE>), com.wix.detox.espresso.action.RNClickAction@b79d9c0]
03-14 22:57:35.916 11786 11786 I ViewInteraction: Performing 'com.wix.detox.espresso.action.detoxsingletap@dba66f9 click' action on view (view.getTag() is "add-expense-note-toggle" and view has effective visibility <VISIBLE>)
03-14 22:57:36.435 11786 11850 I DetoxWSClient: Sending out action 'invokeResult' (ID #14)
03-14 22:57:36.435 11786 11850 I DetoxDispatcher: Done with action 'invoke'
03-14 22:57:36.459 11786 11854 D DetoxWSClient: Received action 'invoke' (ID #15, params={"target":{"type":"Class","value":"com.wix.detox.espresso.DetoxAssertion"},"method":"waitForAssertMatcher","args":[{"type":"Invocation","value":{"target":{"type":"Class","value":"androidx.test.espresso.Espresso"},"method":"onView","args":[{"type":"Invocation","value":{"target":{"type":"Class","value":"com.wix.detox.espresso.DetoxMatcher"},"method":"matcherForTestId","args":["add-expense-note-input",{"type":"boolean","value":false}]}}]}},{"type":"Invocation","value":{"target":{"type":"Class","value":"com.wix.detox.espresso.DetoxMatcher"},"method":"matcherForSufficientlyVisible","args":[{"type":"Integer","value":75}]}},{"type":"Double","value":10}]})
03-14 22:57:36.460 11786 11850 I DetoxDispatcher: Handling action 'invoke' (ID #15)...
03-14 22:57:36.460 11786 11850 D Detox   : class com.wix.detox.espresso.DetoxMatcher, matcherForTestId, [add-expense-note-input, false]
03-14 22:57:36.460 11786 11850 D Detox   : class androidx.test.espresso.Espresso, onView, [(view.getTag() is "add-expense-note-input" and view has effective visibility <VISIBLE>)]
03-14 22:57:36.461 11786 11850 D Detox   : class com.wix.detox.espresso.DetoxMatcher, matcherForSufficientlyVisible, [75]
03-14 22:57:36.461 11786 11850 D Detox   : class com.wix.detox.espresso.DetoxAssertion, waitForAssertMatcher, [androidx.test.espresso.ViewInteraction@8e9db9b, (view has effective visibility <VISIBLE> and view.getGlobalVisibleRect() covers at least <75> percent of the view's area), 10.0]
03-14 22:57:36.576 11786 11786 I ViewInteraction: Checking 'MatchesViewAssertion(Detox){viewMatcher=(view has effective visibility <VISIBLE> and view.getGlobalVisibleRect() covers at least <75> percent of the view's area)}' assertion on view (view.getTag() is "add-expense-note-input" and view has effective visibility <VISIBLE>)
03-14 22:57:36.605 11786 11861 D EGL_emulation: app_time_stats: avg=199.86ms min=43.36ms max=320.02ms count=4
03-14 22:57:36.651 11786 11786 I ViewInteraction: Checking 'MatchesViewAssertion(Detox){viewMatcher=(view has effective visibility <VISIBLE> and view.getGlobalVisibleRect() covers at least <75> percent of the view's area)}' assertion on view (view.getTag() is "add-expense-note-input" and view has effective visibility <VISIBLE>)
03-14 22:57:36.742 11786 11786 I ViewInteraction: Checking 'MatchesViewAssertion(Detox){viewMatcher=(view has effective visibility <VISIBLE> and view.getGlobalVisibleRect() covers at least <75> percent of the view's area)}' assertion on view (view.getTag() is "add-expense-note-input" and view has effective visibility <VISIBLE>)
03-14 22:57:36.790 11786 11786 I ViewInteraction: Checking 'MatchesViewAssertion(Detox){viewMatcher=(view has effective visibility <VISIBLE> and view.getGlobalVisibleRect() covers at least <75> percent of the view's area)}' assertion on view (view.getTag() is "add-expense-note-input" and view has effective visibility <VISIBLE>)
03-14 22:57:36.868 11786 11786 I ViewInteraction: Checking 'MatchesViewAssertion(Detox){viewMatcher=(view has effective visibility <VISIBLE> and view.getGlobalVisibleRect() covers at least <75> percent of the view's area)}' assertion on view (view.getTag() is "add-expense-note-input" and view has effective visibility <VISIBLE>)
03-14 22:57:36.953 11786 11786 I ViewInteraction: Checking 'MatchesViewAssertion(Detox){viewMatcher=(view has effective visibility <VISIBLE> and view.getGlobalVisibleRect() covers at least <75> percent of the view's area)}' assertion on view (view.getTag() is "add-expense-note-input" and view has effective visibility <VISIBLE>)
03-14 22:57:37.047 11786 11786 I ViewInteraction: Checking 'MatchesViewAssertion(Detox){viewMatcher=(view has effective visibility <VISIBLE> and view.getGlobalVisibleRect() covers at least <75> percent of the view's area)}' assertion on view (view.getTag() is "add-expense-note-input" and view has effective visibility <VISIBLE>)
03-14 22:57:37.118 11786 11876 D TrafficStats: tagSocket(135) with statsTag=0xffffffff, statsUid=-1
03-14 22:57:37.141 11786 11786 I ViewInteraction: Checking 'MatchesViewAssertion(Detox){viewMatcher=(view has effective visibility <VISIBLE> and view.getGlobalVisibleRect() covers at least <75> percent of the view's area)}' assertion on view (view.getTag() is "add-expense-note-input" and view has effective visibility <VISIBLE>)
03-14 22:57:37.195 11786 11786 I ViewInteraction: Checking 'MatchesViewAssertion(Detox){viewMatcher=(view has effective visibility <VISIBLE> and view.getGlobalVisibleRect() covers at least <75> percent of the view's area)}' assertion on view (view.getTag() is "add-expense-note-input" and view has effective visibility <VISIBLE>)
03-14 22:57:37.254 11786 11786 I ViewInteraction: Checking 'MatchesViewAssertion(Detox){viewMatcher=(view has effective visibility <VISIBLE> and view.getGlobalVisibleRect() covers at least <75> percent of the view's area)}' assertion on view (view.getTag() is "add-expense-note-input" and view has effective visibility <VISIBLE>)
03-14 22:57:37.325 11786 11786 I ViewInteraction: Checking 'MatchesViewAssertion(Detox){viewMatcher=(view has effective visibility <VISIBLE> and view.getGlobalVisibleRect() covers at least <75> percent of the view's area)}' assertion on view (view.getTag() is "add-expense-note-input" and view has effective visibility <VISIBLE>)
03-14 22:57:37.371 11786 11884 D TrafficStats: tagSocket(135) with statsTag=0xffffffff, statsUid=-1
03-14 22:57:37.396 11786 11786 I ViewInteraction: Checking 'MatchesViewAssertion(Detox){viewMatcher=(view has effective visibility <VISIBLE> and view.getGlobalVisibleRect() covers at least <75> percent of the view's area)}' assertion on view (view.getTag() is "add-expense-note-input" and view has effective visibility <VISIBLE>)
03-14 22:57:37.441 11786 11786 I ViewInteraction: Checking 'MatchesViewAssertion(Detox){viewMatcher=(view has effective visibility <VISIBLE> and view.getGlobalVisibleRect() covers at least <75> percent of the view's area)}' assertion on view (view.getTag() is "add-expense-note-input" and view has effective visibility <VISIBLE>)
03-14 22:57:37.524 11786 11786 I ViewInteraction: Checking 'MatchesViewAssertion(Detox){viewMatcher=(view has effective visibility <VISIBLE> and view.getGlobalVisibleRect() covers at least <75> percent of the view's area)}' assertion on view (view.getTag() is "add-expense-note-input" and view has effective visibility <VISIBLE>)
03-14 22:57:37.575 11786 11786 I ViewInteraction: Checking 'MatchesViewAssertion(Detox){viewMatcher=(view has effective visibility <VISIBLE> and view.getGlobalVisibleRect() covers at least <75> percent of the view's area)}' assertion on view (view.getTag() is "add-expense-note-input" and view has effective visibility <VISIBLE>)
03-14 22:57:37.635 11786 11861 D EGL_emulation: app_time_stats: avg=514.98ms min=491.68ms max=538.29ms count=2
03-14 22:57:37.649 11786 11786 I ViewInteraction: Checking 'MatchesViewAssertion(Detox){viewMatcher=(view has effective visibility <VISIBLE> and view.getGlobalVisibleRect() covers at least <75> percent of the view's area)}' assertion on view (view.getTag() is "add-expense-note-input" and view has effective visibility <VISIBLE>)
03-14 22:57:37.730 11786 11786 I ViewInteraction: Checking 'MatchesViewAssertion(Detox){viewMatcher=(view has effective visibility <VISIBLE> and view.getGlobalVisibleRect() covers at least <75> percent of the view's area)}' assertion on view (view.getTag() is "add-expense-note-input" and view has effective visibility <VISIBLE>)
03-14 22:57:37.851 11786 11786 I ViewInteraction: Checking 'MatchesViewAssertion(Detox){viewMatcher=(view has effective visibility <VISIBLE> and view.getGlobalVisibleRect() covers at least <75> percent of the view's area)}' assertion on view (view.getTag() is "add-expense-note-input" and view has effective visibility <VISIBLE>)
03-14 22:57:37.941 11786 11786 I ViewInteraction: Checking 'MatchesViewAssertion(Detox){viewMatcher=(view has effective visibility <VISIBLE> and view.getGlobalVisibleRect() covers at least <75> percent of the view's area)}' assertion on view (view.getTag() is "add-expense-note-input" and view has effective visibility <VISIBLE>)
03-14 22:57:38.009 11786 11786 I ViewInteraction: Checking 'MatchesViewAssertion(Detox){viewMatcher=(view has effective visibility <VISIBLE> and view.getGlobalVisibleRect() covers at least <75> percent of the view's area)}' assertion on view (view.getTag() is "add-expense-note-input" and view has effective visibility <VISIBLE>)
03-14 22:57:38.095 11786 11786 I ViewInteraction: Checking 'MatchesViewAssertion(Detox){viewMatcher=(view has effective visibility <VISIBLE> and view.getGlobalVisibleRect() covers at least <75> percent of the view's area)}' assertion on view (view.getTag() is "add-expense-note-input" and view has effective visibility <VISIBLE>)
03-14 22:57:38.257 11786 11786 I ViewInteraction: Checking 'MatchesViewAssertion(Detox){viewMatcher=(view has effective visibility <VISIBLE> and view.getGlobalVisibleRect() covers at least <75> percent of the view's area)}' assertion on view (view.getTag() is "add-expense-note-input" and view has effective visibility <VISIBLE>)
03-14 22:57:38.299 11786 11794 I .studentfinance: Background concurrent mark compact GC freed 10MB AllocSpace bytes, 82(4440KB) LOS objects, 49% free, 12MB/25MB, paused 654us,6.076ms total 282.816ms
03-14 22:57:38.466 11786 11786 I ViewInteraction: Checking 'MatchesViewAssertion(Detox){viewMatcher=(view has effective visibility <VISIBLE> and view.getGlobalVisibleRect() covers at least <75> percent of the view's area)}' assertion on view (view.getTag() is "add-expense-note-input" and view has effective visibility <VISIBLE>)
03-14 22:57:38.732 11786 11786 I ViewInteraction: Checking 'MatchesViewAssertion(Detox){viewMatcher=(view has effective visibility <VISIBLE> and view.getGlobalVisibleRect() covers at least <75> percent of the view's area)}' assertion on view (view.getTag() is "add-expense-note-input" and view has effective visibility <VISIBLE>)
03-14 22:57:38.885 11786 11861 D EGL_emulation: app_time_stats: avg=624.77ms min=598.30ms max=651.24ms count=2
03-14 22:57:39.021 11786 11786 I ViewInteraction: Checking 'MatchesViewAssertion(Detox){viewMatcher=(view has effective visibility <VISIBLE> and view.getGlobalVisibleRect() covers at least <75> percent of the view's area)}' assertion on view (view.getTag() is "add-expense-note-input" and view has effective visibility <VISIBLE>)
03-14 22:57:39.153 11786 11786 I ViewInteraction: Checking 'MatchesViewAssertion(Detox){viewMatcher=(view has effective visibility <VISIBLE> and view.getGlobalVisibleRect() covers at least <75> percent of the view's area)}' assertion on view (view.getTag() is "add-expense-note-input" and view has effective visibility <VISIBLE>)
03-14 22:57:39.170 11786 11876 D TrafficStats: tagSocket(141) with statsTag=0xffffffff, statsUid=-1
03-14 22:57:39.230 11786 11786 I ViewInteraction: Checking 'MatchesViewAssertion(Detox){viewMatcher=(view has effective visibility <VISIBLE> and view.getGlobalVisibleRect() covers at least <75> percent of the view's area)}' assertion on view (view.getTag() is "add-expense-note-input" and view has effective visibility <VISIBLE>)
03-14 22:57:39.329 11786 11786 I ViewInteraction: Checking 'MatchesViewAssertion(Detox){viewMatcher=(view has effective visibility <VISIBLE> and view.getGlobalVisibleRect() covers at least <75> percent of the view's area)}' assertion on view (view.getTag() is "add-expense-note-input" and view has effective visibility <VISIBLE>)
