--------- beginning of main
03-14 22:57:21.008 11509 11581 W unknown:ViewManagerPropertyUpdater: Could not find generated setter for class com.facebook.react.views.switchview.ReactSwitchManager
03-14 22:57:21.010 11509 11576 D TrafficStats: tagSocket(132) with statsTag=0xffffffff, statsUid=-1
03-14 22:57:21.012 11509 11581 W unknown:ViewManagerPropertyUpdater: Could not find generated setter for class com.facebook.react.views.switchview.ReactSwitchShadowNode
03-14 22:57:21.026 11509 11581 W unknown:ViewManagerPropertyUpdater: Could not find generated setter for class com.horcrux.svg.RenderableViewManager$UseViewManager
03-14 22:57:21.040 11509 11581 W unknown:ViewManagerPropertyUpdater: Could not find generated setter for class com.horcrux.svg.RenderableViewManager$CircleViewManager
03-14 22:57:21.052 11509 11581 W unknown:ViewManagerPropertyUpdater: Could not find generated setter for class com.horcrux.svg.RenderableViewManager$TSpanViewManager
03-14 22:57:21.064 11509 11581 W unknown:ViewManagerPropertyUpdater: Could not find generated setter for class com.horcrux.svg.RenderableViewManager$FilterManager
03-14 22:57:21.077 11509 11581 W unknown:ViewManagerPropertyUpdater: Could not find generated setter for class com.horcrux.svg.RenderableViewManager$MarkerManager
03-14 22:57:21.099 11509 11581 W unknown:ViewManagerPropertyUpdater: Could not find generated setter for class com.swmansion.gesturehandler.react.RNGestureHandlerButtonViewManager
03-14 22:57:21.112 11509 11581 W unknown:ViewManagerPropertyUpdater: Could not find generated setter for class com.facebook.react.views.modal.ReactModalHostManager
03-14 22:57:21.125 11509 11581 W unknown:ViewManagerPropertyUpdater: Could not find generated setter for class com.horcrux.svg.RenderableViewManager$ForeignObjectManager
03-14 22:57:21.142 11509 11581 W unknown:ViewManagerPropertyUpdater: Could not find generated setter for class com.horcrux.svg.RenderableViewManager$EllipseViewManager
03-14 22:57:21.157 11509 11581 W unknown:ViewManagerPropertyUpdater: Could not find generated setter for class com.horcrux.svg.RenderableViewManager$LineViewManager
03-14 22:57:21.167 11509 11581 W unknown:ViewManagerPropertyUpdater: Could not find generated setter for class com.facebook.react.views.text.frescosupport.FrescoBasedReactTextInlineImageViewManager
03-14 22:57:21.168 11509 11581 W unknown:ViewManagerPropertyUpdater: Could not find generated setter for class com.facebook.react.views.text.frescosupport.FrescoBasedReactTextInlineImageShadowNode
03-14 22:57:21.177 11509 11581 W unknown:ViewManagerPropertyUpdater: Could not find generated setter for class com.horcrux.svg.RenderableViewManager$FeFloodManager
03-14 22:57:21.186 11509 11581 W unknown:ViewManagerPropertyUpdater: Could not find generated setter for class com.horcrux.svg.RenderableViewManager$GroupViewManager
03-14 22:57:21.198 11509 11581 W unknown:ViewManagerPropertyUpdater: Could not find generated setter for class com.horcrux.svg.RenderableViewManager$TextViewManager
03-14 22:57:21.214 11509 11581 W unknown:ViewManagerPropertyUpdater: Could not find generated setter for class com.horcrux.svg.RenderableViewManager$ImageViewManager
03-14 22:57:21.230 11509 11581 W unknown:ViewManagerPropertyUpdater: Could not find generated setter for class com.horcrux.svg.RenderableViewManager$FeCompositeManager
03-14 22:57:21.247 11509 11581 W unknown:ViewManagerPropertyUpdater: Could not find generated setter for class com.facebook.react.views.image.ReactImageManager
03-14 22:57:21.263 11509 11581 W unknown:ViewManagerPropertyUpdater: Could not find generated setter for class com.horcrux.svg.RenderableViewManager$RadialGradientManager
03-14 22:57:21.278 11509 11581 W unknown:ViewManagerPropertyUpdater: Could not find generated setter for class com.horcrux.svg.RenderableViewManager$MaskManager
03-14 22:57:21.293 11509 11581 W unknown:ViewManagerPropertyUpdater: Could not find generated setter for class com.facebook.react.views.unimplementedview.ReactUnimplementedViewManager
03-14 22:57:21.304 11509 11581 W unknown:ViewManagerPropertyUpdater: Could not find generated setter for class com.horcrux.svg.RenderableViewManager$RectViewManager
03-14 22:57:21.349 11509 11581 W unknown:ViewManagerPropertyUpdater: Could not find generated setter for class com.horcrux.svg.RenderableViewManager$TextPathViewManager
03-14 22:57:21.364 11509 11581 W unknown:ViewManagerPropertyUpdater: Could not find generated setter for class com.facebook.react.views.scroll.ReactScrollViewManager
03-14 22:57:21.381 11509 11581 W unknown:ViewManagerPropertyUpdater: Could not find generated setter for class com.horcrux.svg.RenderableViewManager$FeOffsetManager
03-14 22:57:21.414 11509 11581 W unknown:ViewManagerPropertyUpdater: Could not find generated setter for class com.horcrux.svg.RenderableViewManager$PathViewManager
03-14 22:57:21.504 11509 11581 W unknown:ViewManagerPropertyUpdater: Could not find generated setter for class com.facebook.react.views.drawer.ReactDrawerLayoutManager
03-14 22:57:21.507 11509 11583 D TrafficStats: tagSocket(132) with statsTag=0xffffffff, statsUid=-1
03-14 22:57:21.515 11509 11516 I .studentfinance: Compiler allocated 4219KB to compile void android.widget.TextView.<init>(android.content.Context, android.util.AttributeSet, int, int)
03-14 22:57:21.536 11509 11581 W unknown:ViewManagerPropertyUpdater: Could not find generated setter for class com.facebook.react.views.swiperefresh.SwipeRefreshLayoutManager
03-14 22:57:21.634 11509 11581 W unknown:ViewManagerPropertyUpdater: Could not find generated setter for class com.facebook.react.views.textinput.ReactTextInputManager
03-14 22:57:21.650 11509 11581 W unknown:ViewManagerPropertyUpdater: Could not find generated setter for class com.facebook.react.views.textinput.ReactTextInputShadowNode
03-14 22:57:21.760 11509 11581 W unknown:ViewManagerPropertyUpdater: Could not find generated setter for class com.swmansion.gesturehandler.react.RNGestureHandlerRootViewManager
03-14 22:57:21.913 11509 11581 W BridgelessReactContext: [WARNING] Bridgeless doesn't support CatalystInstance. Accessing an API that's not part of the new architecture is not encouraged usage.
03-14 22:57:21.938 11509 11581 I ExpoModulesCore: ✅ JSI interop was installed
03-14 22:57:21.948 11509 11581 I ExpoModulesCore: ✅ Constants were exported
03-14 22:57:22.023 11509 11581 D nativeloader: Load /data/app/~~YsqUcQHZ2eJyD51BHGgW7w==/com.mcfuzzysquirrel.studentfinance-8JLdNDjiGMSsFWheHCnHFA==/base.apk!/lib/x86_64/librnscreens.so using ns clns-7 from class loader (caller=/data/app/~~YsqUcQHZ2eJyD51BHGgW7w==/com.mcfuzzysquirrel.studentfinance-8JLdNDjiGMSsFWheHCnHFA==/base.apk!classes16.dex): ok
03-14 22:57:22.655 11509 11721 D ProfileInstaller: Installing profile for com.mcfuzzysquirrel.studentfinance
03-14 22:57:22.958 11509 11581 D Detox.RNMarker: RUN_JS_BUNDLE_END (index.android.bundle)
03-14 22:57:22.962 11509 11581 I ReactNativeJS: Running "main"
03-14 22:57:22.979 11509 11581 D Detox.RNMarker: REACT_BRIDGELESS_LOADING_END (null)
03-14 22:57:23.006 11509 11509 I ReactNative: [GESTURE HANDLER] Initialize gesture handler for root view com.facebook.react.runtime.ReactSurfaceView{b0bafbc V.E...... ......ID 0,0-1080,2400 #1}
03-14 22:57:23.014 11509 11509 D Detox.RNMarker: CONTENT_APPEARED (main)
03-14 22:57:23.042 11509 11576 D TrafficStats: tagSocket(137) with statsTag=0xffffffff, statsUid=-1
03-14 22:57:23.054 11509 11581 D nativeloader: Load /data/app/~~YsqUcQHZ2eJyD51BHGgW7w==/com.mcfuzzysquirrel.studentfinance-8JLdNDjiGMSsFWheHCnHFA==/base.apk!/lib/x86_64/libgesturehandler.so using ns clns-7 from class loader (caller=/data/app/~~YsqUcQHZ2eJyD51BHGgW7w==/com.mcfuzzysquirrel.studentfinance-8JLdNDjiGMSsFWheHCnHFA==/base.apk): ok
03-14 22:57:23.057 11509 11581 D jni_lib_merge: Entering merged library JNI_OnLoad.
03-14 22:57:23.057 11509 11581 D jni_lib_merge: Preparing 12 pre-merged libs (including stub)
03-14 22:57:23.057 11509 11581 D jni_lib_merge: Preparing to register libfabricjni_so.  onload_func: 0x727ce21a7730
03-14 22:57:23.057 11509 11581 D jni_lib_merge: Preparing to register libreact_devsupportjni_so.  onload_func: 0x727ce23a4190
0--------- beginning of main
03-14 22:57:25.208 11786 11786 I .studentfinance: Late-enabling -Xcheck:jni
03-14 22:57:25.269 11786 11786 I .studentfinance: Using CollectorTypeCMC GC.
03-14 22:57:25.270 11786 11786 W .studentfinance: Unexpected CPU variant for x86: x86_64.
03-14 22:57:25.270 11786 11786 W .studentfinance: Known variants: atom, sandybridge, silvermont, goldmont, goldmont-plus, goldmont-without-sha-xsaves, tremont, kabylake, default
03-14 22:57:25.282 11786 11786 D nativeloader: Load libframework-connectivity-tiramisu-jni.so using APEX ns com_android_tethering for caller /apex/com.android.tethering/javalib/framework-connectivity-t.jar: ok
--------- beginning of system
03-14 22:57:25.374 11786 11786 W ActivityThread: Package uses different ABI(s) than its instrumentation: package[com.mcfuzzysquirrel.studentfinance]: x86_64, null instrumentation[com.mcfuzzysquirrel.studentfinance.test]: null, null
03-14 22:57:25.383 11786 11786 W .studentfinance: ClassLoaderContext shared library size mismatch. Expected=2, found=0 (PCL[]{PCL[/system/framework/android.test.base.jar*724373495]#PCL[/system/framework/android.test.mock.jar*1452759902]} | PCL[])
03-14 22:57:25.386 11786 11786 W .studentfinance: ClassLoaderContext classpath size mismatch. expected=0, found=1 (PCL[] | PCL[/system/framework/android.test.runner.jar*2496447986])
03-14 22:57:25.388 11786 11786 W .studentfinance: ClassLoaderContext classpath size mismatch. expected=0, found=2 (PCL[] | PCL[/system/framework/android.test.runner.jar*2496447986:/system/framework/android.test.mock.jar*1452759902])
03-14 22:57:25.392 11786 11786 W ziparchive: Unable to open '/data/app/~~feC0d-aJBAXZMQDLgqJFLA==/com.mcfuzzysquirrel.studentfinance.test-MgctBIaYwGk-S72bVRP-Xw==/base.dm': No such file or directory
03-14 22:57:25.392 11786 11786 W ziparchive: Unable to open '/data/app/~~feC0d-aJBAXZMQDLgqJFLA==/com.mcfuzzysquirrel.studentfinance.test-MgctBIaYwGk-S72bVRP-Xw==/base.dm': No such file or directory
03-14 22:57:25.538 11786 11786 W ziparchive: Unable to open '/data/app/~~YsqUcQHZ2eJyD51BHGgW7w==/com.mcfuzzysquirrel.studentfinance-8JLdNDjiGMSsFWheHCnHFA==/base.dm': No such file or directory
03-14 22:57:25.538 11786 11786 W ziparchive: Unable to open '/data/app/~~YsqUcQHZ2eJyD51BHGgW7w==/com.mcfuzzysquirrel.studentfinance-8JLdNDjiGMSsFWheHCnHFA==/base.dm': No such file or directory
03-14 22:57:26.087 11786 11786 D nativeloader: Configuring clns-7 for other apk /system/framework/android.test.runner.jar:/system/framework/android.test.mock.jar:/system/framework/android.test.base.jar:/data/app/~~feC0d-aJBAXZMQDLgqJFLA==/com.mcfuzzysquirrel.studentfinance.test-MgctBIaYwGk-S72bVRP-Xw==/base.apk:/data/app/~~YsqUcQHZ2eJyD51BHGgW7w==/com.mcfuzzysquirrel.studentfinance-8JLdNDjiGMSsFWheHCnHFA==/base.apk. target_sdk_version=36, uses_libraries=, library_path=/data/app/~~feC0d-aJBAXZMQDLgqJFLA==/com.mcfuzzysquirrel.studentfinance.test-MgctBIaYwGk-S72bVRP-Xw==/lib/x86_64:/data/app/~~YsqUcQHZ2eJyD51BHGgW7w==/com.mcfuzzysquirrel.studentfinance-8JLdNDjiGMSsFWheHCnHFA==/lib/x86_64:/data/app/~~feC0d-aJBAXZMQDLgqJFLA==/com.mcfuzzysquirrel.studentfinance.test-MgctBIaYwGk-S72bVRP-Xw==/base.apk!/lib/x86_64:/data/app/~~YsqUcQHZ2eJyD51BHGgW7w==/com.mcfuzzysquirrel.studentfinance-8JLdNDjiGMSsFWheHCnHFA==/base.apk!/lib/x86_64, permitted_path=/data:/mnt/expand:/data/user/0/com.mcfuzzysquirrel.studentfinance
03-14 22:57:26.098 11786 11786 V GraphicsEnvironment: Currently set values for:
03-14 22:57:26.098 11786 11786 V GraphicsEnvironment:   angle_gl_driver_selection_pkgs=[]
03-14 22:57:26.099 11786 11786 V GraphicsEnvironment:   angle_gl_driver_selection_values=[]
03-14 22:57:26.099 11786 11786 V GraphicsEnvironment: Global.Settings values are invalid: number of packages: 0, number of values: 0
03-14 22:57:26.099 11786 11786 V GraphicsEnvironment: Neither updatable production driver nor prerelease driver is supported.
03-14 22:57:26.104 11786 11786 D ApplicationLoaders: Returning zygote-cached class loader: /system/framework/android.test.base.jar
03-14 22:57:26.106 11786 11786 D nativeloader: Configuring clns-8 for other apk /system/framework/android.test.mock.jar. target_sdk_version=36, uses_libraries=ALL, library_path=/data/app/~~feC0d-aJBAXZMQDLgqJFLA==/com.mcfuzzysquirrel.studentfinance.test-MgctBIaYwGk-S72bVRP-Xw==/lib/x86_64:/data/app/~~YsqUcQHZ2eJyD51BHGgW7w==/com.mcfuzzysquirrel.studentfinance-8JLdNDjiGMSsFWheHCnHFA==/lib/x86_64, permitted_path=/data:/mnt/expand
03-14 22:57:26.107 11786 11786 D ApplicationLoaders: Returning zygote-cached class loader: /system/framework/android.test.base.jar
03-14 22:57:26.110 11786 11786 D nativeloader: Configuring clns-9 for other apk /system/framework/android.test.runner.jar. target_sdk_version=36, uses_libraries=ALL, library_path=/data/app/~~feC0d-aJBAXZMQDLgqJFLA==/com.mcfuzzysquirrel.studentfinance.test-MgctBIaYwGk-S72bVRP-Xw==/lib/x86_64:/data/app/~~YsqUcQHZ2eJyD51BHGgW7w==/com.mcfuzzysquirrel.studentfinance-8JLdNDjiGMSsFWheHCnHFA==/lib/x86_64, permitted_path=/data:/mnt/expand
03-14 22:57:26.113 11786 11786 W .studentfinance: ClassLoaderContext shared library size mismatch. Expected=2, found=3 (PCL[]{PCL[/system/framework/android.test.base.jar*724373495]#PCL[/system/framework/android.test.mock.jar*1452759902]} | PCL[]{PCL[/system/framework/android.test.base.jar*724373495]#PCL[/system/framework/android.test.mock.jar*1452759902]#PCL[/system/framework/android.test.runner.jar*2496447986]{PCL[/system/framework/android.test.base.jar*724373495]#PCL[/system/framework/android.test.mock.jar*1452759902]}};PCL[/system/framework/android.test.runner.jar*2496447986:/system/framework/android.test.mock.jar*1452759902:/system/framework/android.test.base.jar*724373495:/data/app/~~feC0d-aJBAXZMQDLgqJFLA==/com.mcfuzzysquirrel.studentfinance.test-MgctBIaYwGk-S72bVRP-Xw==/base.apk*3224200876:/data/app/~~YsqUcQHZ2eJyD51BHGgW7w==/com.mcfuzzysquirrel.studentfinance-8JLdNDjiGMSsFWheHCnHFA==/base.apk*2060289533])
03-14 22:57:26.115 11786 11786 W .studentfinance: ClassLoaderContext classpath size mismatch. expected=0, found=1 (PCL[] | PCL[/system/framework/android.test.runner.jar*2496447986]{PCL[/system/framework/android.test.base.jar*724373495]#PCL[/system/framework/android.test.mock.jar*1452759902]#PCL[/system/framework/android.test.runner.jar*2496447986]{PCL[/system/framework/android.test.base.jar*724373495]#PCL[/system/framework/android.test.mock.jar*1452759902]}};PCL[/system/framework/android.test.runner.jar*2496447986:/system/framework/android.test.mock.jar*1452759902:/system/framework/android.test.base.jar*724373495:/data/app/~~feC0d-aJBAXZMQDLgqJFLA==/com.mcfuzzysquirrel.studentfinance.test-MgctBIaYwGk-S72bVRP-Xw==/base.apk*3224200876:/data/app/~~YsqUcQHZ2eJyD51BHGgW7w==/com.mcfuzzysquirrel.studentfinance-8JLdNDjiGMSsFWheHCnHFA==/base.apk*2060289533])
03-14 22:57:26.116 11786 11786 W .studentfinance: ClassLoaderContext classpath size mismatch. expected=0, found=2 (PCL[] | PCL[/system/framework/android.test.runner.jar*2496447986:/system/framework/android.test.mock.jar*1452759902]{PCL[/system/framework/android.test.base.jar*724373495]#PCL[/system/framework/android.test.mock.jar*1452759902]#PCL[/system/framework/android.test.runner.jar*2496447986]{PCL[/system/framework/android.test.base.jar*724373495]#PCL[/system/framework/android.test.mock.jar*1452759902]}};PCL[/system/framework/android.test.runner.jar*2496447986:/system/framework/android.test.mock.jar*1452759902:/system/framework/android.test.base.jar*724373495:/data/app/~~feC0d-aJBAXZMQDLgqJFLA==/com.mcfuzzysquirrel.studentfinance.test-MgctBIaYwGk-S72bVRP-Xw==/base.apk*3224200876:/data/app/~~YsqUcQHZ2eJyD51BHGgW7w==/com.mcfuzzysquirrel.studentfinance-8JLdNDjiGMSsFWheHCnHFA==/base.apk*2060289533])
03-14 22:57:26.117 11786 11786 W ziparchive: Unable to open '/data/app/~~feC0d-aJBAXZMQDLgqJFLA==/com.mcfuzzysquirrel.studentfinance.test-MgctBIaYwGk-S72bVRP-Xw==/base.dm': No such file or directory
03-14 22:57:26.117 11786 11786 W ziparchive: Unable to open '/data/app/~~feC0d-aJBAXZMQDLgqJFLA==/com.mcfuzzysquirrel.studentfinance.test-MgctBIaYwGk-S72bVRP-Xw==/base.dm': No such file or directory
03-14 22:57:26.221 11786 11786 W ziparchive: Unable to open '/data/app/~~YsqUcQHZ2eJyD51BHGgW7w==/com.mcfuzzysquirrel.studentfinance-8JLdNDjiGMSsFWheHCnHFA==/base.dm': No such file or directory
03-14 22:57:26.221 11786 11786 W ziparchive: Unable to open '/data/app/~~YsqUcQHZ2eJyD51BHGgW7w==/com.mcfuzzysquirrel.studentfinance-8JLdNDjiGMSsFWheHCnHFA==/base.dm': No such file or directory
03-14 22:57:26.605 11786 11786 I AndroidJUnitRunner: newApplication com.mcfuzzysquirrel.studentfinance.MainApplication
03-14 22:57:26.641 11786 11786 I AndroidJUnitRunner: onCreate Bundle[mParcelledData.dataSize=312]
03-14 22:57:26.642 11786 11786 D AndroidJUnitRunner: Use the raw file system for managing file I/O.
03-14 22:57:26.716 11786 11786 V TestEventClient: No service name argument was given (testDiscoveryService, testRunEventService or orchestratorService)
03-14 22:57:26.717 11786 11848 D AndroidJUnitRunner: onStart is called.
03-14 22:57:26.722 11786 11786 W SoLoader: Initializing SoLoader: 0
03-14 22:57:26.723 11786 11786 W SoLoader: Recording new base apk path: /data/app/~~YsqUcQHZ2eJyD51BHGgW7w==/com.mcfuzzysquirrel.studentfinance-8JLdNDjiGMSsFWheHCnHFA==/base.apk
03-14 22:57:26.723 11786 11786 W SoLoader: Previously recorded 0 base apk paths.
03-14 22:57:26.725 11786 11786 I SoLoader: Preparing SO source: DirectorySoSource[root = /vendor/lib64 flags = 2]
03-14 22:57:26.725 11786 11786 I SoLoader: Preparing SO source: DirectorySoSource[root = /system/lib64 flags = 2]
03-14 22:57:26.725 11786 11786 I SoLoader: Preparing SO source: DirectApkSoSource[root = [/data/app/~~YsqUcQHZ2eJyD51BHGgW7w==/com.mcfuzzysquirrel.studentfinance-8JLdNDjiGMSsFWheHCnHFA==/base.apk!/lib/x86_64]]
03-14 22:57:26.740 11786 11786 I SoLoader: Preparing SO source: ApplicationSoSource[DirectorySoSource[root = /data/app/~~YsqUcQHZ2eJyD51BHGgW7w==/com.mcfuzzysquirrel.studentfinance-8JLdNDjiGMSsFWheHCnHFA==/lib/x86_64 flags = 0]]
03-14 22:57:26.741 11786 11786 I SoLoader: init finish: 4 SO sources prepared
03-14 22:57:26.741 11786 11786 W SoLoader: SoLoader initialized: 8
03-14 22:57:26.765 11786 11786 D nativeloader: Load /data/app/~~YsqUcQHZ2eJyD51BHGgW7w==/com.mcfuzzysquirrel.studentfinance-8JLdNDjiGMSsFWheHCnHFA==/base.apk!/lib/x86_64/libc++_shared.so using ns clns-7 from class loader (caller=/data/app/~~YsqUcQHZ2eJyD51BHGgW7w==/com.mcfuzzysquirrel.studentfinance-8JLdNDjiGMSsFWheHCnHFA==/base.apk): ok
03-14 22:57:26.777 11786 11786 D nativeloader: Load /data/app/~~YsqUcQHZ2eJyD51BHGgW7w==/com.mcfuzzysquirrel.studentfinance-8JLdNDjiGMSsFWheHCnHFA==/base.apk!/lib/x86_64/libjsi.so using ns clns-7 from class loader (caller=/data/app/~~YsqUcQHZ2eJyD51BHGgW7w==/com.mcfuzzysquirrel.studentfinance-8JLdNDjiGMSsFWheHCnHFA==/base.apk): ok
03-14 22:57:26.788 11786 11786 D nativeloader: Load /data/app/~~YsqUcQHZ2eJyD51BHGgW7w==/com.mcfuzzysquirrel.studentfinance-8JLdNDjiGMSsFWheHCnHFA==/base.apk!/lib/x86_64/libfbjni.so using ns clns-7 from class loader (caller=/data/app/~~YsqUcQHZ2eJyD51BHGgW7w==/com.mcfuzzysquirrel.studentfinance-8JLdNDjiGMSsFWheHCnHFA==/base.apk): ok
03-14 22:57:26.800 11786 11786 D nativeloader: Load /data/app/~~YsqUcQHZ2eJyD51BHGgW7w==/com.mcfuzzysquirrel.studentfinance-8JLdNDjiGMSsFWheHCnHFA==/base.apk!/lib/x86_64/libreactnative.so using ns clns-7 from class loader (caller=/data/app/~~YsqUcQHZ2eJyD51BHGgW7w==/com.mcfuzzysquirrel.studentfinance-8JLdNDjiGMSsFWheHCnHFA==/base.apk): ok
03-14 22:57:26.800 11786 11786 D jni_lib_merge: Entering merged library JNI_OnLoad.
03-14 22:57:26.800 11786 11786 D jni_lib_merge: Preparing 12 pre-merged libs (including stub)
03-14 22:57:26.800 11786 11786 D jni_lib_merge: Preparing to register libfabricjni_so.  onload_func: 0x727ce7f9e730
03-14 22:57:26.800 11786 11786 D jni_lib_merge: Preparing to register libreact_devsupportjni_so.  onload_func: 0x727ce819b190
03-14 22:57:26.800 11786 11786 D jni_lib_merge: Preparing to register libreact_featureflagsjni_so.  onload_func: 0x727ce81ac910
03-14 22:57:26.800 11786 11786 D jni_lib_merge: Preparing to register libreact_newarchdefaults_so.  onload_func: 0x727ce824dd20
03-14 22:57:26.800 11786 11786 D jni_lib_merge: Preparing to register libreactnativeblob_so.  onload_func: 0x727ce84582e0
03-14 22:57:26.800 11786 11786 D jni_lib_merge: Preparing to register libreactnativejni_so.  onload_func: 0x727ce8498770
03-14 22:57:26.800 11786 11786 D jni_lib_merge: Preparing to register libreactnativejni_common_so.  onload_func: 0x727ce84a85d0
03-14 22:57:26.800 11786 11786 D jni_lib_merge: Preparing to register librninstance_so.  onload_func: 0x727ce84e54c0
03-14 22:57:26.800 11786 11786 D jni_lib_merge: Preparing to register libturbomodulejsijni_so.  onload_func: 0x727ce8646c00
03-14 22:57:26.800 11786 11786 D jni_lib_merge: Preparing to register libuimanagerjni_so.  onload_func: 0x727ce865ede0
03-14 22:57:26.800 11786 11786 D jni_lib_merge: Preparing to register libyoga_so.  onload_func: 0x727ce866dd70
03-14 22:57:26.800 11786 11786 D jni_lib_merge: About to register 11 actual methods.
03-14 22:57:26.823 11786 11786 D nativeloader: Load /data/app/~~YsqUcQHZ2eJyD51BHGgW7w==/com.mcfuzzysquirrel.studentfinance-8JLdNDjiGMSsFWheHCnHFA==/base.apk!/lib/x86_64/libreact_codegen_rnscreens.so using ns clns-7 from class loader (caller=/data/app/~~YsqUcQHZ2eJyD51BHGgW7w==/com.mcfuzzysquirrel.studentfinance-8JLdNDjiGMSsFWheHCnHFA==/base.apk): ok
03-14 22:57:26.823 11786 11786 D jni_lib_merge: Entering merged library JNI_OnLoad.
03-14 22:57:26.823 11786 11786 D jni_lib_merge: Preparing 12 pre-merged libs (including stub)
03-14 22:57:26.823 11786 11786 D jni_lib_merge: Preparing to register libfabricjni_so.  onload_func: 0x727ce7f9e730
03-14 22:57:26.823 11786 11786 D jni_lib_merge: Preparing to register libreact_devsupportjni_so.  onload_func: 0x727ce819b190
03-14 22:57:26.823 11786 11786 D jni_lib_merge: Preparing to register libreact_featureflagsjni_so.  onload_func: 0x727ce81ac910
03-14 22:57:26.823 11786 11786 D jni_lib_merge: Preparing to register libreact_newarchdefaults_so.  onload_func: 0x727ce824dd20
03-14 22:57:26.823 11786 11786 D jni_lib_merge: Preparing to register libreactnativeblob_so.  onload_func: 0x727ce84582e0
03-14 22:57:26.823 11786 11786 D jni_lib_merge: Preparing to register libreactnativejni_so.  onload_func: 0x727ce8498770
03-14 22:57:26.823 11786 11786 D jni_lib_merge: Preparing to register libreactnativejni_common_so.  onload_func: 0x727ce84a85d0
03-14 22:57:26.823 11786 11786 D jni_lib_merge: Preparing to register librninstance_so.  onload_func: 0x727ce84e54c0
03-14 22:57:26.823 11786 11786 D jni_lib_merge: Preparing to register libturbomodulejsijni_so.  onload_func: 0x727ce8646c00
03-14 22:57:26.823 11786 11786 D jni_lib_merge: Preparing to register libuimanagerjni_so.  onload_func: 0x727ce865ede0
03-14 22:57:26.823 11786 11786 D jni_lib_merge: Preparing to register libyoga_so.  onload_func: 0x727ce866dd70
03-14 22:57:26.823 11786 11786 D jni_lib_merge: About to register 11 actual methods.
03-14 22:57:26.834 11786 11786 D nativeloader: Load /data/app/~~YsqUcQHZ2eJyD51BHGgW7w==/com.mcfuzzysquirrel.studentfinance-8JLdNDjiGMSsFWheHCnHFA==/base.apk!/lib/x86_64/libreact_codegen_rnsvg.so using ns clns-7 from class loader (caller=/data/app/~~YsqUcQHZ2eJyD51BHGgW7w==/com.mcfuzzysquirrel.studentfinance-8JLdNDjiGMSsFWheHCnHFA==/base.apk): ok
03-14 22:57:26.834 11786 11786 D jni_lib_merge: Entering merged library JNI_OnLoad.
03-14 22:57:26.834 11786 11786 D jni_lib_merge: Preparing 12 pre-merged libs (including stub)
03-14 22:57:26.834 11786 11786 D jni_lib_merge: Preparing to register libfabricjni_so.  onload_func: 0x727ce7f9e730
03-14 22:57:26.834 11786 11786 D jni_lib_merge: Preparing to register libreact_devsupportjni_so.  onload_func: 0x727ce819b190
03-14 22:57:26.834 11786 11786 D jni_lib_merge: Preparing to register libreact_featureflagsjni_so.  onload_func: 0x727ce81ac910
03-14 22:57:26.834 11786 11786 D jni_lib_merge: Preparing to register libreact_newarchdefaults_so.  onload_func: 0x727ce824dd20
03-14 22:57:26.834 11786 11786 D jni_lib_merge: Preparing to register libreactnativeblob_so.  onload_func: 0x727ce84582e0
03-14 22:57:26.834 11786 11786 D jni_lib_merge: Preparing to register libreactnativejni_so.  onload_func: 0x727ce8498770
03-14 22:57:26.834 11786 11786 D jni_lib_merge: Preparing to register libreactnativejni_common_so.  onload_func: 0x727ce84a85d0
03-14 22:57:26.834 11786 11786 D jni_lib_merge: Preparing to register librninstance_so.  onload_func: 0x727ce84e54c0
03-14 22:57:26.834 11786 11786 D jni_lib_merge: Preparing to register libturbomodulejsijni_so.  onload_func: 0x727ce8646c00
03-14 22:57:26.834 11786 11786 D jni_lib_merge: Preparing to register libuimanagerjni_so.  onload_func: 0x727ce865ede0
03-14 22:57:26.834 11786 11786 D jni_lib_merge: Preparing to register libyoga_so.  onload_func: 0x727ce866dd70
03-14 22:57:26.834 11786 11786 D jni_lib_merge: About to register 11 actual methods.
03-14 22:57:26.844 11786 11786 D nativeloader: Load /data/app/~~YsqUcQHZ2eJyD51BHGgW7w==/com.mcfuzzysquirrel.studentfinance-8JLdNDjiGMSsFWheHCnHFA==/base.apk!/lib/x86_64/libreact_codegen_safeareacontext.so using ns clns-7 from class loader (caller=/data/app/~~YsqUcQHZ2eJyD51BHGgW7w==/com.mcfuzzysquirrel.studentfinance-8JLdNDjiGMSsFWheHCnHFA==/base.apk): ok
03-14 22:57:26.852 11786 11786 D nativeloader: Load /data/app/~~YsqUcQHZ2eJyD51BHGgW7w==/com.mcfuzzysquirrel.studentfinance-8JLdNDjiGMSsFWheHCnHFA==/base.apk!/lib/x86_64/libappmodules.so using ns clns-7 from class loader (caller=/data/app/~~YsqUcQHZ2eJyD51BHGgW7w==/com.mcfuzzysquirrel.studentfinance-8JLdNDjiGMSsFWheHCnHFA==/base.apk): ok
03-14 22:57:26.926 11786 11848 I InstrConnection: Could not send broadcast or register receiver (isolatedProcess?)
03-14 22:57:26.930 11786 11848 D TestRequestBuilder: Using class path scanning to discover tests
03-14 22:57:26.931 11786 11848 I TestRequestBuilder: Scanning classpath to find tests in paths [/data/app/~~feC0d-aJBAXZMQDLgqJFLA==/com.mcfuzzysquirrel.studentfinance.test-MgctBIaYwGk-S72bVRP-Xw==/base.apk]
03-14 22:57:26.932 11786 11848 W .studentfinance: Opening an oat file without a class loader. Are you using the deprecated DexFile APIs?
03-14 22:57:27.636 11786 11848 I TestRunner: run started: 1 tests
03-14 22:57:27.641 11786 11848 I TestRunner: started: runDetoxTests(com.mcfuzzysquirrel.studentfinance.DetoxTest)
03-14 22:57:27.677 11786 11848 I Detox   : Detox server connection details: url=ws://localhost:36975, sessionId=b0e1d00a-3b73-8395-6612-0e625cc38a55
03-14 22:57:27.707 11786 11848 I Tracing : Tracer added: class androidx.test.platform.tracing.AndroidXTracer
03-14 22:57:27.723 11786 11848 W .studentfinance: Accessing hidden field Ljava/lang/reflect/Field;->accessFlags:I (unsupported, reflection, allowed)
03-14 22:57:27.726 11786 11848 I Detox   : Connecting to server...
03-14 22:57:27.726 11786 11848 I DetoxWSClient: At connectToServer
03-14 22:57:27.786 11786 11854 D TrafficStats: tagSocket(102) with statsTag=0xffffffff, statsUid=-1
03-14 22:57:27.804 11786 11854 D DetoxWSClient: At onOpen
03-14 22:57:27.804 11786 11854 I DetoxWSClient: Sending out action 'login' (ID #0)
03-14 22:57:27.805 11786 11854 I Detox   : Connected to server!
03-14 22:57:27.809 11786 11854 D DetoxWSClient: Received action 'loginSuccess' (ID #0, params={"testerConnected":true,"appConnected":true})
03-14 22:57:27.809 11786 11850 I DetoxDispatcher: Handling action 'loginSuccess' (ID #0)...
03-14 22:57:27.809 11786 11848 I Detox   : Launching the tested activity!
03-14 22:57:27.810 11786 11850 I DetoxDispatcher: Done with action 'loginSuccess'
03-14 22:57:27.864 11786 11854 D DetoxWSClient: Received action 'isReady' (ID #-1000, params={})
03-14 22:57:27.864 11786 11850 I DetoxDispatcher: Handling action 'isReady' (ID #-1000)...
03-14 22:57:28.113 11786 11786 D AppCompatDelegate: Checking for metadata for AppLocalesMetadataHolderService : Service not found
03-14 22:57:28.188 11786 11786 D LifecycleMonitor: Lifecycle status change: com.mcfuzzysquirrel.studentfinance.MainActivity@8cfe925 in: PRE_ON_CREATE
03-14 22:57:28.452 11786 11876 D TrafficStats: tagSocket(109) with statsTag=0xffffffff, statsUid=-1
03-14 22:57:28.463 11786 11876 W unknown:ReconnectingWebSocket: Couldn't connect to "ws://10.0.2.2:8081/message?device=sdk_gphone64_x86_64%20-%2015%20-%20API%2035&app=com.mcfuzzysquirrel.studentfinance&clientid=BridgelessDevSupportManager", will silently retry
03-14 22:57:28.535 11786 11786 W unknown:BridgelessReact: ReactHost{0}.startSurface(surfaceId = 0): Schedule
03-14 22:57:28.535 11786 11786 W unknown:BridgelessReact: ReactHost{0}.attachSurface(surfaceId = 0)
03-14 22:57:28.536 11786 11880 W unknown:BridgelessReact: ReactHost{0}.getOrCreateReactInstanceTask()
03-14 22:57:28.537 11786 11880 W unknown:BridgelessReact: ReactHost{0}.getOrCreateReactInstanceTask(): Start
03-14 22:57:28.537 11786 11880 D Detox.RNMarker: REACT_BRIDGELESS_LOADING_START (null)
03-14 22:57:28.537 11786 11880 W unknown:BridgelessReact: ReactHost{0}.getJSBundleLoader()
03-14 22:57:28.537 11786 11880 W unknown:BridgelessReact: ReactHost{0}.isMetroRunning()
03-14 22:57:28.541 11786 11881 D TrafficStats: tagSocket(109) with statsTag=0xffffffff, statsUid=-1
03-14 22:57:28.544 11786 11881 W unknown:ReactNative: The packager does not seem to be running as we got an IOException requesting its status: Failed to connect to /10.0.2.2:8081
03-14 22:57:28.544 11786 11881 W unknown:BridgelessReact: ReactHost{0}.isMetroRunning(): Async result = false
03-14 22:57:28.545 11786 11880 W unknown:BridgelessReact: ReactHost{0}.getOrCreateReactInstanceTask(): Creating BridgelessReactContext
03-14 22:57:28.547 11786 11880 W unknown:BridgelessReact: ReactHost{0}.getOrCreateReactInstanceTask(): Creating ReactInstance
03-14 22:57:28.580 11786 11786 W .studentfinance: Accessing hidden method Landroid/view/ViewGroup;->makeOptionalFitsSystemWindows()V (unsupported, reflection, allowed)
03-14 22:57:28.588 11786 11786 D LifecycleMonitor: Lifecycle status change: com.mcfuzzysquirrel.studentfinance.MainActivity@8cfe925 in: CREATED
03-14 22:57:28.590 11786 11786 D LifecycleMonitor: Lifecycle status change: com.mcfuzzysquirrel.studentfinance.MainActivity@8cfe925 in: STARTED
03-14 22:57:28.594 11786 11786 W unknown:BridgelessReact: ReactHost{0}.onHostResume(activity)
03-14 22:57:28.594 11786 11786 W unknown:ReactNative: Packager connection already open, nooping.
03-14 22:57:28.594 11786 11786 W unknown:BridgelessReact: ReactHost{0}.ReactContext.onHostResume()
03-14 22:57:28.594 11786 11786 D LifecycleMonitor: Lifecycle status change: com.mcfuzzysquirrel.studentfinance.MainActivity@8cfe925 in: RESUMED
03-14 22:57:28.595 11786 11880 D nativeloader: Load /data/app/~~YsqUcQHZ2eJyD51BHGgW7w==/com.mcfuzzysquirrel.studentfinance-8JLdNDjiGMSsFWheHCnHFA==/base.apk!/lib/x86_64/libhermesvm.so using ns clns-7 from class loader (caller=/data/app/~~YsqUcQHZ2eJyD51BHGgW7w==/com.mcfuzzysquirrel.studentfinance-8JLdNDjiGMSsFWheHCnHFA==/base.apk): ok
03-14 22:57:28.601 11786 11880 D nativeloader: Load /data/app/~~YsqUcQHZ2eJyD51BHGgW7w==/com.mcfuzzysquirrel.studentfinance-8JLdNDjiGMSsFWheHCnHFA==/base.apk!/lib/x86_64/libhermestooling.so using ns clns-7 from class loader (caller=/data/app/~~YsqUcQHZ2eJyD51BHGgW7w==/com.mcfuzzysquirrel.studentfinance-8JLdNDjiGMSsFWheHCnHFA==/base.apk): ok
03-14 22:57:28.601 11786 11880 D jni_lib_merge: Entering merged library JNI_OnLoad.
03-14 22:57:28.601 11786 11880 D jni_lib_merge: Preparing 4 pre-merged libs (including stub)
03-14 22:57:28.601 11786 11880 D jni_lib_merge: Preparing to register libhermes_executor_so.  onload_func: 0x727ce03a8050
03-14 22:57:28.601 11786 11880 D jni_lib_merge: Preparing to register libhermesinstancejni_so.  onload_func: 0x727ce03de680
03-14 22:57:28.601 11786 11880 D jni_lib_merge: Preparing to register libjsijniprofiler_so.  onload_func: 0x727ce03e03f0
03-14 22:57:28.601 11786 11880 D jni_lib_merge: About to register 3 actual methods.
03-14 22:57:28.603 11786 11786 W HWUI    : Unknown dataspace 0
03-14 22:57:28.603 11786 11884 D TrafficStats: tagSocket(114) with statsTag=0xffffffff, statsUid=-1
03-14 22:57:28.657 11786 11861 I EGL_emulation: Opening libGLESv1_CM_emulation.so
03-14 22:57:28.657 11786 11861 I EGL_emulation: Opening libGLESv2_emulation.so
03-14 22:57:28.668 11786 11861 W HWUI    : Failed to initialize 101010-2 format, error = EGL_SUCCESS
03-14 22:57:28.775 11786 11861 I Gralloc4: mapper 4.x is not supported
03-14 22:57:29.502 11786 11880 W .studentfinance: Verification of expo.modules.kotlin.modules.ModuleDefinitionData expo.modules.filesystem.FileSystemModule.definition() took 103.372ms (102213.04 bytecodes/s) (202904B approximate peak alloc)
03-14 22:57:29.753 11786 11880 I ExpoModulesCore: ✅ AppContext was initialized
03-14 22:57:29.985 11786 11880 W unknown:BridgelessReact: ReactHost{0}.getOrCreateReactInstanceTask(): Loading JS Bundle
03-14 22:57:29.991 11786 11880 W unknown:BridgelessReact: ReactHost{0}.getOrCreateReactInstanceTask(): DevSupportManager.onNewReactContextCreated()
03-14 22:57:29.992 11786 11882 D Detox.RNMarker: RUN_JS_BUNDLE_START (index.android.bundle)
03-14 22:57:30.038 11786 11880 W unknown:BridgelessReact: ReactHost{0}.startSurface(surfaceId = 0): Execute
03-14 22:57:30.039 11786 11786 W unknown:ReactNative: Packager connection already open, nooping.
03-14 22:57:30.039 11786 11786 W unknown:BridgelessReact: ReactHost{0}.ReactContext.onHostResume()
03-14 22:57:30.039 11786 11786 W unknown:BridgelessReact: ReactHost{0}.getOrCreateReactInstanceTask(): Executing ReactInstanceEventListeners
03-14 22:57:30.039 11786 11786 I DetoxRNLoading: Got new RN-context through listener
03-14 22:57:30.040 11786 11850 W .studentfinance: Long monitor contention with owner Instr: androidx.test.runner.AndroidJUnitRunner (11848) at void com.wix.detox.DetoxMain.launchActivityOnCue(android.content.Context, com.wix.detox.ActivityLaunchHelper)(DetoxMain.kt:53) waiters=0 in void com.wix.detox.DetoxMain$setupActionHandlers$SynchronizedActionHandler.handle(java.lang.String, long) for 2.176s
03-14 22:57:30.042 11786 11786 W .studentfinance: Accessing hidden method Landroid/os/MessageQueue;->next()Landroid/os/Message; (unsupported, reflection, allowed)
03-14 22:57:30.042 11786 11786 W .studentfinance: Accessing hidden field Landroid/os/MessageQueue;->mMessages:Landroid/os/Message; (unsupported, reflection, allowed)
03-14 22:57:30.042 11786 11786 W .studentfinance: Accessing hidden method Landroid/os/Message;->recycleUnchecked()V (unsupported, reflection, allowed)
03-14 22:57:30.043 11786 11786 I Detox   : Wait is over: App is now idle!
03-14 22:57:30.044 11786 11850 I DetoxWSClient: Sending out action 'ready' (ID #-1000)
03-14 22:57:30.044 11786 11850 I DetoxDispatcher: Done with action 'isReady'
03-14 22:57:30.062 11786 11854 D DetoxWSClient: Received action 'invoke' (ID #7, params={"target":{"type":"Class","value":"com.wix.detox.espresso.DetoxAssertion"},"method":"waitForAssertMatcher","args":[{"type":"Invocation","value":{"target":{"type":"Class","value":"androidx.test.espresso.Espresso"},"method":"onView","args":[{"type":"Invocation","value":{"target":{"type":"Class","value":"com.wix.detox.espresso.DetoxMatcher"},"method":"matcherForTestId","args":["dashboard-add-expense-button",{"type":"boolean","value":false}]}}]}},{"type":"Invocation","value":{"target":{"type":"Class","value":"com.wix.detox.espresso.DetoxMatcher"},"method":"matcherForSufficientlyVisible","args":[{"type":"Integer","value":75}]}},{"type":"Double","value":10}]})
03-14 22:57:30.065 11786 11850 I DetoxDispatcher: Handling action 'invoke' (ID #7)...
03-14 22:57:30.083 11786 11850 D Detox   : class com.wix.detox.espresso.DetoxMatcher, matcherForTestId, [dashboard-add-expense-button, false]
03-14 22:57:30.091 11786 11882 D nativeloader: Load /data/app/~~YsqUcQHZ2eJyD51BHGgW7w==/com.mcfuzzysquirrel.studentfinance-8JLdNDjiGMSsFWheHCnHFA==/base.apk!/lib/x86_64/libexpo-modules-core.so using ns clns-7 from class loader (caller=/data/app/~~YsqUcQHZ2eJyD51BHGgW7w==/com.mcfuzzysquirrel.studentfinance-8JLdNDjiGMSsFWheHCnHFA==/base.apk): ok
03-14 22:57:30.112 11786 11850 D Detox   : class androidx.test.espresso.Espresso, onView, [(view.getTag() is "dashboard-add-expense-button" and view has effective visibility <VISIBLE>)]
03-14 22:57:30.114 11786 11850 D Detox   : class com.wix.detox.espresso.DetoxMatcher, matcherForSufficientlyVisible, [75]
03-14 22:57:30.115 11786 11850 D Detox   : class com.wix.detox.espresso.DetoxAssertion, waitForAssertMatcher, [androidx.test.espresso.ViewInteraction@592f8bf, (view has effective visibility <VISIBLE> and view.getGlobalVisibleRect() covers at least <75> percent of the view's area), 10.0]
03-14 22:57:30.141 11786 11786 I ViewInteraction: Checking 'MatchesViewAssertion(Detox){viewMatcher=(view has effective visibility <VISIBLE> and view.getGlobalVisibleRect() covers at least <75> percent of the view's area)}' assertion on view (view.getTag() is "dashboard-add-expense-button" and view has effective visibility <VISIBLE>)
03-14 22:57:30.171 11786 11786 I ViewInteraction: Checking 'MatchesViewAssertion(Detox){viewMatcher=(view has effective visibility <VISIBLE> and view.getGlobalVisibleRect() covers at least <75> percent of the view's area)}' assertion on view (view.getTag() is "dashboard-add-expense-button" and view has effective visibility <VISIBLE>)
03-14 22:57:30.191 11786 11882 W unknown:ViewManagerPropertyUpdater: Could not find generated setter for class com.th3rdwave.safeareacontext.SafeAreaProviderManager
03-14 22:57:30.198 11786 11882 W unknown:ViewManagerPropertyUpdater: Could not find generated setter for class com.facebook.react.uimanager.LayoutShadowNode
03-14 22:57:30.209 11786 11882 W unknown:ViewManagerPropertyUpdater: Could not find generated setter for class com.swmansion.rnscreens.SearchBarManager
03-14 22:57:30.210 11786 11786 I ViewInteraction: Checking 'MatchesViewAssertion(Detox){viewMatcher=(view has effective visibility <VISIBLE> and view.getGlobalVisibleRect() covers at least <75> percent of the view's area)}' assertion on view (view.getTag() is "dashboard-add-expense-button" and view has effective visibility <VISIBLE>)
03-14 22:57:30.211 11786 11882 W unknown:ViewManagerPropertyUpdater: Could not find generated setter for class com.swmansion.rnscreens.ScreenFooterManager
03-14 22:57:30.213 11786 11882 W unknown:ViewManagerPropertyUpdater: Could not find generated setter for class com.swmansion.rnscreens.gamma.tabs.TabScreenViewManager
03-14 22:57:30.220 11786 11882 W unknown:ViewManagerPropertyUpdater: Could not find generated setter for class expo.modules.kotlin.views.GroupViewManagerWrapper
03-14 22:57:30.226 11786 11793 I .studentfinance: Compiler allocated 5174KB to compile void android.view.ViewRootImpl.performTraversals()
03-14 22:57:30.235 11786 11882 W unknown:ViewManagerPropertyUpdater: Could not find generated setter for class com.swmansion.rnscreens.ScreenContainerViewManager
03-14 22:57:30.236 11786 11882 W unknown:ViewManagerPropertyUpdater: Could not find generated setter for class com.swmansion.rnscreens.gamma.tabs.TabsHostViewManager
03-14 22:57:30.243 11786 11882 W unknown:ViewManagerPropertyUpdater: Could not find generated setter for class com.swmansion.rnscreens.ModalScreenViewManager
03-14 22:57:30.255 11786 11882 W unknown:ViewManagerPropertyUpdater: Could not find generated setter for class com.swmansion.rnscreens.ScreenStackHeaderConfigViewManager
03-14 22:57:30.257 11786 11882 W unknown:ViewManagerPropertyUpdater: Could not find generated setter for class com.swmansion.rnscreens.ScreenContentWrapperManager
03-14 22:57:30.260 11786 11882 W unknown:ViewManagerPropertyUpdater: Could not find generated setter for class com.th3rdwave.safeareacontext.SafeAreaViewManager
03-14 22:57:30.264 11786 11786 I ViewInteraction: Checking 'MatchesViewAssertion(Detox){viewMatcher=(view has effective visibility <VISIBLE> and view.getGlobalVisibleRect() covers at least <75> percent of the view's area)}' assertion on view (view.getTag() is "dashboard-add-expense-button" and view has effective visibility <VISIBLE>)
03-14 22:57:30.270 11786 11882 W unknown:ViewManagerPropertyUpdater: Could not find generated setter for class com.th3rdwave.safeareacontext.SafeAreaViewShadowNode
03-14 22:57:30.275 11786 11882 W unknown:ViewManagerPropertyUpdater: Could not find generated setter for class com.swmansion.rnscreens.safearea.SafeAreaViewManager
03-14 22:57:30.278 11786 11882 W unknown:ViewManagerPropertyUpdater: Could not find generated setter for class com.swmansion.rnscreens.safearea.paper.SafeAreaViewShadowNode
03-14 22:57:30.282 11786 11882 W unknown:ViewManagerPropertyUpdater: Could not find generated setter for class com.swmansion.rnscreens.ScreenViewManager
03-14 22:57:30.284 11786 11882 W unknown:ViewManagerPropertyUpdater: Could not find generated setter for class com.swmansion.rnscreens.gamma.stack.host.StackHostViewManager
03-14 22:57:30.289 11786 11882 W unknown:ViewManagerPropertyUpdater: Could not find generated setter for class com.swmansion.rnscreens.ScreenStackHeaderSubviewManager
03-14 22:57:30.290 11786 11882 W unknown:ViewManagerPropertyUpdater: Could not find generated setter for class com.swmansion.rnscreens.gamma.stack.screen.StackScreenViewManager
03-14 22:57:30.292 11786 11882 W unknown:ViewManagerPropertyUpdater: Could not find generated setter for class com.swmansion.rnscreens.ScreenStackViewManager
03-14 22:57:30.302 11786 11786 I ViewInteraction: Checking 'MatchesViewAssertion(Detox){viewMatcher=(view has effective visibility <VISIBLE> and view.getGlobalVisibleRect() covers at least <75> percent of the view's area)}' assertion on view (view.getTag() is "dashboard-add-expense-button" and view has effective visibility <VISIBLE>)
03-14 22:57:30.374 11786 11786 I ViewInteraction: Checking 'MatchesViewAssertion(Detox){viewMatcher=(view has effective visibility <VISIBLE> and view.getGlobalVisibleRect() covers at least <75> percent of the view's area)}' assertion on view (view.getTag() is "dashboard-add-expense-button" and view has effective visibility <VISIBLE>)
03-14 22:57:30.427 11786 11786 I ViewInteraction: Checking 'MatchesViewAssertion(Detox){viewMatcher=(view has effective visibility <VISIBLE> and view.getGlobalVisibleRect() covers at least <75> percent of the view's area)}' assertion on view (view.getTag() is "dashboard-add-expense-button" and view has effective visibility <VISIBLE>)
03-14 22:57:30.470 11786 11876 D TrafficStats: tagSocket(132) with statsTag=0xffffffff, statsUid=-1
03-14 22:57:30.478 11786 11786 I ViewInteraction: Checking 'MatchesViewAssertion(Detox){viewMatcher=(view has effective visibility <VISIBLE> and view.getGlobalVisibleRect() covers at least <75> percent of the view's area)}' assertion on view (view.getTag() is "dashboard-add-expense-button" and view has effective visibility <VISIBLE>)
03-14 22:57:30.509 11786 11882 W unknown:ViewManagerPropertyUpdater: Could not find generated setter for class com.horcrux.svg.RenderableViewManager$DefsViewManager
03-14 22:57:30.511 11786 11882 W unknown:ViewManagerPropertyUpdater: Could not find generated setter for class com.horcrux.svg.VirtualViewManager$RenderableShadowNode
03-14 22:57:30.517 11786 11786 I ViewInteraction: Checking 'MatchesViewAssertion(Detox){viewMatcher=(view has effective visibility <VISIBLE> and view.getGlobalVisibleRect() covers at least <75> percent of the view's area)}' assertion on view (view.getTag() is "dashboard-add-expense-button" and view has effective visibility <VISIBLE>)
03-14 22:57:30.528 11786 11882 W unknown:ViewManagerPropertyUpdater: Could not find generated setter for class com.facebook.react.views.debuggingoverlay.DebuggingOverlayManager
03-14 22:57:30.540 11786 11882 W unknown:ViewManagerPropertyUpdater: Could not find generated setter for class com.horcrux.svg.RenderableViewManager$FeMergeManager
03-14 22:57:30.560 11786 11882 W unknown:ViewManagerPropertyUpdater: Could not find generated setter for class com.facebook.react.views.safeareaview.ReactSafeAreaViewManager
03-14 22:57:30.561 11786 11786 I ViewInteraction: Checking 'MatchesViewAssertion(Detox){viewMatcher=(view has effective visibility <VISIBLE> and view.getGlobalVisibleRect() covers at least <75> percent of the view's area)}' assertion on view (view.getTag() is "dashboard-add-expense-button" and view has effective visibility <VISIBLE>)
03-14 22:57:30.580 11786 11882 W unknown:ViewManagerPropertyUpdater: Could not find generated setter for class com.horcrux.svg.RenderableViewManager$LinearGradientManager
03-14 22:57:30.598 11786 11882 W unknown:ViewManagerPropertyUpdater: Could not find generated setter for class com.horcrux.svg.RenderableViewManager$FeGaussianBlurManager
03-14 22:57:30.605 11786 11786 I ViewInteraction: Checking 'MatchesViewAssertion(Detox){viewMatcher=(view has effective visibility <VISIBLE> and view.getGlobalVisibleRect() covers at least <75> percent of the view's area)}' assertion on view (view.getTag() is "dashboard-add-expense-button" and view has effective visibility <VISIBLE>)
03-14 22:57:30.613 11786 11882 W unknown:ViewManagerPropertyUpdater: Could not find generated setter for class com.facebook.react.views.progressbar.ReactProgressBarViewManager
03-14 22:57:30.620 11786 11882 W unknown:ViewManagerPropertyUpdater: Could not find generated setter for class com.facebook.react.views.progressbar.ProgressBarShadowNode
03-14 22:57:30.638 11786 11882 W unknown:ViewManagerPropertyUpdater: Could not find generated setter for class com.facebook.react.views.scroll.ReactHorizontalScrollViewManager
03-14 22:57:30.645 11786 11786 I ViewInteraction: Checking 'MatchesViewAssertion(Detox){viewMatcher=(view has effective visibility <VISIBLE> and view.getGlobalVisibleRect() covers at least <75> percent of the view's area)}' assertion on view (view.getTag() is "dashboard-add-expense-button" and view has effective visibility <VISIBLE>)
03-14 22:57:30.658 11786 11882 W unknown:ViewManagerPropertyUpdater: Could not find generated setter for class com.facebook.react.views.text.ReactTextViewManager
03-14 22:57:30.661 11786 11882 W unknown:ViewManagerPropertyUpdater: Could not find generated setter for class com.facebook.react.views.text.ReactTextShadowNode
03-14 22:57:30.680 11786 11882 W unknown:ViewManagerPropertyUpdater: Could not find generated setter for class com.horcrux.svg.RenderableViewManager$FeColorMatrixManager
03-14 22:57:30.696 11786 11786 I ViewInteraction: Checking 'MatchesViewAssertion(Detox){viewMatcher=(view has effective visibility <VISIBLE> and view.getGlobalVisibleRect() covers at least <75> percent of the view's area)}' assertion on view (view.getTag() is "dashboard-add-expense-button" and view has effective visibility <VISIBLE>)
03-14 22:57:30.701 11786 11882 W unknown:ViewManagerPropertyUpdater: Could not find generated setter for class com.facebook.react.views.scroll.ReactHorizontalScrollContainerViewManager
03-14 22:57:30.732 11786 11882 W unknown:ViewManagerPropertyUpdater: Could not find generated setter for class com.horcrux.svg.RenderableViewManager$ClipPathViewManager
03-14 22:57:30.741 11786 11786 I ViewInteraction: Checking 'MatchesViewAssertion(Detox){viewMatcher=(view has effective visibility <VISIBLE> and view.getGlobalVisibleRect() covers at least <75> percent of the view's area)}' assertion on view (view.getTag() is "dashboard-add-expense-button" and view has effective visibility <VISIBLE>)
03-14 22:57:30.746 11786 11882 W unknown:ViewManagerPropertyUpdater: Could not find generated setter for class com.horcrux.svg.RenderableViewManager$SymbolManager
03-14 22:57:30.757 11786 11882 W unknown:ViewManagerPropertyUpdater: Could not find generated setter for class com.horcrux.svg.RenderableViewManager$PatternManager
03-14 22:57:30.768 11786 11882 W unknown:ViewManagerPropertyUpdater: Could not find generated setter for class com.horcrux.svg.RenderableViewManager$FeBlendManager
03-14 22:57:30.772 11786 11786 I ViewInteraction: Checking 'MatchesViewAssertion(Detox){viewMatcher=(view has effective visibility <VISIBLE> and view.getGlobalVisibleRect() covers at least <75> percent of the view's area)}' assertion on view (view.getTag() is "dashboard-add-expense-button" and view has effective visibility <VISIBLE>)
03-14 22:57:30.779 11786 11882 W unknown:ViewManagerPropertyUpdater: Could not find generated setter for class com.facebook.react.views.view.ReactViewManager
03-14 22:57:30.791 11786 11882 W unknown:ViewManagerPropertyUpdater: Could not find generated setter for class com.horcrux.svg.SvgViewManager
03-14 22:57:30.803 11786 11882 W unknown:ViewManagerPropertyUpdater: Could not find generated setter for class com.facebook.react.views.switchview.ReactSwitchManager
03-14 22:57:30.804 11786 11786 I ViewInteraction: Checking 'MatchesViewAssertion(Detox){viewMatcher=(view has effective visibility <VISIBLE> and view.getGlobalVisibleRect() covers at least <75> percent of the view's area)}' assertion on view (view.getTag() is "dashboard-add-expense-button" and view has effective visibility <VISIBLE>)
03-14 22:57:30.804 11786 11882 W unknown:ViewManagerPropertyUpdater: Could not find generated setter for class com.facebook.react.views.switchview.ReactSwitchShadowNode
03-14 22:57:30.807 11786 11793 I .studentfinance: Compiler allocated 4219KB to compile void android.widget.TextView.<init>(android.content.Context, android.util.AttributeSet, int, int)
03-14 22:57:30.811 11786 11882 W unknown:ViewManagerPropertyUpdater: Could not find generated setter for class com.horcrux.svg.RenderableViewManager$UseViewManager
