--------- beginning of main
03-14 21:50:11.148  7728  7728 I .studentfinance: Late-enabling -Xcheck:jni
03-14 21:50:11.203  7728  7728 I .studentfinance: Using CollectorTypeCMC GC.
03-14 21:50:11.209  7728  7728 W .studentfinance: Unexpected CPU variant for x86: x86_64.
03-14 21:50:11.209  7728  7728 W .studentfinance: Known variants: atom, sandybridge, silvermont, goldmont, goldmont-plus, goldmont-without-sha-xsaves, tremont, kabylake, default
03-14 21:50:11.407  7728  7728 D nativeloader: Load libframework-connectivity-tiramisu-jni.so using APEX ns com_android_tethering for caller /apex/com.android.tethering/javalib/framework-connectivity-t.jar: ok
--------- beginning of system
03-14 21:50:11.580  7728  7728 W ActivityThread: Package uses different ABI(s) than its instrumentation: package[com.mcfuzzysquirrel.studentfinance]: x86_64, null instrumentation[com.mcfuzzysquirrel.studentfinance.test]: null, null
03-14 21:50:11.585  7728  7728 W .studentfinance: ClassLoaderContext shared library size mismatch. Expected=2, found=0 (PCL[]{PCL[/system/framework/android.test.base.jar*724373495]#PCL[/system/framework/android.test.mock.jar*1452759902]} | PCL[])
03-14 21:50:11.587  7728  7728 W .studentfinance: ClassLoaderContext classpath size mismatch. expected=0, found=1 (PCL[] | PCL[/system/framework/android.test.runner.jar*2496447986])
03-14 21:50:11.589  7728  7728 W .studentfinance: ClassLoaderContext classpath size mismatch. expected=0, found=2 (PCL[] | PCL[/system/framework/android.test.runner.jar*2496447986:/system/framework/android.test.mock.jar*1452759902])
03-14 21:50:11.590  7728  7728 W ziparchive: Unable to open '/data/app/~~bXTdcKhlynirU4BbYlY2kg==/com.mcfuzzysquirrel.studentfinance.test-lbEWZp-labfZiAyaSqJvzw==/base.dm': No such file or directory
03-14 21:50:11.590  7728  7728 W ziparchive: Unable to open '/data/app/~~bXTdcKhlynirU4BbYlY2kg==/com.mcfuzzysquirrel.studentfinance.test-lbEWZp-labfZiAyaSqJvzw==/base.dm': No such file or directory
03-14 21:50:11.732  7728  7728 W ziparchive: Unable to open '/data/app/~~oxNWs9IOTJPlkM3iCYjkMA==/com.mcfuzzysquirrel.studentfinance-OEhU-5yLkKOTl6Ki5jVEZg==/base.dm': No such file or directory
03-14 21:50:11.732  7728  7728 W ziparchive: Unable to open '/data/app/~~oxNWs9IOTJPlkM3iCYjkMA==/com.mcfuzzysquirrel.studentfinance-OEhU-5yLkKOTl6Ki5jVEZg==/base.dm': No such file or directory
03-14 21:50:12.289  7728  7728 D nativeloader: Configuring clns-7 for other apk /system/framework/android.test.runner.jar:/system/framework/android.test.mock.jar:/system/framework/android.test.base.jar:/data/app/~~bXTdcKhlynirU4BbYlY2kg==/com.mcfuzzysquirrel.studentfinance.test-lbEWZp-labfZiAyaSqJvzw==/base.apk:/data/app/~~oxNWs9IOTJPlkM3iCYjkMA==/com.mcfuzzysquirrel.studentfinance-OEhU-5yLkKOTl6Ki5jVEZg==/base.apk. target_sdk_version=36, uses_libraries=, library_path=/data/app/~~bXTdcKhlynirU4BbYlY2kg==/com.mcfuzzysquirrel.studentfinance.test-lbEWZp-labfZiAyaSqJvzw==/lib/x86_64:/data/app/~~oxNWs9IOTJPlkM3iCYjkMA==/com.mcfuzzysquirrel.studentfinance-OEhU-5yLkKOTl6Ki5jVEZg==/lib/x86_64:/data/app/~~bXTdcKhlynirU4BbYlY2kg==/com.mcfuzzysquirrel.studentfinance.test-lbEWZp-labfZiAyaSqJvzw==/base.apk!/lib/x86_64:/data/app/~~oxNWs9IOTJPlkM3iCYjkMA==/com.mcfuzzysquirrel.studentfinance-OEhU-5yLkKOTl6Ki5jVEZg==/base.apk!/lib/x86_64, permitted_path=/data:/mnt/expand:/data/user/0/com.mcfuzzysquirrel.studentfinance
03-14 21:50:12.326  7728  7728 V GraphicsEnvironment: Currently set values for:
03-14 21:50:12.327  7728  7728 V GraphicsEnvironment:   angle_gl_driver_selection_pkgs=[]
03-14 21:50:12.327  7728  7728 V GraphicsEnvironment:   angle_gl_driver_selection_values=[]
03-14 21:50:12.327  7728  7728 V GraphicsEnvironment: Global.Settings values are invalid: number of packages: 0, number of values: 0
03-14 21:50:12.327  7728  7728 V GraphicsEnvironment: Neither updatable production driver nor prerelease driver is supported.
03-14 21:50:12.331  7728  7728 D ApplicationLoaders: Returning zygote-cached class loader: /system/framework/android.test.base.jar
03-14 21:50:12.334  7728  7728 D nativeloader: Configuring clns-8 for other apk /system/framework/android.test.mock.jar. target_sdk_version=36, uses_libraries=ALL, library_path=/data/app/~~bXTdcKhlynirU4BbYlY2kg==/com.mcfuzzysquirrel.studentfinance.test-lbEWZp-labfZiAyaSqJvzw==/lib/x86_64:/data/app/~~oxNWs9IOTJPlkM3iCYjkMA==/com.mcfuzzysquirrel.studentfinance-OEhU-5yLkKOTl6Ki5jVEZg==/lib/x86_64, permitted_path=/data:/mnt/expand
03-14 21:50:12.334  7728  7728 D ApplicationLoaders: Returning zygote-cached class loader: /system/framework/android.test.base.jar
03-14 21:50:12.336  7728  7728 D nativeloader: Configuring clns-9 for other apk /system/framework/android.test.runner.jar. target_sdk_version=36, uses_libraries=ALL, library_path=/data/app/~~bXTdcKhlynirU4BbYlY2kg==/com.mcfuzzysquirrel.studentfinance.test-lbEWZp-labfZiAyaSqJvzw==/lib/x86_64:/data/app/~~oxNWs9IOTJPlkM3iCYjkMA==/com.mcfuzzysquirrel.studentfinance-OEhU-5yLkKOTl6Ki5jVEZg==/lib/x86_64, permitted_path=/data:/mnt/expand
03-14 21:50:12.338  7728  7728 W .studentfinance: ClassLoaderContext shared library size mismatch. Expected=2, found=3 (PCL[]{PCL[/system/framework/android.test.base.jar*724373495]#PCL[/system/framework/android.test.mock.jar*1452759902]} | PCL[]{PCL[/system/framework/android.test.base.jar*724373495]#PCL[/system/framework/android.test.mock.jar*1452759902]#PCL[/system/framework/android.test.runner.jar*2496447986]{PCL[/system/framework/android.test.base.jar*724373495]#PCL[/system/framework/android.test.mock.jar*1452759902]}};PCL[/system/framework/android.test.runner.jar*2496447986:/system/framework/android.test.mock.jar*1452759902:/system/framework/android.test.base.jar*724373495:/data/app/~~bXTdcKhlynirU4BbYlY2kg==/com.mcfuzzysquirrel.studentfinance.test-lbEWZp-labfZiAyaSqJvzw==/base.apk*3224200876:/data/app/~~oxNWs9IOTJPlkM3iCYjkMA==/com.mcfuzzysquirrel.studentfinance-OEhU-5yLkKOTl6Ki5jVEZg==/base.apk*707418998])
03-14 21:50:12.339  7728  7728 W .studentfinance: ClassLoaderContext classpath size mismatch. expected=0, found=1 (PCL[] | PCL[/system/framework/android.test.runner.jar*2496447986]{PCL[/system/framework/android.test.base.jar*724373495]#PCL[/system/framework/android.test.mock.jar*1452759902]#PCL[/system/framework/android.test.runner.jar*2496447986]{PCL[/system/framework/android.test.base.jar*724373495]#PCL[/system/framework/android.test.mock.jar*1452759902]}};PCL[/system/framework/android.test.runner.jar*2496447986:/system/framework/android.test.mock.jar*1452759902:/system/framework/android.test.base.jar*724373495:/data/app/~~bXTdcKhlynirU4BbYlY2kg==/com.mcfuzzysquirrel.studentfinance.test-lbEWZp-labfZiAyaSqJvzw==/base.apk*3224200876:/data/app/~~oxNWs9IOTJPlkM3iCYjkMA==/com.mcfuzzysquirrel.studentfinance-OEhU-5yLkKOTl6Ki5jVEZg==/base.apk*707418998])
03-14 21:50:12.341  7728  7728 W .studentfinance: ClassLoaderContext classpath size mismatch. expected=0, found=2 (PCL[] | PCL[/system/framework/android.test.runner.jar*2496447986:/system/framework/android.test.mock.jar*1452759902]{PCL[/system/framework/android.test.base.jar*724373495]#PCL[/system/framework/android.test.mock.jar*1452759902]#PCL[/system/framework/android.test.runner.jar*2496447986]{PCL[/system/framework/android.test.base.jar*724373495]#PCL[/system/framework/android.test.mock.jar*1452759902]}};PCL[/system/framework/android.test.runner.jar*2496447986:/system/framework/android.test.mock.jar*1452759902:/system/framework/android.test.base.jar*724373495:/data/app/~~bXTdcKhlynirU4BbYlY2kg==/com.mcfuzzysquirrel.studentfinance.test-lbEWZp-labfZiAyaSqJvzw==/base.apk*3224200876:/data/app/~~oxNWs9IOTJPlkM3iCYjkMA==/com.mcfuzzysquirrel.studentfinance-OEhU-5yLkKOTl6Ki5jVEZg==/base.apk*707418998])
03-14 21:50:12.342  7728  7728 W ziparchive: Unable to open '/data/app/~~bXTdcKhlynirU4BbYlY2kg==/com.mcfuzzysquirrel.studentfinance.test-lbEWZp-labfZiAyaSqJvzw==/base.dm': No such file or directory
03-14 21:50:12.342  7728  7728 W ziparchive: Unable to open '/data/app/~~bXTdcKhlynirU4BbYlY2kg==/com.mcfuzzysquirrel.studentfinance.test-lbEWZp-labfZiAyaSqJvzw==/base.dm': No such file or directory
03-14 21:50:12.431  7728  7728 W ziparchive: Unable to open '/data/app/~~oxNWs9IOTJPlkM3iCYjkMA==/com.mcfuzzysquirrel.studentfinance-OEhU-5yLkKOTl6Ki5jVEZg==/base.dm': No such file or directory
03-14 21:50:12.432  7728  7728 W ziparchive: Unable to open '/data/app/~~oxNWs9IOTJPlkM3iCYjkMA==/com.mcfuzzysquirrel.studentfinance-OEhU-5yLkKOTl6Ki5jVEZg==/base.dm': No such file or directory
03-14 21:50:12.690  7728  7728 I AndroidJUnitRunner: newApplication com.mcfuzzysquirrel.studentfinance.MainApplication
03-14 21:50:12.715  7728  7728 I AndroidJUnitRunner: onCreate Bundle[mParcelledData.dataSize=240]
03-14 21:50:12.716  7728  7728 D AndroidJUnitRunner: Use the raw file system for managing file I/O.
03-14 21:50:12.773  7728  7728 V TestEventClient: No service name argument was given (testDiscoveryService, testRunEventService or orchestratorService)
03-14 21:50:12.774  7728  7819 D AndroidJUnitRunner: onStart is called.
03-14 21:50:12.778  7728  7728 W SoLoader: Initializing SoLoader: 0
03-14 21:50:12.779  7728  7728 W SoLoader: Recording new base apk path: /data/app/~~oxNWs9IOTJPlkM3iCYjkMA==/com.mcfuzzysquirrel.studentfinance-OEhU-5yLkKOTl6Ki5jVEZg==/base.apk
03-14 21:50:12.779  7728  7728 W SoLoader: Previously recorded 0 base apk paths.
03-14 21:50:12.781  7728  7728 I SoLoader: Preparing SO source: DirectorySoSource[root = /vendor/lib64 flags = 2]
03-14 21:50:12.781  7728  7728 I SoLoader: Preparing SO source: DirectorySoSource[root = /system/lib64 flags = 2]
03-14 21:50:12.781  7728  7728 I SoLoader: Preparing SO source: DirectApkSoSource[root = [/data/app/~~oxNWs9IOTJPlkM3iCYjkMA==/com.mcfuzzysquirrel.studentfinance-OEhU-5yLkKOTl6Ki5jVEZg==/base.apk!/lib/x86_64]]
03-14 21:50:12.795  7728  7728 I SoLoader: Preparing SO source: ApplicationSoSource[DirectorySoSource[root = /data/app/~~oxNWs9IOTJPlkM3iCYjkMA==/com.mcfuzzysquirrel.studentfinance-OEhU-5yLkKOTl6Ki5jVEZg==/lib/x86_64 flags = 0]]
03-14 21:50:12.795  7728  7728 I SoLoader: init finish: 4 SO sources prepared
03-14 21:50:12.795  7728  7728 W SoLoader: SoLoader initialized: 8
03-14 21:50:12.818  7728  7728 D nativeloader: Load /data/app/~~oxNWs9IOTJPlkM3iCYjkMA==/com.mcfuzzysquirrel.studentfinance-OEhU-5yLkKOTl6Ki5jVEZg==/base.apk!/lib/x86_64/libc++_shared.so using ns clns-7 from class loader (caller=/data/app/~~oxNWs9IOTJPlkM3iCYjkMA==/com.mcfuzzysquirrel.studentfinance-OEhU-5yLkKOTl6Ki5jVEZg==/base.apk): ok
03-14 21:50:12.826  7728  7728 D nativeloader: Load /data/app/~~oxNWs9IOTJPlkM3iCYjkMA==/com.mcfuzzysquirrel.studentfinance-OEhU-5yLkKOTl6Ki5jVEZg==/base.apk!/lib/x86_64/libjsi.so using ns clns-7 from class loader (caller=/data/app/~~oxNWs9IOTJPlkM3iCYjkMA==/com.mcfuzzysquirrel.studentfinance-OEhU-5yLkKOTl6Ki5jVEZg==/base.apk): ok
03-14 21:50:12.834  7728  7728 D nativeloader: Load /data/app/~~oxNWs9IOTJPlkM3iCYjkMA==/com.mcfuzzysquirrel.studentfinance-OEhU-5yLkKOTl6Ki5jVEZg==/base.apk!/lib/x86_64/libfbjni.so using ns clns-7 from class loader (caller=/data/app/~~oxNWs9IOTJPlkM3iCYjkMA==/com.mcfuzzysquirrel.studentfinance-OEhU-5yLkKOTl6Ki5jVEZg==/base.apk): ok
03-14 21:50:12.845  7728  7728 D nativeloader: Load /data/app/~~oxNWs9IOTJPlkM3iCYjkMA==/com.mcfuzzysquirrel.studentfinance-OEhU-5yLkKOTl6Ki5jVEZg==/base.apk!/lib/x86_64/libreactnative.so using ns clns-7 from class loader (caller=/data/app/~~oxNWs9IOTJPlkM3iCYjkMA==/com.mcfuzzysquirrel.studentfinance-OEhU-5yLkKOTl6Ki5jVEZg==/base.apk): ok
03-14 21:50:12.845  7728  7728 D jni_lib_merge: Entering merged library JNI_OnLoad.
03-14 21:50:12.846  7728  7728 D jni_lib_merge: Preparing 12 pre-merged libs (including stub)
03-14 21:50:12.846  7728  7728 D jni_lib_merge: Preparing to register libfabricjni_so.  onload_func: 0x78e5d53af730
03-14 21:50:12.846  7728  7728 D jni_lib_merge: Preparing to register libreact_devsupportjni_so.  onload_func: 0x78e5d55ac190
03-14 21:50:12.846  7728  7728 D jni_lib_merge: Preparing to register libreact_featureflagsjni_so.  onload_func: 0x78e5d55bd910
03-14 21:50:12.846  7728  7728 D jni_lib_merge: Preparing to register libreact_newarchdefaults_so.  onload_func: 0x78e5d565ed20
03-14 21:50:12.846  7728  7728 D jni_lib_merge: Preparing to register libreactnativeblob_so.  onload_func: 0x78e5d58692e0
03-14 21:50:12.846  7728  7728 D jni_lib_merge: Preparing to register libreactnativejni_so.  onload_func: 0x78e5d58a9770
03-14 21:50:12.846  7728  7728 D jni_lib_merge: Preparing to register libreactnativejni_common_so.  onload_func: 0x78e5d58b95d0
03-14 21:50:12.846  7728  7728 D jni_lib_merge: Preparing to register librninstance_so.  onload_func: 0x78e5d58f64c0
03-14 21:50:12.846  7728  7728 D jni_lib_merge: Preparing to register libturbomodulejsijni_so.  onload_func: 0x78e5d5a57c00
03-14 21:50:12.846  7728  7728 D jni_lib_merge: Preparing to register libuimanagerjni_so.  onload_func: 0x78e5d5a6fde0
03-14 21:50:12.846  7728  7728 D jni_lib_merge: Preparing to register libyoga_so.  onload_func: 0x78e5d5a7ed70
03-14 21:50:12.846  7728  7728 D jni_lib_merge: About to register 11 actual methods.
03-14 21:50:12.866  7728  7728 D nativeloader: Load /data/app/~~oxNWs9IOTJPlkM3iCYjkMA==/com.mcfuzzysquirrel.studentfinance-OEhU-5yLkKOTl6Ki5jVEZg==/base.apk!/lib/x86_64/libreact_codegen_rnscreens.so using ns clns-7 from class loader (caller=/data/app/~~oxNWs9IOTJPlkM3iCYjkMA==/com.mcfuzzysquirrel.studentfinance-OEhU-5yLkKOTl6Ki5jVEZg==/base.apk): ok
03-14 21:50:12.866  7728  7728 D jni_lib_merge: Entering merged library JNI_OnLoad.
03-14 21:50:12.866  7728  7728 D jni_lib_merge: Preparing 12 pre-merged libs (including stub)
03-14 21:50:12.866  7728  7728 D jni_lib_merge: Preparing to register libfabricjni_so.  onload_func: 0x78e5d53af730
03-14 21:50:12.866  7728  7728 D jni_lib_merge: Preparing to register libreact_devsupportjni_so.  onload_func: 0x78e5d55ac190
03-14 21:50:12.866  7728  7728 D jni_lib_merge: Preparing to register libreact_featureflagsjni_so.  onload_func: 0x78e5d55bd910
03-14 21:50:12.866  7728  7728 D jni_lib_merge: Preparing to register libreact_newarchdefaults_so.  onload_func: 0x78e5d565ed20
03-14 21:50:12.866  7728  7728 D jni_lib_merge: Preparing to register libreactnativeblob_so.  onload_func: 0x78e5d58692e0
03-14 21:50:12.866  7728  7728 D jni_lib_merge: Preparing to register libreactnativejni_so.  onload_func: 0x78e5d58a9770
03-14 21:50:12.866  7728  7728 D jni_lib_merge: Preparing to register libreactnativejni_common_so.  onload_func: 0x78e5d58b95d0
03-14 21:50:12.866  7728  7728 D jni_lib_merge: Preparing to register librninstance_so.  onload_func: 0x78e5d58f64c0
03-14 21:50:12.866  7728  7728 D jni_lib_merge: Preparing to register libturbomodulejsijni_so.  onload_func: 0x78e5d5a57c00
03-14 21:50:12.866  7728  7728 D jni_lib_merge: Preparing to register libuimanagerjni_so.  onload_func: 0x78e5d5a6fde0
03-14 21:50:12.866  7728  7728 D jni_lib_merge: Preparing to register libyoga_so.  onload_func: 0x78e5d5a7ed70
03-14 21:50:12.866  7728  7728 D jni_lib_merge: About to register 11 actual methods.
03-14 21:50:12.875  7728  7728 D nativeloader: Load /data/app/~~oxNWs9IOTJPlkM3iCYjkMA==/com.mcfuzzysquirrel.studentfinance-OEhU-5yLkKOTl6Ki5jVEZg==/base.apk!/lib/x86_64/libreact_codegen_rnsvg.so using ns clns-7 from class loader (caller=/data/app/~~oxNWs9IOTJPlkM3iCYjkMA==/com.mcfuzzysquirrel.studentfinance-OEhU-5yLkKOTl6Ki5jVEZg==/base.apk): ok
03-14 21:50:12.875  7728  7728 D jni_lib_merge: Entering merged library JNI_OnLoad.
03-14 21:50:12.875  7728  7728 D jni_lib_merge: Preparing 12 pre-merged libs (including stub)
03-14 21:50:12.875  7728  7728 D jni_lib_merge: Preparing to register libfabricjni_so.  onload_func: 0x78e5d53af730
03-14 21:50:12.875  7728  7728 D jni_lib_merge: Preparing to register libreact_devsupportjni_so.  onload_func: 0x78e5d55ac190
03-14 21:50:12.875  7728  7728 D jni_lib_merge: Preparing to register libreact_featureflagsjni_so.  onload_func: 0x78e5d55bd910
03-14 21:50:12.875  7728  7728 D jni_lib_merge: Preparing to register libreact_newarchdefaults_so.  onload_func: 0x78e5d565ed20
03-14 21:50:12.875  7728  7728 D jni_lib_merge: Preparing to register libreactnativeblob_so.  onload_func: 0x78e5d58692e0
03-14 21:50:12.875  7728  7728 D jni_lib_merge: Preparing to register libreactnativejni_so.  onload_func: 0x78e5d58a9770
03-14 21:50:12.875  7728  7728 D jni_lib_merge: Preparing to register libreactnativejni_common_so.  onload_func: 0x78e5d58b95d0
03-14 21:50:12.875  7728  7728 D jni_lib_merge: Preparing to register librninstance_so.  onload_func: 0x78e5d58f64c0
03-14 21:50:12.875  7728  7728 D jni_lib_merge: Preparing to register libturbomodulejsijni_so.  onload_func: 0x78e5d5a57c00
03-14 21:50:12.875  7728  7728 D jni_lib_merge: Preparing to register libuimanagerjni_so.  onload_func: 0x78e5d5a6fde0
03-14 21:50:12.875  7728  7728 D jni_lib_merge: Preparing to register libyoga_so.  onload_func: 0x78e5d5a7ed70
03-14 21:50:12.875  7728  7728 D jni_lib_merge: About to register 11 actual methods.
03-14 21:50:12.883  7728  7728 D nativeloader: Load /data/app/~~oxNWs9IOTJPlkM3iCYjkMA==/com.mcfuzzysquirrel.studentfinance-OEhU-5yLkKOTl6Ki5jVEZg==/base.apk!/lib/x86_64/libreact_codegen_safeareacontext.so using ns clns-7 from class loader (caller=/data/app/~~oxNWs9IOTJPlkM3iCYjkMA==/com.mcfuzzysquirrel.studentfinance-OEhU-5yLkKOTl6Ki5jVEZg==/base.apk): ok
03-14 21:50:12.889  7728  7728 D nativeloader: Load /data/app/~~oxNWs9IOTJPlkM3iCYjkMA==/com.mcfuzzysquirrel.studentfinance-OEhU-5yLkKOTl6Ki5jVEZg==/base.apk!/lib/x86_64/libappmodules.so using ns clns-7 from class loader (caller=/data/app/~~oxNWs9IOTJPlkM3iCYjkMA==/com.mcfuzzysquirrel.studentfinance-OEhU-5yLkKOTl6Ki5jVEZg==/base.apk): ok
03-14 21:50:12.948  7728  7819 I InstrConnection: Could not send broadcast or register receiver (isolatedProcess?)
03-14 21:50:12.951  7728  7819 D TestRequestBuilder: Using class path scanning to discover tests
03-14 21:50:12.951  7728  7819 I TestRequestBuilder: Scanning classpath to find tests in paths [/data/app/~~bXTdcKhlynirU4BbYlY2kg==/com.mcfuzzysquirrel.studentfinance.test-lbEWZp-labfZiAyaSqJvzw==/base.apk]
03-14 21:50:12.952  7728  7819 W .studentfinance: Opening an oat file without a class loader. Are you using the deprecated DexFile APIs?
03-14 21:50:13.320  7728  7819 I TestRunner: run started: 1 tests
03-14 21:50:13.321  7728  7819 I TestRunner: started: runDetoxTests(com.mcfuzzysquirrel.studentfinance.DetoxTest)
03-14 21:50:13.327  7728  7819 I Detox   : Detox server connection details: url=ws://localhost:38657, sessionId=64224a92-0cd8-bbea-72d7-e6187209e397
03-14 21:50:13.333  7728  7819 I Tracing : Tracer added: class androidx.test.platform.tracing.AndroidXTracer
03-14 21:50:13.345  7728  7819 W .studentfinance: Accessing hidden field Ljava/lang/reflect/Field;->accessFlags:I (unsupported, reflection, allowed)
03-14 21:50:13.347  7728  7819 I Detox   : Connecting to server...
03-14 21:50:13.347  7728  7819 I DetoxWSClient: At connectToServer
03-14 21:50:13.409  7728  7843 D TrafficStats: tagSocket(102) with statsTag=0xffffffff, statsUid=-1
03-14 21:50:13.422  7728  7843 D DetoxWSClient: At onOpen
03-14 21:50:13.422  7728  7843 I DetoxWSClient: Sending out action 'login' (ID #0)
03-14 21:50:13.423  7728  7843 I Detox   : Connected to server!
03-14 21:50:13.426  7728  7843 D DetoxWSClient: Received action 'loginSuccess' (ID #0, params={"testerConnected":true,"appConnected":true})
03-14 21:50:13.426  7728  7833 I DetoxDispatcher: Handling action 'loginSuccess' (ID #0)...
03-14 21:50:13.426  7728  7833 I DetoxDispatcher: Done with action 'loginSuccess'
03-14 21:50:13.426  7728  7819 I Detox   : Launching the tested activity!
03-14 21:50:13.495  7728  7843 D DetoxWSClient: Received action 'isReady' (ID #-1000, params={})
03-14 21:50:13.496  7728  7833 I DetoxDispatcher: Handling action 'isReady' (ID #-1000)...
03-14 21:50:13.660  7728  7728 D AppCompatDelegate: Checking for metadata for AppLocalesMetadataHolderService : Service not found
03-14 21:50:13.688  7728  7728 D LifecycleMonitor: Lifecycle status change: com.mcfuzzysquirrel.studentfinance.MainActivity@b293167 in: PRE_ON_CREATE
03-14 21:50:14.117  7728  7877 D TrafficStats: tagSocket(109) with statsTag=0xffffffff, statsUid=-1
03-14 21:50:14.121  7728  7877 W unknown:ReconnectingWebSocket: Couldn't connect to "ws://10.0.2.2:8081/message?device=sdk_gphone64_x86_64%20-%2015%20-%20API%2035&app=com.mcfuzzysquirrel.studentfinance&clientid=BridgelessDevSupportManager", will silently retry
03-14 21:50:14.250  7728  7728 W unknown:BridgelessReact: ReactHost{0}.startSurface(surfaceId = 0): Schedule
03-14 21:50:14.251  7728  7728 W unknown:BridgelessReact: ReactHost{0}.attachSurface(surfaceId = 0)
03-14 21:50:14.252  7728  7881 W unknown:BridgelessReact: ReactHost{0}.getOrCreateReactInstanceTask()
03-14 21:50:14.252  7728  7881 W unknown:BridgelessReact: ReactHost{0}.getOrCreateReactInstanceTask(): Start
03-14 21:50:14.253  7728  7881 D Detox.RNMarker: REACT_BRIDGELESS_LOADING_START (null)
03-14 21:50:14.253  7728  7881 W unknown:BridgelessReact: ReactHost{0}.getJSBundleLoader()
03-14 21:50:14.253  7728  7881 W unknown:BridgelessReact: ReactHost{0}.isMetroRunning()
03-14 21:50:14.256  7728  7882 D TrafficStats: tagSocket(109) with statsTag=0xffffffff, statsUid=-1
03-14 21:50:14.266  7728  7882 W unknown:ReactNative: The packager does not seem to be running as we got an IOException requesting its status: Failed to connect to /10.0.2.2:8081
03-14 21:50:14.267  7728  7882 W unknown:BridgelessReact: ReactHost{0}.isMetroRunning(): Async result = false
03-14 21:50:14.268  7728  7881 W unknown:BridgelessReact: ReactHost{0}.getOrCreateReactInstanceTask(): Creating BridgelessReactContext
03-14 21:50:14.293  7728  7728 W .studentfinance: Accessing hidden method Landroid/view/ViewGroup;->makeOptionalFitsSystemWindows()V (unsupported, reflection, allowed)
03-14 21:50:14.298  7728  7728 D LifecycleMonitor: Lifecycle status change: com.mcfuzzysquirrel.studentfinance.MainActivity@b293167 in: CREATED
03-14 21:50:14.300  7728  7728 D LifecycleMonitor: Lifecycle status change: com.mcfuzzysquirrel.studentfinance.MainActivity@b293167 in: STARTED
03-14 21:50:14.307  7728  7881 W unknown:BridgelessReact: ReactHost{0}.getOrCreateReactInstanceTask(): Creating ReactInstance
03-14 21:50:14.308  7728  7728 W unknown:BridgelessReact: ReactHost{0}.onHostResume(activity)
03-14 21:50:14.308  7728  7728 W unknown:ReactNative: Packager connection already open, nooping.
03-14 21:50:14.339  7728  7728 W unknown:BridgelessReact: ReactHost{0}.ReactContext.onHostResume()
03-14 21:50:14.339  7728  7728 D LifecycleMonitor: Lifecycle status change: com.mcfuzzysquirrel.studentfinance.MainActivity@b293167 in: RESUMED
03-14 21:50:14.368  7728  7728 W HWUI    : Unknown dataspace 0
03-14 21:50:14.455  7728  7888 D TrafficStats: tagSocket(117) with statsTag=0xffffffff, statsUid=-1
03-14 21:50:14.530  7728  7862 I EGL_emulation: Opening libGLESv1_CM_emulation.so
03-14 21:50:14.531  7728  7862 I EGL_emulation: Opening libGLESv2_emulation.so
03-14 21:50:14.569  7728  7881 D nativeloader: Load /data/app/~~oxNWs9IOTJPlkM3iCYjkMA==/com.mcfuzzysquirrel.studentfinance-OEhU-5yLkKOTl6Ki5jVEZg==/base.apk!/lib/x86_64/libhermesvm.so using ns clns-7 from class loader (caller=/data/app/~~oxNWs9IOTJPlkM3iCYjkMA==/com.mcfuzzysquirrel.studentfinance-OEhU-5yLkKOTl6Ki5jVEZg==/base.apk): ok
03-14 21:50:14.570  7728  7881 D nativeloader: Load /data/app/~~oxNWs9IOTJPlkM3iCYjkMA==/com.mcfuzzysquirrel.studentfinance-OEhU-5yLkKOTl6Ki5jVEZg==/base.apk!/lib/x86_64/libhermestooling.so using ns clns-7 from class loader (caller=/data/app/~~oxNWs9IOTJPlkM3iCYjkMA==/com.mcfuzzysquirrel.studentfinance-OEhU-5yLkKOTl6Ki5jVEZg==/base.apk): ok
03-14 21:50:14.570  7728  7881 D jni_lib_merge: Entering merged library JNI_OnLoad.
03-14 21:50:14.570  7728  7881 D jni_lib_merge: Preparing 4 pre-merged libs (including stub)
03-14 21:50:14.570  7728  7881 D jni_lib_merge: Preparing to register libhermes_executor_so.  onload_func: 0x78e5ceeb1050
03-14 21:50:14.570  7728  7881 D jni_lib_merge: Preparing to register libhermesinstancejni_so.  onload_func: 0x78e5ceee7680
03-14 21:50:14.570  7728  7881 D jni_lib_merge: Preparing to register libjsijniprofiler_so.  onload_func: 0x78e5ceee93f0
03-14 21:50:14.570  7728  7881 D jni_lib_merge: About to register 3 actual methods.
03-14 21:50:14.578  7728  7862 W HWUI    : Failed to initialize 101010-2 format, error = EGL_SUCCESS
03-14 21:50:14.621  7728  7862 I Gralloc4: mapper 4.x is not supported
03-14 21:50:14.976  7728  7736 I .studentfinance: Compiler allocated 5174KB to compile void android.view.ViewRootImpl.performTraversals()
03-14 21:50:15.082  7728  7881 W .studentfinance: Verification of expo.modules.kotlin.modules.ModuleDefinitionData expo.modules.sqlite.SQLiteModule.definition() took 115.708ms (141734.87 bytecodes/s) (317768B approximate peak alloc)
03-14 21:50:15.109  7728  7881 I ExpoModulesCore: ✅ AppContext was initialized
03-14 21:50:15.221  7728  7881 W unknown:BridgelessReact: ReactHost{0}.getOrCreateReactInstanceTask(): Loading JS Bundle
03-14 21:50:15.251  7728  7728 W unknown:BridgelessReact: ReactHost{0}.handleHostException(message = "Unable to load script.
03-14 21:50:15.251  7728  7728 W unknown:BridgelessReact: 
03-14 21:50:15.251  7728  7728 W unknown:BridgelessReact: Make sure you're running Metro or that your bundle 'index.android.bundle' is packaged correctly for release.
03-14 21:50:15.251  7728  7728 W unknown:BridgelessReact: 
03-14 21:50:15.251  7728  7728 W unknown:BridgelessReact: The device must either be USB connected (with bundler set to "localhost:8081") or be on the same Wi-Fi network as your computer (with bundler set to your computer IP) to connect to Metro.
03-14 21:50:15.251  7728  7728 W unknown:BridgelessReact: 
03-14 21:50:15.251  7728  7728 W unknown:BridgelessReact: If you're using USB on a physical device, make sure you also run this command:
03-14 21:50:15.251  7728  7728 W unknown:BridgelessReact:   adb reverse tcp:8081 tcp:8081")
03-14 21:50:15.254  7728  7728 E unknown:ReactNative: Exception in native call
03-14 21:50:15.254  7728  7728 E unknown:ReactNative: java.lang.RuntimeException: Unable to load script.
03-14 21:50:15.254  7728  7728 E unknown:ReactNative: 
03-14 21:50:15.254  7728  7728 E unknown:ReactNative: Make sure you're running Metro or that your bundle 'index.android.bundle' is packaged correctly for release.
03-14 21:50:15.254  7728  7728 E unknown:ReactNative: 
03-14 21:50:15.254  7728  7728 E unknown:ReactNative: The device must either be USB connected (with bundler set to "localhost:8081") or be on the same Wi-Fi network as your computer (with bundler set to your computer IP) to connect to Metro.
03-14 21:50:15.254  7728  7728 E unknown:ReactNative: 
03-14 21:50:15.254  7728  7728 E unknown:ReactNative: If you're using USB on a physical device, make sure you also run this command:
03-14 21:50:15.254  7728  7728 E unknown:ReactNative:   adb reverse tcp:8081 tcp:8081
03-14 21:50:15.254  7728  7728 E unknown:ReactNative: 	at com.facebook.react.runtime.ReactInstance.loadJSBundleFromAssets(Native Method)
03-14 21:50:15.254  7728  7728 E unknown:ReactNative: 	at com.facebook.react.runtime.ReactInstance.access$loadJSBundleFromAssets(ReactInstance.kt:84)
03-14 21:50:15.254  7728  7728 E unknown:ReactNative: 	at com.facebook.react.runtime.ReactInstance$loadJSBundle$1.loadScriptFromAssets(ReactInstance.kt:324)
03-14 21:50:15.254  7728  7728 E unknown:ReactNative: 	at com.facebook.react.bridge.JSBundleLoader$Companion$createAssetLoader$1.loadScript(JSBundleLoader.kt:33)
03-14 21:50:15.254  7728  7728 E unknown:ReactNative: 	at com.facebook.react.runtime.ReactInstance.loadJSBundle(ReactInstance.kt:303)
03-14 21:50:15.254  7728  7728 E unknown:ReactNative: 	at com.facebook.react.runtime.ReactHostImpl.getOrCreateReactInstanceTask$lambda$44$lambda$40(ReactHostImpl.kt:1015)
03-14 21:50:15.254  7728  7728 E unknown:ReactNative: 	at com.facebook.react.runtime.ReactHostImpl.$r8$lambda$kGNcmxBxZbp8b1wWTaqIXDdkV8g(Unknown Source:0)
03-14 21:50:15.254  7728  7728 E unknown:ReactNative: 	at com.facebook.react.runtime.ReactHostImpl$$ExternalSyntheticLambda24.then(D8$$SyntheticClass:0)
03-14 21:50:15.254  7728  7728 E unknown:ReactNative: 	at com.facebook.react.runtime.internal.bolts.Task$Companion.completeImmediately$lambda$3(Task.kt:360)
03-14 21:50:15.254  7728  7728 E unknown:ReactNative: 	at com.facebook.react.runtime.internal.bolts.Task$Companion.$r8$lambda$b7MTC0ufkn_2TjF4BGcNqGR9qK0(Unknown Source:0)
03-14 21:50:15.254  7728  7728 E unknown:ReactNative: 	at com.facebook.react.runtime.internal.bolts.Task$Companion$$ExternalSyntheticLambda3.run(D8$$SyntheticClass:0)
03-14 21:50:15.254  7728  7728 E unknown:ReactNative: 	at com.facebook.react.runtime.internal.bolts.Executors$ImmediateExecutor.execute(Executors.kt:41)
03-14 21:50:15.254  7728  7728 E unknown:ReactNative: 	at com.facebook.react.runtime.internal.bolts.Task$Companion.completeImmediately(Task.kt:358)
03-14 21:50:15.254  7728  7728 E unknown:ReactNative: 	at com.facebook.react.runtime.internal.bolts.Task$Companion.access$completeImmediately(Task.kt:254)
03-14 21:50:15.254  7728  7728 E unknown:ReactNative: 	at com.facebook.react.runtime.internal.bolts.Task.continueWith(Task.kt:133)
03-14 21:50:15.254  7728  7728 E unknown:ReactNative: 	at com.facebook.react.runtime.internal.bolts.Task.continueWith$default(Task.kt:117)
03-14 21:50:15.254  7728  7728 E unknown:ReactNative: 	at com.facebook.react.runtime.internal.bolts.Task.onSuccess$lambda$12(Task.kt:176)
03-14 21:50:15.254  7728  7728 E unknown:ReactNative: 	at com.facebook.react.runtime.internal.bolts.Task.$r8$lambda$l0wwo5AvbHxlwfI1R7CH_codxoo(Unknown Source:0)
03-14 21:50:15.254  7728  7728 E unknown:ReactNative: 	at com.facebook.react.runtime.internal.bolts.Task$$ExternalSyntheticLambda2.then(D8$$SyntheticClass:0)
03-14 21:50:15.254  7728  7728 E unknown:ReactNative: 	at com.facebook.react.runtime.internal.bolts.Task$Companion.completeAfterTask$lambda$5(Task.kt:394)
03-14 21:50:15.254  7728  7728 E unknown:ReactNative: 	at com.facebook.react.runtime.internal.bolts.Task$Companion.$r8$lambda$IPpysnehFwANEiW061YzapkMdoE(Unknown Source:0)
03-14 21:50:15.254  7728  7728 E unknown:ReactNative: 	at com.facebook.react.runtime.internal.bolts.Task$Companion$$ExternalSyntheticLambda4.run(D8$$SyntheticClass:0)
03-14 21:50:15.254  7728  7728 E unknown:ReactNative: 	at java.util.concurrent.ThreadPoolExecutor.runWorker(ThreadPoolExecutor.java:1145)
03-14 21:50:15.254  7728  7728 E unknown:ReactNative: 	at java.util.concurrent.ThreadPoolExecutor$Worker.run(ThreadPoolExecutor.java:644)
03-14 21:50:15.254  7728  7728 E unknown:ReactNative: 	at java.lang.Thread.run(Thread.java:1012)
03-14 21:50:15.258  7728  7881 W unknown:BridgelessReact: ReactHost{0}.getOrCreateDestroyTask()
03-14 21:50:15.258  7728  7881 W unknown:BridgelessReact: ReactHost{0}.raiseSoftException(getOrCreateDestroyTask()): handleHostException(message = "Unable to load script.
03-14 21:50:15.258  7728  7881 W unknown:BridgelessReact: 
03-14 21:50:15.258  7728  7881 W unknown:BridgelessReact: Make sure you're running Metro or that your bundle 'index.android.bundle' is packaged correctly for release.
03-14 21:50:15.258  7728  7881 W unknown:BridgelessReact: 
03-14 21:50:15.258  7728  7881 W unknown:BridgelessReact: The device must either be USB connected (with bundler set to "localhost:8081") or be on the same Wi-Fi network as your computer (with bundler set to your computer IP) to connect to Metro.
03-14 21:50:15.258  7728  7881 W unknown:BridgelessReact: 
03-14 21:50:15.258  7728  7881 W unknown:BridgelessReact: If you're using USB on a physical device, make sure you also run this command:
03-14 21:50:15.258  7728  7881 W unknown:BridgelessReact:   adb reverse tcp:8081 tcp:8081")
03-14 21:50:15.264  7728  7881 E unknown:ReactHost: Unhandled SoftException
03-14 21:50:15.264  7728  7881 E unknown:ReactHost: com.facebook.react.bridge.ReactNoCrashSoftException: raiseSoftException(getOrCreateDestroyTask()): handleHostException(message = "Unable to load script.
03-14 21:50:15.264  7728  7881 E unknown:ReactHost: 
03-14 21:50:15.264  7728  7881 E unknown:ReactHost: Make sure you're running Metro or that your bundle 'index.android.bundle' is packaged correctly for release.
03-14 21:50:15.264  7728  7881 E unknown:ReactHost: 
03-14 21:50:15.264  7728  7881 E unknown:ReactHost: The device must either be USB connected (with bundler set to "localhost:8081") or be on the same Wi-Fi network as your computer (with bundler set to your computer IP) to connect to Metro.
03-14 21:50:15.264  7728  7881 E unknown:ReactHost: 
03-14 21:50:15.264  7728  7881 E unknown:ReactHost: If you're using USB on a physical device, make sure you also run this command:
03-14 21:50:15.264  7728  7881 E unknown:ReactHost:   adb reverse tcp:8081 tcp:8081")
03-14 21:50:15.264  7728  7881 E unknown:ReactHost: 	at com.facebook.react.runtime.ReactHostImpl.raiseSoftException(ReactHostImpl.kt:861)
03-14 21:50:15.264  7728  7881 E unknown:ReactHost: 	at com.facebook.react.runtime.ReactHostImpl.getOrCreateDestroyTask(ReactHostImpl.kt:1422)
03-14 21:50:15.264  7728  7881 E unknown:ReactHost: 	at com.facebook.react.runtime.ReactHostImpl.destroy$lambda$11(ReactHostImpl.kt:500)
03-14 21:50:15.264  7728  7881 E unknown:ReactHost: 	at com.facebook.react.runtime.ReactHostImpl.$r8$lambda$RqPT6VdmhA-RKBsb9qAdshHTgug(Unknown Source:0)
03-14 21:50:15.264  7728  7881 E unknown:ReactHost: 	at com.facebook.react.runtime.ReactHostImpl$$ExternalSyntheticLambda35.call(D8$$SyntheticClass:0)
03-14 21:50:15.264  7728  7881 E unknown:ReactHost: 	at com.facebook.react.runtime.internal.bolts.Task$Companion.call$lambda$2(Task.kt:319)
03-14 21:50:15.264  7728  7881 E unknown:ReactHost: 	at com.facebook.react.runtime.internal.bolts.Task$Companion.$r8$lambda$MFqd_-X5KhHmu0hvNE2Bec_4mJM(Unknown Source:0)
03-14 21:50:15.264  7728  7881 E unknown:ReactHost: 	at com.facebook.react.runtime.internal.bolts.Task$Companion$$ExternalSyntheticLambda1.run(D8$$SyntheticClass:0)
03-14 21:50:15.264  7728  7881 E unknown:ReactHost: 	at java.util.concurrent.ThreadPoolExecutor.runWorker(ThreadPoolExecutor.java:1145)
03-14 21:50:15.264  7728  7881 E unknown:ReactHost: 	at java.util.concurrent.ThreadPoolExecutor$Worker.run(ThreadPoolExecutor.java:644)
03-14 21:50:15.264  7728  7881 E unknown:ReactHost: 	at java.lang.Thread.run(Thread.java:1012)
03-14 21:50:15.264  7728  7881 E unknown:ReactHost: Caused by: java.lang.RuntimeException: Unable to load script.
03-14 21:50:15.264  7728  7881 E unknown:ReactHost: 
03-14 21:50:15.264  7728  7881 E unknown:ReactHost: Make sure you're running Metro or that your bundle 'index.android.bundle' is packaged correctly for release.
03-14 21:50:15.264  7728  7881 E unknown:ReactHost: 
03-14 21:50:15.264  7728  7881 E unknown:ReactHost: The device must either be USB connected (with bundler set to "localhost:8081") or be on the same Wi-Fi network as your computer (with bundler set to your computer IP) to connect to Metro.
03-14 21:50:15.264  7728  7881 E unknown:ReactHost: 
03-14 21:50:15.264  7728  7881 E unknown:ReactHost: If you're using USB on a physical device, make sure you also run this command:
03-14 21:50:15.264  7728  7881 E unknown:ReactHost:   adb reverse tcp:8081 tcp:8081
03-14 21:50:15.264  7728  7881 E unknown:ReactHost: 	at com.facebook.react.runtime.ReactInstance.loadJSBundleFromAssets(Native Method)
03-14 21:50:15.264  7728  7881 E unknown:ReactHost: 	at com.facebook.react.runtime.ReactInstance.access$loadJSBundleFromAssets(ReactInstance.kt:84)
03-14 21:50:15.264  7728  7881 E unknown:ReactHost: 	at com.facebook.react.runtime.ReactInstance$loadJSBundle$1.loadScriptFromAssets(ReactInstance.kt:324)
03-14 21:50:15.264  7728  7881 E unknown:ReactHost: 	at com.facebook.react.bridge.JSBundleLoader$Companion$createAssetLoader$1.loadScript(JSBundleLoader.kt:33)
03-14 21:50:15.264  7728  7881 E unknown:ReactHost: 	at com.facebook.react.runtime.ReactInstance.loadJSBundle(ReactInstance.kt:303)
03-14 21:50:15.264  7728  7881 E unknown:ReactHost: 	at com.facebook.react.runtime.ReactHostImpl.getOrCreateReactInstanceTask$lambda$44$lambda$40(ReactHostImpl.kt:1015)
03-14 21:50:15.264  7728  7881 E unknown:ReactHost: 	at com.facebook.react.runtime.ReactHostImpl.$r8$lambda$kGNcmxBxZbp8b1wWTaqIXDdkV8g(Unknown Source:0)
03-14 21:50:15.264  7728  7881 E unknown:ReactHost: 	at com.facebook.react.runtime.ReactHostImpl$$ExternalSyntheticLambda24.then(D8$$SyntheticClass:0)
03-14 21:50:15.264  7728  7881 E unknown:ReactHost: 	at com.facebook.react.runtime.internal.bolts.Task$Companion.completeImmediately$lambda$3(Task.kt:360)
03-14 21:50:15.264  7728  7881 E unknown:ReactHost: 	at com.facebook.react.runtime.internal.bolts.Task$Companion.$r8$lambda$b7MTC0ufkn_2TjF4BGcNqGR9qK0(Unknown Source:0)
03-14 21:50:15.264  7728  7881 E unknown:ReactHost: 	at com.facebook.react.runtime.internal.bolts.Task$Companion$$ExternalSyntheticLambda3.run(D8$$SyntheticClass:0)
03-14 21:50:15.264  7728  7881 E unknown:ReactHost: 	at com.facebook.react.runtime.internal.bolts.Executors$ImmediateExecutor.execute(Executors.kt:41)
03-14 21:50:15.264  7728  7881 E unknown:ReactHost: 	at com.facebook.react.runtime.internal.bolts.Task$Companion.completeImmediately(Task.kt:358)
03-14 21:50:15.264  7728  7881 E unknown:ReactHost: 	at com.facebook.react.runtime.internal.bolts.Task$Companion.access$completeImmediately(Task.kt:254)
03-14 21:50:15.264  7728  7881 E unknown:ReactHost: 	at com.facebook.react.runtime.internal.bolts.Task.continueWith(Task.kt:133)
03-14 21:50:15.264  7728  7881 E unknown:ReactHost: 	at com.facebook.react.runtime.internal.bolts.Task.continueWith$default(Task.kt:117)
03-14 21:50:15.264  7728  7881 E unknown:ReactHost: 	at com.facebook.react.runtime.internal.bolts.Task.onSuccess$lambda$12(Task.kt:176)
03-14 21:50:15.264  7728  7881 E unknown:ReactHost: 	at com.facebook.react.runtime.internal.bolts.Task.$r8$lambda$l0wwo5AvbHxlwfI1R7CH_codxoo(Unknown Source:0)
03-14 21:50:15.264  7728  7881 E unknown:ReactHost: 	at com.facebook.react.runtime.internal.bolts.Task$$ExternalSyntheticLambda2.then(D8$$SyntheticClass:0)
03-14 21:50:15.267  7728  7881 E unknown:ReactHost: 	at com.facebook.react.runtime.internal.bolts.Task$Companion.completeAfterTask$lambda$5(Task.kt:394)
03-14 21:50:15.267  7728  7881 E unknown:ReactHost: 	at com.facebook.react.runtime.internal.bolts.Task$Companion.$r8$lambda$IPpysnehFwANEiW061YzapkMdoE(Unknown Source:0)
03-14 21:50:15.267  7728  7881 E unknown:ReactHost: 	at com.facebook.react.runtime.internal.bolts.Task$Companion$$ExternalSyntheticLambda4.run(D8$$SyntheticClass:0)
03-14 21:50:15.267  7728  7881 E unknown:ReactHost: 	... 3 more
03-14 21:50:15.267  7728  7881 W unknown:BridgelessReact: ReactHost{0}.getOrCreateDestroyTask(): Resetting createReactInstance task ref
03-14 21:50:15.612  7728  7736 I .studentfinance: Compiler allocated 4219KB to compile void android.widget.TextView.<init>(android.content.Context, android.util.AttributeSet, int, int)
03-14 21:50:15.703  7728  7728 W unknown:BridgelessReact: ReactHost{0}.getOrCreateDestroyTask(): Starting React Native destruction
03-14 21:50:15.703  7728  7728 W unknown:BridgelessReact: ReactHost{0}.raiseSoftException(getOrCreateDestroyTask()): Destroy: ReactInstance task faulted. Stage: 1: Starting destroy. Fault reason: Unable to load script.
03-14 21:50:15.703  7728  7728 W unknown:BridgelessReact: 
03-14 21:50:15.703  7728  7728 W unknown:BridgelessReact: Make sure you're running Metro or that your bundle 'index.android.bundle' is packaged correctly for release.
03-14 21:50:15.703  7728  7728 W unknown:BridgelessReact: 
03-14 21:50:15.703  7728  7728 W unknown:BridgelessReact: The device must either be USB connected (with bundler set to "localhost:8081") or be on the same Wi-Fi network as your computer (with bundler set to your computer IP) to connect to Metro.
03-14 21:50:15.703  7728  7728 W unknown:BridgelessReact: 
03-14 21:50:15.703  7728  7728 W unknown:BridgelessReact: If you're using USB on a physical device, make sure you also run this command:
03-14 21:50:15.703  7728  7728 W unknown:BridgelessReact:   adb reverse tcp:8081 tcp:8081. Destroy reason: handleHostException(message = "Unable to load script.
03-14 21:50:15.703  7728  7728 W unknown:BridgelessReact: 
03-14 21:50:15.703  7728  7728 W unknown:BridgelessReact: Make sure you're running Metro or that your bundle 'index.android.bundle' is packaged correctly for release.
03-14 21:50:15.703  7728  7728 W unknown:BridgelessReact: 
03-14 21:50:15.703  7728  7728 W unknown:BridgelessReact: The device must either be USB connected (with bundler set to "localhost:8081") or be on the same Wi-Fi network as your computer (with bundler set to your computer IP) to connect to Metro.
03-14 21:50:15.703  7728  7728 W unknown:BridgelessReact: 
03-14 21:50:15.703  7728  7728 W unknown:BridgelessReact: If you're using USB on a physical device, make sure you also run this command:
03-14 21:50:15.703  7728  7728 W unknown:BridgelessReact:   adb reverse tcp:8081 tcp:8081")
03-14 21:50:15.704  7728  7728 E unknown:ReactHost: Unhandled SoftException
03-14 21:50:15.704  7728  7728 E unknown:ReactHost: com.facebook.react.bridge.ReactNoCrashSoftException: raiseSoftException(getOrCreateDestroyTask()): Destroy: ReactInstance task faulted. Stage: 1: Starting destroy. Fault reason: Unable to load script.
03-14 21:50:15.704  7728  7728 E unknown:ReactHost: 
03-14 21:50:15.704  7728  7728 E unknown:ReactHost: Make sure you're running Metro or that your bundle 'index.android.bundle' is packaged correctly for release.
03-14 21:50:15.704  7728  7728 E unknown:ReactHost: 
03-14 21:50:15.704  7728  7728 E unknown:ReactHost: The device must either be USB connected (with bundler set to "localhost:8081") or be on the same Wi-Fi network as your computer (with bundler set to your computer IP) to connect to Metro.
03-14 21:50:15.704  7728  7728 E unknown:ReactHost: 
03-14 21:50:15.704  7728  7728 E unknown:ReactHost: If you're using USB on a physical device, make sure you also run this command:
03-14 21:50:15.704  7728  7728 E unknown:ReactHost:   adb reverse tcp:8081 tcp:8081. Destroy reason: handleHostException(message = "Unable to load script.
03-14 21:50:15.704  7728  7728 E unknown:ReactHost: 
03-14 21:50:15.704  7728  7728 E unknown:ReactHost: Make sure you're running Metro or that your bundle 'index.android.bundle' is packaged correctly for release.
03-14 21:50:15.704  7728  7728 E unknown:ReactHost: 
03-14 21:50:15.704  7728  7728 E unknown:ReactHost: The device must either be USB connected (with bundler set to "localhost:8081") or be on the same Wi-Fi network as your computer (with bundler set to your computer IP) to connect to Metro.
03-14 21:50:15.704  7728  7728 E unknown:ReactHost: 
03-14 21:50:15.704  7728  7728 E unknown:ReactHost: If you're using USB on a physical device, make sure you also run this command:
03-14 21:50:15.704  7728  7728 E unknown:ReactHost:   adb reverse tcp:8081 tcp:8081")
03-14 21:50:15.704  7728  7728 E unknown:ReactHost: 	at com.facebook.react.runtime.ReactHostImpl.raiseSoftException(ReactHostImpl.kt:861)
03-14 21:50:15.704  7728  7728 E unknown:ReactHost: 	at com.facebook.react.runtime.ReactHostImpl.raiseSoftException$default(ReactHostImpl.kt:852)
03-14 21:50:15.704  7728  7728 E unknown:ReactHost: 	at com.facebook.react.runtime.ReactHostImpl.createReactInstanceUnwrapper$lambda$49(ReactHostImpl.kt:1220)
03-14 21:50:15.704  7728  7728 E unknown:ReactHost: 	at com.facebook.react.runtime.ReactHostImpl.$r8$lambda$wxqWPZPIM84yb-DFfq8PhEXI2r4(Unknown Source:0)
03-14 21:50:15.704  7728  7728 E unknown:ReactHost: 	at com.facebook.react.runtime.ReactHostImpl$$ExternalSyntheticLambda36.invoke(D8$$SyntheticClass:0)
03-14 21:50:15.704  7728  7728 E unknown:ReactHost: 	at com.facebook.react.runtime.ReactHostImpl.getOrCreateDestroyTask$lambda$60(ReactHostImpl.kt:1437)
03-14 21:50:15.704  7728  7728 E unknown:ReactHost: 	at com.facebook.react.runtime.ReactHostImpl.$r8$lambda$W_3hbG2jNwurg3jPo_rFnHCrsPg(Unknown Source:0)
03-14 21:50:15.704  7728  7728 E unknown:ReactHost: 	at com.facebook.react.runtime.ReactHostImpl$$ExternalSyntheticLambda27.then(D8$$SyntheticClass:0)
03-14 21:50:15.704  7728  7728 E unknown:ReactHost: 	at com.facebook.react.runtime.internal.bolts.Task$Companion.completeAfterTask$lambda$5(Task.kt:394)
03-14 21:50:15.704  7728  7728 E unknown:ReactHost: 	at com.facebook.react.runtime.internal.bolts.Task$Companion.$r8$lambda$IPpysnehFwANEiW061YzapkMdoE(Unknown Source:0)
03-14 21:50:15.704  7728  7728 E unknown:ReactHost: 	at com.facebook.react.runtime.internal.bolts.Task$Companion$$ExternalSyntheticLambda4.run(D8$$SyntheticClass:0)
03-14 21:50:15.704  7728  7728 E unknown:ReactHost: 	at android.os.Handler.handleCallback(Handler.java:959)
03-14 21:50:15.704  7728  7728 E unknown:ReactHost: 	at android.os.Handler.dispatchMessage(Handler.java:100)
03-14 21:50:15.704  7728  7728 E unknown:ReactHost: 	at android.os.Looper.loopOnce(Looper.java:232)
03-14 21:50:15.704  7728  7728 E unknown:ReactHost: 	at android.os.Looper.loop(Looper.java:317)
03-14 21:50:15.704  7728  7728 E unknown:ReactHost: 	at android.app.ActivityThread.main(ActivityThread.java:8705)
03-14 21:50:15.704  7728  7728 E unknown:ReactHost: 	at java.lang.reflect.Method.invoke(Native Method)
03-14 21:50:15.704  7728  7728 E unknown:ReactHost: 	at com.android.internal.os.RuntimeInit$MethodAndArgsCaller.run(RuntimeInit.java:580)
03-14 21:50:15.704  7728  7728 E unknown:ReactHost: 	at com.android.internal.os.ZygoteInit.main(ZygoteInit.java:886)
03-14 21:50:15.704  7728  7728 W unknown:BridgelessReact: ReactHost{0}.getOrCreateDestroyTask(): DevSupportManager cleanup
03-14 21:50:15.704  7728  7728 W unknown:BridgelessReact: ReactHost{0}.getOrCreateDestroyTask(): Move ReactHost to onHostDestroy()
03-14 21:50:15.704  7728  7728 W unknown:BridgelessReact: ReactHost{0}.ReactContext.onHostPause()
03-14 21:50:15.704  7728  7728 W unknown:BridgelessReact: ReactHost{0}.ReactContext.onHostDestroy()
03-14 21:50:15.718  7728  7881 W unknown:BridgelessReact: ReactHost{0}.getOrCreateDestroyTask(): Stopping all React Native surfaces
03-14 21:50:15.720  7728  7881 E unknown:FabricUIManager: Unhandled SoftException
03-14 21:50:15.720  7728  7881 E unknown:FabricUIManager: java.lang.IllegalStateException: Trying to stop surface that hasn't started yet
03-14 21:50:15.720  7728  7881 E unknown:FabricUIManager: 	at com.facebook.react.fabric.FabricUIManager.stopSurface(FabricUIManager.java:396)
03-14 21:50:15.720  7728  7881 E unknown:FabricUIManager: 	at com.facebook.react.runtime.ReactInstance.stopSurface(ReactInstance.kt:410)
03-14 21:50:15.720  7728  7881 E unknown:FabricUIManager: 	at com.facebook.react.runtime.ReactHostImpl.stopAttachedSurfaces(ReactHostImpl.kt:1189)
03-14 21:50:15.720  7728  7881 E unknown:FabricUIManager: 	at com.facebook.react.runtime.ReactHostImpl.getOrCreateDestroyTask$lambda$62(ReactHostImpl.kt:1475)
03-14 21:50:15.720  7728  7881 E unknown:FabricUIManager: 	at com.facebook.react.runtime.ReactHostImpl.$r8$lambda$xpeTQfuVN0XbBBJsIsVmA6wzF00(Unknown Source:0)
03-14 21:50:15.720  7728  7881 E unknown:FabricUIManager: 	at com.facebook.react.runtime.ReactHostImpl$$ExternalSyntheticLambda28.then(D8$$SyntheticClass:0)
03-14 21:50:15.720  7728  7881 E unknown:FabricUIManager: 	at com.facebook.react.runtime.internal.bolts.Task$Companion.completeAfterTask$lambda$5(Task.kt:394)
03-14 21:50:15.720  7728  7881 E unknown:FabricUIManager: 	at com.facebook.react.runtime.internal.bolts.Task$Companion.$r8$lambda$IPpysnehFwANEiW061YzapkMdoE(Unknown Source:0)
03-14 21:50:15.720  7728  7881 E unknown:FabricUIManager: 	at com.facebook.react.runtime.internal.bolts.Task$Companion$$ExternalSyntheticLambda4.run(D8$$SyntheticClass:0)
03-14 21:50:15.720  7728  7881 E unknown:FabricUIManager: 	at java.util.concurrent.ThreadPoolExecutor.runWorker(ThreadPoolExecutor.java:1145)
03-14 21:50:15.720  7728  7881 E unknown:FabricUIManager: 	at java.util.concurrent.ThreadPoolExecutor$Worker.run(ThreadPoolExecutor.java:644)
03-14 21:50:15.720  7728  7881 E unknown:FabricUIManager: 	at java.lang.Thread.run(Thread.java:1012)
03-14 21:50:15.722  7728  7728 W unknown:BridgelessReact: ReactHost{0}.getOrCreateDestroyTask(): Destroying MemoryPressureRouter
03-14 21:50:15.723  7728  7728 W unknown:BridgelessReact: ReactHost{0}.getOrCreateDestroyTask(): Resetting ReactContext ref
03-14 21:50:15.723  7728  7728 W unknown:BridgelessReact: ReactHost{0}.getOrCreateDestroyTask(): Destroying ReactContext
03-14 21:50:15.723  7728  7881 W unknown:BridgelessReact: ReactHost{0}.getOrCreateDestroyTask(): Resetting ReactInstance ptr
03-14 21:50:15.723  7728  7881 W unknown:BridgelessReact: ReactHost{0}.getOrCreateDestroyTask(): Destroying ReactInstance
03-14 21:50:15.724  7728  7881 E unknown:ReactNative: Tried to remove non-existent frame callback
03-14 21:50:15.811  7728  7881 W unknown:BridgelessReact: ReactHost{0}.getOrCreateDestroyTask(): Resetting start/destroy task ref
03-14 21:50:16.132  7728  7877 D TrafficStats: tagSocket(146) with statsTag=0xffffffff, statsUid=-1
03-14 21:50:16.923  7728  7862 D EGL_emulation: app_time_stats: avg=299.25ms min=41.10ms max=973.67ms count=4
03-14 21:50:18.141  7728  7877 D TrafficStats: tagSocket(149) with statsTag=0xffffffff, statsUid=-1
03-14 21:50:18.941  7728  8038 D ProfileInstaller: Installing profile for com.mcfuzzysquirrel.studentfinance
03-14 21:50:20.150  7728  7877 D TrafficStats: tagSocket(149) with statsTag=0xffffffff, statsUid=-1
03-14 21:50:22.159  7728  7877 D TrafficStats: tagSocket(149) with statsTag=0xffffffff, statsUid=-1
03-14 21:50:23.431  7728  7843 D DetoxWSClient: Received action 'currentStatus' (ID #4, params={})
