--------- beginning of main
03-14 21:36:45.304  3267  3267 I .studentfinance: Late-enabling -Xcheck:jni
03-14 21:36:45.336  3267  3267 I .studentfinance: Using CollectorTypeCMC GC.
03-14 21:36:45.337  3267  3267 W .studentfinance: Unexpected CPU variant for x86: x86_64.
03-14 21:36:45.337  3267  3267 W .studentfinance: Known variants: atom, sandybridge, silvermont, goldmont, goldmont-plus, goldmont-without-sha-xsaves, tremont, kabylake, default
03-14 21:36:45.351  3267  3267 D nativeloader: Load libframework-connectivity-tiramisu-jni.so using APEX ns com_android_tethering for caller /apex/com.android.tethering/javalib/framework-connectivity-t.jar: ok
--------- beginning of system
03-14 21:36:45.634  3267  3267 W ActivityThread: Package uses different ABI(s) than its instrumentation: package[com.mcfuzzysquirrel.studentfinance]: x86_64, null instrumentation[com.mcfuzzysquirrel.studentfinance.test]: null, null
03-14 21:36:45.660  3267  3267 W .studentfinance: ClassLoaderContext shared library size mismatch. Expected=2, found=0 (PCL[]{PCL[/system/framework/android.test.base.jar*724373495]#PCL[/system/framework/android.test.mock.jar*1452759902]} | PCL[])
03-14 21:36:45.667  3267  3267 W .studentfinance: ClassLoaderContext classpath size mismatch. expected=0, found=1 (PCL[] | PCL[/system/framework/android.test.runner.jar*2496447986])
03-14 21:36:45.671  3267  3267 W .studentfinance: ClassLoaderContext classpath size mismatch. expected=0, found=2 (PCL[] | PCL[/system/framework/android.test.runner.jar*2496447986:/system/framework/android.test.mock.jar*1452759902])
03-14 21:36:45.674  3267  3267 W ziparchive: Unable to open '/data/app/~~L0ewUv4Sat0ON-73UhO37Q==/com.mcfuzzysquirrel.studentfinance.test-Bl69Zrs6T67nvO5StBleuA==/base.dm': No such file or directory
03-14 21:36:45.674  3267  3267 W ziparchive: Unable to open '/data/app/~~L0ewUv4Sat0ON-73UhO37Q==/com.mcfuzzysquirrel.studentfinance.test-Bl69Zrs6T67nvO5StBleuA==/base.dm': No such file or directory
03-14 21:36:45.778  3267  3267 W ziparchive: Unable to open '/data/app/~~h6fHsVYrEOUUf4QRhCks7w==/com.mcfuzzysquirrel.studentfinance-Q8lOysCAg5zlRgAda7r3aA==/base.dm': No such file or directory
03-14 21:36:45.778  3267  3267 W ziparchive: Unable to open '/data/app/~~h6fHsVYrEOUUf4QRhCks7w==/com.mcfuzzysquirrel.studentfinance-Q8lOysCAg5zlRgAda7r3aA==/base.dm': No such file or directory
03-14 21:36:46.343  3267  3267 D nativeloader: Configuring clns-7 for other apk /system/framework/android.test.runner.jar:/system/framework/android.test.mock.jar:/system/framework/android.test.base.jar:/data/app/~~L0ewUv4Sat0ON-73UhO37Q==/com.mcfuzzysquirrel.studentfinance.test-Bl69Zrs6T67nvO5StBleuA==/base.apk:/data/app/~~h6fHsVYrEOUUf4QRhCks7w==/com.mcfuzzysquirrel.studentfinance-Q8lOysCAg5zlRgAda7r3aA==/base.apk. target_sdk_version=36, uses_libraries=, library_path=/data/app/~~L0ewUv4Sat0ON-73UhO37Q==/com.mcfuzzysquirrel.studentfinance.test-Bl69Zrs6T67nvO5StBleuA==/lib/x86_64:/data/app/~~h6fHsVYrEOUUf4QRhCks7w==/com.mcfuzzysquirrel.studentfinance-Q8lOysCAg5zlRgAda7r3aA==/lib/x86_64:/data/app/~~L0ewUv4Sat0ON-73UhO37Q==/com.mcfuzzysquirrel.studentfinance.test-Bl69Zrs6T67nvO5StBleuA==/base.apk!/lib/x86_64:/data/app/~~h6fHsVYrEOUUf4QRhCks7w==/com.mcfuzzysquirrel.studentfinance-Q8lOysCAg5zlRgAda7r3aA==/base.apk!/lib/x86_64, permitted_path=/data:/mnt/expand:/data/user/0/com.mcfuzzysquirrel.studentfinance
03-14 21:36:46.401  3267  3267 V GraphicsEnvironment: Currently set values for:
03-14 21:36:46.401  3267  3267 V GraphicsEnvironment:   angle_gl_driver_selection_pkgs=[]
03-14 21:36:46.401  3267  3267 V GraphicsEnvironment:   angle_gl_driver_selection_values=[]
03-14 21:36:46.401  3267  3267 V GraphicsEnvironment: Global.Settings values are invalid: number of packages: 0, number of values: 0
03-14 21:36:46.401  3267  3267 V GraphicsEnvironment: Neither updatable production driver nor prerelease driver is supported.
03-14 21:36:46.411  3267  3267 D ApplicationLoaders: Returning zygote-cached class loader: /system/framework/android.test.base.jar
03-14 21:36:46.415  3267  3267 D nativeloader: Configuring clns-8 for other apk /system/framework/android.test.mock.jar. target_sdk_version=36, uses_libraries=ALL, library_path=/data/app/~~L0ewUv4Sat0ON-73UhO37Q==/com.mcfuzzysquirrel.studentfinance.test-Bl69Zrs6T67nvO5StBleuA==/lib/x86_64:/data/app/~~h6fHsVYrEOUUf4QRhCks7w==/com.mcfuzzysquirrel.studentfinance-Q8lOysCAg5zlRgAda7r3aA==/lib/x86_64, permitted_path=/data:/mnt/expand
03-14 21:36:46.416  3267  3267 D ApplicationLoaders: Returning zygote-cached class loader: /system/framework/android.test.base.jar
03-14 21:36:46.427  3267  3267 D nativeloader: Configuring clns-9 for other apk /system/framework/android.test.runner.jar. target_sdk_version=36, uses_libraries=ALL, library_path=/data/app/~~L0ewUv4Sat0ON-73UhO37Q==/com.mcfuzzysquirrel.studentfinance.test-Bl69Zrs6T67nvO5StBleuA==/lib/x86_64:/data/app/~~h6fHsVYrEOUUf4QRhCks7w==/com.mcfuzzysquirrel.studentfinance-Q8lOysCAg5zlRgAda7r3aA==/lib/x86_64, permitted_path=/data:/mnt/expand
03-14 21:36:46.468  3267  3267 W .studentfinance: ClassLoaderContext shared library size mismatch. Expected=2, found=3 (PCL[]{PCL[/system/framework/android.test.base.jar*724373495]#PCL[/system/framework/android.test.mock.jar*1452759902]} | PCL[]{PCL[/system/framework/android.test.base.jar*724373495]#PCL[/system/framework/android.test.mock.jar*1452759902]#PCL[/system/framework/android.test.runner.jar*2496447986]{PCL[/system/framework/android.test.base.jar*724373495]#PCL[/system/framework/android.test.mock.jar*1452759902]}};PCL[/system/framework/android.test.runner.jar*2496447986:/system/framework/android.test.mock.jar*1452759902:/system/framework/android.test.base.jar*724373495:/data/app/~~L0ewUv4Sat0ON-73UhO37Q==/com.mcfuzzysquirrel.studentfinance.test-Bl69Zrs6T67nvO5StBleuA==/base.apk*3046124314:/data/app/~~h6fHsVYrEOUUf4QRhCks7w==/com.mcfuzzysquirrel.studentfinance-Q8lOysCAg5zlRgAda7r3aA==/base.apk*707418998])
03-14 21:36:46.473  3267  3267 W .studentfinance: ClassLoaderContext classpath size mismatch. expected=0, found=1 (PCL[] | PCL[/system/framework/android.test.runner.jar*2496447986]{PCL[/system/framework/android.test.base.jar*724373495]#PCL[/system/framework/android.test.mock.jar*1452759902]#PCL[/system/framework/android.test.runner.jar*2496447986]{PCL[/system/framework/android.test.base.jar*724373495]#PCL[/system/framework/android.test.mock.jar*1452759902]}};PCL[/system/framework/android.test.runner.jar*2496447986:/system/framework/android.test.mock.jar*1452759902:/system/framework/android.test.base.jar*724373495:/data/app/~~L0ewUv4Sat0ON-73UhO37Q==/com.mcfuzzysquirrel.studentfinance.test-Bl69Zrs6T67nvO5StBleuA==/base.apk*3046124314:/data/app/~~h6fHsVYrEOUUf4QRhCks7w==/com.mcfuzzysquirrel.studentfinance-Q8lOysCAg5zlRgAda7r3aA==/base.apk*707418998])
03-14 21:36:46.474  3267  3267 W .studentfinance: ClassLoaderContext classpath size mismatch. expected=0, found=2 (PCL[] | PCL[/system/framework/android.test.runner.jar*2496447986:/system/framework/android.test.mock.jar*1452759902]{PCL[/system/framework/android.test.base.jar*724373495]#PCL[/system/framework/android.test.mock.jar*1452759902]#PCL[/system/framework/android.test.runner.jar*2496447986]{PCL[/system/framework/android.test.base.jar*724373495]#PCL[/system/framework/android.test.mock.jar*1452759902]}};PCL[/system/framework/android.test.runner.jar*2496447986:/system/framework/android.test.mock.jar*1452759902:/system/framework/android.test.base.jar*724373495:/data/app/~~L0ewUv4Sat0ON-73UhO37Q==/com.mcfuzzysquirrel.studentfinance.test-Bl69Zrs6T67nvO5StBleuA==/base.apk*3046124314:/data/app/~~h6fHsVYrEOUUf4QRhCks7w==/com.mcfuzzysquirrel.studentfinance-Q8lOysCAg5zlRgAda7r3aA==/base.apk*707418998])
03-14 21:36:46.484  3267  3267 W ziparchive: Unable to open '/data/app/~~L0ewUv4Sat0ON-73UhO37Q==/com.mcfuzzysquirrel.studentfinance.test-Bl69Zrs6T67nvO5StBleuA==/base.dm': No such file or directory
03-14 21:36:46.485  3267  3267 W ziparchive: Unable to open '/data/app/~~L0ewUv4Sat0ON-73UhO37Q==/com.mcfuzzysquirrel.studentfinance.test-Bl69Zrs6T67nvO5StBleuA==/base.dm': No such file or directory
03-14 21:36:46.805  3267  3267 W ziparchive: Unable to open '/data/app/~~h6fHsVYrEOUUf4QRhCks7w==/com.mcfuzzysquirrel.studentfinance-Q8lOysCAg5zlRgAda7r3aA==/base.dm': No such file or directory
03-14 21:36:46.805  3267  3267 W ziparchive: Unable to open '/data/app/~~h6fHsVYrEOUUf4QRhCks7w==/com.mcfuzzysquirrel.studentfinance-Q8lOysCAg5zlRgAda7r3aA==/base.dm': No such file or directory
03-14 21:36:47.207  3267  3267 I AndroidJUnitRunner: newApplication com.mcfuzzysquirrel.studentfinance.MainApplication
03-14 21:36:47.230  3267  3267 I AndroidJUnitRunner: onCreate Bundle[mParcelledData.dataSize=240]
03-14 21:36:47.231  3267  3267 D AndroidJUnitRunner: Use the raw file system for managing file I/O.
03-14 21:36:47.369  3267  3267 V TestEventClient: No service name argument was given (testDiscoveryService, testRunEventService or orchestratorService)
03-14 21:36:47.371  3267  3411 D AndroidJUnitRunner: onStart is called.
03-14 21:36:47.387  3267  3267 W SoLoader: Initializing SoLoader: 0
03-14 21:36:47.389  3267  3267 W SoLoader: Recording new base apk path: /data/app/~~h6fHsVYrEOUUf4QRhCks7w==/com.mcfuzzysquirrel.studentfinance-Q8lOysCAg5zlRgAda7r3aA==/base.apk
03-14 21:36:47.389  3267  3267 W SoLoader: Previously recorded 0 base apk paths.
03-14 21:36:47.400  3267  3267 I SoLoader: Preparing SO source: DirectorySoSource[root = /vendor/lib64 flags = 2]
03-14 21:36:47.401  3267  3267 I SoLoader: Preparing SO source: DirectorySoSource[root = /system/lib64 flags = 2]
03-14 21:36:47.401  3267  3267 I SoLoader: Preparing SO source: DirectApkSoSource[root = [/data/app/~~h6fHsVYrEOUUf4QRhCks7w==/com.mcfuzzysquirrel.studentfinance-Q8lOysCAg5zlRgAda7r3aA==/base.apk!/lib/x86_64]]
03-14 21:36:47.661  3267  3267 I SoLoader: Preparing SO source: ApplicationSoSource[DirectorySoSource[root = /data/app/~~h6fHsVYrEOUUf4QRhCks7w==/com.mcfuzzysquirrel.studentfinance-Q8lOysCAg5zlRgAda7r3aA==/lib/x86_64 flags = 0]]
03-14 21:36:47.662  3267  3267 I SoLoader: init finish: 4 SO sources prepared
03-14 21:36:47.662  3267  3267 W SoLoader: SoLoader initialized: 8
03-14 21:36:47.707  3267  3267 D nativeloader: Load /data/app/~~h6fHsVYrEOUUf4QRhCks7w==/com.mcfuzzysquirrel.studentfinance-Q8lOysCAg5zlRgAda7r3aA==/base.apk!/lib/x86_64/libc++_shared.so using ns clns-7 from class loader (caller=/data/app/~~h6fHsVYrEOUUf4QRhCks7w==/com.mcfuzzysquirrel.studentfinance-Q8lOysCAg5zlRgAda7r3aA==/base.apk): ok
03-14 21:36:47.775  3267  3267 D nativeloader: Load /data/app/~~h6fHsVYrEOUUf4QRhCks7w==/com.mcfuzzysquirrel.studentfinance-Q8lOysCAg5zlRgAda7r3aA==/base.apk!/lib/x86_64/libjsi.so using ns clns-7 from class loader (caller=/data/app/~~h6fHsVYrEOUUf4QRhCks7w==/com.mcfuzzysquirrel.studentfinance-Q8lOysCAg5zlRgAda7r3aA==/base.apk): ok
03-14 21:36:47.792  3267  3267 D nativeloader: Load /data/app/~~h6fHsVYrEOUUf4QRhCks7w==/com.mcfuzzysquirrel.studentfinance-Q8lOysCAg5zlRgAda7r3aA==/base.apk!/lib/x86_64/libfbjni.so using ns clns-7 from class loader (caller=/data/app/~~h6fHsVYrEOUUf4QRhCks7w==/com.mcfuzzysquirrel.studentfinance-Q8lOysCAg5zlRgAda7r3aA==/base.apk): ok
03-14 21:36:47.864  3267  3267 D nativeloader: Load /data/app/~~h6fHsVYrEOUUf4QRhCks7w==/com.mcfuzzysquirrel.studentfinance-Q8lOysCAg5zlRgAda7r3aA==/base.apk!/lib/x86_64/libreactnative.so using ns clns-7 from class loader (caller=/data/app/~~h6fHsVYrEOUUf4QRhCks7w==/com.mcfuzzysquirrel.studentfinance-Q8lOysCAg5zlRgAda7r3aA==/base.apk): ok
03-14 21:36:47.864  3267  3267 D jni_lib_merge: Entering merged library JNI_OnLoad.
03-14 21:36:47.864  3267  3267 D jni_lib_merge: Preparing 12 pre-merged libs (including stub)
03-14 21:36:47.865  3267  3267 D jni_lib_merge: Preparing to register libfabricjni_so.  onload_func: 0x7c94fc78b730
03-14 21:36:47.865  3267  3267 D jni_lib_merge: Preparing to register libreact_devsupportjni_so.  onload_func: 0x7c94fc988190
03-14 21:36:47.865  3267  3267 D jni_lib_merge: Preparing to register libreact_featureflagsjni_so.  onload_func: 0x7c94fc999910
03-14 21:36:47.865  3267  3267 D jni_lib_merge: Preparing to register libreact_newarchdefaults_so.  onload_func: 0x7c94fca3ad20
03-14 21:36:47.865  3267  3267 D jni_lib_merge: Preparing to register libreactnativeblob_so.  onload_func: 0x7c94fcc452e0
03-14 21:36:47.865  3267  3267 D jni_lib_merge: Preparing to register libreactnativejni_so.  onload_func: 0x7c94fcc85770
03-14 21:36:47.865  3267  3267 D jni_lib_merge: Preparing to register libreactnativejni_common_so.  onload_func: 0x7c94fcc955d0
03-14 21:36:47.865  3267  3267 D jni_lib_merge: Preparing to register librninstance_so.  onload_func: 0x7c94fccd24c0
03-14 21:36:47.865  3267  3267 D jni_lib_merge: Preparing to register libturbomodulejsijni_so.  onload_func: 0x7c94fce33c00
03-14 21:36:47.865  3267  3267 D jni_lib_merge: Preparing to register libuimanagerjni_so.  onload_func: 0x7c94fce4bde0
03-14 21:36:47.865  3267  3267 D jni_lib_merge: Preparing to register libyoga_so.  onload_func: 0x7c94fce5ad70
03-14 21:36:47.865  3267  3267 D jni_lib_merge: About to register 11 actual methods.
03-14 21:36:47.927  3267  3267 D nativeloader: Load /data/app/~~h6fHsVYrEOUUf4QRhCks7w==/com.mcfuzzysquirrel.studentfinance-Q8lOysCAg5zlRgAda7r3aA==/base.apk!/lib/x86_64/libreact_codegen_rnscreens.so using ns clns-7 from class loader (caller=/data/app/~~h6fHsVYrEOUUf4QRhCks7w==/com.mcfuzzysquirrel.studentfinance-Q8lOysCAg5zlRgAda7r3aA==/base.apk): ok
03-14 21:36:47.927  3267  3267 D jni_lib_merge: Entering merged library JNI_OnLoad.
03-14 21:36:47.927  3267  3267 D jni_lib_merge: Preparing 12 pre-merged libs (including stub)
03-14 21:36:47.927  3267  3267 D jni_lib_merge: Preparing to register libfabricjni_so.  onload_func: 0x7c94fc78b730
03-14 21:36:47.927  3267  3267 D jni_lib_merge: Preparing to register libreact_devsupportjni_so.  onload_func: 0x7c94fc988190
03-14 21:36:47.927  3267  3267 D jni_lib_merge: Preparing to register libreact_featureflagsjni_so.  onload_func: 0x7c94fc999910
03-14 21:36:47.927  3267  3267 D jni_lib_merge: Preparing to register libreact_newarchdefaults_so.  onload_func: 0x7c94fca3ad20
03-14 21:36:47.927  3267  3267 D jni_lib_merge: Preparing to register libreactnativeblob_so.  onload_func: 0x7c94fcc452e0
03-14 21:36:47.927  3267  3267 D jni_lib_merge: Preparing to register libreactnativejni_so.  onload_func: 0x7c94fcc85770
03-14 21:36:47.927  3267  3267 D jni_lib_merge: Preparing to register libreactnativejni_common_so.  onload_func: 0x7c94fcc955d0
03-14 21:36:47.927  3267  3267 D jni_lib_merge: Preparing to register librninstance_so.  onload_func: 0x7c94fccd24c0
03-14 21:36:47.927  3267  3267 D jni_lib_merge: Preparing to register libturbomodulejsijni_so.  onload_func: 0x7c94fce33c00
03-14 21:36:47.927  3267  3267 D jni_lib_merge: Preparing to register libuimanagerjni_so.  onload_func: 0x7c94fce4bde0
03-14 21:36:47.927  3267  3267 D jni_lib_merge: Preparing to register libyoga_so.  onload_func: 0x7c94fce5ad70
03-14 21:36:47.927  3267  3267 D jni_lib_merge: About to register 11 actual methods.
03-14 21:36:47.964  3267  3267 D nativeloader: Load /data/app/~~h6fHsVYrEOUUf4QRhCks7w==/com.mcfuzzysquirrel.studentfinance-Q8lOysCAg5zlRgAda7r3aA==/base.apk!/lib/x86_64/libreact_codegen_rnsvg.so using ns clns-7 from class loader (caller=/data/app/~~h6fHsVYrEOUUf4QRhCks7w==/com.mcfuzzysquirrel.studentfinance-Q8lOysCAg5zlRgAda7r3aA==/base.apk): ok
03-14 21:36:47.964  3267  3267 D jni_lib_merge: Entering merged library JNI_OnLoad.
03-14 21:36:47.964  3267  3267 D jni_lib_merge: Preparing 12 pre-merged libs (including stub)
03-14 21:36:47.964  3267  3267 D jni_lib_merge: Preparing to register libfabricjni_so.  onload_func: 0x7c94fc78b730
03-14 21:36:47.964  3267  3267 D jni_lib_merge: Preparing to register libreact_devsupportjni_so.  onload_func: 0x7c94fc988190
03-14 21:36:47.964  3267  3267 D jni_lib_merge: Preparing to register libreact_featureflagsjni_so.  onload_func: 0x7c94fc999910
03-14 21:36:47.964  3267  3267 D jni_lib_merge: Preparing to register libreact_newarchdefaults_so.  onload_func: 0x7c94fca3ad20
03-14 21:36:47.964  3267  3267 D jni_lib_merge: Preparing to register libreactnativeblob_so.  onload_func: 0x7c94fcc452e0
03-14 21:36:47.964  3267  3267 D jni_lib_merge: Preparing to register libreactnativejni_so.  onload_func: 0x7c94fcc85770
03-14 21:36:47.964  3267  3267 D jni_lib_merge: Preparing to register libreactnativejni_common_so.  onload_func: 0x7c94fcc955d0
03-14 21:36:47.964  3267  3267 D jni_lib_merge: Preparing to register librninstance_so.  onload_func: 0x7c94fccd24c0
03-14 21:36:47.964  3267  3267 D jni_lib_merge: Preparing to register libturbomodulejsijni_so.  onload_func: 0x7c94fce33c00
03-14 21:36:47.964  3267  3267 D jni_lib_merge: Preparing to register libuimanagerjni_so.  onload_func: 0x7c94fce4bde0
03-14 21:36:47.964  3267  3267 D jni_lib_merge: Preparing to register libyoga_so.  onload_func: 0x7c94fce5ad70
03-14 21:36:47.964  3267  3267 D jni_lib_merge: About to register 11 actual methods.
03-14 21:36:47.981  3267  3267 D nativeloader: Load /data/app/~~h6fHsVYrEOUUf4QRhCks7w==/com.mcfuzzysquirrel.studentfinance-Q8lOysCAg5zlRgAda7r3aA==/base.apk!/lib/x86_64/libreact_codegen_safeareacontext.so using ns clns-7 from class loader (caller=/data/app/~~h6fHsVYrEOUUf4QRhCks7w==/com.mcfuzzysquirrel.studentfinance-Q8lOysCAg5zlRgAda7r3aA==/base.apk): ok
03-14 21:36:48.012  3267  3267 D nativeloader: Load /data/app/~~h6fHsVYrEOUUf4QRhCks7w==/com.mcfuzzysquirrel.studentfinance-Q8lOysCAg5zlRgAda7r3aA==/base.apk!/lib/x86_64/libappmodules.so using ns clns-7 from class loader (caller=/data/app/~~h6fHsVYrEOUUf4QRhCks7w==/com.mcfuzzysquirrel.studentfinance-Q8lOysCAg5zlRgAda7r3aA==/base.apk): ok
03-14 21:36:48.308  3267  3267 I Choreographer: Skipped 64 frames!  The application may be doing too much work on its main thread.
03-14 21:36:48.386  3267  3411 I InstrConnection: Could not send broadcast or register receiver (isolatedProcess?)
03-14 21:36:48.388  3267  3411 D TestRequestBuilder: Using class path scanning to discover tests
03-14 21:36:48.388  3267  3411 I TestRequestBuilder: Scanning classpath to find tests in paths [/data/app/~~L0ewUv4Sat0ON-73UhO37Q==/com.mcfuzzysquirrel.studentfinance.test-Bl69Zrs6T67nvO5StBleuA==/base.apk]
03-14 21:36:48.400  3267  3411 W .studentfinance: Opening an oat file without a class loader. Are you using the deprecated DexFile APIs?
03-14 21:36:49.490  3267  3411 I TestRunner: run started: 1 tests
03-14 21:36:49.491  3267  3411 I TestRunner: started: runDetoxTests(com.mcfuzzysquirrel.studentfinance.DetoxTest)
03-14 21:36:49.510  3267  3411 I Detox   : Detox server connection details: url=ws://localhost:42751, sessionId=01474778-049a-375f-2acc-8129ae58e29b
03-14 21:36:49.544  3267  3411 I Tracing : Tracer added: class androidx.test.platform.tracing.AndroidXTracer
03-14 21:36:49.571  3267  3411 W .studentfinance: Accessing hidden field Ljava/lang/reflect/Field;->accessFlags:I (unsupported, reflection, allowed)
03-14 21:36:49.580  3267  3411 I Detox   : Connecting to server...
03-14 21:36:49.586  3267  3411 I DetoxWSClient: At connectToServer
03-14 21:36:49.854  3267  3518 D TrafficStats: tagSocket(102) with statsTag=0xffffffff, statsUid=-1
03-14 21:36:49.893  3267  3518 D DetoxWSClient: At onOpen
03-14 21:36:49.893  3267  3518 I DetoxWSClient: Sending out action 'login' (ID #0)
03-14 21:36:49.894  3267  3518 I Detox   : Connected to server!
03-14 21:36:49.914  3267  3518 D DetoxWSClient: Received action 'loginSuccess' (ID #0, params={"testerConnected":true,"appConnected":true})
03-14 21:36:49.918  3267  3509 I DetoxDispatcher: Handling action 'loginSuccess' (ID #0)...
03-14 21:36:49.918  3267  3509 I DetoxDispatcher: Done with action 'loginSuccess'
03-14 21:36:49.918  3267  3411 I Detox   : Launching the tested activity!
03-14 21:36:49.994  3267  3518 D DetoxWSClient: Received action 'isReady' (ID #-1000, params={})
03-14 21:36:49.994  3267  3509 I DetoxDispatcher: Handling action 'isReady' (ID #-1000)...
03-14 21:36:50.305  3267  3267 D AppCompatDelegate: Checking for metadata for AppLocalesMetadataHolderService : Service not found
03-14 21:36:50.540  3267  3267 D LifecycleMonitor: Lifecycle status change: com.mcfuzzysquirrel.studentfinance.MainActivity@5deeeda in: PRE_ON_CREATE
03-14 21:36:50.925  3267  3267 W unknown:BridgelessReact: ReactHost{0}.startSurface(surfaceId = 0): Schedule
03-14 21:36:50.925  3267  3267 W unknown:BridgelessReact: ReactHost{0}.attachSurface(surfaceId = 0)
03-14 21:36:50.929  3267  3584 W unknown:BridgelessReact: ReactHost{0}.getOrCreateReactInstanceTask()
03-14 21:36:50.929  3267  3584 W unknown:BridgelessReact: ReactHost{0}.getOrCreateReactInstanceTask(): Start
03-14 21:36:50.929  3267  3584 D Detox.RNMarker: REACT_BRIDGELESS_LOADING_START (null)
03-14 21:36:50.935  3267  3584 W unknown:BridgelessReact: ReactHost{0}.getJSBundleLoader()
03-14 21:36:50.935  3267  3584 W unknown:BridgelessReact: ReactHost{0}.isMetroRunning()
03-14 21:36:50.942  3267  3586 D TrafficStats: tagSocket(109) with statsTag=0xffffffff, statsUid=-1
03-14 21:36:50.951  3267  3586 W unknown:ReactNative: The packager does not seem to be running as we got an IOException requesting its status: Failed to connect to /10.0.2.2:8081
03-14 21:36:50.951  3267  3586 W unknown:BridgelessReact: ReactHost{0}.isMetroRunning(): Async result = false
03-14 21:36:50.971  3267  3584 W unknown:BridgelessReact: ReactHost{0}.getOrCreateReactInstanceTask(): Creating ReactInstance
03-14 21:36:50.989  3267  3267 W .studentfinance: Accessing hidden method Landroid/view/ViewGroup;->makeOptionalFitsSystemWindows()V (unsupported, reflection, allowed)
03-14 21:36:50.998  3267  3588 D TrafficStats: tagSocket(112) with statsTag=0xffffffff, statsUid=-1
03-14 21:36:51.000  3267  3588 W unknown:ReconnectingWebSocket: Couldn't connect to "ws://10.0.2.2:8081/message?device=sdk_gphone64_x86_64%20-%2015%20-%20API%2035&app=com.mcfuzzysquirrel.studentfinance&clientid=BridgelessDevSupportManager", will silently retry
03-14 21:36:51.002  3267  3267 D LifecycleMonitor: Lifecycle status change: com.mcfuzzysquirrel.studentfinance.MainActivity@5deeeda in: CREATED
03-14 21:36:51.005  3267  3267 D LifecycleMonitor: Lifecycle status change: com.mcfuzzysquirrel.studentfinance.MainActivity@5deeeda in: STARTED
03-14 21:36:51.010  3267  3267 W unknown:BridgelessReact: ReactHost{0}.onHostResume(activity)
03-14 21:36:51.010  3267  3267 W unknown:ReactNative: Packager connection already open, nooping.
03-14 21:36:51.010  3267  3267 W unknown:BridgelessReact: ReactHost{0}.ReactContext.onHostResume()
03-14 21:36:51.010  3267  3267 D LifecycleMonitor: Lifecycle status change: com.mcfuzzysquirrel.studentfinance.MainActivity@5deeeda in: RESUMED
03-14 21:36:51.022  3267  3267 W HWUI    : Unknown dataspace 0
03-14 21:36:51.084  3267  3593 D TrafficStats: tagSocket(116) with statsTag=0xffffffff, statsUid=-1
03-14 21:36:51.096  3267  3538 I EGL_emulation: Opening libGLESv1_CM_emulation.so
03-14 21:36:51.096  3267  3538 I EGL_emulation: Opening libGLESv2_emulation.so
03-14 21:36:51.116  3267  3538 W HWUI    : Failed to initialize 101010-2 format, error = EGL_SUCCESS
03-14 21:36:51.122  3267  3584 D nativeloader: Load /data/app/~~h6fHsVYrEOUUf4QRhCks7w==/com.mcfuzzysquirrel.studentfinance-Q8lOysCAg5zlRgAda7r3aA==/base.apk!/lib/x86_64/libhermesvm.so using ns clns-7 from class loader (caller=/data/app/~~h6fHsVYrEOUUf4QRhCks7w==/com.mcfuzzysquirrel.studentfinance-Q8lOysCAg5zlRgAda7r3aA==/base.apk): ok
03-14 21:36:51.137  3267  3584 D nativeloader: Load /data/app/~~h6fHsVYrEOUUf4QRhCks7w==/com.mcfuzzysquirrel.studentfinance-Q8lOysCAg5zlRgAda7r3aA==/base.apk!/lib/x86_64/libhermestooling.so using ns clns-7 from class loader (caller=/data/app/~~h6fHsVYrEOUUf4QRhCks7w==/com.mcfuzzysquirrel.studentfinance-Q8lOysCAg5zlRgAda7r3aA==/base.apk): ok
03-14 21:36:51.137  3267  3584 D jni_lib_merge: Entering merged library JNI_OnLoad.
03-14 21:36:51.137  3267  3584 D jni_lib_merge: Preparing 4 pre-merged libs (including stub)
03-14 21:36:51.137  3267  3584 D jni_lib_merge: Preparing to register libhermes_executor_so.  onload_func: 0x7c94eda7c050
03-14 21:36:51.137  3267  3584 D jni_lib_merge: Preparing to register libhermesinstancejni_so.  onload_func: 0x7c94edab2680
03-14 21:36:51.137  3267  3584 D jni_lib_merge: Preparing to register libjsijniprofiler_so.  onload_func: 0x7c94edab43f0
03-14 21:36:51.137  3267  3584 D jni_lib_merge: About to register 3 actual methods.
03-14 21:36:51.179  3267  3538 I Gralloc4: mapper 4.x is not supported
03-14 21:36:51.921  3267  3584 I ExpoModulesCore: ✅ AppContext was initialized
03-14 21:36:52.081  3267  3584 W unknown:BridgelessReact: ReactHost{0}.getOrCreateReactInstanceTask(): Loading JS Bundle
03-14 21:36:52.105  3267  3267 W unknown:BridgelessReact: ReactHost{0}.handleHostException(message = "Unable to load script.
03-14 21:36:52.105  3267  3267 W unknown:BridgelessReact: 
03-14 21:36:52.105  3267  3267 W unknown:BridgelessReact: Make sure you're running Metro or that your bundle 'index.android.bundle' is packaged correctly for release.
03-14 21:36:52.105  3267  3267 W unknown:BridgelessReact: 
03-14 21:36:52.105  3267  3267 W unknown:BridgelessReact: The device must either be USB connected (with bundler set to "localhost:8081") or be on the same Wi-Fi network as your computer (with bundler set to your computer IP) to connect to Metro.
03-14 21:36:52.105  3267  3267 W unknown:BridgelessReact: 
03-14 21:36:52.105  3267  3267 W unknown:BridgelessReact: If you're using USB on a physical device, make sure you also run this command:
03-14 21:36:52.105  3267  3267 W unknown:BridgelessReact:   adb reverse tcp:8081 tcp:8081")
03-14 21:36:52.108  3267  3267 E unknown:ReactNative: Exception in native call
03-14 21:36:52.108  3267  3267 E unknown:ReactNative: java.lang.RuntimeException: Unable to load script.
03-14 21:36:52.108  3267  3267 E unknown:ReactNative: 
03-14 21:36:52.108  3267  3267 E unknown:ReactNative: Make sure you're running Metro or that your bundle 'index.android.bundle' is packaged correctly for release.
03-14 21:36:52.108  3267  3267 E unknown:ReactNative: 
03-14 21:36:52.108  3267  3267 E unknown:ReactNative: The device must either be USB connected (with bundler set to "localhost:8081") or be on the same Wi-Fi network as your computer (with bundler set to your computer IP) to connect to Metro.
03-14 21:36:52.108  3267  3267 E unknown:ReactNative: 
03-14 21:36:52.108  3267  3267 E unknown:ReactNative: If you're using USB on a physical device, make sure you also run this command:
03-14 21:36:52.108  3267  3267 E unknown:ReactNative:   adb reverse tcp:8081 tcp:8081
03-14 21:36:52.108  3267  3267 E unknown:ReactNative: 	at com.facebook.react.runtime.ReactInstance.loadJSBundleFromAssets(Native Method)
03-14 21:36:52.108  3267  3267 E unknown:ReactNative: 	at com.facebook.react.runtime.ReactInstance.access$loadJSBundleFromAssets(ReactInstance.kt:84)
03-14 21:36:52.108  3267  3267 E unknown:ReactNative: 	at com.facebook.react.runtime.ReactInstance$loadJSBundle$1.loadScriptFromAssets(ReactInstance.kt:324)
03-14 21:36:52.108  3267  3267 E unknown:ReactNative: 	at com.facebook.react.bridge.JSBundleLoader$Companion$createAssetLoader$1.loadScript(JSBundleLoader.kt:33)
03-14 21:36:52.108  3267  3267 E unknown:ReactNative: 	at com.facebook.react.runtime.ReactInstance.loadJSBundle(ReactInstance.kt:303)
03-14 21:36:52.108  3267  3267 E unknown:ReactNative: 	at com.facebook.react.runtime.ReactHostImpl.getOrCreateReactInstanceTask$lambda$44$lambda$40(ReactHostImpl.kt:1015)
03-14 21:36:52.108  3267  3267 E unknown:ReactNative: 	at com.facebook.react.runtime.ReactHostImpl.$r8$lambda$kGNcmxBxZbp8b1wWTaqIXDdkV8g(Unknown Source:0)
03-14 21:36:52.108  3267  3267 E unknown:ReactNative: 	at com.facebook.react.runtime.ReactHostImpl$$ExternalSyntheticLambda24.then(D8$$SyntheticClass:0)
03-14 21:36:52.108  3267  3267 E unknown:ReactNative: 	at com.facebook.react.runtime.internal.bolts.Task$Companion.completeImmediately$lambda$3(Task.kt:360)
03-14 21:36:52.108  3267  3267 E unknown:ReactNative: 	at com.facebook.react.runtime.internal.bolts.Task$Companion.$r8$lambda$b7MTC0ufkn_2TjF4BGcNqGR9qK0(Unknown Source:0)
03-14 21:36:52.108  3267  3267 E unknown:ReactNative: 	at com.facebook.react.runtime.internal.bolts.Task$Companion$$ExternalSyntheticLambda3.run(D8$$SyntheticClass:0)
03-14 21:36:52.108  3267  3267 E unknown:ReactNative: 	at com.facebook.react.runtime.internal.bolts.Executors$ImmediateExecutor.execute(Executors.kt:41)
03-14 21:36:52.108  3267  3267 E unknown:ReactNative: 	at com.facebook.react.runtime.internal.bolts.Task$Companion.completeImmediately(Task.kt:358)
03-14 21:36:52.108  3267  3267 E unknown:ReactNative: 	at com.facebook.react.runtime.internal.bolts.Task$Companion.access$completeImmediately(Task.kt:254)
03-14 21:36:52.108  3267  3267 E unknown:ReactNative: 	at com.facebook.react.runtime.internal.bolts.Task.continueWith(Task.kt:133)
03-14 21:36:52.108  3267  3267 E unknown:ReactNative: 	at com.facebook.react.runtime.internal.bolts.Task.continueWith$default(Task.kt:117)
03-14 21:36:52.108  3267  3267 E unknown:ReactNative: 	at com.facebook.react.runtime.internal.bolts.Task.onSuccess$lambda$12(Task.kt:176)
03-14 21:36:52.108  3267  3267 E unknown:ReactNative: 	at com.facebook.react.runtime.internal.bolts.Task.$r8$lambda$l0wwo5AvbHxlwfI1R7CH_codxoo(Unknown Source:0)
03-14 21:36:52.108  3267  3267 E unknown:ReactNative: 	at com.facebook.react.runtime.internal.bolts.Task$$ExternalSyntheticLambda2.then(D8$$SyntheticClass:0)
03-14 21:36:52.108  3267  3267 E unknown:ReactNative: 	at com.facebook.react.runtime.internal.bolts.Task$Companion.completeAfterTask$lambda$5(Task.kt:394)
03-14 21:36:52.108  3267  3267 E unknown:ReactNative: 	at com.facebook.react.runtime.internal.bolts.Task$Companion.$r8$lambda$IPpysnehFwANEiW061YzapkMdoE(Unknown Source:0)
03-14 21:36:52.108  3267  3267 E unknown:ReactNative: 	at com.facebook.react.runtime.internal.bolts.Task$Companion$$ExternalSyntheticLambda4.run(D8$$SyntheticClass:0)
03-14 21:36:52.108  3267  3267 E unknown:ReactNative: 	at java.util.concurrent.ThreadPoolExecutor.runWorker(ThreadPoolExecutor.java:1145)
03-14 21:36:52.108  3267  3267 E unknown:ReactNative: 	at java.util.concurrent.ThreadPoolExecutor$Worker.run(ThreadPoolExecutor.java:644)
03-14 21:36:52.108  3267  3267 E unknown:ReactNative: 	at java.lang.Thread.run(Thread.java:1012)
03-14 21:36:52.138  3267  3584 W unknown:BridgelessReact: ReactHost{0}.getOrCreateDestroyTask()
03-14 21:36:52.138  3267  3584 W unknown:BridgelessReact: ReactHost{0}.raiseSoftException(getOrCreateDestroyTask()): handleHostException(message = "Unable to load script.
03-14 21:36:52.138  3267  3584 W unknown:BridgelessReact: 
03-14 21:36:52.138  3267  3584 W unknown:BridgelessReact: Make sure you're running Metro or that your bundle 'index.android.bundle' is packaged correctly for release.
03-14 21:36:52.138  3267  3584 W unknown:BridgelessReact: 
03-14 21:36:52.138  3267  3584 W unknown:BridgelessReact: The device must either be USB connected (with bundler set to "localhost:8081") or be on the same Wi-Fi network as your computer (with bundler set to your computer IP) to connect to Metro.
03-14 21:36:52.138  3267  3584 W unknown:BridgelessReact: 
03-14 21:36:52.138  3267  3584 W unknown:BridgelessReact: If you're using USB on a physical device, make sure you also run this command:
03-14 21:36:52.138  3267  3584 W unknown:BridgelessReact:   adb reverse tcp:8081 tcp:8081")
03-14 21:36:52.151  3267  3272 I .studentfinance: Compiler allocated 5174KB to compile void android.view.ViewRootImpl.performTraversals()
03-14 21:36:52.156  3267  3584 E unknown:ReactHost: Unhandled SoftException
03-14 21:36:52.156  3267  3584 E unknown:ReactHost: com.facebook.react.bridge.ReactNoCrashSoftException: raiseSoftException(getOrCreateDestroyTask()): handleHostException(message = "Unable to load script.
03-14 21:36:52.156  3267  3584 E unknown:ReactHost: 
03-14 21:36:52.156  3267  3584 E unknown:ReactHost: Make sure you're running Metro or that your bundle 'index.android.bundle' is packaged correctly for release.
03-14 21:36:52.156  3267  3584 E unknown:ReactHost: 
03-14 21:36:52.156  3267  3584 E unknown:ReactHost: The device must either be USB connected (with bundler set to "localhost:8081") or be on the same Wi-Fi network as your computer (with bundler set to your computer IP) to connect to Metro.
03-14 21:36:52.156  3267  3584 E unknown:ReactHost: 
03-14 21:36:52.156  3267  3584 E unknown:ReactHost: If you're using USB on a physical device, make sure you also run this command:
03-14 21:36:52.156  3267  3584 E unknown:ReactHost:   adb reverse tcp:8081 tcp:8081")
03-14 21:36:52.156  3267  3584 E unknown:ReactHost: 	at com.facebook.react.runtime.ReactHostImpl.raiseSoftException(ReactHostImpl.kt:861)
03-14 21:36:52.156  3267  3584 E unknown:ReactHost: 	at com.facebook.react.runtime.ReactHostImpl.getOrCreateDestroyTask(ReactHostImpl.kt:1422)
03-14 21:36:52.156  3267  3584 E unknown:ReactHost: 	at com.facebook.react.runtime.ReactHostImpl.destroy$lambda$11(ReactHostImpl.kt:500)
03-14 21:36:52.156  3267  3584 E unknown:ReactHost: 	at com.facebook.react.runtime.ReactHostImpl.$r8$lambda$RqPT6VdmhA-RKBsb9qAdshHTgug(Unknown Source:0)
03-14 21:36:52.156  3267  3584 E unknown:ReactHost: 	at com.facebook.react.runtime.ReactHostImpl$$ExternalSyntheticLambda35.call(D8$$SyntheticClass:0)
03-14 21:36:52.156  3267  3584 E unknown:ReactHost: 	at com.facebook.react.runtime.internal.bolts.Task$Companion.call$lambda$2(Task.kt:319)
03-14 21:36:52.156  3267  3584 E unknown:ReactHost: 	at com.facebook.react.runtime.internal.bolts.Task$Companion.$r8$lambda$MFqd_-X5KhHmu0hvNE2Bec_4mJM(Unknown Source:0)
03-14 21:36:52.156  3267  3584 E unknown:ReactHost: 	at com.facebook.react.runtime.internal.bolts.Task$Companion$$ExternalSyntheticLambda1.run(D8$$SyntheticClass:0)
03-14 21:36:52.156  3267  3584 E unknown:ReactHost: 	at java.util.concurrent.ThreadPoolExecutor.runWorker(ThreadPoolExecutor.java:1145)
03-14 21:36:52.156  3267  3584 E unknown:ReactHost: 	at java.util.concurrent.ThreadPoolExecutor$Worker.run(ThreadPoolExecutor.java:644)
03-14 21:36:52.156  3267  3584 E unknown:ReactHost: 	at java.lang.Thread.run(Thread.java:1012)
03-14 21:36:52.156  3267  3584 E unknown:ReactHost: Caused by: java.lang.RuntimeException: Unable to load script.
03-14 21:36:52.156  3267  3584 E unknown:ReactHost: 
03-14 21:36:52.156  3267  3584 E unknown:ReactHost: Make sure you're running Metro or that your bundle 'index.android.bundle' is packaged correctly for release.
03-14 21:36:52.156  3267  3584 E unknown:ReactHost: 
03-14 21:36:52.156  3267  3584 E unknown:ReactHost: The device must either be USB connected (with bundler set to "localhost:8081") or be on the same Wi-Fi network as your computer (with bundler set to your computer IP) to connect to Metro.
03-14 21:36:52.156  3267  3584 E unknown:ReactHost: 
03-14 21:36:52.156  3267  3584 E unknown:ReactHost: If you're using USB on a physical device, make sure you also run this command:
03-14 21:36:52.156  3267  3584 E unknown:ReactHost:   adb reverse tcp:8081 tcp:8081
03-14 21:36:52.156  3267  3584 E unknown:ReactHost: 	at com.facebook.react.runtime.ReactInstance.loadJSBundleFromAssets(Native Method)
03-14 21:36:52.156  3267  3584 E unknown:ReactHost: 	at com.facebook.react.runtime.ReactInstance.access$loadJSBundleFromAssets(ReactInstance.kt:84)
03-14 21:36:52.156  3267  3584 E unknown:ReactHost: 	at com.facebook.react.runtime.ReactInstance$loadJSBundle$1.loadScriptFromAssets(ReactInstance.kt:324)
03-14 21:36:52.156  3267  3584 E unknown:ReactHost: 	at com.facebook.react.bridge.JSBundleLoader$Companion$createAssetLoader$1.loadScript(JSBundleLoader.kt:33)
03-14 21:36:52.156  3267  3584 E unknown:ReactHost: 	at com.facebook.react.runtime.ReactInstance.loadJSBundle(ReactInstance.kt:303)
03-14 21:36:52.156  3267  3584 E unknown:ReactHost: 	at com.facebook.react.runtime.ReactHostImpl.getOrCreateReactInstanceTask$lambda$44$lambda$40(ReactHostImpl.kt:1015)
03-14 21:36:52.156  3267  3584 E unknown:ReactHost: 	at com.facebook.react.runtime.ReactHostImpl.$r8$lambda$kGNcmxBxZbp8b1wWTaqIXDdkV8g(Unknown Source:0)
03-14 21:36:52.156  3267  3584 E unknown:ReactHost: 	at com.facebook.react.runtime.ReactHostImpl$$ExternalSyntheticLambda24.then(D8$$SyntheticClass:0)
03-14 21:36:52.156  3267  3584 E unknown:ReactHost: 	at com.facebook.react.runtime.internal.bolts.Task$Companion.completeImmediately$lambda$3(Task.kt:360)
03-14 21:36:52.156  3267  3584 E unknown:ReactHost: 	at com.facebook.react.runtime.internal.bolts.Task$Companion.$r8$lambda$b7MTC0ufkn_2TjF4BGcNqGR9qK0(Unknown Source:0)
03-14 21:36:52.156  3267  3584 E unknown:ReactHost: 	at com.facebook.react.runtime.internal.bolts.Task$Companion$$ExternalSyntheticLambda3.run(D8$$SyntheticClass:0)
03-14 21:36:52.156  3267  3584 E unknown:ReactHost: 	at com.facebook.react.runtime.internal.bolts.Executors$ImmediateExecutor.execute(Executors.kt:41)
03-14 21:36:52.156  3267  3584 E unknown:ReactHost: 	at com.facebook.react.runtime.internal.bolts.Task$Companion.completeImmediately(Task.kt:358)
03-14 21:36:52.156  3267  3584 E unknown:ReactHost: 	at com.facebook.react.runtime.internal.bolts.Task$Companion.access$completeImmediately(Task.kt:254)
03-14 21:36:52.156  3267  3584 E unknown:ReactHost: 	at com.facebook.react.runtime.internal.bolts.Task.continueWith(Task.kt:133)
03-14 21:36:52.156  3267  3584 E unknown:ReactHost: 	at com.facebook.react.runtime.internal.bolts.Task.continueWith$default(Task.kt:117)
03-14 21:36:52.156  3267  3584 E unknown:ReactHost: 	at com.facebook.react.runtime.internal.bolts.Task.onSuccess$lambda$12(Task.kt:176)
03-14 21:36:52.156  3267  3584 E unknown:ReactHost: 	at com.facebook.react.runtime.internal.bolts.Task.$r8$lambda$l0wwo5AvbHxlwfI1R7CH_codxoo(Unknown Source:0)
03-14 21:36:52.156  3267  3584 E unknown:ReactHost: 	at com.facebook.react.runtime.internal.bolts.Task$$ExternalSyntheticLambda2.then(D8$$SyntheticClass:0)
03-14 21:36:52.156  3267  3584 E unknown:ReactHost: 	at com.facebook.react.runtime.internal.bolts.Task$Companion.completeAfterTask$lambda$5(Task.kt:394)
03-14 21:36:52.156  3267  3584 E unknown:ReactHost: 	at com.facebook.react.runtime.internal.bolts.Task$Companion.$r8$lambda$IPpysnehFwANEiW061YzapkMdoE(Unknown Source:0)
03-14 21:36:52.156  3267  3584 E unknown:ReactHost: 	at com.facebook.react.runtime.internal.bolts.Task$Companion$$ExternalSyntheticLambda4.run(D8$$SyntheticClass:0)
03-14 21:36:52.156  3267  3584 E unknown:ReactHost: 	... 3 more
03-14 21:36:52.180  3267  3584 W unknown:BridgelessReact: ReactHost{0}.getOrCreateDestroyTask(): Resetting createReactInstance task ref
03-14 21:36:52.485  3267  3411 D DetoxRNLoading: Got new RN-context explicitly while polling (#iteration=1)
03-14 21:36:52.487  3267  3411 I DetoxRNIdleRes: Setting up Espresso Idling Resources for React Native
03-14 21:36:52.630  3267  3272 I .studentfinance: Compiler allocated 4219KB to compile void android.widget.TextView.<init>(android.content.Context, android.util.AttributeSet, int, int)
03-14 21:36:52.763  3267  3267 W unknown:BridgelessReact: ReactHost{0}.getOrCreateDestroyTask(): Starting React Native destruction
03-14 21:36:52.763  3267  3267 W unknown:BridgelessReact: ReactHost{0}.raiseSoftException(getOrCreateDestroyTask()): Destroy: ReactInstance task faulted. Stage: 1: Starting destroy. Fault reason: Unable to load script.
03-14 21:36:52.763  3267  3267 W unknown:BridgelessReact: 
03-14 21:36:52.763  3267  3267 W unknown:BridgelessReact: Make sure you're running Metro or that your bundle 'index.android.bundle' is packaged correctly for release.
03-14 21:36:52.763  3267  3267 W unknown:BridgelessReact: 
03-14 21:36:52.763  3267  3267 W unknown:BridgelessReact: The device must either be USB connected (with bundler set to "localhost:8081") or be on the same Wi-Fi network as your computer (with bundler set to your computer IP) to connect to Metro.
03-14 21:36:52.763  3267  3267 W unknown:BridgelessReact: 
03-14 21:36:52.763  3267  3267 W unknown:BridgelessReact: If you're using USB on a physical device, make sure you also run this command:
03-14 21:36:52.763  3267  3267 W unknown:BridgelessReact:   adb reverse tcp:8081 tcp:8081. Destroy reason: handleHostException(message = "Unable to load script.
03-14 21:36:52.763  3267  3267 W unknown:BridgelessReact: 
03-14 21:36:52.763  3267  3267 W unknown:BridgelessReact: Make sure you're running Metro or that your bundle 'index.android.bundle' is packaged correctly for release.
03-14 21:36:52.763  3267  3267 W unknown:BridgelessReact: 
03-14 21:36:52.763  3267  3267 W unknown:BridgelessReact: The device must either be USB connected (with bundler set to "localhost:8081") or be on the same Wi-Fi network as your computer (with bundler set to your computer IP) to connect to Metro.
03-14 21:36:52.763  3267  3267 W unknown:BridgelessReact: 
03-14 21:36:52.763  3267  3267 W unknown:BridgelessReact: If you're using USB on a physical device, make sure you also run this command:
03-14 21:36:52.763  3267  3267 W unknown:BridgelessReact:   adb reverse tcp:8081 tcp:8081")
03-14 21:36:52.763  3267  3267 E unknown:ReactHost: Unhandled SoftException
03-14 21:36:52.763  3267  3267 E unknown:ReactHost: com.facebook.react.bridge.ReactNoCrashSoftException: raiseSoftException(getOrCreateDestroyTask()): Destroy: ReactInstance task faulted. Stage: 1: Starting destroy. Fault reason: Unable to load script.
03-14 21:36:52.763  3267  3267 E unknown:ReactHost: 
03-14 21:36:52.763  3267  3267 E unknown:ReactHost: Make sure you're running Metro or that your bundle 'index.android.bundle' is packaged correctly for release.
03-14 21:36:52.763  3267  3267 E unknown:ReactHost: 
03-14 21:36:52.763  3267  3267 E unknown:ReactHost: The device must either be USB connected (with bundler set to "localhost:8081") or be on the same Wi-Fi network as your computer (with bundler set to your computer IP) to connect to Metro.
03-14 21:36:52.763  3267  3267 E unknown:ReactHost: 
03-14 21:36:52.763  3267  3267 E unknown:ReactHost: If you're using USB on a physical device, make sure you also run this command:
03-14 21:36:52.763  3267  3267 E unknown:ReactHost:   adb reverse tcp:8081 tcp:8081. Destroy reason: handleHostException(message = "Unable to load script.
03-14 21:36:52.763  3267  3267 E unknown:ReactHost: 
03-14 21:36:52.763  3267  3267 E unknown:ReactHost: Make sure you're running Metro or that your bundle 'index.android.bundle' is packaged correctly for release.
03-14 21:36:52.763  3267  3267 E unknown:ReactHost: 
03-14 21:36:52.763  3267  3267 E unknown:ReactHost: The device must either be USB connected (with bundler set to "localhost:8081") or be on the same Wi-Fi network as your computer (with bundler set to your computer IP) to connect to Metro.
03-14 21:36:52.763  3267  3267 E unknown:ReactHost: 
03-14 21:36:52.763  3267  3267 E unknown:ReactHost: If you're using USB on a physical device, make sure you also run this command:
03-14 21:36:52.763  3267  3267 E unknown:ReactHost:   adb reverse tcp:8081 tcp:8081")
03-14 21:36:52.763  3267  3267 E unknown:ReactHost: 	at com.facebook.react.runtime.ReactHostImpl.raiseSoftException(ReactHostImpl.kt:861)
03-14 21:36:52.763  3267  3267 E unknown:ReactHost: 	at com.facebook.react.runtime.ReactHostImpl.raiseSoftException$default(ReactHostImpl.kt:852)
03-14 21:36:52.763  3267  3267 E unknown:ReactHost: 	at com.facebook.react.runtime.ReactHostImpl.createReactInstanceUnwrapper$lambda$49(ReactHostImpl.kt:1220)
03-14 21:36:52.763  3267  3267 E unknown:ReactHost: 	at com.facebook.react.runtime.ReactHostImpl.$r8$lambda$wxqWPZPIM84yb-DFfq8PhEXI2r4(Unknown Source:0)
03-14 21:36:52.763  3267  3267 E unknown:ReactHost: 	at com.facebook.react.runtime.ReactHostImpl$$ExternalSyntheticLambda36.invoke(D8$$SyntheticClass:0)
03-14 21:36:52.763  3267  3267 E unknown:ReactHost: 	at com.facebook.react.runtime.ReactHostImpl.getOrCreateDestroyTask$lambda$60(ReactHostImpl.kt:1437)
03-14 21:36:52.763  3267  3267 E unknown:ReactHost: 	at com.facebook.react.runtime.ReactHostImpl.$r8$lambda$W_3hbG2jNwurg3jPo_rFnHCrsPg(Unknown Source:0)
03-14 21:36:52.763  3267  3267 E unknown:ReactHost: 	at com.facebook.react.runtime.ReactHostImpl$$ExternalSyntheticLambda27.then(D8$$SyntheticClass:0)
03-14 21:36:52.763  3267  3267 E unknown:ReactHost: 	at com.facebook.react.runtime.internal.bolts.Task$Companion.completeAfterTask$lambda$5(Task.kt:394)
03-14 21:36:52.763  3267  3267 E unknown:ReactHost: 	at com.facebook.react.runtime.internal.bolts.Task$Companion.$r8$lambda$IPpysnehFwANEiW061YzapkMdoE(Unknown Source:0)
03-14 21:36:52.763  3267  3267 E unknown:ReactHost: 	at com.facebook.react.runtime.internal.bolts.Task$Companion$$ExternalSyntheticLambda4.run(D8$$SyntheticClass:0)
03-14 21:36:52.763  3267  3267 E unknown:ReactHost: 	at android.os.Handler.handleCallback(Handler.java:959)
03-14 21:36:52.763  3267  3267 E unknown:ReactHost: 	at android.os.Handler.dispatchMessage(Handler.java:100)
03-14 21:36:52.763  3267  3267 E unknown:ReactHost: 	at android.os.Looper.loopOnce(Looper.java:232)
03-14 21:36:52.763  3267  3267 E unknown:ReactHost: 	at android.os.Looper.loop(Looper.java:317)
03-14 21:36:52.763  3267  3267 E unknown:ReactHost: 	at android.app.ActivityThread.main(ActivityThread.java:8705)
03-14 21:36:52.763  3267  3267 E unknown:ReactHost: 	at java.lang.reflect.Method.invoke(Native Method)
03-14 21:36:52.763  3267  3267 E unknown:ReactHost: 	at com.android.internal.os.RuntimeInit$MethodAndArgsCaller.run(RuntimeInit.java:580)
03-14 21:36:52.763  3267  3267 E unknown:ReactHost: 	at com.android.internal.os.ZygoteInit.main(ZygoteInit.java:886)
03-14 21:36:52.764  3267  3267 W unknown:BridgelessReact: ReactHost{0}.getOrCreateDestroyTask(): DevSupportManager cleanup
03-14 21:36:52.764  3267  3267 W unknown:BridgelessReact: ReactHost{0}.getOrCreateDestroyTask(): Move ReactHost to onHostDestroy()
03-14 21:36:52.764  3267  3267 W unknown:BridgelessReact: ReactHost{0}.ReactContext.onHostPause()
03-14 21:36:52.764  3267  3267 W unknown:BridgelessReact: ReactHost{0}.ReactContext.onHostDestroy()
03-14 21:36:52.781  3267  3584 W unknown:BridgelessReact: ReactHost{0}.getOrCreateDestroyTask(): Stopping all React Native surfaces
03-14 21:36:52.783  3267  3584 E unknown:FabricUIManager: Unhandled SoftException
03-14 21:36:52.783  3267  3584 E unknown:FabricUIManager: java.lang.IllegalStateException: Trying to stop surface that hasn't started yet
03-14 21:36:52.783  3267  3584 E unknown:FabricUIManager: 	at com.facebook.react.fabric.FabricUIManager.stopSurface(FabricUIManager.java:396)
03-14 21:36:52.783  3267  3584 E unknown:FabricUIManager: 	at com.facebook.react.runtime.ReactInstance.stopSurface(ReactInstance.kt:410)
03-14 21:36:52.783  3267  3584 E unknown:FabricUIManager: 	at com.facebook.react.runtime.ReactHostImpl.stopAttachedSurfaces(ReactHostImpl.kt:1189)
03-14 21:36:52.783  3267  3584 E unknown:FabricUIManager: 	at com.facebook.react.runtime.ReactHostImpl.getOrCreateDestroyTask$lambda$62(ReactHostImpl.kt:1475)
03-14 21:36:52.783  3267  3584 E unknown:FabricUIManager: 	at com.facebook.react.runtime.ReactHostImpl.$r8$lambda$xpeTQfuVN0XbBBJsIsVmA6wzF00(Unknown Source:0)
03-14 21:36:52.783  3267  3584 E unknown:FabricUIManager: 	at com.facebook.react.runtime.ReactHostImpl$$ExternalSyntheticLambda28.then(D8$$SyntheticClass:0)
03-14 21:36:52.783  3267  3584 E unknown:FabricUIManager: 	at com.facebook.react.runtime.internal.bolts.Task$Companion.completeAfterTask$lambda$5(Task.kt:394)
03-14 21:36:52.783  3267  3584 E unknown:FabricUIManager: 	at com.facebook.react.runtime.internal.bolts.Task$Companion.$r8$lambda$IPpysnehFwANEiW061YzapkMdoE(Unknown Source:0)
03-14 21:36:52.783  3267  3584 E unknown:FabricUIManager: 	at com.facebook.react.runtime.internal.bolts.Task$Companion$$ExternalSyntheticLambda4.run(D8$$SyntheticClass:0)
03-14 21:36:52.783  3267  3584 E unknown:FabricUIManager: 	at java.util.concurrent.ThreadPoolExecutor.runWorker(ThreadPoolExecutor.java:1145)
03-14 21:36:52.783  3267  3584 E unknown:FabricUIManager: 	at java.util.concurrent.ThreadPoolExecutor$Worker.run(ThreadPoolExecutor.java:644)
03-14 21:36:52.783  3267  3584 E unknown:FabricUIManager: 	at java.lang.Thread.run(Thread.java:1012)
03-14 21:36:52.783  3267  3267 I Choreographer: Skipped 31 frames!  The application may be doing too much work on its main thread.
03-14 21:36:52.787  3267  3267 W unknown:BridgelessReact: ReactHost{0}.getOrCreateDestroyTask(): Destroying MemoryPressureRouter
03-14 21:36:52.788  3267  3267 W unknown:BridgelessReact: ReactHost{0}.getOrCreateDestroyTask(): Resetting ReactContext ref
03-14 21:36:52.788  3267  3267 W unknown:BridgelessReact: ReactHost{0}.getOrCreateDestroyTask(): Destroying ReactContext
03-14 21:36:52.795  3267  3584 W unknown:BridgelessReact: ReactHost{0}.getOrCreateDestroyTask(): Resetting ReactInstance ptr
03-14 21:36:52.795  3267  3584 W unknown:BridgelessReact: ReactHost{0}.getOrCreateDestroyTask(): Destroying ReactInstance
03-14 21:36:52.810  3267  3584 E unknown:ReactNative: Tried to remove non-existent frame callback
03-14 21:36:52.902  3267  3584 W unknown:BridgelessReact: ReactHost{0}.getOrCreateDestroyTask(): Resetting start/destroy task ref
03-14 21:36:52.919  3267  3509 W .studentfinance: Long monitor contention with owner Instr: androidx.test.runner.AndroidJUnitRunner (3411) at void com.wix.detox.DetoxMain.launchActivityOnCue(android.content.Context, com.wix.detox.ActivityLaunchHelper)(DetoxMain.kt:53) waiters=0 in void com.wix.detox.DetoxMain$setupActionHandlers$SynchronizedActionHandler.handle(java.lang.String, long) for 2.908s
03-14 21:36:52.971  3267  3267 W .studentfinance: Accessing hidden method Landroid/os/MessageQueue;->next()Landroid/os/Message; (unsupported, reflection, allowed)
