03-14 22:12:08.310  3715  4042 E unknown:ReactHost:     at ScreenContentWrapper (<anonymous>)
03-14 22:12:08.310  3715  4042 E unknown:ReactHost:     at DebugContainer (address at index.android.bundle:1:1040184)
03-14 22:12:08.310  3715  4042 E unknown:ReactHost:     at RNSScreen (<anonymous>)
03-14 22:12:08.310  3715  4042 E unknown:ReactHost:     at Animated(Anonymous) (address at index.android.bundle:1:567439)
03-14 22:12:08.310  3715  4042 E unknown:ReactHost:     at Suspender (address at index.android.bundle:1:1026365)
03-14 22:12:08.310  3715  4042 E unknown:ReactHost:     at Suspense (<anonymous>)
03-14 22:12:08.310  3715  4042 E unknown:ReactHost:     at Freeze (address at index.android.bundle:1:1026425)
03-14 22:12:08.310  3715  4042 E unknown:ReactHost:     at DelayedFreeze (address at index.android.bundle:1:1026007)
03-14 22:12:08.310  3715  4042 E unknown:ReactHost:     at InnerScreen (address at index.android.bundle:1:1023395)
03-14 22:12:08.310  3715  4042 E unknown:ReactHost:     at anonymous (address at index.android.bundle:1:1025439)
03-14 22:12:08.310  3715  4042 E unknown:ReactHost:     at ScreenStackItem (address at index.android.bundle:1:1038934)
03-14 22:12:08.310  3715  4042 E unknown:ReactHost:     at NavigationProvider (address at index.android.bundle:1:904371)
03-14 22:12:08.310  3715  4042 E unknown:ReactHost:     at SceneView (address at index.android.bundle:1:1052468)
03-14 22:12:08.310  3715  4042 E unknown:ReactHost:     at RNSScreenStack (<anonymous>)
03-14 22:12:08.310  3715  4042 E unknown:ReactHost:     at anonymous (address at index.android.bundle:1:1038026)
03-14 22:12:08.310  3715  4042 E unknown:ReactHost:     at ScreenStack (address at index.android.bundle:1:1037187)
03-14 22:12:08.310  3715  4042 E unknown:ReactHost:     at RCTView (<anonymous>)
03-14 22:12:08.310  3715  4042 E unknown:ReactHost:     at View (address at index.android.bundle:1:148692)
03-14 22:12:08.310  3715  4042 E unknown:ReactHost:     at FrameSizeProvider (address at index.android.bundle:1:998002)
03-14 22:12:08.310  3715  4042 E unknown:ReactHost:     at SafeAreaProviderCompat (address at index.android.bundle:1:1009413)
03-14 22:12:08.310  3715  4042 E unknown:ReactHost:     at NativeStackView (address at index.android.bundle:1:1051030)
03-14 22:12:08.310  3715  4042 E unknown:ReactHost:     at PreventRemoveProvider (address at index.android.bundle:1:906668)
03-14 22:12:08.310  3715  4042 E unknown:ReactHost:     at NavigationStateListenerProvider (address at index.android.bundle:1:933250)
03-14 22:12:08.310  3715  4042 E unknown:ReactHost:     at NavigationContent (address at index.android.bundle:1:923171)
03-14 22:12:08.310  3715  4042 E unknown:ReactHost:     at anonymous (address at index.android.bundle:1:923074)
03-14 22:12:08.310  3715  4042 E unknown:ReactHost:     at NativeStackNavigator (address at index.android.bundle:1:1049756)
03-14 22:12:08.310  3715  4042 E unknown:ReactHost:     at RootNavigator (<anonymous>)
03-14 22:12:08.310  3715  4042 E unknown:ReactHost:     at ThemeProvider (address at index.android.bundle:1:875944)
03-14 22:12:08.310  3715  4042 E unknown:ReactHost:     at EnsureSingleNavigator (address at index.android.bundle:1:873788)
03-14 22:12:08.310  3715  4042 E unknown:ReactHost:     at BaseNavigationContainer (address at index.android.bundle:1:852528)
03-14 22:12:08.310  3715  4042 E unknown:ReactHost:     at NavigationContainerInner (address at index.android.bundle:1:941094)
03-14 22:12:08.310  3715  4042 E unknown:ReactHost:     at DatabaseProvider (address at index.android.bundle:1:1073278)
03-14 22:12:08.310  3715  4042 E unknown:ReactHost:     at RNCSafeAreaProvider (<anonymous>)
03-14 22:12:08.310  3715  4042 E unknown:ReactHost:     at SafeAreaProvider (address at index.android.bundle:1:955840)
03-14 22:12:08.310  3715  4042 E unknown:ReactHost:     at RNGestureHandlerRootView (<anonymous>)
03-14 22:12:08.310  3715  4042 E unknown:ReactHost:     at GestureHandlerRootView (address at index.android.bundle:1:726780)
03-14 22:12:08.310  3715  4042 E unknown:ReactHost:     at App (<anonymous>)
03-14 22:12:08.310  3715  4042 E unknown:ReactHost:     at RCTView (<anonymous>)
03-14 22:12:08.310  3715  4042 E unknown:ReactHost:     at View (address at index.android.bundle:1:148692)
03-14 22:12:08.310  3715  4042 E unknown:ReactHost:     at AppContainer (address at index.android.bundle:1:395561), stack:
03-14 22:12:08.310  3715  4042 E unknown:ReactHost: createFiberFromTypeAndProps@1:288631
03-14 22:12:08.310  3715  4042 E unknown:ReactHost: reconcileChildFibersImpl@1:238360
03-14 22:12:08.310  3715  4042 E unknown:ReactHost: anonymous@1:238528
03-14 22:12:08.310  3715  4042 E unknown:ReactHost: reconcileChildren@1:253641
03-14 22:12:08.310  3715  4042 E unknown:ReactHost: updateFunctionComponent@1:255605
03-14 22:12:08.310  3715  4042 E unknown:ReactHost: beginWork@1:263506
03-14 22:12:08.310  3715  4042 E unknown:ReactHost: performUnitOfWork@1:283404
03-14 22:12:08.310  3715  4042 E unknown:ReactHost: workLoopSync@1:282412
03-14 22:12:08.310  3715  4042 E unknown:ReactHost: renderRootSync@1:282244
03-14 22:12:08.310  3715  4042 E unknown:ReactHost: performWorkOnRoot@1:279819
03-14 22:12:08.310  3715  4042 E unknown:ReactHost: performWorkOnRootViaSchedulerTask@1:231313
03-14 22:12:08.310  3715  4042 E unknown:ReactHost: 
03-14 22:12:08.310  3715  4042 E unknown:ReactHost: 	at com.facebook.react.modules.core.ExceptionsManagerModule.reportException(ExceptionsManagerModule.kt:52)
03-14 22:12:08.310  3715  4042 E unknown:ReactHost: 	at com.facebook.jni.NativeRunnable.run(Native Method)
03-14 22:12:08.310  3715  4042 E unknown:ReactHost: 	at android.os.Handler.handleCallback(Handler.java:959)
03-14 22:12:08.310  3715  4042 E unknown:ReactHost: 	at android.os.Handler.dispatchMessage(Handler.java:100)
03-14 22:12:08.310  3715  4042 E unknown:ReactHost: 	at com.facebook.react.bridge.queue.MessageQueueThreadHandler.dispatchMessage(MessageQueueThreadHandler.kt:21)
03-14 22:12:08.310  3715  4042 E unknown:ReactHost: 	at androidx.test.espresso.base.TestLooperManagerCompat.execute(TestLooperManagerCompat.java:121)
03-14 22:12:08.310  3715  4042 E unknown:ReactHost: 	at androidx.test.espresso.base.Interrogator.loopAndInterrogate(Interrogator.java:128)
03-14 22:12:08.310  3715  4042 E unknown:ReactHost: 	at androidx.test.espresso.base.LooperIdlingResourceInterrogationHandler$2.run(LooperIdlingResourceInterrogationHandler.java:106)
03-14 22:12:08.310  3715  4042 E unknown:ReactHost: 	at android.os.Handler.handleCallback(Handler.java:959)
03-14 22:12:08.310  3715  4042 E unknown:ReactHost: 	at android.os.Handler.dispatchMessage(Handler.java:100)
03-14 22:12:08.310  3715  4042 E unknown:ReactHost: 	at android.os.Looper.loopOnce(Looper.java:232)
03-14 22:12:08.310  3715  4042 E unknown:ReactHost: 	at android.os.Looper.loop(Looper.java:317)
03-14 22:12:08.310  3715  4042 E unknown:ReactHost: 	at com.facebook.react.bridge.queue.MessageQueueThreadImpl$Companion.startNewBackgroundThread$lambda$0(MessageQueueThreadImpl.kt:152)
03-14 22:12:08.310  3715  4042 E unknown:ReactHost: 	at com.facebook.react.bridge.queue.MessageQueueThreadImpl$Companion.$r8$lambda$YYXYCFexeoKtAeDpeNYkxZZlpbA(Unknown Source:0)
03-14 22:12:08.310  3715  4042 E unknown:ReactHost: 	at com.facebook.react.bridge.queue.MessageQueueThreadImpl$Companion$$ExternalSyntheticLambda0.run(D8$$SyntheticClass:0)
03-14 22:12:08.310  3715  4042 E unknown:ReactHost: 	... 1 more
03-14 22:12:08.310  3715  4042 W unknown:BridgelessReact: ReactHost{0}.getOrCreateDestroyTask(): Resetting createReactInstance task ref
03-14 22:12:08.450  3715  3715 W unknown:BridgelessReact: ReactHost{0}.getOrCreateDestroyTask(): Starting React Native destruction
03-14 22:12:08.451  3715  3715 W unknown:BridgelessReact: ReactHost{0}.getOrCreateDestroyTask(): DevSupportManager cleanup
03-14 22:12:08.452  3715  3715 W unknown:BridgelessReact: ReactHost{0}.getOrCreateDestroyTask(): Move ReactHost to onHostDestroy()
03-14 22:12:08.452  3715  3715 W unknown:BridgelessReact: ReactHost{0}.ReactContext.onHostPause()
03-14 22:12:08.453  3715  3715 W unknown:BridgelessReact: ReactHost{0}.ReactContext.onHostDestroy()
03-14 22:12:08.467  3715  3715 E unknown:ReactNative: Tried to remove non-existent frame callback
03-14 22:12:08.478  3715  4042 W unknown:BridgelessReact: ReactHost{0}.getOrCreateDestroyTask(): Stopping all React Native surfaces
03-14 22:12:08.485  3715  4042 E unknown:SurfaceMountingManager: Stopping surface [1]
03-14 22:12:08.894  3715  3715 E unknown:SurfaceMountingManager: Surface [1] was stopped on SurfaceMountingManager.
03-14 22:12:08.896  3715  3715 W unknown:BridgelessReact: ReactHost{0}.getOrCreateDestroyTask(): Destroying MemoryPressureRouter
03-14 22:12:08.897  3715  3715 W unknown:BridgelessReact: ReactHost{0}.getOrCreateDestroyTask(): Resetting ReactContext ref
03-14 22:12:08.898  3715  3715 W unknown:BridgelessReact: ReactHost{0}.getOrCreateDestroyTask(): Destroying ReactContext
03-14 22:12:08.904  3715  4037 D TrafficStats: tagSocket(153) with statsTag=0xffffffff, statsUid=-1
03-14 22:12:08.905  3715  3715 W unknown:BridgelessReact: ReactHost{0}.raiseSoftException(onWindowFocusChange(hasFocus = "false")): Tried to access onWindowFocusChange while context is not ready
03-14 22:12:08.909  3715  3715 E unknown:ReactHost: Unhandled SoftException
03-14 22:12:08.909  3715  3715 E unknown:ReactHost: com.facebook.react.bridge.ReactNoCrashSoftException: raiseSoftException(onWindowFocusChange(hasFocus = "false")): Tried to access onWindowFocusChange while context is not ready
03-14 22:12:08.909  3715  3715 E unknown:ReactHost: 	at com.facebook.react.runtime.ReactHostImpl.raiseSoftException(ReactHostImpl.kt:861)
03-14 22:12:08.909  3715  3715 E unknown:ReactHost: 	at com.facebook.react.runtime.ReactHostImpl.raiseSoftException$default(ReactHostImpl.kt:852)
03-14 22:12:08.909  3715  3715 E unknown:ReactHost: 	at com.facebook.react.runtime.ReactHostImpl.onWindowFocusChange(ReactHostImpl.kt:625)
03-14 22:12:08.909  3715  3715 E unknown:ReactHost: 	at com.facebook.react.ReactDelegate.onWindowFocusChanged(ReactDelegate.kt:232)
03-14 22:12:08.909  3715  3715 E unknown:ReactHost: 	at com.facebook.react.ReactActivityDelegate.onWindowFocusChanged(ReactActivityDelegate.java:237)
03-14 22:12:08.909  3715  3715 E unknown:ReactHost: 	at expo.modules.ReactActivityDelegateWrapper$onWindowFocusChanged$1.invokeSuspend(ReactActivityDelegateWrapper.kt:320)
03-14 22:12:08.909  3715  3715 E unknown:ReactHost: 	at expo.modules.ReactActivityDelegateWrapper$onWindowFocusChanged$1.invoke(Unknown Source:8)
03-14 22:12:08.909  3715  3715 E unknown:ReactHost: 	at expo.modules.ReactActivityDelegateWrapper$onWindowFocusChanged$1.invoke(Unknown Source:4)
03-14 22:12:08.909  3715  3715 E unknown:ReactHost: 	at expo.modules.ReactActivityDelegateWrapper$launchLifecycleScopeWithLock$1.invokeSuspend(ReactActivityDelegateWrapper.kt:452)
03-14 22:12:08.909  3715  3715 E unknown:ReactHost: 	at kotlin.coroutines.jvm.internal.BaseContinuationImpl.resumeWith(ContinuationImpl.kt:33)
03-14 22:12:08.909  3715  3715 E unknown:ReactHost: 	at kotlinx.coroutines.internal.DispatchedContinuationKt.resumeCancellableWith(DispatchedContinuation.kt:375)
03-14 22:12:08.909  3715  3715 E unknown:ReactHost: 	at kotlinx.coroutines.intrinsics.CancellableKt.startCoroutineCancellable(Cancellable.kt:26)
03-14 22:12:08.909  3715  3715 E unknown:ReactHost: 	at kotlinx.coroutines.CoroutineStart.invoke(CoroutineStart.kt:358)
03-14 22:12:08.909  3715  3715 E unknown:ReactHost: 	at kotlinx.coroutines.AbstractCoroutine.start(AbstractCoroutine.kt:134)
03-14 22:12:08.909  3715  3715 E unknown:ReactHost: 	at kotlinx.coroutines.BuildersKt__Builders_commonKt.launch(Builders.common.kt:53)
03-14 22:12:08.909  3715  3715 E unknown:ReactHost: 	at kotlinx.coroutines.BuildersKt.launch(Unknown Source:1)
03-14 22:12:08.909  3715  3715 E unknown:ReactHost: 	at kotlinx.coroutines.BuildersKt__Builders_commonKt.launch$default(Builders.common.kt:44)
03-14 22:12:08.909  3715  3715 E unknown:ReactHost: 	at kotlinx.coroutines.BuildersKt.launch$default(Unknown Source:1)
03-14 22:12:08.909  3715  3715 E unknown:ReactHost: 	at expo.modules.ReactActivityDelegateWrapper.launchLifecycleScopeWithLock(ReactActivityDelegateWrapper.kt:450)
03-14 22:12:08.909  3715  3715 E unknown:ReactHost: 	at expo.modules.ReactActivityDelegateWrapper.launchLifecycleScopeWithLock$default(ReactActivityDelegateWrapper.kt:446)
03-14 22:12:08.909  3715  3715 E unknown:ReactHost: 	at expo.modules.ReactActivityDelegateWrapper.onWindowFocusChanged(ReactActivityDelegateWrapper.kt:318)
03-14 22:12:08.909  3715  3715 E unknown:ReactHost: 	at com.facebook.react.ReactActivity.onWindowFocusChanged(ReactActivity.java:158)
03-14 22:12:08.909  3715  3715 E unknown:ReactHost: 	at androidx.appcompat.view.WindowCallbackWrapper.onWindowFocusChanged(WindowCallbackWrapper.java:124)
03-14 22:12:08.909  3715  3715 E unknown:ReactHost: 	at com.android.internal.policy.DecorView.onWindowFocusChanged(DecorView.java:1772)
03-14 22:12:08.909  3715  3715 E unknown:ReactHost: 	at android.view.View.dispatchWindowFocusChanged(View.java:16743)
03-14 22:12:08.909  3715  3715 E unknown:ReactHost: 	at android.view.ViewGroup.dispatchWindowFocusChanged(ViewGroup.java:1505)
03-14 22:12:08.909  3715  3715 E unknown:ReactHost: 	at android.view.ViewRootImpl.dispatchFocusEvent(ViewRootImpl.java:4697)
03-14 22:12:08.909  3715  3715 E unknown:ReactHost: 	at android.view.ViewRootImpl.handleWindowFocusChanged(ViewRootImpl.java:4601)
03-14 22:12:08.909  3715  3715 E unknown:ReactHost: 	at android.view.ViewRootImpl.-$$Nest$mhandleWindowFocusChanged(Unknown Source:0)
03-14 22:12:08.909  3715  3715 E unknown:ReactHost: 	at android.view.ViewRootImpl$ViewRootHandler.handleMessageImpl(ViewRootImpl.java:6773)
03-14 22:12:08.909  3715  3715 E unknown:ReactHost: 	at android.view.ViewRootImpl$ViewRootHandler.handleMessage(ViewRootImpl.java:6683)
03-14 22:12:08.909  3715  3715 E unknown:ReactHost: 	at android.os.Handler.dispatchMessage(Handler.java:107)
03-14 22:12:08.909  3715  3715 E unknown:ReactHost: 	at androidx.test.espresso.base.TestLooperManagerCompat.execute(TestLooperManagerCompat.java:121)
03-14 22:12:08.909  3715  3715 E unknown:ReactHost: 	at androidx.test.espresso.base.Interrogator.loopAndInterrogate(Interrogator.java:128)
03-14 22:12:08.909  3715  3715 E unknown:ReactHost: 	at androidx.test.espresso.base.UiControllerImpl.loopUntil(UiControllerImpl.java:513)
03-14 22:12:08.909  3715  3715 E unknown:ReactHost: 	at androidx.test.espresso.base.UiControllerImpl.loopMainThreadUntilIdle(UiControllerImpl.java:434)
03-14 22:12:08.909  3715  3715 E unknown:ReactHost: 	at androidx.test.espresso.Espresso.lambda$onIdle$2(Espresso.java:340)
03-14 22:12:08.909  3715  3715 E unknown:ReactHost: 	at androidx.test.espresso.Espresso$$ExternalSyntheticLambda1.call(D8$$SyntheticClass:0)
03-14 22:12:08.909  3715  3715 E unknown:ReactHost: 	at java.util.concurrent.FutureTask.run(FutureTask.java:264)
03-14 22:12:08.909  3715  3715 E unknown:ReactHost: 	at android.os.Handler.handleCallback(Handler.java:959)
03-14 22:12:08.909  3715  3715 E unknown:ReactHost: 	at android.os.Handler.dispatchMessage(Handler.java:100)
03-14 22:12:08.909  3715  3715 E unknown:ReactHost: 	at android.os.Looper.loopOnce(Looper.java:232)
03-14 22:12:08.909  3715  3715 E unknown:ReactHost: 	at android.os.Looper.loop(Looper.java:317)
03-14 22:12:08.909  3715  3715 E unknown:ReactHost: 	at android.app.ActivityThread.main(ActivityThread.java:8705)
03-14 22:12:08.909  3715  3715 E unknown:ReactHost: 	at java.lang.reflect.Method.invoke(Native Method)
03-14 22:12:08.909  3715  3715 E unknown:ReactHost: 	at com.android.internal.os.RuntimeInit$MethodAndArgsCaller.run(RuntimeInit.java:580)
03-14 22:12:08.909  3715  3715 E unknown:ReactHost: 	at com.android.internal.os.ZygoteInit.main(ZygoteInit.java:886)
03-14 22:12:08.931  3715  4042 W unknown:BridgelessReact: ReactHost{0}.getOrCreateDestroyTask(): Resetting ReactInstance ptr
03-14 22:12:08.932  3715  4042 W unknown:BridgelessReact: ReactHost{0}.getOrCreateDestroyTask(): Destroying ReactInstance
03-14 22:12:08.936  3715  4016 D EGL_emulation: app_time_stats: avg=749.61ms min=95.36ms max=2286.18ms count=5
03-14 22:12:08.954  3715  4042 I ExpoModulesCore: ✅ ModuleRegistry was destroyed
03-14 22:12:08.961  3715  4042 I ExpoModulesCore: ✅ AppContext was destroyed
03-14 22:12:08.961  3715  4042 I ExpoModulesCore: ✅ KotlinInteropModuleRegistry was destroyed
03-14 22:12:08.973  3715  4042 E unknown:ReactNative: Tried to remove non-existent frame callback
03-14 22:12:08.984  3715  4042 W unknown:ReactNative: Tried to enqueue runnable on already finished thread: 'v_native... dropping Runnable.
03-14 22:12:08.985  3715  4042 W unknown:ReactNative: Tried to enqueue runnable on already finished thread: 'v_native... dropping Runnable.
03-14 22:12:08.986  3715  4042 W unknown:ReactNative: Tried to enqueue runnable on already finished thread: 'v_native... dropping Runnable.
03-14 22:12:08.992  3715  4042 W unknown:ReactNative: Tried to enqueue runnable on already finished thread: 'v_native... dropping Runnable.
03-14 22:12:08.994  3715  4042 W unknown:ReactNative: Tried to enqueue runnable on already finished thread: 'v_native... dropping Runnable.
03-14 22:12:08.994  3715  4042 W unknown:ReactNative: Tried to enqueue runnable on already finished thread: 'v_native... dropping Runnable.
03-14 22:12:08.994  3715  4042 W unknown:ReactNative: Tried to enqueue runnable on already finished thread: 'v_native... dropping Runnable.
03-14 22:12:08.994  3715  4042 W unknown:ReactNative: Tried to enqueue runnable on already finished thread: 'v_native... dropping Runnable.
03-14 22:12:08.994  3715  4042 W unknown:ReactNative: Tried to enqueue runnable on already finished thread: 'v_native... dropping Runnable.
03-14 22:12:08.994  3715  4042 W unknown:ReactNative: Tried to enqueue runnable on already finished thread: 'v_native... dropping Runnable.
03-14 22:12:08.994  3715  4042 W unknown:ReactNative: Tried to enqueue runnable on already finished thread: 'v_native... dropping Runnable.
03-14 22:12:08.994  3715  4042 W unknown:ReactNative: Tried to enqueue runnable on already finished thread: 'v_native... dropping Runnable.
03-14 22:12:09.058  3715  4042 W unknown:BridgelessReact: ReactHost{0}.getOrCreateDestroyTask(): Resetting start/destroy task ref
03-14 22:12:10.096  3715  4016 D EGL_emulation: app_time_stats: avg=402.60ms min=28.90ms max=1076.05ms count=3
03-14 22:12:10.928  3715  4037 D TrafficStats: tagSocket(160) with statsTag=0xffffffff, statsUid=-1
03-14 22:12:11.588  3715  3715 D DetoxRNHelpers: Native RN module resolution (class com.reactnativecommunity.asyncstorage.AsyncStorageModule): no such class
03-14 22:12:12.936  3715  4037 D TrafficStats: tagSocket(160) with statsTag=0xffffffff, statsUid=-1
03-14 22:12:13.363  3715  4004 D DetoxWSClient: Received action 'currentStatus' (ID #1, params={})
03-14 22:12:13.364  3715  3996 I DetoxDispatcher: Handling action 'currentStatus' (ID #1)...
03-14 22:12:14.942  3715  4037 D TrafficStats: tagSocket(160) with statsTag=0xffffffff, statsUid=-1
03-14 22:12:16.594  3715  3715 W IdlingPolicy: These resources are not idle: [LooperIdlingResource-61-mqt_v_js]
03-14 22:12:16.947  3715  4037 D TrafficStats: tagSocket(160) with statsTag=0xffffffff, statsUid=-1
03-14 22:12:18.951  3715  4037 D TrafficStats: tagSocket(160) with statsTag=0xffffffff, statsUid=-1
03-14 22:12:20.957  3715  4037 D TrafficStats: tagSocket(160) with statsTag=0xffffffff, statsUid=-1
03-14 22:12:21.595  3715  3715 W IdlingPolicy: These resources are not idle: [LooperIdlingResource-61-mqt_v_js]
03-14 22:12:22.961  3715  4037 D TrafficStats: tagSocket(160) with statsTag=0xffffffff, statsUid=-1
03-14 22:12:24.964  3715  4037 D TrafficStats: tagSocket(160) with statsTag=0xffffffff, statsUid=-1
03-14 22:12:26.596  3715  3715 W IdlingPolicy: These resources are not idle: [LooperIdlingResource-61-mqt_v_js]
03-14 22:12:26.972  3715  4037 D TrafficStats: tagSocket(160) with statsTag=0xffffffff, statsUid=-1
03-14 22:12:28.977  3715  4037 D TrafficStats: tagSocket(160) with statsTag=0xffffffff, statsUid=-1
03-14 22:12:30.987  3715  4037 D TrafficStats: tagSocket(160) with statsTag=0xffffffff, statsUid=-1
03-14 22:12:31.596  3715  3715 W IdlingPolicy: These resources are not idle: [LooperIdlingResource-61-mqt_v_js]
03-14 22:12:32.993  3715  4037 D TrafficStats: tagSocket(160) with statsTag=0xffffffff, statsUid=-1
03-14 22:12:34.997  3715  4037 D TrafficStats: tagSocket(160) with statsTag=0xffffffff, statsUid=-1
03-14 22:12:36.597  3715  3715 W IdlingPolicy: These resources are not idle: [LooperIdlingResource-61-mqt_v_js]
03-14 22:12:36.999  3715  4037 D TrafficStats: tagSocket(160) with statsTag=0xffffffff, statsUid=-1
03-14 22:12:39.007  3715  4037 D TrafficStats: tagSocket(160) with statsTag=0xffffffff, statsUid=-1
03-14 22:12:41.014  3715  4037 D TrafficStats: tagSocket(160) with statsTag=0xffffffff, statsUid=-1
03-14 22:12:41.599  3715  3715 W IdlingPolicy: These resources are not idle: [LooperIdlingResource-61-mqt_v_js]
03-14 22:12:43.023  3715  4037 D TrafficStats: tagSocket(160) with statsTag=0xffffffff, statsUid=-1
03-14 22:12:45.028  3715  4037 D TrafficStats: tagSocket(160) with statsTag=0xffffffff, statsUid=-1
03-14 22:12:46.600  3715  3715 W IdlingPolicy: These resources are not idle: [LooperIdlingResource-61-mqt_v_js]
03-14 22:12:47.031  3715  4037 D TrafficStats: tagSocket(160) with statsTag=0xffffffff, statsUid=-1
03-14 22:12:49.038  3715  4037 D TrafficStats: tagSocket(160) with statsTag=0xffffffff, statsUid=-1
03-14 22:12:51.044  3715  4037 D TrafficStats: tagSocket(160) with statsTag=0xffffffff, statsUid=-1
03-14 22:12:51.600  3715  3715 W IdlingPolicy: These resources are not idle: [LooperIdlingResource-61-mqt_v_js]
03-14 22:12:53.051  3715  4037 D TrafficStats: tagSocket(160) with statsTag=0xffffffff, statsUid=-1
03-14 22:12:55.056  3715  4037 D TrafficStats: tagSocket(160) with statsTag=0xffffffff, statsUid=-1
03-14 22:12:56.601  3715  3715 W IdlingPolicy: These resources are not idle: [LooperIdlingResource-61-mqt_v_js]
03-14 22:12:57.064  3715  4037 D TrafficStats: tagSocket(160) with statsTag=0xffffffff, statsUid=-1
03-14 22:12:59.072  3715  4037 D TrafficStats: tagSocket(160) with statsTag=0xffffffff, statsUid=-1
03-14 22:13:01.079  3715  4037 D TrafficStats: tagSocket(160) with statsTag=0xffffffff, statsUid=-1
03-14 22:13:01.601  3715  3715 W IdlingPolicy: These resources are not idle: [LooperIdlingResource-61-mqt_v_js]
03-14 22:13:03.095  3715  4037 D TrafficStats: tagSocket(160) with statsTag=0xffffffff, statsUid=-1
03-14 22:13:05.101  3715  4037 D TrafficStats: tagSocket(160) with statsTag=0xffffffff, statsUid=-1
03-14 22:13:06.601  3715  3715 W IdlingPolicy: These resources are not idle: [LooperIdlingResource-61-mqt_v_js]
03-14 22:13:07.106  3715  4037 D TrafficStats: tagSocket(160) with statsTag=0xffffffff, statsUid=-1
03-14 22:13:09.113  3715  4037 D TrafficStats: tagSocket(160) with statsTag=0xffffffff, statsUid=-1
03-14 22:13:11.118  3715  4037 D TrafficStats: tagSocket(160) with statsTag=0xffffffff, statsUid=-1
03-14 22:13:11.602  3715  3715 W IdlingPolicy: These resources are not idle: [LooperIdlingResource-61-mqt_v_js]
03-14 22:13:13.123  3715  4037 D TrafficStats: tagSocket(160) with statsTag=0xffffffff, statsUid=-1
03-14 22:13:15.129  3715  4037 D TrafficStats: tagSocket(160) with statsTag=0xffffffff, statsUid=-1
03-14 22:13:16.602  3715  3715 W IdlingPolicy: These resources are not idle: [LooperIdlingResource-61-mqt_v_js]
03-14 22:13:17.134  3715  4037 D TrafficStats: tagSocket(160) with statsTag=0xffffffff, statsUid=-1
03-14 22:13:19.141  3715  4037 D TrafficStats: tagSocket(160) with statsTag=0xffffffff, statsUid=-1
03-14 22:13:21.147  3715  4037 D TrafficStats: tagSocket(160) with statsTag=0xffffffff, statsUid=-1
03-14 22:13:21.603  3715  3715 W IdlingPolicy: These resources are not idle: [LooperIdlingResource-61-mqt_v_js]
03-14 22:13:23.154  3715  4037 D TrafficStats: tagSocket(160) with statsTag=0xffffffff, statsUid=-1
03-14 22:13:25.166  3715  4037 D TrafficStats: tagSocket(160) with statsTag=0xffffffff, statsUid=-1
03-14 22:13:26.604  3715  3715 W IdlingPolicy: These resources are not idle: [LooperIdlingResource-61-mqt_v_js]
03-14 22:13:27.176  3715  4037 D TrafficStats: tagSocket(160) with statsTag=0xffffffff, statsUid=-1
03-14 22:13:29.183  3715  4037 D TrafficStats: tagSocket(160) with statsTag=0xffffffff, statsUid=-1
03-14 22:13:31.190  3715  4037 D TrafficStats: tagSocket(160) with statsTag=0xffffffff, statsUid=-1
03-14 22:13:31.605  3715  3715 W IdlingPolicy: These resources are not idle: [LooperIdlingResource-61-mqt_v_js]
03-14 22:13:33.198  3715  4037 D TrafficStats: tagSocket(160) with statsTag=0xffffffff, statsUid=-1
03-14 22:13:35.203  3715  4037 D TrafficStats: tagSocket(160) with statsTag=0xffffffff, statsUid=-1
03-14 22:13:36.606  3715  3715 W IdlingPolicy: These resources are not idle: [LooperIdlingResource-61-mqt_v_js]
03-14 22:13:37.208  3715  4037 D TrafficStats: tagSocket(160) with statsTag=0xffffffff, statsUid=-1
03-14 22:13:39.213  3715  3715 W UiControllerImpl: Waiting for: DYNAMIC_TASKS_HAVE_IDLED for 100 iterations.
03-14 22:13:39.214  3715  4037 D TrafficStats: tagSocket(160) with statsTag=0xffffffff, statsUid=-1
03-14 22:13:41.218  3715  4037 D TrafficStats: tagSocket(160) with statsTag=0xffffffff, statsUid=-1
03-14 22:13:41.606  3715  3715 W IdlingPolicy: These resources are not idle: [LooperIdlingResource-61-mqt_v_js]
03-14 22:13:41.611  3715  3715 I Detox   : Wait is over: App is now idle!
--------- beginning of crash
03-14 22:13:41.614  3715  3995 E AndroidRuntime: FATAL EXCEPTION: detox.primary
03-14 22:13:41.614  3715  3995 E AndroidRuntime: Process: com.mcfuzzysquirrel.studentfinance, PID: 3715
03-14 22:13:41.614  3715  3995 E AndroidRuntime: androidx.test.espresso.AppNotIdleException: Looped for 102 iterations over 90 SECONDS. The following Idle Conditions failed DYNAMIC_TASKS_HAVE_IDLED(busy resources=LooperIdlingResource-61-mqt_v_js).
03-14 22:13:41.614  3715  3995 E AndroidRuntime: 	at androidx.test.espresso.IdlingPolicy.handleTimeout(IdlingPolicy.java:61)
03-14 22:13:41.614  3715  3995 E AndroidRuntime: 	at androidx.test.espresso.base.UiControllerImpl.loopUntil(UiControllerImpl.java:573)
03-14 22:13:41.614  3715  3995 E AndroidRuntime: 	at androidx.test.espresso.base.UiControllerImpl.loopMainThreadUntilIdle(UiControllerImpl.java:434)
03-14 22:13:41.614  3715  3995 E AndroidRuntime: 	at androidx.test.espresso.Espresso.lambda$onIdle$2(Espresso.java:340)
03-14 22:13:41.614  3715  3995 E AndroidRuntime: 	at androidx.test.espresso.Espresso$$ExternalSyntheticLambda1.call(D8$$SyntheticClass:0)
03-14 22:13:41.614  3715  3995 E AndroidRuntime: 	at java.util.concurrent.FutureTask.run(FutureTask.java:264)
03-14 22:13:41.614  3715  3995 E AndroidRuntime: 	at android.os.Handler.handleCallback(Handler.java:959)
03-14 22:13:41.614  3715  3995 E AndroidRuntime: 	at android.os.Handler.dispatchMessage(Handler.java:100)
03-14 22:13:41.614  3715  3995 E AndroidRuntime: 	at android.os.Looper.loopOnce(Looper.java:232)
03-14 22:13:41.614  3715  3995 E AndroidRuntime: 	at android.os.Looper.loop(Looper.java:317)
03-14 22:13:41.614  3715  3995 E AndroidRuntime: 	at android.app.ActivityThread.main(ActivityThread.java:8705)
03-14 22:13:41.614  3715  3995 E AndroidRuntime: 	at java.lang.reflect.Method.invoke(Native Method)
03-14 22:13:41.614  3715  3995 E AndroidRuntime: 	at com.android.internal.os.RuntimeInit$MethodAndArgsCaller.run(RuntimeInit.java:580)
03-14 22:13:41.614  3715  3995 E AndroidRuntime: 	at com.android.internal.os.ZygoteInit.main(ZygoteInit.java:886)
03-14 22:13:41.614  3715  3995 E DetoxCrashHandler: Crash detected!!! thread=detox.primary (44)
03-14 22:13:41.614  3715  3995 E DetoxCrashHandler: androidx.test.espresso.AppNotIdleException: Looped for 102 iterations over 90 SECONDS. The following Idle Conditions failed DYNAMIC_TASKS_HAVE_IDLED(busy resources=LooperIdlingResource-61-mqt_v_js).
03-14 22:13:41.614  3715  3995 E DetoxCrashHandler: 	at androidx.test.espresso.IdlingPolicy.handleTimeout(IdlingPolicy.java:61)
03-14 22:13:41.614  3715  3995 E DetoxCrashHandler: 	at androidx.test.espresso.base.UiControllerImpl.loopUntil(UiControllerImpl.java:573)
03-14 22:13:41.614  3715  3995 E DetoxCrashHandler: 	at androidx.test.espresso.base.UiControllerImpl.loopMainThreadUntilIdle(UiControllerImpl.java:434)
03-14 22:13:41.614  3715  3995 E DetoxCrashHandler: 	at androidx.test.espresso.Espresso.lambda$onIdle$2(Espresso.java:340)
03-14 22:13:41.614  3715  3995 E DetoxCrashHandler: 	at androidx.test.espresso.Espresso$$ExternalSyntheticLambda1.call(D8$$SyntheticClass:0)
03-14 22:13:41.614  3715  3995 E DetoxCrashHandler: 	at java.util.concurrent.FutureTask.run(FutureTask.java:264)
03-14 22:13:41.614  3715  3995 E DetoxCrashHandler: 	at android.os.Handler.handleCallback(Handler.java:959)
03-14 22:13:41.614  3715  3995 E DetoxCrashHandler: 	at android.os.Handler.dispatchMessage(Handler.java:100)
03-14 22:13:41.614  3715  3995 E DetoxCrashHandler: 	at android.os.Looper.loopOnce(Looper.java:232)
03-14 22:13:41.614  3715  3995 E DetoxCrashHandler: 	at android.os.Looper.loop(Looper.java:317)
03-14 22:13:41.614  3715  3995 E DetoxCrashHandler: 	at android.app.ActivityThread.main(ActivityThread.java:8705)
03-14 22:13:41.614  3715  3995 E DetoxCrashHandler: 	at java.lang.reflect.Method.invoke(Native Method)
03-14 22:13:41.614  3715  3995 E DetoxCrashHandler: 	at com.android.internal.os.RuntimeInit$MethodAndArgsCaller.run(RuntimeInit.java:580)
03-14 22:13:41.614  3715  3995 E DetoxCrashHandler: 	at com.android.internal.os.ZygoteInit.main(ZygoteInit.java:886)
03-14 22:13:41.616  3715  3995 I DetoxWSClient: Sending out action 'AppWillTerminateWithError' (ID #-10000)
03-14 22:13:41.617  3715  3996 W .studentfinance: Long monitor contention with owner detox.primary (3995) at void com.wix.detox.DetoxMain$setupActionHandlers$SynchronizedActionHandler.handle(java.lang.String, long)(DetoxMain.kt:77) waiters=0 in void com.wix.detox.DetoxMain$setupActionHandlers$SynchronizedActionHandler.handle(java.lang.String, long) for 88.247s
03-14 22:13:41.624  3715  3715 E unknown:UIManagerHelper: Unhandled SoftException
03-14 22:13:41.624  3715  3715 E unknown:UIManagerHelper: com.facebook.react.bridge.ReactNoCrashSoftException: Cannot get UIManager because the instance hasn't been initialized yet.
03-14 22:13:41.624  3715  3715 E unknown:UIManagerHelper: 	at com.facebook.react.uimanager.UIManagerHelper.getUIManager(UIManagerHelper.kt:59)
03-14 22:13:41.624  3715  3715 E unknown:UIManagerHelper: 	at com.facebook.react.uimanager.UIManagerHelper.getUIManager(UIManagerHelper.kt:46)
03-14 22:13:41.624  3715  3715 E unknown:UIManagerHelper: 	at com.wix.detox.reactnative.idlingresources.uimodule.fabric.FabricUIManagerIdlingResources.getMountItemDispatcher(FabricUIManagerIdlingResources.kt:64)
03-14 22:13:41.624  3715  3715 E unknown:UIManagerHelper: 	at com.wix.detox.reactnative.idlingresources.uimodule.fabric.FabricUIManagerIdlingResources.getViewCommandMountItemsSize(FabricUIManagerIdlingResources.kt:70)
03-14 22:13:41.624  3715  3715 E unknown:UIManagerHelper: 	at com.wix.detox.reactnative.idlingresources.uimodule.fabric.FabricUIManagerIdlingResources.checkIdle(FabricUIManagerIdlingResources.kt:19)
03-14 22:13:41.624  3715  3715 E unknown:UIManagerHelper: 	at com.wix.detox.reactnative.idlingresources.DetoxIdlingResource.isIdleNow(DetoxIdlingResource.kt:30)
03-14 22:13:41.624  3715  3715 E unknown:UIManagerHelper: 	at com.wix.detox.espresso.registry.BusyResourcesInquirer.getBusyIdlingResources(BusyResourcesInquirer.kt:29)
03-14 22:13:41.624  3715  3715 E unknown:UIManagerHelper: 	at com.wix.detox.espresso.registry.BusyResourcesInquirer.getAllBusyResources$lambda$2(BusyResourcesInquirer.kt:21)
03-14 22:13:41.624  3715  3715 E unknown:UIManagerHelper: 	at com.wix.detox.espresso.registry.BusyResourcesInquirer.$r8$lambda$67FTpIglw6E0PceMzBRqYhXSCtM(Unknown Source:0)
03-14 22:13:41.624  3715  3715 E unknown:UIManagerHelper: 	at com.wix.detox.espresso.registry.BusyResourcesInquirer$$ExternalSyntheticLambda0.call(D8$$SyntheticClass:0)
03-14 22:13:41.624  3715  3715 E unknown:UIManagerHelper: 	at java.util.concurrent.FutureTask.run(FutureTask.java:264)
03-14 22:13:41.624  3715  3715 E unknown:UIManagerHelper: 	at android.os.Handler.handleCallback(Handler.java:959)
03-14 22:13:41.624  3715  3715 E unknown:UIManagerHelper: 	at android.os.Handler.dispatchMessage(Handler.java:100)
03-14 22:13:41.624  3715  3715 E unknown:UIManagerHelper: 	at android.os.Looper.loopOnce(Looper.java:232)
03-14 22:13:41.624  3715  3715 E unknown:UIManagerHelper: 	at android.os.Looper.loop(Looper.java:317)
03-14 22:13:41.624  3715  3715 E unknown:UIManagerHelper: 	at android.app.ActivityThread.main(ActivityThread.java:8705)
03-14 22:13:41.624  3715  3715 E unknown:UIManagerHelper: 	at java.lang.reflect.Method.invoke(Native Method)
03-14 22:13:41.624  3715  3715 E unknown:UIManagerHelper: 	at com.android.internal.os.RuntimeInit$MethodAndArgsCaller.run(RuntimeInit.java:580)
03-14 22:13:41.624  3715  3715 E unknown:UIManagerHelper: 	at com.android.internal.os.ZygoteInit.main(ZygoteInit.java:886)
03-14 22:13:41.627  3715  3996 E AndroidRuntime: FATAL EXCEPTION: detox.secondary
03-14 22:13:41.627  3715  3996 E AndroidRuntime: Process: com.mcfuzzysquirrel.studentfinance, PID: 3715
03-14 22:13:41.627  3715  3996 E AndroidRuntime: java.util.concurrent.ExecutionException: org.joor.ReflectException: org.joor.ReflectException: java.lang.NoSuchFieldException: mMountItemDispatcher
03-14 22:13:41.627  3715  3996 E AndroidRuntime: 	at java.util.concurrent.FutureTask.report(FutureTask.java:122)
03-14 22:13:41.627  3715  3996 E AndroidRuntime: 	at java.util.concurrent.FutureTask.get(FutureTask.java:191)
03-14 22:13:41.627  3715  3996 E AndroidRuntime: 	at com.wix.detox.common.UIThread.postFirstSync(UIThread.kt:65)
03-14 22:13:41.627  3715  3996 E AndroidRuntime: 	at com.wix.detox.espresso.registry.BusyResourcesInquirer.getAllBusyResources(BusyResourcesInquirer.kt:19)
03-14 22:13:41.627  3715  3996 E AndroidRuntime: 	at com.wix.detox.TestEngineFacade.getAllBusyResources(TestEngineFacade.kt:17)
03-14 22:13:41.627  3715  3996 E AndroidRuntime: 	at com.wix.detox.adapters.server.QueryStatusActionHandler.handle(QueryStatusActionHandler.kt:12)
03-14 22:13:41.627  3715  3996 E AndroidRuntime: 	at com.wix.detox.DetoxMain$setupActionHandlers$SynchronizedActionHandler.handle(DetoxMain.kt:78)
03-14 22:13:41.627  3715  3996 E AndroidRuntime: 	at com.wix.detox.adapters.server.ActionsExecutor.executeAction$lambda$2$lambda$1(DetoxActionsDispatcher.kt:76)
03-14 22:13:41.627  3715  3996 E AndroidRuntime: 	at com.wix.detox.adapters.server.ActionsExecutor.$r8$lambda$GVbB7LHtBHxNHGbgYnHJ6YrwCqs(Unknown Source:0)
03-14 22:13:41.627  3715  3996 E AndroidRuntime: 	at com.wix.detox.adapters.server.ActionsExecutor$$ExternalSyntheticLambda0.run(D8$$SyntheticClass:0)
03-14 22:13:41.627  3715  3996 E AndroidRuntime: 	at android.os.Handler.handleCallback(Handler.java:959)
03-14 22:13:41.627  3715  3996 E AndroidRuntime: 	at android.os.Handler.dispatchMessage(Handler.java:100)
03-14 22:13:41.627  3715  3996 E AndroidRuntime: 	at android.os.Looper.loopOnce(Looper.java:232)
03-14 22:13:41.627  3715  3996 E AndroidRuntime: 	at android.os.Looper.loop(Looper.java:317)
03-14 22:13:41.627  3715  3996 E AndroidRuntime: 	at com.wix.detox.adapters.server.ActionsExecutor._init_$lambda$0(DetoxActionsDispatcher.kt:62)
03-14 22:13:41.627  3715  3996 E AndroidRuntime: 	at com.wix.detox.adapters.server.ActionsExecutor.$r8$lambda$xlgL0CQim6vNM0wWEqM8JIDgZUE(Unknown Source:0)
03-14 22:13:41.627  3715  3996 E AndroidRuntime: 	at com.wix.detox.adapters.server.ActionsExecutor$$ExternalSyntheticLambda1.run(D8$$SyntheticClass:0)
03-14 22:13:41.627  3715  3996 E AndroidRuntime: 	at java.lang.Thread.run(Thread.java:1012)
03-14 22:13:41.627  3715  3996 E AndroidRuntime: Caused by: org.joor.ReflectException: org.joor.ReflectException: java.lang.NoSuchFieldException: mMountItemDispatcher
03-14 22:13:41.627  3715  3996 E AndroidRuntime: 	at org.joor.Reflect.field(Reflect.java:294)
03-14 22:13:41.627  3715  3996 E AndroidRuntime: 	at com.wix.detox.reactnative.idlingresources.uimodule.fabric.FabricUIManagerIdlingResources.getMountItemDispatcher(FabricUIManagerIdlingResources.kt:65)
03-14 22:13:41.627  3715  3996 E AndroidRuntime: 	at com.wix.detox.reactnative.idlingresources.uimodule.fabric.FabricUIManagerIdlingResources.getViewCommandMountItemsSize(FabricUIManagerIdlingResources.kt:70)
03-14 22:13:41.627  3715  3996 E AndroidRuntime: 	at com.wix.detox.reactnative.idlingresources.uimodule.fabric.FabricUIManagerIdlingResources.checkIdle(FabricUIManagerIdlingResources.kt:19)
03-14 22:13:41.627  3715  3996 E AndroidRuntime: 	at com.wix.detox.reactnative.idlingresources.DetoxIdlingResource.isIdleNow(DetoxIdlingResource.kt:30)
03-14 22:13:41.627  3715  3996 E AndroidRuntime: 	at com.wix.detox.espresso.registry.BusyResourcesInquirer.getBusyIdlingResources(BusyResourcesInquirer.kt:29)
03-14 22:13:41.627  3715  3996 E AndroidRuntime: 	at com.wix.detox.espresso.registry.BusyResourcesInquirer.getAllBusyResources$lambda$2(BusyResourcesInquirer.kt:21)
03-14 22:13:41.627  3715  3996 E AndroidRuntime: 	at com.wix.detox.espresso.registry.BusyResourcesInquirer.$r8$lambda$67FTpIglw6E0PceMzBRqYhXSCtM(Unknown Source:0)
03-14 22:13:41.627  3715  3996 E AndroidRuntime: 	at com.wix.detox.espresso.registry.BusyResourcesInquirer$$ExternalSyntheticLambda0.call(D8$$SyntheticClass:0)
03-14 22:13:41.627  3715  3996 E AndroidRuntime: 	at java.util.concurrent.FutureTask.run(FutureTask.java:264)
03-14 22:13:41.627  3715  3996 E AndroidRuntime: 	at android.os.Handler.handleCallback(Handler.java:959)
03-14 22:13:41.627  3715  3996 E AndroidRuntime: 	at android.os.Handler.dispatchMessage(Handler.java:100)
03-14 22:13:41.627  3715  3996 E AndroidRuntime: 	at android.os.Looper.loopOnce(Looper.java:232)
03-14 22:13:41.627  3715  3996 E AndroidRuntime: 	at android.os.Looper.loop(Looper.java:317)
03-14 22:13:41.627  3715  3996 E AndroidRuntime: 	at android.app.ActivityThread.main(ActivityThread.java:8705)
03-14 22:13:41.627  3715  3996 E AndroidRuntime: 	at java.lang.reflect.Method.invoke(Native Method)
03-14 22:13:41.627  3715  3996 E AndroidRuntime: 	at com.android.internal.os.RuntimeInit$MethodAndArgsCaller.run(RuntimeInit.java:580)
03-14 22:13:41.627  3715  3996 E AndroidRuntime: 	at com.android.internal.os.ZygoteInit.main(ZygoteInit.java:886)
03-14 22:13:41.627  3715  3996 E AndroidRuntime: Caused by: org.joor.ReflectException: java.lang.NoSuchFieldException: mMountItemDispatcher
03-14 22:13:41.627  3715  3996 E AndroidRuntime: 	at org.joor.Reflect.field0(Reflect.java:318)
03-14 22:13:41.627  3715  3996 E AndroidRuntime: 	at org.joor.Reflect.field(Reflect.java:290)
03-14 22:13:41.627  3715  3996 E AndroidRuntime: 	... 17 more
03-14 22:13:41.627  3715  3996 E AndroidRuntime: Caused by: java.lang.NoSuchFieldException: mMountItemDispatcher
03-14 22:13:41.627  3715  3996 E AndroidRuntime: 	at java.lang.Class.getField(Class.java:2337)
03-14 22:13:41.627  3715  3996 E AndroidRuntime: 	at org.joor.Reflect.field0(Reflect.java:303)
03-14 22:13:41.627  3715  3996 E AndroidRuntime: 	... 18 more
03-14 22:13:41.628  3715  3996 E DetoxCrashHandler: Crash detected!!! thread=detox.secondary (45)
03-14 22:13:41.628  3715  3996 E DetoxCrashHandler: java.util.concurrent.ExecutionException: org.joor.ReflectException: org.joor.ReflectException: java.lang.NoSuchFieldException: mMountItemDispatcher
03-14 22:13:41.628  3715  3996 E DetoxCrashHandler: 	at java.util.concurrent.FutureTask.report(FutureTask.java:122)
03-14 22:13:41.628  3715  3996 E DetoxCrashHandler: 	at java.util.concurrent.FutureTask.get(FutureTask.java:191)
03-14 22:13:41.628  3715  3996 E DetoxCrashHandler: 	at com.wix.detox.common.UIThread.postFirstSync(UIThread.kt:65)
03-14 22:13:41.628  3715  3996 E DetoxCrashHandler: 	at com.wix.detox.espresso.registry.BusyResourcesInquirer.getAllBusyResources(BusyResourcesInquirer.kt:19)
03-14 22:13:41.628  3715  3996 E DetoxCrashHandler: 	at com.wix.detox.TestEngineFacade.getAllBusyResources(TestEngineFacade.kt:17)
03-14 22:13:41.628  3715  3996 E DetoxCrashHandler: 	at com.wix.detox.adapters.server.QueryStatusActionHandler.handle(QueryStatusActionHandler.kt:12)
03-14 22:13:41.628  3715  3996 E DetoxCrashHandler: 	at com.wix.detox.DetoxMain$setupActionHandlers$SynchronizedActionHandler.handle(DetoxMain.kt:78)
03-14 22:13:41.628  3715  3996 E DetoxCrashHandler: 	at com.wix.detox.adapters.server.ActionsExecutor.executeAction$lambda$2$lambda$1(DetoxActionsDispatcher.kt:76)
03-14 22:13:41.628  3715  3996 E DetoxCrashHandler: 	at com.wix.detox.adapters.server.ActionsExecutor.$r8$lambda$GVbB7LHtBHxNHGbgYnHJ6YrwCqs(Unknown Source:0)
03-14 22:13:41.628  3715  3996 E DetoxCrashHandler: 	at com.wix.detox.adapters.server.ActionsExecutor$$ExternalSyntheticLambda0.run(D8$$SyntheticClass:0)
03-14 22:13:41.628  3715  3996 E DetoxCrashHandler: 	at android.os.Handler.handleCallback(Handler.java:959)
03-14 22:13:41.628  3715  3996 E DetoxCrashHandler: 	at android.os.Handler.dispatchMessage(Handler.java:100)
03-14 22:13:41.628  3715  3996 E DetoxCrashHandler: 	at android.os.Looper.loopOnce(Looper.java:232)
03-14 22:13:41.628  3715  3996 E DetoxCrashHandler: 	at android.os.Looper.loop(Looper.java:317)
03-14 22:13:41.628  3715  3996 E DetoxCrashHandler: 	at com.wix.detox.adapters.server.ActionsExecutor._init_$lambda$0(DetoxActionsDispatcher.kt:62)
03-14 22:13:41.628  3715  3996 E DetoxCrashHandler: 	at com.wix.detox.adapters.server.ActionsExecutor.$r8$lambda$xlgL0CQim6vNM0wWEqM8JIDgZUE(Unknown Source:0)
03-14 22:13:41.628  3715  3996 E DetoxCrashHandler: 	at com.wix.detox.adapters.server.ActionsExecutor$$ExternalSyntheticLambda1.run(D8$$SyntheticClass:0)
03-14 22:13:41.628  3715  3996 E DetoxCrashHandler: 	at java.lang.Thread.run(Thread.java:1012)
03-14 22:13:41.628  3715  3996 E DetoxCrashHandler: Caused by: org.joor.ReflectException: org.joor.ReflectException: java.lang.NoSuchFieldException: mMountItemDispatcher
03-14 22:13:41.628  3715  3996 E DetoxCrashHandler: 	at org.joor.Reflect.field(Reflect.java:294)
03-14 22:13:41.628  3715  3996 E DetoxCrashHandler: 	at com.wix.detox.reactnative.idlingresources.uimodule.fabric.FabricUIManagerIdlingResources.getMountItemDispatcher(FabricUIManagerIdlingResources.kt:65)
03-14 22:13:41.628  3715  3996 E DetoxCrashHandler: 	at com.wix.detox.reactnative.idlingresources.uimodule.fabric.FabricUIManagerIdlingResources.getViewCommandMountItemsSize(FabricUIManagerIdlingResources.kt:70)
03-14 22:13:41.628  3715  3996 E DetoxCrashHandler: 	at com.wix.detox.reactnative.idlingresources.uimodule.fabric.FabricUIManagerIdlingResources.checkIdle(FabricUIManagerIdlingResources.kt:19)
03-14 22:13:41.628  3715  3996 E DetoxCrashHandler: 	at com.wix.detox.reactnative.idlingresources.DetoxIdlingResource.isIdleNow(DetoxIdlingResource.kt:30)
03-14 22:13:41.628  3715  3996 E DetoxCrashHandler: 	at com.wix.detox.espresso.registry.BusyResourcesInquirer.getBusyIdlingResources(BusyResourcesInquirer.kt:29)
03-14 22:13:41.628  3715  3996 E DetoxCrashHandler: 	at com.wix.detox.espresso.registry.BusyResourcesInquirer.getAllBusyResources$lambda$2(BusyResourcesInquirer.kt:21)
03-14 22:13:41.628  3715  3996 E DetoxCrashHandler: 	at com.wix.detox.espresso.registry.BusyResourcesInquirer.$r8$lambda$67FTpIglw6E0PceMzBRqYhXSCtM(Unknown Source:0)
03-14 22:13:41.628  3715  3996 E DetoxCrashHandler: 	at com.wix.detox.espresso.registry.BusyResourcesInquirer$$ExternalSyntheticLambda0.call(D8$$SyntheticClass:0)
03-14 22:13:41.628  3715  3996 E DetoxCrashHandler: 	at java.util.concurrent.FutureTask.run(FutureTask.java:264)
03-14 22:13:41.628  3715  3996 E DetoxCrashHandler: 	at android.os.Handler.handleCallback(Handler.java:959)
03-14 22:13:41.628  3715  3996 E DetoxCrashHandler: 	at android.os.Handler.dispatchMessage(Handler.java:100)
03-14 22:13:41.628  3715  3996 E DetoxCrashHandler: 	at android.os.Looper.loopOnce(Looper.java:232)
03-14 22:13:41.628  3715  3996 E DetoxCrashHandler: 	at android.os.Looper.loop(Looper.java:317)
03-14 22:13:41.628  3715  3996 E DetoxCrashHandler: 	at android.app.ActivityThread.main(ActivityThread.java:8705)
03-14 22:13:41.628  3715  3996 E DetoxCrashHandler: 	at java.lang.reflect.Method.invoke(Native Method)
03-14 22:13:41.628  3715  3996 E DetoxCrashHandler: 	at com.android.internal.os.RuntimeInit$MethodAndArgsCaller.run(RuntimeInit.java:580)
03-14 22:13:41.628  3715  3996 E DetoxCrashHandler: 	at com.android.internal.os.ZygoteInit.main(ZygoteInit.java:886)
03-14 22:13:41.628  3715  3996 E DetoxCrashHandler: Caused by: org.joor.ReflectException: java.lang.NoSuchFieldException: mMountItemDispatcher
03-14 22:13:41.628  3715  3996 E DetoxCrashHandler: 	at org.joor.Reflect.field0(Reflect.java:318)
03-14 22:13:41.628  3715  3996 E DetoxCrashHandler: 	at org.joor.Reflect.field(Reflect.java:290)
03-14 22:13:41.628  3715  3996 E DetoxCrashHandler: 	... 17 more
03-14 22:13:41.628  3715  3996 E DetoxCrashHandler: Caused by: java.lang.NoSuchFieldException: mMountItemDispatcher
03-14 22:13:41.628  3715  3996 E DetoxCrashHandler: 	at java.lang.Class.getField(Class.java:2337)
03-14 22:13:41.628  3715  3996 E DetoxCrashHandler: 	at org.joor.Reflect.field0(Reflect.java:303)
03-14 22:13:41.628  3715  3996 E DetoxCrashHandler: 	... 18 more
03-14 22:13:41.629  3715  3996 I DetoxWSClient: Sending out action 'AppWillTerminateWithError' (ID #-10000)
03-14 22:13:41.650  3715  3715 W .studentfinance: Accessing hidden field Landroid/app/Activity;->mResultCode:I (unsupported, reflection, allowed)
03-14 22:13:41.650  3715  3715 W .studentfinance: Accessing hidden field Landroid/app/Activity;->mResultData:Landroid/content/Intent; (unsupported, reflection, allowed)
03-14 22:13:41.683  3715  3715 W unknown:BridgelessReact: ReactHost{0}.onHostPause(activity)
03-14 22:13:41.698  3715  3715 W WindowOnBackDispatcher: sendCancelIfRunning: isInProgress=false callback=android.view.ViewRootImpl$$ExternalSyntheticLambda11@c6f2150
03-14 22:13:41.740  3715  3715 D LifecycleMonitor: Lifecycle status change: com.mcfuzzysquirrel.studentfinance.MainActivity@11898f7 in: PAUSED
03-14 22:13:41.788  3715  3803 I TestRunner: finished: runDetoxTests(com.mcfuzzysquirrel.studentfinance.DetoxTest)
03-14 22:13:41.796  3715  3803 I MonitoringInstr: Unstopped activity count: 1
03-14 22:13:41.846  3715  3803 I MonitoringInstr: Unstopped activity count: 1
03-14 22:13:41.897  3715  3803 I MonitoringInstr: Unstopped activity count: 1
03-14 22:13:41.947  3715  3803 I MonitoringInstr: Unstopped activity count: 1
03-14 22:13:41.997  3715  3803 I MonitoringInstr: Unstopped activity count: 1
03-14 22:13:42.050  3715  3803 I MonitoringInstr: Unstopped activity count: 1
03-14 22:13:42.121  3715  3803 I MonitoringInstr: Unstopped activity count: 1
03-14 22:13:42.171  3715  3803 I MonitoringInstr: Unstopped activity count: 1
03-14 22:13:42.223  3715  3803 I MonitoringInstr: Unstopped activity count: 1
03-14 22:13:42.255  3715  3715 D VRI[MainActivity]: visibilityChanged oldVisibility=true newVisibility=false
03-14 22:13:42.285  3715  3803 I MonitoringInstr: Unstopped activity count: 1
03-14 22:13:42.301  3715  3715 D LifecycleMonitor: Lifecycle status change: com.mcfuzzysquirrel.studentfinance.MainActivity@11898f7 in: STOPPED
03-14 22:13:42.306  3715  3715 D LifecycleMonitor: Lifecycle status change: com.mcfuzzysquirrel.studentfinance.MainActivity@11898f7 in: DESTROYED
03-14 22:13:42.307  3715  3715 W WindowOnBackDispatcher: sendCancelIfRunning: isInProgress=false callback=android.view.ViewRootImpl$$ExternalSyntheticLambda11@b0b94b7
03-14 22:13:42.352  3715  3803 I TestRunner: run finished: 1 tests, 0 failed, 0 ignored
03-14 22:13:42.367  3715  3715 W unknown:BridgelessReact: ReactHost{0}.stopSurface(surfaceId = 1): Schedule
03-14 22:13:42.367  3715  3715 W unknown:BridgelessReact: ReactHost{0}.detachSurface(surfaceId = 1)
03-14 22:13:42.371  3715  3715 W unknown:BridgelessReact: ReactHost{0}.onHostDestroy(activity)
03-14 22:13:42.467  3715  4042 W unknown:BridgelessReact: ReactHost{0}.raiseSoftException(callWithExistingReactInstance(stopSurface(surfaceId = 1))): Execute: reactInstance is null. Dropping work.
03-14 22:13:42.468  3715  4042 E unknown:ReactHost: Unhandled SoftException
03-14 22:13:42.468  3715  4042 E unknown:ReactHost: com.facebook.react.bridge.ReactNoCrashSoftException: raiseSoftException(callWithExistingReactInstance(stopSurface(surfaceId = 1))): Execute: reactInstance is null. Dropping work.
03-14 22:13:42.468  3715  4042 E unknown:ReactHost: 	at com.facebook.react.runtime.ReactHostImpl.raiseSoftException(ReactHostImpl.kt:861)
03-14 22:13:42.468  3715  4042 E unknown:ReactHost: 	at com.facebook.react.runtime.ReactHostImpl.raiseSoftException$default(ReactHostImpl.kt:852)
03-14 22:13:42.468  3715  4042 E unknown:ReactHost: 	at com.facebook.react.runtime.ReactHostImpl.callWithExistingReactInstance$lambda$31(ReactHostImpl.kt:877)
03-14 22:13:42.468  3715  4042 E unknown:ReactHost: 	at com.facebook.react.runtime.ReactHostImpl.$r8$lambda$l1K12GG-9QlElWkNW0LKLzyWgAs(Unknown Source:0)
03-14 22:13:42.468  3715  4042 E unknown:ReactHost: 	at com.facebook.react.runtime.ReactHostImpl$$ExternalSyntheticLambda32.then(D8$$SyntheticClass:0)
03-14 22:13:42.468  3715  4042 E unknown:ReactHost: 	at com.facebook.react.runtime.internal.bolts.Task$Companion.completeImmediately$lambda$3(Task.kt:360)
03-14 22:13:42.468  3715  4042 E unknown:ReactHost: 	at com.facebook.react.runtime.internal.bolts.Task$Companion.$r8$lambda$b7MTC0ufkn_2TjF4BGcNqGR9qK0(Unknown Source:0)
