--------- beginning of main
03-14 22:11:57.658  3715  3715 I .studentfinance: Late-enabling -Xcheck:jni
03-14 22:11:57.727  3715  3715 I .studentfinance: Using CollectorTypeCMC GC.
03-14 22:11:57.729  3715  3715 W .studentfinance: Unexpected CPU variant for x86: x86_64.
03-14 22:11:57.729  3715  3715 W .studentfinance: Known variants: atom, sandybridge, silvermont, goldmont, goldmont-plus, goldmont-without-sha-xsaves, tremont, kabylake, default
03-14 22:11:57.750  3715  3715 D nativeloader: Load libframework-connectivity-tiramisu-jni.so using APEX ns com_android_tethering for caller /apex/com.android.tethering/javalib/framework-connectivity-t.jar: ok
--------- beginning of system
03-14 22:11:57.837  3715  3715 W ActivityThread: Package uses different ABI(s) than its instrumentation: package[com.mcfuzzysquirrel.studentfinance]: x86_64, null instrumentation[com.mcfuzzysquirrel.studentfinance.test]: null, null
03-14 22:11:57.868  3715  3715 W .studentfinance: ClassLoaderContext shared library size mismatch. Expected=2, found=0 (PCL[]{PCL[/system/framework/android.test.base.jar*724373495]#PCL[/system/framework/android.test.mock.jar*1452759902]} | PCL[])
03-14 22:11:57.871  3715  3715 W .studentfinance: ClassLoaderContext classpath size mismatch. expected=0, found=1 (PCL[] | PCL[/system/framework/android.test.runner.jar*2496447986])
03-14 22:11:57.874  3715  3715 W .studentfinance: ClassLoaderContext classpath size mismatch. expected=0, found=2 (PCL[] | PCL[/system/framework/android.test.runner.jar*2496447986:/system/framework/android.test.mock.jar*1452759902])
03-14 22:11:57.875  3715  3715 W ziparchive: Unable to open '/data/app/~~B8TTM_GxKpdsUQD9NecA4g==/com.mcfuzzysquirrel.studentfinance.test-r2iq2CCGPh2ISRcO_RmAnA==/base.dm': No such file or directory
03-14 22:11:57.875  3715  3715 W ziparchive: Unable to open '/data/app/~~B8TTM_GxKpdsUQD9NecA4g==/com.mcfuzzysquirrel.studentfinance.test-r2iq2CCGPh2ISRcO_RmAnA==/base.dm': No such file or directory
03-14 22:11:57.989  3715  3715 W ziparchive: Unable to open '/data/app/~~MJNFYuKueko84-QkOZydWw==/com.mcfuzzysquirrel.studentfinance-06DEmtGpxB_R_hcbHrXNxA==/base.dm': No such file or directory
03-14 22:11:57.990  3715  3715 W ziparchive: Unable to open '/data/app/~~MJNFYuKueko84-QkOZydWw==/com.mcfuzzysquirrel.studentfinance-06DEmtGpxB_R_hcbHrXNxA==/base.dm': No such file or directory
03-14 22:11:58.817  3715  3715 D nativeloader: Configuring clns-7 for other apk /system/framework/android.test.runner.jar:/system/framework/android.test.mock.jar:/system/framework/android.test.base.jar:/data/app/~~B8TTM_GxKpdsUQD9NecA4g==/com.mcfuzzysquirrel.studentfinance.test-r2iq2CCGPh2ISRcO_RmAnA==/base.apk:/data/app/~~MJNFYuKueko84-QkOZydWw==/com.mcfuzzysquirrel.studentfinance-06DEmtGpxB_R_hcbHrXNxA==/base.apk. target_sdk_version=36, uses_libraries=, library_path=/data/app/~~B8TTM_GxKpdsUQD9NecA4g==/com.mcfuzzysquirrel.studentfinance.test-r2iq2CCGPh2ISRcO_RmAnA==/lib/x86_64:/data/app/~~MJNFYuKueko84-QkOZydWw==/com.mcfuzzysquirrel.studentfinance-06DEmtGpxB_R_hcbHrXNxA==/lib/x86_64:/data/app/~~B8TTM_GxKpdsUQD9NecA4g==/com.mcfuzzysquirrel.studentfinance.test-r2iq2CCGPh2ISRcO_RmAnA==/base.apk!/lib/x86_64:/data/app/~~MJNFYuKueko84-QkOZydWw==/com.mcfuzzysquirrel.studentfinance-06DEmtGpxB_R_hcbHrXNxA==/base.apk!/lib/x86_64, permitted_path=/data:/mnt/expand:/data/user/0/com.mcfuzzysquirrel.studentfinance
03-14 22:11:58.892  3715  3715 V GraphicsEnvironment: Currently set values for:
03-14 22:11:58.894  3715  3715 V GraphicsEnvironment:   angle_gl_driver_selection_pkgs=[]
03-14 22:11:58.894  3715  3715 V GraphicsEnvironment:   angle_gl_driver_selection_values=[]
03-14 22:11:58.897  3715  3715 V GraphicsEnvironment: Global.Settings values are invalid: number of packages: 0, number of values: 0
03-14 22:11:58.900  3715  3715 V GraphicsEnvironment: Neither updatable production driver nor prerelease driver is supported.
03-14 22:11:58.916  3715  3715 D ApplicationLoaders: Returning zygote-cached class loader: /system/framework/android.test.base.jar
03-14 22:11:58.919  3715  3715 D nativeloader: Configuring clns-8 for other apk /system/framework/android.test.mock.jar. target_sdk_version=36, uses_libraries=ALL, library_path=/data/app/~~B8TTM_GxKpdsUQD9NecA4g==/com.mcfuzzysquirrel.studentfinance.test-r2iq2CCGPh2ISRcO_RmAnA==/lib/x86_64:/data/app/~~MJNFYuKueko84-QkOZydWw==/com.mcfuzzysquirrel.studentfinance-06DEmtGpxB_R_hcbHrXNxA==/lib/x86_64, permitted_path=/data:/mnt/expand
03-14 22:11:58.920  3715  3715 D ApplicationLoaders: Returning zygote-cached class loader: /system/framework/android.test.base.jar
03-14 22:11:58.925  3715  3715 D nativeloader: Configuring clns-9 for other apk /system/framework/android.test.runner.jar. target_sdk_version=36, uses_libraries=ALL, library_path=/data/app/~~B8TTM_GxKpdsUQD9NecA4g==/com.mcfuzzysquirrel.studentfinance.test-r2iq2CCGPh2ISRcO_RmAnA==/lib/x86_64:/data/app/~~MJNFYuKueko84-QkOZydWw==/com.mcfuzzysquirrel.studentfinance-06DEmtGpxB_R_hcbHrXNxA==/lib/x86_64, permitted_path=/data:/mnt/expand
03-14 22:11:58.927  3715  3715 W .studentfinance: ClassLoaderContext shared library size mismatch. Expected=2, found=3 (PCL[]{PCL[/system/framework/android.test.base.jar*724373495]#PCL[/system/framework/android.test.mock.jar*1452759902]} | PCL[]{PCL[/system/framework/android.test.base.jar*724373495]#PCL[/system/framework/android.test.mock.jar*1452759902]#PCL[/system/framework/android.test.runner.jar*2496447986]{PCL[/system/framework/android.test.base.jar*724373495]#PCL[/system/framework/android.test.mock.jar*1452759902]}};PCL[/system/framework/android.test.runner.jar*2496447986:/system/framework/android.test.mock.jar*1452759902:/system/framework/android.test.base.jar*724373495:/data/app/~~B8TTM_GxKpdsUQD9NecA4g==/com.mcfuzzysquirrel.studentfinance.test-r2iq2CCGPh2ISRcO_RmAnA==/base.apk*3224200876:/data/app/~~MJNFYuKueko84-QkOZydWw==/com.mcfuzzysquirrel.studentfinance-06DEmtGpxB_R_hcbHrXNxA==/base.apk*3383818782])
03-14 22:11:58.929  3715  3715 W .studentfinance: ClassLoaderContext classpath size mismatch. expected=0, found=1 (PCL[] | PCL[/system/framework/android.test.runner.jar*2496447986]{PCL[/system/framework/android.test.base.jar*724373495]#PCL[/system/framework/android.test.mock.jar*1452759902]#PCL[/system/framework/android.test.runner.jar*2496447986]{PCL[/system/framework/android.test.base.jar*724373495]#PCL[/system/framework/android.test.mock.jar*1452759902]}};PCL[/system/framework/android.test.runner.jar*2496447986:/system/framework/android.test.mock.jar*1452759902:/system/framework/android.test.base.jar*724373495:/data/app/~~B8TTM_GxKpdsUQD9NecA4g==/com.mcfuzzysquirrel.studentfinance.test-r2iq2CCGPh2ISRcO_RmAnA==/base.apk*3224200876:/data/app/~~MJNFYuKueko84-QkOZydWw==/com.mcfuzzysquirrel.studentfinance-06DEmtGpxB_R_hcbHrXNxA==/base.apk*3383818782])
03-14 22:11:58.930  3715  3715 W .studentfinance: ClassLoaderContext classpath size mismatch. expected=0, found=2 (PCL[] | PCL[/system/framework/android.test.runner.jar*2496447986:/system/framework/android.test.mock.jar*1452759902]{PCL[/system/framework/android.test.base.jar*724373495]#PCL[/system/framework/android.test.mock.jar*1452759902]#PCL[/system/framework/android.test.runner.jar*2496447986]{PCL[/system/framework/android.test.base.jar*724373495]#PCL[/system/framework/android.test.mock.jar*1452759902]}};PCL[/system/framework/android.test.runner.jar*2496447986:/system/framework/android.test.mock.jar*1452759902:/system/framework/android.test.base.jar*724373495:/data/app/~~B8TTM_GxKpdsUQD9NecA4g==/com.mcfuzzysquirrel.studentfinance.test-r2iq2CCGPh2ISRcO_RmAnA==/base.apk*3224200876:/data/app/~~MJNFYuKueko84-QkOZydWw==/com.mcfuzzysquirrel.studentfinance-06DEmtGpxB_R_hcbHrXNxA==/base.apk*3383818782])
03-14 22:11:58.931  3715  3715 W ziparchive: Unable to open '/data/app/~~B8TTM_GxKpdsUQD9NecA4g==/com.mcfuzzysquirrel.studentfinance.test-r2iq2CCGPh2ISRcO_RmAnA==/base.dm': No such file or directory
03-14 22:11:58.931  3715  3715 W ziparchive: Unable to open '/data/app/~~B8TTM_GxKpdsUQD9NecA4g==/com.mcfuzzysquirrel.studentfinance.test-r2iq2CCGPh2ISRcO_RmAnA==/base.dm': No such file or directory
03-14 22:11:59.043  3715  3715 W ziparchive: Unable to open '/data/app/~~MJNFYuKueko84-QkOZydWw==/com.mcfuzzysquirrel.studentfinance-06DEmtGpxB_R_hcbHrXNxA==/base.dm': No such file or directory
03-14 22:11:59.043  3715  3715 W ziparchive: Unable to open '/data/app/~~MJNFYuKueko84-QkOZydWw==/com.mcfuzzysquirrel.studentfinance-06DEmtGpxB_R_hcbHrXNxA==/base.dm': No such file or directory
03-14 22:11:59.795  3715  3715 I AndroidJUnitRunner: newApplication com.mcfuzzysquirrel.studentfinance.MainApplication
03-14 22:11:59.899  3715  3715 I AndroidJUnitRunner: onCreate Bundle[mParcelledData.dataSize=240]
03-14 22:11:59.902  3715  3715 D AndroidJUnitRunner: Use the raw file system for managing file I/O.
03-14 22:12:00.407  3715  3715 V TestEventClient: No service name argument was given (testDiscoveryService, testRunEventService or orchestratorService)
03-14 22:12:00.412  3715  3803 D AndroidJUnitRunner: onStart is called.
03-14 22:12:00.480  3715  3715 W SoLoader: Initializing SoLoader: 0
03-14 22:12:00.482  3715  3715 W SoLoader: Recording new base apk path: /data/app/~~MJNFYuKueko84-QkOZydWw==/com.mcfuzzysquirrel.studentfinance-06DEmtGpxB_R_hcbHrXNxA==/base.apk
03-14 22:12:00.482  3715  3715 W SoLoader: Previously recorded 0 base apk paths.
03-14 22:12:00.489  3715  3715 I SoLoader: Preparing SO source: DirectorySoSource[root = /vendor/lib64 flags = 2]
03-14 22:12:00.489  3715  3715 I SoLoader: Preparing SO source: DirectorySoSource[root = /system/lib64 flags = 2]
03-14 22:12:00.489  3715  3715 I SoLoader: Preparing SO source: DirectApkSoSource[root = [/data/app/~~MJNFYuKueko84-QkOZydWw==/com.mcfuzzysquirrel.studentfinance-06DEmtGpxB_R_hcbHrXNxA==/base.apk!/lib/x86_64]]
03-14 22:12:00.863  3715  3715 I SoLoader: Preparing SO source: ApplicationSoSource[DirectorySoSource[root = /data/app/~~MJNFYuKueko84-QkOZydWw==/com.mcfuzzysquirrel.studentfinance-06DEmtGpxB_R_hcbHrXNxA==/lib/x86_64 flags = 0]]
03-14 22:12:00.863  3715  3715 I SoLoader: init finish: 4 SO sources prepared
03-14 22:12:00.885  3715  3715 W SoLoader: SoLoader initialized: 8
03-14 22:12:00.969  3715  3715 D nativeloader: Load /data/app/~~MJNFYuKueko84-QkOZydWw==/com.mcfuzzysquirrel.studentfinance-06DEmtGpxB_R_hcbHrXNxA==/base.apk!/lib/x86_64/libc++_shared.so using ns clns-7 from class loader (caller=/data/app/~~MJNFYuKueko84-QkOZydWw==/com.mcfuzzysquirrel.studentfinance-06DEmtGpxB_R_hcbHrXNxA==/base.apk): ok
03-14 22:12:00.999  3715  3715 D nativeloader: Load /data/app/~~MJNFYuKueko84-QkOZydWw==/com.mcfuzzysquirrel.studentfinance-06DEmtGpxB_R_hcbHrXNxA==/base.apk!/lib/x86_64/libjsi.so using ns clns-7 from class loader (caller=/data/app/~~MJNFYuKueko84-QkOZydWw==/com.mcfuzzysquirrel.studentfinance-06DEmtGpxB_R_hcbHrXNxA==/base.apk): ok
03-14 22:12:01.051  3715  3715 D nativeloader: Load /data/app/~~MJNFYuKueko84-QkOZydWw==/com.mcfuzzysquirrel.studentfinance-06DEmtGpxB_R_hcbHrXNxA==/base.apk!/lib/x86_64/libfbjni.so using ns clns-7 from class loader (caller=/data/app/~~MJNFYuKueko84-QkOZydWw==/com.mcfuzzysquirrel.studentfinance-06DEmtGpxB_R_hcbHrXNxA==/base.apk): ok
03-14 22:12:01.101  3715  3715 D nativeloader: Load /data/app/~~MJNFYuKueko84-QkOZydWw==/com.mcfuzzysquirrel.studentfinance-06DEmtGpxB_R_hcbHrXNxA==/base.apk!/lib/x86_64/libreactnative.so using ns clns-7 from class loader (caller=/data/app/~~MJNFYuKueko84-QkOZydWw==/com.mcfuzzysquirrel.studentfinance-06DEmtGpxB_R_hcbHrXNxA==/base.apk): ok
03-14 22:12:01.105  3715  3715 D jni_lib_merge: Entering merged library JNI_OnLoad.
03-14 22:12:01.105  3715  3715 D jni_lib_merge: Preparing 12 pre-merged libs (including stub)
03-14 22:12:01.105  3715  3715 D jni_lib_merge: Preparing to register libfabricjni_so.  onload_func: 0x782fa2f2e730
03-14 22:12:01.105  3715  3715 D jni_lib_merge: Preparing to register libreact_devsupportjni_so.  onload_func: 0x782fa312b190
03-14 22:12:01.105  3715  3715 D jni_lib_merge: Preparing to register libreact_featureflagsjni_so.  onload_func: 0x782fa313c910
03-14 22:12:01.105  3715  3715 D jni_lib_merge: Preparing to register libreact_newarchdefaults_so.  onload_func: 0x782fa31ddd20
03-14 22:12:01.105  3715  3715 D jni_lib_merge: Preparing to register libreactnativeblob_so.  onload_func: 0x782fa33e82e0
03-14 22:12:01.105  3715  3715 D jni_lib_merge: Preparing to register libreactnativejni_so.  onload_func: 0x782fa3428770
03-14 22:12:01.105  3715  3715 D jni_lib_merge: Preparing to register libreactnativejni_common_so.  onload_func: 0x782fa34385d0
03-14 22:12:01.105  3715  3715 D jni_lib_merge: Preparing to register librninstance_so.  onload_func: 0x782fa34754c0
03-14 22:12:01.105  3715  3715 D jni_lib_merge: Preparing to register libturbomodulejsijni_so.  onload_func: 0x782fa35d6c00
03-14 22:12:01.105  3715  3715 D jni_lib_merge: Preparing to register libuimanagerjni_so.  onload_func: 0x782fa35eede0
03-14 22:12:01.105  3715  3715 D jni_lib_merge: Preparing to register libyoga_so.  onload_func: 0x782fa35fdd70
03-14 22:12:01.105  3715  3715 D jni_lib_merge: About to register 11 actual methods.
03-14 22:12:01.207  3715  3715 D nativeloader: Load /data/app/~~MJNFYuKueko84-QkOZydWw==/com.mcfuzzysquirrel.studentfinance-06DEmtGpxB_R_hcbHrXNxA==/base.apk!/lib/x86_64/libreact_codegen_rnscreens.so using ns clns-7 from class loader (caller=/data/app/~~MJNFYuKueko84-QkOZydWw==/com.mcfuzzysquirrel.studentfinance-06DEmtGpxB_R_hcbHrXNxA==/base.apk): ok
03-14 22:12:01.207  3715  3715 D jni_lib_merge: Entering merged library JNI_OnLoad.
03-14 22:12:01.207  3715  3715 D jni_lib_merge: Preparing 12 pre-merged libs (including stub)
03-14 22:12:01.207  3715  3715 D jni_lib_merge: Preparing to register libfabricjni_so.  onload_func: 0x782fa2f2e730
03-14 22:12:01.207  3715  3715 D jni_lib_merge: Preparing to register libreact_devsupportjni_so.  onload_func: 0x782fa312b190
03-14 22:12:01.207  3715  3715 D jni_lib_merge: Preparing to register libreact_featureflagsjni_so.  onload_func: 0x782fa313c910
03-14 22:12:01.207  3715  3715 D jni_lib_merge: Preparing to register libreact_newarchdefaults_so.  onload_func: 0x782fa31ddd20
03-14 22:12:01.207  3715  3715 D jni_lib_merge: Preparing to register libreactnativeblob_so.  onload_func: 0x782fa33e82e0
03-14 22:12:01.207  3715  3715 D jni_lib_merge: Preparing to register libreactnativejni_so.  onload_func: 0x782fa3428770
03-14 22:12:01.207  3715  3715 D jni_lib_merge: Preparing to register libreactnativejni_common_so.  onload_func: 0x782fa34385d0
03-14 22:12:01.207  3715  3715 D jni_lib_merge: Preparing to register librninstance_so.  onload_func: 0x782fa34754c0
03-14 22:12:01.207  3715  3715 D jni_lib_merge: Preparing to register libturbomodulejsijni_so.  onload_func: 0x782fa35d6c00
03-14 22:12:01.207  3715  3715 D jni_lib_merge: Preparing to register libuimanagerjni_so.  onload_func: 0x782fa35eede0
03-14 22:12:01.207  3715  3715 D jni_lib_merge: Preparing to register libyoga_so.  onload_func: 0x782fa35fdd70
03-14 22:12:01.207  3715  3715 D jni_lib_merge: About to register 11 actual methods.
03-14 22:12:01.228  3715  3715 D nativeloader: Load /data/app/~~MJNFYuKueko84-QkOZydWw==/com.mcfuzzysquirrel.studentfinance-06DEmtGpxB_R_hcbHrXNxA==/base.apk!/lib/x86_64/libreact_codegen_rnsvg.so using ns clns-7 from class loader (caller=/data/app/~~MJNFYuKueko84-QkOZydWw==/com.mcfuzzysquirrel.studentfinance-06DEmtGpxB_R_hcbHrXNxA==/base.apk): ok
03-14 22:12:01.229  3715  3715 D jni_lib_merge: Entering merged library JNI_OnLoad.
03-14 22:12:01.229  3715  3715 D jni_lib_merge: Preparing 12 pre-merged libs (including stub)
03-14 22:12:01.229  3715  3715 D jni_lib_merge: Preparing to register libfabricjni_so.  onload_func: 0x782fa2f2e730
03-14 22:12:01.229  3715  3715 D jni_lib_merge: Preparing to register libreact_devsupportjni_so.  onload_func: 0x782fa312b190
03-14 22:12:01.229  3715  3715 D jni_lib_merge: Preparing to register libreact_featureflagsjni_so.  onload_func: 0x782fa313c910
03-14 22:12:01.229  3715  3715 D jni_lib_merge: Preparing to register libreact_newarchdefaults_so.  onload_func: 0x782fa31ddd20
03-14 22:12:01.229  3715  3715 D jni_lib_merge: Preparing to register libreactnativeblob_so.  onload_func: 0x782fa33e82e0
03-14 22:12:01.229  3715  3715 D jni_lib_merge: Preparing to register libreactnativejni_so.  onload_func: 0x782fa3428770
03-14 22:12:01.229  3715  3715 D jni_lib_merge: Preparing to register libreactnativejni_common_so.  onload_func: 0x782fa34385d0
03-14 22:12:01.229  3715  3715 D jni_lib_merge: Preparing to register librninstance_so.  onload_func: 0x782fa34754c0
03-14 22:12:01.229  3715  3715 D jni_lib_merge: Preparing to register libturbomodulejsijni_so.  onload_func: 0x782fa35d6c00
03-14 22:12:01.229  3715  3715 D jni_lib_merge: Preparing to register libuimanagerjni_so.  onload_func: 0x782fa35eede0
03-14 22:12:01.229  3715  3715 D jni_lib_merge: Preparing to register libyoga_so.  onload_func: 0x782fa35fdd70
03-14 22:12:01.229  3715  3715 D jni_lib_merge: About to register 11 actual methods.
03-14 22:12:01.247  3715  3715 D nativeloader: Load /data/app/~~MJNFYuKueko84-QkOZydWw==/com.mcfuzzysquirrel.studentfinance-06DEmtGpxB_R_hcbHrXNxA==/base.apk!/lib/x86_64/libreact_codegen_safeareacontext.so using ns clns-7 from class loader (caller=/data/app/~~MJNFYuKueko84-QkOZydWw==/com.mcfuzzysquirrel.studentfinance-06DEmtGpxB_R_hcbHrXNxA==/base.apk): ok
03-14 22:12:01.402  3715  3715 D nativeloader: Load /data/app/~~MJNFYuKueko84-QkOZydWw==/com.mcfuzzysquirrel.studentfinance-06DEmtGpxB_R_hcbHrXNxA==/base.apk!/lib/x86_64/libappmodules.so using ns clns-7 from class loader (caller=/data/app/~~MJNFYuKueko84-QkOZydWw==/com.mcfuzzysquirrel.studentfinance-06DEmtGpxB_R_hcbHrXNxA==/base.apk): ok
03-14 22:12:01.659  3715  3715 I Choreographer: Skipped 107 frames!  The application may be doing too much work on its main thread.
03-14 22:12:01.737  3715  3803 I InstrConnection: Could not send broadcast or register receiver (isolatedProcess?)
03-14 22:12:01.743  3715  3803 D TestRequestBuilder: Using class path scanning to discover tests
03-14 22:12:01.743  3715  3803 I TestRequestBuilder: Scanning classpath to find tests in paths [/data/app/~~B8TTM_GxKpdsUQD9NecA4g==/com.mcfuzzysquirrel.studentfinance.test-r2iq2CCGPh2ISRcO_RmAnA==/base.apk]
03-14 22:12:01.744  3715  3803 W .studentfinance: Opening an oat file without a class loader. Are you using the deprecated DexFile APIs?
03-14 22:12:03.064  3715  3803 I TestRunner: run started: 1 tests
03-14 22:12:03.064  3715  3803 I TestRunner: started: runDetoxTests(com.mcfuzzysquirrel.studentfinance.DetoxTest)
03-14 22:12:03.094  3715  3803 I Detox   : Detox server connection details: url=ws://localhost:39991, sessionId=89aba427-a1fe-c8f4-e023-829b5b2290cb
03-14 22:12:03.135  3715  3803 I Tracing : Tracer added: class androidx.test.platform.tracing.AndroidXTracer
03-14 22:12:03.179  3715  3803 W .studentfinance: Accessing hidden field Ljava/lang/reflect/Field;->accessFlags:I (unsupported, reflection, allowed)
03-14 22:12:03.190  3715  3803 I Detox   : Connecting to server...
03-14 22:12:03.190  3715  3803 I DetoxWSClient: At connectToServer
03-14 22:12:03.335  3715  4004 D TrafficStats: tagSocket(102) with statsTag=0xffffffff, statsUid=-1
03-14 22:12:03.352  3715  4004 D DetoxWSClient: At onOpen
03-14 22:12:03.352  3715  4004 I DetoxWSClient: Sending out action 'login' (ID #0)
03-14 22:12:03.354  3715  4004 I Detox   : Connected to server!
03-14 22:12:03.357  3715  4004 D DetoxWSClient: Received action 'loginSuccess' (ID #0, params={"testerConnected":true,"appConnected":true})
03-14 22:12:03.357  3715  3995 I DetoxDispatcher: Handling action 'loginSuccess' (ID #0)...
03-14 22:12:03.357  3715  3803 I Detox   : Launching the tested activity!
03-14 22:12:03.358  3715  3995 I DetoxDispatcher: Done with action 'loginSuccess'
03-14 22:12:03.397  3715  4004 D DetoxWSClient: Received action 'isReady' (ID #-1000, params={})
03-14 22:12:03.400  3715  3995 I DetoxDispatcher: Handling action 'isReady' (ID #-1000)...
03-14 22:12:03.950  3715  3715 D AppCompatDelegate: Checking for metadata for AppLocalesMetadataHolderService : Service not found
03-14 22:12:04.028  3715  3715 D LifecycleMonitor: Lifecycle status change: com.mcfuzzysquirrel.studentfinance.MainActivity@11898f7 in: PRE_ON_CREATE
03-14 22:12:04.514  3715  4037 D TrafficStats: tagSocket(109) with statsTag=0xffffffff, statsUid=-1
03-14 22:12:04.519  3715  4037 W unknown:ReconnectingWebSocket: Couldn't connect to "ws://10.0.2.2:8081/message?device=sdk_gphone64_x86_64%20-%2015%20-%20API%2035&app=com.mcfuzzysquirrel.studentfinance&clientid=BridgelessDevSupportManager", will silently retry
03-14 22:12:04.624  3715  3715 W unknown:BridgelessReact: ReactHost{0}.startSurface(surfaceId = 0): Schedule
03-14 22:12:04.624  3715  3715 W unknown:BridgelessReact: ReactHost{0}.attachSurface(surfaceId = 0)
03-14 22:12:04.625  3715  4042 W unknown:BridgelessReact: ReactHost{0}.getOrCreateReactInstanceTask()
03-14 22:12:04.625  3715  4042 W unknown:BridgelessReact: ReactHost{0}.getOrCreateReactInstanceTask(): Start
03-14 22:12:04.629  3715  4042 D Detox.RNMarker: REACT_BRIDGELESS_LOADING_START (null)
03-14 22:12:04.629  3715  4042 W unknown:BridgelessReact: ReactHost{0}.getJSBundleLoader()
03-14 22:12:04.629  3715  4042 W unknown:BridgelessReact: ReactHost{0}.isMetroRunning()
03-14 22:12:04.638  3715  4043 D TrafficStats: tagSocket(109) with statsTag=0xffffffff, statsUid=-1
03-14 22:12:04.640  3715  4043 W unknown:ReactNative: The packager does not seem to be running as we got an IOException requesting its status: Failed to connect to /10.0.2.2:8081
03-14 22:12:04.640  3715  4043 W unknown:BridgelessReact: ReactHost{0}.isMetroRunning(): Async result = false
03-14 22:12:04.657  3715  4042 W unknown:BridgelessReact: ReactHost{0}.getOrCreateReactInstanceTask(): Creating BridgelessReactContext
03-14 22:12:04.658  3715  4042 W unknown:BridgelessReact: ReactHost{0}.getOrCreateReactInstanceTask(): Creating ReactInstance
03-14 22:12:04.696  3715  3715 W .studentfinance: Accessing hidden method Landroid/view/ViewGroup;->makeOptionalFitsSystemWindows()V (unsupported, reflection, allowed)
03-14 22:12:04.713  3715  3715 D LifecycleMonitor: Lifecycle status change: com.mcfuzzysquirrel.studentfinance.MainActivity@11898f7 in: CREATED
03-14 22:12:04.716  3715  3715 D LifecycleMonitor: Lifecycle status change: com.mcfuzzysquirrel.studentfinance.MainActivity@11898f7 in: STARTED
03-14 22:12:04.721  3715  3715 W unknown:BridgelessReact: ReactHost{0}.onHostResume(activity)
03-14 22:12:04.721  3715  3715 W unknown:ReactNative: Packager connection already open, nooping.
03-14 22:12:04.721  3715  3715 W unknown:BridgelessReact: ReactHost{0}.ReactContext.onHostResume()
03-14 22:12:04.721  3715  3715 D LifecycleMonitor: Lifecycle status change: com.mcfuzzysquirrel.studentfinance.MainActivity@11898f7 in: RESUMED
03-14 22:12:04.736  3715  3715 W HWUI    : Unknown dataspace 0
03-14 22:12:04.849  3715  4016 I EGL_emulation: Opening libGLESv1_CM_emulation.so
03-14 22:12:04.850  3715  4016 I EGL_emulation: Opening libGLESv2_emulation.so
03-14 22:12:04.890  3715  4016 W HWUI    : Failed to initialize 101010-2 format, error = EGL_SUCCESS
03-14 22:12:04.902  3715  4049 D TrafficStats: tagSocket(125) with statsTag=0xffffffff, statsUid=-1
03-14 22:12:04.907  3715  4042 D nativeloader: Load /data/app/~~MJNFYuKueko84-QkOZydWw==/com.mcfuzzysquirrel.studentfinance-06DEmtGpxB_R_hcbHrXNxA==/base.apk!/lib/x86_64/libhermesvm.so using ns clns-7 from class loader (caller=/data/app/~~MJNFYuKueko84-QkOZydWw==/com.mcfuzzysquirrel.studentfinance-06DEmtGpxB_R_hcbHrXNxA==/base.apk): ok
03-14 22:12:04.926  3715  4042 D nativeloader: Load /data/app/~~MJNFYuKueko84-QkOZydWw==/com.mcfuzzysquirrel.studentfinance-06DEmtGpxB_R_hcbHrXNxA==/base.apk!/lib/x86_64/libhermestooling.so using ns clns-7 from class loader (caller=/data/app/~~MJNFYuKueko84-QkOZydWw==/com.mcfuzzysquirrel.studentfinance-06DEmtGpxB_R_hcbHrXNxA==/base.apk): ok
03-14 22:12:04.926  3715  4042 D jni_lib_merge: Entering merged library JNI_OnLoad.
03-14 22:12:04.926  3715  4042 D jni_lib_merge: Preparing 4 pre-merged libs (including stub)
03-14 22:12:04.926  3715  4042 D jni_lib_merge: Preparing to register libhermes_executor_so.  onload_func: 0x782f976b7050
03-14 22:12:04.926  3715  4042 D jni_lib_merge: Preparing to register libhermesinstancejni_so.  onload_func: 0x782f976ed680
03-14 22:12:04.926  3715  4042 D jni_lib_merge: Preparing to register libjsijniprofiler_so.  onload_func: 0x782f976ef3f0
03-14 22:12:04.926  3715  4042 D jni_lib_merge: About to register 3 actual methods.
03-14 22:12:04.967  3715  4016 I Gralloc4: mapper 4.x is not supported
03-14 22:12:05.687  3715  4042 I ExpoModulesCore: ✅ AppContext was initialized
03-14 22:12:05.732  3715  3725 I .studentfinance: Compiler allocated 5174KB to compile void android.view.ViewRootImpl.performTraversals()
03-14 22:12:05.912  3715  4042 W unknown:BridgelessReact: ReactHost{0}.getOrCreateReactInstanceTask(): Loading JS Bundle
03-14 22:12:05.915  3715  4042 W unknown:BridgelessReact: ReactHost{0}.getOrCreateReactInstanceTask(): DevSupportManager.onNewReactContextCreated()
03-14 22:12:05.918  3715  4044 D Detox.RNMarker: RUN_JS_BUNDLE_START (index.android.bundle)
03-14 22:12:05.923  3715  4042 W unknown:BridgelessReact: ReactHost{0}.startSurface(surfaceId = 0): Execute
03-14 22:12:05.924  3715  3715 W unknown:ReactNative: Packager connection already open, nooping.
03-14 22:12:05.924  3715  3715 W unknown:BridgelessReact: ReactHost{0}.ReactContext.onHostResume()
03-14 22:12:05.925  3715  3715 W unknown:BridgelessReact: ReactHost{0}.getOrCreateReactInstanceTask(): Executing ReactInstanceEventListeners
03-14 22:12:05.925  3715  3715 I DetoxRNLoading: Got new RN-context through listener
03-14 22:12:05.926  3715  3803 I DetoxRNIdleRes: Setting up Espresso Idling Resources for React Native
03-14 22:12:05.943  3715  3715 D DetoxRNHelpers: Native RN module resolution (class com.reactnativecommunity.asyncstorage.AsyncStorageModule): no such class
03-14 22:12:05.944  3715  3803 D IdlingRegistry: Registering idling resources: [com.wix.detox.reactnative.idlingresources.uimodule.fabric.FabricUIManagerIdlingResources@b566f09]
03-14 22:12:05.944  3715  3803 D IdlingRegistry: Registering idling resources: [com.wix.detox.reactnative.idlingresources.animations.AnimatedModuleIdlingResource@398350e]
03-14 22:12:05.944  3715  3803 D IdlingRegistry: Registering idling resources: [com.wix.detox.reactnative.idlingresources.timers.FabricTimersIdlingResource@ecd0b2f]
03-14 22:12:05.944  3715  3803 D IdlingRegistry: Registering idling resources: [com.wix.detox.reactnative.idlingresources.network.NetworkIdlingResource@c10453c]
03-14 22:12:05.944  3715  3803 D IdlingRegistry: Registering idling resources: [com.wix.detox.reactnative.idlingresources.StabilizedIdlingResource@6df2c5]
03-14 22:12:05.997  3715  4044 D nativeloader: Load /data/app/~~MJNFYuKueko84-QkOZydWw==/com.mcfuzzysquirrel.studentfinance-06DEmtGpxB_R_hcbHrXNxA==/base.apk!/lib/x86_64/libexpo-modules-core.so using ns clns-7 from class loader (caller=/data/app/~~MJNFYuKueko84-QkOZydWw==/com.mcfuzzysquirrel.studentfinance-06DEmtGpxB_R_hcbHrXNxA==/base.apk): ok
03-14 22:12:06.054  3715  4044 W unknown:ViewManagerPropertyUpdater: Could not find generated setter for class com.th3rdwave.safeareacontext.SafeAreaProviderManager
03-14 22:12:06.057  3715  4044 W unknown:ViewManagerPropertyUpdater: Could not find generated setter for class com.facebook.react.uimanager.LayoutShadowNode
03-14 22:12:06.059  3715  4044 W unknown:ViewManagerPropertyUpdater: Could not find generated setter for class com.swmansion.rnscreens.SearchBarManager
03-14 22:12:06.060  3715  4044 W unknown:ViewManagerPropertyUpdater: Could not find generated setter for class com.swmansion.rnscreens.ScreenFooterManager
03-14 22:12:06.062  3715  4044 W unknown:ViewManagerPropertyUpdater: Could not find generated setter for class expo.modules.kotlin.views.GroupViewManagerWrapper
03-14 22:12:06.063  3715  4044 W unknown:ViewManagerPropertyUpdater: Could not find generated setter for class com.swmansion.rnscreens.ScreenContainerViewManager
03-14 22:12:06.066  3715  4044 W unknown:ViewManagerPropertyUpdater: Could not find generated setter for class com.swmansion.rnscreens.ModalScreenViewManager
03-14 22:12:06.068  3715  4044 W unknown:ViewManagerPropertyUpdater: Could not find generated setter for class com.swmansion.rnscreens.ScreenStackHeaderConfigViewManager
03-14 22:12:06.069  3715  4044 W unknown:ViewManagerPropertyUpdater: Could not find generated setter for class com.swmansion.rnscreens.ScreenContentWrapperManager
03-14 22:12:06.070  3715  4044 W unknown:ViewManagerPropertyUpdater: Could not find generated setter for class com.swmansion.rnscreens.gamma.tabs.TabsScreenViewManager
03-14 22:12:06.071  3715  4044 W unknown:ViewManagerPropertyUpdater: Could not find generated setter for class com.th3rdwave.safeareacontext.SafeAreaViewManager
03-14 22:12:06.072  3715  4044 W unknown:ViewManagerPropertyUpdater: Could not find generated setter for class com.th3rdwave.safeareacontext.SafeAreaViewShadowNode
03-14 22:12:06.074  3715  4044 W unknown:ViewManagerPropertyUpdater: Could not find generated setter for class com.swmansion.rnscreens.safearea.SafeAreaViewManager
03-14 22:12:06.074  3715  4044 W unknown:ViewManagerPropertyUpdater: Could not find generated setter for class com.swmansion.rnscreens.safearea.paper.SafeAreaViewShadowNode
03-14 22:12:06.075  3715  4044 W unknown:ViewManagerPropertyUpdater: Could not find generated setter for class com.swmansion.rnscreens.ScreenViewManager
03-14 22:12:06.076  3715  4044 W unknown:ViewManagerPropertyUpdater: Could not find generated setter for class com.swmansion.rnscreens.gamma.stack.host.StackHostViewManager
03-14 22:12:06.076  3715  4044 W unknown:ViewManagerPropertyUpdater: Could not find generated setter for class com.swmansion.rnscreens.ScreenStackHeaderSubviewManager
03-14 22:12:06.077  3715  4044 W unknown:ViewManagerPropertyUpdater: Could not find generated setter for class com.swmansion.rnscreens.gamma.stack.screen.StackScreenViewManager
03-14 22:12:06.079  3715  4044 W unknown:ViewManagerPropertyUpdater: Could not find generated setter for class com.swmansion.rnscreens.ScreenStackViewManager
03-14 22:12:06.082  3715  4044 W unknown:ViewManagerPropertyUpdater: Could not find generated setter for class com.swmansion.rnscreens.gamma.tabs.TabsHostViewManager
03-14 22:12:06.211  3715  4045 W .studentfinance: Accessing hidden method Landroid/os/MessageQueue;->next()Landroid/os/Message; (unsupported, reflection, allowed)
03-14 22:12:06.211  3715  4045 W .studentfinance: Accessing hidden field Landroid/os/MessageQueue;->mMessages:Landroid/os/Message; (unsupported, reflection, allowed)
03-14 22:12:06.211  3715  4045 W .studentfinance: Accessing hidden method Landroid/os/Message;->recycleUnchecked()V (unsupported, reflection, allowed)
03-14 22:12:06.262  3715  4044 W unknown:ViewManagerPropertyUpdater: Could not find generated setter for class com.horcrux.svg.RenderableViewManager$DefsViewManager
03-14 22:12:06.263  3715  4044 W unknown:ViewManagerPropertyUpdater: Could not find generated setter for class com.horcrux.svg.VirtualViewManager$RenderableShadowNode
03-14 22:12:06.272  3715  4044 W unknown:ViewManagerPropertyUpdater: Could not find generated setter for class com.facebook.react.views.debuggingoverlay.DebuggingOverlayManager
03-14 22:12:06.278  3715  4044 W unknown:ViewManagerPropertyUpdater: Could not find generated setter for class com.horcrux.svg.RenderableViewManager$FeMergeManager
03-14 22:12:06.287  3715  4044 W unknown:ViewManagerPropertyUpdater: Could not find generated setter for class com.facebook.react.views.safeareaview.ReactSafeAreaViewManager
03-14 22:12:06.293  3715  4044 W unknown:ViewManagerPropertyUpdater: Could not find generated setter for class com.horcrux.svg.RenderableViewManager$LinearGradientManager
03-14 22:12:06.302  3715  4044 W unknown:ViewManagerPropertyUpdater: Could not find generated setter for class com.horcrux.svg.RenderableViewManager$FeGaussianBlurManager
03-14 22:12:06.310  3715  4044 W unknown:ViewManagerPropertyUpdater: Could not find generated setter for class com.facebook.react.views.progressbar.ReactProgressBarViewManager
03-14 22:12:06.311  3715  4044 W unknown:ViewManagerPropertyUpdater: Could not find generated setter for class com.facebook.react.views.progressbar.ProgressBarShadowNode
03-14 22:12:06.327  3715  4044 W unknown:ViewManagerPropertyUpdater: Could not find generated setter for class com.facebook.react.views.scroll.ReactHorizontalScrollViewManager
03-14 22:12:06.347  3715  4044 W unknown:ViewManagerPropertyUpdater: Could not find generated setter for class com.facebook.react.views.text.ReactTextViewManager
03-14 22:12:06.348  3715  4044 W unknown:ViewManagerPropertyUpdater: Could not find generated setter for class com.facebook.react.views.text.ReactTextShadowNode
03-14 22:12:06.374  3715  4044 W unknown:ViewManagerPropertyUpdater: Could not find generated setter for class com.horcrux.svg.RenderableViewManager$FeColorMatrixManager
03-14 22:12:06.422  3715  4044 W unknown:ViewManagerPropertyUpdater: Could not find generated setter for class com.facebook.react.views.scroll.ReactHorizontalScrollContainerViewManager
03-14 22:12:06.476  3715  4044 W unknown:ViewManagerPropertyUpdater: Could not find generated setter for class com.horcrux.svg.RenderableViewManager$ClipPathViewManager
03-14 22:12:06.491  3715  4044 W unknown:ViewManagerPropertyUpdater: Could not find generated setter for class com.horcrux.svg.RenderableViewManager$SymbolManager
03-14 22:12:06.505  3715  4044 W unknown:ViewManagerPropertyUpdater: Could not find generated setter for class com.horcrux.svg.RenderableViewManager$PatternManager
03-14 22:12:06.519  3715  4044 W unknown:ViewManagerPropertyUpdater: Could not find generated setter for class com.horcrux.svg.RenderableViewManager$FeBlendManager
03-14 22:12:06.530  3715  4044 W unknown:ViewManagerPropertyUpdater: Could not find generated setter for class com.facebook.react.views.view.ReactViewManager
03-14 22:12:06.542  3715  4044 W unknown:ViewManagerPropertyUpdater: Could not find generated setter for class com.horcrux.svg.SvgViewManager
03-14 22:12:06.554  3715  4044 W unknown:ViewManagerPropertyUpdater: Could not find generated setter for class com.facebook.react.views.switchview.ReactSwitchManager
03-14 22:12:06.555  3715  4044 W unknown:ViewManagerPropertyUpdater: Could not find generated setter for class com.facebook.react.views.switchview.ReactSwitchShadowNode
03-14 22:12:06.564  3715  4044 W unknown:ViewManagerPropertyUpdater: Could not find generated setter for class com.horcrux.svg.RenderableViewManager$UseViewManager
03-14 22:12:06.574  3715  3715 D DetoxRNHelpers: Native RN module resolution (class com.reactnativecommunity.asyncstorage.AsyncStorageModule): no such class
03-14 22:12:06.575  3715  3715 I Choreographer: Skipped 37 frames!  The application may be doing too much work on its main thread.
03-14 22:12:06.576  3715  4044 W unknown:ViewManagerPropertyUpdater: Could not find generated setter for class com.horcrux.svg.RenderableViewManager$CircleViewManager
03-14 22:12:06.582  3715  3995 W .studentfinance: Long monitor contention with owner Instr: androidx.test.runner.AndroidJUnitRunner (3803) at void com.wix.detox.DetoxMain.launchActivityOnCue(android.content.Context, com.wix.detox.ActivityLaunchHelper)(DetoxMain.kt:53) waiters=0 in void com.wix.detox.DetoxMain$setupActionHandlers$SynchronizedActionHandler.handle(java.lang.String, long) for 3.182s
03-14 22:12:06.587  3715  4037 D TrafficStats: tagSocket(132) with statsTag=0xffffffff, statsUid=-1
03-14 22:12:06.594  3715  4044 W unknown:ViewManagerPropertyUpdater: Could not find generated setter for class com.horcrux.svg.RenderableViewManager$TSpanViewManager
03-14 22:12:06.611  3715  4044 W unknown:ViewManagerPropertyUpdater: Could not find generated setter for class com.horcrux.svg.RenderableViewManager$FilterManager
03-14 22:12:06.627  3715  4044 W unknown:ViewManagerPropertyUpdater: Could not find generated setter for class com.horcrux.svg.RenderableViewManager$MarkerManager
03-14 22:12:06.648  3715  4044 W unknown:ViewManagerPropertyUpdater: Could not find generated setter for class com.swmansion.gesturehandler.react.RNGestureHandlerButtonViewManager
03-14 22:12:06.669  3715  4044 W unknown:ViewManagerPropertyUpdater: Could not find generated setter for class com.facebook.react.views.modal.ReactModalHostManager
03-14 22:12:06.687  3715  4044 W unknown:ViewManagerPropertyUpdater: Could not find generated setter for class com.horcrux.svg.RenderableViewManager$ForeignObjectManager
03-14 22:12:06.698  3715  4044 W unknown:ViewManagerPropertyUpdater: Could not find generated setter for class com.horcrux.svg.RenderableViewManager$EllipseViewManager
03-14 22:12:06.707  3715  4044 W unknown:ViewManagerPropertyUpdater: Could not find generated setter for class com.horcrux.svg.RenderableViewManager$LineViewManager
03-14 22:12:06.717  3715  4044 W unknown:ViewManagerPropertyUpdater: Could not find generated setter for class com.facebook.react.views.text.frescosupport.FrescoBasedReactTextInlineImageViewManager
03-14 22:12:06.718  3715  4044 W unknown:ViewManagerPropertyUpdater: Could not find generated setter for class com.facebook.react.views.text.frescosupport.FrescoBasedReactTextInlineImageShadowNode
03-14 22:12:06.726  3715  4044 W unknown:ViewManagerPropertyUpdater: Could not find generated setter for class com.horcrux.svg.RenderableViewManager$FeFloodManager
03-14 22:12:06.739  3715  4044 W unknown:ViewManagerPropertyUpdater: Could not find generated setter for class com.horcrux.svg.RenderableViewManager$GroupViewManager
03-14 22:12:06.756  3715  4044 W unknown:ViewManagerPropertyUpdater: Could not find generated setter for class com.horcrux.svg.RenderableViewManager$TextViewManager
03-14 22:12:06.764  3715  3725 I .studentfinance: Compiler allocated 4219KB to compile void android.widget.TextView.<init>(android.content.Context, android.util.AttributeSet, int, int)
03-14 22:12:06.766  3715  4044 W unknown:ViewManagerPropertyUpdater: Could not find generated setter for class com.horcrux.svg.RenderableViewManager$ImageViewManager
03-14 22:12:06.783  3715  4044 W unknown:ViewManagerPropertyUpdater: Could not find generated setter for class com.horcrux.svg.RenderableViewManager$FeCompositeManager
03-14 22:12:06.800  3715  4044 W unknown:ViewManagerPropertyUpdater: Could not find generated setter for class com.facebook.react.views.image.ReactImageManager
03-14 22:12:06.812  3715  4044 W unknown:ViewManagerPropertyUpdater: Could not find generated setter for class com.horcrux.svg.RenderableViewManager$RadialGradientManager
03-14 22:12:06.831  3715  4044 W unknown:ViewManagerPropertyUpdater: Could not find generated setter for class com.horcrux.svg.RenderableViewManager$MaskManager
03-14 22:12:06.847  3715  4044 W unknown:ViewManagerPropertyUpdater: Could not find generated setter for class com.facebook.react.views.unimplementedview.ReactUnimplementedViewManager
03-14 22:12:06.857  3715  4044 W unknown:ViewManagerPropertyUpdater: Could not find generated setter for class com.horcrux.svg.RenderableViewManager$RectViewManager
03-14 22:12:06.870  3715  4044 W unknown:ViewManagerPropertyUpdater: Could not find generated setter for class com.horcrux.svg.RenderableViewManager$TextPathViewManager
03-14 22:12:06.882  3715  4044 W unknown:ViewManagerPropertyUpdater: Could not find generated setter for class com.facebook.react.views.scroll.ReactScrollViewManager
03-14 22:12:06.895  3715  4044 W unknown:ViewManagerPropertyUpdater: Could not find generated setter for class com.horcrux.svg.RenderableViewManager$FeOffsetManager
03-14 22:12:06.906  3715  4044 W unknown:ViewManagerPropertyUpdater: Could not find generated setter for class com.horcrux.svg.RenderableViewManager$PathViewManager
03-14 22:12:06.919  3715  4044 W unknown:ViewManagerPropertyUpdater: Could not find generated setter for class com.facebook.react.views.drawer.ReactDrawerLayoutManager
03-14 22:12:06.937  3715  4044 W unknown:ViewManagerPropertyUpdater: Could not find generated setter for class com.facebook.react.views.swiperefresh.SwipeRefreshLayoutManager
03-14 22:12:06.955  3715  4044 W unknown:ViewManagerPropertyUpdater: Could not find generated setter for class com.facebook.react.views.textinput.ReactTextInputManager
03-14 22:12:06.958  3715  4044 W unknown:ViewManagerPropertyUpdater: Could not find generated setter for class com.facebook.react.views.textinput.ReactTextInputShadowNode
03-14 22:12:06.979  3715  4044 W unknown:ViewManagerPropertyUpdater: Could not find generated setter for class com.swmansion.gesturehandler.react.RNGestureHandlerRootViewManager
03-14 22:12:07.026  3715  4044 W BridgelessReactContext: [WARNING] Bridgeless doesn't support CatalystInstance. Accessing an API that's not part of the new architecture is not encouraged usage.
03-14 22:12:07.059  3715  4044 I ExpoModulesCore: ✅ JSI interop was installed
03-14 22:12:07.068  3715  4044 I ExpoModulesCore: ✅ Constants were exported
03-14 22:12:07.121  3715  4044 D nativeloader: Load /data/app/~~MJNFYuKueko84-QkOZydWw==/com.mcfuzzysquirrel.studentfinance-06DEmtGpxB_R_hcbHrXNxA==/base.apk!/lib/x86_64/librnscreens.so using ns clns-7 from class loader (caller=/data/app/~~MJNFYuKueko84-QkOZydWw==/com.mcfuzzysquirrel.studentfinance-06DEmtGpxB_R_hcbHrXNxA==/base.apk!classes16.dex): ok
03-14 22:12:07.245  3715  4049 D TrafficStats: tagSocket(132) with statsTag=0xffffffff, statsUid=-1
03-14 22:12:07.255  3715  4084 D ProfileInstaller: Installing profile for com.mcfuzzysquirrel.studentfinance
03-14 22:12:07.380  3715  4044 D Detox.RNMarker: RUN_JS_BUNDLE_END (index.android.bundle)
03-14 22:12:07.381  3715  4044 I ReactNativeJS: Running "main"
03-14 22:12:07.392  3715  4044 D Detox.RNMarker: REACT_BRIDGELESS_LOADING_END (null)
03-14 22:12:07.401  3715  4044 D nativeloader: Load /data/app/~~MJNFYuKueko84-QkOZydWw==/com.mcfuzzysquirrel.studentfinance-06DEmtGpxB_R_hcbHrXNxA==/base.apk!/lib/x86_64/libgesturehandler.so using ns clns-7 from class loader (caller=/data/app/~~MJNFYuKueko84-QkOZydWw==/com.mcfuzzysquirrel.studentfinance-06DEmtGpxB_R_hcbHrXNxA==/base.apk): ok
03-14 22:12:07.401  3715  4044 D jni_lib_merge: Entering merged library JNI_OnLoad.
03-14 22:12:07.401  3715  4044 D jni_lib_merge: Preparing 12 pre-merged libs (including stub)
03-14 22:12:07.402  3715  4044 D jni_lib_merge: Preparing to register libfabricjni_so.  onload_func: 0x782fa2f2e730
03-14 22:12:07.402  3715  4044 D jni_lib_merge: Preparing to register libreact_devsupportjni_so.  onload_func: 0x782fa312b190
03-14 22:12:07.402  3715  4044 D jni_lib_merge: Preparing to register libreact_featureflagsjni_so.  onload_func: 0x782fa313c910
03-14 22:12:07.402  3715  4044 D jni_lib_merge: Preparing to register libreact_newarchdefaults_so.  onload_func: 0x782fa31ddd20
03-14 22:12:07.402  3715  4044 D jni_lib_merge: Preparing to register libreactnativeblob_so.  onload_func: 0x782fa33e82e0
03-14 22:12:07.402  3715  4044 D jni_lib_merge: Preparing to register libreactnativejni_so.  onload_func: 0x782fa3428770
03-14 22:12:07.402  3715  4044 D jni_lib_merge: Preparing to register libreactnativejni_common_so.  onload_func: 0x782fa34385d0
03-14 22:12:07.402  3715  4044 D jni_lib_merge: Preparing to register librninstance_so.  onload_func: 0x782fa34754c0
03-14 22:12:07.402  3715  4044 D jni_lib_merge: Preparing to register libturbomodulejsijni_so.  onload_func: 0x782fa35d6c00
03-14 22:12:07.402  3715  4044 D jni_lib_merge: Preparing to register libuimanagerjni_so.  onload_func: 0x782fa35eede0
03-14 22:12:07.402  3715  4044 D jni_lib_merge: Preparing to register libyoga_so.  onload_func: 0x782fa35fdd70
03-14 22:12:07.402  3715  4044 D jni_lib_merge: About to register 11 actual methods.
03-14 22:12:07.447  3715  3715 I ReactNative: [GESTURE HANDLER] Initialize gesture handler for root view com.facebook.react.runtime.ReactSurfaceView{f60b4f8 V.E...... ......ID 0,0-1080,2400 #1}
03-14 22:12:07.455  3715  3715 D Detox.RNMarker: CONTENT_APPEARED (main)
03-14 22:12:07.638  3715  4044 D nativeloader: Load /data/app/~~MJNFYuKueko84-QkOZydWw==/com.mcfuzzysquirrel.studentfinance-06DEmtGpxB_R_hcbHrXNxA==/base.apk!/lib/x86_64/libexpo-sqlite.so using ns clns-7 from class loader (caller=/data/app/~~MJNFYuKueko84-QkOZydWw==/com.mcfuzzysquirrel.studentfinance-06DEmtGpxB_R_hcbHrXNxA==/base.apk!classes20.dex): ok
03-14 22:12:07.915  3715  3715 W UiControllerImpl: Waiting for: DYNAMIC_TASKS_HAVE_IDLED for 100 iterations.
03-14 22:12:07.934  3715  3726 I .studentfinance: Background concurrent mark compact GC freed 22MB AllocSpace bytes, 34(1940KB) LOS objects, 49% free, 10104KB/19MB, paused 1.923ms,4.942ms total 190.234ms
03-14 22:12:08.157  3715  4044 E ReactNativeJS: { [Error: Element type is invalid: expected a string (for built-in components) or a class/function (for composite components) but got: object.]
03-14 22:12:08.157  3715  4044 E ReactNativeJS:   componentStack: '\n    at StaticContainer (address at index.android.bundle:1:927929)\n    at EnsureSingleNavigator (address at index.android.bundle:1:873788)\n    at SceneView (address at index.android.bundle:1:925953)\n    at NavigationProvider (address at index.android.bundle:1:904371)\n    at RCTView (<anonymous>)\n    at View (address at index.android.bundle:1:148692)\n    at RCTView (<anonymous>)\n    at View (address at index.android.bundle:1:148692)\n    at Animated(View) (address at index.android.bundle:1:567439)\n    at Background (address at index.android.bundle:1:968374)\n    at Screen (address at index.android.bundle:1:1010205)\n    at RNSScreen (<anonymous>)\n    at Animated(Anonymous) (address at index.android.bundle:1:567439)\n    at Suspender (address at index.android.bundle:1:1026365)\n    at Suspense (<anonymous>)\n    at Freeze (address at index.android.bundle:1:1026425)\n    at DelayedFreeze (address at index.android.bundle:1:1026007)\n    at InnerScreen (address at index.android.bundle:1:1023395)\n    at anonymous (address at index.android.bundle:1:1025439)\n    at MaybeScreen (address at index.android.bundle:1:1020046)\n    at RNSScreenContainer (<anonymous>)\n    at ScreenContainer (address at index.android.bundle:1:1036269)\n    at MaybeScreenContainer (address at index.android.bundle:1:1020209)\n    at RCTView (<anonymous>)\n    at View (address at index.android.bundle:1:148692)\n    at FrameSizeProvider (address at index.android.bundle:1:998002)\n    at SafeAreaProviderCompat (address at index.android.bundle:1:1009413)\n    at BottomTabView (address at index.android.bundle:1:962842)\n    at PreventRemoveProvider (address at index.android.bundle:1:906668)\n    at NavigationStateListenerProvider (address at index.android.bundle:1:933250)\n    at NavigationContent (address at index.android.bundle:1:923171)\n    at anonymous (address at index.android.bundle:1:923074)\n    at BottomTabNavigator (address at index.android.bundle:1:961923)\n    at TabNavigator (<anonymous>)\n    at StaticContainer (address at index.android.bundle:1:927929)\n    at EnsureSingleNavigator (address at index.android.bundle:1:873788)\n    at SceneView (address at index.android.bundle:1:925953)\n    at NavigationProvider (address at index.android.bundle:1:904371)\n    at RNSScreenContentWrapper (<anonymous>)\n    at ScreenContentWrapper (<anonymous>)\n    at DebugContainer (address at index.android.bundle:1:1040184)\n    at RNSScreen (<anonymous>)\n    at Animated(Anonymous) (address at index.android.bundle:1:567439)\n    at Suspender (address at index.android.bundle:1:1026365)\n    at Suspense (<anonymous>)\n    at Freeze (address at index.android.bundle:1:1026425)\n    at DelayedFreeze (address at index.android.bundle:1:1026007)\n    at InnerScreen (address at index.android.bundle:1:1023395)\n    at anonymous (address at index.android.bundle:1:1025439)\n    at ScreenStackItem (address at index.android.bundle:1:1038934)\n    at NavigationProvider (address at index.android.bundle:1:904371)\n    at SceneView (address at index.android.bundle:1:1052468)\n    at RNSScreenStack (<anonymous>)\n    at anonymous (address at index.android.bundle:1:1038026)\n    at ScreenStack (address at index.android.bundle:1:1037187)\n    at RCTView (<anonymous>)\n    at View (address at index.android.bundle:1:148692)\n    at FrameSizeProvider (address at index.android.bundle:1:998002)\n    at SafeAreaProviderCompat (address at index.android.bundle:1:1009413)\n    at NativeStackView (address at index.android.bundle:1:1051030)\n    at PreventRemoveProvider (address at index.android.bundle:1:906668)\n    at NavigationStateListenerProvider (address at index.android.bundle:1:933250)\n    at NavigationContent (address at index.android.bundle:1:923171)\n    at anonymous (address at index.android.bundle:1:923074)\n    at NativeStackNavigator (address at index.android.bundle:1:1049756)\n    at RootNavigator (<anonymous>)\n    at ThemeProvider (address at index.android.bundle:1:8759
03-14 22:12:08.157  3715  4044 E ReactNativeJS:   isComponentError: true }
03-14 22:12:08.174  3715  3715 I ReactNative: [GESTURE HANDLER] Tearing down gesture handler registered for root view com.facebook.react.runtime.ReactSurfaceView{f60b4f8 V.E...... ......ID 0,0-1080,2400 #1}
03-14 22:12:08.304  3715  4045 W unknown:BridgelessReact: ReactHost{0}.handleHostException(message = "Error: Element type is invalid: expected a string (for built-in components) or a class/function (for composite components) but got: object.
03-14 22:12:08.304  3715  4045 W unknown:BridgelessReact: 
03-14 22:12:08.304  3715  4045 W unknown:BridgelessReact: This error is located at:
