--------- beginning of main
03-14 22:50:51.007  7965  7965 I .studentfinance: Late-enabling -Xcheck:jni
03-14 22:50:51.196  7965  7965 I .studentfinance: Using CollectorTypeCMC GC.
03-14 22:50:51.209  7965  7965 W .studentfinance: Unexpected CPU variant for x86: x86_64.
03-14 22:50:51.209  7965  7965 W .studentfinance: Known variants: atom, sandybridge, silvermont, goldmont, goldmont-plus, goldmont-without-sha-xsaves, tremont, kabylake, default
03-14 22:50:51.231  7965  7965 D nativeloader: Load libframework-connectivity-tiramisu-jni.so using APEX ns com_android_tethering for caller /apex/com.android.tethering/javalib/framework-connectivity-t.jar: ok
--------- beginning of system
03-14 22:50:51.306  7965  7965 W ActivityThread: Package uses different ABI(s) than its instrumentation: package[com.mcfuzzysquirrel.studentfinance]: x86_64, null instrumentation[com.mcfuzzysquirrel.studentfinance.test]: null, null
03-14 22:50:51.313  7965  7965 W .studentfinance: ClassLoaderContext shared library size mismatch. Expected=2, found=0 (PCL[]{PCL[/system/framework/android.test.base.jar*724373495]#PCL[/system/framework/android.test.mock.jar*1452759902]} | PCL[])
03-14 22:50:51.319  7965  7965 W .studentfinance: ClassLoaderContext classpath size mismatch. expected=0, found=1 (PCL[] | PCL[/system/framework/android.test.runner.jar*2496447986])
03-14 22:50:51.360  7965  7965 W .studentfinance: ClassLoaderContext classpath size mismatch. expected=0, found=2 (PCL[] | PCL[/system/framework/android.test.runner.jar*2496447986:/system/framework/android.test.mock.jar*1452759902])
03-14 22:50:51.362  7965  7965 W ziparchive: Unable to open '/data/app/~~Sg7b6b4i7bpJxPVDs1wYTg==/com.mcfuzzysquirrel.studentfinance.test-fA90vuXgbwp8aUxDtMUILg==/base.dm': No such file or directory
03-14 22:50:51.362  7965  7965 W ziparchive: Unable to open '/data/app/~~Sg7b6b4i7bpJxPVDs1wYTg==/com.mcfuzzysquirrel.studentfinance.test-fA90vuXgbwp8aUxDtMUILg==/base.dm': No such file or directory
03-14 22:50:51.638  7965  7965 W ziparchive: Unable to open '/data/app/~~5KDBf6V0p2G7sfk1DM_CrA==/com.mcfuzzysquirrel.studentfinance-oYqvuGdF-xVQ0PCCm4etvw==/base.dm': No such file or directory
03-14 22:50:51.639  7965  7965 W ziparchive: Unable to open '/data/app/~~5KDBf6V0p2G7sfk1DM_CrA==/com.mcfuzzysquirrel.studentfinance-oYqvuGdF-xVQ0PCCm4etvw==/base.dm': No such file or directory
03-14 22:50:52.633  7965  7965 D nativeloader: Configuring clns-7 for other apk /system/framework/android.test.runner.jar:/system/framework/android.test.mock.jar:/system/framework/android.test.base.jar:/data/app/~~Sg7b6b4i7bpJxPVDs1wYTg==/com.mcfuzzysquirrel.studentfinance.test-fA90vuXgbwp8aUxDtMUILg==/base.apk:/data/app/~~5KDBf6V0p2G7sfk1DM_CrA==/com.mcfuzzysquirrel.studentfinance-oYqvuGdF-xVQ0PCCm4etvw==/base.apk. target_sdk_version=36, uses_libraries=, library_path=/data/app/~~Sg7b6b4i7bpJxPVDs1wYTg==/com.mcfuzzysquirrel.studentfinance.test-fA90vuXgbwp8aUxDtMUILg==/lib/x86_64:/data/app/~~5KDBf6V0p2G7sfk1DM_CrA==/com.mcfuzzysquirrel.studentfinance-oYqvuGdF-xVQ0PCCm4etvw==/lib/x86_64:/data/app/~~Sg7b6b4i7bpJxPVDs1wYTg==/com.mcfuzzysquirrel.studentfinance.test-fA90vuXgbwp8aUxDtMUILg==/base.apk!/lib/x86_64:/data/app/~~5KDBf6V0p2G7sfk1DM_CrA==/com.mcfuzzysquirrel.studentfinance-oYqvuGdF-xVQ0PCCm4etvw==/base.apk!/lib/x86_64, permitted_path=/data:/mnt/expand:/data/user/0/com.mcfuzzysquirrel.studentfinance
03-14 22:50:52.684  7965  7965 V GraphicsEnvironment: Currently set values for:
03-14 22:50:52.684  7965  7965 V GraphicsEnvironment:   angle_gl_driver_selection_pkgs=[]
03-14 22:50:52.684  7965  7965 V GraphicsEnvironment:   angle_gl_driver_selection_values=[]
03-14 22:50:52.684  7965  7965 V GraphicsEnvironment: Global.Settings values are invalid: number of packages: 0, number of values: 0
03-14 22:50:52.685  7965  7965 V GraphicsEnvironment: Neither updatable production driver nor prerelease driver is supported.
03-14 22:50:52.699  7965  7965 D ApplicationLoaders: Returning zygote-cached class loader: /system/framework/android.test.base.jar
03-14 22:50:52.704  7965  7965 D nativeloader: Configuring clns-8 for other apk /system/framework/android.test.mock.jar. target_sdk_version=36, uses_libraries=ALL, library_path=/data/app/~~Sg7b6b4i7bpJxPVDs1wYTg==/com.mcfuzzysquirrel.studentfinance.test-fA90vuXgbwp8aUxDtMUILg==/lib/x86_64:/data/app/~~5KDBf6V0p2G7sfk1DM_CrA==/com.mcfuzzysquirrel.studentfinance-oYqvuGdF-xVQ0PCCm4etvw==/lib/x86_64, permitted_path=/data:/mnt/expand
03-14 22:50:52.705  7965  7965 D ApplicationLoaders: Returning zygote-cached class loader: /system/framework/android.test.base.jar
03-14 22:50:52.709  7965  7965 D nativeloader: Configuring clns-9 for other apk /system/framework/android.test.runner.jar. target_sdk_version=36, uses_libraries=ALL, library_path=/data/app/~~Sg7b6b4i7bpJxPVDs1wYTg==/com.mcfuzzysquirrel.studentfinance.test-fA90vuXgbwp8aUxDtMUILg==/lib/x86_64:/data/app/~~5KDBf6V0p2G7sfk1DM_CrA==/com.mcfuzzysquirrel.studentfinance-oYqvuGdF-xVQ0PCCm4etvw==/lib/x86_64, permitted_path=/data:/mnt/expand
03-14 22:50:52.713  7965  7965 W .studentfinance: ClassLoaderContext shared library size mismatch. Expected=2, found=3 (PCL[]{PCL[/system/framework/android.test.base.jar*724373495]#PCL[/system/framework/android.test.mock.jar*1452759902]} | PCL[]{PCL[/system/framework/android.test.base.jar*724373495]#PCL[/system/framework/android.test.mock.jar*1452759902]#PCL[/system/framework/android.test.runner.jar*2496447986]{PCL[/system/framework/android.test.base.jar*724373495]#PCL[/system/framework/android.test.mock.jar*1452759902]}};PCL[/system/framework/android.test.runner.jar*2496447986:/system/framework/android.test.mock.jar*1452759902:/system/framework/android.test.base.jar*724373495:/data/app/~~Sg7b6b4i7bpJxPVDs1wYTg==/com.mcfuzzysquirrel.studentfinance.test-fA90vuXgbwp8aUxDtMUILg==/base.apk*3224200876:/data/app/~~5KDBf6V0p2G7sfk1DM_CrA==/com.mcfuzzysquirrel.studentfinance-oYqvuGdF-xVQ0PCCm4etvw==/base.apk*2060289533])
03-14 22:50:52.716  7965  7965 W .studentfinance: ClassLoaderContext classpath size mismatch. expected=0, found=1 (PCL[] | PCL[/system/framework/android.test.runner.jar*2496447986]{PCL[/system/framework/android.test.base.jar*724373495]#PCL[/system/framework/android.test.mock.jar*1452759902]#PCL[/system/framework/android.test.runner.jar*2496447986]{PCL[/system/framework/android.test.base.jar*724373495]#PCL[/system/framework/android.test.mock.jar*1452759902]}};PCL[/system/framework/android.test.runner.jar*2496447986:/system/framework/android.test.mock.jar*1452759902:/system/framework/android.test.base.jar*724373495:/data/app/~~Sg7b6b4i7bpJxPVDs1wYTg==/com.mcfuzzysquirrel.studentfinance.test-fA90vuXgbwp8aUxDtMUILg==/base.apk*3224200876:/data/app/~~5KDBf6V0p2G7sfk1DM_CrA==/com.mcfuzzysquirrel.studentfinance-oYqvuGdF-xVQ0PCCm4etvw==/base.apk*2060289533])
03-14 22:50:52.718  7965  7965 W .studentfinance: ClassLoaderContext classpath size mismatch. expected=0, found=2 (PCL[] | PCL[/system/framework/android.test.runner.jar*2496447986:/system/framework/android.test.mock.jar*1452759902]{PCL[/system/framework/android.test.base.jar*724373495]#PCL[/system/framework/android.test.mock.jar*1452759902]#PCL[/system/framework/android.test.runner.jar*2496447986]{PCL[/system/framework/android.test.base.jar*724373495]#PCL[/system/framework/android.test.mock.jar*1452759902]}};PCL[/system/framework/android.test.runner.jar*2496447986:/system/framework/android.test.mock.jar*1452759902:/system/framework/android.test.base.jar*724373495:/data/app/~~Sg7b6b4i7bpJxPVDs1wYTg==/com.mcfuzzysquirrel.studentfinance.test-fA90vuXgbwp8aUxDtMUILg==/base.apk*3224200876:/data/app/~~5KDBf6V0p2G7sfk1DM_CrA==/com.mcfuzzysquirrel.studentfinance-oYqvuGdF-xVQ0PCCm4etvw==/base.apk*2060289533])
03-14 22:50:52.719  7965  7965 W ziparchive: Unable to open '/data/app/~~Sg7b6b4i7bpJxPVDs1wYTg==/com.mcfuzzysquirrel.studentfinance.test-fA90vuXgbwp8aUxDtMUILg==/base.dm': No such file or directory
03-14 22:50:52.719  7965  7965 W ziparchive: Unable to open '/data/app/~~Sg7b6b4i7bpJxPVDs1wYTg==/com.mcfuzzysquirrel.studentfinance.test-fA90vuXgbwp8aUxDtMUILg==/base.dm': No such file or directory
03-14 22:50:52.863  7965  7965 W ziparchive: Unable to open '/data/app/~~5KDBf6V0p2G7sfk1DM_CrA==/com.mcfuzzysquirrel.studentfinance-oYqvuGdF-xVQ0PCCm4etvw==/base.dm': No such file or directory
03-14 22:50:52.863  7965  7965 W ziparchive: Unable to open '/data/app/~~5KDBf6V0p2G7sfk1DM_CrA==/com.mcfuzzysquirrel.studentfinance-oYqvuGdF-xVQ0PCCm4etvw==/base.dm': No such file or directory
03-14 22:50:53.306  7965  7965 I AndroidJUnitRunner: newApplication com.mcfuzzysquirrel.studentfinance.MainApplication
03-14 22:50:53.331  7965  7965 I AndroidJUnitRunner: onCreate Bundle[mParcelledData.dataSize=312]
03-14 22:50:53.333  7965  7965 D AndroidJUnitRunner: Use the raw file system for managing file I/O.
03-14 22:50:53.403  7965  7965 V TestEventClient: No service name argument was given (testDiscoveryService, testRunEventService or orchestratorService)
03-14 22:50:53.404  7965  7989 D AndroidJUnitRunner: onStart is called.
03-14 22:50:53.409  7965  7965 W SoLoader: Initializing SoLoader: 0
03-14 22:50:53.413  7965  7965 W SoLoader: Recording new base apk path: /data/app/~~5KDBf6V0p2G7sfk1DM_CrA==/com.mcfuzzysquirrel.studentfinance-oYqvuGdF-xVQ0PCCm4etvw==/base.apk
03-14 22:50:53.413  7965  7965 W SoLoader: Previously recorded 0 base apk paths.
03-14 22:50:53.415  7965  7965 I SoLoader: Preparing SO source: DirectorySoSource[root = /vendor/lib64 flags = 2]
03-14 22:50:53.415  7965  7965 I SoLoader: Preparing SO source: DirectorySoSource[root = /system/lib64 flags = 2]
03-14 22:50:53.415  7965  7965 I SoLoader: Preparing SO source: DirectApkSoSource[root = [/data/app/~~5KDBf6V0p2G7sfk1DM_CrA==/com.mcfuzzysquirrel.studentfinance-oYqvuGdF-xVQ0PCCm4etvw==/base.apk!/lib/x86_64]]
03-14 22:50:53.430  7965  7965 I SoLoader: Preparing SO source: ApplicationSoSource[DirectorySoSource[root = /data/app/~~5KDBf6V0p2G7sfk1DM_CrA==/com.mcfuzzysquirrel.studentfinance-oYqvuGdF-xVQ0PCCm4etvw==/lib/x86_64 flags = 0]]
03-14 22:50:53.430  7965  7965 I SoLoader: init finish: 4 SO sources prepared
03-14 22:50:53.430  7965  7965 W SoLoader: SoLoader initialized: 8
03-14 22:50:53.458  7965  7965 D nativeloader: Load /data/app/~~5KDBf6V0p2G7sfk1DM_CrA==/com.mcfuzzysquirrel.studentfinance-oYqvuGdF-xVQ0PCCm4etvw==/base.apk!/lib/x86_64/libc++_shared.so using ns clns-7 from class loader (caller=/data/app/~~5KDBf6V0p2G7sfk1DM_CrA==/com.mcfuzzysquirrel.studentfinance-oYqvuGdF-xVQ0PCCm4etvw==/base.apk): ok
03-14 22:50:53.518  7965  7965 D nativeloader: Load /data/app/~~5KDBf6V0p2G7sfk1DM_CrA==/com.mcfuzzysquirrel.studentfinance-oYqvuGdF-xVQ0PCCm4etvw==/base.apk!/lib/x86_64/libjsi.so using ns clns-7 from class loader (caller=/data/app/~~5KDBf6V0p2G7sfk1DM_CrA==/com.mcfuzzysquirrel.studentfinance-oYqvuGdF-xVQ0PCCm4etvw==/base.apk): ok
03-14 22:50:53.531  7965  7965 D nativeloader: Load /data/app/~~5KDBf6V0p2G7sfk1DM_CrA==/com.mcfuzzysquirrel.studentfinance-oYqvuGdF-xVQ0PCCm4etvw==/base.apk!/lib/x86_64/libfbjni.so using ns clns-7 from class loader (caller=/data/app/~~5KDBf6V0p2G7sfk1DM_CrA==/com.mcfuzzysquirrel.studentfinance-oYqvuGdF-xVQ0PCCm4etvw==/base.apk): ok
03-14 22:50:53.546  7965  7965 D nativeloader: Load /data/app/~~5KDBf6V0p2G7sfk1DM_CrA==/com.mcfuzzysquirrel.studentfinance-oYqvuGdF-xVQ0PCCm4etvw==/base.apk!/lib/x86_64/libreactnative.so using ns clns-7 from class loader (caller=/data/app/~~5KDBf6V0p2G7sfk1DM_CrA==/com.mcfuzzysquirrel.studentfinance-oYqvuGdF-xVQ0PCCm4etvw==/base.apk): ok
03-14 22:50:53.546  7965  7965 D jni_lib_merge: Entering merged library JNI_OnLoad.
03-14 22:50:53.546  7965  7965 D jni_lib_merge: Preparing 12 pre-merged libs (including stub)
03-14 22:50:53.546  7965  7965 D jni_lib_merge: Preparing to register libfabricjni_so.  onload_func: 0x727ce6bc5730
03-14 22:50:53.546  7965  7965 D jni_lib_merge: Preparing to register libreact_devsupportjni_so.  onload_func: 0x727ce6dc2190
03-14 22:50:53.546  7965  7965 D jni_lib_merge: Preparing to register libreact_featureflagsjni_so.  onload_func: 0x727ce6dd3910
03-14 22:50:53.546  7965  7965 D jni_lib_merge: Preparing to register libreact_newarchdefaults_so.  onload_func: 0x727ce6e74d20
03-14 22:50:53.546  7965  7965 D jni_lib_merge: Preparing to register libreactnativeblob_so.  onload_func: 0x727ce707f2e0
03-14 22:50:53.546  7965  7965 D jni_lib_merge: Preparing to register libreactnativejni_so.  onload_func: 0x727ce70bf770
03-14 22:50:53.546  7965  7965 D jni_lib_merge: Preparing to register libreactnativejni_common_so.  onload_func: 0x727ce70cf5d0
03-14 22:50:53.546  7965  7965 D jni_lib_merge: Preparing to register librninstance_so.  onload_func: 0x727ce710c4c0
03-14 22:50:53.546  7965  7965 D jni_lib_merge: Preparing to register libturbomodulejsijni_so.  onload_func: 0x727ce726dc00
03-14 22:50:53.546  7965  7965 D jni_lib_merge: Preparing to register libuimanagerjni_so.  onload_func: 0x727ce7285de0
03-14 22:50:53.546  7965  7965 D jni_lib_merge: Preparing to register libyoga_so.  onload_func: 0x727ce7294d70
03-14 22:50:53.546  7965  7965 D jni_lib_merge: About to register 11 actual methods.
03-14 22:50:53.573  7965  7965 D nativeloader: Load /data/app/~~5KDBf6V0p2G7sfk1DM_CrA==/com.mcfuzzysquirrel.studentfinance-oYqvuGdF-xVQ0PCCm4etvw==/base.apk!/lib/x86_64/libreact_codegen_rnscreens.so using ns clns-7 from class loader (caller=/data/app/~~5KDBf6V0p2G7sfk1DM_CrA==/com.mcfuzzysquirrel.studentfinance-oYqvuGdF-xVQ0PCCm4etvw==/base.apk): ok
03-14 22:50:53.573  7965  7965 D jni_lib_merge: Entering merged library JNI_OnLoad.
03-14 22:50:53.573  7965  7965 D jni_lib_merge: Preparing 12 pre-merged libs (including stub)
03-14 22:50:53.573  7965  7965 D jni_lib_merge: Preparing to register libfabricjni_so.  onload_func: 0x727ce6bc5730
03-14 22:50:53.573  7965  7965 D jni_lib_merge: Preparing to register libreact_devsupportjni_so.  onload_func: 0x727ce6dc2190
03-14 22:50:53.573  7965  7965 D jni_lib_merge: Preparing to register libreact_featureflagsjni_so.  onload_func: 0x727ce6dd3910
03-14 22:50:53.573  7965  7965 D jni_lib_merge: Preparing to register libreact_newarchdefaults_so.  onload_func: 0x727ce6e74d20
03-14 22:50:53.573  7965  7965 D jni_lib_merge: Preparing to register libreactnativeblob_so.  onload_func: 0x727ce707f2e0
03-14 22:50:53.573  7965  7965 D jni_lib_merge: Preparing to register libreactnativejni_so.  onload_func: 0x727ce70bf770
03-14 22:50:53.573  7965  7965 D jni_lib_merge: Preparing to register libreactnativejni_common_so.  onload_func: 0x727ce70cf5d0
03-14 22:50:53.573  7965  7965 D jni_lib_merge: Preparing to register librninstance_so.  onload_func: 0x727ce710c4c0
03-14 22:50:53.573  7965  7965 D jni_lib_merge: Preparing to register libturbomodulejsijni_so.  onload_func: 0x727ce726dc00
03-14 22:50:53.573  7965  7965 D jni_lib_merge: Preparing to register libuimanagerjni_so.  onload_func: 0x727ce7285de0
03-14 22:50:53.573  7965  7965 D jni_lib_merge: Preparing to register libyoga_so.  onload_func: 0x727ce7294d70
03-14 22:50:53.573  7965  7965 D jni_lib_merge: About to register 11 actual methods.
03-14 22:50:53.586  7965  7965 D nativeloader: Load /data/app/~~5KDBf6V0p2G7sfk1DM_CrA==/com.mcfuzzysquirrel.studentfinance-oYqvuGdF-xVQ0PCCm4etvw==/base.apk!/lib/x86_64/libreact_codegen_rnsvg.so using ns clns-7 from class loader (caller=/data/app/~~5KDBf6V0p2G7sfk1DM_CrA==/com.mcfuzzysquirrel.studentfinance-oYqvuGdF-xVQ0PCCm4etvw==/base.apk): ok
03-14 22:50:53.586  7965  7965 D jni_lib_merge: Entering merged library JNI_OnLoad.
03-14 22:50:53.586  7965  7965 D jni_lib_merge: Preparing 12 pre-merged libs (including stub)
03-14 22:50:53.586  7965  7965 D jni_lib_merge: Preparing to register libfabricjni_so.  onload_func: 0x727ce6bc5730
03-14 22:50:53.586  7965  7965 D jni_lib_merge: Preparing to register libreact_devsupportjni_so.  onload_func: 0x727ce6dc2190
03-14 22:50:53.586  7965  7965 D jni_lib_merge: Preparing to register libreact_featureflagsjni_so.  onload_func: 0x727ce6dd3910
03-14 22:50:53.586  7965  7965 D jni_lib_merge: Preparing to register libreact_newarchdefaults_so.  onload_func: 0x727ce6e74d20
03-14 22:50:53.586  7965  7965 D jni_lib_merge: Preparing to register libreactnativeblob_so.  onload_func: 0x727ce707f2e0
03-14 22:50:53.586  7965  7965 D jni_lib_merge: Preparing to register libreactnativejni_so.  onload_func: 0x727ce70bf770
03-14 22:50:53.586  7965  7965 D jni_lib_merge: Preparing to register libreactnativejni_common_so.  onload_func: 0x727ce70cf5d0
03-14 22:50:53.586  7965  7965 D jni_lib_merge: Preparing to register librninstance_so.  onload_func: 0x727ce710c4c0
03-14 22:50:53.586  7965  7965 D jni_lib_merge: Preparing to register libturbomodulejsijni_so.  onload_func: 0x727ce726dc00
03-14 22:50:53.586  7965  7965 D jni_lib_merge: Preparing to register libuimanagerjni_so.  onload_func: 0x727ce7285de0
03-14 22:50:53.586  7965  7965 D jni_lib_merge: Preparing to register libyoga_so.  onload_func: 0x727ce7294d70
03-14 22:50:53.586  7965  7965 D jni_lib_merge: About to register 11 actual methods.
03-14 22:50:53.602  7965  7965 D nativeloader: Load /data/app/~~5KDBf6V0p2G7sfk1DM_CrA==/com.mcfuzzysquirrel.studentfinance-oYqvuGdF-xVQ0PCCm4etvw==/base.apk!/lib/x86_64/libreact_codegen_safeareacontext.so using ns clns-7 from class loader (caller=/data/app/~~5KDBf6V0p2G7sfk1DM_CrA==/com.mcfuzzysquirrel.studentfinance-oYqvuGdF-xVQ0PCCm4etvw==/base.apk): ok
03-14 22:50:53.611  7965  7965 D nativeloader: Load /data/app/~~5KDBf6V0p2G7sfk1DM_CrA==/com.mcfuzzysquirrel.studentfinance-oYqvuGdF-xVQ0PCCm4etvw==/base.apk!/lib/x86_64/libappmodules.so using ns clns-7 from class loader (caller=/data/app/~~5KDBf6V0p2G7sfk1DM_CrA==/com.mcfuzzysquirrel.studentfinance-oYqvuGdF-xVQ0PCCm4etvw==/base.apk): ok
03-14 22:50:53.696  7965  7989 I InstrConnection: Could not send broadcast or register receiver (isolatedProcess?)
03-14 22:50:53.701  7965  7989 D TestRequestBuilder: Using class path scanning to discover tests
03-14 22:50:53.702  7965  7989 I TestRequestBuilder: Scanning classpath to find tests in paths [/data/app/~~Sg7b6b4i7bpJxPVDs1wYTg==/com.mcfuzzysquirrel.studentfinance.test-fA90vuXgbwp8aUxDtMUILg==/base.apk]
03-14 22:50:53.702  7965  7989 W .studentfinance: Opening an oat file without a class loader. Are you using the deprecated DexFile APIs?
03-14 22:50:54.162  7965  7989 I TestRunner: run started: 1 tests
03-14 22:50:54.163  7965  7989 I TestRunner: started: runDetoxTests(com.mcfuzzysquirrel.studentfinance.DetoxTest)
03-14 22:50:54.176  7965  7989 I Detox   : Detox server connection details: url=ws://localhost:42545, sessionId=8248c956-8170-e67c-416c-b0cd4ed758de
03-14 22:50:54.186  7965  7989 I Tracing : Tracer added: class androidx.test.platform.tracing.AndroidXTracer
03-14 22:50:54.203  7965  7989 W .studentfinance: Accessing hidden field Ljava/lang/reflect/Field;->accessFlags:I (unsupported, reflection, allowed)
03-14 22:50:54.205  7965  7989 I Detox   : Connecting to server...
03-14 22:50:54.205  7965  7989 I DetoxWSClient: At connectToServer
03-14 22:50:54.282  7965  7995 D TrafficStats: tagSocket(102) with statsTag=0xffffffff, statsUid=-1
03-14 22:50:54.302  7965  7995 D DetoxWSClient: At onOpen
03-14 22:50:54.303  7965  7995 I DetoxWSClient: Sending out action 'login' (ID #0)
03-14 22:50:54.303  7965  7995 I Detox   : Connected to server!
03-14 22:50:54.307  7965  7995 D DetoxWSClient: Received action 'loginSuccess' (ID #0, params={"testerConnected":true,"appConnected":true})
03-14 22:50:54.307  7965  7991 I DetoxDispatcher: Handling action 'loginSuccess' (ID #0)...
03-14 22:50:54.308  7965  7991 I DetoxDispatcher: Done with action 'loginSuccess'
03-14 22:50:54.308  7965  7989 I Detox   : Launching the tested activity!
03-14 22:50:54.350  7965  7995 D DetoxWSClient: Received action 'isReady' (ID #-1000, params={})
03-14 22:50:54.350  7965  7991 I DetoxDispatcher: Handling action 'isReady' (ID #-1000)...
03-14 22:50:54.517  7965  7965 D AppCompatDelegate: Checking for metadata for AppLocalesMetadataHolderService : Service not found
03-14 22:50:54.553  7965  7965 D LifecycleMonitor: Lifecycle status change: com.mcfuzzysquirrel.studentfinance.MainActivity@340991c in: PRE_ON_CREATE
03-14 22:50:54.814  7965  8012 D TrafficStats: tagSocket(109) with statsTag=0xffffffff, statsUid=-1
03-14 22:50:54.829  7965  8012 W unknown:ReconnectingWebSocket: Couldn't connect to "ws://10.0.2.2:8081/message?device=sdk_gphone64_x86_64%20-%2015%20-%20API%2035&app=com.mcfuzzysquirrel.studentfinance&clientid=BridgelessDevSupportManager", will silently retry
03-14 22:50:54.905  7965  7965 W unknown:BridgelessReact: ReactHost{0}.startSurface(surfaceId = 0): Schedule
03-14 22:50:54.905  7965  7965 W unknown:BridgelessReact: ReactHost{0}.attachSurface(surfaceId = 0)
03-14 22:50:54.909  7965  8013 W unknown:BridgelessReact: ReactHost{0}.getOrCreateReactInstanceTask()
03-14 22:50:54.909  7965  8013 W unknown:BridgelessReact: ReactHost{0}.getOrCreateReactInstanceTask(): Start
03-14 22:50:54.909  7965  8013 D Detox.RNMarker: REACT_BRIDGELESS_LOADING_START (null)
03-14 22:50:54.910  7965  8013 W unknown:BridgelessReact: ReactHost{0}.getJSBundleLoader()
03-14 22:50:54.910  7965  8013 W unknown:BridgelessReact: ReactHost{0}.isMetroRunning()
03-14 22:50:54.926  7965  8014 D TrafficStats: tagSocket(109) with statsTag=0xffffffff, statsUid=-1
03-14 22:50:54.929  7965  8014 W unknown:ReactNative: The packager does not seem to be running as we got an IOException requesting its status: Failed to connect to /10.0.2.2:8081
03-14 22:50:54.930  7965  8014 W unknown:BridgelessReact: ReactHost{0}.isMetroRunning(): Async result = false
03-14 22:50:54.931  7965  8013 W unknown:BridgelessReact: ReactHost{0}.getOrCreateReactInstanceTask(): Creating BridgelessReactContext
03-14 22:50:54.932  7965  8013 W unknown:BridgelessReact: ReactHost{0}.getOrCreateReactInstanceTask(): Creating ReactInstance
03-14 22:50:54.952  7965  8017 D TrafficStats: tagSocket(115) with statsTag=0xffffffff, statsUid=-1
03-14 22:50:54.953  7965  7965 W .studentfinance: Accessing hidden method Landroid/view/ViewGroup;->makeOptionalFitsSystemWindows()V (unsupported, reflection, allowed)
03-14 22:50:54.959  7965  7965 D LifecycleMonitor: Lifecycle status change: com.mcfuzzysquirrel.studentfinance.MainActivity@340991c in: CREATED
03-14 22:50:54.962  7965  7965 D LifecycleMonitor: Lifecycle status change: com.mcfuzzysquirrel.studentfinance.MainActivity@340991c in: STARTED
03-14 22:50:54.965  7965  7965 W unknown:BridgelessReact: ReactHost{0}.onHostResume(activity)
03-14 22:50:54.965  7965  7965 W unknown:ReactNative: Packager connection already open, nooping.
03-14 22:50:54.965  7965  7965 W unknown:BridgelessReact: ReactHost{0}.ReactContext.onHostResume()
03-14 22:50:54.966  7965  7965 D LifecycleMonitor: Lifecycle status change: com.mcfuzzysquirrel.studentfinance.MainActivity@340991c in: RESUMED
03-14 22:50:54.976  7965  7965 W HWUI    : Unknown dataspace 0
03-14 22:50:54.979  7965  8013 D nativeloader: Load /data/app/~~5KDBf6V0p2G7sfk1DM_CrA==/com.mcfuzzysquirrel.studentfinance-oYqvuGdF-xVQ0PCCm4etvw==/base.apk!/lib/x86_64/libhermesvm.so using ns clns-7 from class loader (caller=/data/app/~~5KDBf6V0p2G7sfk1DM_CrA==/com.mcfuzzysquirrel.studentfinance-oYqvuGdF-xVQ0PCCm4etvw==/base.apk): ok
03-14 22:50:54.981  7965  8013 D nativeloader: Load /data/app/~~5KDBf6V0p2G7sfk1DM_CrA==/com.mcfuzzysquirrel.studentfinance-oYqvuGdF-xVQ0PCCm4etvw==/base.apk!/lib/x86_64/libhermestooling.so using ns clns-7 from class loader (caller=/data/app/~~5KDBf6V0p2G7sfk1DM_CrA==/com.mcfuzzysquirrel.studentfinance-oYqvuGdF-xVQ0PCCm4etvw==/base.apk): ok
03-14 22:50:54.981  7965  8013 D jni_lib_merge: Entering merged library JNI_OnLoad.
03-14 22:50:54.981  7965  8013 D jni_lib_merge: Preparing 4 pre-merged libs (including stub)
03-14 22:50:54.981  7965  8013 D jni_lib_merge: Preparing to register libhermes_executor_so.  onload_func: 0x727cdb92e050
03-14 22:50:54.981  7965  8013 D jni_lib_merge: Preparing to register libhermesinstancejni_so.  onload_func: 0x727cdb964680
03-14 22:50:54.981  7965  8013 D jni_lib_merge: Preparing to register libjsijniprofiler_so.  onload_func: 0x727cdb9663f0
03-14 22:50:54.981  7965  8013 D jni_lib_merge: About to register 3 actual methods.
03-14 22:50:55.026  7965  8003 I EGL_emulation: Opening libGLESv1_CM_emulation.so
03-14 22:50:55.026  7965  8003 I EGL_emulation: Opening libGLESv2_emulation.so
03-14 22:50:55.076  7965  8003 W HWUI    : Failed to initialize 101010-2 format, error = EGL_SUCCESS
03-14 22:50:55.098  7965  8003 I Gralloc4: mapper 4.x 