--------- beginning of main
03-14 22:45:49.202  5723  5774 W unknown:BridgelessReact: ReactHost{0}.getOrCreateReactInstanceTask(): Loading JS Bundle
03-14 22:45:49.203  5723  5774 W unknown:BridgelessReact: ReactHost{0}.getOrCreateReactInstanceTask(): DevSupportManager.onNewReactContextCreated()
03-14 22:45:49.205  5723  5776 D Detox.RNMarker: RUN_JS_BUNDLE_START (index.android.bundle)
03-14 22:45:49.208  5723  5774 W unknown:BridgelessReact: ReactHost{0}.startSurface(surfaceId = 0): Execute
03-14 22:45:49.209  5723  5723 W unknown:ReactNative: Packager connection already open, nooping.
03-14 22:45:49.209  5723  5723 W unknown:BridgelessReact: ReactHost{0}.ReactContext.onHostResume()
03-14 22:45:49.209  5723  5723 W unknown:BridgelessReact: ReactHost{0}.getOrCreateReactInstanceTask(): Executing ReactInstanceEventListeners
03-14 22:45:49.209  5723  5723 I DetoxRNLoading: Got new RN-context through listener
03-14 22:45:49.212  5723  5754 W .studentfinance: Long monitor contention with owner Instr: androidx.test.runner.AndroidJUnitRunner (5752) at void com.wix.detox.DetoxMain.launchActivityOnCue(android.content.Context, com.wix.detox.ActivityLaunchHelper)(DetoxMain.kt:53) waiters=0 in void com.wix.detox.DetoxMain$setupActionHandlers$SynchronizedActionHandler.handle(java.lang.String, long) for 2.502s
03-14 22:45:49.216  5723  5723 W .studentfinance: Accessing hidden method Landroid/os/MessageQueue;->next()Landroid/os/Message; (unsupported, reflection, allowed)
03-14 22:45:49.216  5723  5723 W .studentfinance: Accessing hidden field Landroid/os/MessageQueue;->mMessages:Landroid/os/Message; (unsupported, reflection, allowed)
03-14 22:45:49.220  5723  5723 W .studentfinance: Accessing hidden method Landroid/os/Message;->recycleUnchecked()V (unsupported, reflection, allowed)
03-14 22:45:49.222  5723  5723 I Detox   : Wait is over: App is now idle!
03-14 22:45:49.222  5723  5754 I DetoxWSClient: Sending out action 'ready' (ID #-1000)
03-14 22:45:49.223  5723  5754 I DetoxDispatcher: Done with action 'isReady'
03-14 22:45:49.268  5723  5776 D nativeloader: Load /data/app/~~9rWWwtrYnZOxTSYf9qhrwg==/com.mcfuzzysquirrel.studentfinance-uRqTEwpxQYKTGXQx112snA==/base.apk!/lib/x86_64/libexpo-modules-core.so using ns clns-7 from class loader (caller=/data/app/~~9rWWwtrYnZOxTSYf9qhrwg==/com.mcfuzzysquirrel.studentfinance-uRqTEwpxQYKTGXQx112snA==/base.apk): ok
03-14 22:45:49.374  5723  5776 W unknown:ViewManagerPropertyUpdater: Could not find generated setter for class com.th3rdwave.safeareacontext.SafeAreaProviderManager
03-14 22:45:49.377  5723  5776 W unknown:ViewManagerPropertyUpdater: Could not find generated setter for class com.facebook.react.uimanager.LayoutShadowNode
03-14 22:45:49.380  5723  5776 W unknown:ViewManagerPropertyUpdater: Could not find generated setter for class com.swmansion.rnscreens.SearchBarManager
03-14 22:45:49.381  5723  5776 W unknown:ViewManagerPropertyUpdater: Could not find generated setter for class com.swmansion.rnscreens.ScreenFooterManager
03-14 22:45:49.382  5723  5776 W unknown:ViewManagerPropertyUpdater: Could not find generated setter for class com.swmansion.rnscreens.gamma.tabs.TabScreenViewManager
03-14 22:45:49.385  5723  5776 W unknown:ViewManagerPropertyUpdater: Could not find generated setter for class expo.modules.kotlin.views.GroupViewManagerWrapper
03-14 22:45:49.388  5723  5776 W unknown:ViewManagerPropertyUpdater: Could not find generated setter for class com.swmansion.rnscreens.ScreenContainerViewManager
03-14 22:45:49.398  5723  5776 W unknown:ViewManagerPropertyUpdater: Could not find generated setter for class com.swmansion.rnscreens.gamma.tabs.TabsHostViewManager
03-14 22:45:49.408  5723  5776 W unknown:ViewManagerPropertyUpdater: Could not find generated setter for class com.swmansion.rnscreens.ModalScreenViewManager
03-14 22:45:49.411  5723  5776 W unknown:ViewManagerPropertyUpdater: Could not find generated setter for class com.swmansion.rnscreens.ScreenStackHeaderConfigViewManager
03-14 22:45:49.414  5723  5776 W unknown:ViewManagerPropertyUpdater: Could not find generated setter for class com.swmansion.rnscreens.ScreenContentWrapperManager
03-14 22:45:49.415  5723  5776 W unknown:ViewManagerPropertyUpdater: Could not find generated setter for class com.th3rdwave.safeareacontext.SafeAreaViewManager
03-14 22:45:49.418  5723  5776 W unknown:ViewManagerPropertyUpdater: Could not find generated setter for class com.th3rdwave.safeareacontext.SafeAreaViewShadowNode
03-14 22:45:49.419  5723  5776 W unknown:ViewManagerPropertyUpdater: Could not find generated setter for class com.swmansion.rnscreens.safearea.SafeAreaViewManager
03-14 22:45:49.420  5723  5776 W unknown:ViewManagerPropertyUpdater: Could not find generated setter for class com.swmansion.rnscreens.safearea.paper.SafeAreaViewShadowNode
03-14 22:45:49.422  5723  5776 W unknown:ViewManagerPropertyUpdater: Could not find generated setter for class com.swmansion.rnscreens.ScreenViewManager
03-14 22:45:49.423  5723  5776 W unknown:ViewManagerPropertyUpdater: Could not find generated setter for class com.swmansion.rnscreens.gamma.stack.host.StackHostViewManager
03-14 22:45:49.425  5723  5776 W unknown:ViewManagerPropertyUpdater: Could not find generated setter for class com.swmansion.rnscreens.ScreenStackHeaderSubviewManager
03-14 22:45:49.426  5723  5776 W unknown:ViewManagerPropertyUpdater: Could not find generated setter for class com.swmansion.rnscreens.gamma.stack.screen.StackScreenViewManager
03-14 22:45:49.427  5723  5776 W unknown:ViewManagerPropertyUpdater: Could not find generated setter for class com.swmansion.rnscreens.ScreenStackViewManager
03-14 22:45:49.741  5723  5776 W unknown:ViewManagerPropertyUpdater: Could not find generated setter for class com.horcrux.svg.RenderableViewManager$DefsViewManager
03-14 22:45:49.747  5723  5776 W unknown:ViewManagerPropertyUpdater: Could not find generated setter for class com.horcrux.svg.VirtualViewManager$RenderableShadowNode
03-14 22:45:49.779  5723  5776 W unknown:ViewManagerPropertyUpdater: Could not find generated setter for class com.facebook.react.views.debuggingoverlay.DebuggingOverlayManager
03-14 22:45:49.791  5723  5776 W unknown:ViewManagerPropertyUpdater: Could not find generated setter for class com.horcrux.svg.RenderableViewManager$FeMergeManager
03-14 22:45:49.804  5723  5776 W unknown:ViewManagerPropertyUpdater: Could not find generated setter for class com.facebook.react.views.safeareaview.ReactSafeAreaViewManager
03-14 22:45:49.815  5723  5776 W unknown:ViewManagerPropertyUpdater: Could not find generated setter for class com.horcrux.svg.RenderableViewManager$LinearGradientManager
03-14 22:45:49.829  5723  5776 W unknown:ViewManagerPropertyUpdater: Could not find generated setter for class com.horcrux.svg.RenderableViewManager$FeGaussianBlurManager
03-14 22:45:49.852  5723  5776 W unknown:ViewManagerPropertyUpdater: Could not find generated setter for class com.facebook.react.views.progressbar.ReactProgressBarViewManager
03-14 22:45:49.854  5723  5776 W unknown:ViewManagerPropertyUpdater: Could not find generated setter for class com.facebook.react.views.progressbar.ProgressBarShadowNode
03-14 22:45:49.869  5723  5776 W unknown:ViewManagerPropertyUpdater: Could not find generated setter for class com.facebook.react.views.scroll.ReactHorizontalScrollViewManager
03-14 22:45:49.879  5723  5727 I .studentfinance: Compiler allocated 4219KB to compile void android.widget.TextView.<init>(android.content.Context, android.util.AttributeSet, int, int)
03-14 22:45:49.887  5723  5776 W unknown:ViewManagerPropertyUpdater: Could not find generated setter for class com.facebook.react.views.text.ReactTextViewManager
03-14 22:45:49.891  5723  5776 W unknown:ViewManagerPropertyUpdater: Could not find generated setter for class com.facebook.react.views.text.ReactTextShadowNode
03-14 22:45:49.903  5723  5776 W unknown:ViewManagerPropertyUpdater: Could not find generated setter for class com.horcrux.svg.RenderableViewManager$FeColorMatrixManager
03-14 22:45:49.916  5723  5776 W unknown:ViewManagerPropertyUpdater: Could not find generated setter for class com.facebook.react.views.scroll.ReactHorizontalScrollContainerViewManager
03-14 22:45:49.928  5723  5776 W unknown:ViewManagerPropertyUpdater: Could not find generated setter for class com.horcrux.svg.RenderableViewManager$ClipPathViewManager
03-14 22:45:49.941  5723  5776 W unknown:ViewManagerPropertyUpdater: Could not find generated setter for class com.horcrux.svg.RenderableViewManager$SymbolManager
03-14 22:45:49.952  5723  5776 W unknown:ViewManagerPropertyUpdater: Could not find generated setter for class com.horcrux.svg.RenderableViewManager$PatternManager
03-14 22:45:49.962  5723  5776 W unknown:ViewManagerPropertyUpdater: Could not find generated setter for class com.horcrux.svg.RenderableViewManager$FeBlendManager
03-14 22:45:49.969  5723  5776 W unknown:ViewManagerPropertyUpdater: Could not find generated setter for class com.facebook.react.views.view.ReactViewManager
03-14 22:45:49.978  5723  5776 W unknown:ViewManagerPropertyUpdater: Could not find generated setter for class com.horcrux.svg.SvgViewManager
03-14 22:45:49.989  5723  5776 W unknown:ViewManagerPropertyUpdater: Could not find generated setter for class com.facebook.react.views.switchview.ReactSwitchManager
03-14 22:45:49.990  5723  5776 W unknown:ViewManagerPropertyUpdater: Could not find generated setter for class com.facebook.react.views.switchview.ReactSwitchShadowNode
03-14 22:45:49.997  5723  5776 W unknown:ViewManagerPropertyUpdater: Could not find generated setter for class com.horcrux.svg.RenderableViewManager$UseViewManager
03-14 22:45:50.012  5723  5776 W unknown:ViewManagerPropertyUpdater: Could not find generated setter for class com.horcrux.svg.RenderableViewManager$CircleViewManager
03-14 22:45:50.024  5723  5776 W unknown:ViewManagerPropertyUpdater: Could not find generated setter for class com.horcrux.svg.RenderableViewManager$TSpanViewManager
03-14 22:45:50.039  5723  5776 W unknown:ViewManagerPropertyUpdater: Could not find generated setter for class com.horcrux.svg.RenderableViewManager$FilterManager
03-14 22:45:50.048  5723  5776 W unknown:ViewManagerPropertyUpdater: Could not find generated setter for class com.horcrux.svg.RenderableViewManager$MarkerManager
03-14 22:45:50.062  5723  5776 W unknown:ViewManagerPropertyUpdater: Could not find generated setter for class com.swmansion.gesturehandler.react.RNGestureHandlerButtonViewManager
03-14 22:45:50.080  5723  5776 W unknown:ViewManagerPropertyUpdater: Could not find generated setter for class com.facebook.react.views.modal.ReactModalHostManager
03-14 22:45:50.094  5723  5776 W unknown:ViewManagerPropertyUpdater: Could not find generated setter for class com.horcrux.svg.RenderableViewManager$ForeignObjectManager
03-14 22:45:50.137  5723  5776 W unknown:ViewManagerPropertyUpdater: Could not find generated setter for class com.horcrux.svg.RenderableViewManager$EllipseViewManager
03-14 22:45:50.152  5723  5776 W unknown:ViewManagerPropertyUpdater: Could not find generated setter for class com.horcrux.svg.RenderableViewManager$LineViewManager
03-14 22:45:50.166  5723  5776 W unknown:ViewManagerPropertyUpdater: Could not find generated setter for class com.facebook.react.views.text.frescosupport.FrescoBasedReactTextInlineImageViewManager
03-14 22:45:50.167  5723  5776 W unknown:ViewManagerPropertyUpdater: Could not find generated setter for class com.facebook.react.views.text.frescosupport.FrescoBasedReactTextInlineImageShadowNode
03-14 22:45:50.187  5723  5776 W unknown:ViewManagerPropertyUpdater: Could not find generated setter for class com.horcrux.svg.RenderableViewManager$FeFloodManager
03-14 22:45:50.187  5723  5773 D TrafficStats: tagSocket(132) with statsTag=0xffffffff, statsUid=-1
03-14 22:45:50.213  5723  5776 W unknown:ViewManagerPropertyUpdater: Could not find generated setter for class com.horcrux.svg.RenderableViewManager$GroupViewManager
03-14 22:45:50.245  5723  5776 W unknown:ViewManagerPropertyUpdater: Could not find generated setter for class com.horcrux.svg.RenderableViewManager$TextViewManager
03-14 22:45:50.259  5723  5776 W unknown:ViewManagerPropertyUpdater: Could not find generated setter for class--------- beginning of main
03-14 22:45:52.235  5873  5873 D nativeloader: Configuring clns-7 for other apk /system/framework/android.test.runner.jar:/system/framework/android.test.mock.jar:/system/framework/android.test.base.jar:/data/app/~~iQlUTSSRDXJswpF_nJkn0g==/com.mcfuzzysquirrel.studentfinance.test-wH5RmtktQTpJlYTVl2FeTQ==/base.apk:/data/app/~~9rWWwtrYnZOxTSYf9qhrwg==/com.mcfuzzysquirrel.studentfinance-uRqTEwpxQYKTGXQx112snA==/base.apk. target_sdk_version=36, uses_libraries=, library_path=/data/app/~~iQlUTSSRDXJswpF_nJkn0g==/com.mcfuzzysquirrel.studentfinance.test-wH5RmtktQTpJlYTVl2FeTQ==/lib/x86_64:/data/app/~~9rWWwtrYnZOxTSYf9qhrwg==/com.mcfuzzysquirrel.studentfinance-uRqTEwpxQYKTGXQx112snA==/lib/x86_64:/data/app/~~iQlUTSSRDXJswpF_nJkn0g==/com.mcfuzzysquirrel.studentfinance.test-wH5RmtktQTpJlYTVl2FeTQ==/base.apk!/lib/x86_64:/data/app/~~9rWWwtrYnZOxTSYf9qhrwg==/com.mcfuzzysquirrel.studentfinance-uRqTEwpxQYKTGXQx112snA==/base.apk!/lib/x86_64, permitted_path=/data:/mnt/expand:/data/user/0/com.mcfuzzysquirrel.studentfinance
03-14 22:45:52.244  5873  5873 V GraphicsEnvironment: Currently set values for:
03-14 22:45:52.245  5873  5873 V GraphicsEnvironment:   angle_gl_driver_selection_pkgs=[]
03-14 22:45:52.245  5873  5873 V GraphicsEnvironment:   angle_gl_driver_selection_values=[]
03-14 22:45:52.245  5873  5873 V GraphicsEnvironment: Global.Settings values are invalid: number of packages: 0, number of values: 0
03-14 22:45:52.245  5873  5873 V GraphicsEnvironment: Neither updatable production driver nor prerelease driver is supported.
03-14 22:45:52.249  5873  5873 D ApplicationLoaders: Returning zygote-cached class loader: /system/framework/android.test.base.jar
03-14 22:45:52.251  5873  5873 D nativeloader: Configuring clns-8 for other apk /system/framework/android.test.mock.jar. target_sdk_version=36, uses_libraries=ALL, library_path=/data/app/~~iQlUTSSRDXJswpF_nJkn0g==/com.mcfuzzysquirrel.studentfinance.test-wH5RmtktQTpJlYTVl2FeTQ==/lib/x86_64:/data/app/~~9rWWwtrYnZOxTSYf9qhrwg==/com.mcfuzzysquirrel.studentfinance-uRqTEwpxQYKTGXQx112snA==/lib/x86_64, permitted_path=/data:/mnt/expand
03-14 22:45:52.252  5873  5873 D ApplicationLoaders: Returning zygote-cached class loader: /system/framework/android.test.base.jar
03-14 22:45:52.254  5873  5873 D nativeloader: Configuring clns-9 for other apk /system/framework/android.test.runner.jar. target_sdk_version=36, uses_libraries=ALL, library_path=/data/app/~~iQlUTSSRDXJswpF_nJkn0g==/com.mcfuzzysquirrel.studentfinance.test-wH5RmtktQTpJlYTVl2FeTQ==/lib/x86_64:/data/app/~~9rWWwtrYnZOxTSYf9qhrwg==/com.mcfuzzysquirrel.studentfinance-uRqTEwpxQYKTGXQx112snA==/lib/x86_64, permitted_path=/data:/mnt/expand
03-14 22:45:52.256  5873  5873 W .studentfinance: ClassLoaderContext shared library size mismatch. Expected=2, found=3 (PCL[]{PCL[/system/framework/android.test.base.jar*724373495]#PCL[/system/framework/android.test.mock.jar*1452759902]} | PCL[]{PCL[/system/framework/android.test.base.jar*724373495]#PCL[/system/framework/android.test.mock.jar*1452759902]#PCL[/system/framework/android.test.runner.jar*2496447986]{PCL[/system/framework/android.test.base.jar*724373495]#PCL[/system/framework/android.test.mock.jar*1452759902]}};PCL[/system/framework/android.test.runner.jar*2496447986:/system/framework/android.test.mock.jar*1452759902:/system/framework/android.test.base.jar*724373495:/data/app/~~iQlUTSSRDXJswpF_nJkn0g==/com.mcfuzzysquirrel.studentfinance.test-wH5RmtktQTpJlYTVl2FeTQ==/base.apk*3224200876:/data/app/~~9rWWwtrYnZOxTSYf9qhrwg==/com.mcfuzzysquirrel.studentfinance-uRqTEwpxQYKTGXQx112snA==/base.apk*2060289533])
03-14 22:45:52.257  5873  5873 W .studentfinance: ClassLoaderContext classpath size mismatch. expected=0, found=1 (PCL[] | PCL[/system/framework/android.test.runner.jar*2496447986]{PCL[/system/framework/android.test.base.jar*724373495]#PCL[/system/framework/android.test.mock.jar*1452759902]#PCL[/system/framework/android.test.runner.jar*2496447986]{PCL[/system/framework/android.test.base.jar*724373495]#PCL[/system/framework/android.test.mock.jar*1452759902]}};PCL[/system/framework/android.test.runner.jar*2496447986:/system/framework/android.test.mock.jar*1452759902:/system/framework/android.test.base.jar*724373495:/data/app/~~iQlUTSSRDXJswpF_nJkn0g==/com.mcfuzzysquirrel.studentfinance.test-wH5RmtktQTpJlYTVl2FeTQ==/base.apk*3224200876:/data/app/~~9rWWwtrYnZOxTSYf9qhrwg==/com.mcfuzzysquirrel.studentfinance-uRqTEwpxQYKTGXQx112snA==/base.apk*2060289533])
03-14 22:45:52.258  5873  5873 W .studentfinance: ClassLoaderContext classpath size mismatch. expected=0, found=2 (PCL[] | PCL[/system/framework/android.test.runner.jar*2496447986:/system/framework/android.test.mock.jar*1452759902]{PCL[/system/framework/android.test.base.jar*724373495]#PCL[/system/framework/android.test.mock.jar*1452759902]#PCL[/system/framework/android.test.runner.jar*2496447986]{PCL[/system/framework/android.test.base.jar*724373495]#PCL[/system/framework/android.test.mock.jar*1452759902]}};PCL[/system/framework/android.test.runner.jar*2496447986:/system/framework/android.test.mock.jar*1452759902:/system/framework/android.test.base.jar*724373495:/data/app/~~iQlUTSSRDXJswpF_nJkn0g==/com.mcfuzzysquirrel.studentfinance.test-wH5RmtktQTpJlYTVl2FeTQ==/base.apk*3224200876:/data/app/~~9rWWwtrYnZOxTSYf9qhrwg==/com.mcfuzzysquirrel.studentfinance-uRqTEwpxQYKTGXQx112snA==/base.apk*2060289533])
03-14 22:45:52.259  5873  5873 W ziparchive: Unable to open '/data/app/~~iQlUTSSRDXJswpF_nJkn0g==/com.mcfuzzysquirrel.studentfinance.test-wH5RmtktQTpJlYTVl2FeTQ==/base.dm': No such file or directory
03-14 22:45:52.259  5873  5873 W ziparchive: Unable to open '/data/app/~~iQlUTSSRDXJswpF_nJkn0g==/com.mcfuzzysquirrel.studentfinance.test-wH5RmtktQTpJlYTVl2FeTQ==/base.dm': No such file or directory
03-14 22:45:52.382  5873  5873 W ziparchive: Unable to open '/data/app/~~9rWWwtrYnZOxTSYf9qhrwg==/com.mcfuzzysquirrel.studentfinance-uRqTEwpxQYKTGXQx112snA==/base.dm': No such file or directory
03-14 22:45:52.382  5873  5873 W ziparchive: Unable to open '/data/app/~~9rWWwtrYnZOxTSYf9qhrwg==/com.mcfuzzysquirrel.studentfinance-uRqTEwpxQYKTGXQx112snA==/base.dm': No such file or directory
03-14 22:45:52.741  5873  5873 I AndroidJUnitRunner: newApplication com.mcfuzzysquirrel.studentfinance.MainApplication
03-14 22:45:52.762  5873  5873 I AndroidJUnitRunner: onCreate Bundle[mParcelledData.dataSize=312]
03-14 22:45:52.763  5873  5873 D AndroidJUnitRunner: Use the raw file system for managing file I/O.
03-14 22:45:52.841  5873  5873 V TestEventClient: No service name argument was given (testDiscoveryService, testRunEventService or orchestratorService)
03-14 22:45:52.844  5873  5934 D AndroidJUnitRunner: onStart is called.
03-14 22:45:52.848  5873  5873 W SoLoader: Initializing SoLoader: 0
03-14 22:45:52.850  5873  5873 W SoLoader: Recording new base apk path: /data/app/~~9rWWwtrYnZOxTSYf9qhrwg==/com.mcfuzzysquirrel.studentfinance-uRqTEwpxQYKTGXQx112snA==/base.apk
03-14 22:45:52.850  5873  5873 W SoLoader: Previously recorded 0 base apk paths.
03-14 22:45:52.851  5873  5873 I SoLoader: Preparing SO source: DirectorySoSource[root = /vendor/lib64 flags = 2]
03-14 22:45:52.851  5873  5873 I SoLoader: Preparing SO source: DirectorySoSource[root = /system/lib64 flags = 2]
03-14 22:45:52.852  5873  5873 I SoLoader: Preparing SO source: DirectApkSoSource[root = [/data/app/~~9rWWwtrYnZOxTSYf9qhrwg==/com.mcfuzzysquirrel.studentfinance-uRqTEwpxQYKTGXQx112snA==/base.apk!/lib/x86_64]]
03-14 22:45:52.867  5873  5873 I SoLoader: Preparing SO source: ApplicationSoSource[DirectorySoSource[root = /data/app/~~9rWWwtrYnZOxTSYf9qhrwg==/com.mcfuzzysquirrel.studentfinance-uRqTEwpxQYKTGXQx112snA==/lib/x86_64 flags = 0]]
03-14 22:45:52.867  5873  5873 I SoLoader: init finish: 4 SO sources prepared
03-14 22:45:52.867  5873  5873 W SoLoader: SoLoader initialized: 8
03-14 22:45:52.890  5873  5873 D nativeloader: Load /data/app/~~9rWWwtrYnZOxTSYf9qhrwg==/com.mcfuzzysquirrel.studentfinance-uRqTEwpxQYKTGXQx112snA==/base.apk!/lib/x86_64/libc++_shared.so using ns clns-7 from class loader (caller=/data/app/~~9rWWwtrYnZOxTSYf9qhrwg==/com.mcfuzzysquirrel.studentfinance-uRqTEwpxQYKTGXQx112snA==/base.apk): ok
03-14 22:45:52.899  5873  5873 D nativeloader: Load /data/app/~~9rWWwtrYnZOxTSYf9qhrwg==/com.mcfuzzysquirrel.studentfinance-uRqTEwpxQYKTGXQx112snA==/base.apk!/lib/x86_64/libjsi.so using ns clns-7 from class loader (caller=/data/app/~~9rWWwtrYnZOxTSYf9qhrwg==/com.mcfuzzysquirrel.studentfinance-uRqTEwpxQYKTGXQx112snA==/base.apk): ok
03-14 22:45:52.908  5873  5873 D nativeloader: Load /data/app/~~9rWWwtrYnZOxTSYf9qhrwg==/com.mcfuzzysquirrel.studentfinance-uRqTEwpxQYKTGXQx112snA==/base.apk!/lib/x86_64/libfbjni.so using ns clns-7 from class loader (caller=/data/app/~~9rWWwtrYnZOxTSYf9qhrwg==/com.mcfuzzysquirrel.studentfinance-uRqTEwpxQYKTGXQx112snA==/base.apk): ok
03-14 22:45:52.919  5873  5873 D nativeloader: Load /data/app/~~9rWWwtrYnZOxTSYf9qhrwg==/com.mcfuzzysquirrel.studentfinance-uRqTEwpxQYKTGXQx112snA==/base.apk!/lib/x86_64/libreactnative.so using ns clns-7 from class loader (caller=/data/app/~~9rWWwtrYnZOxTSYf9qhrwg==/com.mcfuzzysquirrel.studentfinance-uRqTEwpxQYKTGXQx112snA==/base.apk): ok
03-14 22:45:52.919  5873  5873 D jni_lib_merge: Entering merged library JNI_OnLoad.
03-14 22:45:52.919  5873  5873 D jni_lib_merge: Preparing 12 pre-merged libs (including stub)
03-14 22:45:52.919  5873  5873 D jni_lib_merge: Preparing to register libfabricjni_so.  onload_func: 0x727ce59ed730
03-14 22:45:52.919  5873  5873 D jni_lib_merge: Preparing to register libreact_devsupportjni_so.  onload_func: 0x727ce5bea190
03-14 22:45:52.919  5873  5873 D jni_lib_merge: Preparing to register libreact_featureflagsjni_so.  onload_func: 0x727ce5bfb910
03-14 22:45:52.919  5873  5873 D jni_lib_merge: Preparing to register libreact_newarchdefaults_so.  onload_func: 0x727ce5c9cd20
03-14 22:45:52.919  5873  5873 D jni_lib_merge: Preparing to register libreactnativeblob_so.  onload_func: 0x727ce5ea72e0
03-14 22:45:52.920  5873  5873 D jni_lib_merge: Preparing to register libreactnativejni_so.  onload_func: 0x727ce5ee7770
03-14 22:45:52.920  5873  5873 D jni_lib_merge: Preparing to register libreactnativejni_common_so.  onload_func: 0x727ce5ef75d0
03-14 22:45:52.920  5873  5873 D jni_lib_merge: Preparing to register librninstance_so.  onload_func: 0x727ce5f344c0
03-14 22:45:52.920  5873  5873 D jni_lib_merge: Preparing to register libturbomodulejsijni_so.  onload_func: 0x727ce6095c00
03-14 22:45:52.920  5873  5873 D jni_lib_merge: Preparing to register libuimanagerjni_so.  onload_func: 0x727ce60adde0
03-14 22:45:52.920  5873  5873 D jni_lib_merge: Preparing to register libyoga_so.  onload_func: 0x727ce60bcd70
03-14 22:45:52.920  5873  5873 D jni_lib_merge: About to register 11 actual methods.
03-14 22:45:52.946  5873  5873 D nativeloader: Load /data/app/~~9rWWwtrYnZOxTSYf9qhrwg==/com.mcfuzzysquirrel.studentfinance-uRqTEwpxQYKTGXQx112snA==/base.apk!/lib/x86_64/libreact_codegen_rnscreens.so using ns clns-7 from class loader (caller=/data/app/~~9rWWwtrYnZOxTSYf9qhrwg==/com.mcfuzzysquirrel.studentfinance-uRqTEwpxQYKTGXQx112snA==/base.apk): ok
03-14 22:45:52.946  5873  5873 D jni_lib_merge: Entering merged library JNI_OnLoad.
03-14 22:45:52.946  5873  5873 D jni_lib_merge: Preparing 12 pre-merged libs (including stub)
03-14 22:45:52.946  5873  5873 D jni_lib_merge: Preparing to register libfabricjni_so.  onload_func: 0x727ce59ed730
03-14 22:45:52.946  5873  5873 D jni_lib_merge: Preparing to register libreact_devsupportjni_so.  onload_func: 0x727ce5bea190
03-14 22:45:52.946  5873  5873 D jni_lib_merge: Preparing to register libreact_featureflagsjni_so.  onload_func: 0x727ce5bfb910
03-14 22:45:52.946  5873  5873 D jni_lib_merge: Preparing to register libreact_newarchdefaults_so.  onload_func: 0x727ce5c9cd20
03-14 22:45:52.946  5873  5873 D jni_lib_merge: Preparing to register libreactnativeblob_so.  onload_func: 0x727ce5ea72e0
03-14 22:45:52.946  5873  5873 D jni_lib_merge: Preparing to register libreactnativejni_so.  onload_func: 0x727ce5ee7770
03-14 22:45:52.946  5873  5873 D jni_lib_merge: Preparing to register libreactnativejni_common_so.  onload_func: 0x727ce5ef75d0
03-14 22:45:52.946  5873  5873 D jni_lib_merge: Preparing to register librninstance_so.  onload_func: 0x727ce5f344c0
03-14 22:45:52.946  5873  5873 D jni_lib_merge: Preparing to register libturbomodulejsijni_so.  onload_func: 0x727ce6095c00
03-14 22:45:52.946  5873  5873 D jni_lib_merge: Preparing to register libuimanagerjni_so.  onload_func: 0x727ce60adde0
03-14 22:45:52.946  5873  5873 D jni_lib_merge: Preparing to register libyoga_so.  onload_func: 0x727ce60bcd70
03-14 22:45:52.946  5873  5873 D jni_lib_merge: About to register 11 actual methods.
03-14 22:45:52.968  5873  5873 D nativeloader: Load /data/app/~~9rWWwtrYnZOxTSYf9qhrwg==/com.mcfuzzysquirrel.studentfinance-uRqTEwpxQYKTGXQx112snA==/base.apk!/lib/x86_64/libreact_codegen_rnsvg.so using ns clns-7 from class loader (caller=/data/app/~~9rWWwtrYnZOxTSYf9qhrwg==/com.mcfuzzysquirrel.studentfinance-uRqTEwpxQYKTGXQx112snA==/base.apk): ok
03-14 22:45:52.968  5873  5873 D jni_lib_merge: Entering merged library JNI_OnLoad.
03-14 22:45:52.968  5873  5873 D jni_lib_merge: Preparing 12 pre-merged libs (including stub)
03-14 22:45:52.968  5873  5873 D jni_lib_merge: Preparing to register libfabricjni_so.  onload_func: 0x727ce59ed730
03-14 22:45:52.968  5873  5873 D jni_lib_merge: Preparing to register libreact_devsupportjni_so.  onload_func: 0x727ce5bea190
03-14 22:45:52.968  5873  5873 D jni_lib_merge: Preparing to register libreact_featureflagsjni_so.  onload_func: 0x727ce5bfb910
03-14 22:45:52.968  5873  5873 D jni_lib_merge: Preparing to register libreact_newarchdefaults_so.  onload_func: 0x727ce5c9cd20
03-14 22:45:52.968  5873  5873 D jni_lib_merge: Preparing to register libreactnativeblob_so.  onload_func: 0x727ce5ea72e0
03-14 22:45:52.968  5873  5873 D jni_lib_merge: Preparing to register libreactnativejni_so.  onload_func: 0x727ce5ee7770
03-14 22:45:52.969  5873  5873 D jni_lib_merge: Preparing to register libreactnativejni_common_so.  onload_func: 0x727ce5ef75d0
03-14 22:45:52.969  5873  5873 D jni_lib_merge: Preparing to register librninstance_so.  onload_func: 0x727ce5f344c0
03-14 22:45:52.969  5873  5873 D jni_lib_merge: Preparing to register libturbomodulejsijni_so.  onload_func: 0x727ce6095c00
03-14 22:45:52.969  5873  5873 D jni_lib_merge: Preparing to register libuimanagerjni_so.  onload_func: 0x727ce60adde0
03-14 22:45:52.969  5873  5873 D jni_lib_merge: Preparing to register libyoga_so.  onload_func: 0x727ce60bcd70
03-14 22:45:52.969  5873  5873 D jni_lib_merge: About to register 11 actual methods.
03-14 22:45:52.984  5873  5873 D nativeloader: Load /data/app/~~9rWWwtrYnZOxTSYf9qhrwg==/com.mcfuzzysquirrel.studentfinance-uRqTEwpxQYKTGXQx112snA==/base.apk!/lib/x86_64/libreact_codegen_safeareacontext.so using ns clns-7 from class loader (caller=/data/app/~~9rWWwtrYnZOxTSYf9qhrwg==/com.mcfuzzysquirrel.studentfinance-uRqTEwpxQYKTGXQx112snA==/base.apk): ok
03-14 22:45:52.993  5873  5873 D nativeloader: Load /data/app/~~9rWWwtrYnZOxTSYf9qhrwg==/com.mcfuzzysquirrel.studentfinance-uRqTEwpxQYKTGXQx112snA==/base.apk!/lib/x86_64/libappmodules.so using ns clns-7 from class loader (caller=/data/app/~~9rWWwtrYnZOxTSYf9qhrwg==/com.mcfuzzysquirrel.studentfinance-uRqTEwpxQYKTGXQx112snA==/base.apk): ok
03-14 22:45:53.101  5873  5934 I InstrConnection: Could not send broadcast or register receiver (isolatedProcess?)
03-14 22:45:53.107  5873  5934 D TestRequestBuilder: Using class path scanning to discover tests
03-14 22:45:53.107  5873  5934 I TestRequestBuilder: Scanning classpath to find tests in paths [/data/app/~~iQlUTSSRDXJswpF_nJkn0g==/com.mcfuzzysquirrel.studentfinance.test-wH5RmtktQTpJlYTVl2FeTQ==/base.apk]
03-14 22:45:53.108  5873  5934 W .studentfinance: Opening an oat file without a class loader. Are you using the deprecated DexFile APIs?
03-14 22:45:53.564  5873  5934 I TestRunner: run started: 1 tests
03-14 22:45:53.565  5873  5934 I TestRunner: started: runDetoxTests(com.mcfuzzysquirrel.studentfinance.DetoxTest)
03-14 22:45:53.571  5873  5934 I Detox   : Detox server connection details: url=ws://localhost:36931, sessionId=5a768b26-d324-b11a-d215-c9a8105e1c3a
03-14 22:45:53.576  5873  5934 I Tracing : Tracer added: class androidx.test.platform.tracing.AndroidXTracer
03-14 22:45:53.588  5873  5934 W .studentfinance: Accessing hidden field Ljava/lang/reflect/Field;->accessFlags:I (unsupported, reflection, allowed)
03-14 22:45:53.590  5873  5934 I Detox   : Connecting to server...
03-14 22:45:53.590  5873  5934 I DetoxWSClient: At connectToServer
03-14 22:45:53.634  5873  5940 D TrafficStats: tagSocket(102) with statsTag=0xffffffff, statsUid=-1
03-14 22:45:53.647  5873  5940 D DetoxWSClient: At onOpen
03-14 22:45:53.648  5873  5940 I DetoxWSClient: Sending out action 'login' (ID #0)
03-14 22:45:53.648  5873  5940 I Detox   : Connected to server!
03-14 22:45:53.651  5873  5940 D DetoxWSClient: Received action 'loginSuccess' (ID #0, params={"testerConnected":true,"appConnected":true})
03-14 22:45:53.651  5873  5936 I DetoxDispatcher: Handling action 'loginSuccess' (ID #0)...
03-14 22:45:53.651  5873  5936 I DetoxDispatcher: Done with action 'loginSuccess'
03-14 22:45:53.651  5873  5934 I Detox   : Launching the tested activity!
03-14 22:45:53.700  5873  5940 D DetoxWSClient: Received action 'isReady' (ID #-1000, params={})
03-14 22:45:53.703  5873  5936 I DetoxDispatcher: Handling action 'isReady' (ID #-1000)...
03-14 22:45:53.862  5873  5873 D AppCompatDelegate: Checking for metadata for AppLocalesMetadataHolderService : Service not found
03-14 22:45:53.884  5873  5873 D LifecycleMonitor: Lifecycle status change: com.mcfuzzysquirrel.studentfinance.MainActivity@340991c in: PRE_ON_CREATE
03-14 22:45:55.011  5873  5873 W unknown:BridgelessReact: ReactHost{0}.startSurface(surfaceId = 0): Schedule
03-14 22:45:55.012  5873  5873 W unknown:BridgelessReact: ReactHost{0}.attachSurface(surfaceId = 0)
03-14 22:45:55.017  5873  5961 D TrafficStats: tagSocket(106) with statsTag=0xffffffff, statsUid=-1
03-14 22:45:55.019  5873  5962 W unknown:BridgelessReact: ReactHost{0}.getOrCreateReactInstanceTask()
03-14 22:45:55.019  5873  5962 W unknown:BridgelessReact: ReactHost{0}.getOrCreateReactInstanceTask(): Start
03-14 22:45:55.019  5873  5962 D Detox.RNMarker: REACT_BRIDGELESS_LOADING_START (null)
03-14 22:45:55.019  5873  5962 W unknown:BridgelessReact: ReactHost{0}.getJSBundleLoader()
03-14 22:45:55.021  5873  5962 W unknown:BridgelessReact: ReactHost{0}.isMetroRunning()
03-14 22:45:55.037  5873  5961 W unknown:ReconnectingWebSocket: Couldn't connect to "ws://10.0.2.2:8081/message?device=sdk_gphone64_x86_64%20-%2015%20-%20API%2035&app=com.mcfuzzysquirrel.studentfinance&clientid=BridgelessDevSupportManager", will silently retry
03-14 22:45:55.040  5873  5963 D TrafficStats: tagSocket(106) with statsTag=0xffffffff, statsUid=-1
03-14 22:45:55.042  5873  5963 W unknown:ReactNative: The packager does not seem to be running as we got an IOException requesting its status: Failed to connect to /10.0.2.2:8081
03-14 22:45:55.042  5873  5963 W unknown:BridgelessReact: ReactHost{0}.isMetroRunning(): Async result = false
03-14 22:45:55.043  5873  5962 W unknown:BridgelessReact: ReactHost{0}.getOrCreateReactInstanceTask(): Creating BridgelessReactContext
03-14 22:45:55.045  5873  5962 W unknown:BridgelessReact: ReactHost{0}.getOrCreateReactInstanceTask(): Creating ReactInstance
03-14 22:45:55.076  5873  5873 W .studentfinance: Accessing hidden method Landroid/view/ViewGroup;->makeOptionalFitsSystemWindows()V (unsupported, reflection, allowed)
03-14 22:45:55.085  5873  5873 D LifecycleMonitor: Lifecycle status change: com.mcfuzzysquirrel.studentfinance.MainActivity@340991c in: CREATED
03-14 22:45:55.090  5873  5873 D LifecycleMonitor: Lifecycle status change: com.mcfuzzysquirrel.studentfinance.MainActivity@340991c in: STARTED
03-14 22:45:55.104  5873  5969 D TrafficStats: tagSocket(117) with statsTag=0xffffffff, statsUid=-1
03-14 22:45:55.106  5873  5873 W unknown:BridgelessReact: ReactHost{0}.onHostResume(activity)
03-14 22:45:55.106  5873  5873 W unknown:ReactNative: Packager connection already open, nooping.
03-14 22:45:55.106  5873  5873 W unknown:BridgelessReact: ReactHost{0}.ReactContext.onHostResume()
03-14 22:45:55.107  5873  5873 D LifecycleMonitor: Lifecycle status change: com.mcfuzzysquirrel.studentfinance.MainActivity@340991c in: RESUMED
03-14 22:45:55.124  5873  5873 W HWUI    : Unknown dataspace 0
03-14 22:45:55.238  5873  5962 D nativeloader: Load /data/app/~~9rWWwtrYnZOxTSYf9qhrwg==/com.mcfuzzysquirrel.studentfinance-uRqTEwpxQYKTGXQx112snA==/base.apk!/lib/x86_64/libhermesvm.so using ns clns-7 from class loader (caller=/data/app/~~9rWWwtrYnZOxTSYf9qhrwg==/com.mcfuzzysquirrel.studentfinance-uRqTEwpxQYKTGXQx112snA==/base.apk): ok
03-14 22:45:55.271  5873  5946 I EGL_emulation: Opening libGLESv1_CM_emulation.so
03-14 22:45:55.275  5873  5946 I EGL_emulation: Opening libGLESv2_emulation.so
03-14 22:45:55.301  5873  5962 D nativeloader: Load /data/app/~~9rWWwtrYnZOxTSYf9qhrwg==/com.mcfuzzysquirrel.studentfinance-uRqTEwpxQYKTGXQx112snA==/base.apk!/lib/x86_64/libhermestooling.so using ns clns-7 from class loader (caller=/data/app/~~9rWWwtrYnZOxTSYf9qhrwg==/com.mcfuzzysquirrel.studentfinance-uRqTEwpxQYKTGXQx112snA==/base.apk): ok
03-14 22:45:55.301  5873  5962 D jni_lib_merge: Entering merged library JNI_OnLoad.
03-14 22:45:55.312  5873  5962 D jni_lib_merge: Preparing 4 pre-merged libs (including stub)
03-14 22:45:55.332  5873  5962 D jni_lib_merge: Preparing to register libhermes_executor_so.  onload_func: 0x727cdf0a8050
03-14 22:45:55.332  5873  5962 D jni_lib_merge: Preparing to register libhermesinstancejni_so.  onload_func: 0x727cdf0de680
03-14 22:45:55.332  5873  5962 D jni_lib_merge: Preparing to register libjsijniprofiler_so.  onload_func: 0x727cdf0e03f0
03-14 22:45:55.332  5873  5962 D jni_lib_merge: About to register 3 actual methods.
03-14 22:45:55.383  5873  5946 W HWUI    : Failed to initialize 101010-2 format, error = EGL_SUCCESS
03-14 22:45:55.413  5873  5946 I Gralloc4: mapper 4.x is not supported
03-14 22:45:55.764  5873  5873 I Choreographer: Skipped 33 frames!  The application may be doing too much work on its main thread.
03-14 22:45:56.728  5873  5962 I ExpoModulesCore: ✅ AppContext was initialized
03-14 22:45:57.089  5873  5961 D TrafficStats: tagSocket(133) with statsTag=0xffffffff, statsUid=-1
03-14 22:45:57.094  5873  5962 W unknown:BridgelessReact: ReactHost{0}.getOrCreateReactInstanceTask(): Loading JS Bundle
03-14 22:45:57.095  5873  5962 W unknown:BridgelessReact: ReactHost{0}.getOrCreateReactInstanceTask(): DevSupportManager.onNewReactContextCreated()
03-14 22:45:57.100  5873  5967 D Detox.RNMarker: RUN_JS_BUNDLE_START (index.android.bundle)
03-14 22:45:57.107  5873  5962 W unknown:BridgelessReact: ReactHost{0}.startSurface(surfaceId = 0): Execute
03-14 22:45:57.108  5873  5873 W unknown:ReactNative: Packager connection already open, nooping.
03-14 22:45:57.108  5873  5873 W unknown:BridgelessReact: ReactHost{0}.ReactContext.onHostResume()
03-14 22:45:57.109  5873  5873 W unknown:BridgelessReact: ReactHost{0}.getOrCreateReactInstanceTask(): Executing ReactInstanceEventListeners
03-14 22:45:57.109  5873  5873 I DetoxRNLoading: Got new RN-context through listener
03-14 22:45:57.110  5873  5936 W .studentfinance: Long monitor contention with owner Instr: androidx.test.runner.AndroidJUnitRunner (5934) at void com.wix.detox.DetoxMain.launchActivityOnCue(android.content.Context, com.wix.detox.ActivityLaunchHelper)(DetoxMain.kt:53) waiters=0 in void com.wix.detox.DetoxMain$setupActionHandlers$SynchronizedActionHandler.handle(java.lang.String, long) for 3.277s
03-14 22:45:57.114  5873  5873 W .studentfinance: Accessing hidden method Landroid/os/MessageQueue;->next()Landroid/os/Message; (unsupported, reflection, allowed)
03-14 22:45:57.114  5873  5873 W .studentfinance: Accessing hidden field Landroid/os/MessageQueue;->mMessages:Landroid/os/Message; (unsupported, reflection, allowed)
03-14 22:45:57.114  5873  5873 W .studentfinance: Accessing hidden method Landroid/os/Message;->recycleUnchecked()V (unsupported, reflection, allowed)
03-14 22:45:57.115  5873  5873 I Detox   : Wait is over: App is now idle!
03-14 22:45:57.116  5873  5936 I DetoxWSClient: Sending out action 'ready' (ID #-1000)
03-14 22:45:57.116  5873  5936 I DetoxDispatcher: Done with action 'isReady'
03-14 22:45:57.163  5873  5940 D DetoxWSClient: Received action 'invoke' (ID #1, params={"target":{"type":"Class","value":"com.wix.detox.espresso.DetoxAssertion"},"method":"waitForAssertMatcher","args":[{"type":"Invocation","value":{"target":{"type":"Class","value":"androidx.test.espresso.Espresso"},"method":"onView","args":[{"type":"Invocation","value":{"target":{"type":"Class","value":"com.wix.detox.espresso.DetoxMatcher"},"method":"matcherForTestId","args":["dashboard-add-expense-button",{"type":"boolean","value":false}]}}]}},{"type":"Invocation","value":{"target":{"type":"Class","value":"com.wix.detox.espresso.DetoxMatcher"},"method":"matcherForSufficientlyVisible","args":[{"type":"Integer","value":75}]}},{"type":"Double","value":15}]})
03-14 22:45:57.172  5873  5936 I DetoxDispatcher: Handling action 'invoke' (ID #1)...
03-14 22:45:57.180  5873  5936 D Detox   : class com.wix.detox.espresso.DetoxMatcher, matcherForTestId, [dashboard-add-expense-button, false]
03-14 22:45:57.188  5873  5936 D Detox   : class androidx.test.espresso.Espresso, onView, [(view.getTag() is "dashboard-add-expense-button" and view has effective visibility <VISIBLE>)]
03-14 22:45:57.197  5873  5936 D Detox   : class com.wix.detox.espresso.DetoxMatcher, matcherForSufficientlyVisible, [75]
03-14 22:45:57.198  5873  5967 D nativeloader: Load /data/app/~~9rWWwtrYnZOxTSYf9qhrwg==/com.mcfuzzysquirrel.studentfinance-uRqTEwpxQYKTGXQx112snA==/base.apk!/lib/x86_64/libexpo-modules-core.so using ns clns-7 from class loader (caller=/data/app/~~9rWWwtrYnZOxTSYf9qhrwg==/com.mcfuzzysquirrel.studentfinance-uRqTEwpxQYKTGXQx112snA==/base.apk): ok
03-14 22:45:57.198  5873  5936 D Detox   : class com.wix.detox.espresso.DetoxAssertion, waitForAssertMatcher, [androidx.test.espresso.ViewInteraction@592f8bf, (view has effective visibility <VISIBLE> and view.getGlobalVisibleRect() covers at least <75> percent of the view's area), 15.0]
03-14 22:45:57.207  5873  5969 D TrafficStats: tagSocket(133) with statsTag=0xffffffff, statsUid=-1
03-14 22:45:57.227  5873  5873 I ViewInteraction: Checking 'MatchesViewAssertion(Detox){viewMatcher=(view has effective visibility <VISIBLE> and view.getGlobalVisibleRect() covers at least <75> percent of the view's area)}' assertion on view (view.getTag() is "dashboard-add-expense-button" and view has effective visibility <VISIBLE>)
03-14 22:45:57.270  5873  5873 I ViewInteraction: Checking 'MatchesViewAssertion(Detox){viewMatcher=(view has effective visibility <VISIBLE> and view.getGlobalVisibleRect() covers at least <75> percent of the view's area)}' assertion on view (view.getTag() is "dashboard-add-expense-button" and view has effective visibility <VISIBLE>)
03-14 22:45:57.283  5873  5967 W unknown:ViewManagerPropertyUpdater: Could not find generated setter for class com.th3rdwave.safeareacontext.SafeAreaProviderManager
03-14 22:45:57.292  5873  5967 W unknown:ViewManagerPropertyUpdater: Could not find generated setter for class com.facebook.react.uimanager.LayoutShadowNode
03-14 22:45:57.295  5873  5967 W unknown:ViewManagerPropertyUpdater: Could not find generated setter for class com.swmansion.rnscreens.SearchBarManager
03-14 22:45:57.296  5873  5967 W unknown:ViewManagerPropertyUpdater: Could not find generated setter for class com.swmansion.rnscreens.ScreenFooterManager
03-14 22:45:57.298  5873  5967 W unknown:ViewManagerPropertyUpdater: Could not find generated setter for class com.swmansion.rnscreens.gamma.tabs.TabScreenViewManager
03-14 22:45:57.300  5873  5967 W unknown:ViewManagerPropertyUpdater: Could not find generated setter for class expo.modules.kotlin.views.GroupViewManagerWrapper
03-14 22:45:57.302  5873  5873 I ViewInteraction: Checking 'MatchesViewAssertion(Detox){viewMatcher=(view has effective visibility <VISIBLE> and view.getGlobalVisibleRect() covers at least <75> percent of the view's area)}' assertion on view (view.getTag() is "dashboard-add-expense-button" and view has effective visibility <VISIBLE>)
03-14 22:45:57.304  5873  5967 W unknown:ViewManagerPropertyUpdater: Could not find generated setter for class com.swmansion.rnscreens.ScreenContainerViewManager
03-14 22:45:57.306  5873  5967 W unknown:ViewManagerPropertyUpdater: Could not find generated setter for class com.swmansion.rnscreens.gamma.tabs.TabsHostViewManager
03-14 22:45:57.312  5873  5967 W unknown:ViewManagerPropertyUpdater: Could not find generated setter for class com.swmansion.rnscreens.ModalScreenViewManager
03-14 22:45:57.315  5873  5967 W unknown:ViewManagerPropertyUpdater: Could not find generated setter for class com.swmansion.rnscreens.ScreenStackHeaderConfigViewManager
03-14 22:45:57.317  5873  5967 W unknown:ViewManagerPropertyUpdater: Could not find generated setter for class com.swmansion.rnscreens.ScreenContentWrapperManager
03-14 22:45:57.317  5873  5967 W unknown:ViewManagerPropertyUpdater: Could not find generated setter for class com.th3rdwave.safeareacontext.SafeAreaViewManager
03-14 22:45:57.319  5873  5967 W unknown:ViewManagerPropertyUpdater: Could not find generated setter for class com.th3rdwave.safeareacontext.SafeAreaViewShadowNode
03-14 22:45:57.320  5873  5967 W unknown:ViewManagerPropertyUpdater: Could not find generated setter for class com.swmansion.rnscreens.safearea.SafeAreaViewManager
03-14 22:45:57.321  5873  5967 W unknown:ViewManagerPropertyUpdater: Could not find generated setter for class com.swmansion.rnscreens.safearea.paper.SafeAreaViewShadowNode
03-14 22:45:57.322  5873  5967 W unknown:ViewManagerPropertyUpdater: Could not find generated setter for class com.swmansion.rnscreens.ScreenViewManager
03-14 22:45:57.329  5873  5967 W unknown:ViewManagerPropertyUpdater: Could not find generated setter for class com.swmansion.rnscreens.gamma.stack.host.StackHostViewManager
03-14 22:45:57.330  5873  5967 W unknown:ViewManagerPropertyUpdater: Could not find generated setter for class com.swmansion.rnscreens.ScreenStackHeaderSubviewManager
03-14 22:45:57.331  5873  5967 W unknown:ViewManagerPropertyUpdater: Could not find generated setter for class com.swmansion.rnscreens.gamma.stack.screen.StackScreenViewManager
03-14 22:45:57.332  5873  5967 W unknown:ViewManagerPropertyUpdater: Could not find generated setter for class com.swmansion.rnscreens.ScreenStackViewManager
03-14 22:45:57.334  5873  5873 I ViewInteraction: Checking 'MatchesViewAssertion(Detox){viewMatcher=(view has effective visibility <VISIBLE> and view.getGlobalVisibleRect() covers at least <75> percent of the view's area)}' assertion on view (view.getTag() is "dashboard-add-expense-button" and view has effective visibility <VISIBLE>)
03-14 22:45:57.375  5873  5873 I ViewInteraction: Checking 'MatchesViewAssertion(Detox){viewMatcher=(view has effective visibility <VISIBLE> and view.getGlobalVisibleRect() covers at least <75> percent of the view's area)}' assertion on view (view.getTag() is "dashboard-add-expense-button" and view has effective visibility <VISIBLE>)
03-14 22:45:57.403  5873  5873 I ViewInteraction: Checking 'MatchesViewAssertion(Detox){viewMatcher=(view has effective visibility <VISIBLE> and view.getGlobalVisibleRect() covers at least <75> percent of the view's area)}' assertion on view (view.getTag() is "dashboard-add-expense-button" and view has effective visibility <VISIBLE>)
03-14 22:45:57.436  5873  5873 I ViewInteraction: Checking 'MatchesViewAssertion(Detox){viewMatcher=(view has effective visibility <VISIBLE> and view.getGlobalVisibleRect() covers at least <75> percent of the view's area)}' assertion on view (view.getTag() is "dashboard-add-expense-button" and view has effective visibility <VISIBLE>)
03-14 22:45:57.466  5873  5873 I ViewInteraction: Checking 'MatchesViewAssertion(Detox){viewMatcher=(view has effective visibility <VISIBLE> and view.getGlobalVisibleRect() covers at least <75> percent of the view's area)}' assertion on view (view.getTag() is "dashboard-add-expense-button" and view has effective visibility <VISIBLE>)
03-14 22:45:57.499  5873  5873 I ViewInteraction: Checking 'MatchesViewAssertion(Detox){viewMatcher=(view has effective visibility <VISIBLE> and view.getGlobalVisibleRect() covers at least <75> percent of the view's area)}' assertion on view (view.getTag() is "dashboard-add-expense-button" and view has effective visibility <VISIBLE>)
03-14 22:45:57.501  5873  5967 W unknown:ViewManagerPropertyUpdater: Could not find generated setter for class com.horcrux.svg.RenderableViewManager$DefsViewManager
03-14 22:45:57.502  5873  5967 W unknown:ViewManagerPropertyUpdater: Could not find generated setter for class com.horcrux.svg.VirtualViewManager$RenderableShadowNode
03-14 22:45:57.516  5873  5967 W unknown:ViewManagerPropertyUpdater: Could not find generated setter for class com.facebook.react.views.debuggingoverlay.DebuggingOverlayManager
03-14 22:45:57.524  5873  5967 W unknown:ViewManagerPropertyUpdater: Could not find generated setter for class com.horcrux.svg.RenderableViewManager$FeMergeManager
03-14 22:45:57.529  5873  5873 I ViewInteraction: Checking 'MatchesViewAssertion(Detox){viewMatcher=(view has effective visibility <VISIBLE> and view.getGlobalVisibleRect() covers at least <75> percent of the view's area)}' assertion on view (view.getTag() is "dashboard-add-expense-button" and view has effective visibility <VISIBLE>)
03-14 22:45:57.538  5873  5967 W unknown:ViewManagerPropertyUpdater: Could not find generated setter for class com.facebook.react.views.safeareaview.ReactSafeAreaViewManager
03-14 22:45:57.552  5873  5967 W unknown:ViewManagerPropertyUpdater: Could not find generated setter for class com.horcrux.svg.RenderableViewManager$LinearGradientManager
03-14 22:45:57.558  5873  5873 I ViewInteraction: Checking 'MatchesViewAssertion(Detox){viewMatcher=(view has effective visibility <VISIBLE> and view.getGlobalVisibleRect() covers at least <75> percent of the view's area)}' assertion on view (view.getTag() is "dashboard-add-expense-button" and view has effective visibility <VISIBLE>)
03-14 22:45:57.565  5873  5967 W unknown:ViewManagerPropertyUpdater: Could not find generated setter for class com.horcrux.svg.RenderableViewManager$FeGaussianBlurManager
03-14 22:45:57.575  5873  5967 W unknown:ViewManagerPropertyUpdater: Could not find generated setter for class com.facebook.react.views.progressbar.ReactProgressBarViewManager
03-14 22:45:57.576  5873  5967 W unknown:ViewManagerPropertyUpdater: Could not find generated setter for class com.facebook.react.views.progressbar.ProgressBarShadowNode
03-14 22:45:57.592  5873  5873 I ViewInteraction: Checking 'MatchesViewAssertion(Detox){viewMatcher=(view has effective visibility <VISIBLE> and view.getGlobalVisibleRect() covers at least <75> percent of the view's area)}' assertion on view (view.getTag() is "dashboard-add-expense-button" and view has effective visibility <VISIBLE>)
03-14 22:45:57.593  5873  5967 W unknown:ViewManagerPropertyUpdater: Could not find generated setter for class com.facebook.react.views.scroll.ReactHorizontalScrollViewManager
03-14 22:45:57.608  5873  5967 W unknown:ViewManagerPropertyUpdater: Could not find generated setter for class com.facebook.react.views.text.ReactTextViewManager
03-14 22:45:57.610  5873  5967 W unknown:ViewManagerPropertyUpdater: Could not find generated setter for class com.facebook.react.views.text.ReactTextShadowNode
03-14 22:45:57.623  5873  5873 I ViewInteraction: Checking 'MatchesViewAssertion(Detox){viewMatcher=(view has effective visibility <VISIBLE> and view.getGlobalVisibleRect() covers at least <75> percent of the view's area)}' assertion on view (view.getTag() is "dashboard-add-expense-button" and view has effective visibility <VISIBLE>)
03-14 22:45:57.626  5873  5967 W unknown:ViewManagerPropertyUpdater: Could not find generated setter for class com.horcrux.svg.RenderableViewManager$FeColorMatrixManager
03-14 22:45:57.638  5873  5967 W unknown:ViewManagerPropertyUpdater: Could not find generated setter for class com.facebook.react.views.scroll.ReactHorizontalScrollContainerViewManager
03-14 22:45:57.661  5873  5873 I ViewInteraction: Checking 'MatchesViewAssertion(Detox){viewMatcher=(view has effective visibility <VISIBLE> and view.getGlobalVisibleRect() covers at least <75> percent of the view's area)}' assertion on view (view.getTag() is "dashboard-add-expense-button" and view has effective visibility <VISIBLE>)
03-14 22:45:57.666  5873  5967 W unknown:ViewManagerPropertyUpdater: Could not find generated setter for class com.horcrux.svg.RenderableViewManager$ClipPathViewManager
03-14 22:45:57.674  5873  5880 I .studentfinance: Compiler allocated 5174KB to compile void android.view.ViewRootImpl.performTraversals()
03-14 22:45:57.677  5873  5967 W unknown:ViewManagerPropertyUpdater: Could not find generated setter for class com.horcrux.svg.RenderableViewManager$SymbolManager
