03-14 22:45:57.696  5873  5873 I ViewInteraction: Checking 'MatchesViewAssertion(Detox){viewMatcher=(view has effective visibility <VISIBLE> and view.getGlobalVisibleRect() covers at least <75> percent of the view's area)}' assertion on view (view.getTag() is "dashboard-add-expense-button" and view has effective visibility <VISIBLE>)
03-14 22:45:57.704  5873  5967 W unknown:ViewManagerPropertyUpdater: Could not find generated setter for class com.horcrux.svg.RenderableViewManager$PatternManager
03-14 22:45:57.716  5873  5967 W unknown:ViewManagerPropertyUpdater: Could not find generated setter for class com.horcrux.svg.RenderableViewManager$FeBlendManager
03-14 22:45:57.734  5873  5873 I ViewInteraction: Checking 'MatchesViewAssertion(Detox){viewMatcher=(view has effective visibility <VISIBLE> and view.getGlobalVisibleRect() covers at least <75> percent of the view's area)}' assertion on view (view.getTag() is "dashboard-add-expense-button" and view has effective visibility <VISIBLE>)
03-14 22:45:57.739  5873  5967 W unknown:ViewManagerPropertyUpdater: Could not find generated setter for class com.facebook.react.views.view.ReactViewManager
03-14 22:45:57.752  5873  5967 W unknown:ViewManagerPropertyUpdater: Could not find generated setter for class com.horcrux.svg.SvgViewManager
03-14 22:45:57.775  5873  5873 I ViewInteraction: Checking 'MatchesViewAssertion(Detox){viewMatcher=(view has effective visibility <VISIBLE> and view.getGlobalVisibleRect() covers at least <75> percent of the view's area)}' assertion on view (view.getTag() is "dashboard-add-expense-button" and view has effective visibility <VISIBLE>)
03-14 22:45:57.787  5873  5967 W unknown:ViewManagerPropertyUpdater: Could not find generated setter for class com.facebook.react.views.switchview.ReactSwitchManager
03-14 22:45:57.789  5873  5967 W unknown:ViewManagerPropertyUpdater: Could not find generated setter for class com.facebook.react.views.switchview.ReactSwitchShadowNode
03-14 22:45:57.798  5873  5967 W unknown:ViewManagerPropertyUpdater: Could not find generated setter for class com.horcrux.svg.RenderableViewManager$UseViewManager
03-14 22:45:57.816  5873  5873 I ViewInteraction: Checking 'MatchesViewAssertion(Detox){viewMatcher=(view has effective visibility <VISIBLE> and view.getGlobalVisibleRect() covers at least <75> percent of the view's area)}' assertion on view (view.getTag() is "dashboard-add-expense-button" and view has effective visibility <VISIBLE>)
03-14 22:45:57.840  5873  5967 W unknown:ViewManagerPropertyUpdater: Could not find generated setter for class com.horcrux.svg.RenderableViewManager$CircleViewManager
03-14 22:45:57.853  5873  5873 I ViewInteraction: Checking 'MatchesViewAssertion(Detox){viewMatcher=(view has effective visibility <VISIBLE> and view.getGlobalVisibleRect() covers at least <75> percent of the view's area)}' assertion on view (view.getTag() is "dashboard-add-expense-button" and view has effective visibility <VISIBLE>)
03-14 22:45:57.858  5873  5967 W unknown:ViewManagerPropertyUpdater: Could not find generated setter for class com.horcrux.svg.RenderableViewManager$TSpanViewManager
03-14 22:45:57.885  5873  5967 W unknown:ViewManagerPropertyUpdater: Could not find generated setter for class com.horcrux.svg.RenderableViewManager$FilterManager
03-14 22:45:57.890  5873  5873 I ViewInteraction: Checking 'MatchesViewAssertion(Detox){viewMatcher=(view has effective visibility <VISIBLE> and view.getGlobalVisibleRect() covers at least <75> percent of the view's area)}' assertion on view (view.getTag() is "dashboard-add-expense-button" and view has effective visibility <VISIBLE>)
03-14 22:45:57.897  5873  5967 W unknown:ViewManagerPropertyUpdater: Could not find generated setter for class com.horcrux.svg.RenderableViewManager$MarkerManager
03-14 22:45:57.914  5873  5967 W unknown:ViewManagerPropertyUpdater: Could not find generated setter for class com.swmansion.gesturehandler.react.RNGestureHandlerButtonViewManager
03-14 22:45:57.921  5873  5873 I ViewInteraction: Checking 'MatchesViewAssertion(Detox){viewMatcher=(view has effective visibility <VISIBLE> and view.getGlobalVisibleRect() covers at least <75> percent of the view's area)}' assertion on view (view.getTag() is "dashboard-add-expense-button" and view has effective visibility <VISIBLE>)
03-14 22:45:57.929  5873  5967 W unknown:ViewManagerPropertyUpdater: Could not find generated setter for class com.facebook.react.views.modal.ReactModalHostManager
03-14 22:45:57.945  5873  5967 W unknown:ViewManagerPropertyUpdater: Could not find generated setter for class com.horcrux.svg.RenderableViewManager$ForeignObjectManager
03-14 22:45:57.950  5873  5873 I ViewInteraction: Checking 'MatchesViewAssertion(Detox){viewMatcher=(view has effective visibility <VISIBLE> and view.getGlobalVisibleRect() covers at least <75> percent of the view's area)}' assertion on view (view.getTag() is "dashboard-add-expense-button" and view has effective visibility <VISIBLE>)
03-14 22:45:57.961  5873  5967 W unknown:ViewManagerPropertyUpdater: Could not find generated setter for class com.horcrux.svg.RenderableViewManager$EllipseViewManager
03-14 22:45:57.985  5873  5967 W unknown:ViewManagerPropertyUpdater: Could not find generated setter for class com.horcrux.svg.RenderableViewManager$LineViewManager
03-14 22:45:57.997  5873  5873 I ViewInteraction: Checking 'MatchesViewAssertion(Detox){viewMatcher=(view has effective visibility <VISIBLE> and view.getGlobalVisibleRect() covers at least <75> percent of the view's area)}' assertion on view (view.getTag() is "dashboard-add-expense-button" and view has effective visibility <VISIBLE>)
03-14 22:45:58.002  5873  5967 W unknown:ViewManagerPropertyUpdater: Could not find generated setter for class com.facebook.react.views.text.frescosupport.FrescoBasedReactTextInlineImageViewManager
03-14 22:45:58.003  5873  5967 W unknown:ViewManagerPropertyUpdater: Could not find generated setter for class com.facebook.react.views.text.frescosupport.FrescoBasedReactTextInlineImageShadowNode
03-14 22:45:58.015  5873  5967 W unknown:ViewManagerPropertyUpdater: Could not find generated setter for class com.horcrux.svg.RenderableViewManager$FeFloodManager
03-14 22:45:58.028  5873  5967 W unknown:ViewManagerPropertyUpdater: Could not find generated setter for class com.horcrux.svg.RenderableViewManager$GroupViewManager
03-14 22:45:58.031  5873  5873 I ViewInteraction: Checking 'MatchesViewAssertion(Detox){viewMatcher=(view has effective visibility <VISIBLE> and view.getGlobalVisibleRect() covers at least <75> percent of the view's area)}' assertion on view (view.getTag() is "dashboard-add-expense-button" and view has effective visibility <VISIBLE>)
03-14 22:45:58.044  5873  5967 W unknown:ViewManagerPropertyUpdater: Could not find generated setter for class com.horcrux.svg.RenderableViewManager$TextViewManager
03-14 22:45:58.058  5873  5967 W unknown:ViewManagerPropertyUpdater: Could not find generated setter for class com.horcrux.svg.RenderableViewManager$ImageViewManager
03-14 22:45:58.064  5873  5873 I ViewInteraction: Checking 'MatchesViewAssertion(Detox){viewMatcher=(view has effective visibility <VISIBLE> and view.getGlobalVisibleRect() covers at least <75> percent of the view's area)}' assertion on view (view.getTag() is "dashboard-add-expense-button" and view has effective visibility <VISIBLE>)
03-14 22:45:58.069  5873  5967 W unknown:ViewManagerPropertyUpdater: Could not find generated setter for class com.horcrux.svg.RenderableViewManager$FeCompositeManager
03-14 22:45:58.083  5873  5967 W unknown:ViewManagerPropertyUpdater: Could not find generated setter for class com.facebook.react.views.image.ReactImageManager
03-14 22:45:58.097  5873  5873 I ViewInteraction: Checking 'MatchesViewAssertion(Detox){viewMatcher=(view has effective visibility <VISIBLE> and view.getGlobalVisibleRect() covers at least <75> percent of the view's area)}' assertion on view (view.getTag() is "dashboard-add-expense-button" and view has effective visibility <VISIBLE>)
03-14 22:45:58.101  5873  5967 W unknown:ViewManagerPropertyUpdater: Could not find generated setter for class com.horcrux.svg.RenderableViewManager$RadialGradientManager
03-14 22:45:58.114  5873  5967 W unknown:ViewManagerPropertyUpdater: Could not find generated setter for class com.horcrux.svg.RenderableViewManager$MaskManager
03-14 22:45:58.123  5873  5967 W unknown:ViewManagerPropertyUpdater: Could not find generated setter for class com.facebook.react.views.unimplementedview.ReactUnimplementedViewManager
03-14 22:45:58.128  5873  5873 I ViewInteraction: Checking 'MatchesViewAssertion(Detox){viewMatcher=(view has effective visibility <VISIBLE> and view.getGlobalVisibleRect() covers at least <75> percent of the view's area)}' assertion on view (view.getTag() is "dashboard-add-expense-button" and view has effective visibility <VISIBLE>)
03-14 22:45:58.134  5873  5967 W unknown:ViewManagerPropertyUpdater: Could not find generated setter for class com.horcrux.svg.RenderableViewManager$RectViewManager
03-14 22:45:58.150  5873  5967 W unknown:ViewManagerPropertyUpdater: Could not find generated setter for class com.horcrux.svg.RenderableViewManager$TextPathViewManager
03-14 22:45:58.165  5873  5873 I ViewInteraction: Checking 'MatchesViewAssertion(Detox){viewMatcher=(view has effective visibility <VISIBLE> and view.getGlobalVisibleRect() covers at least <75> percent of the view's area)}' assertion on view (view.getTag() is "dashboard-add-expense-button" and view has effective visibility <VISIBLE>)
03-14 22:45:58.171  5873  5967 W unknown:ViewManagerPropertyUpdater: Could not find generated setter for class com.facebook.react.views.scroll.ReactScrollViewManager
03-14 22:45:58.187  5873  5967 W unknown:ViewManagerPropertyUpdater: Could not find generated setter for class com.horcrux.svg.RenderableViewManager$FeOffsetManager
03-14 22:45:58.198  5873  5880 I .studentfinance: Compiler allocated 4219KB to compile void android.widget.TextView.<init>(android.content.Context, android.util.AttributeSet, int, int)
03-14 22:45:58.200  5873  5967 W unknown:ViewManagerPropertyUpdater: Could not find generated setter for class com.horcrux.svg.RenderableViewManager$PathViewManager
03-14 22:45:58.204  5873  5873 I ViewInteraction: Checking 'MatchesViewAssertion(Detox){viewMatcher=(view has effective visibility <VISIBLE> and view.getGlobalVisibleRect() covers at least <75> percent of the view's area)}' assertion on view (view.getTag() is "dashboard-add-expense-button" and view has effective visibility <VISIBLE>)
03-14 22:45:58.217  5873  5967 W unknown:ViewManagerPropertyUpdater: Could not find generated setter for class com.facebook.react.views.drawer.ReactDrawerLayoutManager
03-14 22:45:58.232  5873  5967 W unknown:ViewManagerPropertyUpdater: Could not find generated setter for class com.facebook.react.views.swiperefresh.SwipeRefreshLayoutManager
03-14 22:45:58.241  5873  5873 I ViewInteraction: Checking 'MatchesViewAssertion(Detox){viewMatcher=(view has effective visibility <VISIBLE> and view.getGlobalVisibleRect() covers at least <75> percent of the view's area)}' assertion on view (view.getTag() is "dashboard-add-expense-button" and view has effective visibility <VISIBLE>)
03-14 22:45:58.255  5873  5967 W unknown:ViewManagerPropertyUpdater: Could not find generated setter for class com.facebook.react.views.textinput.ReactTextInputManager
03-14 22:45:58.268  5873  5967 W unknown:ViewManagerPropertyUpdater: Could not find generated setter for class com.facebook.react.views.textinput.ReactTextInputShadowNode
03-14 22:45:58.274  5873  5873 I ViewInteraction: Checking 'MatchesViewAssertion(Detox){viewMatcher=(view has effective visibility <VISIBLE> and view.getGlobalVisibleRect() covers at least <75> percent of the view's area)}' assertion on view (view.getTag() is "dashboard-add-expense-button" and view has effective visibility <VISIBLE>)
03-14 22:45:58.281  5873  5967 W unknown:ViewManagerPropertyUpdater: Could not find generated setter for class com.swmansion.gesturehandler.react.RNGestureHandlerRootViewManager
03-14 22:45:58.326  5873  5873 I ViewInteraction: Checking 'MatchesViewAssertion(Detox){viewMatcher=(view has effective visibility <VISIBLE> and view.getGlobalVisibleRect() covers at least <75> percent of the view's area)}' assertion on view (view.getTag() is "dashboard-add-expense-button" and view has effective visibility <VISIBLE>)
03-14 22:45:58.331  5873  5967 W BridgelessReactContext: [WARNING] Bridgeless doesn't support CatalystInstance. Accessing an API that's not part of the new architecture is not encouraged usage.
03-14 22:45:58.353  5873  5967 I ExpoModulesCore: ✅ JSI interop was installed
03-14 22:45:58.365  5873  5967 I ExpoModulesCore: ✅ Constants were exported
03-14 22:45:58.384  5873  5873 I ViewInteraction: Checking 'MatchesViewAssertion(Detox){viewMatcher=(view has effective visibility <VISIBLE> and view.getGlobalVisibleRect() covers at least <75> percent of the view's area)}' assertion on view (view.getTag() is "dashboard-add-expense-button" and view has effective visibility <VISIBLE>)
03-14 22:45:58.409  5873  6081 D ProfileInstaller: Installing profile for com.mcfuzzysquirrel.studentfinance
03-14 22:45:58.416  5873  5967 D nativeloader: Load /data/app/~~9rWWwtrYnZOxTSYf9qhrwg==/com.mcfuzzysquirrel.studentfinance-uRqTEwpxQYKTGXQx112snA==/base.apk!/lib/x86_64/librnscreens.so using ns clns-7 from class loader (caller=/data/app/~~9rWWwtrYnZOxTSYf9qhrwg==/com.mcfuzzysquirrel.studentfinance-uRqTEwpxQYKTGXQx112snA==/base.apk!classes16.dex): ok
03-14 22:45:58.430  5873  5873 I ViewInteraction: Checking 'MatchesViewAssertion(Detox){viewMatcher=(view has effective visibility <VISIBLE> and view.getGlobalVisibleRect() covers at least <75> percent of the view's area)}' assertion on view (view.getTag() is "dashboard-add-expense-button" and view has effective visibility <VISIBLE>)
03-14 22:45:58.467  5873  5873 I ViewInteraction: Checking 'MatchesViewAssertion(Detox){viewMatcher=(view has effective visibility <VISIBLE> and view.getGlobalVisibleRect() covers at least <75> percent of the view's area)}' assertion on view (view.getTag() is "dashboard-add-expense-button" and view has effective visibility <VISIBLE>)
03-14 22:45:58.499  5873  5873 I ViewInteraction: Checking 'MatchesViewAssertion(Detox){viewMatcher=(view has effective visibility <VISIBLE> and view.getGlobalVisibleRect() covers at least <75> percent of the view's area)}' assertion on view (view.getTag() is "dashboard-add-expense-button" and view has effective visibility <VISIBLE>)
03-14 22:45:58.529  5873  5873 I ViewInteraction: Checking 'MatchesViewAssertion(Detox){viewMatcher=(view has effective visibility <VISIBLE> and view.getGlobalVisibleRect() covers at least <75> percent of the view's area)}' assertion on view (view.getTag() is "dashboard-add-expense-button" and view has effective visibility <VISIBLE>)
03-14 22:45:58.564  5873  5873 I ViewInteraction: Checking 'MatchesViewAssertion(Detox){viewMatcher=(view has effective visibility <VISIBLE> and view.getGlobalVisibleRect() covers at least <75> percent of the view's area)}' assertion on view (view.getTag() is "dashboard-add-expense-button" and view has effective visibility <VISIBLE>)
03-14 22:45:58.606  5873  5873 I ViewInteraction: Checking 'MatchesViewAssertion(Detox){viewMatcher=(view has effective visibility <VISIBLE> and view.getGlobalVisibleRect() covers at least <75> percent of the view's area)}' assertion on view (view.getTag() is "dashboard-add-expense-button" and view has effective visibility <VISIBLE>)
03-14 22:45:58.637  5873  5873 I ViewInteraction: Checking 'MatchesViewAssertion(Detox){viewMatcher=(view has effective visibility <VISIBLE> and view.getGlobalVisibleRect() covers at least <75> percent of the view's area)}' assertion on view (view.getTag() is "dashboard-add-expense-button" and view has effective visibility <VISIBLE>)
03-14 22:45:58.674  5873  5873 I ViewInteraction: Checking 'MatchesViewAssertion(Detox){viewMatcher=(view has effective visibility <VISIBLE> and view.getGlobalVisibleRect() covers at least <75> percent of the view's area)}' assertion on view (view.getTag() is "dashboard-add-expense-button" and view has effective visibility <VISIBLE>)
03-14 22:45:58.703  5873  5873 I ViewInteraction: Checking 'MatchesViewAssertion(Detox){viewMatcher=(view has effective visibility <VISIBLE> and view.getGlobalVisibleRect() covers at least <75> percent of the view's area)}' assertion on view (view.getTag() is "dashboard-add-expense-button" and view has effective visibility <VISIBLE>)
03-14 22:45:58.733  5873  5873 I ViewInteraction: Checking 'MatchesViewAssertion(Detox){viewMatcher=(view has effective visibility <VISIBLE> and view.getGlobalVisibleRect() covers at least <75> percent of the view's area)}' assertion on view (view.getTag() is "dashboard-add-expense-button" and view has effective visibility <VISIBLE>)
03-14 22:45:58.761  5873  5873 I ViewInteraction: Checking 'MatchesViewAssertion(Detox){viewMatcher=(view has effective visibility <VISIBLE> and view.getGlobalVisibleRect() covers at least <75> percent of the view's area)}' assertion on view (view.getTag() is "dashboard-add-expense-button" and view has effective visibility <VISIBLE>)
03-14 22:45:58.792  5873  5873 I ViewInteraction: Checking 'MatchesViewAssertion(Detox){viewMatcher=(view has effective visibility <VISIBLE> and view.getGlobalVisibleRect() covers at least <75> percent of the view's area)}' assertion on view (view.getTag() is "dashboard-add-expense-button" and view has effective visibility <VISIBLE>)
03-14 22:45:58.822  5873  5873 I ViewInteraction: Checking 'MatchesViewAssertion(Detox){viewMatcher=(view has effective visibility <VISIBLE> and view.getGlobalVisibleRect() covers at least <75> percent of the view's area)}' assertion on view (view.getTag() is "dashboard-add-expense-button" and view has effective visibility <VISIBLE>)
03-14 22:45:58.839  5873  5967 D Detox.RNMarker: RUN_JS_BUNDLE_END (index.android.bundle)
03-14 22:45:58.841  5873  5967 I ReactNativeJS: Running "main"
03-14 22:45:58.847  5873  5967 D Detox.RNMarker: REACT_BRIDGELESS_LOADING_END (null)
03-14 22:45:58.849  5873  5873 I ViewInteraction: Checking 'MatchesViewAssertion(Detox){viewMatcher=(view has effective visibility <VISIBLE> and view.getGlobalVisibleRect() covers at least <75> percent of the view's area)}' assertion on view (view.getTag() is "dashboard-add-expense-button" and view has effective visibility <VISIBLE>)
03-14 22:45:58.857  5873  5873 I ReactNative: [GESTURE HANDLER] Initialize gesture handler for root view com.facebook.react.runtime.ReactSurfaceView{fea8024 V.E...... ......ID 0,0-1080,2400 #1}
03-14 22:45:58.859  5873  5873 D Detox.RNMarker: CONTENT_APPEARED (main)
03-14 22:45:58.863  5873  5967 D nativeloader: Load /data/app/~~9rWWwtrYnZOxTSYf9qhrwg==/com.mcfuzzysquirrel.studentfinance-uRqTEwpxQYKTGXQx112snA==/base.apk!/lib/x86_64/libgesturehandler.so using ns clns-7 from class loader (caller=/data/app/~~9rWWwtrYnZOxTSYf9qhrwg==/com.mcfuzzysquirrel.studentfinance-uRqTEwpxQYKTGXQx112snA==/base.apk): ok
03-14 22:45:58.863  5873  5967 D jni_lib_merge: Entering merged library JNI_OnLoad.
03-14 22:45:58.863  5873  5967 D jni_lib_merge: Preparing 12 pre-merged libs (including stub)
03-14 22:45:58.863  5873  5967 D jni_lib_merge: Preparing to register libfabricjni_so.  onload_func: 0x727ce59ed730
03-14 22:45:58.863  5873  5967 D jni_lib_merge: Preparing to register libreact_devsupportjni_so.  onload_func: 0x727ce5bea190
03-14 22:45:58.863  5873  5967 D jni_lib_merge: Preparing to register libreact_featureflagsjni_so.  onload_func: 0x727ce5bfb910
03-14 22:45:58.863  5873  5967 D jni_lib_merge: Preparing to register libreact_newarchdefaults_so.  onload_func: 0x727ce5c9cd20
03-14 22:45:58.863  5873  5967 D jni_lib_merge: Preparing to register libreactnativeblob_so.  onload_func: 0x727ce5ea72e0
03-14 22:45:58.863  5873  5967 D jni_lib_merge: Preparing to register libreactnativejni_so.  onload_func: 0x727ce5ee7770
03-14 22:45:58.863  5873  5967 D jni_lib_merge: Preparing to register libreactnativejni_common_so.  onload_func: 0x727ce5ef75d0
03-14 22:45:58.863  5873  5967 D jni_lib_merge: Preparing to register librninstance_so.  onload_func: 0x727ce5f344c0
03-14 22:45:58.863  5873  5967 D jni_lib_merge: Preparing to register libturbomodulejsijni_so.  onload_func: 0x727ce6095c00
03-14 22:45:58.863  5873  5967 D jni_lib_merge: Preparing to register libuimanagerjni_so.  onload_func: 0x727ce60adde0
03-14 22:45:58.863  5873  5967 D jni_lib_merge: Preparing to register libyoga_so.  onload_func: 0x727ce60bcd70
03-14 22:45:58.863  5873  5967 D jni_lib_merge: About to register 11 actual methods.
03-14 22:45:59.076  5873  5967 D nativeloader: Load /data/app/~~9rWWwtrYnZOxTSYf9qhrwg==/com.mcfuzzysquirrel.studentfinance-uRqTEwpxQYKTGXQx112snA==/base.apk!/lib/x86_64/libexpo-sqlite.so using ns clns-7 from class loader (caller=/data/app/~~9rWWwtrYnZOxTSYf9qhrwg==/com.mcfuzzysquirrel.studentfinance-uRqTEwpxQYKTGXQx112snA==/base.apk!classes20.dex): ok
03-14 22:45:59.078  5873  5873 I ViewInteraction: Checking 'MatchesViewAssertion(Detox){viewMatcher=(view has effective visibility <VISIBLE> and view.getGlobalVisibleRect() covers at least <75> percent of the view's area)}' assertion on view (view.getTag() is "dashboard-add-expense-button" and view has effective visibility <VISIBLE>)
03-14 22:45:59.099  5873  5961 D TrafficStats: tagSocket(139) with statsTag=0xffffffff, statsUid=-1
03-14 22:45:59.111  5873  5873 I ViewInteraction: Checking 'MatchesViewAssertion(Detox){viewMatcher=(view has effective visibility <VISIBLE> and view.getGlobalVisibleRect() covers at least <75> percent of the view's area)}' assertion on view (view.getTag() is "dashboard-add-expense-button" and view has effective visibility <VISIBLE>)
03-14 22:45:59.161  5873  5873 I ViewInteraction: Checking 'MatchesViewAssertion(Detox){viewMatcher=(view has effective visibility <VISIBLE> and view.getGlobalVisibleRect() covers at least <75> percent of the view's area)}' assertion on view (view.getTag() is "dashboard-add-expense-button" and view has effective visibility <VISIBLE>)
03-14 22:45:59.196  5873  5873 I ViewInteraction: Checking 'MatchesViewAssertion(Detox){viewMatcher=(view has effective visibility <VISIBLE> and view.getGlobalVisibleRect() covers at least <75> percent of the view's area)}' assertion on view (view.getTag() is "dashboard-add-expense-button" and view has effective visibility <VISIBLE>)
03-14 22:45:59.242  5873  5969 D TrafficStats: tagSocket(143) with statsTag=0xffffffff, statsUid=-1
03-14 22:45:59.255  5873  5873 I ViewInteraction: Checking 'MatchesViewAssertion(Detox){viewMatcher=(view has effective visibility <VISIBLE> and view.getGlobalVisibleRect() covers at least <75> percent of the view's area)}' assertion on view (view.getTag() is "dashboard-add-expense-button" and view has effective visibility <VISIBLE>)
03-14 22:45:59.285  5873  5873 I ViewInteraction: Checking 'MatchesViewAssertion(Detox){viewMatcher=(view has effective visibility <VISIBLE> and view.getGlobalVisibleRect() covers at least <75> percent of the view's area)}' assertion on view (view.getTag() is "dashboard-add-expense-button" and view has effective visibility <VISIBLE>)
03-14 22:45:59.317  5873  5873 I ViewInteraction: Checking 'MatchesViewAssertion(Detox){viewMatcher=(view has effective visibility <VISIBLE> and view.getGlobalVisibleRect() covers at least <75> percent of the view's area)}' assertion on view (view.getTag() is "dashboard-add-expense-button" and view has effective visibility <VISIBLE>)
03-14 22:45:59.348  5873  5873 I ViewInteraction: Checking 'MatchesViewAssertion(Detox){viewMatcher=(view has effective visibility <VISIBLE> and view.getGlobalVisibleRect() covers at least <75> percent of the view's area)}' assertion on view (view.getTag() is "dashboard-add-expense-button" and view has effective visibility <VISIBLE>)
03-14 22:45:59.391  5873  5873 I ViewInteraction: Checking 'MatchesViewAssertion(Detox){viewMatcher=(view has effective visibility <VISIBLE> and view.getGlobalVisibleRect() covers at least <75> percent of the view's area)}' assertion on view (view.getTag() is "dashboard-add-expense-button" and view has effective visibility <VISIBLE>)
03-14 22:45:59.432  5873  5873 I ViewInteraction: Checking 'MatchesViewAssertion(Detox){viewMatcher=(view has effective visibility <VISIBLE> and view.getGlobalVisibleRect() covers at least <75> percent of the view's area)}' assertion on view (view.getTag() is "dashboard-add-expense-button" and view has effective visibility <VISIBLE>)
03-14 22:45:59.471  5873  5873 W .studentfinance: Accessing hidden field Landroid/widget/ScrollView;->mScroller:Landroid/widget/OverScroller; (unsupported, reflection, allowed)
03-14 22:45:59.488  5873  5873 I ViewInteraction: Checking 'MatchesViewAssertion(Detox){viewMatcher=(view has effective visibility <VISIBLE> and view.getGlobalVisibleRect() covers at least <75> percent of the view's area)}' assertion on view (view.getTag() is "dashboard-add-expense-button" and view has effective visibility <VISIBLE>)
03-14 22:45:59.544  5873  5873 I ViewInteraction: Checking 'MatchesViewAssertion(Detox){viewMatcher=(view has effective visibility <VISIBLE> and view.getGlobalVisibleRect() covers at least <75> percent of the view's area)}' assertion on view (view.getTag() is "dashboard-add-expense-button" and view has effective visibility <VISIBLE>)
03-14 22:45:59.655  5873  5873 W [RNScreens]: backTitleFontFamily prop is not available on Android
03-14 22:45:59.655  5873  5873 W [RNScreens]: disableBackButtonMenu prop is not available on Android
03-14 22:45:59.655  5873  5873 W [RNScreens]: backTitleVisible prop is not available on Android
03-14 22:45:59.655  5873  5873 W [RNScreens]: topInsetEnabled prop is not available on Android
03-14 22:45:59.655  5873  5873 W [RNScreens]: largeTitleHideShadow prop is not available on Android
03-14 22:45:59.655  5873  5873 W [RNScreens]: largeTitleFontWeight prop is not available on Android
03-14 22:45:59.655  5873  5873 W [RNScreens]: userInterfaceStyle prop is not available on Android
03-14 22:45:59.655  5873  5873 W [RNScreens]: largeTitleFontFamily prop is not available on Android
03-14 22:46:00.056  5873  5881 I .studentfinance: Background concurrent mark compact GC freed 35MB AllocSpace bytes, 34(1876KB) LOS objects, 49% free, 10MB/21MB, paused 517us,12.707ms total 346.299ms
03-14 22:46:00.281  5873  5946 D EGL_emulation: app_time_stats: avg=1159.28ms min=99.73ms max=3223.27ms count=4
03-14 22:46:00.321  5873  5888 I HWUI    : Davey! duration=751ms; Flags=0, FrameTimelineVsyncId=58961, IntendedVsync=771189986026, Vsync=771189986026, InputEventId=0, HandleInputStart=771205669630, AnimationStart=771205670752, PerformTraversalsStart=771415302297, DrawStart=771418173673, FrameDeadline=771206652692, FrameInterval=771205660868, FrameStartTime=16666666, SyncQueued=771449581689, SyncStart=771449639560, IssueDrawCommandsStart=771449857568, SwapBuffers=771877415172, FrameCompleted=771941214341, DequeueBufferDuration=4171, QueueBufferDuration=164966, GpuCompleted=771941096797, SwapBuffersCompleted=771941214341, DisplayPresentTime=35192962064562, CommandSubmissionCompleted=771877415172, 
03-14 22:46:00.473  5873  5873 I ViewInteraction: Checking 'MatchesViewAssertion(Detox){viewMatcher=(view has effective visibility <VISIBLE> and view.getGlobalVisibleRect() covers at least <75> percent of the view's area)}' assertion on view (view.getTag() is "dashboard-add-expense-button" and view has effective visibility <VISIBLE>)
03-14 22:46:00.475  5873  5936 I DetoxWSClient: Sending out action 'invokeResult' (ID #1)
03-14 22:46:00.476  5873  5936 I DetoxDispatcher: Done with action 'invoke'
03-14 22:46:00.495  5873  5940 D DetoxWSClient: Received action 'invoke' (ID #2, params={"target":{"type":"Class","value":"com.wix.detox.espresso.DetoxAssertion"},"method":"assertMatcher","args":[{"type":"Invocation","value":{"target":{"type":"Class","value":"androidx.test.espre