--------- beginning of main
03-14 23:01:58.170 15307 15307 W ziparchive: Unable to open '/data/app/~~wRzbvG75nM6MLt9mhOT8kw==/com.mcfuzzysquirrel.studentfinance-JYvgJb_EqJGe5B4qYL6Sfg==/base.dm': No such file or directory
03-14 23:01:58.170 15307 15307 W ziparchive: Unable to open '/data/app/~~wRzbvG75nM6MLt9mhOT8kw==/com.mcfuzzysquirrel.studentfinance-JYvgJb_EqJGe5B4qYL6Sfg==/base.dm': No such file or directory
03-14 23:01:58.726 15307 15307 D nativeloader: Configuring clns-7 for other apk /system/framework/android.test.runner.jar:/system/framework/android.test.mock.jar:/system/framework/android.test.base.jar:/data/app/~~jlDdMa7YJ2KCcmdo4JHU-Q==/com.mcfuzzysquirrel.studentfinance.test-YiBpcuh5N-ewevoNfoonZg==/base.apk:/data/app/~~wRzbvG75nM6MLt9mhOT8kw==/com.mcfuzzysquirrel.studentfinance-JYvgJb_EqJGe5B4qYL6Sfg==/base.apk. target_sdk_version=36, uses_libraries=, library_path=/data/app/~~jlDdMa7YJ2KCcmdo4JHU-Q==/com.mcfuzzysquirrel.studentfinance.test-YiBpcuh5N-ewevoNfoonZg==/lib/x86_64:/data/app/~~wRzbvG75nM6MLt9mhOT8kw==/com.mcfuzzysquirrel.studentfinance-JYvgJb_EqJGe5B4qYL6Sfg==/lib/x86_64:/data/app/~~jlDdMa7YJ2KCcmdo4JHU-Q==/com.mcfuzzysquirrel.studentfinance.test-YiBpcuh5N-ewevoNfoonZg==/base.apk!/lib/x86_64:/data/app/~~wRzbvG75nM6MLt9mhOT8kw==/com.mcfuzzysquirrel.studentfinance-JYvgJb_EqJGe5B4qYL6Sfg==/base.apk!/lib/x86_64, permitted_path=/data:/mnt/expand:/data/user/0/com.mcfuzzysquirrel.studentfinance
03-14 23:01:58.761 15307 15307 V GraphicsEnvironment: Currently set values for:
03-14 23:01:58.762 15307 15307 V GraphicsEnvironment:   angle_gl_driver_selection_pkgs=[]
03-14 23:01:58.762 15307 15307 V GraphicsEnvironment:   angle_gl_driver_selection_values=[]
03-14 23:01:58.762 15307 15307 V GraphicsEnvironment: Global.Settings values are invalid: number of packages: 0, number of values: 0
03-14 23:01:58.762 15307 15307 V GraphicsEnvironment: Neither updatable production driver nor prerelease driver is supported.
03-14 23:01:58.866 15307 15307 D ApplicationLoaders: Returning zygote-cached class loader: /system/framework/android.test.base.jar
03-14 23:01:58.871 15307 15307 D nativeloader: Configuring clns-8 for other apk /system/framework/android.test.mock.jar. target_sdk_version=36, uses_libraries=ALL, library_path=/data/app/~~jlDdMa7YJ2KCcmdo4JHU-Q==/com.mcfuzzysquirrel.studentfinance.test-YiBpcuh5N-ewevoNfoonZg==/lib/x86_64:/data/app/~~wRzbvG75nM6MLt9mhOT8kw==/com.mcfuzzysquirrel.studentfinance-JYvgJb_EqJGe5B4qYL6Sfg==/lib/x86_64, permitted_path=/data:/mnt/expand
03-14 23:01:58.874 15307 15307 D ApplicationLoaders: Returning zygote-cached class loader: /system/framework/android.test.base.jar
03-14 23:01:58.882 15307 15307 D nativeloader: Configuring clns-9 for other apk /system/framework/android.test.runner.jar. target_sdk_version=36, uses_libraries=ALL, library_path=/data/app/~~jlDdMa7YJ2KCcmdo4JHU-Q==/com.mcfuzzysquirrel.studentfinance.test-YiBpcuh5N-ewevoNfoonZg==/lib/x86_64:/data/app/~~wRzbvG75nM6MLt9mhOT8kw==/com.mcfuzzysquirrel.studentfinance-JYvgJb_EqJGe5B4qYL6Sfg==/lib/x86_64, permitted_path=/data:/mnt/expand
03-14 23:01:58.886 15307 15307 W .studentfinance: ClassLoaderContext shared library size mismatch. Expected=2, found=3 (PCL[]{PCL[/system/framework/android.test.base.jar*724373495]#PCL[/system/framework/android.test.mock.jar*1452759902]} | PCL[]{PCL[/system/framework/android.test.base.jar*724373495]#PCL[/system/framework/android.test.mock.jar*1452759902]#PCL[/system/framework/android.test.runner.jar*2496447986]{PCL[/system/framework/android.test.base.jar*724373495]#PCL[/system/framework/android.test.mock.jar*1452759902]}};PCL[/system/framework/android.test.runner.jar*2496447986:/system/framework/android.test.mock.jar*1452759902:/system/framework/android.test.base.jar*724373495:/data/app/~~jlDdMa7YJ2KCcmdo4JHU-Q==/com.mcfuzzysquirrel.studentfinance.test-YiBpcuh5N-ewevoNfoonZg==/base.apk*3224200876:/data/app/~~wRzbvG75nM6MLt9mhOT8kw==/com.mcfuzzysquirrel.studentfinance-JYvgJb_EqJGe5B4qYL6Sfg==/base.apk*2060289533])
03-14 23:01:58.890 15307 15307 W .studentfinance: ClassLoaderContext classpath size mismatch. expected=0, found=1 (PCL[] | PCL[/system/framework/android.test.runner.jar*2496447986]{PCL[/system/framework/android.test.base.jar*724373495]#PCL[/system/framework/android.test.mock.jar*1452759902]#PCL[/system/framework/android.test.runner.jar*2496447986]{PCL[/system/framework/android.test.base.jar*724373495]#PCL[/system/framework/android.test.mock.jar*1452759902]}};PCL[/system/framework/android.test.runner.jar*2496447986:/system/framework/android.test.mock.jar*1452759902:/system/framework/android.test.base.jar*724373495:/data/app/~~jlDdMa7YJ2KCcmdo4JHU-Q==/com.mcfuzzysquirrel.studentfinance.test-YiBpcuh5N-ewevoNfoonZg==/base.apk*3224200876:/data/app/~~wRzbvG75nM6MLt9mhOT8kw==/com.mcfuzzysquirrel.studentfinance-JYvgJb_EqJGe5B4qYL6Sfg==/base.apk*2060289533])
03-14 23:01:58.896 15307 15307 W .studentfinance: ClassLoaderContext classpath size mismatch. expected=0, found=2 (PCL[] | PCL[/system/framework/android.test.runner.jar*2496447986:/system/framework/android.test.mock.jar*1452759902]{PCL[/system/framework/android.test.base.jar*724373495]#PCL[/system/framework/android.test.mock.jar*1452759902]#PCL[/system/framework/android.test.runner.jar*2496447986]{PCL[/system/framework/android.test.base.jar*724373495]#PCL[/system/framework/android.test.mock.jar*1452759902]}};PCL[/system/framework/android.test.runner.jar*2496447986:/system/framework/android.test.mock.jar*1452759902:/system/framework/android.test.base.jar*724373495:/data/app/~~jlDdMa7YJ2KCcmdo4JHU-Q==/com.mcfuzzysquirrel.studentfinance.test-YiBpcuh5N-ewevoNfoonZg==/base.apk*3224200876:/data/app/~~wRzbvG75nM6MLt9mhOT8kw==/com.mcfuzzysquirrel.studentfinance-JYvgJb_EqJGe5B4qYL6Sfg==/base.apk*2060289533])
03-14 23:01:58.897 15307 15307 W ziparchive: Unable to open '/data/app/~~jlDdMa7YJ2KCcmdo4JHU-Q==/com.mcfuzzysquirrel.studentfinance.test-YiBpcuh5N-ewevoNfoonZg==/base.dm': No such file or directory
03-14 23:01:58.897 15307 15307 W ziparchive: Unable to open '/data/app/~~jlDdMa7YJ2KCcmdo4JHU-Q==/com.mcfuzzysquirrel.studentfinance.test-YiBpcuh5N-ewevoNfoonZg==/base.dm': No such file or directory
03-14 23:01:58.985 15307 15307 W ziparchive: Unable to open '/data/app/~~wRzbvG75nM6MLt9mhOT8kw==/com.mcfuzzysquirrel.studentfinance-JYvgJb_EqJGe5B4qYL6Sfg==/base.dm': No such file or directory
03-14 23:01:58.985 15307 15307 W ziparchive: Unable to open '/data/app/~~wRzbvG75nM6MLt9mhOT8kw==/com.mcfuzzysquirrel.studentfinance-JYvgJb_EqJGe5B4qYL6Sfg==/base.dm': No such file or directory
03-14 23:01:59.345 15307 15307 I AndroidJUnitRunner: newApplication com.mcfuzzysquirrel.studentfinance.MainApplication
03-14 23:01:59.372 15307 15307 I AndroidJUnitRunner: onCreate Bundle[mParcelledData.dataSize=312]
03-14 23:01:59.373 15307 15307 D AndroidJUnitRunner: Use the raw file system for managing file I/O.
03-14 23:01:59.423 15307 15307 V TestEventClient: No service name argument was given (testDiscoveryService, testRunEventService or orchestratorService)
03-14 23:01:59.423 15307 15356 D AndroidJUnitRunner: onStart is called.
03-14 23:01:59.427 15307 15307 W SoLoader: Initializing SoLoader: 0
03-14 23:01:59.428 15307 15307 W SoLoader: Recording new base apk path: /data/app/~~wRzbvG75nM6MLt9mhOT8kw==/com.mcfuzzysquirrel.studentfinance-JYvgJb_EqJGe5B4qYL6Sfg==/base.apk
03-14 23:01:59.428 15307 15307 W SoLoader: Previously recorded 0 base apk paths.
03-14 23:01:59.430 15307 15307 I SoLoader: Preparing SO source: DirectorySoSource[root = /vendor/lib64 flags = 2]
03-14 23:01:59.430 15307 15307 I SoLoader: Preparing SO source: DirectorySoSource[root = /system/lib64 flags = 2]
03-14 23:01:59.430 15307 15307 I SoLoader: Preparing SO source: DirectApkSoSource[root = [/data/app/~~wRzbvG75nM6MLt9mhOT8kw==/com.mcfuzzysquirrel.studentfinance-JYvgJb_EqJGe5B4qYL6Sfg==/base.apk!/lib/x86_64]]
03-14 23:01:59.444 15307 15307 I SoLoader: Preparing SO source: ApplicationSoSource[DirectorySoSource[root = /data/app/~~wRzbvG75nM6MLt9mhOT8kw==/com.mcfuzzysquirrel.studentfinance-JYvgJb_EqJGe5B4qYL6Sfg==/lib/x86_64 flags = 0]]
03-14 23:01:59.444 15307 15307 I SoLoader: init finish: 4 SO sources prepared
03-14 23:01:59.444 15307 15307 W SoLoader: SoLoader initialized: 8
03-14 23:01:59.468 15307 15307 D nativeloader: Load /data/app/~~wRzbvG75nM6MLt9mhOT8kw==/com.mcfuzzysquirrel.studentfinance-JYvgJb_EqJGe5B4qYL6Sfg==/base.apk!/lib/x86_64/libc++_shared.so using ns clns-7 from class loader (caller=/data/app/~~wRzbvG75nM6MLt9mhOT8kw==/com.mcfuzzysquirrel.studentfinance-JYvgJb_EqJGe5B4qYL6Sfg==/base.apk): ok
03-14 23:01:59.486 15307 15307 D nativeloader: Load /data/app/~~wRzbvG75nM6MLt9mhOT8kw==/com.mcfuzzysquirrel.studentfinance-JYvgJb_EqJGe5B4qYL6Sfg==/base.apk!/lib/x86_64/libjsi.so using ns clns-7 from class loader (caller=/data/app/~~wRzbvG75nM6MLt9mhOT8kw==/com.mcfuzzysquirrel.studentfinance-JYvgJb_EqJGe5B4qYL6Sfg==/base.apk): ok
03-14 23:01:59.497 15307 15307 D nativeloader: Load /data/app/~~wRzbvG75nM6MLt9mhOT8kw==/com.mcfuzzysquirrel.studentfinance-JYvgJb_EqJGe5B4qYL6Sfg==/base.apk!/lib/x86_64/libfbjni.so using ns clns-7 from class loader (caller=/data/app/~~wRzbvG75nM6MLt9mhOT8kw==/com.mcfuzzysquirrel.studentfinance-JYvgJb_EqJGe5B4qYL6Sfg==/base.apk): ok
03-14 23:01:59.513 15307 15307 D nativeloader: Load /data/app/~~wRzbvG75nM6MLt9mhOT8kw==/com.mcfuzzysquirrel.studentfinance-JYvgJb_EqJGe5B4qYL6Sfg==/base.apk!/lib/x86_64/libreactnative.so using ns clns-7 from class loader (caller=/data/app/~~wRzbvG75nM6MLt9mhOT8kw==/com.mcfuzzysquirrel.studentfinance-JYvgJb_EqJGe5B4qYL6Sfg==/base.apk): ok
03-14 23:01:59.513 15307 15307 D jni_lib_merge: Entering merged library JNI_OnLoad.
03-14 23:01:59.513 15307 15307 D jni_lib_merge: Preparing 12 pre-merged libs (including stub)
03-14 23:01:59.513 15307 15307 D jni_lib_merge: Preparing to register libfabricjni_so.  onload_func: 0x727ce6897730
03-14 23:01:59.513 15307 15307 D jni_lib_merge: Preparing to register libreact_devsupportjni_so.  onload_func: 0x727ce6a94190
03-14 23:01:59.513 15307 15307 D jni_lib_merge: Preparing to register libreact_featureflagsjni_so.  onload_func: 0x727ce6aa5910
03-14 23:01:59.513 15307 15307 D jni_lib_merge: Preparing to register libreact_newarchdefaults_so.  onload_func: 0x727ce6b46d20
03-14 23:01:59.513 15307 15307 D jni_lib_merge: Preparing to register libreactnativeblob_so.  onload_func: 0x727ce6d512e0
03-14 23:01:59.513 15307 15307 D jni_lib_merge: Preparing to register libreactnativejni_so.  onload_func: 0x727ce6d91770
03-14 23:01:59.513 15307 15307 D jni_lib_merge: Preparing to register libreactnativejni_common_so.  onload_func: 0x727ce6da15d0
03-14 23:01:59.513 15307 15307 D jni_lib_merge: Preparing to register librninstance_so.  onload_func: 0x727ce6dde4c0
03-14 23:01:59.513 15307 15307 D jni_lib_merge: Preparing to register libturbomodulejsijni_so.  onload_func: 0x727ce6f3fc00
03-14 23:01:59.513 15307 15307 D jni_lib_merge: Preparing to register libuimanagerjni_so.  onload_func: 0x727ce6f57de0
03-14 23:01:59.513 15307 15307 D jni_lib_merge: Preparing to register libyoga_so.  onload_func: 0x727ce6f66d70
03-14 23:01:59.513 15307 15307 D jni_lib_merge: About to register 11 actual methods.
03-14 23:01:59.540 15307 15307 D nativeloader: Load /data/app/~~wRzbvG75nM6MLt9mhOT8kw==/com.mcfuzzysquirrel.studentfinance-JYvgJb_EqJGe5B4qYL6Sfg==/base.apk!/lib/x86_64/libreact_codegen_rnscreens.so using ns clns-7 from class loader (caller=/data/app/~~wRzbvG75nM6MLt9mhOT8kw==/com.mcfuzzysquirrel.studentfinance-JYvgJb_EqJGe5B4qYL6Sfg==/base.apk): ok
03-14 23:01:59.541 15307 15307 D jni_lib_merge: Entering merged library JNI_OnLoad.
03-14 23:01:59.541 15307 15307 D jni_lib_merge: Preparing 12 pre-merged libs (including stub)
03-14 23:01:59.541 15307 15307 D jni_lib_merge: Preparing to register libfabricjni_so.  onload_func: 0x727ce6897730
03-14 23:01:59.541 15307 15307 D jni_lib_merge: Preparing to register libreact_devsupportjni_so.  onload_func: 0x727ce6a94190
03-14 23:01:59.541 15307 15307 D jni_lib_merge: Preparing to register libreact_featureflagsjni_so.  onload_func: 0x727ce6aa5910
03-14 23:01:59.541 15307 15307 D jni_lib_merge: Preparing to register libreact_newarchdefaults_so.  onload_func: 0x727ce6b46d20
03-14 23:01:59.541 15307 15307 D jni_lib_merge: Preparing to register libreactnativeblob_so.  onload_func: 0x727ce6d512e0
03-14 23:01:59.541 15307 15307 D jni_lib_merge: Preparing to register libreactnativejni_so.  onload_func: 0x727ce6d91770
03-14 23:01:59.541 15307 15307 D jni_lib_merge: Preparing to register libreactnativejni_common_so.  onload_func: 0x727ce6da15d0
03-14 23:01:59.541 15307 15307 D jni_lib_merge: Preparing to register librninstance_so.  onload_func: 0x727ce6dde4c0
03-14 23:01:59.541 15307 15307 D jni_lib_merge: Preparing to register libturbomodulejsijni_so.  onload_func: 0x727ce6f3fc00
03-14 23:01:59.541 15307 15307 D jni_lib_merge: Preparing to register libuimanagerjni_so.  onload_func: 0x727ce6f57de0
03-14 23:01:59.541 15307 15307 D jni_lib_merge: Preparing to register libyoga_so.  onload_func: 0x727ce6f66d70
03-14 23:01:59.541 15307 15307 D jni_lib_merge: About to register 11 actual methods.
03-14 23:01:59.553 15307 15307 D nativeloader: Load /data/app/~~wRzbvG75nM6MLt9mhOT8kw==/com.mcfuzzysquirrel.studentfinance-JYvgJb_EqJGe5B4qYL6Sfg==/base.apk!/lib/x86_64/libreact_codegen_rnsvg.so using ns clns-7 from class loader (caller=/data/app/~~wRzbvG75nM6MLt9mhOT8kw==/com.mcfuzzysquirrel.studentfinance-JYvgJb_EqJGe5B4qYL6Sfg==/base.apk): ok
03-14 23:01:59.553 15307 15307 D jni_lib_merge: Entering merged library JNI_OnLoad.
03-14 23:01:59.553 15307 15307 D jni_lib_merge: Preparing 12 pre-merged libs (including stub)
03-14 23:01:59.553 15307 15307 D jni_lib_merge: Preparing to register libfabricjni_so.  onload_func: 0x727ce6897730
03-14 23:01:59.553 15307 15307 D jni_lib_merge: Preparing to register libreact_devsupportjni_so.  onload_func: 0x727ce6a94190
03-14 23:01:59.553 15307 15307 D jni_lib_merge: Preparing to register libreact_featureflagsjni_so.  onload_func: 0x727ce6aa5910
03-14 23:01:59.553 15307 15307 D jni_lib_merge: Preparing to register libreact_newarchdefaults_so.  onload_func: 0x727ce6b46d20
03-14 23:01:59.553 15307 15307 D jni_lib_merge: Preparing to register libreactnativeblob_so.  onload_func: 0x727ce6d512e0
03-14 23:01:59.553 15307 15307 D jni_lib_merge: Preparing to register libreactnativejni_so.  onload_func: 0x727ce6d91770
03-14 23:01:59.553 15307 15307 D jni_lib_merge: Preparing to register libreactnativejni_common_so.  onload_func: 0x727ce6da15d0
03-14 23:01:59.553 15307 15307 D jni_lib_merge: Preparing to register librninstance_so.  onload_func: 0x727ce6dde4c0
03-14 23:01:59.553 15307 15307 D jni_lib_merge: Preparing to register libturbomodulejsijni_so.  onload_func: 0x727ce6f3fc00
03-14 23:01:59.553 15307 15307 D jni_lib_merge: Preparing to register libuimanagerjni_so.  onload_func: 0x727ce6f57de0
03-14 23:01:59.553 15307 15307 D jni_lib_merge: Preparing to register libyoga_so.  onload_func: 0x727ce6f66d70
03-14 23:01:59.553 15307 15307 D jni_lib_merge: About to register 11 actual methods.
03-14 23:01:59.563 15307 15307 D nativeloader: Load /data/app/~~wRzbvG75nM6MLt9mhOT8kw==/com.mcfuzzysquirrel.studentfinance-JYvgJb_EqJGe5B4qYL6Sfg==/base.apk!/lib/x86_64/libreact_codegen_safeareacontext.so using ns clns-7 from class loader (caller=/data/app/~~wRzbvG75nM6MLt9mhOT8kw==/com.mcfuzzysquirrel.studentfinance-JYvgJb_EqJGe5B4qYL6Sfg==/base.apk): ok
03-14 23:01:59.571 15307 15307 D nativeloader: Load /data/app/~~wRzbvG75nM6MLt9mhOT8kw==/com.mcfuzzysquirrel.studentfinance-JYvgJb_EqJGe5B4qYL6Sfg==/base.apk!/lib/x86_64/libappmodules.so using ns clns-7 from class loader (caller=/data/app/~~wRzbvG75nM6MLt9mhOT8kw==/com.mcfuzzysquirrel.studentfinance-JYvgJb_EqJGe5B4qYL6Sfg==/base.apk): ok
03-14 23:01:59.645 15307 15356 I InstrConnection: Could not send broadcast or register receiver (isolatedProcess?)
03-14 23:01:59.649 15307 15356 D TestRequestBuilder: Using class path scanning to discover tests
03-14 23:01:59.650 15307 15356 I TestRequestBuilder: Scanning classpath to find tests in paths [/data/app/~~jlDdMa7YJ2KCcmdo4JHU-Q==/com.mcfuzzysquirrel.studentfinance.test-YiBpcuh5N-ewevoNfoonZg==/base.apk]
03-14 23:01:59.651 15307 15356 W .studentfinance: Opening an oat file without a class loader. Are you using the deprecated DexFile APIs?
03-14 23:02:00.072 15307 15356 I TestRunner: run started: 1 tests
03-14 23:02:00.073 15307 15356 I TestRunner: started: runDetoxTests(com.mcfuzzysquirrel.studentfinance.DetoxTest)
03-14 23:02:00.096 15307 15356 I Detox   : Detox server connection details: url=ws://localhost:38775, sessionId=081d4e8b-1bbc-5e02-010e-cf73b44d4af1
03-14 23:02:00.138 15307 15356 I Tracing : Tracer added: class androidx.test.platform.tracing.AndroidXTracer
03-14 23:02:00.155 15307 15356 W .studentfinance: Accessing hidden field Ljava/lang/reflect/Field;->accessFlags:I (unsupported, reflection, allowed)
03-14 23:02:00.158 15307 15356 I Detox   : Connecting to server...
03-14 23:02:00.158 15307 15356 I DetoxWSClient: At connectToServer
03-14 23:02:00.254 15307 15365 D TrafficStats: tagSocket(102) with statsTag=0xffffffff, statsUid=-1
03-14 23:02:00.303 15307 15365 D DetoxWSClient: At onOpen
03-14 23:02:00.303 15307 15365 I DetoxWSClient: Sending out action 'login' (ID #0)
03-14 23:02:00.304 15307 15365 I Detox   : Connected to server!
03-14 23:02:00.309 15307 15365 D DetoxWSClient: Received action 'loginSuccess' (ID #0, params={"testerConnected":true,"appConnected":true})
03-14 23:02:00.310 15307 15358 I DetoxDispatcher: Handling action 'loginSuccess' (ID #0)...
03-14 23:02:00.310 15307 15358 I DetoxDispatcher: Done with action 'loginSuccess'
03-14 23:02:00.310 15307 15356 I Detox   : Launching the tested activity!
03-14 23:02:00.359 15307 15365 D DetoxWSClient: Received action 'isReady' (ID #-1000, params={})
03-14 23:02:00.362 15307 15358 I DetoxDispatcher: Handling action 'isReady' (ID #-1000)...
03-14 23:02:00.470 15307 15307 D AppCompatDelegate: Checking for metadata for AppLocalesMetadataHolderService : Service not found
03-14 23:02:00.533 15307 15307 D LifecycleMonitor: Lifecycle status change: com.mcfuzzysquirrel.studentfinance.MainActivity@8cfe925 in: PRE_ON_CREATE
03-14 23:02:00.962 15307 15390 D TrafficStats: tagSocket(109) with statsTag=0xffffffff, statsUid=-1
03-14 23:02:00.980 15307 15390 W unknown:ReconnectingWebSocket: Couldn't connect to "ws://10.0.2.2:8081/message?device=sdk_gphone64_x86_64%20-%2015%20-%20API%2035&app=com.mcfuzzysquirrel.studentfinance&clientid=BridgelessDevSupportManager", will silently retry
03-14 23:02:01.044 15307 15307 W unknown:BridgelessReact: ReactHost{0}.startSurface(surfaceId = 0): Schedule
03-14 23:02:01.044 15307 15307 W unknown:BridgelessReact: ReactHost{0}.attachSurface(surfaceId = 0)
03-14 23:02:01.045 15307 15394 W unknown:BridgelessReact: ReactHost{0}.getOrCreateReactInstanceTask()
03-14 23:02:01.045 15307 15394 W unknown:BridgelessReact: ReactHost{0}.getOrCreateReactInstanceTask(): Start
03-14 23:02:01.045 15307 15394 D Detox.RNMarker: REACT_BRIDGELESS_LOADING_START (null)
03-14 23:02:01.045 15307 15394 W unknown:BridgelessReact: ReactHost{0}.getJSBundleLoader()
03-14 23:02:01.046 15307 15394 W unknown:BridgelessReact: ReactHost{0}.isMetroRunning()
03-14 23:02:01.048 15307 15395 D TrafficStats: tagSocket(109) with statsTag=0xffffffff, statsUid=-1
03-14 23:02:01.063 15307 15395 W unknown:ReactNative: The packager does not seem to be running as we got an IOException requesting its status: Failed to connect to /10.0.2.2:8081
03-14 23:02:01.063 15307 15395 W unknown:BridgelessReact: ReactHost{0}.isMetroRunning(): Async result = false
03-14 23:02:01.065 15307 15394 W unknown:BridgelessReact: ReactHost{0}.getOrCreateReactInstanceTask(): Creating BridgelessReactContext
03-14 23:02:01.067 15307 15307 W .studentfinance: Accessing hidden method Landroid/view/ViewGroup;->makeOptionalFitsSystemWindows()V (unsupported, reflection, allowed)
03-14 23:02:01.067 15307 15394 W unknown:BridgelessReact: ReactHost{0}.getOrCreateReactInstanceTask(): Creating ReactInstance
03-14 23:02:01.071 15307 15307 D LifecycleMonitor: Lifecycle status change: com.mcfuzzysquirrel.studentfinance.MainActivity@8cfe925 in: CREATED
03-14 23:02:01.073 15307 15307 D LifecycleMonitor: Lifecycle status change: com.mcfuzzysquirrel.studentfinance.MainActivity@8cfe925 in: STARTED
03-14 23:02:01.075 15307 15307 W unknown:BridgelessReact: ReactHost{0}.onHostResume(activity)
03-14 23:02:01.076 15307 15307 W unknown:ReactNative: Packager connection already open, nooping.
03-14 23:02:01.076 15307 15307 W unknown:BridgelessReact: ReactHost{0}.ReactContext.onHostResume()
03-14 23:02:01.076 15307 15307 D LifecycleMonitor: Lifecycle status change: com.mcfuzzysquirrel.studentfinance.MainActivity@8cfe925 in: RESUMED
03-14 23:02:01.084 15307 15307 W HWUI    : Unknown dataspace 0
03-14 23:02:01.126 15307 15404 D TrafficStats: tagSocket(118) with statsTag=0xffffffff, statsUid=-1
03-14 23:02:01.161 15307 15375 I EGL_emulation: Opening libGLESv1_CM_emulation.so
03-14 23:02:01.161 15307 15375 I EGL_emulation: Opening libGLESv2_emulation.so
03-14 23:02:01.211 15307 15394 D nativeloader: Load /data/app/~~wRzbvG75nM6MLt9mhOT8kw==/com.mcfuzzysquirrel.studentfinance-JYvgJb_EqJGe5B4qYL6Sfg==/base.apk!/lib/x86_64/libhermesvm.so using ns clns-7 from class loader (caller=/data/app/~~wRzbvG75nM6MLt9mhOT8kw==/com.mcfuzzysquirrel.studentfinance-JYvgJb_EqJGe5B4qYL6Sfg==/base.apk): ok
03-14 23:02:01.213 15307 15394 D nativeloader: Load /data/app/~~wRzbvG75nM6MLt9mhOT8kw==/com.mcfuzzysquirrel.studentfinance-JYvgJb_EqJGe5B4qYL6Sfg==/base.apk!/lib/x86_64/libhermestooling.so using ns clns-7 from class loader (caller=/data/app/~~wRzbvG75nM6MLt9mhOT8kw==/com.mcfuzzysquirrel.studentfinance-JYvgJb_EqJGe5B4qYL6Sfg==/base.apk): ok
03-14 23:02:01.213 15307 15394 D jni_lib_merge: Entering merged library JNI_OnLoad.
03-14 23:02:01.213 15307 15394 D jni_lib_merge: Preparing 4 pre-merged libs (including stub)
03-14 23:02:01.213 15307 15394 D jni_lib_merge: Preparing to register libhermes_executor_so.  onload_func: 0x727cd9530050
03-14 23:02:01.213 15307 15394 D jni_lib_merge: Preparing to register libhermesinstancejni_so.  onload_func: 0x727cd9566680
03-14 23:02:01.213 15307 15394 D jni_lib_merge: Preparing to register libjsijniprofiler_so.  onload_func: 0x727cd95683f0
03-14 23:02:01.213 15307 15394 D jni_lib_merge: About to register 3 actual methods.
03-14 23:02:01.226 15307 15375 W HWUI    : Failed to initialize 101010-2 format, error = EGL_SUCCESS
03-14 23:02:01.244 15307 15375 I Gralloc4: mapper 4.x is not supported
03-14 23:02:01.698 15307 15394 I ExpoModulesCore: ✅ AppContext was initialized
03-14 23:02:01.821 15307 15394 W unknown:BridgelessReact: ReactHost{0}.getOrCreateReactInstanceTask(): Loading JS Bundle
03-14 23:02:01.822 15307 15399 D Detox.RNMarker: RUN_JS_BUNDLE_START (index.android.bundle)
03-14 23:02:01.838 15307 15394 W unknown:BridgelessReact: ReactHost{0}.getOrCreateReactInstanceTask(): DevSupportManager.onNewReactContextCreated()
03-14 23:02:01.846 15307 15307 W unknown:ReactNative: Packager connection already open, nooping.
03-14 23:02:01.847 15307 15307 W unknown:BridgelessReact: ReactHost{0}.ReactContext.onHostResume()
03-14 23:02:01.848 15307 15307 W unknown:BridgelessReact: ReactHost{0}.getOrCreateReactInstanceTask(): Executing ReactInstanceEventListeners
03-14 23:02:01.848 15307 15307 I DetoxRNLoading: Got new RN-context through listener
03-14 23:02:01.848 15307 15358 W .studentfinance: Long monitor contention with owner Instr: androidx.test.runner.AndroidJUnitRunner (15356) at void com.wix.detox.DetoxMain.launchActivityOnCue(android.content.Context, com.wix.detox.ActivityLaunchHelper)(DetoxMain.kt:53) waiters=0 in void com.wix.detox.DetoxMain$setupActionHandlers$SynchronizedActionHandler.handle(java.lang.String, long) for 1.476s
03-14 23:02:01.850 15307 15307 W .studentfinance: Accessing hidden method Landroid/os/MessageQueue;->next()Landroid/os/Message; (unsupported, reflection, allowed)
03-14 23:02:01.850 15307 15307 W .studentfinance: Accessing hidden field Landroid/os/MessageQueue;->mMessages:Landroid/os/Message; (unsupported, reflection, allowed)
03-14 23:02:01.850 15307 15307 W .studentfinance: Accessing hidden method Landroid/os/Message;->recycleUnchecked()V (unsupported, reflection, allowed)
03-14 23:02:01.851 15307 15307 I Detox   : Wait is over: App is now idle!
03-14 23:02:01.851 15307 15358 I DetoxWSClient: Sending out action 'ready' (ID #-1000)
03-14 23:02:01.852 15307 15358 I DetoxDispatcher: Done with action 'isReady'
03-14 23:02:01.852 15307 15394 W unknown:BridgelessReact: ReactHost{0}.startSurface(surfaceId = 0): Execute
03-14 23:02:01.859 15307 15399 D nativeloader: Load /data/app/~~wRzbvG75nM6MLt9mhOT8kw==/com.mcfuzzysquirrel.studentfinance-JYvgJb_EqJGe5B4qYL6Sfg==/base.apk!/lib/x86_64/libexpo-modules-core.so using ns clns-7 from class loader (caller=/data/app/~~wRzbvG75nM6MLt9mhOT8kw==/com.mcfuzzysquirrel.studentfinance-JYvgJb_EqJGe5B4qYL6Sfg==/base.apk): ok
03-14 23:02:01.866 15307 15365 D DetoxWSClient: Received action 'invoke' (ID #8, params={"target":{"type":"Class","value":"com.wix.detox.espresso.DetoxAssertion"},"method":"waitForAssertMatcher","args":[{"type":"Invocation","value":{"target":{"type":"Class","value":"androidx.test.espresso.Espresso"},"method":"onView","args":[{"type":"Invocation","value":{"target":{"type":"Class","value":"com.wix.detox.espresso.DetoxMatcher"},"method":"matcherForTestId","args":["dashboard-add-expense-button",{"type":"boolean","value":false}]}}]}},{"type":"Invocation","value":{"target":{"type":"Class","value":"com.wix.detox.espresso.DetoxMatcher"},"method":"matcherForSufficientlyVisible","args":[{"type":"Integer","value":75}]}},{"type":"Double","value":15}]})
03-14 23:02:01.869 15307 15358 I DetoxDispatcher: Handling action 'invoke' (ID #8)...
03-14 23:02:01.872 15307 15358 D Detox   : class com.wix.detox.espresso.DetoxMatcher, matcherForTestId, [dashboard-add-expense-button, false]
03-14 23:02:01.891 15307 15358 D Detox   : class androidx.test.espresso.Espresso, onView, [(view.getTag() is "dashboard-add-expense-button" and view has effective visibility <VISIBLE>)]
03-14 23:02:01.892 15307 15358 D Detox   : class com.wix.detox.espresso.DetoxMatcher, matcherForSufficientlyVisible, [75]
03-14 23:02:01.893 15307 15358 D Detox   : class com.wix.detox.espresso.DetoxAssertion, waitForAssertMatcher, [androidx.test.espresso.ViewInteraction@a184b8c, (view has effective visibility <VISIBLE> and view.getGlobalVisibleRect() covers at least <75> percent of the view's area), 15.0]
03-14 23:02:01.916 15307 15399 W unknown:ViewManagerPropertyUpdater: Could not find generated setter for class com.th3rdwave.safeareacontext.SafeAreaProviderManager
03-14 23:02:01.923 15307 15399 W unknown:ViewManagerPropertyUpdater: Could not find generated setter for class com.facebook.react.uimanager.LayoutShadowNode
03-14 23:02:01.925 15307 15399 W unknown:ViewManagerPropertyUpdater: Could not find generated setter for class com.swmansion.rnscreens.SearchBarManager
03-14 23:02:01.926 15307 15399 W unknown:ViewManagerPropertyUpdater: Could not find generated setter for class com.swmansion.rnscreens.ScreenFooterManager
03-14 23:02:01.927 15307 15307 I ViewInteraction: Checking 'MatchesViewAssertion(Detox){viewMatcher=(view has effective visibility <VISIBLE> and view.getGlobalVisibleRect() covers at least <75> percent of the view's area)}' assertion on view (view.getTag() is "dashboard-add-expense-button" and view has effective visibility <VISIBLE>)
03-14 23:02:01.932 15307 15399 W unknown:ViewManagerPropertyUpdater: Could not find generated setter for class com.swmansion.rnscreens.gamma.tabs.TabScreenViewManager
03-14 23:02:01.936 15307 15399 W unknown:ViewManagerPropertyUpdater: Could not find generated setter for class expo.modules.kotlin.views.GroupViewManagerWrapper
03-14 23:02:01.941 15307 15399 W unknown:ViewManagerPropertyUpdater: Could not find generated setter for class com.swmansion.rnscreens.ScreenContainerViewManager
03-14 23:02:01.942 15307 15399 W unknown:ViewManagerPropertyUpdater: Could not find generated setter for class com.swmansion.rnscreens.gamma.tabs.TabsHostViewManager
03-14 23:02:01.948 15307 15399 W unknown:ViewManagerPropertyUpdater: Could not find generated setter for class com.swmansion.rnscreens.ModalScreenViewManager
03-14 23:02:01.951 15307 15399 W unknown:ViewManagerPropertyUpdater: Could not find generated setter for class com.swmansion.rnscreens.ScreenStackHeaderConfigViewManager
03-14 23:02:01.952 15307 15399 W unknown:ViewManagerPropertyUpdater: Could not find generated setter for class com.swmansion.rnscreens.ScreenContentWrapperManager
03-14 23:02:01.953 15307 15399 W unknown:ViewManagerPropertyUpdater: Could not find generated setter for class com.th3rdwave.safeareacontext.SafeAreaViewManager
03-14 23:02:01.961 15307 15399 W unknown:ViewManagerPropertyUpdater: Could not find generated setter for class com.th3rdwave.safeareacontext.SafeAreaViewShadowNode
03-14 23:02:01.968 15307 15307 I ViewInteraction: Checking 'MatchesViewAssertion(Detox){viewMatcher=(view has effective visibility <VISIBLE> and view.getGlobalVisibleRect() covers at least <75> percent of the view's area)}' assertion on view (view.getTag() is "dashboard-add-expense-button" and view has effective visibility <VISIBLE>)
03-14 23:02:01.971 15307 15399 W unknown:ViewManagerPropertyUpdater: Could not find generated setter for class com.swmansion.rnscreens.safearea.SafeAreaViewManager
03-14 23:02:01.972 15307 15399 W unknown:ViewManagerPropertyUpdater: Could not find generated setter for class com.swmansion.rnscreens.safearea.paper.SafeAreaViewShadowNode
03-14 23:02:01.972 15307 15399 W unknown:ViewManagerPropertyUpdater: Could not find generated setter for class com.swmansion.rnscreens.ScreenViewManager
03-14 23:02:01.973 15307 15399 W unknown:ViewManagerPropertyUpdater: Could not find generated setter for class com.swmansion.rnscreens.gamma.stack.host.StackHostViewManager
03-14 23:02:01.976 15307 15399 W unknown:ViewManagerPropertyUpdater: Could not find generated setter for class com.swmansion.rnscreens.ScreenStackHeaderSubviewManager
03-14 23:02:01.977 15307 15399 W unknown:ViewManagerPropertyUpdater: Could not find generated setter for class com.swmansion.rnscreens.gamma.stack.screen.StackScreenViewManager
03-14 23:02:01.978 15307 15399 W unknown:ViewManagerPropertyUpdater: Could not find generated setter for class com.swmansion.rnscreens.ScreenStackViewManager
03-14 23:02:01.999 15307 15307 I ViewInteraction: Checking 'MatchesViewAssertion(Detox){viewMatcher=(view has effective visibility <VISIBLE> and view.getGlobalVisibleRect() covers at least <75> percent of the view's area)}' assertion on view (view.getTag() is "dashboard-add-expense-button" and view has effective visibility <VISIBLE>)
03-14 23:02:02.029 15307 15307 I ViewInteraction: Checking 'MatchesViewAssertion(Detox){viewMatcher=(view has effective visibility <VISIBLE> and view.getGlobalVisibleRect() covers at least <75> percent of the view's area)}' assertion on view (view.getTag() is "dashboard-add-expense-button" and view has effective visibility <VISIBLE>)
03-14 23:02:02.058 15307 15307 I ViewInteraction: Checking 'MatchesViewAssertion(Detox){viewMatcher=(view has effective visibility <VISIBLE> and view.getGlobalVisibleRect() covers at least <75> percent of the view's area)}' assertion on view (view.getTag() is "dashboard-add-expense-button" and view has effective visibility <VISIBLE>)
03-14 23:02:02.091 15307 15307 I ViewInteraction: Checking 'MatchesViewAssertion(Detox){viewMatcher=(view has effective visibility <VISIBLE> and view.getGlobalVisibleRect() covers at least <75> percent of the view's area)}' assertion on view (view.getTag() is "dashboard-add-expense-button" and view has effective visibility <VISIBLE>)
03-14 23:02:02.095 15307 15321 I .studentfinance: Compiler allocated 5174KB to compile void android.view.ViewRootImpl.performTraversals()
03-14 23:02:02.123 15307 15307 I ViewInteraction: Checking 'MatchesViewAssertion(Detox){viewMatcher=(view has effective visibility <VISIBLE> and view.getGlobalVisibleRect() covers at least <75> percent of the view's area)}' assertion on view (view.getTag() is "dashboard-add-expense-button" and view has effective visibility <VISIBLE>)
03-14 23:02:02.148 15307 15399 W unknown:ViewManagerPropertyUpdater: Could not find generated setter for class com.horcrux.svg.RenderableViewManager$DefsViewManager
03-14 23:02:02.151 15307 15399 W unknown:ViewManagerPropertyUpdater: Could not find generated setter for class com.horcrux.svg.VirtualViewManager$RenderableShadowNode
03-14 23:02:02.154 15307 15307 I ViewInteraction: Checking 'MatchesViewAssertion(Detox){viewMatcher=(view has effective visibility <VISIBLE> and view.getGlobalVisibleRect() covers at least <75> percent of the view's area)}' assertion on view (view.getTag() is "dashboard-add-expense-button" and view has effective visibility <VISIBLE>)
03-14 23:02:02.162 15307 15399 W unknown:ViewManagerPropertyUpdater: Could not find generated setter for class com.facebook.react.views.debuggingoverlay.DebuggingOverlayManager
03-14 23:02:02.175 15307 15399 W unknown:ViewManagerPropertyUpdater: Could not find generated setter for class com.horcrux.svg.RenderableViewManager$FeMergeManager
03-14 23:02:02.184 15307 15307 I ViewInteraction: Checking 'MatchesViewAssertion(Detox){viewMatcher=(view has effective visibility <VISIBLE> and view.getGlobalVisibleRect() covers at least <75> percent of the view's area)}' assertion on view (view.getTag() is "dashboard-add-expense-button" and view has effective visibility <VISIBLE>)
03-14 23:02:02.191 15307 15399 W unknown:ViewManagerPropertyUpdater: Could not find generated setter for class com.facebook.react.views.safeareaview.ReactSafeAreaViewManager
03-14 23:02:02.205 15307 15399 W unknown:ViewManagerPropertyUpdater: Could not find generated setter for class com.horcrux.svg.RenderableViewManager$LinearGradientManager
03-14 23:02:02.212 15307 15307 I ViewInteraction: Checking 'MatchesViewAssertion(Detox){viewMatcher=(view has effective visibility <VISIBLE> and view.getGlobalVisibleRect() covers at least <75> percent of the view's area)}' assertion on view (view.getTag() is "dashboard-add-expense-button" and view has effective visibility <VISIBLE>)
03-14 23:02:02.217 15307 15399 W unknown:ViewManagerPropertyUpdater: Could not find generated setter for class com.horcrux.svg.RenderableViewManager$FeGaussianBlurManager
03-14 23:02:02.227 15307 15399 W unknown:ViewManagerPropertyUpdater: Could not find generated setter for class com.facebook.react.views.progressbar.ReactProgressBarViewManager
03-14 23:02:02.229 15307 15399 W unknown:ViewManagerPropertyUpdater: Could not find generated setter for class com.facebook.react.views.progressbar.ProgressBarShadowNode
03-14 23:02:02.241 15307 15307 I ViewInteraction: Checking 'MatchesViewAssertion(Detox){viewMatcher=(view has effective visibility <VISIBLE> and view.getGlobalVisibleRect() covers at least <75> percent of the view's area)}' assertion on view (view.getTag() is "dashboard-add-expense-button" and view has effective visibility <VISIBLE>)
03-14 23:02:02.244 15307 15399 W unknown:ViewManagerPropertyUpdater: Could not find generated setter for class com.facebook.react.views.scroll.ReactHorizontalScrollViewManager
03-14 23:02:02.266 15307 15399 W unknown:ViewManagerPropertyUpdater: Could not find generated setter for class com.facebook.react.views.text.ReactTextViewManager
03-14 23:02:02.268 15307 15399 W unknown:ViewManagerPropertyUpdater: Could not find generated setter for class com.facebook.react.views.text.ReactTextShadowNode
03-14 23:02:02.270 15307 15307 I ViewInteraction: Checking 'MatchesViewAssertion(Detox){viewMatcher=(view has effective visibility <VISIBLE> and view.getGlobalVisibleRect() covers at least <75> percent of the view's area)}' assertion on view (view.getTag() is "dashboard-add-expense-button" and view has effective visibility <VISIBLE>)
03-14 23:02:02.280 15307 15399 W unknown:ViewManagerPropertyUpdater: Could not find generated setter for class com.horcrux.svg.RenderableViewManager$FeColorMatrixManager
03-14 23:02:02.291 15307 15399 W unknown:ViewManagerPropertyUpdater: Could not find generated setter for class com.facebook.react.views.scroll.ReactHorizontalScrollContainerViewManager
03-14 23:02:02.302 15307 15307 I ViewInteraction: Checking 'MatchesViewAssertion(Detox){viewMatcher=(view has effective visibility <VISIBLE> and view.getGlobalVisibleRect() covers at least <75> percent of the view's area)}' assertion on view (view.getTag() is "dashboard-add-expense-button" and view has effective visibility <VISIBLE>)
03-14 23:02:02.306 15307 15399 W unknown:ViewManagerPropertyUpdater: Could not find generated setter for class com.horcrux.svg.RenderableViewManager$ClipPathViewManager
03-14 23:02:02.320 15307 15399 W unknown:ViewManagerPropertyUpdater: Could not find generated setter for class com.horcrux.svg.RenderableViewManager$SymbolManager
03-14 23:02:02.333 15307 15399 W unknown:ViewManagerPropertyUpdater: Could not find generated setter for class com.horcrux.svg.RenderableViewManager$PatternManager
03-14 23:02:02.340 15307 15307 I ViewInteraction: Checking 'MatchesViewAssertion(Detox){viewMatcher=(view has effective visibility <VISIBLE> and view.getGlobalVisibleRect() covers at least <75> percent of the view's area)}' assertion on view (view.getTag() is "dashboard-add-expense-button" and view has effective visibility <VISIBLE>)
03-14 23:02:02.357 15307 15399 W unknown:ViewManagerPropertyUpdater: Could not find generated setter for class com.horcrux.svg.RenderableViewManager$FeBlendManager
03-14 23:02:02.373 15307 15399 W unknown:ViewManagerPropertyUpdater: Could not find generated setter for class com.facebook.react.views.view.ReactViewManager
03-14 23:02:02.384 15307 15399 W unknown:ViewManagerPropertyUpdater: Could not find generated setter for class com.horcrux.svg.SvgViewManager
03-14 23:02:02.387 15307 15307 I ViewInteraction: Checking 'MatchesViewAssertion(Detox){viewMatcher=(view has effective visibility <VISIBLE> and view.getGlobalVisibleRect() covers at least <75> percent of the view's area)}' assertion on view (view.getTag() is "dashboard-add-expense-button" and view has effective visibility <VISIBLE>)
03-14 23:02:02.398 15307 15399 W unknown:ViewManagerPropertyUpdater: Could not find generated setter for class com.facebook.react.views.switchview.ReactSwitchManager
03-14 23:02:02.400 15307 15399 W unknown:ViewManagerPropertyUpdater: Could not find generated setter for class com.facebook.react.views.switchview.ReactSwitchShadowNode
03-14 23:02:02.411 15307 15399 W unknown:ViewManagerPropertyUpdater: Could not find generated setter for class com.horcrux.svg.RenderableViewManager$UseViewManager
03-14 23:02:02.421 15307 15399 W unknown:ViewManagerPropertyUpdater: Could not find generated setter for class com.horcrux.svg.RenderableViewManager$CircleViewManager
03-14 23:02:02.422 15307 15307 I ViewInteraction: Checking 'MatchesViewAssertion(Detox){viewMatcher=(view has effective visibility <VISIBLE> and view.getGlobalVisibleRect() covers at least <75> percent of the view's area)}' assertion on view (view.getTag() is "dashboard-add-expense-button" and view has effective visibility <VISIBLE>)
03-14 23:02:02.429 15307 15399 W unknown:ViewManagerPropertyUpdater: Could not find generated setter for class com.horcrux.svg.RenderableViewManager$TSpanViewManager
03-14 23:02:02.434 15307 15321 I .studentfinance: Compiler allocated 4219KB to compile void android.widget.TextView.<init>(android.content.Context, android.util.AttributeSet, int, int)
03-14 23:02:02.438 15307 15399 W unknown:ViewManagerPropertyUpdater: Could not find generated setter for class com.horcrux.svg.RenderableViewManager$FilterManager
03-14 23:02:02.444 15307 15399 W unknown:ViewManagerPropertyUpdater: Could not find generated setter for class com.horcrux.svg.RenderableViewManager$MarkerManager
03-14 23:02:02.454 15307 15307 I ViewInteraction: Checking 'MatchesViewAssertion(Detox){viewMatcher=(view has effective visibility <VISIBLE> and view.getGlobalVisibleRect() covers at least <75> percent of the view's area)}' assertion on view (view.getTag() is "dashboard-add-expense-button" and view has effective visibility <VISIBLE>)
03-14 23:02:02.455 15307 15399 W unknown:ViewManagerPropertyUpdater: Could not find generated setter for class com.swmansion.gesturehandler.react.RNGestureHandlerButtonViewManager
03-14 23:02:02.463 15307 15399 W unknown:ViewManagerPropertyUpdater: Could not find generated setter for class com.facebook.react.views.modal.ReactModalHostManager
03-14 23:02:02.472 15307 15399 W unknown:ViewManagerPropertyUpdater: Could not find generated setter for class com.horcrux.svg.RenderableViewManager$ForeignObjectManager
03-14 23:02:02.481 15307 15399 W unknown:ViewManagerPropertyUpdater: Could not find generated setter for class com.horcrux.svg.RenderableViewManager$EllipseViewManager
03-14 23:02:02.482 15307 15307 I ViewInteraction: Checking 'MatchesViewAssertion(Detox){viewMatcher=(view has effective visibility <VISIBLE> and view.getGlobalVisibleRect() covers at least <75> percent of the view's area)}' assertion on view (view.getTag() is "dashboard-add-expense-button" and view has effective visibility <VISIBLE>)
03-14 23:02:02.490 15307 15399 W unknown:ViewManagerPropertyUpdater: Could not find generated setter for class com.horcrux.svg.RenderableViewManager$LineViewManager
03-14 23:02:02.498 15307 15399 W unknown:ViewManagerPropertyUpdater: Could not find generated setter for class com.facebook.react.views.text.frescosupport.FrescoBasedReactTextInlineImageViewManager
03-14 23:02:02.499 15307 15399 W unknown:ViewManagerPropertyUpdater: Could not find generated setter for class com.facebook.react.views.text.frescosupport.FrescoBasedReactTextInlineImageShadowNode
03-14 23:02:02.505 15307 15399 W unknown:ViewManagerPropertyUpdater: Could not find generated setter for class com.horcrux.svg.RenderableViewManager$FeFloodManager
03-14 23:02:02.510 15307 15307 I ViewInteraction: Checking 'MatchesViewAssertion(Detox){viewMatcher=(view has effective visibility <VISIBLE> and view.getGlobalVisibleRect() covers at least <75> percent of the view's area)}' assertion on view (view.getTag() is "dashboard-add-expense-button" and view has effective visibility <VISIBLE>)
03-14 23:02:02.512 15307 15399 W unknown:ViewManagerPropertyUpdater: Could not find generated setter for class com.horcrux.svg.RenderableViewManager$GroupViewManager
03-14 23:02:02.520 15307 15399 W unknown:ViewManagerPropertyUpdater: Could not find generated setter for class com.horcrux.svg.RenderableViewManager$TextViewManager
03-14 23:02:02.528 15307 15399 W unknown:ViewManagerPropertyUpdater: Could not find generated setter for class com.horcrux.svg.RenderableViewManager$ImageViewManager
03-14 23:02:02.536 15307 15399 W unknown:ViewManagerPropertyUpdater: Could not find generated setter for class com.horcrux.svg.RenderableViewManager$FeCompositeManager
03-14 23:02:02.538 15307 15307 I ViewInteraction: Checking 'MatchesViewAssertion(Detox){viewMatcher=(view has effective visibility <VISIBLE> and view.getGlobalVisibleRect() covers at least <75> percent of the view's area)}' assertion on view (view.getTag() is "dashboard-add-expense-button" and view has effective visibility <VISIBLE>)
03-14 23:02:02.544 15307 15399 W unknown:ViewManagerPropertyUpdater: Could not find generated setter for class com.facebook.react.views.image.ReactImageManager
03-14 23:02:02.552 15307 15399 W unknown:ViewManagerPropertyUpdater: Could not find generated setter for class com.horcrux.svg.RenderableViewManager$RadialGradientManager
03-14 23:02:02.559 15307 15399 W unknown:ViewManagerPropertyUpdater: Could not find generated setter for class com.horcrux.svg.RenderableViewManager$MaskManager
03-14 23:02:02.566 15307 15307 I ViewInteraction: Checking 'MatchesViewAssertion(Detox){viewMatcher=(view has effective visibility <VISIBLE> and view.getGlobalVisibleRect() covers at least <75> percent of the view's area)}' assertion on view (view.getTag() is "dashboard-add-expense-button" and view has effective visibility <VISIBLE>)
03-14 23:02:02.570 15307 15399 W unknown:ViewManagerPropertyUpdater: Could not find generated setter for class com.facebook.react.views.unimplementedview.ReactUnimplementedViewManager
03-14 23:02:02.576 15307 15399 W unknown:ViewManagerPropertyUpdater: Could not find generated setter for class com.horcrux.svg.RenderableViewManager$RectViewManager
03-14 23:02:02.585 15307 15399 W unknown:ViewManagerPropertyUpdater: Could not find generated setter for class com.horcrux.svg.RenderableViewManager$TextPathViewManager
03-14 23:02:02.595 15307 15307 I ViewInteraction: Checking 'MatchesViewAssertion(Detox){viewMatcher=(view has effective visibility <VISIBLE> and view.getGlobalVisibleRect() covers at least <75> percent of the view's area)}' assertion on view (view.getTag() is "dashboard-add-expense-button" and view has effective visibility <VISIBLE>)
03-14 23:02:02.598 15307 15399 W unknown:ViewManagerPropertyUpdater: Could not find generated setter for class com.facebook.react.views.scroll.ReactScrollViewManager
03-14 23:02:02.606 15307 15399 W unknown:ViewManagerPropertyUpdater: Could not find generated setter for class com.horcrux.svg.RenderableViewManager$FeOffsetManager
03-14 23:02:02.613 15307 15399 W unknown:ViewManagerPropertyUpdater: Could not find generated setter for class com.horcrux.svg.RenderableViewManager$PathViewManager
03-14 23:02:02.621 15307 15399 W unknown:ViewManagerPropertyUpdater: Could not find generated setter for class com.facebook.react.views.drawer.ReactDrawerLayoutManager
03-14 23:02:02.621 15307 15307 I ViewInteraction: Checking 'MatchesViewAssertion(Detox){viewMatcher=(view has effective visibility <VISIBLE> and view.getGlobalVisibleRect() covers at least <75> percent of the view's area)}' assertion on view (view.getTag() is "dashboard-add-expense-button" and view has effective visibility <VISIBLE>)
03-14 23:02:02.628 15307 15399 W unknown:ViewManagerPropertyUpdater: Could not find generated setter for class com.facebook.react.views.swiperefresh.SwipeRefreshLayoutManager
03-14 23:02:02.636 15307 15399 W unknown:ViewManagerPropertyUpdater: Could not find generated setter for class com.facebook.react.views.textinput.ReactTextInputManager
03-14 23:02:02.638 15307 15399 W unknown:ViewManagerPropertyUpdater: Could not find generated setter for class com.facebook.react.views.textinput.ReactTextInputShadowNode
03-14 23:02:02.646 15307 15399 W unknown:ViewManagerPropertyUpdater: Could not find generated setter for class com.swmansion.gesturehandler.react.RNGestureHandlerRootViewManager
03-14 23:02:02.659 15307 15307 I ViewInteraction: Checking 'MatchesViewAssertion(Detox){viewMatcher=(view has effective visibility <VISIBLE> and view.getGlobalVisibleRect() covers at least <75> percent of the view's area)}' assertion on view (view.getTag() is "dashboard-add-expense-button" and view has effective visibility <VISIBLE>)
03-14 23:02:02.673 15307 15399 W BridgelessReactContext: [WARNING] Bridgeless doesn't support CatalystInstance. Accessing an API that's not part of the new architecture is not encouraged usage.
03-14 23:02:02.686 15307 15399 I ExpoModulesCore: ✅ JSI interop was installed
03-14 23:02:02.688 15307 15307 I ViewInteraction: Checking 'MatchesViewAssertion(Detox){viewMatcher=(view has effective visibility <VISIBLE> and view.getGlobalVisibleRect() covers at least <75> percent of the view's area)}' assertion on view (view.getTag() is "dashboard-add-expense-button" and view has effective visibility <VISIBLE>)
03-14 23:02:02.690 15307 15399 I ExpoModulesCore: ✅ Constants were exported
03-14 23:02:02.717 15307 15307 I ViewInteraction: Checking 'MatchesViewAssertion(Detox){viewMatcher=(view has effective visibility <VISIBLE> and view.getGlobalVisibleRect() covers at least <75> percent of the view's area)}' assertion on view (view.getTag() is "dashboard-add-expense-button" and view has effective visibility <VISIBLE>)
03-14 23:02:02.720 15307 15399 D nativeloader: Load /data/app/~~wRzbvG75nM6MLt9mhOT8kw==/com.mcfuzzysquirrel.studentfinance-JYvgJb_EqJGe5B4qYL6Sfg==/base.apk!/lib/x86_64/librnscreens.so using ns clns-7 from class loader (caller=/data/app/~~wRzbvG75nM6MLt9mhOT8kw==/com.mcfuzzysquirrel.studentfinance-JYvgJb_EqJGe5B4qYL6Sfg==/base.apk!classes16.dex): ok
03-14 23:02:02.744 15307 15307 I ViewInteraction: Checking 'MatchesViewAssertion(Detox){viewMatcher=(view has effective visibility <VISIBLE> and view.getGlobalVisibleRect() covers at least <75> percent of the view's area)}' assertion on view (view.getTag() is "dashboard-add-expense-button" and view has effective visibility <VISIBLE>)
03-14 23:02:02.773 15307 15307 I ViewInteraction: Checking 'MatchesViewAssertion(Detox){viewMatcher=(view has effective visibility <VISIBLE> and view.getGlobalVisibleRect() covers at least <75> percent of the view's area)}' assertion on view (view.getTag() is "dashboard-add-expense-button" and view has effective visibility <VISIBLE>)
03-14 23:02:02.799 15307 15307 I ViewInteraction: Checking 'MatchesViewAssertion(Detox){viewMatcher=(view has effective visibility <VISIBLE> and view.getGlobalVisibleRect() covers at least <75> percent of the view's area)}' assertion on view (view.getTag() is "dashboard-add-expense-button" and view has effective visibility <VISIBLE>)
03-14 23:02:02.826 15307 15307 I ViewInteraction: Checking 'MatchesViewAssertion(Detox){viewMatcher=(view has effective visibility <VISIBLE> and view.getGlobalVisibleRect() covers at least <75> percent of the view's area)}' assertion on view (view.getTag() is "dashboard-add-expense-button" and view has effective visibility <VISIBLE>)
