03-14 23:02:02.854 15307 15307 I ViewInteraction: Checking 'MatchesViewAssertion(Detox){viewMatcher=(view has effective visibility <VISIBLE> and view.getGlobalVisibleRect() covers at least <75> percent of the view's area)}' assertion on view (view.getTag() is "dashboard-add-expense-button" and view has effective visibility <VISIBLE>)
03-14 23:02:02.880 15307 15307 I ViewInteraction: Checking 'MatchesViewAssertion(Detox){viewMatcher=(view has effective visibility <VISIBLE> and view.getGlobalVisibleRect() covers at least <75> percent of the view's area)}' assertion on view (view.getTag() is "dashboard-add-expense-button" and view has effective visibility <VISIBLE>)
03-14 23:02:02.908 15307 15307 I ViewInteraction: Checking 'MatchesViewAssertion(Detox){viewMatcher=(view has effective visibility <VISIBLE> and view.getGlobalVisibleRect() covers at least <75> percent of the view's area)}' assertion on view (view.getTag() is "dashboard-add-expense-button" and view has effective visibility <VISIBLE>)
03-14 23:02:02.936 15307 15307 I ViewInteraction: Checking 'MatchesViewAssertion(Detox){viewMatcher=(view has effective visibility <VISIBLE> and view.getGlobalVisibleRect() covers at least <75> percent of the view's area)}' assertion on view (view.getTag() is "dashboard-add-expense-button" and view has effective visibility <VISIBLE>)
03-14 23:02:02.964 15307 15307 I ViewInteraction: Checking 'MatchesViewAssertion(Detox){viewMatcher=(view has effective visibility <VISIBLE> and view.getGlobalVisibleRect() covers at least <75> percent of the view's area)}' assertion on view (view.getTag() is "dashboard-add-expense-button" and view has effective visibility <VISIBLE>)
03-14 23:02:02.979 15307 15399 D Detox.RNMarker: RUN_JS_BUNDLE_END (index.android.bundle)
03-14 23:02:02.980 15307 15399 I ReactNativeJS: Running "main"
03-14 23:02:02.985 15307 15390 D TrafficStats: tagSocket(132) with statsTag=0xffffffff, statsUid=-1
03-14 23:02:02.992 15307 15307 I ViewInteraction: Checking 'MatchesViewAssertion(Detox){viewMatcher=(view has effective visibility <VISIBLE> and view.getGlobalVisibleRect() covers at least <75> percent of the view's area)}' assertion on view (view.getTag() is "dashboard-add-expense-button" and view has effective visibility <VISIBLE>)
03-14 23:02:02.992 15307 15399 D Detox.RNMarker: REACT_BRIDGELESS_LOADING_END (null)
03-14 23:02:03.004 15307 15399 D nativeloader: Load /data/app/~~wRzbvG75nM6MLt9mhOT8kw==/com.mcfuzzysquirrel.studentfinance-JYvgJb_EqJGe5B4qYL6Sfg==/base.apk!/lib/x86_64/libgesturehandler.so using ns clns-7 from class loader (caller=/data/app/~~wRzbvG75nM6MLt9mhOT8kw==/com.mcfuzzysquirrel.studentfinance-JYvgJb_EqJGe5B4qYL6Sfg==/base.apk): ok
03-14 23:02:03.004 15307 15399 D jni_lib_merge: Entering merged library JNI_OnLoad.
03-14 23:02:03.004 15307 15399 D jni_lib_merge: Preparing 12 pre-merged libs (including stub)
03-14 23:02:03.004 15307 15399 D jni_lib_merge: Preparing to register libfabricjni_so.  onload_func: 0x727ce6897730
03-14 23:02:03.004 15307 15399 D jni_lib_merge: Preparing to register libreact_devsupportjni_so.  onload_func: 0x727ce6a94190
03-14 23:02:03.004 15307 15399 D jni_lib_merge: Preparing to register libreact_featureflagsjni_so.  onload_func: 0x727ce6aa5910
03-14 23:02:03.004 15307 15399 D jni_lib_merge: Preparing to register libreact_newarchdefaults_so.  onload_func: 0x727ce6b46d20
03-14 23:02:03.004 15307 15399 D jni_lib_merge: Preparing to register libreactnativeblob_so.  onload_func: 0x727ce6d512e0
03-14 23:02:03.004 15307 15399 D jni_lib_merge: Preparing to register libreactnativejni_so.  onload_func: 0x727ce6d91770
03-14 23:02:03.004 15307 15399 D jni_lib_merge: Preparing to register libreactnativejni_common_so.  onload_func: 0x727ce6da15d0
03-14 23:02:03.004 15307 15399 D jni_lib_merge: Preparing to register librninstance_so.  onload_func: 0x727ce6dde4c0
03-14 23:02:03.004 15307 15399 D jni_lib_merge: Preparing to register libturbomodulejsijni_so.  onload_func: 0x727ce6f3fc00
03-14 23:02:03.004 15307 15399 D jni_lib_merge: Preparing to register libuimanagerjni_so.  onload_func: 0x727ce6f57de0
03-14 23:02:03.004 15307 15399 D jni_lib_merge: Preparing to register libyoga_so.  onload_func: 0x727ce6f66d70
03-14 23:02:03.004 15307 15399 D jni_lib_merge: About to register 11 actual methods.
03-14 23:02:03.008 15307 15307 I ReactNative: [GESTURE HANDLER] Initialize gesture handler for root view com.facebook.react.runtime.ReactSurfaceView{f393f89 V.E...... ......ID 0,0-1080,2400 #1}
03-14 23:02:03.010 15307 15307 D Detox.RNMarker: CONTENT_APPEARED (main)
03-14 23:02:03.022 15307 15307 I ViewInteraction: Checking 'MatchesViewAssertion(Detox){viewMatcher=(view has effective visibility <VISIBLE> and view.getGlobalVisibleRect() covers at least <75> percent of the view's area)}' assertion on view (view.getTag() is "dashboard-add-expense-button" and view has effective visibility <VISIBLE>)
03-14 23:02:03.157 15307 15307 I ViewInteraction: Checking 'MatchesViewAssertion(Detox){viewMatcher=(view has effective visibility <VISIBLE> and view.getGlobalVisibleRect() covers at least <75> percent of the view's area)}' assertion on view (view.getTag() is "dashboard-add-expense-button" and view has effective visibility <VISIBLE>)
03-14 23:02:03.204 15307 15307 I ViewInteraction: Checking 'MatchesViewAssertion(Detox){viewMatcher=(view has effective visibility <VISIBLE> and view.getGlobalVisibleRect() covers at least <75> percent of the view's area)}' assertion on view (view.getTag() is "dashboard-add-expense-button" and view has effective visibility <VISIBLE>)
03-14 23:02:03.236 15307 15399 D nativeloader: Load /data/app/~~wRzbvG75nM6MLt9mhOT8kw==/com.mcfuzzysquirrel.studentfinance-JYvgJb_EqJGe5B4qYL6Sfg==/base.apk!/lib/x86_64/libexpo-sqlite.so using ns clns-7 from class loader (caller=/data/app/~~wRzbvG75nM6MLt9mhOT8kw==/com.mcfuzzysquirrel.studentfinance-JYvgJb_EqJGe5B4qYL6Sfg==/base.apk!classes20.dex): ok
03-14 23:02:03.237 15307 15307 I ViewInteraction: Checking 'MatchesViewAssertion(Detox){viewMatcher=(view has effective visibility <VISIBLE> and view.getGlobalVisibleRect() covers at least <75> percent of the view's area)}' assertion on view (view.getTag() is "dashboard-add-expense-button" and view has effective visibility <VISIBLE>)
03-14 23:02:03.266 15307 15307 I ViewInteraction: Checking 'MatchesViewAssertion(Detox){viewMatcher=(view has effective visibility <VISIBLE> and view.getGlobalVisibleRect() covers at least <75> percent of the view's area)}' assertion on view (view.getTag() is "dashboard-add-expense-button" and view has effective visibility <VISIBLE>)
03-14 23:02:03.295 15307 15307 I ViewInteraction: Checking 'MatchesViewAssertion(Detox){viewMatcher=(view has effective visibility <VISIBLE> and view.getGlobalVisibleRect() covers at least <75> percent of the view's area)}' assertion on view (view.getTag() is "dashboard-add-expense-button" and view has effective visibility <VISIBLE>)
03-14 23:02:03.341 15307 15307 I ViewInteraction: Checking 'MatchesViewAssertion(Detox){viewMatcher=(view has effective visibility <VISIBLE> and view.getGlobalVisibleRect() covers at least <75> percent of the view's area)}' assertion on view (view.getTag() is "dashboard-add-expense-button" and view has effective visibility <VISIBLE>)
03-14 23:02:03.370 15307 15307 I ViewInteraction: Checking 'MatchesViewAssertion(Detox){viewMatcher=(view has effective visibility <VISIBLE> and view.getGlobalVisibleRect() covers at least <75> percent of the view's area)}' assertion on view (view.getTag() is "dashboard-add-expense-button" and view has effective visibility <VISIBLE>)
03-14 23:02:03.406 15307 15307 I ViewInteraction: Checking 'MatchesViewAssertion(Detox){viewMatcher=(view has effective visibility <VISIBLE> and view.getGlobalVisibleRect() covers at least <75> percent of the view's area)}' assertion on view (view.getTag() is "dashboard-add-expense-button" and view has effective visibility <VISIBLE>)
03-14 23:02:03.419 15307 15404 D TrafficStats: tagSocket(140) with statsTag=0xffffffff, statsUid=-1
03-14 23:02:03.422 15307 15307 W .studentfinance: Accessing hidden field Landroid/widget/ScrollView;->mScroller:Landroid/widget/OverScroller; (unsupported, reflection, allowed)
03-14 23:02:03.452 15307 15307 W [RNScreens]: backTitleFontFamily prop is not available on Android
03-14 23:02:03.452 15307 15307 W [RNScreens]: disableBackButtonMenu prop is not available on Android
03-14 23:02:03.452 15307 15307 W [RNScreens]: backTitleVisible prop is not available on Android
03-14 23:02:03.452 15307 15307 W [RNScreens]: topInsetEnabled prop is not available on Android
03-14 23:02:03.453 15307 15307 W [RNScreens]: largeTitleHideShadow prop is not available on Android
03-14 23:02:03.453 15307 15307 W [RNScreens]: largeTitleFontWeight prop is not available on Android
03-14 23:02:03.453 15307 15307 W [RNScreens]: userInterfaceStyle prop is not available on Android
03-14 23:02:03.453 15307 15307 W [RNScreens]: largeTitleFontFamily prop is not available on Android
03-14 23:02:04.036 15307 15375 D EGL_emulation: app_time_stats: avg=526.54ms min=80.34ms max=1612.65ms count=5
03-14 23:02:04.093 15307 15307 I ViewInteraction: Checking 'MatchesViewAssertion(Detox){viewMatcher=(view has effective visibility <VISIBLE> and view.getGlobalVisibleRect() covers at least <75> percent of the view's area)}' assertion on view (view.getTag() is "dashboard-add-expense-button" and view has effective visibility <VISIBLE>)
03-14 23:02:04.108 15307 15358 I DetoxWSClient: Sending out action 'invokeResult' (ID #8)
03-14 23:02:04.108 15307 15358 I DetoxDispatcher: Done with action 'invoke'
03-14 23:02:04.238 15307 15365 D DetoxWSClient: Received action 'invoke' (ID #9, params={"target":{"type":"Class","value":"com.wix.detox.espresso.EspressoDetox"},"method":"perform","args":[{"type":"Invocation","value":{"target":{"type":"Class","value":"com.wix.detox.espresso.DetoxMatcher"},"method":"matcherForTestId","args":["dashboard-add-expense-button",{"type":"boolean","value":false}]}},{"type":"Invocation","value":{"target":{"type":"Class","value":"com.wix.detox.espresso.DetoxViewActions"},"method":"click","args":[]}}]})
03-14 23:02:04.242 15307 15358 I DetoxDispatcher: Handling action 'invoke' (ID #9)...
03-14 23:02:04.243 15307 15358 D Detox   : class com.wix.detox.espresso.DetoxMatcher, matcherForTestId, [dashboard-add-expense-button, false]
03-14 23:02:04.245 15307 15358 D Detox   : class com.wix.detox.espresso.DetoxViewActions, click, []
03-14 23:02:04.252 15307 15358 W .studentfinance: Accessing hidden method Landroid/view/ViewConfiguration;->getDoubleTapMinTime()I (unsupported, reflection, allowed)
03-14 23:02:04.288 15307 15358 D Detox   : class com.wix.detox.espresso.EspressoDetox, perform, [(view.getTag() is "dashboard-add-expense-button" and view has effective visibility <VISIBLE>), com.wix.detox.espresso.action.RNClickAction@22c7ecc]
03-14 23:02:04.299 15307 15307 I ViewInteraction: Performing 'com.wix.detox.espresso.action.detoxsingletap@95c5515 click' action on view (view.getTag() is "dashboard-add-expense-button" and view has effective visibility <VISIBLE>)
03-14 23:02:04.308 15307 15493 W .studentfinance: Accessing hidden method Landroid/hardware/input/InputManager;->injectInputEvent(Landroid/view/InputEvent;I)Z (unsupported, reflection, allowed)
03-14 23:02:04.712 15307 15307 W [RNScreens]: backTitleFontFamily prop is not available on Android
03-14 23:02:04.714 15307 15307 W [RNScreens]: disableBackButtonMenu prop is not available on Android
03-14 23:02:04.716 15307 15307 W [RNScreens]: backTitleVisible prop is not available on Android
03-14 23:02:04.719 15307 15307 W [RNScreens]: topInsetEnabled prop is not available on Android
03-14 23:02:04.725 15307 15307 W [RNScreens]: largeTitleHideShadow prop is not available on Android
03-14 23:02:04.725 15307 15307 W [RNScreens]: largeTitleFontWeight prop is not available on Android
03-14 23:02:04.725 15307 15307 W [RNScreens]: userInterfaceStyle prop is not available on Android
03-14 23:02:04.726 15307 15307 W [RNScreens]: largeTitleFontFamily prop is not available on Android
03-14 23:02:04.804 15307 15307 I ImeTracker: com.mcfuzzysquirrel.studentfinance:39158d09: onRequestShow at ORIGIN_CLIENT reason SHOW_SOFT_INPUT fromUser false
03-14 23:02:04.825 15307 15307 D InputMethodManager: showSoftInput() view=com.facebook.react.views.textinput.ReactEditText{d49ceb8 VFED..CL. .F....ID 47,130-1033,331 #188 aid=1073741825} flags=0 reason=SHOW_SOFT_INPUT
03-14 23:02:05.030 15307 15502 D ProfileInstaller: Installing profile for com.mcfuzzysquirrel.studentfinance
03-14 23:02:05.033 15307 15390 D TrafficStats: tagSocket(133) with statsTag=0xffffffff, statsUid=-1
03-14 23:02:05.047 15307 15375 D EGL_emulation: app_time_stats: avg=218.62ms min=12.69ms max=469.84ms count=4
03-14 23:02:05.787 15307 15307 I Choreographer: Skipped 41 frames!  The application may be doing too much work on its main thread.
03-14 23:02:05.845 15307 15307 D InsetsController: show(ime(), fromIme=true)
03-14 23:02:05.926 15307 15331 I HWUI    : Davey! duration=798ms; Flags=0, FrameTimelineVsyncId=149097, IntendedVsync=1571889953998, Vsync=1572573287304, InputEventId=0, HandleInputStart=1572587776019, AnimationStart=1572587777198, PerformTraversalsStart=1572589734333, DrawStart=1572604706467, FrameDeadline=1572606620636, FrameInterval=1572577147723, FrameStartTime=16666666, SyncQueued=1572626565048, SyncStart=1572626597886, IssueDrawCommandsStart=1572629646938, SwapBuffers=1572642764019, FrameCompleted=1572688746416, DequeueBufferDuration=3838, QueueBufferDuration=928135, GpuCompleted=1572688453420, SwapBuffersCompleted=1572688746416, DisplayPresentTime=17596481046776, CommandSubmissionCompleted=1572642764019, 
03-14 23:02:05.937 15307 15513 W InteractionJankMonitor: Initializing without READ_DEVICE_CONFIG permission. enabled=true, interval=1, missedFrameThreshold=3, frameTimeThreshold=64, package=com.mcfuzzysquirrel.studentfinance
03-14 23:02:05.978 15307 15307 I ImeTracker: com.mcfuzzysquirrel.studentfinance:39158d09: onShown
03-14 23:02:05.992 15307 15404 D TrafficStats: tagSocket(148) with statsTag=0xffffffff, statsUid=-1
03-14 23:02:06.079 15307 15358 I DetoxWSClient: Sending out action 'invokeResult' (ID #9)
03-14 23:02:06.080 15307 15358 I DetoxDispatcher: Done with action 'invoke'
03-14 23:02:06.266 15307 15365 D DetoxWSClient: Received action 'invoke' (ID #10, params={"target":{"type":"Class","value":"com.wix.detox.espresso.DetoxAssertion"},"method":"waitForAssertMatcher","args":[{"type":"Invocation","value":{"target":{"type":"Class","value":"androidx.test.espresso.Espresso"},"method":"onView","args":[{"type":"Invocation","value":{"target":{"type":"Class","value":"com.wix.detox.espresso.DetoxMatcher"},"method":"matcherForTestId","args":["add-expense-amount-input",{"type":"boolean","value":false}]}}]}},{"type":"Invocation","value":{"target":{"type":"Class","value":"com.wix.detox.espresso.DetoxMatcher"},"method":"matcherForSufficientlyVisible","args":[{"type":"Integer","value":75}]}},{"type":"Double","value":10}]})
03-14 23:02:06.273 15307 15358 I DetoxDispatcher: Handling action 'invoke' (ID #10)...
03-14 23:02:06.274 15307 15358 D Detox   : class com.wix.detox.espresso.DetoxMatcher, matcherForTestId, [add-expense-amount-input, false]
03-14 23:02:06.276 15307 15358 D Detox   : class androidx.test.espresso.Espresso, onView, [(view.getTag() is "add-expense-amount-input" and view has effective visibility <VISIBLE>)]
03-14 23:02:06.281 15307 15358 D Detox   : class com.wix.detox.espresso.DetoxMatcher, matcherForSufficientlyVisible, [75]
03-14 23:02:06.282 15307 15358 D Detox   : class com.wix.detox.espresso.DetoxAssertion, waitForAssertMatcher, [androidx.test.espresso.ViewInteraction@9038836, (view has effective visibility <VISIBLE> and view.getGlobalVisibleRect() covers at least <75> percent of the view's area), 10.0]
03-14 23:02:06.287 15307 15307 I ViewInteraction: Checking 'MatchesViewAssertion(Detox){viewMatcher=(view has effective visibility <VISIBLE> and view.getGlobalVisibleRect() covers at least <75> percent of the view's area)}' assertion on view (view.getTag() is "add-expense-amount-input" and view has effective visibility <VISIBLE>)
03-14 23:02:06.324 15307 15358 I DetoxWSClient: Sending out action 'invokeResult' (ID #10)
03-14 23:02:06.325 15307 15358 I DetoxDispatcher: Done with action 'invoke'
03-14 23:02:06.334 15307 15365 D DetoxWSClient: Received action 'invoke' (ID #11, params={"target":{"type":"Class","value":"com.wix.detox.espresso.EspressoDetox"},"method":"perform","args":[{"type":"Invocation","value":{"target":{"type":"Class","value":"com.wix.detox.espresso.DetoxMatcher"},"method":"matcherForTestId","args":["add-expense-amount-input",{"type":"boolean","value":false}]}},{"type":"Invocation","value":{"target":{"type":"Class","value":"androidx.test.espresso.action.ViewActions"},"method":"replaceText","args":["12.34"]}}]})
03-14 23:02:06.335 15307 15358 I DetoxDispatcher: Handling action 'invoke' (ID #11)...
03-14 23:02:06.336 15307 15358 D Detox   : class com.wix.detox.espresso.DetoxMatcher, matcherForTestId, [add-expense-amount-input, false]
03-14 23:02:06.336 15307 15358 D Detox   : class androidx.test.espresso.action.ViewActions, replaceText, [12.34]
03-14 23:02:06.337 15307 15358 D Detox   : class com.wix.detox.espresso.EspressoDetox, perform, [(view.getTag() is "add-expense-amount-input" and view has effective visibility <VISIBLE>), androidx.test.espresso.action.ReplaceTextAction@50ee635]
03-14 23:02:06.353 15307 15307 I ViewInteraction: Performing 'replace text(12.34)' action on view (view.getTag() is "add-expense-amount-input" and view has effective visibility <VISIBLE>)
03-14 23:02:06.360 15307 15375 D EGL_emulation: app_time_stats: avg=172.34ms min=21.08ms max=638.35ms count=7
03-14 23:02:06.365 15307 15358 I DetoxWSClient: Sending out action 'invokeResult' (ID #11)
03-14 23:02:06.365 15307 15358 I DetoxDispatcher: Done with action 'invoke'
03-14 23:02:06.385 15307 15365 D DetoxWSClient: Received action 'invoke' (ID #12, params={"target":{"type":"Class","value":"com.wix.detox.espresso.EspressoDetox"},"method":"perform","args":[{"type":"Invocation","value":{"target":{"type":"Class","value":"com.wix.detox.espresso.DetoxMatcher"},"method":"matcherForTestId","args":["add-expense-amount-input",{"type":"boolean","value":false}]}},{"type":"Invocation","value":{"target":{"type":"Class","value":"com.wix.detox.espresso.DetoxViewActions"},"method":"typeText","args":["\n"]}}]})
03-14 23:02:06.416 15307 15358 I DetoxDispatcher: Handling action 'invoke' (ID #12)...
03-14 23:02:06.523 15307 15358 D Detox   : class com.wix.detox.espresso.DetoxMatcher, matcherForTestId, [add-expense-amount-input, false]
03-14 23:02:06.524 15307 15358 D Detox   : class com.wix.detox.espresso.DetoxViewActions, typeText, [
03-14 23:02:06.524 15307 15358 D Detox   : ]
03-14 23:02:06.525 15307 15358 D Detox   : class com.wix.detox.espresso.EspressoDetox, perform, [(view.getTag() is "add-expense-amount-input" and view has effective visibility <VISIBLE>), com.wix.detox.espresso.action.DetoxTypeTextAction@b5c056e]
03-14 23:02:06.897 15307 15307 I ViewInteraction: Performing 'Click to focus & type text (
03-14 23:02:06.897 15307 15307 I ViewInteraction: )' action on view (view.getTag() is "add-expense-amount-input" and view has effective visibility <VISIBLE>)
03-14 23:02:07.125 15307 15307 I ImeTracker: com.mcfuzzysquirrel.studentfinance:a7fc578a: onRequestShow at ORIGIN_CLIENT reason SHOW_SOFT_INPUT fromUser true
03-14 23:02:07.126 15307 15307 D InputMethodManager: showSoftInput() view=com.facebook.react.views.textinput.ReactEditText{d49ceb8 VFED..CL. .F.P.... 47,130-1033,331 #188 aid=1073741825} flags=0 reason=SHOW_SOFT_INPUT
03-14 23:02:07.176 15307 15390 D TrafficStats: tagSocket(147) with statsTag=0xffffffff, statsUid=-1
03-14 23:02:07.503 15307 15307 D InsetsController: show(ime(), fromIme=true)
03-14 23:02:07.504 15307 15307 I ImeTracker: com.mcfuzzysquirrel.studentfinance:a7fc578a: onCancelled at PHASE_CLIENT_APPLY_ANIMATION
03-14 23:02:07.735 15307 15375 D EGL_emulation: app_time_stats: avg=131.96ms min=16.80ms max=477.88ms count=9
03-14 23:02:07.920 15307 15307 D UiControllerImpl: Injecting string: "
03-14 23:02:07.920 15307 15307 D UiControllerImpl: "
03-14 23:02:08.194 15307 15307 W WindowOnBackDispatcher: sendCancelIfRunning: isInProgress=false callback=android.view.ViewRootImpl$$ExternalSyntheticLambda11@1bad2ce
03-14 23:02:08.508 15307 15307 I ImeTracker: com.mcfuzzysquirrel.studentfinance:b0b06842: onRequestHide at ORIGIN_CLIENT reason HIDE_SOFT_INPUT fromUser false
03-14 23:02:08.512 15307 15307 I Choreographer: Skipped 34 frames!  The application may be doing too much work on its main thread.
03-14 23:02:08.593 15307 15404 D TrafficStats: tagSocket(133) with statsTag=0xffffffff, statsUid=-1
03-14 23:02:08.648 15307 15307 D InsetsController: hide(ime(), fromIme=true)
03-14 23:02:08.774 15307 15307 I ImeTracker: com.mcfuzzysquirrel.studentfinance:305e8d35: onRequestHide at ORIGIN_CLIENT reason HIDE_SOFT_INPUT_ON_ANIMATION_STATE_CHANGED fromUser false
03-14 23:02:08.776 15307 15307 I ImeTracker: com.mcfuzzysquirrel.studentfinance:b0b06842: onHidden
03-14 23:02:08.841 15307 15307 I ImeTracker: com.mcfuzzysquirrel.studentfinance:9ee10155: onRequestHide at ORIGIN_CLIENT reason HIDE_SOFT_INPUT fromUser false
03-14 23:02:08.882 15307 15358 I DetoxWSClient: Sending out action 'invokeResult' (ID #12)
03-14 23:02:08.883 15307 15358 I DetoxDispatcher: Done with action 'invoke'
03-14 23:02:09.024 15307 15365 D DetoxWSClient: Received action 'invoke' (ID #13, params={"target":{"type":"Class","value":"com.wix.detox.espresso.DetoxAssertion"},"method":"waitForAssertMatcher","args":[{"type":"Invocation","value":{"target":{"type":"Class","value":"androidx.test.espresso.Espresso"},"method":"onView","args":[{"type":"Invocation","value":{"target":{"type":"Class","value":"com.wix.detox.espresso.DetoxMatcher"},"method":"matcherForTestId","args":["category-grid-item-default-food",{"type":"boolean","value":false}]}}]}},{"type":"Invocation","value":{"target":{"type":"Class","value":"com.wix.detox.espresso.DetoxMatcher"},"method":"matcherForSufficientlyVisible","args":[{"type":"Integer","value":75}]}},{"type":"Double","value":10}]})
03-14 23:02:09.025 15307 15358 I DetoxDispatcher: Handling action 'invoke' (ID #13)...
03-14 23:02:09.026 15307 15358 D Detox   : class com.wix.detox.espresso.DetoxMatcher, matcherForTestId, [category-grid-item-default-food, false]
03-14 23:02:09.028 15307 15358 D Detox   : class androidx.test.espresso.Espresso, onView, [(view.getTag() is "category-grid-item-default-food" and view has effective visibility <VISIBLE>)]
03-14 23:02:09.030 15307 15358 D Detox   : class com.wix.detox.espresso.DetoxMatcher, matcherForSufficientlyVisible, [75]
03-14 23:02:09.030 15307 15358 D Detox   : class com.wix.detox.espresso.DetoxAssertion, waitForAssertMatcher, [androidx.test.espresso.ViewInteraction@be78b7e, (view has effective visibility <VISIBLE> and view.getGlobalVisibleRect() covers at least <75> percent of the view's area), 10.0]
03-14 23:02:09.038 15307 15307 I ViewInteraction: Checking 'MatchesViewAssertion(Detox){viewMatcher=(view has effective visibility <VISIBLE> and view.getGlobalVisibleRect() covers at least <75> percent of the view's area)}' assertion on view (view.getTag() is "category-grid-item-default-food" and view has effective visibility <VISIBLE>)
03-14 23:02:09.041 15307 15375 D EGL_emulation: app_time_stats: avg=653.29ms min=453.56ms max=853.02ms count=2
03-14 23:02:09.062 15307 15358 I DetoxWSClient: Sending out action 'invokeResult' (ID #13)
03-14 23:02:09.065 15307 15358 I DetoxDispatcher: Done with action 'invoke'
03-14 23:02:09.070 15307 15365 D DetoxWSClient: Received action 'invoke' (ID #14, params={"target":{"type":"Class","value":"com.wix.detox.espresso.EspressoDetox"},"method":"perform","args":[{"type":"Invocation","value":{"target":{"type":"Class","value":"com.wix.detox.espresso.DetoxMatcher"},"method":"matcherForTestId","args":["category-grid-item-default-food",{"type":"boolean","value":false}]}},{"type":"Invocation","value":{"target":{"type":"Class","value":"com.wix.detox.espresso.DetoxViewActions"},"method":"click","args":[]}}]})
03-14 23:02:09.070 15307 15358 I DetoxDispatcher: Handling action 'invoke' (ID #14)...
03-14 23:02:09.071 15307 15358 D Detox   : class com.wix.detox.espresso.DetoxMatcher, matcherForTestId, [category-grid-item-default-food, false]
03-14 23:02:09.071 15307 15358 D Detox   : class com.wix.detox.espresso.DetoxViewActions, click, []
03-14 23:02:09.072 15307 15358 D Detox   : class com.wix.detox.espresso.EspressoDetox, perform, [(view.getTag() is "category-grid-item-default-food" and view has effective visibility <VISIBLE>), com.wix.detox.espresso.action.RNClickAction@17a192c]
03-14 23:02:09.085 15307 15307 I ViewInteraction: Performing 'com.wix.detox.espresso.action.detoxsingletap@8b04ff5 click' action on view (view.getTag() is "category-grid-item-default-food" and view has effective visibility <VISIBLE>)
03-14 23:02:09.258 15307 15390 D TrafficStats: tagSocket(132) with statsTag=0xffffffff, statsUid=-1
03-14 23:02:09.415 15307 15322 I .studentfinance: Background concurrent mark compact GC freed 34MB AllocSpace bytes, 37(1936KB) LOS objects, 49% free, 12MB/24MB, paused 2.274ms,22.186ms total 1.529s
03-14 23:02:09.552 15307 15358 I DetoxWSClient: Sending out action 'invokeResult' (ID #14)
03-14 23:02:09.561 15307 15358 I DetoxDispatcher: Done with action 'invoke'
03-14 23:02:09.578 15307 15365 D DetoxWSClient: Received action 'invoke' (ID #15, params={"target":{"type":"Class","value":"com.wix.detox.espresso.EspressoDetox"},"method":"perform","args":[{"type":"Invocation","value":{"target":{"type":"Class","value":"com.wix.detox.espresso.DetoxMatcher"},"method":"matcherForTestId","args":["add-expense-note-toggle",{"type":"boolean","value":false}]}},{"type":"Invocation","value":{"target":{"type":"Class","value":"com.wix.detox.espresso.DetoxAction"},"method":"swipeInDirection","args":[{"type":"Integer","value":3},{"type":"boolean","value":false},{"type":"Double","value":0.3},{"type":"Double","value":null},{"type":"Double","value":null}]}}]})
03-14 23:02:09.586 15307 15358 I DetoxDispatcher: Handling action 'invoke' (ID #15)...
03-14 23:02:09.587 15307 15358 D Detox   : class com.wix.detox.espresso.DetoxMatcher, matcherForTestId, [add-expense-note-toggle, false]
03-14 23:02:09.596 15307 15358 D Detox   : class com.wix.detox.espresso.DetoxAction, swipeInDirection, [3, false, 0.3, NaN, NaN]
03-14 23:02:09.599 15307 15358 D Detox   : class com.wix.detox.espresso.EspressoDetox, perform, [(view.getTag() is "add-expense-note-toggle" and view has effective visibility <VISIBLE>), androidx.test.espresso.action.GeneralSwipeAction@d9a4c54]
03-14 23:02:09.602 15307 15307 I ViewInteraction: Performing 'slow swipe' action on view (view.getTag() is "add-expense-note-toggle" and view has effective visibility <VISIBLE>)
03-14 23:02:10.195 15307 15375 D EGL_emulation: app_time_stats: avg=230.76ms min=93.43ms max=396.31ms count=5
03-14 23:02:10.676 15307 15404 D TrafficStats: tagSocket(133) with statsTag=0xffffffff, statsUid=-1
03-14 23:02:11.067 15307 15307 W UiControllerImpl: Waiting for: MOTION_INJECTION_HAS_COMPLETED for 100 iterations.
03-14 23:02:11.396 15307 15390 D TrafficStats: tagSocket(138) with statsTag=0xffffffff, statsUid=-1
03-14 23:02:11.478 15307 15358 I DetoxWSClient: Sending out action 'invokeResult' (ID #15)
03-14 23:02:11.479 15307 15358 I DetoxDispatcher: Done with action 'invoke'
03-14 23:02:11.501 15307 15365 D DetoxWSClient: Received action 'invoke' (ID #16, params={"target":{"type":"Class","value":"com.wix.detox.espresso.DetoxAssertion"},"method":"waitForAssertMatcher","args":[{"type":"Invocation","value":{"target":{"type":"Class","value":"androidx.test.espresso.Espresso"},"method":"onView","args":[{"type":"Invocation","value":{"target":{"type":"Class","value":"com.wix.detox.espresso.DetoxMatcher"},"method":"matcherForTestId","args":["add-expense-note-toggle",{"type":"boolean","value":false}]}}]}},{"type":"Invocation","value":{"target":{"type":"Class","value":"com.wix.detox.espresso.DetoxMatcher"},"method":"matcherForSufficientlyVisible","args":[{"type":"Integer","value":75}]}},{"type":"Double","value":10}]})
03-14 23:02:11.504 15307 15358 I DetoxDispatcher: Handling action 'invoke' (ID #16)...
03-14 23:02:11.504 15307 15358 D Detox   : class com.wix.detox.espresso.DetoxMatcher, matcherForTestId, [add-expense-note-toggle, false]
03-14 23:02:11.505 15307 15358 D Detox   : class androidx.test.espresso.Espresso, onView, [(view.getTag() is "add-expense-note-toggle" and view has effective visibility <VISIBLE>)]
03-14 23:02:11.506 15307 15358 D Detox   : class com.wix.detox.espresso.DetoxMatcher, matcherForSufficientlyVisible, [75]
03-14 23:02:11.507 15307 15358 D Detox   : class com.wix.detox.espresso.DetoxAssertion, waitForAssertMatcher, [androidx.test.espresso.ViewInteraction@153e63e, (view has effective visibility <VISIBLE> and view.getGlobalVisibleRect() covers at least <75> percent of the view's area), 10.0]
03-14 23:02:11.641 15307 15375 D EGL_emulation: app_time_stats: avg=150.80ms min=56.53ms max=417.41ms count=9
03-14 23:02:12.129 15307 15307 I ViewInteraction: Checking 'MatchesViewAssertion(Detox){viewMatcher=(view has effective visibility <VISIBLE> and view.getGlobalVisibleRect() covers at least <75> percent of the view's area)}' assertion on view (view.getTag() is "add-expense-note-toggle" and view has effective visibility <VISIBLE>)
03-14 23:02:12.141 15307 15358 I DetoxWSClient: Sending out action 'invokeResult' (ID #16)
03-14 23:02:12.142 15307 15358 I DetoxDispatcher: Done with action 'invoke'
03-14 23:02:12.260 15307 15365 D DetoxWSClient: Received action 'invoke' (ID #17, params={"target":{"type":"Class","value":"com.wix.detox.espresso.EspressoDetox"},"method":"perform","args":[{"type":"Invocation","value":{"target":{"type":"Class","value":"com.wix.detox.espresso.DetoxMatcher"},"method":"matcherForTestId","args":["add-expense-note-toggle",{"type":"boolean","value":false}]}},{"type":"Invocation","value":{"target":{"type":"Class","value":"com.wix.detox.espresso.DetoxViewActions"},"method":"click","args":[]}}]})
03-14 23:02:12.261 15307 15358 I DetoxDispatcher: Handling action 'invoke' (ID #17)...
03-14 23:02:12.261 15307 15358 D Detox   : class com.wix.detox.espresso.DetoxMatcher, matcherForTestId, [add-expense-note-toggle, false]
03-14 23:02:12.263 15307 15358 D Detox   : class com.wix.detox.espresso.DetoxViewActions, click, []
03-14 23:02:12.264 15307 15358 D Detox   : class com.wix.detox.espresso.EspressoDetox, perform, [(view.getTag() is "add-expense-note-toggle" and view has effective visibility <VISIBLE>), com.wix.detox.espresso.action.RNClickAction@2d41c9f]
03-14 23:02:12.267 15307 15307 I ViewInteraction: Performing 'com.wix.detox.espresso.action.detoxsingletap@702d1ec click' action on view (view.getTag() is "add-expense-note-toggle" and view has effective visibility <VISIBLE>)
03-14 23:02:12.427 15307 15307 D AutofillManager: notifyViewReadyInner:1073741826
03-14 23:02:12.679 15307 15375 D EGL_emulation: app_time_stats: avg=66.43ms min=12.90ms max=353.44ms count=11
03-14 23:02:12.703 15307 15358 I DetoxWSClient: Sending out action 'invokeResult' (ID #17)
03-14 23:02:12.705 15307 15358 I DetoxDispatcher: Done with action 'invoke'
03-14 23:02:12.725 15307 15365 D DetoxWSClient: Received action 'invoke' (ID #18, params={"target":{"type":"Class","value":"com.wix.detox.espresso.DetoxAssertion"},"method":"waitForAssertMatcher","args":[{"type":"Invocation","value":{"target":{"type":"Class","value":"androidx.test.espresso.Espresso"},"method":"onView","args":[{"type":"Invocation","value":{"target":{"type":"Class","value":"com.wix.detox.espresso.DetoxMatcher"},"method":"matcherForTestId","args":["add-expense-note-input",{"type":"boolean","value":false}]}}]}},{"type":"Invocation","value":{"target":{"type":"Class","value":"com.wix.detox.espresso.DetoxMatcher"},"method":"matcherForSufficientlyVisible","args":[{"type":"Integer","value":75}]}},{"type":"Double","value":10}]})
03-14 23:02:12.733 15307 15358 I DetoxDispatcher: Handling action 'invoke' (ID #18)...
03-14 23:02:12.734 15307 15358 D Detox   : class com.wix.detox.espresso.DetoxMatcher, matcherForTestId, [add-expense-note-input, false]
03-14 23:02:12.734 15307 15358 D Detox   : class androidx.test.espresso.Espresso, onView, [(view.getTag() is "add-expense-note-input" and view has effective visibility <VISIBLE>)]
03-14 23:02:12.735 15307 15358 D Detox   : class com.wix.detox.espresso.DetoxMatcher, matcherForSufficientlyVisible, [75]
03-14 23:02:12.736 15307 15358 D Detox   : class com.wix.detox.espresso.DetoxAssertion, waitForAssertMatcher, [androidx.test.espresso.ViewInteraction@a0e0b67, (view has effective visibility <VISIBLE> and view.getGlobalVisibleRect() covers at least <75> percent of the view's area), 10.0]
03-14 23:02:12.737 15307 15307 I ViewInteraction: Checking 'MatchesViewAssertion(Detox){viewMatcher=(view has effective visibility <VISIBLE> and view.getGlobalVisibleRect() covers at least <75> percent of the view's area)}' assertion on view (view.getTag() is "add-expense-note-input" and view has effective visibility <VISIBLE>)
03-14 23:02:12.743 15307 15404 D TrafficStats: tagSocket(142) with statsTag=0xffffffff, statsUid=-1
03-14 23:02:12.745 15307 15358 I DetoxWSClient: Sending out action 'invokeResult' (ID #18)
03-14 23:02:12.745 15307 15358 I DetoxDispatcher: Done with action 'invoke'
03-14 23:02:12.749 15307 15365 D DetoxWSClient: Received action 'invoke' (ID #19, params={"target":{"type":"Class","value":"com.wix.detox.espresso.EspressoDetox"},"method":"perform","args":[{"type":"Invocation","value":{"target":{"type":"Class","value":"com.wix.detox.espresso.DetoxMatcher"},"method":"matcherForTestId","args":["add-expense-note-input",{"type":"boolean","value":false}]}},{"type":"Invocation","value":{"target":{"type":"Class","value":"androidx.test.espresso.action.ViewActions"},"method":"replaceText","args":["detox-smoke-note"]}}]})
03-14 23:02:12.751 15307 15358 I DetoxDispatcher: Handling action 'invoke' (ID #19)...
03-14 23:02:12.751 15307 15358 D Detox   : class com.wix.detox.espresso.DetoxMatcher, matcherForTestId, [add-expense-note-input, false]
03-14 23:02:12.752 15307 15358 D Detox   : class androidx.test.espresso.action.ViewActions, replaceText, [detox-smoke-note]
03-14 23:02:12.752 15307 15358 D Detox   : class com.wix.detox.espresso.EspressoDetox, perform, [(view.getTag() is "add-expense-note-input" and view has effective visibility <VISIBLE>), androidx.test.espresso.action.ReplaceTextAction@f65f703]
03-14 23:02:12.753 15307 15307 I ViewInteraction: Performing 'replace text(detox-smoke-note)' action on view (view.getTag() is "add-expense-note-input" and view has effective visibility <VISIBLE>)
03-14 23:02:12.784 15307 15358 I DetoxWSClient: Sending out action 'invokeResult' (ID #19)
03-14 23:02:12.786 15307 15358 I DetoxDispatcher: Done with action 'invoke'
03-14 23:02:12.788 15307 15365 D DetoxWSClient: Received action 'invoke' (ID #20, params={"target":{"type":"Class","value":"com.wix.detox.espresso.DetoxAssertion"},"method":"waitForAssertMatcher","args":[{"type":"Invocation","value":{"target":{"type":"Class","value":"androidx.test.espresso.Espresso"},"method":"onView","args":[{"type":"Invocation","value":{"target":{"type":"Class","value":"com.wix.detox.espresso.DetoxMatcher"},"method":"matcherForTestId","args":["add-expense-save-button",{"type":"boolean","value":false}]}}]}},{"type":"Invocation","value":{"target":{"type":"Class","value":"com.wix.detox.espresso.DetoxMatcher"},"method":"matcherForSufficientlyVisible","args":[{"type":"Integer","value":75}]}},{"type":"Double","value":10}]})
03-14 23:02:12.789 15307 15358 I DetoxDispatcher: Handling action 'invoke' (ID #20)...
03-14 23:02:12.789 15307 15358 D Detox   : class com.wix.detox.espresso.DetoxMatcher, matcherForTestId, [add-expense-save-button, false]
03-14 23:02:12.789 15307 15358 D Detox   : class androidx.test.espresso.Espresso, onView, [(view.getTag() is "add-expense-save-button" and view has effective visibility <VISIBLE>)]
03-14 23:02:12.790 15307 15358 D Detox   : class com.wix.detox.espresso.DetoxMatcher, matcherForSufficientlyVisible, [75]
03-14 23:02:12.790 15307 15358 D Detox   : class com.wix.detox.espresso.DetoxAssertion, waitForAssertMatcher, [androidx.test.espresso.ViewInteraction@605437b, (view has effective visibility <VISIBLE> and view.getGlobalVisibleRect() covers at least <75> percent of the view's area), 10.0]
03-14 23:02:12.792 15307 15307 I ViewInteraction: Checking 'MatchesViewAssertion(Detox){viewMatcher=(view has effective visibility <VISIBLE> and view.getGlobalVisibleRect() covers at least <75> percent of the view's area)}' assertion on view (view.getTag() is "add-expense-save-button" and view has effective visibility <VISIBLE>)
03-14 23:02:12.827 15307 15307 I AssistStructure: Flattened final assist data: 4040 bytes, containing 1 windows, 30 views
03-14 23:02:12.881 15307 15307 I ViewInteraction: Checking 'MatchesViewAssertion(Detox){viewMatcher=(view has effective visibility <VISIBLE> and view.getGlobalVisibleRect() covers at least <75> percent of the view's area)}' assertion on view (view.getTag() is "add-expense-save-button" and view has effective visibility <VISIBLE>)
03-14 23:02:13.062 15307 15307 I ViewInteraction: Checking 'MatchesViewAssertion(Detox){viewMatcher=(view has effective visibility <VISIBLE> and view.getGlobalVisibleRect() covers at least <75> percent of the view's area)}' assertion on view (view.getTag() is "add-expense-save-button" and view has effective visibility <VISIBLE>)
03-14 23:02:13.095 15307 15307 I ViewInteraction: Checking 'MatchesViewAssertion(Detox){viewMatcher=(view has effective visibility <VISIBLE> and view.getGlobalVisibleRect() covers at least <75> percent of the view's area)}' assertion on view (view.getTag() is "add-expense-save-button" and view has effective visibility <VISIBLE>)
03-14 23:02:13.162 15307 15307 I ViewInteraction: Checking 'MatchesViewAssertion(Detox){viewMatcher=(view has effective visibility <VISIBLE> and view.getGlobalVisibleRect() covers at least <75> percent of the view's area)}' assertion on view (view.getTag() is "add-expense-save-button" and view has effective visibility <VISIBLE>)
03-14 23:02:13.194 15307 15307 I ViewInteraction: Checking 'MatchesViewAssertion(Detox){viewMatcher=(view has effective visibility <VISIBLE> and view.getGlobalVisibleRect() covers at least <75> percent of the view's area)}' assertion on view (view.getTag() is "add-expense-save-button" and view has effective visibility <VISIBLE>)
03-14 23:02:13.223 15307 15307 I ViewInteraction: Checking 'MatchesViewAssertion(Detox){viewMatcher=(view has effective visibility <VISIBLE> and view.getGlobalVisibleRect() covers at least <75> percent of the view's area)}' assertion on view (view.getTag() is "add-expense-save-button" and view has effective visibility <VISIBLE>)
03-14 23:02:13.250 15307 15307 I ViewInteraction: Checking 'MatchesViewAssertion(Detox){viewMatcher=(view has effective visibility <VISIBLE> and view.getGlobalVisibleRect() covers at least <75> percent of the view's area)}' assertion on view (view.getTag() is "add-expense-save-button" and view has effective visibility <VISIBLE>)
03-14 23:02:13.275 15307 15307 I ViewInteraction: Checking 'MatchesViewAssertion(Detox){viewMatcher=(view has effective visibility <VISIBLE> and view.getGlobalVisibleRect() covers at least <75> percent of the view's area)}' assertion on view (view.getTag() is "add-expense-save-button" and view has effective visibility <VISIBLE>)
03-14 23:02:13.299 15307 15307 I ViewInteraction: Checking 'MatchesViewAssertion(Detox){viewMatcher=(view has effective visibility <VISIBLE> and view.getGlobalVisibleRect() covers at least <75> percent of the view's area)}' assertion on view (view.getTag() is "add-expense-save-button" and view has effective visibility <VISIBLE>)
03-14 23:02:13.328 15307 15307 I ViewInteraction: Checking 'MatchesViewAssertion(Detox){viewMatcher=(view has effective visibility <VISIBLE> and view.getGlobalVisibleRect() covers at least <75> percent of the view's area)}' assertion on view (view.getTag() is "add-expense-save-button" and view has effective visibility <VISIBLE>)
03-14 23:02:13.365 15307 15307 I ViewInteraction: Checking 'MatchesViewAssertion(Detox){viewMatcher=(view has effective visibility <VISIBLE> and view.getGlobalVisibleRect() covers at least <75> percent of the view's area)}' assertion on view (view.getTag() is "add-expense-save-button" and view has effective visibility <VISIBLE>)
03-14 23:02:13.408 15307 15307 I ViewInteraction: Checking 'MatchesViewAssertion(Detox){viewMatcher=(view has effective visibility <VISIBLE> and view.getGlobalVisibleRect() covers at least <75> percent of the view's area)}' assertion on view (view.getTag() is "add-expense-save-button" and view has effective visibility <VISIBLE>)
03-14 23:02:13.410 15307 15390 D TrafficStats: tagSocket(6) with statsTag=0xffffffff, statsUid=-1
03-14 23:02:13.436 15307 15307 I ViewInteraction: Checking 'MatchesViewAssertion(Detox){viewMatcher=(view has effective visibility <VISIBLE> and view.getGlobalVisibleRect() covers at least <75> percent of the view's area)}' assertion on view (view.getTag() is "add-expense-save-button" and view has effective visibility <VISIBLE>)
03-14 23:02:13.460 15307 15307 I ViewInteraction: Checking 'MatchesViewAssertion(Detox){viewMatcher=(view has effective visibility <VISIBLE> and view.getGlobalVisibleRect() covers at least <75> percent of the view's area)}' assertion on view (view.getTag() is "add-expense-save-button" and view has effective visibility <VISIBLE>)
03-14 23:02:13.491 15307 15307 I ViewInteraction: Checking 'MatchesViewAssertion(Detox){viewMatcher=(view has effective visibility <VISIBLE> and view.getGlobalVisibleRect() covers at least <75> percent of the view's area)}' assertion on view (view.getTag() is "add-expense-save-button" and view has effective visibility <VISIBLE>)
03-14 23:02:13.515 15307 15307 I ViewInteraction: Checking 'MatchesViewAssertion(Detox){viewMatcher=(view has effective visibility <VISIBLE> and view.getGlobalVisibleRect() covers at least <75> percent of the view's area)}' assertion on view (view.getTag() is "add-expense-save-button" and view has effective visibility <VISIBLE>)
03-14 23:02:13.539 15307 15307 I ViewInteraction: Checking 'MatchesViewAssertion(Detox){viewMatcher=(view has effective visibility <VISIBLE> and view.getGlobalVisibleRect() covers at least <75> percent of the view's area)}' assertion on view (view.getTag() is "add-expense-save-button" and view has effective visibility <VISIBLE>)
03-14 23:02:13.564 15307 15307 I ViewInteraction: Checking 'MatchesViewAssertion(Detox){viewMatcher=(view has effective visibility <VISIBLE> and view.getGlobalVisibleRect() covers at least <75> percent of the view's area)}' assertion on view (view.getTag() is "add-expense-save-button" and view has effective visibility <VISIBLE>)
03-14 23:02:13.590 15307 15307 I ViewInteraction: Checking 'MatchesViewAssertion(Detox){viewMatcher=(view has effective visibility <VISIBLE> and view.getGlobalVisibleRect() covers at least <75> percent of the view's area)}' assertion on view (view.getTag() is "add-expense-save-button" and view has effective visibility <VISIBLE>)
03-14 23:02:13.617 15307 15307 I ViewInteraction: Checking 'MatchesViewAssertion(Detox){viewMatcher=(view has effective visibility <VISIBLE> and view.getGlobalVisibleRect() covers at least <75> percent of the view's area)}' assertion on view (view.getTag() is "add-expense-save-button" and view has effective visibility <VISIBLE>)
03-14 23:02:13.654 15307 15307 I ViewInteraction: Checking 'MatchesViewAssertion(Detox){viewMatcher=(view has effective visibility <VISIBLE> and view.getGlobalVisibleRect() covers at least <75> percent of the view's area)}' assertion on view (view.getTag() is "add-expense-save-button" and view has effective visibility <VISIBLE>)
03-14 23:02:13.679 15307 15307 I ViewInteraction: Checking 'MatchesViewAssertion(Detox){viewMatcher=(view has effective visibility <VISIBLE> and view.getGlobalVisibleRect() covers at least <75> percent of the view's area)}' assertion on view (view.getTag() is "add-expense-save-button" and view has effective visibility <VISIBLE>)
03-14 23:02:13.704 15307 15307 I ViewInteraction: Checking 'MatchesViewAssertion(Detox){viewMatcher=(view has effective visibility <VISIBLE> and view.getGlobalVisibleRect() covers at least <75> percent of the view's area)}' assertion on view (view.getTag() is "add-expense-save-button" and view has effective visibility <VISIBLE>)
03-14 23:02:13.731 15307 15307 I ViewInteraction: Checking 'MatchesViewAssertion(Detox){viewMatcher=(view has effective visibility <VISIBLE> and view.getGlobalVisibleRect() covers at least <75> percent of the view's area)}' assertion on view (view.getTag() is "add-expense-save-button" and view has effective visibility <VISIBLE>)
03-14 23:02:13.755 15307 15307 I ViewInteraction: Checking 'MatchesViewAssertion(Detox){viewMatcher=(view has effective visibility <VISIBLE> and view.getGlobalVisibleRect() covers at least <75> percent of the view's area)}' assertion on view (view.getTag() is "add-expense-save-button" and view has effective visibility <VISIBLE>)
03-14 23:02:13.804 15307 15307 I ViewInteraction: Checking 'MatchesViewAssertion(Detox){viewMatcher=(view has effective visibility <VISIBLE> and view.getGlobalVisibleRect() covers at least <75> percent of the view's area)}' assertion on view (view.getTag() is "add-expense-save-button" and view has effective visibility <VISIBLE>)
03-14 23:02:13.829 15307 15307 I ViewInteraction: Checking 'MatchesViewAssertion(Detox){viewMatcher=(view has effective visibility <VISIBLE> and view.getGlobalVisibleRect() covers at least <75> percent of the view's area)}' assertion on view (view.getTag() is "add-expense-save-button" and view has effective visibility <VISIBLE>)
03-14 23:02:13.854 15307 15307 I ViewInteraction: Checking 'MatchesViewAssertion(Detox){viewMatcher=(view has effective visibility <VISIBLE> and view.getGlobalVisibleRect() covers at least <75> percent of the view's area)}' assertion on view (view.getTag() is "add-expense-save-button" and view has effective visibility <VISIBLE>)
03-14 23:02:13.881 15307 15307 I ViewInteraction: Checking 'MatchesViewAssertion(Detox){viewMatcher=(view has effective visibility <VISIBLE> and view.getGlobalVisibleRect() covers at least <75> percent of the view's area)}' assertion on view (view.getTag() is "add-expense-save-button" and view has effective visibility <VISIBLE>)
03-14 23:02:14.017 15307 15307 I ViewInteraction: Checking 'MatchesViewAssertion(Detox){viewMatcher=(view has effective visibility <VISIBLE> and view.getGlobalVisibleRect() covers at least <75> percent of the view's area)}' assertion on view (view.getTag() is "add-expense-save-button" and view has effective visibility <VISIBLE>)
03-14 23:02:14.041 15307 15307 I ViewInteraction: Checking 'MatchesViewAssertion(Detox){viewMatcher=(view has effective visibility <VISIBLE> and view.getGlobalVisibleRect() covers at least <75> percent of the view's area)}' assertion on view (view.getTag() is "add-expense-save-button" and view has effective visibility <VISIBLE>)
03-14 23:02:14.066 15307 15307 I ViewInteraction: Checking 'MatchesViewAssertion(Detox){viewMatcher=(view has effective visibility <VISIBLE> and view.getGlobalVisibleRect() covers at least <75> percent of the view's area)}' assertion on view (view.getTag() is "add-expense-save-button" and view has effective visibility <VISIBLE>)
03-14 23:02:14.090 15307 15307 I ViewInteraction: Checking 'MatchesViewAssertion(Detox){viewMatcher=(view has effective visibility <VISIBLE> and view.getGlobalVisibleRect() covers at least <75> percent of the view's area)}' assertion on view (view.getTag() is "add-expense-save-button" and view has effective visibility <VISIBLE>)
03-14 23:02:14.117 15307 15307 I ViewInteraction: Checking 'MatchesViewAssertion(Detox){viewMatcher=(view has effective visibility <VISIBLE> and view.getGlobalVisibleRect() covers at least <75> percent of the view's area)}' assertion on view (view.getTag() is "add-expense-save-button" and view has effective visibility <VISIBLE>)
03-14 23:02:14.214 15307 15307 I ViewInteraction: Checking 'MatchesViewAssertion(Detox){viewMatcher=(view has effective visibility <VISIBLE> and view.getGlobalVisibleRect() covers at least <75> percent of the view's area)}' assertion on view (view.getTag() is "add-expense-save-button" and view has effective visibility <VISIBLE>)
03-14 23:02:14.214 15307 15375 D EGL_emulation: app_time_stats: avg=306.89ms min=80.02ms max=551.63ms count=5
03-14 23:02:14.245 15307 15307 I ViewInteraction: Checking 'MatchesViewAssertion(Detox){viewMatcher=(view has effective visibility <VISIBLE> and view.getGlobalVisibleRect() covers at least <75> percent of the view's area)}' assertion on view (view.getTag() is "add-expense-save-button" and view has effective visibility <VISIBLE>)
03-14 23:02:14.287 15307 15307 I ViewInteraction: Checking 'MatchesViewAssertion(Detox){viewMatcher=(view has effective visibility <VISIBLE> and view.getGlobalVisibleRect() covers at least <75> percent of the view's area)}' assertion on view (view.getTag() is "add-expense-save-button" and view has effective visibility <VISIBLE>)
03-14 23:02:14.319 15307 15307 I ViewInteraction: Checking 'MatchesViewAssertion(Detox){viewMatcher=(view has effective visibility <VISIBLE> and view.getGlobalVisibleRect() covers at least <75> percent of the view's area)}' assertion on view (view.getTag() is "add-expense-save-button" and view has effective visibility <VISIBLE>)
