--------- beginning of main
03-14 22:52:49.915  9090  9090 I .studentfinance: Late-enabling -Xcheck:jni
03-14 22:52:50.042  9090  9090 I .studentfinance: Using CollectorTypeCMC GC.
03-14 22:52:50.046  9090  9090 W .studentfinance: Unexpected CPU variant for x86: x86_64.
03-14 22:52:50.046  9090  9090 W .studentfinance: Known variants: atom, sandybridge, silvermont, goldmont, goldmont-plus, goldmont-without-sha-xsaves, tremont, kabylake, default
03-14 22:52:50.064  9090  9090 D nativeloader: Load libframework-connectivity-tiramisu-jni.so using APEX ns com_android_tethering for caller /apex/com.android.tethering/javalib/framework-connectivity-t.jar: ok
--------- beginning of system
03-14 22:52:50.113  9090  9090 W ActivityThread: Package uses different ABI(s) than its instrumentation: package[com.mcfuzzysquirrel.studentfinance]: x86_64, null instrumentation[com.mcfuzzysquirrel.studentfinance.test]: null, null
03-14 22:52:50.119  9090  9090 W .studentfinance: ClassLoaderContext shared library size mismatch. Expected=2, found=0 (PCL[]{PCL[/system/framework/android.test.base.jar*724373495]#PCL[/system/framework/android.test.mock.jar*1452759902]} | PCL[])
03-14 22:52:50.123  9090  9090 W .studentfinance: ClassLoaderContext classpath size mismatch. expected=0, found=1 (PCL[] | PCL[/system/framework/android.test.runner.jar*2496447986])
03-14 22:52:50.129  9090  9090 W .studentfinance: ClassLoaderContext classpath size mismatch. expected=0, found=2 (PCL[] | PCL[/system/framework/android.test.runner.jar*2496447986:/system/framework/android.test.mock.jar*1452759902])
03-14 22:52:50.130  9090  9090 W ziparchive: Unable to open '/data/app/~~qPwyPOpDhMpoXHDsW2NEZQ==/com.mcfuzzysquirrel.studentfinance.test-KqLJwfLMMP_UH_m8l44NyA==/base.dm': No such file or directory
03-14 22:52:50.130  9090  9090 W ziparchive: Unable to open '/data/app/~~qPwyPOpDhMpoXHDsW2NEZQ==/com.mcfuzzysquirrel.studentfinance.test-KqLJwfLMMP_UH_m8l44NyA==/base.dm': No such file or directory
03-14 22:52:50.284  9090  9090 W ziparchive: Unable to open '/data/app/~~O8MqqjAvC8wCQ1TcviHyVg==/com.mcfuzzysquirrel.studentfinance-BKZAOgoFB2d_438N7G8fEQ==/base.dm': No such file or directory
03-14 22:52:50.284  9090  9090 W ziparchive: Unable to open '/data/app/~~O8MqqjAvC8wCQ1TcviHyVg==/com.mcfuzzysquirrel.studentfinance-BKZAOgoFB2d_438N7G8fEQ==/base.dm': No such file or directory
03-14 22:52:50.741  9090  9090 D nativeloader: Configuring clns-7 for other apk /system/framework/android.test.runner.jar:/system/framework/android.test.mock.jar:/system/framework/android.test.base.jar:/data/app/~~qPwyPOpDhMpoXHDsW2NEZQ==/com.mcfuzzysquirrel.studentfinance.test-KqLJwfLMMP_UH_m8l44NyA==/base.apk:/data/app/~~O8MqqjAvC8wCQ1TcviHyVg==/com.mcfuzzysquirrel.studentfinance-BKZAOgoFB2d_438N7G8fEQ==/base.apk. target_sdk_version=36, uses_libraries=, library_path=/data/app/~~qPwyPOpDhMpoXHDsW2NEZQ==/com.mcfuzzysquirrel.studentfinance.test-KqLJwfLMMP_UH_m8l44NyA==/lib/x86_64:/data/app/~~O8MqqjAvC8wCQ1TcviHyVg==/com.mcfuzzysquirrel.studentfinance-BKZAOgoFB2d_438N7G8fEQ==/lib/x86_64:/data/app/~~qPwyPOpDhMpoXHDsW2NEZQ==/com.mcfuzzysquirrel.studentfinance.test-KqLJwfLMMP_UH_m8l44NyA==/base.apk!/lib/x86_64:/data/app/~~O8MqqjAvC8wCQ1TcviHyVg==/com.mcfuzzysquirrel.studentfinance-BKZAOgoFB2d_438N7G8fEQ==/base.apk!/lib/x86_64, permitted_path=/data:/mnt/expand:/data/user/0/com.mcfuzzysquirrel.studentfinance
03-14 22:52:50.758  9090  9090 V GraphicsEnvironment: Currently set values for:
03-14 22:52:50.758  9090  9090 V GraphicsEnvironment:   angle_gl_driver_selection_pkgs=[]
03-14 22:52:50.758  9090  9090 V GraphicsEnvironment:   angle_gl_driver_selection_values=[]
03-14 22:52:50.758  9090  9090 V GraphicsEnvironment: Global.Settings values are invalid: number of packages: 0, number of values: 0
03-14 22:52:50.758  9090  9090 V GraphicsEnvironment: Neither updatable production driver nor prerelease driver is supported.
03-14 22:52:50.766  9090  9090 D ApplicationLoaders: Returning zygote-cached class loader: /system/framework/android.test.base.jar
03-14 22:52:50.768  9090  9090 D nativeloader: Configuring clns-8 for other apk /system/framework/android.test.mock.jar. target_sdk_version=36, uses_libraries=ALL, library_path=/data/app/~~qPwyPOpDhMpoXHDsW2NEZQ==/com.mcfuzzysquirrel.studentfinance.test-KqLJwfLMMP_UH_m8l44NyA==/lib/x86_64:/data/app/~~O8MqqjAvC8wCQ1TcviHyVg==/com.mcfuzzysquirrel.studentfinance-BKZAOgoFB2d_438N7G8fEQ==/lib/x86_64, permitted_path=/data:/mnt/expand
03-14 22:52:50.770  9090  9090 D ApplicationLoaders: Returning zygote-cached class loader: /system/framework/android.test.base.jar
03-14 22:52:50.772  9090  9090 D nativeloader: Configuring clns-9 for other apk /system/framework/android.test.runner.jar. target_sdk_version=36, uses_libraries=ALL, library_path=/data/app/~~qPwyPOpDhMpoXHDsW2NEZQ==/com.mcfuzzysquirrel.studentfinance.test-KqLJwfLMMP_UH_m8l44NyA==/lib/x86_64:/data/app/~~O8MqqjAvC8wCQ1TcviHyVg==/com.mcfuzzysquirrel.studentfinance-BKZAOgoFB2d_438N7G8fEQ==/lib/x86_64, permitted_path=/data:/mnt/expand
03-14 22:52:50.774  9090  9090 W .studentfinance: ClassLoaderContext shared library size mismatch. Expected=2, found=3 (PCL[]{PCL[/system/framework/android.test.base.jar*724373495]#PCL[/system/framework/android.test.mock.jar*1452759902]} | PCL[]{PCL[/system/framework/android.test.base.jar*724373495]#PCL[/system/framework/android.test.mock.jar*1452759902]#PCL[/system/framework/android.test.runner.jar*2496447986]{PCL[/system/framework/android.test.base.jar*724373495]#PCL[/system/framework/android.test.mock.jar*1452759902]}};PCL[/system/framework/android.test.runner.jar*2496447986:/system/framework/android.test.mock.jar*1452759902:/system/framework/android.test.base.jar*724373495:/data/app/~~qPwyPOpDhMpoXHDsW2NEZQ==/com.mcfuzzysquirrel.studentfinance.test-KqLJwfLMMP_UH_m8l44NyA==/base.apk*3224200876:/data/app/~~O8MqqjAvC8wCQ1TcviHyVg==/com.mcfuzzysquirrel.studentfinance-BKZAOgoFB2d_438N7G8fEQ==/base.apk*2060289533])
03-14 22:52:50.775  9090  9090 W .studentfinance: ClassLoaderContext classpath size mismatch. expected=0, found=1 (PCL[] | PCL[/system/framework/android.test.runner.jar*2496447986]{PCL[/system/framework/android.test.base.jar*724373495]#PCL[/system/framework/android.test.mock.jar*1452759902]#PCL[/system/framework/android.test.runner.jar*2496447986]{PCL[/system/framework/android.test.base.jar*724373495]#PCL[/system/framework/android.test.mock.jar*1452759902]}};PCL[/system/framework/android.test.runner.jar*2496447986:/system/framework/android.test.mock.jar*1452759902:/system/framework/android.test.base.jar*724373495:/data/app/~~qPwyPOpDhMpoXHDsW2NEZQ==/com.mcfuzzysquirrel.studentfinance.test-KqLJwfLMMP_UH_m8l44NyA==/base.apk*3224200876:/data/app/~~O8MqqjAvC8wCQ1TcviHyVg==/com.mcfuzzysquirrel.studentfinance-BKZAOgoFB2d_438N7G8fEQ==/base.apk*2060289533])
03-14 22:52:50.777  9090  9090 W .studentfinance: ClassLoaderContext classpath size mismatch. expected=0, found=2 (PCL[] | PCL[/system/framework/android.test.runner.jar*2496447986:/system/framework/android.test.mock.jar*1452759902]{PCL[/system/framework/android.test.base.jar*724373495]#PCL[/system/framework/android.test.mock.jar*1452759902]#PCL[/system/framework/android.test.runner.jar*2496447986]{PCL[/system/framework/android.test.base.jar*724373495]#PCL[/system/framework/android.test.mock.jar*1452759902]}};PCL[/system/framework/android.test.runner.jar*2496447986:/system/framework/android.test.mock.jar*1452759902:/system/framework/android.test.base.jar*724373495:/data/app/~~qPwyPOpDhMpoXHDsW2NEZQ==/com.mcfuzzysquirrel.studentfinance.test-KqLJwfLMMP_UH_m8l44NyA==/base.apk*3224200876:/data/app/~~O8MqqjAvC8wCQ1TcviHyVg==/com.mcfuzzysquirrel.studentfinance-BKZAOgoFB2d_438N7G8fEQ==/base.apk*2060289533])
03-14 22:52:50.779  9090  9090 W ziparchive: Unable to open '/data/app/~~qPwyPOpDhMpoXHDsW2NEZQ==/com.mcfuzzysquirrel.studentfinance.test-KqLJwfLMMP_UH_m8l44NyA==/base.dm': No such file or directory
03-14 22:52:50.779  9090  9090 W ziparchive: Unable to open '/data/app/~~qPwyPOpDhMpoXHDsW2NEZQ==/com.mcfuzzysquirrel.studentfinance.test-KqLJwfLMMP_UH_m8l44NyA==/base.dm': No such file or directory
03-14 22:52:50.900  9090  9090 W ziparchive: Unable to open '/data/app/~~O8MqqjAvC8wCQ1TcviHyVg==/com.mcfuzzysquirrel.studentfinance-BKZAOgoFB2d_438N7G8fEQ==/base.dm': No such file or directory
03-14 22:52:50.900  9090  9090 W ziparchive: Unable to open '/data/app/~~O8MqqjAvC8wCQ1TcviHyVg==/com.mcfuzzysquirrel.studentfinance-BKZAOgoFB2d_438N7G8fEQ==/base.dm': No such file or directory
03-14 22:52:51.338  9090  9090 I AndroidJUnitRunner: newApplication com.mcfuzzysquirrel.studentfinance.MainApplication
03-14 22:52:51.372  9090  9090 I AndroidJUnitRunner: onCreate Bundle[mParcelledData.dataSize=312]
03-14 22:52:51.374  9090  9090 D AndroidJUnitRunner: Use the raw file system for managing file I/O.
03-14 22:52:51.432  9090  9090 V TestEventClient: No service name argument was given (testDiscoveryService, testRunEventService or orchestratorService)
03-14 22:52:51.433  9090  9113 D AndroidJUnitRunner: onStart is called.
03-14 22:52:51.436  9090  9090 W SoLoader: Initializing SoLoader: 0
03-14 22:52:51.437  9090  9090 W SoLoader: Recording new base apk path: /data/app/~~O8MqqjAvC8wCQ1TcviHyVg==/com.mcfuzzysquirrel.studentfinance-BKZAOgoFB2d_438N7G8fEQ==/base.apk
03-14 22:52:51.437  9090  9090 W SoLoader: Previously recorded 0 base apk paths.
03-14 22:52:51.440  9090  9090 I SoLoader: Preparing SO source: DirectorySoSource[root = /vendor/lib64 flags = 2]
03-14 22:52:51.440  9090  9090 I SoLoader: Preparing SO source: DirectorySoSource[root = /system/lib64 flags = 2]
03-14 22:52:51.440  9090  9090 I SoLoader: Preparing SO source: DirectApkSoSource[root = [/data/app/~~O8MqqjAvC8wCQ1TcviHyVg==/com.mcfuzzysquirrel.studentfinance-BKZAOgoFB2d_438N7G8fEQ==/base.apk!/lib/x86_64]]
03-14 22:52:51.454  9090  9090 I SoLoader: Preparing SO source: ApplicationSoSource[DirectorySoSource[root = /data/app/~~O8MqqjAvC8wCQ1TcviHyVg==/com.mcfuzzysquirrel.studentfinance-BKZAOgoFB2d_438N7G8fEQ==/lib/x86_64 flags = 0]]
03-14 22:52:51.455  9090  9090 I SoLoader: init finish: 4 SO sources prepared
03-14 22:52:51.455  9090  9090 W SoLoader: SoLoader initialized: 8
03-14 22:52:51.480  9090  9090 D nativeloader: Load /data/app/~~O8MqqjAvC8wCQ1TcviHyVg==/com.mcfuzzysquirrel.studentfinance-BKZAOgoFB2d_438N7G8fEQ==/base.apk!/lib/x86_64/libc++_shared.so using ns clns-7 from class loader (caller=/data/app/~~O8MqqjAvC8wCQ1TcviHyVg==/com.mcfuzzysquirrel.studentfinance-BKZAOgoFB2d_438N7G8fEQ==/base.apk): ok
03-14 22:52:51.506  9090  9090 D nativeloader: Load /data/app/~~O8MqqjAvC8wCQ1TcviHyVg==/com.mcfuzzysquirrel.studentfinance-BKZAOgoFB2d_438N7G8fEQ==/base.apk!/lib/x86_64/libjsi.so using ns clns-7 from class loader (caller=/data/app/~~O8MqqjAvC8wCQ1TcviHyVg==/com.mcfuzzysquirrel.studentfinance-BKZAOgoFB2d_438N7G8fEQ==/base.apk): ok
03-14 22:52:51.516  9090  9090 D nativeloader: Load /data/app/~~O8MqqjAvC8wCQ1TcviHyVg==/com.mcfuzzysquirrel.studentfinance-BKZAOgoFB2d_438N7G8fEQ==/base.apk!/lib/x86_64/libfbjni.so using ns clns-7 from class loader (caller=/data/app/~~O8MqqjAvC8wCQ1TcviHyVg==/com.mcfuzzysquirrel.studentfinance-BKZAOgoFB2d_438N7G8fEQ==/base.apk): ok
03-14 22:52:51.528  9090  9090 D nativeloader: Load /data/app/~~O8MqqjAvC8wCQ1TcviHyVg==/com.mcfuzzysquirrel.studentfinance-BKZAOgoFB2d_438N7G8fEQ==/base.apk!/lib/x86_64/libreactnative.so using ns clns-7 from class loader (caller=/data/app/~~O8MqqjAvC8wCQ1TcviHyVg==/com.mcfuzzysquirrel.studentfinance-BKZAOgoFB2d_438N7G8fEQ==/base.apk): ok
03-14 22:52:51.529  9090  9090 D jni_lib_merge: Entering merged library JNI_OnLoad.
03-14 22:52:51.529  9090  9090 D jni_lib_merge: Preparing 12 pre-merged libs (including stub)
03-14 22:52:51.529  9090  9090 D jni_lib_merge: Preparing to register libfabricjni_so.  onload_func: 0x727ce3dd9730
03-14 22:52:51.529  9090  9090 D jni_lib_merge: Preparing to register libreact_devsupportjni_so.  onload_func: 0x727ce3fd6190
03-14 22:52:51.529  9090  9090 D jni_lib_merge: Preparing to register libreact_featureflagsjni_so.  onload_func: 0x727ce3fe7910
03-14 22:52:51.529  9090  9090 D jni_lib_merge: Preparing to register libreact_newarchdefaults_so.  onload_func: 0x727ce4088d20
03-14 22:52:51.529  9090  9090 D jni_lib_merge: Preparing to register libreactnativeblob_so.  onload_func: 0x727ce42932e0
03-14 22:52:51.529  9090  9090 D jni_lib_merge: Preparing to register libreactnativejni_so.  onload_func: 0x727ce42d3770
03-14 22:52:51.529  9090  9090 D jni_lib_merge: Preparing to register libreactnativejni_common_so.  onload_func: 0x727ce42e35d0
03-14 22:52:51.529  9090  9090 D jni_lib_merge: Preparing to register librninstance_so.  onload_func: 0x727ce43204c0
03-14 22:52:51.529  9090  9090 D jni_lib_merge: Preparing to register libturbomodulejsijni_so.  onload_func: 0x727ce4481c00
03-14 22:52:51.529  9090  9090 D jni_lib_merge: Preparing to register libuimanagerjni_so.  onload_func: 0x727ce4499de0
03-14 22:52:51.529  9090  9090 D jni_lib_merge: Preparing to register libyoga_so.  onload_func: 0x727ce44a8d70
03-14 22:52:51.529  9090  9090 D jni_lib_merge: About to register 11 actual methods.
03-14 22:52:51.563  9090  9090 D nativeloader: Load /data/app/~~O8MqqjAvC8wCQ1TcviHyVg==/com.mcfuzzysquirrel.studentfinance-BKZAOgoFB2d_438N7G8fEQ==/base.apk!/lib/x86_64/libreact_codegen_rnscreens.so using ns clns-7 from class loader (caller=/data/app/~~O8MqqjAvC8wCQ1TcviHyVg==/com.mcfuzzysquirrel.studentfinance-BKZAOgoFB2d_438N7G8fEQ==/base.apk): ok
03-14 22:52:51.563  9090  9090 D jni_lib_merge: Entering merged library JNI_OnLoad.
03-14 22:52:51.563  9090  9090 D jni_lib_merge: Preparing 12 pre-merged libs (including stub)
03-14 22:52:51.563  9090  9090 D jni_lib_merge: Preparing to register libfabricjni_so.  onload_func: 0x727ce3dd9730
03-14 22:52:51.564  9090  9090 D jni_lib_merge: Preparing to register libreact_devsupportjni_so.  onload_func: 0x727ce3fd6190
03-14 22:52:51.564  9090  9090 D jni_lib_merge: Preparing to register libreact_featureflagsjni_so.  onload_func: 0x727ce3fe7910
03-14 22:52:51.564  9090  9090 D jni_lib_merge: Preparing to register libreact_newarchdefaults_so.  onload_func: 0x727ce4088d20
03-14 22:52:51.564  9090  9090 D jni_lib_merge: Preparing to register libreactnativeblob_so.  onload_func: 0x727ce42932e0
03-14 22:52:51.564  9090  9090 D jni_lib_merge: Preparing to register libreactnativejni_so.  onload_func: 0x727ce42d3770
03-14 22:52:51.564  9090  9090 D jni_lib_merge: Preparing to register libreactnativejni_common_so.  onload_func: 0x727ce42e35d0
03-14 22:52:51.564  9090  9090 D jni_lib_merge: Preparing to register librninstance_so.  onload_func: 0x727ce43204c0
03-14 22:52:51.564  9090  9090 D jni_lib_merge: Preparing to register libturbomodulejsijni_so.  onload_func: 0x727ce4481c00
03-14 22:52:51.564  9090  9090 D jni_lib_merge: Preparing to register libuimanagerjni_so.  onload_func: 0x727ce4499de0
03-14 22:52:51.564  9090  9090 D jni_lib_merge: Preparing to register libyoga_so.  onload_func: 0x727ce44a8d70
03-14 22:52:51.564  9090  9090 D jni_lib_merge: About to register 11 actual methods.
03-14 22:52:51.577  9090  9090 D nativeloader: Load /data/app/~~O8MqqjAvC8wCQ1TcviHyVg==/com.mcfuzzysquirrel.studentfinance-BKZAOgoFB2d_438N7G8fEQ==/base.apk!/lib/x86_64/libreact_codegen_rnsvg.so using ns clns-7 from class loader (caller=/data/app/~~O8MqqjAvC8wCQ1TcviHyVg==/com.mcfuzzysquirrel.studentfinance-BKZAOgoFB2d_438N7G8fEQ==/base.apk): ok
03-14 22:52:51.577  9090  9090 D jni_lib_merge: Entering merged library JNI_OnLoad.
03-14 22:52:51.577  9090  9090 D jni_lib_merge: Preparing 12 pre-merged libs (including stub)
03-14 22:52:51.577  9090  9090 D jni_lib_merge: Preparing to register libfabricjni_so.  onload_func: 0x727ce3dd9730
03-14 22:52:51.577  9090  9090 D jni_lib_merge: Preparing to register libreact_devsupportjni_so.  onload_func: 0x727ce3fd6190
03-14 22:52:51.577  9090  9090 D jni_lib_merge: Preparing to register libreact_featureflagsjni_so.  onload_func: 0x727ce3fe7910
03-14 22:52:51.577  9090  9090 D jni_lib_merge: Preparing to register libreact_newarchdefaults_so.  onload_func: 0x727ce4088d20
03-14 22:52:51.577  9090  9090 D jni_lib_merge: Preparing to register libreactnativeblob_so.  onload_func: 0x727ce42932e0
03-14 22:52:51.577  9090  9090 D jni_lib_merge: Preparing to register libreactnativejni_so.  onload_func: 0x727ce42d3770
03-14 22:52:51.577  9090  9090 D jni_lib_merge: Preparing to register libreactnativejni_common_so.  onload_func: 0x727ce42e35d0
03-14 22:52:51.577  9090  9090 D jni_lib_merge: Preparing to register librninstance_so.  onload_func: 0x727ce43204c0
03-14 22:52:51.577  9090  9090 D jni_lib_merge: Preparing to register libturbomodulejsijni_so.  onload_func: 0x727ce4481c00
03-14 22:52:51.577  9090  9090 D jni_lib_merge: Preparing to register libuimanagerjni_so.  onload_func: 0x727ce4499de0
03-14 22:52:51.577  9090  9090 D jni_lib_merge: Preparing to register libyoga_so.  onload_func: 0x727ce44a8d70
03-14 22:52:51.577  9090  9090 D jni_lib_merge: About to register 11 actual methods.
03-14 22:52:51.591  9090  9090 D nativeloader: Load /data/app/~~O8MqqjAvC8wCQ1TcviHyVg==/com.mcfuzzysquirrel.studentfinance-BKZAOgoFB2d_438N7G8fEQ==/base.apk!/lib/x86_64/libreact_codegen_safeareacontext.so using ns clns-7 from class loader (caller=/data/app/~~O8MqqjAvC8wCQ1TcviHyVg==/com.mcfuzzysquirrel.studentfinance-BKZAOgoFB2d_438N7G8fEQ==/base.apk): ok
03-14 22:52:51.598  9090  9090 D nativeloader: Load /data/app/~~O8MqqjAvC8wCQ1TcviHyVg==/com.mcfuzzysquirrel.studentfinance-BKZAOgoFB2d_438N7G8fEQ==/base.apk!/lib/x86_64/libappmodules.so using ns clns-7 from class loader (caller=/data/app/~~O8MqqjAvC8wCQ1TcviHyVg==/com.mcfuzzysquirrel.studentfinance-BKZAOgoFB2d_438N7G8fEQ==/base.apk): ok
03-14 22:52:51.664  9090  9113 I InstrConnection: Could not send broadcast or register receiver (isolatedProcess?)
03-14 22:52:51.667  9090  9113 D TestRequestBuilder: Using class path scanning to discover tests
03-14 22:52:51.668  9090  9113 I TestRequestBuilder: Scanning classpath to find tests in paths [/data/app/~~qPwyPOpDhMpoXHDsW2NEZQ==/com.mcfuzzysquirrel.studentfinance.test-KqLJwfLMMP_UH_m8l44NyA==/base.apk]
03-14 22:52:51.669  9090  9113 W .studentfinance: Opening an oat file without a class loader. Are you using the deprecated DexFile APIs?
03-14 22:52:52.097  9090  9113 I TestRunner: run started: 1 tests
03-14 22:52:52.097  9090  9113 I TestRunner: started: runDetoxTests(com.mcfuzzysquirrel.studentfinance.DetoxTest)
03-14 22:52:52.102  9090  9113 I Detox   : Detox server connection details: url=ws://localhost:45913, sessionId=09664e91-fdcf-22e1-af8e-d3275d81a9b7
03-14 22:52:52.109  9090  9113 I Tracing : Tracer added: class androidx.test.platform.tracing.AndroidXTracer
03-14 22:52:52.119  9090  9113 W .studentfinance: Accessing hidden field Ljava/lang/reflect/Field;->accessFlags:I (unsupported, reflection, allowed)
03-14 22:52:52.121  9090  9113 I Detox   : Connecting to server...
03-14 22:52:52.121  9090  9113 I DetoxWSClient: At connectToServer
03-14 22:52:52.193  9090  9119 D TrafficStats: tagSocket(102) with statsTag=0xffffffff, statsUid=-1
03-14 22:52:52.206  9090  9119 D DetoxWSClient: At onOpen
03-14 22:52:52.207  9090  9119 I DetoxWSClient: Sending out action 'login' (ID #0)
03-14 22:52:52.208  9090  9119 I Detox   : Connected to server!
03-14 22:52:52.212  9090  9119 D DetoxWSClient: Received action 'loginSuccess' (ID #0, params={"testerConnected":true,"appConnected":true})
03-14 22:52:52.212  9090  9115 I DetoxDispatcher: Handling action 'loginSuccess' (ID #0)...
03-14 22:52:52.212  9090  9115 I DetoxDispatcher: Done with action 'loginSuccess'
03-14 22:52:52.212  9090  9113 I Detox   : Launching the tested activity!
03-14 22:52:52.311  9090  9119 D DetoxWSClient: Received action 'isReady' (ID #-1000, params={})
03-14 22:52:52.314  9090  9115 I DetoxDispatcher: Handling action 'isReady' (ID #-1000)...
03-14 22:52:52.407  9090  9090 D AppCompatDelegate: Checking for metadata for AppLocalesMetadataHolderService : Service not found
03-14 22:52:52.434  9090  9090 D LifecycleMonitor: Lifecycle status change: com.mcfuzzysquirrel.studentfinance.MainActivity@340991c in: PRE_ON_CREATE
03-14 22:52:52.919  9090  9135 D TrafficStats: tagSocket(109) with statsTag=0xffffffff, statsUid=-1
03-14 22:52:52.932  9090  9135 W unknown:ReconnectingWebSocket: Couldn't connect to "ws://10.0.2.2:8081/message?device=sdk_gphone64_x86_64%20-%2015%20-%20API%2035&app=com.mcfuzzysquirrel.studentfinance&clientid=BridgelessDevSupportManager", will silently retry
03-14 22:52:52.935  9090  9090 W unknown:BridgelessReact: ReactHost{0}.startSurface(surfaceId = 0): Schedule
03-14 22:52:52.935  9090  9090 W unknown:BridgelessReact: ReactHost{0}.attachSurface(surfaceId = 0)
03-14 22:52:52.936  9090  9136 W unknown:BridgelessReact: ReactHost{0}.getOrCreateReactInstanceTask()
03-14 22:52:52.936  9090  9136 W unknown:BridgelessReact: ReactHost{0}.getOrCreateReactInstanceTask(): Start
03-14 22:52:52.936  9090  9136 D Detox.RNMarker: REACT_BRIDGELESS_LOADING_START (null)
03-14 22:52:52.937  9090  9136 W unknown:BridgelessReact: ReactHost{0}.getJSBundleLoader()
03-14 22:52:52.938  9090  9136 W unknown:BridgelessReact: ReactHost{0}.isMetroRunning()
03-14 22:52:52.940  9090  9137 D TrafficStats: tagSocket(109) with statsTag=0xffffffff, statsUid=-1
03-14 22:52:52.946  9090  9137 W unknown:ReactNative: The packager does not seem to be running as we got an IOException requesting its status: Failed to connect to /10.0.2.2:8081
03-14 22:52:52.946  9090  9137 W unknown:BridgelessReact: ReactHost{0}.isMetroRunning(): Async result = false
03-14 22:52:52.948  9090  9136 W unknown:BridgelessReact: ReactHost{0}.getOrCreateReactInstanceTask(): Creating BridgelessReactContext
03-14 22:52:52.950  9090  9136 W unknown:BridgelessReact: ReactHost{0}.getOrCreateReactInstanceTask(): Creating ReactInstance
03-14 22:52:52.973  9090  9090 W .studentfinance: Accessing hidden method Landroid/view/ViewGroup;->makeOptionalFitsSystemWindows()V (unsupported, reflection, allowed)
03-14 22:52:52.976  9090  9140 D TrafficStats: tagSocket(116) with statsTag=0xffffffff, statsUid=-1
03-14 22:52:52.980  9090  9090 D LifecycleMonitor: Lifecycle status change: com.mcfuzzysquirrel.studentfinance.MainActivity@340991c in: CREATED
03-14 22:52:52.982  9090  9090 D LifecycleMonitor: Lifecycle status change: com.mcfuzzysquirrel.studentfinance.MainActivity@340991c in: STARTED
03-14 22:52:52.985  9090  9090 W unknown:BridgelessReact: ReactHost{0}.onHostResume(activity)
03-14 22:52:52.985  9090  9090 W unknown:ReactNative: Packager connection already open, nooping.
03-14 22:52:52.985  9090  9090 W unknown:BridgelessReact: ReactHost{0}.ReactContext.onHostResume()
03-14 22:52:52.986  9090  9090 D LifecycleMonitor: Lifecycle status change: com.mcfuzzysquirrel.studentfinance.MainActivity@340991c in: RESUMED
03-14 22:52:52.995  9090  9136 D nativeloader: Load /data/app/~~O8MqqjAvC8wCQ1TcviHyVg==/com.mcfuzzysquirrel.studentfinance-BKZAOgoFB2d_438N7G8fEQ==/base.apk!/lib/x86_64/libhermesvm.so using ns clns-7 from class loader (caller=/data/app/~~O8MqqjAvC8wCQ1TcviHyVg==/com.mcfuzzysquirrel.studentfinance-BKZAOgoFB2d_438N7G8fEQ==/base.apk): ok
03-14 22:52:52.995  9090  9090 W HWUI    : Unknown dataspace 0
03-14 22:52:52.997  9090  9136 D nativeloader: Load /data/app/~~O8MqqjAvC8wCQ1TcviHyVg==/com.mcfuzzysquirrel.studentfinance-BKZAOgoFB2d_438N7G8fEQ==/base.apk!/lib/x86_64/libhermestooling.so using ns clns-7 from class loader (caller=/data/app/~~O8MqqjAvC8wCQ1TcviHyVg==/com.mcfuzzysquirrel.studentfinance-BKZAOgoFB2d_438N7G8fEQ==/base.apk): ok
03-14 22:52:52.997  9090  9136 D jni_lib_merge: Entering merged library JNI_OnLoad.
03-14 22:52:52.997  9090  9136 D jni_lib_merge: Preparing 4 pre-merged libs (including stub)
03-14 22:52:52.997  9090  9136 D jni_lib_merge: Preparing to register libhermes_executor_so.  onload_func: 0x727ce66a7050
03-14 22:52:52.997  9090  9136 D jni_lib_merge: Preparing to register libhermesinstancejni_so.  onload_func: 0x727ce66dd680
03-14 22:52:52.997  9090  9136 D jni_lib_merge: Preparing to register libjsijniprofiler_so.  onload_func: 0x727ce66df3f0
03-14 22:52:52.997  9090  9136 D jni_lib_merge: About to register 3 actual methods.
03-14 22:52:53.026  9090  9125 I EGL_emulation: Opening libGLESv1_CM_emulation.so
03-14 22:52:53.026  9090  9125 I EGL_emulation: Opening libGLESv2_emulation.so
03-14 22:52:53.060  9090  9125 W HWUI    : Failed to initialize 101010-2 format, error = EGL_SUCCESS
03-14 22:52:53.083  9090  9125 I Gralloc4: mapper 4.x 