03-14 22:09:05.763  3519  3755 E unknown:ReactHost:     at DebugContainer (address at index.android.bundle:1:1040184)
03-14 22:09:05.763  3519  3755 E unknown:ReactHost:     at RNSScreen (<anonymous>)
03-14 22:09:05.763  3519  3755 E unknown:ReactHost:     at Animated(Anonymous) (address at index.android.bundle:1:567439)
03-14 22:09:05.763  3519  3755 E unknown:ReactHost:     at Suspender (address at index.android.bundle:1:1026365)
03-14 22:09:05.763  3519  3755 E unknown:ReactHost:     at Suspense (<anonymous>)
03-14 22:09:05.763  3519  3755 E unknown:ReactHost:     at Freeze (address at index.android.bundle:1:1026425)
03-14 22:09:05.763  3519  3755 E unknown:ReactHost:     at DelayedFreeze (address at index.android.bundle:1:1026007)
03-14 22:09:05.763  3519  3755 E unknown:ReactHost:     at InnerScreen (address at index.android.bundle:1:1023395)
03-14 22:09:05.763  3519  3755 E unknown:ReactHost:     at anonymous (address at index.android.bundle:1:1025439)
03-14 22:09:05.763  3519  3755 E unknown:ReactHost:     at ScreenStackItem (address at index.android.bundle:1:1038934)
03-14 22:09:05.763  3519  3755 E unknown:ReactHost:     at NavigationProvider (address at index.android.bundle:1:904371)
03-14 22:09:05.763  3519  3755 E unknown:ReactHost:     at SceneView (address at index.android.bundle:1:1052468)
03-14 22:09:05.763  3519  3755 E unknown:ReactHost:     at RNSScreenStack (<anonymous>)
03-14 22:09:05.763  3519  3755 E unknown:ReactHost:     at anonymous (address at index.android.bundle:1:1038026)
03-14 22:09:05.763  3519  3755 E unknown:ReactHost:     at ScreenStack (address at index.android.bundle:1:1037187)
03-14 22:09:05.763  3519  3755 E unknown:ReactHost:     at RCTView (<anonymous>)
03-14 22:09:05.763  3519  3755 E unknown:ReactHost:     at View (address at index.android.bundle:1:148692)
03-14 22:09:05.763  3519  3755 E unknown:ReactHost:     at FrameSizeProvider (address at index.android.bundle:1:998002)
03-14 22:09:05.763  3519  3755 E unknown:ReactHost:     at SafeAreaProviderCompat (address at index.android.bundle:1:1009413)
03-14 22:09:05.763  3519  3755 E unknown:ReactHost:     at NativeStackView (address at index.android.bundle:1:1051030)
03-14 22:09:05.763  3519  3755 E unknown:ReactHost:     at PreventRemoveProvider (address at index.android.bundle:1:906668)
03-14 22:09:05.763  3519  3755 E unknown:ReactHost:     at NavigationStateListenerProvider (address at index.android.bundle:1:933250)
03-14 22:09:05.763  3519  3755 E unknown:ReactHost:     at NavigationContent (address at index.android.bundle:1:923171)
03-14 22:09:05.763  3519  3755 E unknown:ReactHost:     at anonymous (address at index.android.bundle:1:923074)
03-14 22:09:05.763  3519  3755 E unknown:ReactHost:     at NativeStackNavigator (address at index.android.bundle:1:1049756)
03-14 22:09:05.763  3519  3755 E unknown:ReactHost:     at RootNavigator (<anonymous>)
03-14 22:09:05.763  3519  3755 E unknown:ReactHost:     at ThemeProvider (address at index.android.bundle:1:875944)
03-14 22:09:05.763  3519  3755 E unknown:ReactHost:     at EnsureSingleNavigator (address at index.android.bundle:1:873788)
03-14 22:09:05.763  3519  3755 E unknown:ReactHost:     at BaseNavigationContainer (address at index.android.bundle:1:852528)
03-14 22:09:05.763  3519  3755 E unknown:ReactHost:     at NavigationContainerInner (address at index.android.bundle:1:941094)
03-14 22:09:05.763  3519  3755 E unknown:ReactHost:     at DatabaseProvider (address at index.android.bundle:1:1073278)
03-14 22:09:05.763  3519  3755 E unknown:ReactHost:     at RNCSafeAreaProvider (<anonymous>)
03-14 22:09:05.763  3519  3755 E unknown:ReactHost:     at SafeAreaProvider (address at index.android.bundle:1:955840)
03-14 22:09:05.763  3519  3755 E unknown:ReactHost:     at RNGestureHandlerRootView (<anonymous>)
03-14 22:09:05.763  3519  3755 E unknown:ReactHost:     at GestureHandlerRootView (address at index.android.bundle:1:726780)
03-14 22:09:05.763  3519  3755 E unknown:ReactHost:     at App (<anonymous>)
03-14 22:09:05.763  3519  3755 E unknown:ReactHost:     at RCTView (<anonymous>)
03-14 22:09:05.763  3519  3755 E unknown:ReactHost:     at View (address at index.android.bundle:1:148692)
03-14 22:09:05.763  3519  3755 E unknown:ReactHost:     at AppContainer (address at index.android.bundle:1:395561), stack:
03-14 22:09:05.763  3519  3755 E unknown:ReactHost: createFiberFromTypeAndProps@1:288631
03-14 22:09:05.763  3519  3755 E unknown:ReactHost: reconcileChildFibersImpl@1:238360
03-14 22:09:05.763  3519  3755 E unknown:ReactHost: anonymous@1:238528
03-14 22:09:05.763  3519  3755 E unknown:ReactHost: reconcileChildren@1:253641
03-14 22:09:05.763  3519  3755 E unknown:ReactHost: updateFunctionComponent@1:255605
03-14 22:09:05.763  3519  3755 E unknown:ReactHost: beginWork@1:263506
03-14 22:09:05.763  3519  3755 E unknown:ReactHost: performUnitOfWork@1:283404
03-14 22:09:05.763  3519  3755 E unknown:ReactHost: workLoopSync@1:282412
03-14 22:09:05.763  3519  3755 E unknown:ReactHost: renderRootSync@1:282244
03-14 22:09:05.763  3519  3755 E unknown:ReactHost: performWorkOnRoot@1:279819
03-14 22:09:05.763  3519  3755 E unknown:ReactHost: performWorkOnRootViaSchedulerTask@1:231313
03-14 22:09:05.763  3519  3755 E unknown:ReactHost: 
03-14 22:09:05.763  3519  3755 E unknown:ReactHost: 	at com.facebook.react.modules.core.ExceptionsManagerModule.reportException(ExceptionsManagerModule.kt:52)
03-14 22:09:05.763  3519  3755 E unknown:ReactHost: 	at com.facebook.jni.NativeRunnable.run(Native Method)
03-14 22:09:05.763  3519  3755 E unknown:ReactHost: 	at android.os.Handler.handleCallback(Handler.java:959)
03-14 22:09:05.763  3519  3755 E unknown:ReactHost: 	at android.os.Handler.dispatchMessage(Handler.java:100)
03-14 22:09:05.763  3519  3755 E unknown:ReactHost: 	at com.facebook.react.bridge.queue.MessageQueueThreadHandler.dispatchMessage(MessageQueueThreadHandler.kt:21)
03-14 22:09:05.763  3519  3755 E unknown:ReactHost: 	at androidx.test.espresso.base.TestLooperManagerCompat.execute(TestLooperManagerCompat.java:121)
03-14 22:09:05.763  3519  3755 E unknown:ReactHost: 	at androidx.test.espresso.base.Interrogator.loopAndInterrogate(Interrogator.java:128)
03-14 22:09:05.763  3519  3755 E unknown:ReactHost: 	at androidx.test.espresso.base.LooperIdlingResourceInterrogationHandler$2.run(LooperIdlingResourceInterrogationHandler.java:106)
03-14 22:09:05.763  3519  3755 E unknown:ReactHost: 	at android.os.Handler.handleCallback(Handler.java:959)
03-14 22:09:05.763  3519  3755 E unknown:ReactHost: 	at android.os.Handler.dispatchMessage(Handler.java:100)
03-14 22:09:05.763  3519  3755 E unknown:ReactHost: 	at android.os.Looper.loopOnce(Looper.java:232)
03-14 22:09:05.763  3519  3755 E unknown:ReactHost: 	at android.os.Looper.loop(Looper.java:317)
03-14 22:09:05.763  3519  3755 E unknown:ReactHost: 	at com.facebook.react.bridge.queue.MessageQueueThreadImpl$Companion.startNewBackgroundThread$lambda$0(MessageQueueThreadImpl.kt:152)
03-14 22:09:05.763  3519  3755 E unknown:ReactHost: 	at com.facebook.react.bridge.queue.MessageQueueThreadImpl$Companion.$r8$lambda$YYXYCFexeoKtAeDpeNYkxZZlpbA(Unknown Source:0)
03-14 22:09:05.763  3519  3755 E unknown:ReactHost: 	at com.facebook.react.bridge.queue.MessageQueueThreadImpl$Companion$$ExternalSyntheticLambda0.run(D8$$SyntheticClass:0)
03-14 22:09:05.763  3519  3755 E unknown:ReactHost: 	... 1 more
03-14 22:09:05.763  3519  3755 W unknown:BridgelessReact: ReactHost{0}.getOrCreateDestroyTask(): Resetting createReactInstance task ref
03-14 22:09:05.852  3519  3519 W unknown:BridgelessReact: ReactHost{0}.getOrCreateDestroyTask(): Starting React Native destruction
03-14 22:09:05.852  3519  3519 W unknown:BridgelessReact: ReactHost{0}.getOrCreateDestroyTask(): DevSupportManager cleanup
03-14 22:09:05.856  3519  3519 W unknown:BridgelessReact: ReactHost{0}.getOrCreateDestroyTask(): Move ReactHost to onHostDestroy()
03-14 22:09:05.857  3519  3519 W unknown:BridgelessReact: ReactHost{0}.ReactContext.onHostPause()
03-14 22:09:05.857  3519  3519 W unknown:BridgelessReact: ReactHost{0}.ReactContext.onHostDestroy()
03-14 22:09:05.965  3519  3519 E unknown:ReactNative: Tried to remove non-existent frame callback
03-14 22:09:05.967  3519  3755 W unknown:BridgelessReact: ReactHost{0}.getOrCreateDestroyTask(): Stopping all React Native surfaces
03-14 22:09:05.967  3519  3755 E unknown:SurfaceMountingManager: Stopping surface [1]
03-14 22:09:06.317  3519  3519 E unknown:SurfaceMountingManager: Surface [1] was stopped on SurfaceMountingManager.
03-14 22:09:06.329  3519  3519 W unknown:BridgelessReact: ReactHost{0}.getOrCreateDestroyTask(): Destroying MemoryPressureRouter
03-14 22:09:06.329  3519  3519 W unknown:BridgelessReact: ReactHost{0}.getOrCreateDestroyTask(): Resetting ReactContext ref
03-14 22:09:06.329  3519  3519 W unknown:BridgelessReact: ReactHost{0}.getOrCreateDestroyTask(): Destroying ReactContext
03-14 22:09:06.337  3519  3519 W unknown:BridgelessReact: ReactHost{0}.raiseSoftException(onWindowFocusChange(hasFocus = "false")): Tried to access onWindowFocusChange while context is not ready
03-14 22:09:06.350  3519  3775 D TrafficStats: tagSocket(155) with statsTag=0xffffffff, statsUid=-1
03-14 22:09:06.352  3519  3755 W unknown:BridgelessReact: ReactHost{0}.getOrCreateDestroyTask(): Resetting ReactInstance ptr
03-14 22:09:06.352  3519  3755 W unknown:BridgelessReact: ReactHost{0}.getOrCreateDestroyTask(): Destroying ReactInstance
03-14 22:09:06.357  3519  3774 D TrafficStats: tagSocket(113) with statsTag=0xffffffff, statsUid=-1
03-14 22:09:06.358  3519  3519 E unknown:ReactHost: Unhandled SoftException
03-14 22:09:06.358  3519  3519 E unknown:ReactHost: com.facebook.react.bridge.ReactNoCrashSoftException: raiseSoftException(onWindowFocusChange(hasFocus = "false")): Tried to access onWindowFocusChange while context is not ready
03-14 22:09:06.358  3519  3519 E unknown:ReactHost: 	at com.facebook.react.runtime.ReactHostImpl.raiseSoftException(ReactHostImpl.kt:861)
03-14 22:09:06.358  3519  3519 E unknown:ReactHost: 	at com.facebook.react.runtime.ReactHostImpl.raiseSoftException$default(ReactHostImpl.kt:852)
03-14 22:09:06.358  3519  3519 E unknown:ReactHost: 	at com.facebook.react.runtime.ReactHostImpl.onWindowFocusChange(ReactHostImpl.kt:625)
03-14 22:09:06.358  3519  3519 E unknown:ReactHost: 	at com.facebook.react.ReactDelegate.onWindowFocusChanged(ReactDelegate.kt:232)
03-14 22:09:06.358  3519  3519 E unknown:ReactHost: 	at com.facebook.react.ReactActivityDelegate.onWindowFocusChanged(ReactActivityDelegate.java:237)
03-14 22:09:06.358  3519  3519 E unknown:ReactHost: 	at expo.modules.ReactActivityDelegateWrapper$onWindowFocusChanged$1.invokeSuspend(ReactActivityDelegateWrapper.kt:320)
03-14 22:09:06.358  3519  3519 E unknown:ReactHost: 	at expo.modules.ReactActivityDelegateWrapper$onWindowFocusChanged$1.invoke(Unknown Source:8)
03-14 22:09:06.358  3519  3519 E unknown:ReactHost: 	at expo.modules.ReactActivityDelegateWrapper$onWindowFocusChanged$1.invoke(Unknown Source:4)
03-14 22:09:06.358  3519  3519 E unknown:ReactHost: 	at expo.modules.ReactActivityDelegateWrapper$launchLifecycleScopeWithLock$1.invokeSuspend(ReactActivityDelegateWrapper.kt:452)
03-14 22:09:06.358  3519  3519 E unknown:ReactHost: 	at kotlin.coroutines.jvm.internal.BaseContinuationImpl.resumeWith(ContinuationImpl.kt:33)
03-14 22:09:06.358  3519  3519 E unknown:ReactHost: 	at kotlinx.coroutines.internal.DispatchedContinuationKt.resumeCancellableWith(DispatchedContinuation.kt:375)
03-14 22:09:06.358  3519  3519 E unknown:ReactHost: 	at kotlinx.coroutines.intrinsics.CancellableKt.startCoroutineCancellable(Cancellable.kt:26)
03-14 22:09:06.358  3519  3519 E unknown:ReactHost: 	at kotlinx.coroutines.CoroutineStart.invoke(CoroutineStart.kt:358)
03-14 22:09:06.358  3519  3519 E unknown:ReactHost: 	at kotlinx.coroutines.AbstractCoroutine.start(AbstractCoroutine.kt:134)
03-14 22:09:06.358  3519  3519 E unknown:ReactHost: 	at kotlinx.coroutines.BuildersKt__Builders_commonKt.launch(Builders.common.kt:53)
03-14 22:09:06.358  3519  3519 E unknown:ReactHost: 	at kotlinx.coroutines.BuildersKt.launch(Unknown Source:1)
03-14 22:09:06.358  3519  3519 E unknown:ReactHost: 	at kotlinx.coroutines.BuildersKt__Builders_commonKt.launch$default(Builders.common.kt:44)
03-14 22:09:06.358  3519  3519 E unknown:ReactHost: 	at kotlinx.coroutines.BuildersKt.launch$default(Unknown Source:1)
03-14 22:09:06.358  3519  3519 E unknown:ReactHost: 	at expo.modules.ReactActivityDelegateWrapper.launchLifecycleScopeWithLock(ReactActivityDelegateWrapper.kt:450)
03-14 22:09:06.358  3519  3519 E unknown:ReactHost: 	at expo.modules.ReactActivityDelegateWrapper.launchLifecycleScopeWithLock$default(ReactActivityDelegateWrapper.kt:446)
03-14 22:09:06.358  3519  3519 E unknown:ReactHost: 	at expo.modules.ReactActivityDelegateWrapper.onWindowFocusChanged(ReactActivityDelegateWrapper.kt:318)
03-14 22:09:06.358  3519  3519 E unknown:ReactHost: 	at com.facebook.react.ReactActivity.onWindowFocusChanged(ReactActivity.java:158)
03-14 22:09:06.358  3519  3519 E unknown:ReactHost: 	at androidx.appcompat.view.WindowCallbackWrapper.onWindowFocusChanged(WindowCallbackWrapper.java:124)
03-14 22:09:06.358  3519  3519 E unknown:ReactHost: 	at com.android.internal.policy.DecorView.onWindowFocusChanged(DecorView.java:1772)
03-14 22:09:06.358  3519  3519 E unknown:ReactHost: 	at android.view.View.dispatchWindowFocusChanged(View.java:16743)
03-14 22:09:06.358  3519  3519 E unknown:ReactHost: 	at android.view.ViewGroup.dispatchWindowFocusChanged(ViewGroup.java:1505)
03-14 22:09:06.358  3519  3519 E unknown:ReactHost: 	at android.view.ViewRootImpl.dispatchFocusEvent(ViewRootImpl.java:4697)
03-14 22:09:06.358  3519  3519 E unknown:ReactHost: 	at android.view.ViewRootImpl.handleWindowFocusChanged(ViewRootImpl.java:4601)
03-14 22:09:06.358  3519  3519 E unknown:ReactHost: 	at android.view.ViewRootImpl.-$$Nest$mhandleWindowFocusChanged(Unknown Source:0)
03-14 22:09:06.358  3519  3519 E unknown:ReactHost: 	at android.view.ViewRootImpl$ViewRootHandler.handleMessageImpl(ViewRootImpl.java:6773)
03-14 22:09:06.358  3519  3519 E unknown:ReactHost: 	at android.view.ViewRootImpl$ViewRootHandler.handleMessage(ViewRootImpl.java:6683)
03-14 22:09:06.358  3519  3519 E unknown:ReactHost: 	at android.os.Handler.dispatchMessage(Handler.java:107)
03-14 22:09:06.358  3519  3519 E unknown:ReactHost: 	at androidx.test.espresso.base.TestLooperManagerCompat.execute(TestLooperManagerCompat.java:121)
03-14 22:09:06.358  3519  3519 E unknown:ReactHost: 	at androidx.test.espresso.base.Interrogator.loopAndInterrogate(Interrogator.java:128)
03-14 22:09:06.358  3519  3519 E unknown:ReactHost: 	at androidx.test.espresso.base.UiControllerImpl.loopUntil(UiControllerImpl.java:513)
03-14 22:09:06.358  3519  3519 E unknown:ReactHost: 	at androidx.test.espresso.base.UiControllerImpl.loopMainThreadUntilIdle(UiControllerImpl.java:434)
03-14 22:09:06.358  3519  3519 E unknown:ReactHost: 	at androidx.test.espresso.Espresso.lambda$onIdle$2(Espresso.java:340)
03-14 22:09:06.358  3519  3519 E unknown:ReactHost: 	at androidx.test.espresso.Espresso$$ExternalSyntheticLambda1.call(D8$$SyntheticClass:0)
03-14 22:09:06.358  3519  3519 E unknown:ReactHost: 	at java.util.concurrent.FutureTask.run(FutureTask.java:264)
03-14 22:09:06.358  3519  3519 E unknown:ReactHost: 	at android.os.Handler.handleCallback(Handler.java:959)
03-14 22:09:06.358  3519  3519 E unknown:ReactHost: 	at android.os.Handler.dispatchMessage(Handler.java:100)
03-14 22:09:06.358  3519  3519 E unknown:ReactHost: 	at android.os.Looper.loopOnce(Looper.java:232)
03-14 22:09:06.358  3519  3519 E unknown:ReactHost: 	at android.os.Looper.loop(Looper.java:317)
03-14 22:09:06.358  3519  3519 E unknown:ReactHost: 	at android.app.ActivityThread.main(ActivityThread.java:8705)
03-14 22:09:06.358  3519  3519 E unknown:ReactHost: 	at java.lang.reflect.Method.invoke(Native Method)
03-14 22:09:06.358  3519  3519 E unknown:ReactHost: 	at com.android.internal.os.RuntimeInit$MethodAndArgsCaller.run(RuntimeInit.java:580)
03-14 22:09:06.358  3519  3519 E unknown:ReactHost: 	at com.android.internal.os.ZygoteInit.main(ZygoteInit.java:886)
03-14 22:09:06.376  3519  3741 D EGL_emulation: app_time_stats: avg=837.63ms min=126.93ms max=2911.47ms count=5
03-14 22:09:06.393  3519  3755 I ExpoModulesCore: ✅ ModuleRegistry was destroyed
03-14 22:09:06.401  3519  3755 I ExpoModulesCore: ✅ AppContext was destroyed
03-14 22:09:06.401  3519  3755 I ExpoModulesCore: ✅ KotlinInteropModuleRegistry was destroyed
03-14 22:09:06.417  3519  3755 E unknown:ReactNative: Tried to remove non-existent frame callback
03-14 22:09:06.481  3519  3755 W unknown:ReactNative: Tried to enqueue runnable on already finished thread: 'v_native... dropping Runnable.
03-14 22:09:06.486  3519  3755 W unknown:ReactNative: Tried to enqueue runnable on already finished thread: 'v_native... dropping Runnable.
03-14 22:09:06.487  3519  3755 W unknown:ReactNative: Tried to enqueue runnable on already finished thread: 'v_native... dropping Runnable.
03-14 22:09:06.487  3519  3755 W unknown:ReactNative: Tried to enqueue runnable on already finished thread: 'v_native... dropping Runnable.
03-14 22:09:06.487  3519  3755 W unknown:ReactNative: Tried to enqueue runnable on already finished thread: 'v_native... dropping Runnable.
03-14 22:09:06.487  3519  3755 W unknown:ReactNative: Tried to enqueue runnable on already finished thread: 'v_native... dropping Runnable.
03-14 22:09:06.487  3519  3755 W unknown:ReactNative: Tried to enqueue runnable on already finished thread: 'v_native... dropping Runnable.
03-14 22:09:06.487  3519  3755 W unknown:ReactNative: Tried to enqueue runnable on already finished thread: 'v_native... dropping Runnable.
03-14 22:09:06.487  3519  3755 W unknown:ReactNative: Tried to enqueue runnable on already finished thread: 'v_native... dropping Runnable.
03-14 22:09:06.487  3519  3755 W unknown:ReactNative: Tried to enqueue runnable on already finished thread: 'v_native... dropping Runnable.
03-14 22:09:06.489  3519  3755 W unknown:ReactNative: Tried to enqueue runnable on already finished thread: 'v_native... dropping Runnable.
03-14 22:09:06.489  3519  3755 W unknown:ReactNative: Tried to enqueue runnable on already finished thread: 'v_native... dropping Runnable.
03-14 22:09:06.515  3519  3755 W unknown:BridgelessReact: ReactHost{0}.getOrCreateDestroyTask(): Resetting start/destroy task ref
03-14 22:09:07.583  3519  3741 D EGL_emulation: app_time_stats: avg=424.05ms min=44.53ms max=1104.72ms count=3
03-14 22:09:08.429  3519  3774 D TrafficStats: tagSocket(147) with statsTag=0xffffffff, statsUid=-1
03-14 22:09:08.512  3519  3775 D TrafficStats: tagSocket(147) with statsTag=0xffffffff, statsUid=-1
03-14 22:09:08.681  3519  3524 I .studentfinance: Background concurrent mark compact GC freed 24MB AllocSpace bytes, 40(2112KB) LOS objects, 49% free, 10204KB/19MB, paused 11.585ms,3.601ms total 430.742ms
03-14 22:09:08.801  3519  3519 D DetoxRNHelpers: Native RN module resolution (class com.reactnativecommunity.asyncstorage.AsyncStorageModule): no such class
03-14 22:09:10.499  3519  3774 D TrafficStats: tagSocket(6) with statsTag=0xffffffff, statsUid=-1
03-14 22:09:10.520  3519  3775 D TrafficStats: tagSocket(6) with statsTag=0xffffffff, statsUid=-1
03-14 22:09:10.811  3519  3732 D DetoxWSClient: Received action 'currentStatus' (ID #1, params={})
03-14 22:09:10.811  3519  3728 I DetoxDispatcher: Handling action 'currentStatus' (ID #1)...
03-14 22:09:12.516  3519  3774 D TrafficStats: tagSocket(6) with statsTag=0xffffffff, statsUid=-1
03-14 22:09:12.536  3519  3775 D TrafficStats: tagSocket(6) with statsTag=0xffffffff, statsUid=-1
03-14 22:09:13.803  3519  3519 W IdlingPolicy: These resources are not idle: [LooperIdlingResource-63-mqt_v_native]
03-14 22:09:14.519  3519  3774 D TrafficStats: tagSocket(6) with statsTag=0xffffffff, statsUid=-1
03-14 22:09:14.540  3519  3775 D TrafficStats: tagSocket(6) with statsTag=0xffffffff, statsUid=-1
03-14 22:09:16.525  3519  3774 D TrafficStats: tagSocket(6) with statsTag=0xffffffff, statsUid=-1
03-14 22:09:16.548  3519  3775 D TrafficStats: tagSocket(6) with statsTag=0xffffffff, statsUid=-1
03-14 22:09:18.532  3519  3774 D TrafficStats: tagSocket(141) with statsTag=0xffffffff, statsUid=-1
03-14 22:09:18.555  3519  3775 D TrafficStats: tagSocket(141) with statsTag=0xffffffff, statsUid=-1
03-14 22:09:18.805  3519  3519 W IdlingPolicy: These resources are not idle: [LooperIdlingResource-63-mqt_v_native]
03-14 22:09:20.541  3519  3774 D TrafficStats: tagSocket(141) with statsTag=0xffffffff, statsUid=-1
03-14 22:09:20.561  3519  3775 D TrafficStats: tagSocket(141) with statsTag=0xffffffff, statsUid=-1
03-14 22:09:22.550  3519  3774 D TrafficStats: tagSocket(141) with statsTag=0xffffffff, statsUid=-1
03-14 22:09:22.573  3519  3775 D TrafficStats: tagSocket(141) with statsTag=0xffffffff, statsUid=-1
03-14 22:09:23.805  3519  3519 W IdlingPolicy: These resources are not idle: [LooperIdlingResource-63-mqt_v_native]
03-14 22:09:24.554  3519  3774 D TrafficStats: tagSocket(141) with statsTag=0xffffffff, statsUid=-1
03-14 22:09:24.579  3519  3775 D TrafficStats: tagSocket(141) with statsTag=0xffffffff, statsUid=-1
03-14 22:09:26.560  3519  3774 D TrafficStats: tagSocket(141) with statsTag=0xffffffff, statsUid=-1
03-14 22:09:26.585  3519  3775 D TrafficStats: tagSocket(141) with statsTag=0xffffffff, statsUid=-1
03-14 22:09:28.566  3519  3774 D TrafficStats: tagSocket(141) with statsTag=0xffffffff, statsUid=-1
03-14 22:09:28.589  3519  3775 D TrafficStats: tagSocket(141) with statsTag=0xffffffff, statsUid=-1
03-14 22:09:28.805  3519  3519 W IdlingPolicy: These resources are not idle: [LooperIdlingResource-63-mqt_v_native]
03-14 22:09:30.569  3519  3774 D TrafficStats: tagSocket(141) with statsTag=0xffffffff, statsUid=-1
03-14 22:09:30.592  3519  3775 D TrafficStats: tagSocket(141) with statsTag=0xffffffff, statsUid=-1
03-14 22:09:32.574  3519  3774 D TrafficStats: tagSocket(141) with statsTag=0xffffffff, statsUid=-1
03-14 22:09:32.596  3519  3775 D TrafficStats: tagSocket(141) with statsTag=0xffffffff, statsUid=-1
03-14 22:09:33.806  3519  3519 W IdlingPolicy: These resources are not idle: [LooperIdlingResource-63-mqt_v_native]
03-14 22:09:34.578  3519  3774 D TrafficStats: tagSocket(141) with statsTag=0xffffffff, statsUid=-1
03-14 22:09:34.601  3519  3775 D TrafficStats: tagSocket(141) with statsTag=0xffffffff, statsUid=-1
03-14 22:09:36.586  3519  3774 D TrafficStats: tagSocket(141) with statsTag=0xffffffff, statsUid=-1
03-14 22:09:36.609  3519  3775 D TrafficStats: tagSocket(141) with statsTag=0xffffffff, statsUid=-1
03-14 22:09:38.600  3519  3774 D TrafficStats: tagSocket(141) with statsTag=0xffffffff, statsUid=-1
03-14 22:09:38.613  3519  3775 D TrafficStats: tagSocket(141) with statsTag=0xffffffff, statsUid=-1
03-14 22:09:38.807  3519  3519 W IdlingPolicy: These resources are not idle: [LooperIdlingResource-63-mqt_v_native]
03-14 22:09:40.608  3519  3774 D TrafficStats: tagSocket(141) with statsTag=0xffffffff, statsUid=-1
03-14 22:09:40.618  3519  3775 D TrafficStats: tagSocket(141) with statsTag=0xffffffff, statsUid=-1
03-14 22:09:42.614  3519  3774 D TrafficStats: tagSocket(141) with statsTag=0xffffffff, statsUid=-1
03-14 22:09:42.621  3519  3775 D TrafficStats: tagSocket(141) with statsTag=0xffffffff, statsUid=-1
03-14 22:09:43.807  3519  3519 W IdlingPolicy: These resources are not idle: [LooperIdlingResource-63-mqt_v_native]
03-14 22:09:44.619  3519  3774 D TrafficStats: tagSocket(141) with statsTag=0xffffffff, statsUid=-1
03-14 22:09:44.627  3519  3775 D TrafficStats: tagSocket(141) with statsTag=0xffffffff, statsUid=-1
03-14 22:09:46.625  3519  3774 D TrafficStats: tagSocket(141) with statsTag=0xffffffff, statsUid=-1
03-14 22:09:46.634  3519  3775 D TrafficStats: tagSocket(150) with statsTag=0xffffffff, statsUid=-1
03-14 22:09:48.637  3519  3774 D TrafficStats: tagSocket(141) with statsTag=0xffffffff, statsUid=-1
03-14 22:09:48.639  3519  3775 D TrafficStats: tagSocket(150) with statsTag=0xffffffff, statsUid=-1
03-14 22:09:48.808  3519  3519 W IdlingPolicy: These resources are not idle: [LooperIdlingResource-63-mqt_v_native]
03-14 22:09:50.642  3519  3774 D TrafficStats: tagSocket(141) with statsTag=0xffffffff, statsUid=-1
03-14 22:09:50.643  3519  3775 D TrafficStats: tagSocket(150) with statsTag=0xffffffff, statsUid=-1
03-14 22:09:52.646  3519  3774 D TrafficStats: tagSocket(141) with statsTag=0xffffffff, statsUid=-1
03-14 22:09:52.647  3519  3775 D TrafficStats: tagSocket(150) with statsTag=0xffffffff, statsUid=-1
03-14 22:09:53.808  3519  3519 W IdlingPolicy: These resources are not idle: [LooperIdlingResource-63-mqt_v_native]
03-14 22:09:54.651  3519  3774 D TrafficStats: tagSocket(141) with statsTag=0xffffffff, statsUid=-1
03-14 22:09:54.652  3519  3775 D TrafficStats: tagSocket(150) with statsTag=0xffffffff, statsUid=-1
03-14 22:09:56.657  3519  3775 D TrafficStats: tagSocket(141) with statsTag=0xffffffff, statsUid=-1
03-14 22:09:56.658  3519  3774 D TrafficStats: tagSocket(150) with statsTag=0xffffffff, statsUid=-1
03-14 22:09:58.660  3519  3775 D TrafficStats: tagSocket(141) with statsTag=0xffffffff, statsUid=-1
03-14 22:09:58.661  3519  3774 D TrafficStats: tagSocket(150) with statsTag=0xffffffff, statsUid=-1
03-14 22:09:58.809  3519  3519 W IdlingPolicy: These resources are not idle: [LooperIdlingResource-63-mqt_v_native]
03-14 22:10:00.666  3519  3775 D TrafficStats: tagSocket(141) with statsTag=0xffffffff, statsUid=-1
03-14 22:10:00.666  3519  3774 D TrafficStats: tagSocket(147) with statsTag=0xffffffff, statsUid=-1
03-14 22:10:02.672  3519  3775 D TrafficStats: tagSocket(141) with statsTag=0xffffffff, statsUid=-1
03-14 22:10:02.673  3519  3774 D TrafficStats: tagSocket(150) with statsTag=0xffffffff, statsUid=-1
03-14 22:10:03.811  3519  3519 W IdlingPolicy: These resources are not idle: [LooperIdlingResource-63-mqt_v_native]
03-14 22:10:04.678  3519  3775 D TrafficStats: tagSocket(141) with statsTag=0xffffffff, statsUid=-1
03-14 22:10:04.679  3519  3774 D TrafficStats: tagSocket(147) with statsTag=0xffffffff, statsUid=-1
03-14 22:10:06.683  3519  3775 D TrafficStats: tagSocket(141) with statsTag=0xffffffff, statsUid=-1
03-14 22:10:06.684  3519  3774 D TrafficStats: tagSocket(160) with statsTag=0xffffffff, statsUid=-1
03-14 22:10:08.687  3519  3775 D TrafficStats: tagSocket(141) with statsTag=0xffffffff, statsUid=-1
03-14 22:10:08.687  3519  3774 D TrafficStats: tagSocket(150) with statsTag=0xffffffff, statsUid=-1
03-14 22:10:08.811  3519  3519 W IdlingPolicy: These resources are not idle: [LooperIdlingResource-63-mqt_v_native]
03-14 22:10:10.672  3519  3519 W UiControllerImpl: Waiting for: DYNAMIC_TASKS_HAVE_IDLED for 100 iterations.
03-14 22:10:10.691  3519  3774 D TrafficStats: tagSocket(141) with statsTag=0xffffffff, statsUid=-1
03-14 22:10:10.693  3519  3775 D TrafficStats: tagSocket(141) with statsTag=0xffffffff, statsUid=-1
03-14 22:10:12.697  3519  3774 D TrafficStats: tagSocket(141) with statsTag=0xffffffff, statsUid=-1
03-14 22:10:12.698  3519  3775 D TrafficStats: tagSocket(147) with statsTag=0xffffffff, statsUid=-1
03-14 22:10:13.812  3519  3519 W IdlingPolicy: These resources are not idle: [LooperIdlingResource-63-mqt_v_native]
03-14 22:10:14.702  3519  3774 D TrafficStats: tagSocket(141) with statsTag=0xffffffff, statsUid=-1
03-14 22:10:14.703  3519  3775 D TrafficStats: tagSocket(147) with statsTag=0xffffffff, statsUid=-1
03-14 22:10:16.708  3519  3774 D TrafficStats: tagSocket(141) with statsTag=0xffffffff, statsUid=-1
03-14 22:10:16.708  3519  3775 D TrafficStats: tagSocket(147) with statsTag=0xffffffff, statsUid=-1
03-14 22:10:18.713  3519  3775 D TrafficStats: tagSocket(141) with statsTag=0xffffffff, statsUid=-1
03-14 22:10:18.714  3519  3774 D TrafficStats: tagSocket(150) with statsTag=0xffffffff, statsUid=-1
03-14 22:10:18.812  3519  3519 W IdlingPolicy: These resources are not idle: [LooperIdlingResource-63-mqt_v_native]
03-14 22:10:20.718  3519  3775 D TrafficStats: tagSocket(141) with statsTag=0xffffffff, statsUid=-1
03-14 22:10:20.720  3519  3774 D TrafficStats: tagSocket(141) with statsTag=0xffffffff, statsUid=-1
03-14 22:10:22.722  3519  3775 D TrafficStats: tagSocket(141) with statsTag=0xffffffff, statsUid=-1
03-14 22:10:22.723  3519  3774 D TrafficStats: tagSocket(150) with statsTag=0xffffffff, statsUid=-1
03-14 22:10:23.814  3519  3519 W IdlingPolicy: These resources are not idle: [LooperIdlingResource-63-mqt_v_native]
03-14 22:10:24.727  3519  3775 D TrafficStats: tagSocket(141) with statsTag=0xffffffff, statsUid=-1
03-14 22:10:24.731  3519  3774 D TrafficStats: tagSocket(141) with statsTag=0xffffffff, statsUid=-1
03-14 22:10:26.730  3519  3775 D TrafficStats: tagSocket(141) with statsTag=0xffffffff, statsUid=-1
03-14 22:10:26.734  3519  3774 D TrafficStats: tagSocket(141) with statsTag=0xffffffff, statsUid=-1
03-14 22:10:28.732  3519  3775 D TrafficStats: tagSocket(141) with statsTag=0xffffffff, statsUid=-1
03-14 22:10:28.736  3519  3774 D TrafficStats: tagSocket(141) with statsTag=0xffffffff, statsUid=-1
03-14 22:10:28.815  3519  3519 W IdlingPolicy: These resources are not idle: [LooperIdlingResource-63-mqt_v_native]
03-14 22:10:30.734  3519  3775 D TrafficStats: tagSocket(141) with statsTag=0xffffffff, statsUid=-1
03-14 22:10:30.739  3519  3774 D TrafficStats: tagSocket(141) with statsTag=0xffffffff, statsUid=-1
03-14 22:10:32.736  3519  3775 D TrafficStats: tagSocket(141) with statsTag=0xffffffff, statsUid=-1
03-14 22:10:32.741  3519  3774 D TrafficStats: tagSocket(141) with statsTag=0xffffffff, statsUid=-1
03-14 22:10:33.816  3519  3519 W IdlingPolicy: These resources are not idle: [LooperIdlingResource-63-mqt_v_native]
03-14 22:10:34.738  3519  3775 D TrafficStats: tagSocket(141) with statsTag=0xffffffff, statsUid=-1
03-14 22:10:34.744  3519  3774 D TrafficStats: tagSocket(141) with statsTag=0xffffffff, statsUid=-1
03-14 22:10:36.741  3519  3775 D TrafficStats: tagSocket(141) with statsTag=0xffffffff, statsUid=-1
03-14 22:10:36.748  3519  3774 D TrafficStats: tagSocket(141) with statsTag=0xffffffff, statsUid=-1
03-14 22:10:38.746  3519  3775 D TrafficStats: tagSocket(141) with statsTag=0xffffffff, statsUid=-1
03-14 22:10:38.753  3519  3774 D TrafficStats: tagSocket(141) with statsTag=0xffffffff, statsUid=-1
03-14 22:10:38.816  3519  3519 W IdlingPolicy: These resources are not idle: [LooperIdlingResource-63-mqt_v_native]
03-14 22:10:38.827  3519  3519 I Detox   : Wait is over: App is now idle!
03-14 22:10:38.832  3519  3728 W .studentfinance: Long monitor contention with owner detox.primary (3727) at void com.wix.detox.DetoxMain$setupActionHandlers$SynchronizedActionHandler.handle(java.lang.String, long)(DetoxMain.kt:77) waiters=0 in void com.wix.detox.DetoxMain$setupActionHandlers$SynchronizedActionHandler.handle(java.lang.String, long) for 88.016s
--------- beginning of crash
03-14 22:10:38.838  3519  3727 E AndroidRuntime: FATAL EXCEPTION: detox.primary
03-14 22:10:38.838  3519  3727 E AndroidRuntime: Process: com.mcfuzzysquirrel.studentfinance, PID: 3519
03-14 22:10:38.838  3519  3727 E AndroidRuntime: androidx.test.espresso.AppNotIdleException: Looped for 147 iterations over 90 SECONDS. The following Idle Conditions failed DYNAMIC_TASKS_HAVE_IDLED(busy resources=LooperIdlingResource-63-mqt_v_native).
03-14 22:10:38.838  3519  3727 E AndroidRuntime: 	at androidx.test.espresso.IdlingPolicy.handleTimeout(IdlingPolicy.java:61)
03-14 22:10:38.838  3519  3727 E AndroidRuntime: 	at androidx.test.espresso.base.UiControllerImpl.loopUntil(UiControllerImpl.java:573)
03-14 22:10:38.838  3519  3727 E AndroidRuntime: 	at androidx.test.espresso.base.UiControllerImpl.loopMainThreadUntilIdle(UiControllerImpl.java:434)
03-14 22:10:38.838  3519  3727 E AndroidRuntime: 	at androidx.test.espresso.Espresso.lambda$onIdle$2(Espresso.java:340)
03-14 22:10:38.838  3519  3727 E AndroidRuntime: 	at androidx.test.espresso.Espresso$$ExternalSyntheticLambda1.call(D8$$SyntheticClass:0)
03-14 22:10:38.838  3519  3727 E AndroidRuntime: 	at java.util.concurrent.FutureTask.run(FutureTask.java:264)
03-14 22:10:38.838  3519  3727 E AndroidRuntime: 	at android.os.Handler.handleCallback(Handler.java:959)
03-14 22:10:38.838  3519  3727 E AndroidRuntime: 	at android.os.Handler.dispatchMessage(Handler.java:100)
03-14 22:10:38.838  3519  3727 E AndroidRuntime: 	at android.os.Looper.loopOnce(Looper.java:232)
03-14 22:10:38.838  3519  3727 E AndroidRuntime: 	at android.os.Looper.loop(Looper.java:317)
03-14 22:10:38.838  3519  3727 E AndroidRuntime: 	at android.app.ActivityThread.main(ActivityThread.java:8705)
03-14 22:10:38.838  3519  3727 E AndroidRuntime: 	at java.lang.reflect.Method.invoke(Native Method)
03-14 22:10:38.838  3519  3727 E AndroidRuntime: 	at com.android.internal.os.RuntimeInit$MethodAndArgsCaller.run(RuntimeInit.java:580)
03-14 22:10:38.838  3519  3727 E AndroidRuntime: 	at com.android.internal.os.ZygoteInit.main(ZygoteInit.java:886)
03-14 22:10:38.844  3519  3727 E DetoxCrashHandler: Crash detected!!! thread=detox.primary (44)
03-14 22:10:38.844  3519  3727 E DetoxCrashHandler: androidx.test.espresso.AppNotIdleException: Looped for 147 iterations over 90 SECONDS. The following Idle Conditions failed DYNAMIC_TASKS_HAVE_IDLED(busy resources=LooperIdlingResource-63-mqt_v_native).
03-14 22:10:38.844  3519  3727 E DetoxCrashHandler: 	at androidx.test.espresso.IdlingPolicy.handleTimeout(IdlingPolicy.java:61)
03-14 22:10:38.844  3519  3727 E DetoxCrashHandler: 	at androidx.test.espresso.base.UiControllerImpl.loopUntil(UiControllerImpl.java:573)
03-14 22:10:38.844  3519  3727 E DetoxCrashHandler: 	at androidx.test.espresso.base.UiControllerImpl.loopMainThreadUntilIdle(UiControllerImpl.java:434)
03-14 22:10:38.844  3519  3727 E DetoxCrashHandler: 	at androidx.test.espresso.Espresso.lambda$onIdle$2(Espresso.java:340)
03-14 22:10:38.844  3519  3727 E DetoxCrashHandler: 	at androidx.test.espresso.Espresso$$ExternalSyntheticLambda1.call(D8$$SyntheticClass:0)
03-14 22:10:38.844  3519  3727 E DetoxCrashHandler: 	at java.util.concurrent.FutureTask.run(FutureTask.java:264)
03-14 22:10:38.844  3519  3727 E DetoxCrashHandler: 	at android.os.Handler.handleCallback(Handler.java:959)
03-14 22:10:38.844  3519  3727 E DetoxCrashHandler: 	at android.os.Handler.dispatchMessage(Handler.java:100)
03-14 22:10:38.844  3519  3727 E DetoxCrashHandler: 	at android.os.Looper.loopOnce(Looper.java:232)
03-14 22:10:38.844  3519  3727 E DetoxCrashHandler: 	at android.os.Looper.loop(Looper.java:317)
03-14 22:10:38.844  3519  3727 E DetoxCrashHandler: 	at android.app.ActivityThread.main(ActivityThread.java:8705)
03-14 22:10:38.844  3519  3727 E DetoxCrashHandler: 	at java.lang.reflect.Method.invoke(Native Method)
03-14 22:10:38.844  3519  3727 E DetoxCrashHandler: 	at com.android.internal.os.RuntimeInit$MethodAndArgsCaller.run(RuntimeInit.java:580)
03-14 22:10:38.844  3519  3727 E DetoxCrashHandler: 	at com.android.internal.os.ZygoteInit.main(ZygoteInit.java:886)
03-14 22:10:38.845  3519  3727 I DetoxWSClient: Sending out action 'AppWillTerminateWithError' (ID #-10000)
03-14 22:10:38.846  3519  3519 E unknown:UIManagerHelper: Unhandled SoftException
03-14 22:10:38.846  3519  3519 E unknown:UIManagerHelper: com.facebook.react.bridge.ReactNoCrashSoftException: Cannot get UIManager because the instance hasn't been initialized yet.
03-14 22:10:38.846  3519  3519 E unknown:UIManagerHelper: 	at com.facebook.react.uimanager.UIManagerHelper.getUIManager(UIManagerHelper.kt:59)
03-14 22:10:38.846  3519  3519 E unknown:UIManagerHelper: 	at com.facebook.react.uimanager.UIManagerHelper.getUIManager(UIManagerHelper.kt:46)
03-14 22:10:38.846  3519  3519 E unknown:UIManagerHelper: 	at com.wix.detox.reactnative.idlingresources.uimodule.fabric.FabricUIManagerIdlingResources.getMountItemDispatcher(FabricUIManagerIdlingResources.kt:64)
03-14 22:10:38.846  3519  3519 E unknown:UIManagerHelper: 	at com.wix.detox.reactnative.idlingresources.uimodule.fabric.FabricUIManagerIdlingResources.getViewCommandMountItemsSize(FabricUIManagerIdlingResources.kt:70)
03-14 22:10:38.846  3519  3519 E unknown:UIManagerHelper: 	at com.wix.detox.reactnative.idlingresources.uimodule.fabric.FabricUIManagerIdlingResources.checkIdle(FabricUIManagerIdlingResources.kt:19)
03-14 22:10:38.846  3519  3519 E unknown:UIManagerHelper: 	at com.wix.detox.reactnative.idlingresources.DetoxIdlingResource.isIdleNow(DetoxIdlingResource.kt:30)
03-14 22:10:38.846  3519  3519 E unknown:UIManagerHelper: 	at com.wix.detox.espresso.registry.BusyResourcesInquirer.getBusyIdlingResources(BusyResourcesInquirer.kt:29)
03-14 22:10:38.846  3519  3519 E unknown:UIManagerHelper: 	at com.wix.detox.espresso.registry.BusyResourcesInquirer.getAllBusyResources$lambda$2(BusyResourcesInquirer.kt:21)
03-14 22:10:38.846  3519  3519 E unknown:UIManagerHelper: 	at com.wix.detox.espresso.registry.BusyResourcesInquirer.$r8$lambda$67FTpIglw6E0PceMzBRqYhXSCtM(Unknown Source:0)
03-14 22:10:38.846  3519  3519 E unknown:UIManagerHelper: 	at com.wix.detox.espresso.registry.BusyResourcesInquirer$$ExternalSyntheticLambda0.call(D8$$SyntheticClass:0)
03-14 22:10:38.846  3519  3519 E unknown:UIManagerHelper: 	at java.util.concurrent.FutureTask.run(FutureTask.java:264)
03-14 22:10:38.846  3519  3519 E unknown:UIManagerHelper: 	at android.os.Handler.handleCallback(Handler.java:959)
03-14 22:10:38.846  3519  3519 E unknown:UIManagerHelper: 	at android.os.Handler.dispatchMessage(Handler.java:100)
03-14 22:10:38.846  3519  3519 E unknown:UIManagerHelper: 	at android.os.Looper.loopOnce(Looper.java:232)
03-14 22:10:38.846  3519  3519 E unknown:UIManagerHelper: 	at android.os.Looper.loop(Looper.java:317)
03-14 22:10:38.846  3519  3519 E unknown:UIManagerHelper: 	at android.app.ActivityThread.main(ActivityThread.java:8705)
03-14 22:10:38.846  3519  3519 E unknown:UIManagerHelper: 	at java.lang.reflect.Method.invoke(Native Method)
03-14 22:10:38.846  3519  3519 E unknown:UIManagerHelper: 	at com.android.internal.os.RuntimeInit$MethodAndArgsCaller.run(RuntimeInit.java:580)
03-14 22:10:38.846  3519  3519 E unknown:UIManagerHelper: 	at com.android.internal.os.ZygoteInit.main(ZygoteInit.java:886)
03-14 22:10:38.850  3519  3728 E AndroidRuntime: FATAL EXCEPTION: detox.secondary
03-14 22:10:38.850  3519  3728 E AndroidRuntime: Process: com.mcfuzzysquirrel.studentfinance, PID: 3519
03-14 22:10:38.850  3519  3728 E AndroidRuntime: java.util.concurrent.ExecutionException: org.joor.ReflectException: org.joor.ReflectException: java.lang.NoSuchFieldException: mMountItemDispatcher
03-14 22:10:38.850  3519  3728 E AndroidRuntime: 	at java.util.concurrent.FutureTask.report(FutureTask.java:122)
03-14 22:10:38.850  3519  3728 E AndroidRuntime: 	at java.util.concurrent.FutureTask.get(FutureTask.java:191)
03-14 22:10:38.850  3519  3728 E AndroidRuntime: 	at com.wix.detox.common.UIThread.postFirstSync(UIThread.kt:65)
03-14 22:10:38.850  3519  3728 E AndroidRuntime: 	at com.wix.detox.espresso.registry.BusyResourcesInquirer.getAllBusyResources(BusyResourcesInquirer.kt:19)
03-14 22:10:38.850  3519  3728 E AndroidRuntime: 	at com.wix.detox.TestEngineFacade.getAllBusyResources(TestEngineFacade.kt:17)
03-14 22:10:38.850  3519  3728 E AndroidRuntime: 	at com.wix.detox.adapters.server.QueryStatusActionHandler.handle(QueryStatusActionHandler.kt:12)
03-14 22:10:38.850  3519  3728 E AndroidRuntime: 	at com.wix.detox.DetoxMain$setupActionHandlers$SynchronizedActionHandler.handle(DetoxMain.kt:78)
03-14 22:10:38.850  3519  3728 E AndroidRuntime: 	at com.wix.detox.adapters.server.ActionsExecutor.executeAction$lambda$2$lambda$1(DetoxActionsDispatcher.kt:76)
03-14 22:10:38.850  3519  3728 E AndroidRuntime: 	at com.wix.detox.adapters.server.ActionsExecutor.$r8$lambda$GVbB7LHtBHxNHGbgYnHJ6YrwCqs(Unknown Source:0)
03-14 22:10:38.850  3519  3728 E AndroidRuntime: 	at com.wix.detox.adapters.server.ActionsExecutor$$ExternalSyntheticLambda0.run(D8$$SyntheticClass:0)
03-14 22:10:38.850  3519  3728 E AndroidRuntime: 	at android.os.Handler.handleCallback(Handler.java:959)
03-14 22:10:38.850  3519  3728 E AndroidRuntime: 	at android.os.Handler.dispatchMessage(Handler.java:100)
03-14 22:10:38.850  3519  3728 E AndroidRuntime: 	at android.os.Looper.loopOnce(Looper.java:232)
03-14 22:10:38.850  3519  3728 E AndroidRuntime: 	at android.os.Looper.loop(Looper.java:317)
03-14 22:10:38.850  3519  3728 E AndroidRuntime: 	at com.wix.detox.adapters.server.ActionsExecutor._init_$lambda$0(DetoxActionsDispatcher.kt:62)
03-14 22:10:38.850  3519  3728 E AndroidRuntime: 	at com.wix.detox.adapters.server.ActionsExecutor.$r8$lambda$xlgL0CQim6vNM0wWEqM8JIDgZUE(Unknown Source:0)
03-14 22:10:38.850  3519  3728 E AndroidRuntime: 	at com.wix.detox.adapters.server.ActionsExecutor$$ExternalSyntheticLambda1.run(D8$$SyntheticClass:0)
03-14 22:10:38.850  3519  3728 E AndroidRuntime: 	at java.lang.Thread.run(Thread.java:1012)
03-14 22:10:38.850  3519  3728 E AndroidRuntime: Caused by: org.joor.ReflectException: org.joor.ReflectException: java.lang.NoSuchFieldException: mMountItemDispatcher
03-14 22:10:38.850  3519  3728 E AndroidRuntime: 	at org.joor.Reflect.field(Reflect.java:294)
03-14 22:10:38.850  3519  3728 E AndroidRuntime: 	at com.wix.detox.reactnative.idlingresources.uimodule.fabric.FabricUIManagerIdlingResources.getMountItemDispatcher(FabricUIManagerIdlingResources.kt:65)
03-14 22:10:38.850  3519  3728 E AndroidRuntime: 	at com.wix.detox.reactnative.idlingresources.uimodule.fabric.FabricUIManagerIdlingResources.getViewCommandMountItemsSize(FabricUIManagerIdlingResources.kt:70)
03-14 22:10:38.850  3519  3728 E AndroidRuntime: 	at com.wix.detox.reactnative.idlingresources.uimodule.fabric.FabricUIManagerIdlingResources.checkIdle(FabricUIManagerIdlingResources.kt:19)
03-14 22:10:38.850  3519  3728 E AndroidRuntime: 	at com.wix.detox.reactnative.idlingresources.DetoxIdlingResource.isIdleNow(DetoxIdlingResource.kt:30)
03-14 22:10:38.850  3519  3728 E AndroidRuntime: 	at com.wix.detox.espresso.registry.BusyResourcesInquirer.getBusyIdlingResources(BusyResourcesInquirer.kt:29)
03-14 22:10:38.850  3519  3728 E AndroidRuntime: 	at com.wix.detox.espresso.registry.BusyResourcesInquirer.getAllBusyResources$lambda$2(BusyResourcesInquirer.kt:21)
03-14 22:10:38.850  3519  3728 E AndroidRuntime: 	at com.wix.detox.espresso.registry.BusyResourcesInquirer.$r8$lambda$67FTpIglw6E0PceMzBRqYhXSCtM(Unknown Source:0)
03-14 22:10:38.850  3519  3728 E AndroidRuntime: 	at com.wix.detox.espresso.registry.BusyResourcesInquirer$$ExternalSyntheticLambda0.call(D8$$SyntheticClass:0)
03-14 22:10:38.850  3519  3728 E AndroidRuntime: 	at java.util.concurrent.FutureTask.run(FutureTask.java:264)
03-14 22:10:38.850  3519  3728 E AndroidRuntime: 	at android.os.Handler.handleCallback(Handler.java:959)
03-14 22:10:38.850  3519  3728 E AndroidRuntime: 	at android.os.Handler.dispatchMessage(Handler.java:100)
03-14 22:10:38.850  3519  3728 E AndroidRuntime: 	at android.os.Looper.loopOnce(Looper.java:232)
03-14 22:10:38.850  3519  3728 E AndroidRuntime: 	at android.os.Looper.loop(Looper.java:317)
03-14 22:10:38.850  3519  3728 E AndroidRuntime: 	at android.app.ActivityThread.main(ActivityThread.java:8705)
03-14 22:10:38.850  3519  3728 E AndroidRuntime: 	at java.lang.reflect.Method.invoke(Native Method)
03-14 22:10:38.850  3519  3728 E AndroidRuntime: 	at com.android.internal.os.RuntimeInit$MethodAndArgsCaller.run(RuntimeInit.java:580)
03-14 22:10:38.850  3519  3728 E AndroidRuntime: 	at com.android.internal.os.ZygoteInit.main(ZygoteInit.java:886)
03-14 22:10:38.850  3519  3728 E AndroidRuntime: Caused by: org.joor.ReflectException: java.lang.NoSuchFieldException: mMountItemDispatcher
03-14 22:10:38.850  3519  3728 E AndroidRuntime: 	at org.joor.Reflect.field0(Reflect.java:318)
03-14 22:10:38.850  3519  3728 E AndroidRuntime: 	at org.joor.Reflect.field(Reflect.java:290)
03-14 22:10:38.850  3519  3728 E AndroidRuntime: 	... 17 more
03-14 22:10:38.850  3519  3728 E AndroidRuntime: Caused by: java.lang.NoSuchFieldException: mMountItemDispatcher
03-14 22:10:38.850  3519  3728 E AndroidRuntime: 	at java.lang.Class.getField(Class.java:2337)
03-14 22:10:38.850  3519  3728 E AndroidRuntime: 	at org.joor.Reflect.field0(Reflect.java:303)
03-14 22:10:38.850  3519  3728 E AndroidRuntime: 	... 18 more
03-14 22:10:38.853  3519  3728 E DetoxCrashHandler: Crash detected!!! thread=detox.secondary (45)
03-14 22:10:38.853  3519  3728 E DetoxCrashHandler: java.util.concurrent.ExecutionException: org.joor.ReflectException: org.joor.ReflectException: java.lang.NoSuchFieldException: mMountItemDispatcher
03-14 22:10:38.853  3519  3728 E DetoxCrashHandler: 	at java.util.concurrent.FutureTask.report(FutureTask.java:122)
03-14 22:10:38.853  3519  3728 E DetoxCrashHandler: 	at java.util.concurrent.FutureTask.get(FutureTask.java:191)
03-14 22:10:38.853  3519  3728 E DetoxCrashHandler: 	at com.wix.detox.common.UIThread.postFirstSync(UIThread.kt:65)
03-14 22:10:38.853  3519  3728 E DetoxCrashHandler: 	at com.wix.detox.espresso.registry.BusyResourcesInquirer.getAllBusyResources(BusyResourcesInquirer.kt:19)
03-14 22:10:38.853  3519  3728 E DetoxCrashHandler: 	at com.wix.detox.TestEngineFacade.getAllBusyResources(TestEngineFacade.kt:17)
03-14 22:10:38.853  3519  3728 E DetoxCrashHandler: 	at com.wix.detox.adapters.server.QueryStatusActionHandler.handle(QueryStatusActionHandler.kt:12)
03-14 22:10:38.853  3519  3728 E DetoxCrashHandler: 	at com.wix.detox.DetoxMain$setupActionHandlers$SynchronizedActionHandler.handle(DetoxMain.kt:78)
03-14 22:10:38.853  3519  3728 E DetoxCrashHandler: 	at com.wix.detox.adapters.server.ActionsExecutor.executeAction$lambda$2$lambda$1(DetoxActionsDispatcher.kt:76)
03-14 22:10:38.853  3519  3728 E DetoxCrashHandler: 	at com.wix.detox.adapters.server.ActionsExecutor.$r8$lambda$GVbB7LHtBHxNHGbgYnHJ6YrwCqs(Unknown Source:0)
03-14 22:10:38.853  3519  3728 E DetoxCrashHandler: 	at com.wix.detox.adapters.server.ActionsExecutor$$ExternalSyntheticLambda0.run(D8$$SyntheticClass:0)
03-14 22:10:38.853  3519  3728 E DetoxCrashHandler: 	at android.os.Handler.handleCallback(Handler.java:959)
03-14 22:10:38.853  3519  3728 E DetoxCrashHandler: 	at android.os.Handler.dispatchMessage(Handler.java:100)
03-14 22:10:38.853  3519  3728 E DetoxCrashHandler: 	at android.os.Looper.loopOnce(Looper.java:232)
03-14 22:10:38.853  3519  3728 E DetoxCrashHandler: 	at android.os.Looper.loop(Looper.java:317)
03-14 22:10:38.853  3519  3728 E DetoxCrashHandler: 	at com.wix.detox.adapters.server.ActionsExecutor._init_$lambda$0(DetoxActionsDispatcher.kt:62)
03-14 22:10:38.853  3519  3728 E DetoxCrashHandler: 	at com.wix.detox.adapters.server.ActionsExecutor.$r8$lambda$xlgL0CQim6vNM0wWEqM8JIDgZUE(Unknown Source:0)
03-14 22:10:38.853  3519  3728 E DetoxCrashHandler: 	at com.wix.detox.adapters.server.ActionsExecutor$$ExternalSyntheticLambda1.run(D8$$SyntheticClass:0)
03-14 22:10:38.853  3519  3728 E DetoxCrashHandler: 	at java.lang.Thread.run(Thread.java:1012)
03-14 22:10:38.853  3519  3728 E DetoxCrashHandler: Caused by: org.joor.ReflectException: org.joor.ReflectException: java.lang.NoSuchFieldException: mMountItemDispatcher
03-14 22:10:38.853  3519  3728 E DetoxCrashHandler: 	at org.joor.Reflect.field(Reflect.java:294)
03-14 22:10:38.853  3519  3728 E DetoxCrashHandler: 	at com.wix.detox.reactnative.idlingresources.uimodule.fabric.FabricUIManagerIdlingResources.getMountItemDispatcher(FabricUIManagerIdlingResources.kt:65)
03-14 22:10:38.853  3519  3728 E DetoxCrashHandler: 	at com.wix.detox.reactnative.idlingresources.uimodule.fabric.FabricUIManagerIdlingResources.getViewCommandMountItemsSize(FabricUIManagerIdlingResources.kt:70)
03-14 22:10:38.853  3519  3728 E DetoxCrashHandler: 	at com.wix.detox.reactnative.idlingresources.uimodule.fabric.FabricUIManagerIdlingResources.checkIdle(FabricUIManagerIdlingResources.kt:19)
03-14 22:10:38.853  3519  3728 E DetoxCrashHandler: 	at com.wix.detox.reactnative.idlingresources.DetoxIdlingResource.isIdleNow(DetoxIdlingResource.kt:30)
03-14 22:10:38.853  3519  3728 E DetoxCrashHandler: 	at com.wix.detox.espresso.registry.BusyResourcesInquirer.getBusyIdlingResources(BusyResourcesInquirer.kt:29)
03-14 22:10:38.853  3519  3728 E DetoxCrashHandler: 	at com.wix.detox.espresso.registry.BusyResourcesInquirer.getAllBusyResources$lambda$2(BusyResourcesInquirer.kt:21)
03-14 22:10:38.853  3519  3728 E DetoxCrashHandler: 	at com.wix.detox.espresso.registry.BusyResourcesInquirer.$r8$lambda$67FTpIglw6E0PceMzBRqYhXSCtM(Unknown Source:0)
03-14 22:10:38.853  3519  3728 E DetoxCrashHandler: 	at com.wix.detox.espresso.registry.BusyResourcesInquirer$$ExternalSyntheticLambda0.call(D8$$SyntheticClass:0)
03-14 22:10:38.853  3519  3728 E DetoxCrashHandler: 	at java.util.concurrent.FutureTask.run(FutureTask.java:264)
03-14 22:10:38.853  3519  3728 E DetoxCrashHandler: 	at android.os.Handler.handleCallback(Handler.java:959)
03-14 22:10:38.853  3519  3728 E DetoxCrashHandler: 	at android.os.Handler.dispatchMessage(Handler.java:100)
03-14 22:10:38.853  3519  3728 E DetoxCrashHandler: 	at android.os.Looper.loopOnce(Looper.java:232)
03-14 22:10:38.853  3519  3728 E DetoxCrashHandler: 	at android.os.Looper.loop(Looper.java:317)
03-14 22:10:38.853  3519  3728 E DetoxCrashHandler: 	at android.app.ActivityThread.main(ActivityThread.java:8705)
03-14 22:10:38.853  3519  3728 E DetoxCrashHandler: 	at java.lang.reflect.Method.invoke(Native Method)
03-14 22:10:38.853  3519  3728 E DetoxCrashHandler: 	at com.android.internal.os.RuntimeInit$MethodAndArgsCaller.run(RuntimeInit.java:580)
03-14 22:10:38.853  3519  3728 E DetoxCrashHandler: 	at com.android.internal.os.ZygoteInit.main(ZygoteInit.java:886)
03-14 22:10:38.853  3519  3728 E DetoxCrashHandler: Caused by: org.joor.ReflectException: java.lang.NoSuchFieldException: mMountItemDispatcher
03-14 22:10:38.853  3519  3728 E DetoxCrashHandler: 	at org.joor.Reflect.field0(Reflect.java:318)
