--------- beginning of main
03-14 22:08:58.144  3519  3519 I .studentfinance: Late-enabling -Xcheck:jni
03-14 22:08:58.171  3519  3519 I .studentfinance: Using CollectorTypeCMC GC.
03-14 22:08:58.172  3519  3519 W .studentfinance: Unexpected CPU variant for x86: x86_64.
03-14 22:08:58.172  3519  3519 W .studentfinance: Known variants: atom, sandybridge, silvermont, goldmont, goldmont-plus, goldmont-without-sha-xsaves, tremont, kabylake, default
03-14 22:08:58.190  3519  3519 D nativeloader: Load libframework-connectivity-tiramisu-jni.so using APEX ns com_android_tethering for caller /apex/com.android.tethering/javalib/framework-connectivity-t.jar: ok
--------- beginning of system
03-14 22:08:58.313  3519  3519 W ActivityThread: Package uses different ABI(s) than its instrumentation: package[com.mcfuzzysquirrel.studentfinance]: x86_64, null instrumentation[com.mcfuzzysquirrel.studentfinance.test]: null, null
03-14 22:08:58.338  3519  3519 W .studentfinance: ClassLoaderContext shared library size mismatch. Expected=2, found=0 (PCL[]{PCL[/system/framework/android.test.base.jar*724373495]#PCL[/system/framework/android.test.mock.jar*1452759902]} | PCL[])
03-14 22:08:58.348  3519  3519 W .studentfinance: ClassLoaderContext classpath size mismatch. expected=0, found=1 (PCL[] | PCL[/system/framework/android.test.runner.jar*2496447986])
03-14 22:08:58.353  3519  3519 W .studentfinance: ClassLoaderContext classpath size mismatch. expected=0, found=2 (PCL[] | PCL[/system/framework/android.test.runner.jar*2496447986:/system/framework/android.test.mock.jar*1452759902])
03-14 22:08:58.354  3519  3519 W ziparchive: Unable to open '/data/app/~~t8jooJ1FeWaI8Ii7JeKiVA==/com.mcfuzzysquirrel.studentfinance.test-H0tieAl442uZjloZy8S3gA==/base.dm': No such file or directory
03-14 22:08:58.356  3519  3519 W ziparchive: Unable to open '/data/app/~~t8jooJ1FeWaI8Ii7JeKiVA==/com.mcfuzzysquirrel.studentfinance.test-H0tieAl442uZjloZy8S3gA==/base.dm': No such file or directory
03-14 22:08:58.482  3519  3519 W ziparchive: Unable to open '/data/app/~~Sm_WCzs2uDisUMrRlr12Ag==/com.mcfuzzysquirrel.studentfinance-2VKq78_Kz8hEOuDFxcuXWg==/base.dm': No such file or directory
03-14 22:08:58.482  3519  3519 W ziparchive: Unable to open '/data/app/~~Sm_WCzs2uDisUMrRlr12Ag==/com.mcfuzzysquirrel.studentfinance-2VKq78_Kz8hEOuDFxcuXWg==/base.dm': No such file or directory
03-14 22:08:58.761  3519  3519 D nativeloader: Configuring clns-7 for other apk /system/framework/android.test.runner.jar:/system/framework/android.test.mock.jar:/system/framework/android.test.base.jar:/data/app/~~t8jooJ1FeWaI8Ii7JeKiVA==/com.mcfuzzysquirrel.studentfinance.test-H0tieAl442uZjloZy8S3gA==/base.apk:/data/app/~~Sm_WCzs2uDisUMrRlr12Ag==/com.mcfuzzysquirrel.studentfinance-2VKq78_Kz8hEOuDFxcuXWg==/base.apk. target_sdk_version=36, uses_libraries=, library_path=/data/app/~~t8jooJ1FeWaI8Ii7JeKiVA==/com.mcfuzzysquirrel.studentfinance.test-H0tieAl442uZjloZy8S3gA==/lib/x86_64:/data/app/~~Sm_WCzs2uDisUMrRlr12Ag==/com.mcfuzzysquirrel.studentfinance-2VKq78_Kz8hEOuDFxcuXWg==/lib/x86_64:/data/app/~~t8jooJ1FeWaI8Ii7JeKiVA==/com.mcfuzzysquirrel.studentfinance.test-H0tieAl442uZjloZy8S3gA==/base.apk!/lib/x86_64:/data/app/~~Sm_WCzs2uDisUMrRlr12Ag==/com.mcfuzzysquirrel.studentfinance-2VKq78_Kz8hEOuDFxcuXWg==/base.apk!/lib/x86_64, permitted_path=/data:/mnt/expand:/data/user/0/com.mcfuzzysquirrel.studentfinance
03-14 22:08:58.776  3519  3519 V GraphicsEnvironment: Currently set values for:
03-14 22:08:58.776  3519  3519 V GraphicsEnvironment:   angle_gl_driver_selection_pkgs=[]
03-14 22:08:58.776  3519  3519 V GraphicsEnvironment:   angle_gl_driver_selection_values=[]
03-14 22:08:58.776  3519  3519 V GraphicsEnvironment: Global.Settings values are invalid: number of packages: 0, number of values: 0
03-14 22:08:58.776  3519  3519 V GraphicsEnvironment: Neither updatable production driver nor prerelease driver is supported.
03-14 22:08:58.787  3519  3519 D ApplicationLoaders: Returning zygote-cached class loader: /system/framework/android.test.base.jar
03-14 22:08:58.794  3519  3519 D nativeloader: Configuring clns-8 for other apk /system/framework/android.test.mock.jar. target_sdk_version=36, uses_libraries=ALL, library_path=/data/app/~~t8jooJ1FeWaI8Ii7JeKiVA==/com.mcfuzzysquirrel.studentfinance.test-H0tieAl442uZjloZy8S3gA==/lib/x86_64:/data/app/~~Sm_WCzs2uDisUMrRlr12Ag==/com.mcfuzzysquirrel.studentfinance-2VKq78_Kz8hEOuDFxcuXWg==/lib/x86_64, permitted_path=/data:/mnt/expand
03-14 22:08:58.794  3519  3519 D ApplicationLoaders: Returning zygote-cached class loader: /system/framework/android.test.base.jar
03-14 22:08:58.796  3519  3519 D nativeloader: Configuring clns-9 for other apk /system/framework/android.test.runner.jar. target_sdk_version=36, uses_libraries=ALL, library_path=/data/app/~~t8jooJ1FeWaI8Ii7JeKiVA==/com.mcfuzzysquirrel.studentfinance.test-H0tieAl442uZjloZy8S3gA==/lib/x86_64:/data/app/~~Sm_WCzs2uDisUMrRlr12Ag==/com.mcfuzzysquirrel.studentfinance-2VKq78_Kz8hEOuDFxcuXWg==/lib/x86_64, permitted_path=/data:/mnt/expand
03-14 22:08:58.797  3519  3519 W .studentfinance: ClassLoaderContext shared library size mismatch. Expected=2, found=3 (PCL[]{PCL[/system/framework/android.test.base.jar*724373495]#PCL[/system/framework/android.test.mock.jar*1452759902]} | PCL[]{PCL[/system/framework/android.test.base.jar*724373495]#PCL[/system/framework/android.test.mock.jar*1452759902]#PCL[/system/framework/android.test.runner.jar*2496447986]{PCL[/system/framework/android.test.base.jar*724373495]#PCL[/system/framework/android.test.mock.jar*1452759902]}};PCL[/system/framework/android.test.runner.jar*2496447986:/system/framework/android.test.mock.jar*1452759902:/system/framework/android.test.base.jar*724373495:/data/app/~~t8jooJ1FeWaI8Ii7JeKiVA==/com.mcfuzzysquirrel.studentfinance.test-H0tieAl442uZjloZy8S3gA==/base.apk*3224200876:/data/app/~~Sm_WCzs2uDisUMrRlr12Ag==/com.mcfuzzysquirrel.studentfinance-2VKq78_Kz8hEOuDFxcuXWg==/base.apk*3383818782])
03-14 22:08:58.798  3519  3519 W .studentfinance: ClassLoaderContext classpath size mismatch. expected=0, found=1 (PCL[] | PCL[/system/framework/android.test.runner.jar*2496447986]{PCL[/system/framework/android.test.base.jar*724373495]#PCL[/system/framework/android.test.mock.jar*1452759902]#PCL[/system/framework/android.test.runner.jar*2496447986]{PCL[/system/framework/android.test.base.jar*724373495]#PCL[/system/framework/android.test.mock.jar*1452759902]}};PCL[/system/framework/android.test.runner.jar*2496447986:/system/framework/android.test.mock.jar*1452759902:/system/framework/android.test.base.jar*724373495:/data/app/~~t8jooJ1FeWaI8Ii7JeKiVA==/com.mcfuzzysquirrel.studentfinance.test-H0tieAl442uZjloZy8S3gA==/base.apk*3224200876:/data/app/~~Sm_WCzs2uDisUMrRlr12Ag==/com.mcfuzzysquirrel.studentfinance-2VKq78_Kz8hEOuDFxcuXWg==/base.apk*3383818782])
03-14 22:08:58.816  3519  3519 W .studentfinance: ClassLoaderContext classpath size mismatch. expected=0, found=2 (PCL[] | PCL[/system/framework/android.test.runner.jar*2496447986:/system/framework/android.test.mock.jar*1452759902]{PCL[/system/framework/android.test.base.jar*724373495]#PCL[/system/framework/android.test.mock.jar*1452759902]#PCL[/system/framework/android.test.runner.jar*2496447986]{PCL[/system/framework/android.test.base.jar*724373495]#PCL[/system/framework/android.test.mock.jar*1452759902]}};PCL[/system/framework/android.test.runner.jar*2496447986:/system/framework/android.test.mock.jar*1452759902:/system/framework/android.test.base.jar*724373495:/data/app/~~t8jooJ1FeWaI8Ii7JeKiVA==/com.mcfuzzysquirrel.studentfinance.test-H0tieAl442uZjloZy8S3gA==/base.apk*3224200876:/data/app/~~Sm_WCzs2uDisUMrRlr12Ag==/com.mcfuzzysquirrel.studentfinance-2VKq78_Kz8hEOuDFxcuXWg==/base.apk*3383818782])
03-14 22:08:58.817  3519  3519 W ziparchive: Unable to open '/data/app/~~t8jooJ1FeWaI8Ii7JeKiVA==/com.mcfuzzysquirrel.studentfinance.test-H0tieAl442uZjloZy8S3gA==/base.dm': No such file or directory
03-14 22:08:58.817  3519  3519 W ziparchive: Unable to open '/data/app/~~t8jooJ1FeWaI8Ii7JeKiVA==/com.mcfuzzysquirrel.studentfinance.test-H0tieAl442uZjloZy8S3gA==/base.dm': No such file or directory
03-14 22:08:58.912  3519  3519 W ziparchive: Unable to open '/data/app/~~Sm_WCzs2uDisUMrRlr12Ag==/com.mcfuzzysquirrel.studentfinance-2VKq78_Kz8hEOuDFxcuXWg==/base.dm': No such file or directory
03-14 22:08:58.912  3519  3519 W ziparchive: Unable to open '/data/app/~~Sm_WCzs2uDisUMrRlr12Ag==/com.mcfuzzysquirrel.studentfinance-2VKq78_Kz8hEOuDFxcuXWg==/base.dm': No such file or directory
03-14 22:08:59.403  3519  3519 I AndroidJUnitRunner: newApplication com.mcfuzzysquirrel.studentfinance.MainApplication
03-14 22:08:59.427  3519  3519 I AndroidJUnitRunner: onCreate Bundle[mParcelledData.dataSize=240]
03-14 22:08:59.428  3519  3519 D AndroidJUnitRunner: Use the raw file system for managing file I/O.
03-14 22:08:59.502  3519  3519 V TestEventClient: No service name argument was given (testDiscoveryService, testRunEventService or orchestratorService)
03-14 22:08:59.502  3519  3663 D AndroidJUnitRunner: onStart is called.
03-14 22:08:59.508  3519  3519 W SoLoader: Initializing SoLoader: 0
03-14 22:08:59.509  3519  3519 W SoLoader: Recording new base apk path: /data/app/~~Sm_WCzs2uDisUMrRlr12Ag==/com.mcfuzzysquirrel.studentfinance-2VKq78_Kz8hEOuDFxcuXWg==/base.apk
03-14 22:08:59.509  3519  3519 W SoLoader: Previously recorded 0 base apk paths.
03-14 22:08:59.512  3519  3519 I SoLoader: Preparing SO source: DirectorySoSource[root = /vendor/lib64 flags = 2]
03-14 22:08:59.512  3519  3519 I SoLoader: Preparing SO source: DirectorySoSource[root = /system/lib64 flags = 2]
03-14 22:08:59.512  3519  3519 I SoLoader: Preparing SO source: DirectApkSoSource[root = [/data/app/~~Sm_WCzs2uDisUMrRlr12Ag==/com.mcfuzzysquirrel.studentfinance-2VKq78_Kz8hEOuDFxcuXWg==/base.apk!/lib/x86_64]]
03-14 22:08:59.540  3519  3519 I SoLoader: Preparing SO source: ApplicationSoSource[DirectorySoSource[root = /data/app/~~Sm_WCzs2uDisUMrRlr12Ag==/com.mcfuzzysquirrel.studentfinance-2VKq78_Kz8hEOuDFxcuXWg==/lib/x86_64 flags = 0]]
03-14 22:08:59.540  3519  3519 I SoLoader: init finish: 4 SO sources prepared
03-14 22:08:59.540  3519  3519 W SoLoader: SoLoader initialized: 8
03-14 22:08:59.585  3519  3519 D nativeloader: Load /data/app/~~Sm_WCzs2uDisUMrRlr12Ag==/com.mcfuzzysquirrel.studentfinance-2VKq78_Kz8hEOuDFxcuXWg==/base.apk!/lib/x86_64/libc++_shared.so using ns clns-7 from class loader (caller=/data/app/~~Sm_WCzs2uDisUMrRlr12Ag==/com.mcfuzzysquirrel.studentfinance-2VKq78_Kz8hEOuDFxcuXWg==/base.apk): ok
03-14 22:08:59.602  3519  3519 D nativeloader: Load /data/app/~~Sm_WCzs2uDisUMrRlr12Ag==/com.mcfuzzysquirrel.studentfinance-2VKq78_Kz8hEOuDFxcuXWg==/base.apk!/lib/x86_64/libjsi.so using ns clns-7 from class loader (caller=/data/app/~~Sm_WCzs2uDisUMrRlr12Ag==/com.mcfuzzysquirrel.studentfinance-2VKq78_Kz8hEOuDFxcuXWg==/base.apk): ok
03-14 22:08:59.619  3519  3519 D nativeloader: Load /data/app/~~Sm_WCzs2uDisUMrRlr12Ag==/com.mcfuzzysquirrel.studentfinance-2VKq78_Kz8hEOuDFxcuXWg==/base.apk!/lib/x86_64/libfbjni.so using ns clns-7 from class loader (caller=/data/app/~~Sm_WCzs2uDisUMrRlr12Ag==/com.mcfuzzysquirrel.studentfinance-2VKq78_Kz8hEOuDFxcuXWg==/base.apk): ok
03-14 22:08:59.630  3519  3519 D nativeloader: Load /data/app/~~Sm_WCzs2uDisUMrRlr12Ag==/com.mcfuzzysquirrel.studentfinance-2VKq78_Kz8hEOuDFxcuXWg==/base.apk!/lib/x86_64/libreactnative.so using ns clns-7 from class loader (caller=/data/app/~~Sm_WCzs2uDisUMrRlr12Ag==/com.mcfuzzysquirrel.studentfinance-2VKq78_Kz8hEOuDFxcuXWg==/base.apk): ok
03-14 22:08:59.630  3519  3519 D jni_lib_merge: Entering merged library JNI_OnLoad.
03-14 22:08:59.630  3519  3519 D jni_lib_merge: Preparing 12 pre-merged libs (including stub)
03-14 22:08:59.630  3519  3519 D jni_lib_merge: Preparing to register libfabricjni_so.  onload_func: 0x726f5928d730
03-14 22:08:59.630  3519  3519 D jni_lib_merge: Preparing to register libreact_devsupportjni_so.  onload_func: 0x726f5948a190
03-14 22:08:59.630  3519  3519 D jni_lib_merge: Preparing to register libreact_featureflagsjni_so.  onload_func: 0x726f5949b910
03-14 22:08:59.630  3519  3519 D jni_lib_merge: Preparing to register libreact_newarchdefaults_so.  onload_func: 0x726f5953cd20
03-14 22:08:59.630  3519  3519 D jni_lib_merge: Preparing to register libreactnativeblob_so.  onload_func: 0x726f597472e0
03-14 22:08:59.630  3519  3519 D jni_lib_merge: Preparing to register libreactnativejni_so.  onload_func: 0x726f59787770
03-14 22:08:59.630  3519  3519 D jni_lib_merge: Preparing to register libreactnativejni_common_so.  onload_func: 0x726f597975d0
03-14 22:08:59.630  3519  3519 D jni_lib_merge: Preparing to register librninstance_so.  onload_func: 0x726f597d44c0
03-14 22:08:59.630  3519  3519 D jni_lib_merge: Preparing to register libturbomodulejsijni_so.  onload_func: 0x726f59935c00
03-14 22:08:59.630  3519  3519 D jni_lib_merge: Preparing to register libuimanagerjni_so.  onload_func: 0x726f5994dde0
03-14 22:08:59.630  3519  3519 D jni_lib_merge: Preparing to register libyoga_so.  onload_func: 0x726f5995cd70
03-14 22:08:59.630  3519  3519 D jni_lib_merge: About to register 11 actual methods.
03-14 22:08:59.665  3519  3519 D nativeloader: Load /data/app/~~Sm_WCzs2uDisUMrRlr12Ag==/com.mcfuzzysquirrel.studentfinance-2VKq78_Kz8hEOuDFxcuXWg==/base.apk!/lib/x86_64/libreact_codegen_rnscreens.so using ns clns-7 from class loader (caller=/data/app/~~Sm_WCzs2uDisUMrRlr12Ag==/com.mcfuzzysquirrel.studentfinance-2VKq78_Kz8hEOuDFxcuXWg==/base.apk): ok
03-14 22:08:59.665  3519  3519 D jni_lib_merge: Entering merged library JNI_OnLoad.
03-14 22:08:59.666  3519  3519 D jni_lib_merge: Preparing 12 pre-merged libs (including stub)
03-14 22:08:59.666  3519  3519 D jni_lib_merge: Preparing to register libfabricjni_so.  onload_func: 0x726f5928d730
03-14 22:08:59.666  3519  3519 D jni_lib_merge: Preparing to register libreact_devsupportjni_so.  onload_func: 0x726f5948a190
03-14 22:08:59.666  3519  3519 D jni_lib_merge: Preparing to register libreact_featureflagsjni_so.  onload_func: 0x726f5949b910
03-14 22:08:59.666  3519  3519 D jni_lib_merge: Preparing to register libreact_newarchdefaults_so.  onload_func: 0x726f5953cd20
03-14 22:08:59.666  3519  3519 D jni_lib_merge: Preparing to register libreactnativeblob_so.  onload_func: 0x726f597472e0
03-14 22:08:59.666  3519  3519 D jni_lib_merge: Preparing to register libreactnativejni_so.  onload_func: 0x726f59787770
03-14 22:08:59.666  3519  3519 D jni_lib_merge: Preparing to register libreactnativejni_common_so.  onload_func: 0x726f597975d0
03-14 22:08:59.666  3519  3519 D jni_lib_merge: Preparing to register librninstance_so.  onload_func: 0x726f597d44c0
03-14 22:08:59.666  3519  3519 D jni_lib_merge: Preparing to register libturbomodulejsijni_so.  onload_func: 0x726f59935c00
03-14 22:08:59.666  3519  3519 D jni_lib_merge: Preparing to register libuimanagerjni_so.  onload_func: 0x726f5994dde0
03-14 22:08:59.666  3519  3519 D jni_lib_merge: Preparing to register libyoga_so.  onload_func: 0x726f5995cd70
03-14 22:08:59.666  3519  3519 D jni_lib_merge: About to register 11 actual methods.
03-14 22:08:59.681  3519  3519 D nativeloader: Load /data/app/~~Sm_WCzs2uDisUMrRlr12Ag==/com.mcfuzzysquirrel.studentfinance-2VKq78_Kz8hEOuDFxcuXWg==/base.apk!/lib/x86_64/libreact_codegen_rnsvg.so using ns clns-7 from class loader (caller=/data/app/~~Sm_WCzs2uDisUMrRlr12Ag==/com.mcfuzzysquirrel.studentfinance-2VKq78_Kz8hEOuDFxcuXWg==/base.apk): ok
03-14 22:08:59.683  3519  3519 D jni_lib_merge: Entering merged library JNI_OnLoad.
03-14 22:08:59.683  3519  3519 D jni_lib_merge: Preparing 12 pre-merged libs (including stub)
03-14 22:08:59.683  3519  3519 D jni_lib_merge: Preparing to register libfabricjni_so.  onload_func: 0x726f5928d730
03-14 22:08:59.683  3519  3519 D jni_lib_merge: Preparing to register libreact_devsupportjni_so.  onload_func: 0x726f5948a190
03-14 22:08:59.683  3519  3519 D jni_lib_merge: Preparing to register libreact_featureflagsjni_so.  onload_func: 0x726f5949b910
03-14 22:08:59.683  3519  3519 D jni_lib_merge: Preparing to register libreact_newarchdefaults_so.  onload_func: 0x726f5953cd20
03-14 22:08:59.683  3519  3519 D jni_lib_merge: Preparing to register libreactnativeblob_so.  onload_func: 0x726f597472e0
03-14 22:08:59.683  3519  3519 D jni_lib_merge: Preparing to register libreactnativejni_so.  onload_func: 0x726f59787770
03-14 22:08:59.683  3519  3519 D jni_lib_merge: Preparing to register libreactnativejni_common_so.  onload_func: 0x726f597975d0
03-14 22:08:59.683  3519  3519 D jni_lib_merge: Preparing to register librninstance_so.  onload_func: 0x726f597d44c0
03-14 22:08:59.683  3519  3519 D jni_lib_merge: Preparing to register libturbomodulejsijni_so.  onload_func: 0x726f59935c00
03-14 22:08:59.683  3519  3519 D jni_lib_merge: Preparing to register libuimanagerjni_so.  onload_func: 0x726f5994dde0
03-14 22:08:59.683  3519  3519 D jni_lib_merge: Preparing to register libyoga_so.  onload_func: 0x726f5995cd70
03-14 22:08:59.683  3519  3519 D jni_lib_merge: About to register 11 actual methods.
03-14 22:08:59.707  3519  3519 D nativeloader: Load /data/app/~~Sm_WCzs2uDisUMrRlr12Ag==/com.mcfuzzysquirrel.studentfinance-2VKq78_Kz8hEOuDFxcuXWg==/base.apk!/lib/x86_64/libreact_codegen_safeareacontext.so using ns clns-7 from class loader (caller=/data/app/~~Sm_WCzs2uDisUMrRlr12Ag==/com.mcfuzzysquirrel.studentfinance-2VKq78_Kz8hEOuDFxcuXWg==/base.apk): ok
03-14 22:08:59.717  3519  3519 D nativeloader: Load /data/app/~~Sm_WCzs2uDisUMrRlr12Ag==/com.mcfuzzysquirrel.studentfinance-2VKq78_Kz8hEOuDFxcuXWg==/base.apk!/lib/x86_64/libappmodules.so using ns clns-7 from class loader (caller=/data/app/~~Sm_WCzs2uDisUMrRlr12Ag==/com.mcfuzzysquirrel.studentfinance-2VKq78_Kz8hEOuDFxcuXWg==/base.apk): ok
03-14 22:08:59.883  3519  3663 I InstrConnection: Could not send broadcast or register receiver (isolatedProcess?)
03-14 22:08:59.898  3519  3663 D TestRequestBuilder: Using class path scanning to discover tests
03-14 22:08:59.898  3519  3663 I TestRequestBuilder: Scanning classpath to find tests in paths [/data/app/~~t8jooJ1FeWaI8Ii7JeKiVA==/com.mcfuzzysquirrel.studentfinance.test-H0tieAl442uZjloZy8S3gA==/base.apk]
03-14 22:08:59.900  3519  3663 W .studentfinance: Opening an oat file without a class loader. Are you using the deprecated DexFile APIs?
03-14 22:09:00.654  3519  3663 I TestRunner: run started: 1 tests
03-14 22:09:00.656  3519  3663 I TestRunner: started: runDetoxTests(com.mcfuzzysquirrel.studentfinance.DetoxTest)
03-14 22:09:00.663  3519  3663 I Detox   : Detox server connection details: url=ws://localhost:32807, sessionId=55186fe9-9702-6564-4735-135b902d6489
03-14 22:09:00.669  3519  3663 I Tracing : Tracer added: class androidx.test.platform.tracing.AndroidXTracer
03-14 22:09:00.681  3519  3663 W .studentfinance: Accessing hidden field Ljava/lang/reflect/Field;->accessFlags:I (unsupported, reflection, allowed)
03-14 22:09:00.683  3519  3663 I Detox   : Connecting to server...
03-14 22:09:00.683  3519  3663 I DetoxWSClient: At connectToServer
03-14 22:09:00.743  3519  3732 D TrafficStats: tagSocket(102) with statsTag=0xffffffff, statsUid=-1
03-14 22:09:00.793  3519  3732 D DetoxWSClient: At onOpen
03-14 22:09:00.793  3519  3732 I DetoxWSClient: Sending out action 'login' (ID #0)
03-14 22:09:00.794  3519  3732 I Detox   : Connected to server!
03-14 22:09:00.801  3519  3732 D DetoxWSClient: Received action 'loginSuccess' (ID #0, params={"testerConnected":true,"appConnected":true})
03-14 22:09:00.802  3519  3727 I DetoxDispatcher: Handling action 'loginSuccess' (ID #0)...
03-14 22:09:00.802  3519  3727 I DetoxDispatcher: Done with action 'loginSuccess'
03-14 22:09:00.802  3519  3663 I Detox   : Launching the tested activity!
03-14 22:09:00.849  3519  3732 D DetoxWSClient: Received action 'isReady' (ID #-1000, params={})
03-14 22:09:00.863  3519  3727 I DetoxDispatcher: Handling action 'isReady' (ID #-1000)...
03-14 22:09:01.136  3519  3519 D AppCompatDelegate: Checking for metadata for AppLocalesMetadataHolderService : Service not found
03-14 22:09:01.197  3519  3519 D LifecycleMonitor: Lifecycle status change: com.mcfuzzysquirrel.studentfinance.MainActivity@5e9fe74 in: PRE_ON_CREATE
03-14 22:09:01.644  3519  3519 W unknown:BridgelessReact: ReactHost{0}.startSurface(surfaceId = 0): Schedule
03-14 22:09:01.644  3519  3519 W unknown:BridgelessReact: ReactHost{0}.attachSurface(surfaceId = 0)
03-14 22:09:01.648  3519  3755 W unknown:BridgelessReact: ReactHost{0}.getOrCreateReactInstanceTask()
03-14 22:09:01.648  3519  3755 W unknown:BridgelessReact: ReactHost{0}.getOrCreateReactInstanceTask(): Start
03-14 22:09:01.648  3519  3755 D Detox.RNMarker: REACT_BRIDGELESS_LOADING_START (null)
03-14 22:09:01.649  3519  3755 W unknown:BridgelessReact: ReactHost{0}.getJSBundleLoader()
03-14 22:09:01.649  3519  3755 W unknown:BridgelessReact: ReactHost{0}.isMetroRunning()
03-14 22:09:01.702  3519  3519 W .studentfinance: Accessing hidden method Landroid/view/ViewGroup;->makeOptionalFitsSystemWindows()V (unsupported, reflection, allowed)
03-14 22:09:01.712  3519  3519 D LifecycleMonitor: Lifecycle status change: com.mcfuzzysquirrel.studentfinance.MainActivity@5e9fe74 in: CREATED
03-14 22:09:01.717  3519  3519 D LifecycleMonitor: Lifecycle status change: com.mcfuzzysquirrel.studentfinance.MainActivity@5e9fe74 in: STARTED
03-14 22:09:01.723  3519  3519 W unknown:BridgelessReact: ReactHost{0}.onHostResume(activity)
03-14 22:09:01.725  3519  3519 D LifecycleMonitor: Lifecycle status change: com.mcfuzzysquirrel.studentfinance.MainActivity@5e9fe74 in: RESUMED
03-14 22:09:01.757  3519  3519 W HWUI    : Unknown dataspace 0
03-14 22:09:01.789  3519  3761 D TrafficStats: tagSocket(111) with statsTag=0xffffffff, statsUid=-1
03-14 22:09:01.801  3519  3761 W unknown:ReactNative: The packager does not seem to be running as we got an IOException requesting its status: Failed to connect to /10.0.2.2:8081
03-14 22:09:01.801  3519  3761 W unknown:BridgelessReact: ReactHost{0}.isMetroRunning(): Async result = false
03-14 22:09:01.804  3519  3755 W unknown:BridgelessReact: ReactHost{0}.getOrCreateReactInstanceTask(): Creating BridgelessReactContext
03-14 22:09:01.825  3519  3755 W unknown:BridgelessReact: ReactHost{0}.getOrCreateReactInstanceTask(): Creating ReactInstance
03-14 22:09:01.870  3519  3773 D TrafficStats: tagSocket(118) with statsTag=0xffffffff, statsUid=-1
03-14 22:09:01.887  3519  3741 I EGL_emulation: Opening libGLESv1_CM_emulation.so
03-14 22:09:01.887  3519  3741 I EGL_emulation: Opening libGLESv2_emulation.so
03-14 22:09:01.914  3519  3741 W HWUI    : Failed to initialize 101010-2 format, error = EGL_SUCCESS
03-14 22:09:01.942  3519  3775 D TrafficStats: tagSocket(124) with statsTag=0xffffffff, statsUid=-1
03-14 22:09:01.947  3519  3774 D TrafficStats: tagSocket(125) with statsTag=0xffffffff, statsUid=-1
03-14 22:09:01.956  3519  3775 W unknown:ReconnectingWebSocket: Couldn't connect to "ws://10.0.2.2:8081/message?device=sdk_gphone64_x86_64%20-%2015%20-%20API%2035&app=com.mcfuzzysquirrel.studentfinance&clientid=BridgelessDevSupportManager", will silently retry
03-14 22:09:01.964  3519  3774 W unknown:ReconnectingWebSocket: Couldn't connect to "ws://10.0.2.2:8081/message?device=sdk_gphone64_x86_64%20-%2015%20-%20API%2035&app=com.mcfuzzysquirrel.studentfinance&clientid=BridgelessDevSupportManager", will silently retry
03-14 22:09:01.966  3519  3741 I Gralloc4: mapper 4.x is not supported
03-14 22:09:02.040  3519  3755 D nativeloader: Load /data/app/~~Sm_WCzs2uDisUMrRlr12Ag==/com.mcfuzzysquirrel.studentfinance-2VKq78_Kz8hEOuDFxcuXWg==/base.apk!/lib/x86_64/libhermesvm.so using ns clns-7 from class loader (caller=/data/app/~~Sm_WCzs2uDisUMrRlr12Ag==/com.mcfuzzysquirrel.studentfinance-2VKq78_Kz8hEOuDFxcuXWg==/base.apk): ok
03-14 22:09:02.043  3519  3755 D nativeloader: Load /data/app/~~Sm_WCzs2uDisUMrRlr12Ag==/com.mcfuzzysquirrel.studentfinance-2VKq78_Kz8hEOuDFxcuXWg==/base.apk!/lib/x86_64/libhermestooling.so using ns clns-7 from class loader (caller=/data/app/~~Sm_WCzs2uDisUMrRlr12Ag==/com.mcfuzzysquirrel.studentfinance-2VKq78_Kz8hEOuDFxcuXWg==/base.apk): ok
03-14 22:09:02.044  3519  3755 D jni_lib_merge: Entering merged library JNI_OnLoad.
03-14 22:09:02.044  3519  3755 D jni_lib_merge: Preparing 4 pre-merged libs (including stub)
03-14 22:09:02.044  3519  3755 D jni_lib_merge: Preparing to register libhermes_executor_so.  onload_func: 0x726f50377050
03-14 22:09:02.044  3519  3755 D jni_lib_merge: Preparing to register libhermesinstancejni_so.  onload_func: 0x726f503ad680
03-14 22:09:02.044  3519  3755 D jni_lib_merge: Preparing to register libjsijniprofiler_so.  onload_func: 0x726f503af3f0
03-14 22:09:02.044  3519  3755 D jni_lib_merge: About to register 3 actual methods.
03-14 22:09:02.762  3519  3755 I ExpoModulesCore: ✅ AppContext was initialized
03-14 22:09:02.897  3519  3755 W unknown:BridgelessReact: ReactHost{0}.getOrCreateReactInstanceTask(): Loading JS Bundle
03-14 22:09:02.901  3519  3755 W unknown:BridgelessReact: ReactHost{0}.getOrCreateReactInstanceTask(): DevSupportManager.onNewReactContextCreated()
03-14 22:09:02.902  3519  3770 D Detox.RNMarker: RUN_JS_BUNDLE_START (index.android.bundle)
03-14 22:09:02.911  3519  3523 I .studentfinance: Compiler allocated 5174KB to compile void android.view.ViewRootImpl.performTraversals()
03-14 22:09:02.967  3519  3519 W unknown:ReactNative: Packager connection already open, nooping.
03-14 22:09:02.967  3519  3755 W unknown:BridgelessReact: ReactHost{0}.startSurface(surfaceId = 0): Execute
03-14 22:09:02.967  3519  3519 W unknown:BridgelessReact: ReactHost{0}.ReactContext.onHostResume()
03-14 22:09:02.991  3519  3519 W unknown:BridgelessReact: ReactHost{0}.getOrCreateReactInstanceTask(): Executing ReactInstanceEventListeners
03-14 22:09:02.992  3519  3519 I DetoxRNLoading: Got new RN-context through listener
03-14 22:09:03.007  3519  3663 I DetoxRNIdleRes: Setting up Espresso Idling Resources for React Native
03-14 22:09:03.028  3519  3519 D DetoxRNHelpers: Native RN module resolution (class com.reactnativecommunity.asyncstorage.AsyncStorageModule): no such class
03-14 22:09:03.031  3519  3663 D IdlingRegistry: Registering idling resources: [com.wix.detox.reactnative.idlingresources.uimodule.fabric.FabricUIManagerIdlingResources@2fd4295]
03-14 22:09:03.031  3519  3663 D IdlingRegistry: Registering idling resources: [com.wix.detox.reactnative.idlingresources.animations.AnimatedModuleIdlingResource@45cefaa]
03-14 22:09:03.031  3519  3663 D IdlingRegistry: Registering idling resources: [com.wix.detox.reactnative.idlingresources.timers.FabricTimersIdlingResource@414079b]
03-14 22:09:03.031  3519  3663 D IdlingRegistry: Registering idling resources: [com.wix.detox.reactnative.idlingresources.network.NetworkIdlingResource@3baa738]
03-14 22:09:03.031  3519  3663 D IdlingRegistry: Registering idling resources: [com.wix.detox.reactnative.idlingresources.StabilizedIdlingResource@2bc7311]
03-14 22:09:03.044  3519  3770 D nativeloader: Load /data/app/~~Sm_WCzs2uDisUMrRlr12Ag==/com.mcfuzzysquirrel.studentfinance-2VKq78_Kz8hEOuDFxcuXWg==/base.apk!/lib/x86_64/libexpo-modules-core.so using ns clns-7 from class loader (caller=/data/app/~~Sm_WCzs2uDisUMrRlr12Ag==/com.mcfuzzysquirrel.studentfinance-2VKq78_Kz8hEOuDFxcuXWg==/base.apk): ok
03-14 22:09:03.046  3519  3771 W .studentfinance: Accessing hidden method Landroid/os/MessageQueue;->next()Landroid/os/Message; (unsupported, reflection, allowed)
03-14 22:09:03.046  3519  3771 W .studentfinance: Accessing hidden field Landroid/os/MessageQueue;->mMessages:Landroid/os/Message; (unsupported, reflection, allowed)
03-14 22:09:03.046  3519  3771 W .studentfinance: Accessing hidden method Landroid/os/Message;->recycleUnchecked()V (unsupported, reflection, allowed)
03-14 22:09:03.183  3519  3770 W unknown:ViewManagerPropertyUpdater: Could not find generated setter for class com.th3rdwave.safeareacontext.SafeAreaProviderManager
03-14 22:09:03.196  3519  3770 W unknown:ViewManagerPropertyUpdater: Could not find generated setter for class com.facebook.react.uimanager.LayoutShadowNode
03-14 22:09:03.216  3519  3770 W unknown:ViewManagerPropertyUpdater: Could not find generated setter for class com.swmansion.rnscreens.SearchBarManager
03-14 22:09:03.217  3519  3770 W unknown:ViewManagerPropertyUpdater: Could not find generated setter for class com.swmansion.rnscreens.ScreenFooterManager
03-14 22:09:03.227  3519  3770 W unknown:ViewManagerPropertyUpdater: Could not find generated setter for class expo.modules.kotlin.views.GroupViewManagerWrapper
03-14 22:09:03.228  3519  3770 W unknown:ViewManagerPropertyUpdater: Could not find generated setter for class com.swmansion.rnscreens.ScreenContainerViewManager
03-14 22:09:03.266  3519  3770 W unknown:ViewManagerPropertyUpdater: Could not find generated setter for class com.swmansion.rnscreens.ModalScreenViewManager
03-14 22:09:03.267  3519  3770 W unknown:ViewManagerPropertyUpdater: Could not find generated setter for class com.swmansion.rnscreens.ScreenStackHeaderConfigViewManager
03-14 22:09:03.272  3519  3770 W unknown:ViewManagerPropertyUpdater: Could not find generated setter for class com.swmansion.rnscreens.ScreenContentWrapperManager
03-14 22:09:03.276  3519  3770 W unknown:ViewManagerPropertyUpdater: Could not find generated setter for class com.swmansion.rnscreens.gamma.tabs.TabsScreenViewManager
03-14 22:09:03.277  3519  3770 W unknown:ViewManagerPropertyUpdater: Could not find generated setter for class com.th3rdwave.safeareacontext.SafeAreaViewManager
03-14 22:09:03.291  3519  3770 W unknown:ViewManagerPropertyUpdater: Could not find generated setter for class com.th3rdwave.safeareacontext.SafeAreaViewShadowNode
03-14 22:09:03.292  3519  3770 W unknown:ViewManagerPropertyUpdater: Could not find generated setter for class com.swmansion.rnscreens.safearea.SafeAreaViewManager
03-14 22:09:03.292  3519  3770 W unknown:ViewManagerPropertyUpdater: Could not find generated setter for class com.swmansion.rnscreens.safearea.paper.SafeAreaViewShadowNode
03-14 22:09:03.294  3519  3770 W unknown:ViewManagerPropertyUpdater: Could not find generated setter for class com.swmansion.rnscreens.ScreenViewManager
03-14 22:09:03.295  3519  3770 W unknown:ViewManagerPropertyUpdater: Could not find generated setter for class com.swmansion.rnscreens.gamma.stack.host.StackHostViewManager
03-14 22:09:03.295  3519  3770 W unknown:ViewManagerPropertyUpdater: Could not find generated setter for class com.swmansion.rnscreens.ScreenStackHeaderSubviewManager
03-14 22:09:03.297  3519  3770 W unknown:ViewManagerPropertyUpdater: Could not find generated setter for class com.swmansion.rnscreens.gamma.stack.screen.StackScreenViewManager
03-14 22:09:03.297  3519  3770 W unknown:ViewManagerPropertyUpdater: Could not find generated setter for class com.swmansion.rnscreens.ScreenStackViewManager
03-14 22:09:03.298  3519  3770 W unknown:ViewManagerPropertyUpdater: Could not find generated setter for class com.swmansion.rnscreens.gamma.tabs.TabsHostViewManager
03-14 22:09:03.559  3519  3770 W unknown:ViewManagerPropertyUpdater: Could not find generated setter for class com.horcrux.svg.RenderableViewManager$DefsViewManager
03-14 22:09:03.561  3519  3770 W unknown:ViewManagerPropertyUpdater: Could not find generated setter for class com.horcrux.svg.VirtualViewManager$RenderableShadowNode
03-14 22:09:03.577  3519  3770 W unknown:ViewManagerPropertyUpdater: Could not find generated setter for class com.facebook.react.views.debuggingoverlay.DebuggingOverlayManager
03-14 22:09:03.587  3519  3770 W unknown:ViewManagerPropertyUpdater: Could not find generated setter for class com.horcrux.svg.RenderableViewManager$FeMergeManager
03-14 22:09:03.607  3519  3770 W unknown:ViewManagerPropertyUpdater: Could not find generated setter for class com.facebook.react.views.safeareaview.ReactSafeAreaViewManager
03-14 22:09:03.643  3519  3770 W unknown:ViewManagerPropertyUpdater: Could not find generated setter for class com.horcrux.svg.RenderableViewManager$LinearGradientManager
03-14 22:09:03.703  3519  3770 W unknown:ViewManagerPropertyUpdater: Could not find generated setter for class com.horcrux.svg.RenderableViewManager$FeGaussianBlurManager
03-14 22:09:03.717  3519  3523 I .studentfinance: Compiler allocated 4219KB to compile void android.widget.TextView.<init>(android.content.Context, android.util.AttributeSet, int, int)
03-14 22:09:03.749  3519  3770 W unknown:ViewManagerPropertyUpdater: Could not find generated setter for class com.facebook.react.views.progressbar.ReactProgressBarViewManager
03-14 22:09:03.750  3519  3770 W unknown:ViewManagerPropertyUpdater: Could not find generated setter for class com.facebook.react.views.progressbar.ProgressBarShadowNode
03-14 22:09:03.751  3519  3519 D DetoxRNHelpers: Native RN module resolution (class com.reactnativecommunity.asyncstorage.AsyncStorageModule): no such class
03-14 22:09:03.752  3519  3519 I Choreographer: Skipped 42 frames!  The application may be doing too much work on its main thread.
03-14 22:09:03.759  3519  3727 W .studentfinance: Long monitor contention with owner Instr: androidx.test.runner.AndroidJUnitRunner (3663) at void com.wix.detox.DetoxMain.launchActivityOnCue(android.content.Context, com.wix.detox.ActivityLaunchHelper)(DetoxMain.kt:53) waiters=0 in void com.wix.detox.DetoxMain$setupActionHandlers$SynchronizedActionHandler.handle(java.lang.String, long) for 2.884s
03-14 22:09:03.855  3519  3770 W unknown:ViewManagerPropertyUpdater: Could not find generated setter for class com.facebook.react.views.scroll.ReactHorizontalScrollViewManager
03-14 22:09:03.878  3519  3770 W unknown:ViewManagerPropertyUpdater: Could not find generated setter for class com.facebook.react.views.text.ReactTextViewManager
03-14 22:09:03.889  3519  3770 W unknown:ViewManagerPropertyUpdater: Could not find generated setter for class com.facebook.react.views.text.ReactTextShadowNode
03-14 22:09:03.923  3519  3770 W unknown:ViewManagerPropertyUpdater: Could not find generated setter for class com.horcrux.svg.RenderableViewManager$FeColorMatrixManager
03-14 22:09:03.944  3519  3770 W unknown:ViewManagerPropertyUpdater: Could not find generated setter for class com.facebook.react.views.scroll.ReactHorizontalScrollContainerViewManager
03-14 22:09:03.953  3519  3770 W unknown:ViewManagerPropertyUpdater: Could not find generated setter for class com.horcrux.svg.RenderableViewManager$ClipPathViewManager
03-14 22:09:03.961  3519  3775 D TrafficStats: tagSocket(134) with statsTag=0xffffffff, statsUid=-1
03-14 22:09:03.962  3519  3770 W unknown:ViewManagerPropertyUpdater: Could not find generated setter for class com.horcrux.svg.RenderableViewManager$SymbolManager
03-14 22:09:03.967  3519  3774 D TrafficStats: tagSocket(135) with statsTag=0xffffffff, statsUid=-1
03-14 22:09:03.972  3519  3770 W unknown:ViewManagerPropertyUpdater: Could not find generated setter for class com.horcrux.svg.RenderableViewManager$PatternManager
03-14 22:09:03.983  3519  3770 W unknown:ViewManagerPropertyUpdater: Could not find generated setter for class com.horcrux.svg.RenderableViewManager$FeBlendManager
03-14 22:09:03.992  3519  3770 W unknown:ViewManagerPropertyUpdater: Could not find generated setter for class com.facebook.react.views.view.ReactViewManager
03-14 22:09:04.001  3519  3770 W unknown:ViewManagerPropertyUpdater: Could not find generated setter for class com.horcrux.svg.SvgViewManager
03-14 22:09:04.012  3519  3770 W unknown:ViewManagerPropertyUpdater: Could not find generated setter for class com.facebook.react.views.switchview.ReactSwitchManager
03-14 22:09:04.013  3519  3770 W unknown:ViewManagerPropertyUpdater: Could not find generated setter for class com.facebook.react.views.switchview.ReactSwitchShadowNode
03-14 22:09:04.021  3519  3770 W unknown:ViewManagerPropertyUpdater: Could not find generated setter for class com.horcrux.svg.RenderableViewManager$UseViewManager
03-14 22:09:04.031  3519  3770 W unknown:ViewManagerPropertyUpdater: Could not find generated setter for class com.horcrux.svg.RenderableViewManager$CircleViewManager
03-14 22:09:04.044  3519  3770 W unknown:ViewManagerPropertyUpdater: Could not find generated setter for class com.horcrux.svg.RenderableViewManager$TSpanViewManager
03-14 22:09:04.062  3519  3770 W unknown:ViewManagerPropertyUpdater: Could not find generated setter for class com.horcrux.svg.RenderableViewManager$FilterManager
03-14 22:09:04.070  3519  3770 W unknown:ViewManagerPropertyUpdater: Could not find generated setter for class com.horcrux.svg.RenderableViewManager$MarkerManager
03-14 22:09:04.093  3519  3770 W unknown:ViewManagerPropertyUpdater: Could not find generated setter for class com.swmansion.gesturehandler.react.RNGestureHandlerButtonViewManager
03-14 22:09:04.110  3519  3770 W unknown:ViewManagerPropertyUpdater: Could not find generated setter for class com.facebook.react.views.modal.ReactModalHostManager
03-14 22:09:04.123  3519  3770 W unknown:ViewManagerPropertyUpdater: Could not find generated setter for class com.horcrux.svg.RenderableViewManager$ForeignObjectManager
03-14 22:09:04.134  3519  3770 W unknown:ViewManagerPropertyUpdater: Could not find generated setter for class com.horcrux.svg.RenderableViewManager$EllipseViewManager
03-14 22:09:04.147  3519  3770 W unknown:ViewManagerPropertyUpdater: Could not find generated setter for class com.horcrux.svg.RenderableViewManager$LineViewManager
03-14 22:09:04.173  3519  3770 W unknown:ViewManagerPropertyUpdater: Could not find generated setter for class com.facebook.react.views.text.frescosupport.FrescoBasedReactTextInlineImageViewManager
03-14 22:09:04.174  3519  3770 W unknown:ViewManagerPropertyUpdater: Could not find generated setter for class com.facebook.react.views.text.frescosupport.FrescoBasedReactTextInlineImageShadowNode
03-14 22:09:04.185  3519  3770 W unknown:ViewManagerPropertyUpdater: Could not find generated setter for class com.horcrux.svg.RenderableViewManager$FeFloodManager
03-14 22:09:04.200  3519  3773 D TrafficStats: tagSocket(134) with statsTag=0xffffffff, statsUid=-1
03-14 22:09:04.203  3519  3770 W unknown:ViewManagerPropertyUpdater: Could not find generated setter for class com.horcrux.svg.RenderableViewManager$GroupViewManager
03-14 22:09:04.226  3519  3770 W unknown:ViewManagerPropertyUpdater: Could not find generated setter for class com.horcrux.svg.RenderableViewManager$TextViewManager
03-14 22:09:04.246  3519  3770 W unknown:ViewManagerPropertyUpdater: Could not find generated setter for class com.horcrux.svg.RenderableViewManager$ImageViewManager
03-14 22:09:04.261  3519  3770 W unknown:ViewManagerPropertyUpdater: Could not find generated setter for class com.horcrux.svg.RenderableViewManager$FeCompositeManager
03-14 22:09:04.276  3519  3770 W unknown:ViewManagerPropertyUpdater: Could not find generated setter for class com.facebook.react.views.image.ReactImageManager
03-14 22:09:04.287  3519  3770 W unknown:ViewManagerPropertyUpdater: Could not find generated setter for class com.horcrux.svg.RenderableViewManager$RadialGradientManager
03-14 22:09:04.300  3519  3770 W unknown:ViewManagerPropertyUpdater: Could not find generated setter for class com.horcrux.svg.RenderableViewManager$MaskManager
03-14 22:09:04.321  3519  3770 W unknown:ViewManagerPropertyUpdater: Could not find generated setter for class com.facebook.react.views.unimplementedview.ReactUnimplementedViewManager
03-14 22:09:04.332  3519  3770 W unknown:ViewManagerPropertyUpdater: Could not find generated setter for class com.horcrux.svg.RenderableViewManager$RectViewManager
03-14 22:09:04.344  3519  3770 W unknown:ViewManagerPropertyUpdater: Could not find generated setter for class com.horcrux.svg.RenderableViewManager$TextPathViewManager
03-14 22:09:04.362  3519  3770 W unknown:ViewManagerPropertyUpdater: Could not find generated setter for class com.facebook.react.views.scroll.ReactScrollViewManager
03-14 22:09:04.392  3519  3770 W unknown:ViewManagerPropertyUpdater: Could not find generated setter for class com.horcrux.svg.RenderableViewManager$FeOffsetManager
03-14 22:09:04.407  3519  3770 W unknown:ViewManagerPropertyUpdater: Could not find generated setter for class com.horcrux.svg.RenderableViewManager$PathViewManager
03-14 22:09:04.430  3519  3770 W unknown:ViewManagerPropertyUpdater: Could not find generated setter for class com.facebook.react.views.drawer.ReactDrawerLayoutManager
03-14 22:09:04.450  3519  3770 W unknown:ViewManagerPropertyUpdater: Could not find generated setter for class com.facebook.react.views.swiperefresh.SwipeRefreshLayoutManager
03-14 22:09:04.478  3519  3770 W unknown:ViewManagerPropertyUpdater: Could not find generated setter for class com.facebook.react.views.textinput.ReactTextInputManager
03-14 22:09:04.483  3519  3770 W unknown:ViewManagerPropertyUpdater: Could not find generated setter for class com.facebook.react.views.textinput.ReactTextInputShadowNode
03-14 22:09:04.572  3519  3770 W unknown:ViewManagerPropertyUpdater: Could not find generated setter for class com.swmansion.gesturehandler.react.RNGestureHandlerRootViewManager
03-14 22:09:04.636  3519  3770 W BridgelessReactContext: [WARNING] Bridgeless doesn't support CatalystInstance. Accessing an API that's not part of the new architecture is not encouraged usage.
03-14 22:09:04.685  3519  3770 I ExpoModulesCore: ✅ JSI interop was installed
03-14 22:09:04.702  3519  3770 I ExpoModulesCore: ✅ Constants were exported
03-14 22:09:04.776  3519  3770 D nativeloader: Load /data/app/~~Sm_WCzs2uDisUMrRlr12Ag==/com.mcfuzzysquirrel.studentfinance-2VKq78_Kz8hEOuDFxcuXWg==/base.apk!/lib/x86_64/librnscreens.so using ns clns-7 from class loader (caller=/data/app/~~Sm_WCzs2uDisUMrRlr12Ag==/com.mcfuzzysquirrel.studentfinance-2VKq78_Kz8hEOuDFxcuXWg==/base.apk!classes16.dex): ok
03-14 22:09:05.029  3519  3770 D Detox.RNMarker: RUN_JS_BUNDLE_END (index.android.bundle)
03-14 22:09:05.030  3519  3770 I ReactNativeJS: Running "main"
03-14 22:09:05.057  3519  3770 D Detox.RNMarker: REACT_BRIDGELESS_LOADING_END (null)
03-14 22:09:05.075  3519  3770 D nativeloader: Load /data/app/~~Sm_WCzs2uDisUMrRlr12Ag==/com.mcfuzzysquirrel.studentfinance-2VKq78_Kz8hEOuDFxcuXWg==/base.apk!/lib/x86_64/libgesturehandler.so using ns clns-7 from class loader (caller=/data/app/~~Sm_WCzs2uDisUMrRlr12Ag==/com.mcfuzzysquirrel.studentfinance-2VKq78_Kz8hEOuDFxcuXWg==/base.apk): ok
03-14 22:09:05.075  3519  3770 D jni_lib_merge: Entering merged library JNI_OnLoad.
03-14 22:09:05.075  3519  3770 D jni_lib_merge: Preparing 12 pre-merged libs (including stub)
03-14 22:09:05.075  3519  3770 D jni_lib_merge: Preparing to register libfabricjni_so.  onload_func: 0x726f5928d730
03-14 22:09:05.075  3519  3770 D jni_lib_merge: Preparing to register libreact_devsupportjni_so.  onload_func: 0x726f5948a190
03-14 22:09:05.075  3519  3770 D jni_lib_merge: Preparing to register libreact_featureflagsjni_so.  onload_func: 0x726f5949b910
03-14 22:09:05.075  3519  3770 D jni_lib_merge: Preparing to register libreact_newarchdefaults_so.  onload_func: 0x726f5953cd20
03-14 22:09:05.075  3519  3770 D jni_lib_merge: Preparing to register libreactnativeblob_so.  onload_func: 0x726f597472e0
03-14 22:09:05.075  3519  3770 D jni_lib_merge: Preparing to register libreactnativejni_so.  onload_func: 0x726f59787770
03-14 22:09:05.075  3519  3770 D jni_lib_merge: Preparing to register libreactnativejni_common_so.  onload_func: 0x726f597975d0
03-14 22:09:05.075  3519  3770 D jni_lib_merge: Preparing to register librninstance_so.  onload_func: 0x726f597d44c0
03-14 22:09:05.075  3519  3770 D jni_lib_merge: Preparing to register libturbomodulejsijni_so.  onload_func: 0x726f59935c00
03-14 22:09:05.075  3519  3770 D jni_lib_merge: Preparing to register libuimanagerjni_so.  onload_func: 0x726f5994dde0
03-14 22:09:05.075  3519  3770 D jni_lib_merge: Preparing to register libyoga_so.  onload_func: 0x726f5995cd70
03-14 22:09:05.075  3519  3770 D jni_lib_merge: About to register 11 actual methods.
03-14 22:09:05.084  3519  3519 I ReactNative: [GESTURE HANDLER] Initialize gesture handler for root view com.facebook.react.runtime.ReactSurfaceView{2e683b4 V.E...... ......ID 0,0-1080,2400 #1}
03-14 22:09:05.087  3519  3519 D Detox.RNMarker: CONTENT_APPEARED (main)
03-14 22:09:05.181  3519  3770 D nativeloader: Load /data/app/~~Sm_WCzs2uDisUMrRlr12Ag==/com.mcfuzzysquirrel.studentfinance-2VKq78_Kz8hEOuDFxcuXWg==/base.apk!/lib/x86_64/libexpo-sqlite.so using ns clns-7 from class loader (caller=/data/app/~~Sm_WCzs2uDisUMrRlr12Ag==/com.mcfuzzysquirrel.studentfinance-2VKq78_Kz8hEOuDFxcuXWg==/base.apk!classes20.dex): ok
03-14 22:09:05.284  3519  3519 W UiControllerImpl: Waiting for: DYNAMIC_TASKS_HAVE_IDLED for 100 iterations.
03-14 22:09:05.588  3519  4064 D ProfileInstaller: Installing profile for com.mcfuzzysquirrel.studentfinance
03-14 22:09:05.683  3519  3770 E ReactNativeJS: { [Error: Element type is invalid: expected a string (for built-in components) or a class/function (for composite components) but got: object.]
03-14 22:09:05.683  3519  3770 E ReactNativeJS:   componentStack: '\n    at StaticContainer (address at index.android.bundle:1:927929)\n    at EnsureSingleNavigator (address at index.android.bundle:1:873788)\n    at SceneView (address at index.android.bundle:1:925953)\n    at NavigationProvider (address at index.android.bundle:1:904371)\n    at RCTView (<anonymous>)\n    at View (address at index.android.bundle:1:148692)\n    at RCTView (<anonymous>)\n    at View (address at index.android.bundle:1:148692)\n    at Animated(View) (address at index.android.bundle:1:567439)\n    at Background (address at index.android.bundle:1:968374)\n    at Screen (address at index.android.bundle:1:1010205)\n    at RNSScreen (<anonymous>)\n    at Animated(Anonymous) (address at index.android.bundle:1:567439)\n    at Suspender (address at index.android.bundle:1:1026365)\n    at Suspense (<anonymous>)\n    at Freeze (address at index.android.bundle:1:1026425)\n    at DelayedFreeze (address at index.android.bundle:1:1026007)\n    at InnerScreen (address at index.android.bundle:1:1023395)\n    at anonymous (address at index.android.bundle:1:1025439)\n    at MaybeScreen (address at index.android.bundle:1:1020046)\n    at RNSScreenContainer (<anonymous>)\n    at ScreenContainer (address at index.android.bundle:1:1036269)\n    at MaybeScreenContainer (address at index.android.bundle:1:1020209)\n    at RCTView (<anonymous>)\n    at View (address at index.android.bundle:1:148692)\n    at FrameSizeProvider (address at index.android.bundle:1:998002)\n    at SafeAreaProviderCompat (address at index.android.bundle:1:1009413)\n    at BottomTabView (address at index.android.bundle:1:962842)\n    at PreventRemoveProvider (address at index.android.bundle:1:906668)\n    at NavigationStateListenerProvider (address at index.android.bundle:1:933250)\n    at NavigationContent (address at index.android.bundle:1:923171)\n    at anonymous (address at index.android.bundle:1:923074)\n    at BottomTabNavigator (address at index.android.bundle:1:961923)\n    at TabNavigator (<anonymous>)\n    at StaticContainer (address at index.android.bundle:1:927929)\n    at EnsureSingleNavigator (address at index.android.bundle:1:873788)\n    at SceneView (address at index.android.bundle:1:925953)\n    at NavigationProvider (address at index.android.bundle:1:904371)\n    at RNSScreenContentWrapper (<anonymous>)\n    at ScreenContentWrapper (<anonymous>)\n    at DebugContainer (address at index.android.bundle:1:1040184)\n    at RNSScreen (<anonymous>)\n    at Animated(Anonymous) (address at index.android.bundle:1:567439)\n    at Suspender (address at index.android.bundle:1:1026365)\n    at Suspense (<anonymous>)\n    at Freeze (address at index.android.bundle:1:1026425)\n    at DelayedFreeze (address at index.android.bundle:1:1026007)\n    at InnerScreen (address at index.android.bundle:1:1023395)\n    at anonymous (address at index.android.bundle:1:1025439)\n    at ScreenStackItem (address at index.android.bundle:1:1038934)\n    at NavigationProvider (address at index.android.bundle:1:904371)\n    at SceneView (address at index.android.bundle:1:1052468)\n    at RNSScreenStack (<anonymous>)\n    at anonymous (address at index.android.bundle:1:1038026)\n    at ScreenStack (address at index.android.bundle:1:1037187)\n    at RCTView (<anonymous>)\n    at View (address at index.android.bundle:1:148692)\n    at FrameSizeProvider (address at index.android.bundle:1:998002)\n    at SafeAreaProviderCompat (address at index.android.bundle:1:1009413)\n    at NativeStackView (address at index.android.bundle:1:1051030)\n    at PreventRemoveProvider (address at index.android.bundle:1:906668)\n    at NavigationStateListenerProvider (address at index.android.bundle:1:933250)\n    at NavigationContent (address at index.android.bundle:1:923171)\n    at anonymous (address at index.android.bundle:1:923074)\n    at NativeStackNavigator (address at index.android.bundle:1:1049756)\n    at RootNavigator (<anonymous>)\n    at ThemeProvider (address at index.android.bundle:1:8759
03-14 22:09:05.683  3519  3770 E ReactNativeJS:   isComponentError: true }
03-14 22:09:05.691  3519  3519 I ReactNative: [GESTURE HANDLER] Tearing down gesture handler registered for root view com.facebook.react.runtime.ReactSurfaceView{2e683b4 V.E...... ......ID 0,0-1080,2400 #1}
03-14 22:09:05.761  3519  3771 W unknown:BridgelessReact: ReactHost{0}.handleHostException(message = "Error: Element type is invalid: expected a string (for built-in components) or a class/function (for composite components) but got: object.
03-14 22:09:05.761  3519  3771 W unknown:BridgelessReact: 
03-14 22:09:05.761  3519  3771 W unknown:BridgelessReact: This error is located at:
03-14 22:09:05.761  3519  3771 W unknown:BridgelessReact:     at StaticContainer (address at index.android.bundle:1:927929)
