--------- beginning of main
03-14 22:51:27.028  7965  7965 I ViewInteraction: Checking 'MatchesViewAssertion(Detox){viewMatcher=(view has effective visibility <VISIBLE> and view.getGlobalVisibleRect() covers at least <75> percent of the view's area)}' assertion on view (view.getTag() is "dashboard-view-transactions-button" and view has effective visibility <VISIBLE>)
03-14 22:51:27.063  7965  7965 I ViewInteraction: Checking 'MatchesViewAssertion(Detox){viewMatcher=(view has effective visibility <VISIBLE> and view.getGlobalVisibleRect() covers at least <75> percent of the view's area)}' assertion on view (view.getTag() is "dashboard-view-transactions-button" and view has effective visibility <VISIBLE>)
03-14 22:51:27.100  7965  7965 I ViewInteraction: Checking 'MatchesViewAssertion(Detox){viewMatcher=(view has effective visibility <VISIBLE> and view.getGlobalVisibleRect() covers at least <75> percent of the view's area)}' assertion on view (view.getTag() is "dashboard-view-transactions-button" and view has effective visibility <VISIBLE>)
03-14 22:51:27.136  7965  7965 I ViewInteraction: Checking 'MatchesViewAssertion(Detox){viewMatcher=(view has effective visibility <VISIBLE> and view.getGlobalVisibleRect() covers at least <75> percent of the view's area)}' assertion on view (view.getTag() is "dashboard-view-transactions-button" and view has effective visibility <VISIBLE>)
03-14 22:51:27.172  7965  7965 I ViewInteraction: Checking 'MatchesViewAssertion(Detox){viewMatcher=(view has effective visibility <VISIBLE> and view.getGlobalVisibleRect() covers at least <75> percent of the view's area)}' assertion on view (view.getTag() is "dashboard-view-transactions-button" and view has effective visibility <VISIBLE>)
03-14 22:51:27.190  7965  8483 D TrafficStats: tagSocket(135) with statsTag=0xffffffff, statsUid=-1
03-14 22:51:27.217  7965  7965 I ViewInteraction: Checking 'MatchesViewAssertion(Detox){viewMatcher=(view has effective visibility <VISIBLE> and view.getGlobalVisibleRect() covers at least <75> percent of the view's area)}' assertion on view (view.getTag() is "dashboard-view-transactions-button" and view has effective visibility <VISIBLE>)
03-14 22:51:27.273  7965  7965 I ViewInteraction: Checking 'MatchesViewAssertion(Detox){viewMatcher=(view has effective visibility <VISIBLE> and view.getGlobalVisibleRect() covers at least <75> percent of the view's area)}' assertion on view (view.getTag() is "dashboard-view-transactions-button" and view has effective visibility <VISIBLE>)
03-14 22:51:27.285  7965  7995 D DetoxWSClient: Received action 'currentStatus' (ID #13, params={})
03-14 22:51:27.285  7965  7992 I DetoxDispatcher: Handling action 'currentStatus' (ID #13)...
03-14 22:51:27.286  7965  7992 I DetoxWSClient: Sending out action 'currentStatusResult' (ID #13)
03-14 22:51:27.286  7965  7992 I DetoxDispatcher: Done with action 'currentStatus'
03-14 22:51:27.295  7965  7991 I DetoxActionHandlers: Test exception
03-14 22:51:27.295  7965  7991 I DetoxActionHandlers: java.lang.reflect.InvocationTargetException
03-14 22:51:27.295  7965  7991 I DetoxActionHandlers: 	at java.lang.reflect.Method.invoke(Native Method)
03-14 22:51:27.295  7965  7991 I DetoxActionHandlers: 	at org.apache.commons.lang3.reflect.MethodUtils.invokeStaticMethod(MethodUtils.java:443)
03-14 22:51:27.295  7965  7991 I DetoxActionHandlers: 	at org.apache.commons.lang3.reflect.MethodUtils.invokeStaticMethod(MethodUtils.java:405)
03-14 22:51:27.295  7965  7991 I DetoxActionHandlers: 	at com.wix.invoke.types.ClassTarget.execute(ClassTarget.java:23)
03-14 22:51:27.295  7965  7991 I DetoxActionHandlers: 	at com.wix.invoke.types.Target.invoke(Target.java:59)
03-14 22:51:27.295  7965  7991 I DetoxActionHandlers: 	at com.wix.invoke.MethodInvocation.invoke(MethodInvocation.java:35)
03-14 22:51:27.295  7965  7991 I DetoxActionHandlers: 	at com.wix.invoke.MethodInvocation.invoke(MethodInvocation.java:26)
03-14 22:51:27.295  7965  7991 I DetoxActionHandlers: 	at com.wix.invoke.MethodInvocation.invoke(MethodInvocation.java:20)
03-14 22:51:27.295  7965  7991 I DetoxActionHandlers: 	at com.wix.detox.adapters.server.InvokeActionHandler.handle(DetoxActionHandlers.kt:54)
03-14 22:51:27.295  7965  7991 I DetoxActionHandlers: 	at com.wix.detox.adapters.server.ActionsExecutor.executeAction$lambda$2$lambda$1(DetoxActionsDispatcher.kt:76)
03-14 22:51:27.295  7965  7991 I DetoxActionHandlers: 	at com.wix.detox.adapters.server.ActionsExecutor.$r8$lambda$GVbB7LHtBHxNHGbgYnHJ6YrwCqs(Unknown Source:0)
03-14 22:51:27.295  7965  7991 I DetoxActionHandlers: 	at com.wix.detox.adapters.server.ActionsExecutor$$ExternalSyntheticLambda0.run(D8$$SyntheticClass:0)
03-14 22:51:27.295  7965  7991 I DetoxActionHandlers: 	at android.os.Handler.handleCallback(Handler.java:959)
03-14 22:51:27.295  7965  7991 I DetoxActionHandlers: 	at android.os.Handler.dispatchMessage(Handler.java:100)
03-14 22:51:27.295  7965  7991 I DetoxActionHandlers: 	at android.os.Looper.loopOnce(Looper.java:232)
03-14 22:51:27.295  7965  7991 I DetoxActionHandlers: 	at android.os.Looper.loop(Looper.java:317)
03-14 22:51:27.295  7965  7991 I DetoxActionHandlers: 	at com.wix.detox.adapters.server.ActionsExecutor._init_$lambda$0(DetoxActionsDispatcher.kt:62)
03-14 22:51:27.295  7965  7991 I DetoxActionHandlers: 	at com.wix.detox.adapters.server.ActionsExecutor.$r8$lambda$xlgL0CQim6vNM0wWEqM8JIDgZUE(Unknown Source:0)
03-14 22:51:27.295  7965  7991 I DetoxActionHandlers: 	at com.wix.detox.adapters.server.ActionsExecutor$$ExternalSyntheticLambda1.run(D8$$SyntheticClass:0)
03-14 22:51:27.295  7965  7991 I DetoxActionHandlers: 	at java.lang.Thread.run(Thread.java:1012)
03-14 22:51:27.295  7965  7991 I DetoxActionHandlers: Caused by: com.wix.detox.common.DetoxErrors$DetoxRuntimeException: 10.0sec timeout expired without matching of given matcher: (view has effective visibility <VISIBLE> and view.getGlobalVisibleRect() covers at least <75> percent of the view's area)
03-14 22:51:27.295  7965  7991 I DetoxActionHandlers: 	at com.wix.detox.espresso.DetoxAssertion.waitForAssertMatcher(DetoxAssertion.java:72)
03-14 22:51:27.295  7965  7991 I DetoxActionHandlers: 	... 20 more
03-14 22:51:27.295  7965  7991 I DetoxWSClient: Sending out action 'testFailed' (ID #12)
03-14 22:51:27.295  7965  7991 I DetoxDispatcher: Done with action 'invoke'
03-14 22:51:27.694  7965  8003 D EGL_emulation: app_time_stats: avg=502.69ms min=499.92ms max=505.45ms count=2
03-14 22:51:28.324  7965  8017 D TrafficStats: tagSocket(6) with statsTag=0xffffffff, statsUid=-1
03-14 22:51:28.713  7965  8003 D EGL_emulation: app_time_stats: avg=509.50ms min=499.43ms max=519.57ms count=2
03-14 22:51:28.903  7965  7995 D DetoxWSClient: Received action 'invoke' (ID #14, params={"target":{"type":"Class","value":"com.wix.detox.Detox"},"method":"launchMainActivity","args":[]})
03-14 22:51:28.904  7965  7991 I DetoxDispatcher: Handling action 'invoke' (ID #14)...
03-14 22:51:28.904  7965  7991 D Detox   : class com.wix.detox.Detox, launchMainActivity, []
03-14 22:51:28.918  7965  7965 W unknown:BridgelessReact: ReactHost{0}.onHostPause(activity)
03-14 22:51:28.921  7965  7965 W unknown:BridgelessReact: ReactHost{0}.ReactContext.onHostPause()
03-14 22:51:28.923  7965  7965 D LifecycleMonitor: Lifecycle status change: com.mcfuzzysquirrel.studentfinance.MainActivity@340991c in: PAUSED
03-14 22:51:28.924  7965  7965 W unknown:BridgelessReact: ReactHost{0}.onHostResume(activity)
03-14 22:51:28.927  7965  7965 W unknown:BridgelessReact: ReactHost{0}.ReactContext.onHostResume()
03-14 22:51:28.929  7965  7965 D LifecycleMonitor: Lifecycle status change: com.mcfuzzysquirrel.studentfinance.MainActivity@340991c in: RESUMED
03-14 22:51:28.931  7965  7991 I DetoxWSClient: Sending out action 'invokeResult' (ID #14)
03-14 22:51:28.932  7965  8659 D TrafficStats: tagSocket(110) with statsTag=0xffffffff, statsUid=-1
03-14 22:51:28.932  7965  7991 I DetoxDispatcher: Done with action 'invoke'
03-14 22:51:28.936  7965  8659 W unknown:ReconnectingWebSocket: Couldn't connect to "ws://10.0.2.2:8081/message?device=sdk_gphone64_x86_64%20-%2015%20-%20API%2035&app=com.mcfuzzysquirrel.studentfinance&clientid=BridgelessDevSu--------- beginning of main
03-14 22:51:29.035  7965  7995 D DetoxWSClient: Received action 'invoke' (ID #15, params={"target":{"type":"Class","value":"com.wix.detox.espresso.EspressoDetox"},"method":"perform","args":[{"type":"Invocation","value":{"target":{"type":"Class","value":"com.wix.detox.espresso.DetoxMatcher"},"method":"matcherForText","args":["Dashboard",{"type":"boolean","value":false}]}},{"type":"Invocation","value":{"target":{"type":"Class","value":"com.wix.detox.espresso.DetoxViewActions"},"method":"click","args":[]}}]})
03-14 22:51:29.035  7965  7991 I DetoxDispatcher: Handling action 'invoke' (ID #15)...
03-14 22:51:29.035  7965  7991 D Detox   : class com.wix.detox.espresso.DetoxMatcher, matcherForText, [Dashboard, false]
03-14 22:51:29.037  7965  7991 D Detox   : class com.wix.detox.espresso.DetoxViewActions, click, []
03-14 22:51:29.038  7965  7991 D Detox   : class com.wix.detox.espresso.EspressoDetox, perform, [(an instance of android.widget.TextView and view.getText() with or without transformation to match: is "Dashboard" and view has effective visibility <VISIBLE>), com.wix.detox.espresso.action.RNClickAction@49cdbb2]
03-14 22:51:29.082  7965  7991 I DetoxActionHandlers: Test exception
03-14 22:51:29.082  7965  7991 I DetoxActionHandlers: java.lang.reflect.InvocationTargetException
03-14 22:51:29.082  7965  7991 I DetoxActionHandlers: 	at java.lang.reflect.Method.invoke(Native Method)
03-14 22:51:29.082  7965  7991 I DetoxActionHandlers: 	at org.apache.commons.lang3.reflect.MethodUtils.invokeStaticMethod(MethodUtils.java:443)
03-14 22:51:29.082  7965  7991 I DetoxActionHandlers: 	at org.apache.commons.lang3.reflect.MethodUtils.invokeStaticMethod(MethodUtils.java:405)
03-14 22:51:29.082  7965  7991 I DetoxActionHandlers: 	at com.wix.invoke.types.ClassTarget.execute(ClassTarget.java:23)
03-14 22:51:29.082  7965  7991 I DetoxActionHandlers: 	at com.wix.invoke.types.Target.invoke(Target.java:59)
03-14 22:51:29.082  7965  7991 I DetoxActionHandlers: 	at com.wix.invoke.MethodInvocation.invoke(MethodInvocation.java:35)
03-14 22:51:29.082  7965  7991 I DetoxActionHandlers: 	at com.wix.invoke.MethodInvocation.invoke(MethodInvocation.java:26)
03-14 22:51:29.082  7965  7991 I DetoxActionHandlers: 	at com.wix.invoke.MethodInvocation.invoke(MethodInvocation.java:20)
03-14 22:51:29.082  7965  7991 I DetoxActionHandlers: 	at com.wix.detox.adapters.server.InvokeActionHandler.handle(DetoxActionHandlers.kt:54)
03-14 22:51:29.082  7965  7991 I DetoxActionHandlers: 	at com.wix.detox.adapters.server.ActionsExecutor.executeAction$lambda$2$lambda$1(DetoxActionsDispatcher.kt:76)
03-14 22:51:29.082  7965  7991 I DetoxActionHandlers: 	at com.wix.detox.adapters.server.ActionsExecutor.$r8$lambda$GVbB7LHtBHxNHGbgYnHJ6YrwCqs(Unknown Source:0)
03-14 22:51:29.082  7965  7991 I DetoxActionHandlers: 	at com.wix.detox.adapters.server.ActionsExecutor$$ExternalSyntheticLambda0.run(D8$$SyntheticClass:0)
03-14 22:51:29.082  7965  7991 I DetoxActionHandlers: 	at android.os.Handler.handleCallback(Handler.java:959)
03-14 22:51:29.082  7965  7991 I DetoxActionHandlers: 	at android.os.Handler.dispatchMessage(Handler.java:100)
03-14 22:51:29.082  7965  7991 I DetoxActionHandlers: 	at android.os.Looper.loopOnce(Looper.java:232)
03-14 22:51:29.082  7965  7991 I DetoxActionHandlers: 	at android.os.Looper.loop(Looper.java:317)
03-14 22:51:29.082  7965  7991 I DetoxActionHandlers: 	at com.wix.detox.adapters.server.ActionsExecutor._init_$lambda$0(DetoxActionsDispatcher.kt:62)
03-14 22:51:29.082  7965  7991 I DetoxActionHandlers: 	at com.wix.detox.adapters.server.ActionsExecutor.$r8$lambda$xlgL0CQim6vNM0wWEqM8JIDgZUE(Unknown Source:0)
03-14 22:51:29.082  7965  7991 I DetoxActionHandlers: 	at com.wix.detox.adapters.server.ActionsExecutor$$ExternalSyntheticLambda1.run(D8$$SyntheticClass:0)
03-14 22:51:29.082  7965  7991 I DetoxActionHandlers: 	at java.lang.Thread.run(Thread.java:1012)
03-14 22:51:29.082  7965  7991 I DetoxActionHandlers: Caused by: com.wix.detox.espresso.errors.DetoxNoMatchingViewException: No views in hierarchy found matching: (an in