03-14 22:56:52.259 10838 10914 W unknown:ViewManagerPropertyUpdater: Could not find generated setter for class com.horcrux.svg.RenderableViewManager$ClipPathViewManager
03-14 22:56:52.296 10838 10838 I ViewInteraction: Checking 'MatchesViewAssertion(Detox){viewMatcher=(view has effective visibility <VISIBLE> and view.getGlobalVisibleRect() covers at least <75> percent of the view's area)}' assertion on view (view.getTag() is "dashboard-add-expense-button" and view has effective visibility <VISIBLE>)
03-14 22:56:52.372 10838 10838 I ViewInteraction: Checking 'MatchesViewAssertion(Detox){viewMatcher=(view has effective visibility <VISIBLE> and view.getGlobalVisibleRect() covers at least <75> percent of the view's area)}' assertion on view (view.getTag() is "dashboard-add-expense-button" and view has effective visibility <VISIBLE>)
03-14 22:56:52.379 10838 10914 W unknown:ViewManagerPropertyUpdater: Could not find generated setter for class com.horcrux.svg.RenderableViewManager$SymbolManager
03-14 22:56:52.412 10838 10914 W unknown:ViewManagerPropertyUpdater: Could not find generated setter for class com.horcrux.svg.RenderableViewManager$PatternManager
03-14 22:56:52.421 10838 10838 I ViewInteraction: Checking 'MatchesViewAssertion(Detox){viewMatcher=(view has effective visibility <VISIBLE> and view.getGlobalVisibleRect() covers at least <75> percent of the view's area)}' assertion on view (view.getTag() is "dashboard-add-expense-button" and view has effective visibility <VISIBLE>)
03-14 22:56:52.430 10838 10914 W unknown:ViewManagerPropertyUpdater: Could not find generated setter for class com.horcrux.svg.RenderableViewManager$FeBlendManager
03-14 22:56:52.449 10838 10914 W unknown:ViewManagerPropertyUpdater: Could not find generated setter for class com.facebook.react.views.view.ReactViewManager
03-14 22:56:52.482 10838 10914 W unknown:ViewManagerPropertyUpdater: Could not find generated setter for class com.horcrux.svg.SvgViewManager
03-14 22:56:52.510 10838 10838 I ViewInteraction: Checking 'MatchesViewAssertion(Detox){viewMatcher=(view has effective visibility <VISIBLE> and view.getGlobalVisibleRect() covers at least <75> percent of the view's area)}' assertion on view (view.getTag() is "dashboard-add-expense-button" and view has effective visibility <VISIBLE>)
03-14 22:56:52.558 10838 10914 W unknown:ViewManagerPropertyUpdater: Could not find generated setter for class com.facebook.react.views.switchview.ReactSwitchManager
03-14 22:56:52.560 10838 10914 W unknown:ViewManagerPropertyUpdater: Could not find generated setter for class com.facebook.react.views.switchview.ReactSwitchShadowNode
03-14 22:56:52.640 10838 10914 W unknown:ViewManagerPropertyUpdater: Could not find generated setter for class com.horcrux.svg.RenderableViewManager$UseViewManager
03-14 22:56:52.648 10838 10977 D ProfileInstaller: Installing profile for com.mcfuzzysquirrel.studentfinance
03-14 22:56:52.661 10838 10914 W unknown:ViewManagerPropertyUpdater: Could not find generated setter for class com.horcrux.svg.RenderableViewManager$CircleViewManager
03-14 22:56:52.673 10838 10838 I ViewInteraction: Checking 'MatchesViewAssertion(Detox){viewMatcher=(view has effective visibility <VISIBLE> and view.getGlobalVisibleRect() covers at least <75> percent of the view's area)}' assertion on view (view.getTag() is "dashboard-add-expense-button" and view has effective visibility <VISIBLE>)
03-14 22:56:52.734 10838 10914 W unknown:ViewManagerPropertyUpdater: Could not find generated setter for class com.horcrux.svg.RenderableViewManager$TSpanViewManager
03-14 22:56:52.772 10838 10914 W unknown:ViewManagerPropertyUpdater: Could not find generated setter for class com.horcrux.svg.RenderableViewManager$FilterManager
03-14 22:56:52.799 10838 10838 I ViewInteraction: Checking 'MatchesViewAssertion(Detox){viewMatcher=(view has effective visibility <VISIBLE> and view.getGlobalVisibleRect() covers at least <75> percent of the view's area)}' assertion on view (view.getTag() is "dashboard-add-expense-button" and view has effective visibility <VISIBLE>)
03-14 22:56:52.810 10838 10914 W unknown:ViewManagerPropertyUpdater: Could not find generated setter for class com.horcrux.svg.RenderableViewManager$MarkerManager
03-14 22:56:52.848 10838 10838 I ViewInteraction: Checking 'MatchesViewAssertion(Detox){viewMatcher=(view has effective visibility <VISIBLE> and view.getGlobalVisibleRect() covers at least <75> percent of the view's area)}' assertion on view (view.getTag() is "dashboard-add-expense-button" and view has effective visibility <VISIBLE>)
03-14 22:56:52.864 10838 10914 W unknown:ViewManagerPropertyUpdater: Could not find generated setter for class com.swmansion.gesturehandler.react.RNGestureHandlerButtonViewManager
03-14 22:56:52.887 10838 10838 I ViewInteraction: Checking 'MatchesViewAssertion(Detox){viewMatcher=(view has effective visibility <VISIBLE> and view.getGlobalVisibleRect() covers at least <75> percent of the view's area)}' assertion on view (view.getTag() is "dashboard-add-expense-button" and view has effective visibility <VISIBLE>)
03-14 22:56:52.924 10838 10838 I ViewInteraction: Checking 'MatchesViewAssertion(Detox){viewMatcher=(view has effective visibility <VISIBLE> and view.getGlobalVisibleRect() covers at least <75> percent of the view's area)}' assertion on view (view.getTag() is "dashboard-add-expense-button" and view has effective visibility <VISIBLE>)
03-14 22:56:52.940 10838 10914 W unknown:ViewManagerPropertyUpdater: Could not find generated setter for class com.facebook.react.views.modal.ReactModalHostManager
03-14 22:56:52.952 10838 10914 W unknown:ViewManagerPropertyUpdater: Could not find generated setter for class com.horcrux.svg.RenderableViewManager$ForeignObjectManager
03-14 22:56:52.975 10838 10914 W unknown:ViewManagerPropertyUpdater: Could not find generated setter for class com.horcrux.svg.RenderableViewManager$EllipseViewManager
03-14 22:56:53.006 10838 10838 I ViewInteraction: Checking 'MatchesViewAssertion(Detox){viewMatcher=(view has effective visibility <VISIBLE> and view.getGlobalVisibleRect() covers at least <75> percent of the view's area)}' assertion on view (view.getTag() is "dashboard-add-expense-button" and view has effective visibility <VISIBLE>)
03-14 22:56:53.007 10838 10914 W unknown:ViewManagerPropertyUpdater: Could not find generated setter for class com.horcrux.svg.RenderableViewManager$LineViewManager
03-14 22:56:53.059 10838 10914 W unknown:ViewManagerPropertyUpdater: Could not find generated setter for class com.facebook.react.views.text.frescosupport.FrescoBasedReactTextInlineImageViewManager
03-14 22:56:53.066 10838 10914 W unknown:ViewManagerPropertyUpdater: Could not find generated setter for class com.facebook.react.views.text.frescosupport.FrescoBasedReactTextInlineImageShadowNode
03-14 22:56:53.098 10838 10914 W unknown:ViewManagerPropertyUpdater: Could not find generated setter for class com.horcrux.svg.RenderableViewManager$FeFloodManager
03-14 22:56:53.132 10838 10914 W unknown:ViewManagerPropertyUpdater: Could not find generated setter for class com.horcrux.svg.RenderableViewManager$GroupViewManager
03-14 22:56:53.195 10838 10914 W unknown:ViewManagerPropertyUpdater: Could not find generated setter for class com.horcrux.svg.RenderableViewManager$TextViewManager
03-14 22:56:53.242 10838 10914 W unknown:ViewManagerPropertyUpdater: Could not find generated setter for class com.horcrux.svg.RenderableViewManager$ImageViewManager
03-14 22:56:53.254 10838 10914 W unknown:ViewManagerPropertyUpdater: Could not find generated setter for class com.horcrux.svg.RenderableViewManager$FeCompositeManager
03-14 22:56:53.264 10838 10838 I ViewInteraction: Checking 'MatchesViewAssertion(Detox){viewMatcher=(view has effective visibility <VISIBLE> and view.getGlobalVisibleRect() covers at least <75> percent of the view's area)}' assertion on view (view.getTag() is "dashboard-add-expense-button" and view has effective visibility <VISIBLE>)
03-14 22:56:53.265 10838 10914 W unknown:ViewManagerPropertyUpdater: Could not find generated setter for class com.facebook.react.views.image.ReactImageManager
03-14 22:56:53.276 10838 10914 W unknown:ViewManagerPropertyUpdater: Could not find generated setter for class com.horcrux.svg.RenderableViewManager$RadialGradientManager
03-14 22:56:53.292 10838 10905 D TrafficStats: tagSocket(132) with statsTag=0xffffffff, statsUid=-1
03-14 22:56:53.293 10838 10914 W unknown:ViewManagerPropertyUpdater: Could not find generated setter for class com.horcrux.svg.RenderableViewManager$MaskManager
03-14 22:56:53.337 10838 10838 I ViewInteraction: Checking 'MatchesViewAssertion(Detox){viewMatcher=(view has effective visibility <VISIBLE> and view.getGlobalVisibleRect() covers at least <75> percent of the view's area)}' assertion on view (view.getTag() is "dashboard-add-expense-button" and view has effective visibility <VISIBLE>)
03-14 22:56:53.353 10838 10914 W unknown:ViewManagerPropertyUpdater: Could not find generated setter for class com.facebook.react.views.unimplementedview.ReactUnimplementedViewManager
03-14 22:56:53.387 10838 10914 W unknown:ViewManagerPropertyUpdater: Could not find generated setter for class com.horcrux.svg.RenderableViewManager$RectViewManager
03-14 22:56:53.403 10838 10914 W unknown:ViewManagerPropertyUpdater: Could not find generated setter for class com.horcrux.svg.RenderableViewManager$TextPathViewManager
03-14 22:56:53.404 10838 10838 I ViewInteraction: Checking 'MatchesViewAssertion(Detox){viewMatcher=(view has effective visibility <VISIBLE> and view.getGlobalVisibleRect() covers at least <75> percent of the view's area)}' assertion on view (view.getTag() is "dashboard-add-expense-button" and view has effective visibility <VISIBLE>)
03-14 22:56:53.441 10838 10914 W unknown:ViewManagerPropertyUpdater: Could not find generated setter for class com.facebook.react.views.scroll.ReactScrollViewManager
03-14 22:56:53.458 10838 10914 W unknown:ViewManagerPropertyUpdater: Could not find generated setter for class com.horcrux.svg.RenderableViewManager$FeOffsetManager
03-14 22:56:53.473 10838 10838 I ViewInteraction: Checking 'MatchesViewAssertion(Detox){viewMatcher=(view has effective visibility <VISIBLE> and view.getGlobalVisibleRect() covers at least <75> percent of the view's area)}' assertion on view (view.getTag() is "dashboard-add-expense-button" and view has effective visibility <VISIBLE>)
03-14 22:56:53.487 10838 10914 W unknown:ViewManagerPropertyUpdater: Could not find generated setter for class com.horcrux.svg.RenderableViewManager$PathViewManager
03-14 22:56:53.534 10838 10914 W unknown:ViewManagerPropertyUpdater: Could not find generated setter for class com.facebook.react.views.drawer.ReactDrawerLayoutManager
03-14 22:56:53.546 10838 10914 W unknown:ViewManagerPropertyUpdater: Could not find generated setter for class com.facebook.react.views.swiperefresh.SwipeRefreshLayoutManager
03-14 22:56:53.548 10838 10838 I ViewInteraction: Checking 'MatchesViewAssertion(Detox){viewMatcher=(view has effective visibility <VISIBLE> and view.getGlobalVisibleRect() covers at least <75> percent of the view's area)}' assertion on view (view.getTag() is "dashboard-add-expense-button" and view has effective visibility <VISIBLE>)
03-14 22:56:53.592 10838 10914 W unknown:ViewManagerPropertyUpdater: Could not find generated setter for class com.facebook.react.views.textinput.ReactTextInputManager
03-14 22:56:53.600 10838 10914 W unknown:ViewManagerPropertyUpdater: Could not find generated setter for class com.facebook.react.views.textinput.ReactTextInputShadowNode
03-14 22:56:53.634 10838 10838 I ViewInteraction: Checking 'MatchesViewAssertion(Detox){viewMatcher=(view has effective visibility <VISIBLE> and view.getGlobalVisibleRect() covers at least <75> percent of the view's area)}' assertion on view (view.getTag() is "dashboard-add-expense-button" and view has effective visibility <VISIBLE>)
03-14 22:56:53.642 10838 10914 W unknown:ViewManagerPropertyUpdater: Could not find generated setter for class com.swmansion.gesturehandler.react.RNGestureHandlerRootViewManager
03-14 22:56:53.699 10838 10838 I ViewInteraction: Checking 'MatchesViewAssertion(Detox){viewMatcher=(view has effective visibility <VISIBLE> and view.getGlobalVisibleRect() covers at least <75> percent of the view's area)}' assertion on view (view.getTag() is "dashboard-add-expense-button" and view has effective visibility <VISIBLE>)
03-14 22:56:53.794 10838 10914 W BridgelessReactContext: [WARNING] Bridgeless doesn't support CatalystInstance. Accessing an API that's not part of the new architecture is not encouraged usage.
03-14 22:56:53.812 10838 10838 I ViewInteraction: Checking 'MatchesViewAssertion(Detox){viewMatcher=(view has effective visibility <VISIBLE> and view.getGlobalVisibleRect() covers at least <75> percent of the view's area)}' assertion on view (view.getTag() is "dashboard-add-expense-button" and view has effective visibility <VISIBLE>)
03-14 22:56:53.889 10838 10914 I ExpoModulesCore: ✅ JSI interop was installed
03-14 22:56:53.897 10838 10914 I ExpoModulesCore: ✅ Constants were exported
03-14 22:56:53.907 10838 10838 I ViewInteraction: Checking 'MatchesViewAssertion(Detox){viewMatcher=(view has effective visibility <VISIBLE> and view.getGlobalVisibleRect() covers at least <75> percent of the view's area)}' assertion on view (view.getTag() is "dashboard-add-expense-button" and view has effective visibility <VISIBLE>)
03-14 22:56:54.017 10838 10914 D nativeloader: Load /data/app/~~YsqUcQHZ2eJyD51BHGgW7w==/com.mcfuzzysquirrel.studentfinance-8JLdNDjiGMSsFWheHCnHFA==/base.apk!/lib/x86_64/librnscreens.so using ns clns-7 from class loader (caller=/data/app/~~YsqUcQHZ2eJyD51BHGgW7w==/com.mcfuzzysquirrel.studentfinance-8JLdNDjiGMSsFWheHCnHFA==/base.apk!classes16.dex): ok
03-14 22:56:54.026 10838 10838 I ViewInteraction: Checking 'MatchesViewAssertion(Detox){viewMatcher=(view has effective visibility <VISIBLE> and view.getGlobalVisibleRect() covers at least <75> percent of the view's area)}' assertion on view (view.getTag() is "dashboard-add-expense-button" and view has effective visibility <VISIBLE>)
03-14 22:56:54.116 10838 10838 I ViewInteraction: Checking 'MatchesViewAssertion(Detox){viewMatcher=(view has effective visibility <VISIBLE> and view.getGlobalVisibleRect() covers at least <75> percent of the view's area)}' assertion on view (view.getTag() is "dashboard-add-expense-button" and view has effective visibility <VISIBLE>)
03-14 22:56:54.207 10838 10838 I ViewInteraction: Checking 'MatchesViewAssertion(Detox){viewMatcher=(view has effective visibility <VISIBLE> and view.getGlobalVisibleRect() covers at least <75> percent of the view's area)}' assertion on view (view.getTag() is "dashboard-add-expense-button" and view has effective visibility <VISIBLE>)
03-14 22:56:54.223 10838 10916 D TrafficStats: tagSocket(132) with statsTag=0xffffffff, statsUid=-1
03-14 22:56:54.275 10838 10838 I ViewInteraction: Checking 'MatchesViewAssertion(Detox){viewMatcher=(view has effective visibility <VISIBLE> and view.getGlobalVisibleRect() covers at least <75> percent of the view's area)}' assertion on view (view.getTag() is "dashboard-add-expense-button" and view has effective visibility <VISIBLE>)
03-14 22:56:54.291 10838 10848 I .studentfinance: Compiler allocated 4219KB to compile void android.widget.TextView.<init>(android.content.Context, android.util.AttributeSet, int, int)
03-14 22:56:54.324 10838 10838 I ViewInteraction: Checking 'MatchesViewAssertion(Detox){viewMatcher=(view has effective visibility <VISIBLE> and view.getGlobalVisibleRect() covers at least <75> percent of the view's area)}' assertion on view (view.getTag() is "dashboard-add-expense-button" and view has effective visibility <VISIBLE>)
03-14 22:56:54.391 10838 10838 I ViewInteraction: Checking 'MatchesViewAssertion(Detox){viewMatcher=(view has effective visibility <VISIBLE> and view.getGlobalVisibleRect() covers at least <75> percent of the view's area)}' assertion on view (view.getTag() is "dashboard-add-expense-button" and view has effective visibility <VISIBLE>)
03-14 22:56:54.457 10838 10838 I ViewInteraction: Checking 'MatchesViewAssertion(Detox){viewMatcher=(view has effective visibility <VISIBLE> and view.getGlobalVisibleRect() covers at least <75> percent of the view's area)}' assertion on view (view.getTag() is "dashboard-add-expense-button" and view has effective visibility <VISIBLE>)
03-14 22:56:54.540 10838 10838 I ViewInteraction: Checking 'MatchesViewAssertion(Detox){viewMatcher=(view has effective visibility <VISIBLE> and view.getGlobalVisibleRect() covers at least <75> percent of the view's area)}' assertion on view (view.getTag() is "dashboard-add-expense-button" and view has effective visibility <VISIBLE>)
03-14 22:56:54.624 10838 10838 I ViewInteraction: Checking 'MatchesViewAssertion(Detox){viewMatcher=(view has effective visibility <VISIBLE> and view.getGlobalVisibleRect() covers at least <75> percent of the view's area)}' assertion on view (view.getTag() is "dashboard-add-expense-button" and view has effective visibility <VISIBLE>)
03-14 22:56:54.681 10838 10838 I ViewInteraction: Checking 'MatchesViewAssertion(Detox){viewMatcher=(view has effective visibility <VISIBLE> and view.getGlobalVisibleRect() covers at least <75> percent of the view's area)}' assertion on view (view.getTag() is "dashboard-add-expense-button" and view has effective visibility <VISIBLE>)
03-14 22:56:54.721 10838 10838 I ViewInteraction: Checking 'MatchesViewAssertion(Detox){viewMatcher=(view has effective visibility <VISIBLE> and view.getGlobalVisibleRect() covers at least <75> percent of the view's area)}' assertion on view (view.getTag() is "dashboard-add-expense-button" and view has effective visibility <VISIBLE>)
03-14 22:56:54.763 10838 10838 I ViewInteraction: Checking 'MatchesViewAssertion(Detox){viewMatcher=(view has effective visibility <VISIBLE> and view.getGlobalVisibleRect() covers at least <75> percent of the view's area)}' assertion on view (view.getTag() is "dashboard-add-expense-button" and view has effective visibility <VISIBLE>)
03-14 22:56:54.802 10838 10838 I ViewInteraction: Checking 'MatchesViewAssertion(Detox){viewMatcher=(view has effective visibility <VISIBLE> and view.getGlobalVisibleRect() covers at least <75> percent of the view's area)}' assertion on view (view.getTag() is "dashboard-add-expense-button" and view has effective visibility <VISIBLE>)
03-14 22:56:54.834 10838 10838 I ViewInteraction: Checking 'MatchesViewAssertion(Detox){viewMatcher=(view has effective visibility <VISIBLE> and view.getGlobalVisibleRect() covers at least <75> percent of the view's area)}' assertion on view (view.getTag() is "dashboard-add-expense-button" and view has effective visibility <VISIBLE>)
03-14 22:56:54.878 10838 10838 I ViewInteraction: Checking 'MatchesViewAssertion(Detox){viewMatcher=(view has effective visibility <VISIBLE> and view.getGlobalVisibleRect() covers at least <75> percent of the view's area)}' assertion on view (view.getTag() is "dashboard-add-expense-button" and view has effective visibility <VISIBLE>)
03-14 22:56:54.913 10838 10838 I ViewInteraction: Checking 'MatchesViewAssertion(Detox){viewMatcher=(view has effective visibility <VISIBLE> and view.getGlobalVisibleRect() covers at least <75> percent of the view's area)}' assertion on view (view.getTag() is "dashboard-add-expense-button" and view has effective visibility <VISIBLE>)
03-14 22:56:54.943 10838 10838 I ViewInteraction: Checking 'MatchesViewAssertion(Detox){viewMatcher=(view has effective visibility <VISIBLE> and view.getGlobalVisibleRect() covers at least <75> percent of the view's area)}' assertion on view (view.getTag() is "dashboard-add-expense-button" and view has effective visibility <VISIBLE>)
03-14 22:56:54.948 10838 10914 D Detox.RNMarker: RUN_JS_BUNDLE_END (index.android.bundle)
03-14 22:56:54.948 10838 10914 I ReactNativeJS: Running "main"
03-14 22:56:54.957 10838 10914 D Detox.RNMarker: REACT_BRIDGELESS_LOADING_END (null)
03-14 22:56:54.971 10838 10838 I ReactNative: [GESTURE HANDLER] Initialize gesture handler for root view com.facebook.react.runtime.ReactSurfaceView{9a140b7 V.E...... ......ID 0,0-1080,2400 #1}
03-14 22:56:54.974 10838 10914 D nativeloader: Load /data/app/~~YsqUcQHZ2eJyD51BHGgW7w==/com.mcfuzzysquirrel.studentfinance-8JLdNDjiGMSsFWheHCnHFA==/base.apk!/lib/x86_64/libgesturehandler.so using ns clns-7 from class loader (caller=/data/app/~~YsqUcQHZ2eJyD51BHGgW7w==/com.mcfuzzysquirrel.studentfinance-8JLdNDjiGMSsFWheHCnHFA==/base.apk): ok
03-14 22:56:54.974 10838 10914 D jni_lib_merge: Entering merged library JNI_OnLoad.
03-14 22:56:54.974 10838 10914 D jni_lib_merge: Preparing 12 pre-merged libs (including stub)
03-14 22:56:54.974 10838 10914 D jni_lib_merge: Preparing to register libfabricjni_so.  onload_func: 0x727ce3da9730
03-14 22:56:54.974 10838 10914 D jni_lib_merge: Preparing to register libreact_devsupportjni_so.  onload_func: 0x727ce3fa6190
03-14 22:56:54.974 10838 10914 D jni_lib_merge: Preparing to register libreact_featureflagsjni_so.  onload_func: 0x727ce3fb7910
03-14 22:56:54.974 10838 10914 D jni_lib_merge: Preparing to register libreact_newarchdefaults_so.  onload_func: 0x727ce4058d20
03-14 22:56:54.974 10838 10914 D jni_lib_merge: Preparing to register libreactnativeblob_so.  onload_func: 0x727ce42632e0
03-14 22:56:54.974 10838 10914 D jni_lib_merge: Preparing to register libreactnativejni_so.  onload_func: 0x727ce42a3770
03-14 22:56:54.974 10838 10914 D jni_lib_merge: Preparing to register libreactnativejni_common_so.  onload_func: 0x727ce42b35d0
03-14 22:56:54.974 10838 10914 D jni_lib_merge: Preparing to register librninstance_so.  onload_func: 0x727ce42f04c0
03-14 22:56:54.974 10838 10914 D jni_lib_merge: Preparing to register libturbomodulejsijni_so.  onload_func: 0x727ce4451c00
03-14 22:56:54.974 10838 10914 D jni_lib_merge: Preparing to register libuimanagerjni_so.  onload_func: 0x727ce4469de0
03-14 22:56:54.974 10838 10914 D jni_lib_merge: Preparing to register libyoga_so.  onload_func: 0x727ce4478d70
03-14 22:56:54.974 10838 10914 D jni_lib_merge: About to register 11 actual methods.
03-14 22:56:54.975 10838 10838 D Detox.RNMarker: CONTENT_APPEARED (main)
03-14 22:56:55.025 10838 10838 I ViewInteraction: Checking 'MatchesViewAssertion(Detox){viewMatcher=(view has effective visibility <VISIBLE> and view.getGlobalVisibleRect() covers at least <75> percent of the view's area)}' assertion on view (view.getTag() is "dashboard-add-expense-button" and view has effective visibility <VISIBLE>)
03-14 22:56:55.359 10838 10905 D TrafficStats: tagSocket(136) with statsTag=0xffffffff, statsUid=-1
03-14 22:56:55.401 10838 10838 I ViewInteraction: Checking 'MatchesViewAssertion(Detox){viewMatcher=(view has effective visibility <VISIBLE> and view.getGlobalVisibleRect() covers at least <75> percent of the view's area)}' assertion on view (view.getTag() is "dashboard-add-expense-button" and view has effective visibility <VISIBLE>)
03-14 22:56:55.439 10838 10838 I ViewInteraction: Checking 'MatchesViewAssertion(Detox){viewMatcher=(view has effective visibility <VISIBLE> and view.getGlobalVisibleRect() covers at least <75> percent of the view's area)}' assertion on view (view.getTag() is "dashboard-add-expense-button" and view has effective visibility <VISIBLE>)
03-14 22:56:55.474 10838 10838 I ViewInteraction: Checking 'MatchesViewAssertion(Detox){viewMatcher=(view has effective visibility <VISIBLE> and view.getGlobalVisibleRect() covers at least <75> percent of the view's area)}' assertion on view (view.getTag() is "dashboard-add-expense-button" and view has effective visibility <VISIBLE>)
03-14 22:56:55.571 10838 10838 I ViewInteraction: Checking 'MatchesViewAssertion(Detox){viewMatcher=(view has effective visibility <VISIBLE> and view.getGlobalVisibleRect() covers at least <75> percent of the view's area)}' assertion on view (view.getTag() is "dashboard-add-expense-button" and view has effective visibility <VISIBLE>)
03-14 22:56:55.644 10838 10914 D nativeloader: Load /data/app/~~YsqUcQHZ2eJyD51BHGgW7w==/com.mcfuzzysquirrel.studentfinance-8JLdNDjiGMSsFWheHCnHFA==/base.apk!/lib/x86_64/libexpo-sqlite.so using ns clns-7 from class loader (caller=/data/app/~~YsqUcQHZ2eJyD51BHGgW7w==/com.mcfuzzysquirrel.studentfinance-8JLdNDjiGMSsFWheHCnHFA==/base.apk!classes20.dex): ok
03-14 22:56:55.695 10838 10838 I ViewInteraction: Checking 'MatchesViewAssertion(Detox){viewMatcher=(view has effective visibility <VISIBLE> and view.getGlobalVisibleRect() covers at least <75> percent of the view's area)}' assertion on view (view.getTag() is "dashboard-add-expense-button" and view has effective visibility <VISIBLE>)
03-14 22:56:55.751 10838 10849 I .studentfinance: Background concurrent mark compact GC freed 33MB AllocSpace bytes, 33(1856KB) LOS objects, 49% free, 10MB/21MB, paused 455us,2.614ms total 410.620ms
03-14 22:56:55.756 10838 10838 I ViewInteraction: Checking 'MatchesViewAssertion(Detox){viewMatcher=(view has effective visibility <VISIBLE> and view.getGlobalVisibleRect() covers at least <75> percent of the view's area)}' assertion on view (view.getTag() is "dashboard-add-expense-button" and view has effective visibility <VISIBLE>)
03-14 22:56:55.846 10838 10838 I ViewInteraction: Checking 'MatchesViewAssertion(Detox){viewMatcher=(view has effective visibility <VISIBLE> and view.getGlobalVisibleRect() covers at least <75> percent of the view's area)}' assertion on view (view.getTag() is "dashboard-add-expense-button" and view has effective visibility <VISIBLE>)
03-14 22:56:55.903 10838 10838 I ViewInteraction: Checking 'MatchesViewAssertion(Detox){viewMatcher=(view has effective visibility <VISIBLE> and view.getGlobalVisibleRect() covers at least <75> percent of the view's area)}' assertion on view (view.getTag() is "dashboard-add-expense-button" and view has effective visibility <VISIBLE>)
03-14 22:56:55.942 10838 10838 I ViewInteraction: Checking 'MatchesViewAssertion(Detox){viewMatcher=(view has effective visibility <VISIBLE> and view.getGlobalVisibleRect() covers at least <75> percent of the view's area)}' assertion on view (view.getTag() is "dashboard-add-expense-button" and view has effective visibility <VISIBLE>)
03-14 22:56:55.974 10838 10838 I ViewInteraction: Checking 'MatchesViewAssertion(Detox){viewMatcher=(view has effective visibility <VISIBLE> and view.getGlobalVisibleRect() covers at least <75> percent of the view's area)}' assertion on view (view.getTag() is "dashboard-add-expense-button" and view has effective visibility <VISIBLE>)
03-14 22:56:56.004 10838 10838 I ViewInteraction: Checking 'MatchesViewAssertion(Detox){viewMatcher=(view has effective visibility <VISIBLE> and view.getGlobalVisibleRect() covers at least <75> percent of the view's area)}' assertion on view (view.getTag() is "dashboard-add-expense-button" and view has effective visibility <VISIBLE>)
03-14 22:56:56.032 10838 10838 I ViewInteraction: Checking 'MatchesViewAssertion(Detox){viewMatcher=(view has effective visibility <VISIBLE> and view.getGlobalVisibleRect() covers at least <75> percent of the view's area)}' assertion on view (view.getTag() is "dashboard-add-expense-button" and view has effective visibility <VISIBLE>)
03-14 22:56:56.074 10838 10838 I ViewInteraction: Checking 'MatchesViewAssertion(Detox){viewMatcher=(view has effective visibility <VISIBLE> and view.getGlobalVisibleRect() covers at least <75> percent of the view's area)}' assertion on view (view.getTag() is "dashboard-add-expense-button" and view has effective visibility <VISIBLE>)
03-14 22:56:56.111 10838 10838 I ViewInteraction: Checking 'MatchesViewAssertion(Detox){viewMatcher=(view has effective visibility <VISIBLE> and view.getGlobalVisibleRect() covers at least <75> percent of the view's area)}' assertion on view (view.getTag() is "dashboard-add-expense-button" and view has effective visibility <VISIBLE>)
03-14 22:56:56.162 10838 10838 I ViewInteraction: Checking 'MatchesViewAssertion(Detox){viewMatcher=(view has effective visibility <VISIBLE> and view.getGlobalVisibleRect() covers at least <75> percent of the view's area)}' assertion on view (view.getTag() is "dashboard-add-expense-button" and view has effective visibility <VISIBLE>)
03-14 22:56:56.233 10838 10838 I ViewInteraction: Checking 'MatchesViewAssertion(Detox){viewMatcher=(view has effective visibility <VISIBLE> and view.getGlobalVisibleRect() covers at least <75> percent of the view's area)}' assertion on view (view.getTag() is "dashboard-add-expense-button" and view has effective visibility <VISIBLE>)
03-14 22:56:56.327 10838 10916 D TrafficStats: tagSocket(6) with statsTag=0xffffffff, statsUid=-1
03-14 22:56:56.341 10838 10838 I ViewInteraction: Checking 'MatchesViewAssertion(Detox){viewMatcher=(view has effective visibility <VISIBLE> and view.getGlobalVisibleRect() covers at least <75> percent of the view's area)}' assertion on view (view.getTag() is "dashboard-add-expense-button" and view has effective visibility <VISIBLE>)
03-14 22:56:56.366 10838 10838 W .studentfinance: Accessing hidden field Landroid/widget/ScrollView;->mScroller:Landroid/widget/OverScroller; (unsupported, reflection, allowed)
03-14 22:56:56.501 10838 10838 W [RNScreens]: backTitleFontFamily prop is not available on Android
03-14 22:56:56.501 10838 10838 W [RNScreens]: disableBackButtonMenu prop is not available on Android
03-14 22:56:56.501 10838 10838 W [RNScreens]: backTitleVisible prop is not available on Android
03-14 22:56:56.502 10838 10838 W [RNScreens]: topInsetEnabled prop is not available on Android
03-14 22:56:56.502 10838 10838 W [RNScreens]: largeTitleHideShadow prop is not available on Android
03-14 22:56:56.502 10838 10838 W [RNScreens]: largeTitleFontWeight prop is not available on Android
03-14 22:56:56.502 10838 10838 W [RNScreens]: userInterfaceStyle prop is not available on Android
03-14 22:56:56.502 10838 10838 W [RNScreens]: largeTitleFontFamily prop is not available on Android
03-14 22:56:57.681 10838 10893 D EGL_emulation: app_time_stats: avg=1906.55ms min=107.24ms max=4931.31ms count=4
03-14 22:56:57.697 10838 10838 I Choreographer: Skipped 30 frames!  The application may be doing too much work on its main thread.
03-14 22:56:57.738 10838 10856 I HWUI    : Davey! duration=1369ms; Flags=0, FrameTimelineVsyncId=110044, IntendedVsync=1263123299682, Vsync=1263123299682, InputEventId=0, HandleInputStart=1263132888618, AnimationStart=1263132889708, PerformTraversalsStart=1263669050113, DrawStart=1263672337364, FrameDeadline=1263139966348, FrameInterval=1263132884506, FrameStartTime=16666666, SyncQueued=1263735782282, SyncStart=1263736276933, IssueDrawCommandsStart=1263736486590, SwapBuffers=1264364843213, FrameCompleted=1264492839624, DequeueBufferDuration=5966, QueueBufferDuration=1472693, GpuCompleted=1264492839624, SwapBuffersCompleted=1264471850101, DisplayPresentTime=0, CommandSubmissionCompleted=1264364843213, 
03-14 22:56:57.827 10838 10905 D TrafficStats: tagSocket(146) with statsTag=0xffffffff, statsUid=-1
03-14 22:56:57.868 10838 10856 I HWUI    : Davey! duration=818ms; Flags=0, FrameTimelineVsyncId=110051, IntendedVsync=1263306633008, Vsync=1263723299658, InputEventId=0, HandleInputStart=1263739881791, AnimationStart=1263739883400, PerformTraversalsStart=1263961974741, DrawStart=1263962796870, FrameDeadline=1264523299626, FrameInterval=1263739676879, FrameStartTime=16666666, SyncQueued=1263974162666, SyncStart=1264474580842, IssueDrawCommandsStart=1264474804129, SwapBuffers=1264516908337, FrameCompleted=1264625659219, DequeueBufferDuration=3318, QueueBufferDuration=117670, GpuCompleted=1264625659219, SwapBuffersCompleted=1264612487119, DisplayPresentTime=72904454231491824, CommandSubmissionCompleted=1264516908337, 
03-14 22:56:57.887 10838 10838 I ViewInteraction: Checking 'MatchesV