--------- beginning of main
03-14 22:56:42.030 10665 10725 I ExpoModulesCore: ✅ AppContext was initialized
03-14 22:56:42.181 10665 10673 I .studentfinance: Compiler allocated 5174KB to compile void android.view.ViewRootImpl.performTraversals()
03-14 22:56:42.193 10665 10725 W unknown:BridgelessReact: ReactHost{0}.getOrCreateReactInstanceTask(): Loading JS Bundle
03-14 22:56:42.194 10665 10725 W unknown:BridgelessReact: ReactHost{0}.getOrCreateReactInstanceTask(): DevSupportManager.onNewReactContextCreated()
03-14 22:56:42.196 10665 10727 D Detox.RNMarker: RUN_JS_BUNDLE_START (index.android.bundle)
03-14 22:56:42.209 10665 10665 W unknown:ReactNative: Packager connection already open, nooping.
03-14 22:56:42.213 10665 10665 W unknown:BridgelessReact: ReactHost{0}.ReactContext.onHostResume()
03-14 22:56:42.213 10665 10665 W unknown:BridgelessReact: ReactHost{0}.getOrCreateReactInstanceTask(): Executing ReactInstanceEventListeners
03-14 22:56:42.213 10665 10665 I DetoxRNLoading: Got new RN-context through listener
03-14 22:56:42.213 10665 10725 W unknown:BridgelessReact: ReactHost{0}.startSurface(surfaceId = 0): Execute
03-14 22:56:42.226 10665 10705 W .studentfinance: Long monitor contention with owner Instr: androidx.test.runner.AndroidJUnitRunner (10700) at void com.wix.detox.DetoxMain.launchActivityOnCue(android.content.Context, com.wix.detox.ActivityLaunchHelper)(DetoxMain.kt:53) waiters=0 in void com.wix.detox.DetoxMain$setupActionHandlers$SynchronizedActionHandler.handle(java.lang.String, long) for 1.161s
03-14 22:56:42.231 10665 10665 W .studentfinance: Accessing hidden method Landroid/os/MessageQueue;->next()Landroid/os/Message; (unsupported, reflection, allowed)
03-14 22:56:42.232 10665 10665 W .studentfinance: Accessing hidden field Landroid/os/MessageQueue;->mMessages:Landroid/os/Message; (unsupported, reflection, allowed)
03-14 22:56:42.232 10665 10665 W .studentfinance: Accessing hidden method Landroid/os/Message;->recycleUnchecked()V (unsupported, reflection, allowed)
03-14 22:56:42.233 10665 10665 I Detox   : Wait is over: App is now idle!
03-14 22:56:42.236 10665 10705 I DetoxWSClient: Sending out action 'ready' (ID #-1000)
03-14 22:56:42.237 10665 10705 I DetoxDispatcher: Done with action 'isReady'
03-14 22:56:42.314 10665 10727 D nativeloader: Load /data/app/~~YsqUcQHZ2eJyD51BHGgW7w==/com.mcfuzzysquirrel.studentfinance-8JLdNDjiGMSsFWheHCnHFA==/base.apk!/lib/x86_64/libexpo-modules-core.so using ns clns-7 from class loader (caller=/data/app/~~YsqUcQHZ2eJyD51BHGgW7w==/com.mcfuzzysquirrel.studentfinance-8JLdNDjiGMSsFWheHCnHFA==/base.apk): ok
03-14 22:56:42.471 10665 10727 W unknown:ViewManagerPropertyUpdater: Could not find generated setter for class com.th3rdwave.safeareacontext.SafeAreaProviderManager
03-14 22:56:42.476 10665 10727 W unknown:ViewManagerPropertyUpdater: Could not find generated setter for class com.facebook.react.uimanager.LayoutShadowNode
03-14 22:56:42.480 10665 10727 W unknown:ViewManagerPropertyUpdater: Could not find generated setter for class com.swmansion.rnscreens.SearchBarManager
03-14 22:56:42.482 10665 10727 W unknown:ViewManagerPropertyUpdater: Could not find generated setter for class com.swmansion.rnscreens.ScreenFooterManager
03-14 22:56:42.484 10665 10727 W unknown:ViewManagerPropertyUpdater: Could not find generated setter for class com.swmansion.rnscreens.gamma.tabs.TabScreenViewManager
03-14 22:56:42.488 10665 10727 W unknown:ViewManagerPropertyUpdater: Could not find generated setter for class expo.modules.kotlin.views.GroupViewManagerWrapper
03-14 22:56:42.491 10665 10727 W unknown:ViewManagerPropertyUpdater: Could not find generated setter for class com.swmansion.rnscreens.ScreenContainerViewManager
03-14 22:56:42.493 10665 10727 W unknown:ViewManagerPropertyUpdater: Could not find generated setter for class com.swmansion.rnscreens.gamma.tabs.TabsHostViewManager
03-14 22:56:42.498 10665 10727 W unknown:ViewManagerPropertyUpdater: Could not find generated setter for class com.swmansion.rnscreens.ModalScreenViewManager
03-14 22:56:42.501 10665 10727 W unknown:ViewManagerPropertyUpdater: Could not find generated setter for class com.swmansion.rnscreens.ScreenStackHeaderConfigViewManager
03-14 22:56:42.503 10665 10727 W unknown:ViewManagerPropertyUpdater: Could not find generated setter for class com.swmansion.rnscreens.ScreenContentWrapperManager
03-14 22:56:42.504 10665 10727 W unknown:ViewManagerPropertyUpdater: Could not find generated setter for class com.th3rdwave.safeareacontext.SafeAreaViewManager
03-14 22:56:42.508 10665 10727 W unknown:ViewManagerPropertyUpdater: Could not find generated setter for class com.th3rdwave.safeareacontext.SafeAreaViewShadowNode
03-14 22:56:42.510 10665 10727 W unknown:ViewManagerPropertyUpdater: Could not find generated setter for class com.swmansion.rnscreens.safearea.SafeAreaViewManager
03-14 22:56:42.510 10665 10727 W unknown:ViewManagerPropertyUpdater: Could not find generated setter for class com.swmansion.rnscreens.safearea.paper.SafeAreaViewShadowNode
03-14 22:56:42.512 10665 10727 W unknown:ViewManagerPropertyUpdater: Could not find generated setter for class com.swmansion.rnscreens.ScreenViewManager
03-14 22:56:42.513 10665 10727 W unknown:ViewManagerPropertyUpdater: Could not find generated setter for class com.swmansion.rnscreens.gamma.stack.host.StackHostViewManager
03-14 22:56:42.528 10665 10727 W unknown:ViewManagerPropertyUpdater: Could not find generated setter for class com.swmansion.rnscreens.ScreenStackHeaderSubviewManager
03-14 22:56:42.529 10665 10727 W unknown:ViewManagerPropertyUpdater: Could not find generated setter for class com.swmansion.rnscreens.gamma.stack.screen.StackScreenViewManager
03-14 22:56:42.530 10665 10727 W unknown:ViewManagerPropertyUpdater: Could not find generated setter for class com.swmansion.rnscreens.ScreenStackViewManager
03-14 22:56:43.109 10665 10727 W .studentfinance: Verification of com.horcrux.svg.VirtualView com.horcrux.svg.VirtualViewManager.createViewInstance(com.facebook.react.uimanager.ThemedReactContext) took 164.603ms (1628.15 bytecodes/s) (16512B approximate peak alloc)
03-14 22:56:43.114 10665 10727 W unknown:ViewManagerPropertyUpdater: Could not find generated setter for class com.horcrux.svg.RenderableViewManager$DefsViewManager
03-14 22:56:43.119 10665 10727 W unknown:ViewManagerPropertyUpdater: Could not find generated setter for class com.horcrux.svg.VirtualViewManager$RenderableShadowNode
03-14 22:56:43.133 10665 10727 W unknown:ViewManagerPropertyUpdater: Could not find generated setter for class com.facebook.react.views.debuggingoverlay.DebuggingOverlayManager
03-14 22:56:43.148 10665 10727 W unknown:ViewManagerPropertyUpdater: Could not find generated setter for class com.horcrux.svg.RenderableViewManager$FeMergeManager
03-14 22:56:43.165 10665 10727 W unknown:ViewManagerPropertyUpdater: Could not find generated setter for class com.facebook.react.views.safeareaview.ReactSafeAreaViewManager
03-14 22:56:43.287 10665 10727 W unknown:ViewManagerPropertyUpdater: Could not find generated setter for class com.horcrux.svg.RenderableViewManager$LinearGradientManager
03-14 22:56:43.364 10665 10727 W unknown:ViewManagerPropertyUpdater: Could not find generated setter for class com.horcrux.svg.RenderableViewManager$FeGaussianBlurManager
03-14 22:56:43.395 10665 10727 W unknown:ViewManagerPropertyUpdater: Could not find generated setter for class com.facebook.react.views.progressbar.ReactProgressBarViewManager
03-14 22:56:43.397 10665 10727 W unknown:ViewManagerPropertyUpdater: Could not find generated setter for class com.facebook.react.views.progressbar.ProgressBarShadowNode
03-14 22:56:43.421 10665 10727 W unknown:ViewManagerPropertyUpdater: Could not find generated setter for class com.facebook.react.views.scroll.ReactHorizontalScrollViewManager
03-14 22:56:43.457 10665 10727 W unknown:ViewManagerPropertyUpdater: Could not find generated setter for class com.facebook.react.views.text.ReactTextViewManager
03-14 22:56:43.460 10665 10727 W unknown:ViewManagerPropertyUpdater: Could not find generated setter for class com.facebook.react.views.text.ReactTextShadowNode
03-14 22:56:43.490 1066--------- beginning of main
03-14 22:56:45.136 10838 10838 I .studentfinance: Late-enabling -Xcheck:jni
03-14 22:56:45.203 10838 10838 I .studentfinance: Using CollectorTypeCMC GC.
03-14 22:56:45.204 10838 10838 W .studentfinance: Unexpected CPU variant for x86: x86_64.
03-14 22:56:45.204 10838 10838 W .studentfinance: Known variants: atom, sandybridge, silvermont, goldmont, goldmont-plus, goldmont-without-sha-xsaves, tremont, kabylake, default
03-14 22:56:45.265 10838 10838 D nativeloader: Load libframework-connectivity-tiramisu-jni.so using APEX ns com_android_tethering for caller /apex/com.android.tethering/javalib/framework-connectivity-t.jar: ok
--------- beginning of system
03-14 22:56:45.407 10838 10838 W ActivityThread: Package uses different ABI(s) than its instrumentation: package[com.mcfuzzysquirrel.studentfinance]: x86_64, null instrumentation[com.mcfuzzysquirrel.studentfinance.test]: null, null
03-14 22:56:45.412 10838 10838 W .studentfinance: ClassLoaderContext shared library size mismatch. Expected=2, found=0 (PCL[]{PCL[/system/framework/android.test.base.jar*724373495]#PCL[/system/framework/android.test.mock.jar*1452759902]} | PCL[])
03-14 22:56:45.413 10838 10838 W .studentfinance: ClassLoaderContext classpath size mismatch. expected=0, found=1 (PCL[] | PCL[/system/framework/android.test.runner.jar*2496447986])
03-14 22:56:45.415 10838 10838 W .studentfinance: ClassLoaderContext classpath size mismatch. expected=0, found=2 (PCL[] | PCL[/system/framework/android.test.runner.jar*2496447986:/system/framework/android.test.mock.jar*1452759902])
03-14 22:56:45.415 10838 10838 W ziparchive: Unable to open '/data/app/~~feC0d-aJBAXZMQDLgqJFLA==/com.mcfuzzysquirrel.studentfinance.test-MgctBIaYwGk-S72bVRP-Xw==/base.dm': No such file or directory
03-14 22:56:45.415 10838 10838 W ziparchive: Unable to open '/data/app/~~feC0d-aJBAXZMQDLgqJFLA==/com.mcfuzzysquirrel.studentfinance.test-MgctBIaYwGk-S72bVRP-Xw==/base.dm': No such file or directory
03-14 22:56:45.635 10838 10838 W ziparchive: Unable to open '/data/app/~~YsqUcQHZ2eJyD51BHGgW7w==/com.mcfuzzysquirrel.studentfinance-8JLdNDjiGMSsFWheHCnHFA==/base.dm': No such file or directory
03-14 22:56:45.635 10838 10838 W ziparchive: Unable to open '/data/app/~~YsqUcQHZ2eJyD51BHGgW7w==/com.mcfuzzysquirrel.studentfinance-8JLdNDjiGMSsFWheHCnHFA==/base.dm': No such file or directory
03-14 22:56:46.084 10838 10838 D nativeloader: Configuring clns-7 for other apk /system/framework/android.test.runner.jar:/system/framework/android.test.mock.jar:/system/framework/android.test.base.jar:/data/app/~~feC0d-aJBAXZMQDLgqJFLA==/com.mcfuzzysquirrel.studentfinance.test-MgctBIaYwGk-S72bVRP-Xw==/base.apk:/data/app/~~YsqUcQHZ2eJyD51BHGgW7w==/com.mcfuzzysquirrel.studentfinance-8JLdNDjiGMSsFWheHCnHFA==/base.apk. target_sdk_version=36, uses_libraries=, library_path=/data/app/~~feC0d-aJBAXZMQDLgqJFLA==/com.mcfuzzysquirrel.studentfinance.test-MgctBIaYwGk-S72bVRP-Xw==/lib/x86_64:/data/app/~~YsqUcQHZ2eJyD51BHGgW7w==/com.mcfuzzysquirrel.studentfinance-8JLdNDjiGMSsFWheHCnHFA==/lib/x86_64:/data/app/~~feC0d-aJBAXZMQDLgqJFLA==/com.mcfuzzysquirrel.studentfinance.test-MgctBIaYwGk-S72bVRP-Xw==/base.apk!/lib/x86_64:/data/app/~~YsqUcQHZ2eJyD51BHGgW7w==/com.mcfuzzysquirrel.studentfinance-8JLdNDjiGMSsFWheHCnHFA==/base.apk!/lib/x86_64, permitted_path=/data:/mnt/expand:/data/user/0/com.mcfuzzysquirrel.studentfinance
03-14 22:56:46.095 10838 10838 V GraphicsEnvironment: Currently set values for:
03-14 22:56:46.095 10838 10838 V GraphicsEnvironment:   angle_gl_driver_selection_pkgs=[]
03-14 22:56:46.095 10838 10838 V GraphicsEnvironment:   angle_gl_driver_selection_values=[]
03-14 22:56:46.095 10838 10838 V GraphicsEnvironment: Global.Settings values are invalid: number of packages: 0, number of values: 0
03-14 22:56:46.095 10838 10838 V GraphicsEnvironment: Neither updatable production driver nor prerelease driver is supported.
03-14 22:56:46.099 10838 10838 D ApplicationLoaders: Returning zygote-cached class loader: /system/framework/android.test.base.jar
03-14 22:56:46.102 10838 10838 D nativeloader: Configuring clns-8 for other apk /system/framework/android.test.mock.jar. target_sdk_version=36, uses_libraries=ALL, library_path=/data/app/~~feC0d-aJBAXZMQDLgqJFLA==/com.mcfuzzysquirrel.studentfinance.test-MgctBIaYwGk-S72bVRP-Xw==/lib/x86_64:/data/app/~~YsqUcQHZ2eJyD51BHGgW7w==/com.mcfuzzysquirrel.studentfinance-8JLdNDjiGMSsFWheHCnHFA==/lib/x86_64, permitted_path=/data:/mnt/expand
03-14 22:56:46.103 10838 10838 D ApplicationLoaders: Returning zygote-cached class loader: /system/framework/android.test.base.jar
03-14 22:56:46.105 10838 10838 D nativeloader: Configuring clns-9 for other apk /system/framework/android.test.runner.jar. target_sdk_version=36, uses_libraries=ALL, library_path=/data/app/~~feC0d-aJBAXZMQDLgqJFLA==/com.mcfuzzysquirrel.studentfinance.test-MgctBIaYwGk-S72bVRP-Xw==/lib/x86_64:/data/app/~~YsqUcQHZ2eJyD51BHGgW7w==/com.mcfuzzysquirrel.studentfinance-8JLdNDjiGMSsFWheHCnHFA==/lib/x86_64, permitted_path=/data:/mnt/expand
03-14 22:56:46.107 10838 10838 W .studentfinance: ClassLoaderContext shared library size mismatch. Expected=2, found=3 (PCL[]{PCL[/system/framework/android.test.base.jar*724373495]#PCL[/system/framework/android.test.mock.jar*1452759902]} | PCL[]{PCL[/system/framework/android.test.base.jar*724373495]#PCL[/system/framework/android.test.mock.jar*1452759902]#PCL[/system/framework/android.test.runner.jar*2496447986]{PCL[/system/framework/android.test.base.jar*724373495]#PCL[/system/framework/android.test.mock.jar*1452759902]}};PCL[/system/framework/android.test.runner.jar*2496447986:/system/framework/android.test.mock.jar*1452759902:/system/framework/android.test.base.jar*724373495:/data/app/~~feC0d-aJBAXZMQDLgqJFLA==/com.mcfuzzysquirrel.studentfinance.test-MgctBIaYwGk-S72bVRP-Xw==/base.apk*3224200876:/data/app/~~YsqUcQHZ2eJyD51BHGgW7w==/com.mcfuzzysquirrel.studentfinance-8JLdNDjiGMSsFWheHCnHFA==/base.apk*2060289533])
03-14 22:56:46.109 10838 10838 W .studentfinance: ClassLoaderContext classpath size mismatch. expected=0, found=1 (PCL[] | PCL[/system/framework/android.test.runner.jar*2496447986]{PCL[/system/framework/android.test.base.jar*724373495]#PCL[/system/framework/android.test.mock.jar*1452759902]#PCL[/system/framework/android.test.runner.jar*2496447986]{PCL[/system/framework/android.test.base.jar*724373495]#PCL[/system/framework/android.test.mock.jar*1452759902]}};PCL[/system/framework/android.test.runner.jar*2496447986:/system/framework/android.test.mock.jar*1452759902:/system/framework/android.test.base.jar*724373495:/data/app/~~feC0d-aJBAXZMQDLgqJFLA==/com.mcfuzzysquirrel.studentfinance.test-MgctBIaYwGk-S72bVRP-Xw==/base.apk*3224200876:/data/app/~~YsqUcQHZ2eJyD51BHGgW7w==/com.mcfuzzysquirrel.studentfinance-8JLdNDjiGMSsFWheHCnHFA==/base.apk*2060289533])
03-14 22:56:46.111 10838 10838 W .studentfinance: ClassLoaderContext classpath size mismatch. expected=0, found=2 (PCL[] | PCL[/system/framework/android.test.runner.jar*2496447986:/system/framework/android.test.mock.jar*1452759902]{PCL[/system/framework/android.test.base.jar*724373495]#PCL[/system/framework/android.test.mock.jar*1452759902]#PCL[/system/framework/android.test.runner.jar*2496447986]{PCL[/system/framework/android.test.base.jar*724373495]#PCL[/system/framework/android.test.mock.jar*1452759902]}};PCL[/system/framework/android.test.runner.jar*2496447986:/system/framework/android.test.mock.jar*1452759902:/system/framework/android.test.base.jar*724373495:/data/app/~~feC0d-aJBAXZMQDLgqJFLA==/com.mcfuzzysquirrel.studentfinance.test-MgctBIaYwGk-S72bVRP-Xw==/base.apk*3224200876:/data/app/~~YsqUcQHZ2eJyD51BHGgW7w==/com.mcfuzzysquirrel.studentfinance-8JLdNDjiGMSsFWheHCnHFA==/base.apk*2060289533])
03-14 22:56:46.112 10838 10838 W ziparchive: Unable to open '/data/app/~~feC0d-aJBAXZMQDLgqJFLA==/com.mcfuzzysquirrel.studentfinance.test-MgctBIaYwGk-S72bVRP-Xw==/base.dm': No such file or directory
03-14 22:56:46.112 10838 10838 W ziparchive: Unable to open '/data/app/~~feC0d-aJBAXZMQDLgqJFLA==/com.mcfuzzysquirrel.studentfinance.test-MgctBIaYwGk-S72bVRP-Xw==/base.dm': No such file or directory
03-14 22:56:46.203 10838 10838 W ziparchive: Unable to open '/data/app/~~YsqUcQHZ2eJyD51BHGgW7w==/com.mcfuzzysquirrel.studentfinance-8JLdNDjiGMSsFWheHCnHFA==/base.dm': No such file or directory
03-14 22:56:46.203 10838 10838 W ziparchive: Unable to open '/data/app/~~YsqUcQHZ2eJyD51BHGgW7w==/com.mcfuzzysquirrel.studentfinance-8JLdNDjiGMSsFWheHCnHFA==/base.dm': No such file or directory
03-14 22:56:46.630 10838 10838 I AndroidJUnitRunner: newApplication com.mcfuzzysquirrel.studentfinance.MainApplication
03-14 22:56:46.657 10838 10838 I AndroidJUnitRunner: onCreate Bundle[mParcelledData.dataSize=312]
03-14 22:56:46.658 10838 10838 D AndroidJUnitRunner: Use the raw file system for managing file I/O.
03-14 22:56:46.816 10838 10838 V TestEventClient: No service name argument was given (testDiscoveryService, testRunEventService or orchestratorService)
03-14 22:56:46.817 10838 10880 D AndroidJUnitRunner: onStart is called.
03-14 22:56:46.839 10838 10838 W SoLoader: Initializing SoLoader: 0
03-14 22:56:46.841 10838 10838 W SoLoader: Recording new base apk path: /data/app/~~YsqUcQHZ2eJyD51BHGgW7w==/com.mcfuzzysquirrel.studentfinance-8JLdNDjiGMSsFWheHCnHFA==/base.apk
03-14 22:56:46.841 10838 10838 W SoLoader: Previously recorded 0 base apk paths.
03-14 22:56:46.844 10838 10838 I SoLoader: Preparing SO source: DirectorySoSource[root = /vendor/lib64 flags = 2]
03-14 22:56:46.845 10838 10838 I SoLoader: Preparing SO source: DirectorySoSource[root = /system/lib64 flags = 2]
03-14 22:56:46.845 10838 10838 I SoLoader: Preparing SO source: DirectApkSoSource[root = [/data/app/~~YsqUcQHZ2eJyD51BHGgW7w==/com.mcfuzzysquirrel.studentfinance-8JLdNDjiGMSsFWheHCnHFA==/base.apk!/lib/x86_64]]
03-14 22:56:46.925 10838 10838 I SoLoader: Preparing SO source: ApplicationSoSource[DirectorySoSource[root = /data/app/~~YsqUcQHZ2eJyD51BHGgW7w==/com.mcfuzzysquirrel.studentfinance-8JLdNDjiGMSsFWheHCnHFA==/lib/x86_64 flags = 0]]
03-14 22:56:46.926 10838 10838 I SoLoader: init finish: 4 SO sources prepared
03-14 22:56:46.926 10838 10838 W SoLoader: SoLoader initialized: 8
03-14 22:56:46.978 10838 10838 D nativeloader: Load /data/app/~~YsqUcQHZ2eJyD51BHGgW7w==/com.mcfuzzysquirrel.studentfinance-8JLdNDjiGMSsFWheHCnHFA==/base.apk!/lib/x86_64/libc++_shared.so using ns clns-7 from class loader (caller=/data/app/~~YsqUcQHZ2eJyD51BHGgW7w==/com.mcfuzzysquirrel.studentfinance-8JLdNDjiGMSsFWheHCnHFA==/base.apk): ok
03-14 22:56:46.994 10838 10838 D nativeloader: Load /data/app/~~YsqUcQHZ2eJyD51BHGgW7w==/com.mcfuzzysquirrel.studentfinance-8JLdNDjiGMSsFWheHCnHFA==/base.apk!/lib/x86_64/libjsi.so using ns clns-7 from class loader (caller=/data/app/~~YsqUcQHZ2eJyD51BHGgW7w==/com.mcfuzzysquirrel.studentfinance-8JLdNDjiGMSsFWheHCnHFA==/base.apk): ok
03-14 22:56:47.007 10838 10838 D nativeloader: Load /data/app/~~YsqUcQHZ2eJyD51BHGgW7w==/com.mcfuzzysquirrel.studentfinance-8JLdNDjiGMSsFWheHCnHFA==/base.apk!/lib/x86_64/libfbjni.so using ns clns-7 from class loader (caller=/data/app/~~YsqUcQHZ2eJyD51BHGgW7w==/com.mcfuzzysquirrel.studentfinance-8JLdNDjiGMSsFWheHCnHFA==/base.apk): ok
03-14 22:56:47.027 10838 10838 D nativeloader: Load /data/app/~~YsqUcQHZ2eJyD51BHGgW7w==/com.mcfuzzysquirrel.studentfinance-8JLdNDjiGMSsFWheHCnHFA==/base.apk!/lib/x86_64/libreactnative.so using ns clns-7 from class loader (caller=/data/app/~~YsqUcQHZ2eJyD51BHGgW7w==/com.mcfuzzysquirrel.studentfinance-8JLdNDjiGMSsFWheHCnHFA==/base.apk): ok
03-14 22:56:47.027 10838 10838 D jni_lib_merge: Entering merged library JNI_OnLoad.
03-14 22:56:47.028 10838 10838 D jni_lib_merge: Preparing 12 pre-merged libs (including stub)
03-14 22:56:47.028 10838 10838 D jni_lib_merge: Preparing to register libfabricjni_so.  onload_func: 0x727ce3da9730
03-14 22:56:47.028 10838 10838 D jni_lib_merge: Preparing to register libreact_devsupportjni_so.  onload_func: 0x727ce3fa6190
03-14 22:56:47.028 10838 10838 D jni_lib_merge: Preparing to register libreact_featureflagsjni_so.  onload_func: 0x727ce3fb7910
03-14 22:56:47.028 10838 10838 D jni_lib_merge: Preparing to register libreact_newarchdefaults_so.  onload_func: 0x727ce4058d20
03-14 22:56:47.028 10838 10838 D jni_lib_merge: Preparing to register libreactnativeblob_so.  onload_func: 0x727ce42632e0
03-14 22:56:47.028 10838 10838 D jni_lib_merge: Preparing to register libreactnativejni_so.  onload_func: 0x727ce42a3770
03-14 22:56:47.028 10838 10838 D jni_lib_merge: Preparing to register libreactnativejni_common_so.  onload_func: 0x727ce42b35d0
03-14 22:56:47.028 10838 10838 D jni_lib_merge: Preparing to register librninstance_so.  onload_func: 0x727ce42f04c0
03-14 22:56:47.028 10838 10838 D jni_lib_merge: Preparing to register libturbomodulejsijni_so.  onload_func: 0x727ce4451c00
03-14 22:56:47.028 10838 10838 D jni_lib_merge: Preparing to register libuimanagerjni_so.  onload_func: 0x727ce4469de0
03-14 22:56:47.028 10838 10838 D jni_lib_merge: Preparing to register libyoga_so.  onload_func: 0x727ce4478d70
03-14 22:56:47.028 10838 10838 D jni_lib_merge: About to register 11 actual methods.
03-14 22:56:47.062 10838 10838 D nativeloader: Load /data/app/~~YsqUcQHZ2eJyD51BHGgW7w==/com.mcfuzzysquirrel.studentfinance-8JLdNDjiGMSsFWheHCnHFA==/base.apk!/lib/x86_64/libreact_codegen_rnscreens.so using ns clns-7 from class loader (caller=/data/app/~~YsqUcQHZ2eJyD51BHGgW7w==/com.mcfuzzysquirrel.studentfinance-8JLdNDjiGMSsFWheHCnHFA==/base.apk): ok
03-14 22:56:47.062 10838 10838 D jni_lib_merge: Entering merged library JNI_OnLoad.
03-14 22:56:47.062 10838 10838 D jni_lib_merge: Preparing 12 pre-merged libs (including stub)
03-14 22:56:47.062 10838 10838 D jni_lib_merge: Preparing to register libfabricjni_so.  onload_func: 0x727ce3da9730
03-14 22:56:47.062 10838 10838 D jni_lib_merge: Preparing to register libreact_devsupportjni_so.  onload_func: 0x727ce3fa6190
03-14 22:56:47.062 10838 10838 D jni_lib_merge: Preparing to register libreact_featureflagsjni_so.  onload_func: 0x727ce3fb7910
03-14 22:56:47.062 10838 10838 D jni_lib_merge: Preparing to register libreact_newarchdefaults_so.  onload_func: 0x727ce4058d20
03-14 22:56:47.063 10838 10838 D jni_lib_merge: Preparing to register libreactnativeblob_so.  onload_func: 0x727ce42632e0
03-14 22:56:47.063 10838 10838 D jni_lib_merge: Preparing to register libreactnativejni_so.  onload_func: 0x727ce42a3770
03-14 22:56:47.063 10838 10838 D jni_lib_merge: Preparing to register libreactnativejni_common_so.  onload_func: 0x727ce42b35d0
03-14 22:56:47.063 10838 10838 D jni_lib_merge: Preparing to register librninstance_so.  onload_func: 0x727ce42f04c0
03-14 22:56:47.063 10838 10838 D jni_lib_merge: Preparing to register libturbomodulejsijni_so.  onload_func: 0x727ce4451c00
03-14 22:56:47.063 10838 10838 D jni_lib_merge: Preparing to register libuimanagerjni_so.  onload_func: 0x727ce4469de0
03-14 22:56:47.063 10838 10838 D jni_lib_merge: Preparing to register libyoga_so.  onload_func: 0x727ce4478d70
03-14 22:56:47.063 10838 10838 D jni_lib_merge: About to register 11 actual methods.
03-14 22:56:47.079 10838 10838 D nativeloader: Load /data/app/~~YsqUcQHZ2eJyD51BHGgW7w==/com.mcfuzzysquirrel.studentfinance-8JLdNDjiGMSsFWheHCnHFA==/base.apk!/lib/x86_64/libreact_codegen_rnsvg.so using ns clns-7 from class loader (caller=/data/app/~~YsqUcQHZ2eJyD51BHGgW7w==/com.mcfuzzysquirrel.studentfinance-8JLdNDjiGMSsFWheHCnHFA==/base.apk): ok
03-14 22:56:47.079 10838 10838 D jni_lib_merge: Entering merged library JNI_OnLoad.
03-14 22:56:47.079 10838 10838 D jni_lib_merge: Preparing 12 pre-merged libs (including stub)
03-14 22:56:47.080 10838 10838 D jni_lib_merge: Preparing to register libfabricjni_so.  onload_func: 0x727ce3da9730
03-14 22:56:47.080 10838 10838 D jni_lib_merge: Preparing to register libreact_devsupportjni_so.  onload_func: 0x727ce3fa6190
03-14 22:56:47.080 10838 10838 D jni_lib_merge: Preparing to register libreact_featureflagsjni_so.  onload_func: 0x727ce3fb7910
03-14 22:56:47.080 10838 10838 D jni_lib_merge: Preparing to register libreact_newarchdefaults_so.  onload_func: 0x727ce4058d20
03-14 22:56:47.080 10838 10838 D jni_lib_merge: Preparing to register libreactnativeblob_so.  onload_func: 0x727ce42632e0
03-14 22:56:47.080 10838 10838 D jni_lib_merge: Preparing to register libreactnativejni_so.  onload_func: 0x727ce42a3770
03-14 22:56:47.080 10838 10838 D jni_lib_merge: Preparing to register libreactnativejni_common_so.  onload_func: 0x727ce42b35d0
03-14 22:56:47.080 10838 10838 D jni_lib_merge: Preparing to register librninstance_so.  onload_func: 0x727ce42f04c0
03-14 22:56:47.080 10838 10838 D jni_lib_merge: Preparing to register libturbomodulejsijni_so.  onload_func: 0x727ce4451c00
03-14 22:56:47.080 10838 10838 D jni_lib_merge: Preparing to register libuimanagerjni_so.  onload_func: 0x727ce4469de0
03-14 22:56:47.080 10838 10838 D jni_lib_merge: Preparing to register libyoga_so.  onload_func: 0x727ce4478d70
03-14 22:56:47.080 10838 10838 D jni_lib_merge: About to register 11 actual methods.
03-14 22:56:47.099 10838 10838 D nativeloader: Load /data/app/~~YsqUcQHZ2eJyD51BHGgW7w==/com.mcfuzzysquirrel.studentfinance-8JLdNDjiGMSsFWheHCnHFA==/base.apk!/lib/x86_64/libreact_codegen_safeareacontext.so using ns clns-7 from class loader (caller=/data/app/~~YsqUcQHZ2eJyD51BHGgW7w==/com.mcfuzzysquirrel.studentfinance-8JLdNDjiGMSsFWheHCnHFA==/base.apk): ok
03-14 22:56:47.110 10838 10838 D nativeloader: Load /data/app/~~YsqUcQHZ2eJyD51BHGgW7w==/com.mcfuzzysquirrel.studentfinance-8JLdNDjiGMSsFWheHCnHFA==/base.apk!/lib/x86_64/libappmodules.so using ns clns-7 from class loader (caller=/data/app/~~YsqUcQHZ2eJyD51BHGgW7w==/com.mcfuzzysquirrel.studentfinance-8JLdNDjiGMSsFWheHCnHFA==/base.apk): ok
03-14 22:56:47.329 10838 10838 I Choreographer: Skipped 40 frames!  The application may be doing too much work on its main thread.
03-14 22:56:47.337 10838 10880 I InstrConnection: Could not send broadcast or register receiver (isolatedProcess?)
03-14 22:56:47.345 10838 10880 D TestRequestBuilder: Using class path scanning to discover tests
03-14 22:56:47.346 10838 10880 I TestRequestBuilder: Scanning classpath to find tests in paths [/data/app/~~feC0d-aJBAXZMQDLgqJFLA==/com.mcfuzzysquirrel.studentfinance.test-MgctBIaYwGk-S72bVRP-Xw==/base.apk]
03-14 22:56:47.347 10838 10880 W .studentfinance: Opening an oat file without a class loader. Are you using the deprecated DexFile APIs?
03-14 22:56:48.097 10838 10880 I TestRunner: run started: 1 tests
03-14 22:56:48.098 10838 10880 I TestRunner: started: runDetoxTests(com.mcfuzzysquirrel.studentfinance.DetoxTest)
03-14 22:56:48.106 10838 10880 I Detox   : Detox server connection details: url=ws://localhost:36975, sessionId=b0e1d00a-3b73-8395-6612-0e625cc38a55
03-14 22:56:48.114 10838 10880 I Tracing : Tracer added: class androidx.test.platform.tracing.AndroidXTracer
03-14 22:56:48.128 10838 10880 W .studentfinance: Accessing hidden field Ljava/lang/reflect/Field;->accessFlags:I (unsupported, reflection, allowed)
03-14 22:56:48.130 10838 10880 I Detox   : Connecting to server...
03-14 22:56:48.130 10838 10880 I DetoxWSClient: At connectToServer
03-14 22:56:48.176 10838 10886 D TrafficStats: tagSocket(102) with statsTag=0xffffffff, statsUid=-1
03-14 22:56:48.189 10838 10886 D DetoxWSClient: At onOpen
03-14 22:56:48.189 10838 10886 I DetoxWSClient: Sending out action 'login' (ID #0)
03-14 22:56:48.190 10838 10886 I Detox   : Connected to server!
03-14 22:56:48.195 10838 10886 D DetoxWSClient: Received action 'loginSuccess' (ID #0, params={"testerConnected":true,"appConnected":true})
03-14 22:56:48.196 10838 10882 I DetoxDispatcher: Handling action 'loginSuccess' (ID #0)...
03-14 22:56:48.196 10838 10882 I DetoxDispatcher: Done with action 'loginSuccess'
03-14 22:56:48.196 10838 10880 I Detox   : Launching the tested activity!
03-14 22:56:48.244 10838 10886 D DetoxWSClient: Received action 'isReady' (ID #-1000, params={})
03-14 22:56:48.244 10838 10882 I DetoxDispatcher: Handling action 'isReady' (ID #-1000)...
03-14 22:56:48.612 10838 10838 D AppCompatDelegate: Checking for metadata for AppLocalesMetadataHolderService : Service not found
03-14 22:56:48.693 10838 10838 D LifecycleMonitor: Lifecycle status change: com.mcfuzzysquirrel.studentfinance.MainActivity@8cfe925 in: PRE_ON_CREATE
03-14 22:56:49.232 10838 10905 D TrafficStats: tagSocket(109) with statsTag=0xffffffff, statsUid=-1
03-14 22:56:49.267 10838 10905 W unknown:ReconnectingWebSocket: Couldn't connect to "ws://10.0.2.2:8081/message?device=sdk_gphone64_x86_64%20-%2015%20-%20API%2035&app=com.mcfuzzysquirrel.studentfinance&clientid=BridgelessDevSupportManager", will silently retry
03-14 22:56:49.348 10838 10838 W unknown:BridgelessReact: ReactHost{0}.startSurface(surfaceId = 0): Schedule
03-14 22:56:49.348 10838 10838 W unknown:BridgelessReact: ReactHost{0}.attachSurface(surfaceId = 0)
03-14 22:56:49.351 10838 10909 W unknown:BridgelessReact: ReactHost{0}.getOrCreateReactInstanceTask()
03-14 22:56:49.353 10838 10909 W unknown:BridgelessReact: ReactHost{0}.getOrCreateReactInstanceTask(): Start
03-14 22:56:49.354 10838 10909 D Detox.RNMarker: REACT_BRIDGELESS_LOADING_START (null)
03-14 22:56:49.354 10838 10909 W unknown:BridgelessReact: ReactHost{0}.getJSBundleLoader()
03-14 22:56:49.354 10838 10909 W unknown:BridgelessReact: ReactHost{0}.isMetroRunning()
03-14 22:56:49.372 10838 10910 D TrafficStats: tagSocket(109) with statsTag=0xffffffff, statsUid=-1
03-14 22:56:49.376 10838 10910 W unknown:ReactNative: The packager does not seem to be running as we got an IOException requesting its status: Failed to connect to /10.0.2.2:8081
03-14 22:56:49.377 10838 10910 W unknown:BridgelessReact: ReactHost{0}.isMetroRunning(): Async result = false
03-14 22:56:49.379 10838 10909 W unknown:BridgelessReact: ReactHost{0}.getOrCreateReactInstanceTask(): Creating BridgelessReactContext
03-14 22:56:49.381 10838 10909 W unknown:BridgelessReact: ReactHost{0}.getOrCreateReactInstanceTask(): Creating ReactInstance
03-14 22:56:49.404 10838 10838 W .studentfinance: Accessing hidden method Landroid/view/ViewGroup;->makeOptionalFitsSystemWindows()V (unsupported, reflection, allowed)
03-14 22:56:49.411 10838 10838 D LifecycleMonitor: Lifecycle status change: com.mcfuzzysquirrel.studentfinance.MainActivity@8cfe925 in: CREATED
03-14 22:56:49.413 10838 10838 D LifecycleMonitor: Lifecycle status change: com.mcfuzzysquirrel.studentfinance.MainActivity@8cfe925 in: STARTED
03-14 22:56:49.420 10838 10838 W unknown:BridgelessReact: ReactHost{0}.onHostResume(activity)
03-14 22:56:49.420 10838 10838 W unknown:ReactNative: Packager connection already open, nooping.
03-14 22:56:49.420 10838 10838 W unknown:BridgelessReact: ReactHost{0}.ReactContext.onHostResume()
03-14 22:56:49.420 10838 10838 D LifecycleMonitor: Lifecycle status change: com.mcfuzzysquirrel.studentfinance.MainActivity@8cfe925 in: RESUMED
03-14 22:56:49.432 10838 10838 W HWUI    : Unknown dataspace 0
03-14 22:56:49.456 10838 10916 D TrafficStats: tagSocket(117) with statsTag=0xffffffff, statsUid=-1
03-14 22:56:49.488 10838 10909 D nativeloader: Load /data/app/~~YsqUcQHZ2eJyD51BHGgW7w==/com.mcfuzzysquirrel.studentfinance-8JLdNDjiGMSsFWheHCnHFA==/base.apk!/lib/x86_64/libhermesvm.so using ns clns-7 from class loader (caller=/data/app/~~YsqUcQHZ2eJyD51BHGgW7w==/com.mcfuzzysquirrel.studentfinance-8JLdNDjiGMSsFWheHCnHFA==/base.apk): ok
03-14 22:56:49.505 10838 10909 D nativeloader: Load /data/app/~~YsqUcQHZ2eJyD51BHGgW7w==/com.mcfuzzysquirrel.studentfinance-8JLdNDjiGMSsFWheHCnHFA==/base.apk!/lib/x86_64/libhermestooling.so using ns clns-7 from class loader (caller=/data/app/~~YsqUcQHZ2eJyD51BHGgW7w==/com.mcfuzzysquirrel.studentfinance-8JLdNDjiGMSsFWheHCnHFA==/base.apk): ok
03-14 22:56:49.505 10838 10909 D jni_lib_merge: Entering merged library JNI_OnLoad.
03-14 22:56:49.505 10838 10909 D jni_lib_merge: Preparing 4 pre-merged libs (including stub)
03-14 22:56:49.505 10838 10909 D jni_lib_merge: Preparing to register libhermes_executor_so.  onload_func: 0x727cdf9b1050
03-14 22:56:49.505 10838 10909 D jni_lib_merge: Preparing to register libhermesinstancejni_so.  onload_func: 0x727cdf9e7680
03-14 22:56:49.505 10838 10909 D jni_lib_merge: Preparing to register libjsijniprofiler_so.  onload_func: 0x727cdf9e93f0
03-14 22:56:49.505 10838 10909 D jni_lib_merge: About to register 3 actual methods.
03-14 22:56:49.524 10838 10893 I EGL_emulation: Opening libGLESv1_CM_emulation.so
03-14 22:56:49.524 10838 10893 I EGL_emulation: Opening libGLESv2_emulation.so
03-14 22:56:49.602 10838 10893 W HWUI    : Failed to initialize 101010-2 format, error = EGL_SUCCESS
03-14 22:56:49.658 10838 10893 I Gralloc4: mapper 4.x is not supported
03-14 22:56:50.169 10838 10838 I Choreographer: Skipped 42 frames!  The application may be doing too much work on its main thread.
03-14 22:56:50.317 10838 10909 W .studentfinance: Verification of expo.modules.kotlin.modules.ModuleDefinitionData expo.modules.sqlite.SQLiteModule.definition() took 234.898ms (69817.33 bytecodes/s) (317768B approximate peak alloc)
03-14 22:56:50.411 10838 10909 I ExpoModulesCore: ✅ AppContext was initialized
03-14 22:56:50.761 10838 10909 W unknown:BridgelessReact: ReactHost{0}.getOrCreateReactInstanceTask(): Loading JS Bundle
03-14 22:56:50.761 10838 10909 W unknown:BridgelessReact: ReactHost{0}.getOrCreateReactInstanceTask(): DevSupportManager.onNewReactContextCreated()
03-14 22:56:50.766 10838 10914 D Detox.RNMarker: RUN_JS_BUNDLE_START (index.android.bundle)
03-14 22:56:50.787 10838 10838 W unknown:ReactNative: Packager connection already open, nooping.
03-14 22:56:50.789 10838 10838 W unknown:BridgelessReact: ReactHost{0}.ReactContext.onHostResume()
03-14 22:56:50.789 10838 10838 W unknown:BridgelessReact: ReactHost{0}.getOrCreateReactInstanceTask(): Executing ReactInstanceEventListeners
03-14 22:56:50.789 10838 10838 I DetoxRNLoading: Got new RN-context through listener
03-14 22:56:50.795 10838 10909 W unknown:BridgelessReact: ReactHost{0}.startSurface(surfaceId = 0): Execute
03-14 22:56:50.801 10838 10882 W .studentfinance: Long monitor contention with owner Instr: androidx.test.runner.AndroidJUnitRunner (10880) at void com.wix.detox.DetoxMain.launchActivityOnCue(android.content.Context, com.wix.detox.ActivityLaunchHelper)(DetoxMain.kt:53) waiters=0 in void com.wix.detox.DetoxMain$setupActionHandlers$SynchronizedActionHandler.handle(java.lang.String, long) for 2.553s
03-14 22:56:50.816 10838 10838 W .studentfinance: Accessing hidden method Landroid/os/MessageQueue;->next()Landroid/os/Message; (unsupported, reflection, allowed)
03-14 22:56:50.816 10838 10838 W .studentfinance: Accessing hidden field Landroid/os/MessageQueue;->mMessages:Landroid/os/Message; (unsupported, reflection, allowed)
03-14 22:56:50.816 10838 10838 W .studentfinance: Accessing hidden method Landroid/os/Message;->recycleUnchecked()V (unsupported, reflection, allowed)
03-14 22:56:50.825 10838 10838 I Detox   : Wait is over: App is now idle!
03-14 22:56:50.830 10838 10882 I DetoxWSClient: Sending out action 'ready' (ID #-1000)
03-14 22:56:50.830 10838 10882 I DetoxDispatcher: Done with action 'isReady'
03-14 22:56:50.892 10838 10886 D DetoxWSClient: Received action 'invoke' (ID #1, params={"target":{"type":"Class","value":"com.wix.detox.espresso.DetoxAssertion"},"method":"waitForAssertMatcher","args":[{"type":"Invocation","value":{"target":{"type":"Class","value":"androidx.test.espresso.Espresso"},"method":"onView","args":[{"type":"Invocation","value":{"target":{"type":"Class","value":"com.wix.detox.espresso.DetoxMatcher"},"method":"matcherForTestId","args":["dashboard-add-expense-button",{"type":"boolean","value":false}]}}]}},{"type":"Invocation","value":{"target":{"type":"Class","value":"com.wix.detox.espresso.DetoxMatcher"},"method":"matcherForSufficientlyVisible","args":[{"type":"Integer","value":75}]}},{"type":"Double","value":15}]})
03-14 22:56:50.923 10838 10882 I DetoxDispatcher: Handling action 'invoke' (ID #1)...
03-14 22:56:50.927 10838 10882 D Detox   : class com.wix.detox.espresso.DetoxMatcher, matcherForTestId, [dashboard-add-expense-button, false]
03-14 22:56:50.940 10838 10914 D nativeloader: Load /data/app/~~YsqUcQHZ2eJyD51BHGgW7w==/com.mcfuzzysquirrel.studentfinance-8JLdNDjiGMSsFWheHCnHFA==/base.apk!/lib/x86_64/libexpo-modules-core.so using ns clns-7 from class loader (caller=/data/app/~~YsqUcQHZ2eJyD51BHGgW7w==/com.mcfuzzysquirrel.studentfinance-8JLdNDjiGMSsFWheHCnHFA==/base.apk): ok
03-14 22:56:50.945 10838 10882 D Detox   : class androidx.test.espresso.Espresso, onView, [(view.getTag() is "dashboard-add-expense-button" and view has effective visibility <VISIBLE>)]
03-14 22:56:50.950 10838 10882 D Detox   : class com.wix.detox.espresso.DetoxMatcher, matcherForSufficientlyVisible, [75]
03-14 22:56:50.951 10838 10882 D Detox   : class com.wix.detox.espresso.DetoxAssertion, waitForAssertMatcher, [androidx.test.espresso.ViewInteraction@592f8bf, (view has effective visibility <VISIBLE> and view.getGlobalVisibleRect() covers at least <75> percent of the view's area), 15.0]
03-14 22:56:50.993 10838 10838 I ViewInteraction: Checking 'MatchesViewAssertion(Detox){viewMatcher=(view has effective visibility <VISIBLE> and view.getGlobalVisibleRect() covers at least <75> percent of the view's area)}' assertion on view (view.getTag() is "dashboard-add-expense-button" and view has effective visibility <VISIBLE>)
03-14 22:56:51.051 10838 10838 I ViewInteraction: Checking 'MatchesViewAssertion(Detox){viewMatcher=(view has effective visibility <VISIBLE> and view.getGlobalVisibleRect() covers at least <75> percent of the view's area)}' assertion on view (view.getTag() is "dashboard-add-expense-button" and view has effective visibility <VISIBLE>)
03-14 22:56:51.062 10838 10914 W unknown:ViewManagerPropertyUpdater: Could not find generated setter for class com.th3rdwave.safeareacontext.SafeAreaProviderManager
03-14 22:56:51.078 10838 10914 W unknown:ViewManagerPropertyUpdater: Could not find generated setter for class com.facebook.react.uimanager.LayoutShadowNode
03-14 22:56:51.095 10838 10838 I ViewInteraction: Checking 'MatchesViewAssertion(Detox){viewMatcher=(view has effective visibility <VISIBLE> and view.getGlobalVisibleRect() covers at least <75> percent of the view's area)}' assertion on view (view.getTag() is "dashboard-add-expense-button" and view has effective visibility <VISIBLE>)
03-14 22:56:51.103 10838 10914 W unknown:ViewManagerPropertyUpdater: Could not find generated setter for class com.swmansion.rnscreens.SearchBarManager
03-14 22:56:51.111 10838 10914 W unknown:ViewManagerPropertyUpdater: Could not find generated setter for class com.swmansion.rnscreens.ScreenFooterManager
03-14 22:56:51.133 10838 10914 W unknown:ViewManagerPropertyUpdater: Could not find generated setter for class com.swmansion.rnscreens.gamma.tabs.TabScreenViewManager
03-14 22:56:51.140 10838 10914 W unknown:ViewManagerPropertyUpdater: Could not find generated setter for class expo.modules.kotlin.views.GroupViewManagerWrapper
03-14 22:56:51.148 10838 10838 I ViewInteraction: Checking 'MatchesViewAssertion(Detox){viewMatcher=(view has effective visibility <VISIBLE> and view.getGlobalVisibleRect() covers at least <75> percent of the view's area)}' assertion on view (view.getTag() is "dashboard-add-expense-button" and view has effective visibility <VISIBLE>)
03-14 22:56:51.149 10838 10914 W unknown:ViewManagerPropertyUpdater: Could not find generated setter for class com.swmansion.rnscreens.ScreenContainerViewManager
03-14 22:56:51.151 10838 10914 W unknown:ViewManagerPropertyUpdater: Could not find generated setter for class com.swmansion.rnscreens.gamma.tabs.TabsHostViewManager
03-14 22:56:51.158 10838 10914 W unknown:ViewManagerPropertyUpdater: Could not find generated setter for class com.swmansion.rnscreens.ModalScreenViewManager
03-14 22:56:51.161 10838 10914 W unknown:ViewManagerPropertyUpdater: Could not find generated setter for class com.swmansion.rnscreens.ScreenStackHeaderConfigViewManager
03-14 22:56:51.164 10838 10914 W unknown:ViewManagerPropertyUpdater: Could not find generated setter for class com.swmansion.rnscreens.ScreenContentWrapperManager
03-14 22:56:51.165 10838 10914 W unknown:ViewManagerPropertyUpdater: Could not find generated setter for class com.th3rdwave.safeareacontext.SafeAreaViewManager
03-14 22:56:51.172 10838 10914 W unknown:ViewManagerPropertyUpdater: Could not find generated setter for class com.th3rdwave.safeareacontext.SafeAreaViewShadowNode
03-14 22:56:51.176 10838 10914 W unknown:ViewManagerPropertyUpdater: Could not find generated setter for class com.swmansion.rnscreens.safearea.SafeAreaViewManager
03-14 22:56:51.176 10838 10914 W unknown:ViewManagerPropertyUpdater: Could not find generated setter for class com.swmansion.rnscreens.safearea.paper.SafeAreaViewShadowNode
03-14 22:56:51.178 10838 10914 W unknown:ViewManagerPropertyUpdater: Could not find generated setter for class com.swmansion.rnscreens.ScreenViewManager
03-14 22:56:51.179 10838 10914 W unknown:ViewManagerPropertyUpdater: Could not find generated setter for class com.swmansion.rnscreens.gamma.stack.host.StackHostViewManager
03-14 22:56:51.180 10838 10914 W unknown:ViewManagerPropertyUpdater: Could not find generated setter for class com.swmansion.rnscreens.ScreenStackHeaderSubviewManager
03-14 22:56:51.182 10838 10914 W unknown:ViewManagerPropertyUpdater: Could not find generated setter for class com.swmansion.rnscreens.gamma.stack.screen.StackScreenViewManager
03-14 22:56:51.183 10838 10914 W unknown:ViewManagerPropertyUpdater: Could not find generated setter for class com.swmansion.rnscreens.ScreenStackViewManager
03-14 22:56:51.184 10838 10838 I ViewInteraction: Checking 'MatchesViewAssertion(Detox){viewMatcher=(view has effective visibility <VISIBLE> and view.getGlobalVisibleRect() covers at least <75> percent of the view's area)}' assertion on view (view.getTag() is "dashboard-add-expense-button" and view has effective visibility <VISIBLE>)
03-14 22:56:51.220 10838 10838 I ViewInteraction: Checking 'MatchesViewAssertion(Detox){viewMatcher=(view has effective visibility <VISIBLE> and view.getGlobalVisibleRect() covers at least <75> percent of the view's area)}' assertion on view (view.getTag() is "dashboard-add-expense-button" and view has effective visibility <VISIBLE>)
03-14 22:56:51.256 10838 10838 I ViewInteraction: Checking 'MatchesViewAssertion(Detox){viewMatcher=(view has effective visibility <VISIBLE> and view.getGlobalVisibleRect() covers at least <75> percent of the view's area)}' assertion on view (view.getTag() is "dashboard-add-expense-button" and view has effective visibility <VISIBLE>)
03-14 22:56:51.277 10838 10905 D TrafficStats: tagSocket(132) with statsTag=0xffffffff, statsUid=-1
03-14 22:56:51.292 10838 10838 I ViewInteraction: Checking 'MatchesViewAssertion(Detox){viewMatcher=(view has effective visibility <VISIBLE> and view.getGlobalVisibleRect() covers at least <75> percent of the view's area)}' assertion on view (view.getTag() is "dashboard-add-expense-button" and view has effective visibility <VISIBLE>)
03-14 22:56:51.336 10838 10838 I ViewInteraction: Checking 'MatchesViewAssertion(Detox){viewMatcher=(view has effective visibility <VISIBLE> and view.getGlobalVisibleRect() covers at least <75> percent of the view's area)}' assertion on view (view.getTag() is "dashboard-add-expense-button" and view has effective visibility <VISIBLE>)
03-14 22:56:51.398 10838 10838 I ViewInteraction: Checking 'MatchesViewAssertion(Detox){viewMatcher=(view has effective visibility <VISIBLE> and view.getGlobalVisibleRect() covers at least <75> percent of the view's area)}' assertion on view (view.getTag() is "dashboard-add-expense-button" and view has effective visibility <VISIBLE>)
03-14 22:56:51.494 10838 10838 I ViewInteraction: Checking 'MatchesViewAssertion(Detox){viewMatcher=(view has effective visibility <VISIBLE> and view.getGlobalVisibleRect() covers at least <75> percent of the view's area)}' assertion on view (view.getTag() is "dashboard-add-expense-button" and view has effective visibility <VISIBLE>)
03-14 22:56:51.602 10838 10838 I ViewInteraction: Checking 'MatchesViewAssertion(Detox){viewMatcher=(view has effective visibility <VISIBLE> and view.getGlobalVisibleRect() covers at least <75> percent of the view's area)}' assertion on view (view.getTag() is "dashboard-add-expense-button" and view has effective visibility <VISIBLE>)
03-14 22:56:51.622 10838 10914 W unknown:ViewManagerPropertyUpdater: Could not find generated setter for class com.horcrux.svg.RenderableViewManager$DefsViewManager
03-14 22:56:51.628 10838 10914 W unknown:ViewManagerPropertyUpdater: Could not find generated setter for class com.horcrux.svg.VirtualViewManager$RenderableShadowNode
03-14 22:56:51.658 10838 10914 W unknown:ViewManagerPropertyUpdater: Could not find generated setter for class com.facebook.react.views.debuggingoverlay.DebuggingOverlayManager
03-14 22:56:51.667 10838 10838 I ViewInteraction: Checking 'MatchesViewAssertion(Detox){viewMatcher=(view has effective visibility <VISIBLE> and view.getGlobalVisibleRect() covers at least <75> percent of the view's area)}' assertion on view (view.getTag() is "dashboard-add-expense-button" and view has effective visibility <VISIBLE>)
03-14 22:56:51.714 10838 10914 W unknown:ViewManagerPropertyUpdater: Could not find generated setter for class com.horcrux.svg.RenderableViewManager$FeMergeManager
03-14 22:56:51.731 10838 10914 W unknown:ViewManagerPropertyUpdater: Could not find generated setter for class com.facebook.react.views.safeareaview.ReactSafeAreaViewManager
03-14 22:56:51.752 10838 10838 I ViewInteraction: Checking 'MatchesViewAssertion(Detox){viewMatcher=(view has effective visibility <VISIBLE> and view.getGlobalVisibleRect() covers at least <75> percent of the view's area)}' assertion on view (view.getTag() is "dashboard-add-expense-button" and view has effective visibility <VISIBLE>)
03-14 22:56:51.781 10838 10914 W unknown:ViewManagerPropertyUpdater: Could not find generated setter for class com.horcrux.svg.RenderableViewManager$LinearGradientManager
03-14 22:56:51.822 10838 10914 W unknown:ViewManagerPropertyUpdater: Could not find generated setter for class com.horcrux.svg.RenderableViewManager$FeGaussianBlurManager
03-14 22:56:51.829 10838 10838 I ViewInteraction: Checking 'MatchesViewAssertion(Detox){viewMatcher=(view has effective visibility <VISIBLE> and view.getGlobalVisibleRect() covers at least <75> percent of the view's area)}' assertion on view (view.getTag() is "dashboard-add-expense-button" and view has effective visibility <VISIBLE>)
03-14 22:56:51.839 10838 10848 I .studentfinance: Compiler allocated 5174KB to compile void android.view.ViewRootImpl.performTraversals()
03-14 22:56:51.946 10838 10914 W unknown:ViewManagerPropertyUpdater: Could not find generated setter for class com.facebook.react.views.progressbar.ReactProgressBarViewManager
03-14 22:56:51.957 10838 10914 W unknown:ViewManagerPropertyUpdater: Could not find generated setter for class com.facebook.react.views.progressbar.ProgressBarShadowNode
03-14 22:56:52.012 10838 10914 W unknown:ViewManagerPropertyUpdater: Could not find generated setter for class com.facebook.react.views.scroll.ReactHorizontalScrollViewManager
03-14 22:56:52.086 10838 10914 W unknown:ViewManagerPropertyUpdater: Could not find generated setter for class com.facebook.react.views.text.ReactTextViewManager
03-14 22:56:52.088 10838 10914 W unknown:ViewManagerPropertyUpdater: Could not find generated setter for class com.facebook.react.views.text.ReactTextShadowNode
03-14 22:56:52.105 10838 10838 I ViewInteraction: Checking 'MatchesViewAssertion(Detox){viewMatcher=(view has effective visibility <VISIBLE> and view.getGlobalVisibleRect() covers at least <75> percent of the view's area)}' assertion on view (view.getTag() is "dashboard-add-expense-button" and view has effective visibility <VISIBLE>)
03-14 22:56:52.142 10838 10914 W unknown:ViewManagerPropertyUpdater: Could not find generated setter for class com.horcrux.svg.RenderableViewManager$FeColorMatrixManager
03-14 22:56:52.144 10838 10838 I ViewInteraction: Checking 'MatchesViewAssertion(Detox){viewMatcher=(view has effective visibility <VISIBLE> and view.getGlobalVisibleRect() covers at least <75> percent of the view's area)}' assertion on view (view.getTag() is "dashboard-add-expense-button" and view has effective visibility <VISIBLE>)
03-14 22:56:52.172 10838 10916 D TrafficStats: tagSocket(132) with statsTag=0xffffffff, statsUid=-1
03-14 22:56:52.183 10838 10838 I ViewInteraction: Checking 'MatchesViewAssertion(Detox){viewMatcher=(view has effective visibility <VISIBLE> and view.getGlobalVisibleRect() covers at least <75> percent of the view's area)}' assertion on view (view.getTag() is "dashboard-add-expense-button" and view has effective visibility <VISIBLE>)
03-14 22:56:52.219 10838 10838 I ViewInteraction: Checking 'MatchesViewAssertion(Detox){viewMatcher=(view has effective visibility <VISIBLE> and view.getGlobalVisibleRect() covers at least <75> percent of the view's area)}' assertion on view (view.getTag() is "dashboard-add-expense-button" and view has effective visibility <VISIBLE>)
03-14 22:56:52.222 10838 10914 W unknown:ViewManagerPropertyUpdater: Could not find generated setter for class com.facebook.react.views.scroll.ReactHorizontalScrollContainerViewManager
03-14 22:56:52.256 10838 10838 I ViewInteraction: Checking 'MatchesViewAssertion(Detox){viewMatcher=(view has effective visibility <VISIBLE> and view.getGlobalVisibleRect() covers at least <75> percent of the view's area)}' assertion on view (view.getTag() is "dashboard-add-expense-button" and view has effective visibility <VISIBLE>)
