03-14 22:22:06.719  6801  6984 E unknown:ReactHost:     at FrameSizeProvider (address at index.android.bundle:1:998002)
03-14 22:22:06.719  6801  6984 E unknown:ReactHost:     at SafeAreaProviderCompat (address at index.android.bundle:1:1009413)
03-14 22:22:06.719  6801  6984 E unknown:ReactHost:     at BottomTabView (address at index.android.bundle:1:962842)
03-14 22:22:06.719  6801  6984 E unknown:ReactHost:     at PreventRemoveProvider (address at index.android.bundle:1:906668)
03-14 22:22:06.719  6801  6984 E unknown:ReactHost:     at NavigationStateListenerProvider (address at index.android.bundle:1:933250)
03-14 22:22:06.719  6801  6984 E unknown:ReactHost:     at NavigationContent (address at index.android.bundle:1:923171)
03-14 22:22:06.719  6801  6984 E unknown:ReactHost:     at anonymous (address at index.android.bundle:1:923074)
03-14 22:22:06.719  6801  6984 E unknown:ReactHost:     at BottomTabNavigator (address at index.android.bundle:1:961923)
03-14 22:22:06.719  6801  6984 E unknown:ReactHost:     at TabNavigator (<anonymous>)
03-14 22:22:06.719  6801  6984 E unknown:ReactHost:     at StaticContainer (address at index.android.bundle:1:927929)
03-14 22:22:06.719  6801  6984 E unknown:ReactHost:     at EnsureSingleNavigator (address at index.android.bundle:1:873788)
03-14 22:22:06.719  6801  6984 E unknown:ReactHost:     at SceneView (address at index.android.bundle:1:925953)
03-14 22:22:06.719  6801  6984 E unknown:ReactHost:     at NavigationProvider (address at index.android.bundle:1:904371)
03-14 22:22:06.719  6801  6984 E unknown:ReactHost:     at RNSScreenContentWrapper (<anonymous>)
03-14 22:22:06.719  6801  6984 E unknown:ReactHost:     at ScreenContentWrapper (<anonymous>)
03-14 22:22:06.719  6801  6984 E unknown:ReactHost:     at DebugContainer (address at index.android.bundle:1:1040184)
03-14 22:22:06.719  6801  6984 E unknown:ReactHost:     at RNSScreen (<anonymous>)
03-14 22:22:06.719  6801  6984 E unknown:ReactHost:     at Animated(Anonymous) (address at index.android.bundle:1:567439)
03-14 22:22:06.719  6801  6984 E unknown:ReactHost:     at Suspender (address at index.android.bundle:1:1026365)
03-14 22:22:06.719  6801  6984 E unknown:ReactHost:     at Suspense (<anonymous>)
03-14 22:22:06.719  6801  6984 E unknown:ReactHost:     at Freeze (address at index.android.bundle:1:1026425)
03-14 22:22:06.719  6801  6984 E unknown:ReactHost:     at DelayedFreeze (address at index.android.bundle:1:1026007)
03-14 22:22:06.719  6801  6984 E unknown:ReactHost:     at InnerScreen (address at index.android.bundle:1:1023395)
03-14 22:22:06.719  6801  6984 E unknown:ReactHost:     at anonymous (address at index.android.bundle:1:1025439)
03-14 22:22:06.719  6801  6984 E unknown:ReactHost:     at ScreenStackItem (address at index.android.bundle:1:1038934)
03-14 22:22:06.719  6801  6984 E unknown:ReactHost:     at NavigationProvider (address at index.android.bundle:1:904371)
03-14 22:22:06.719  6801  6984 E unknown:ReactHost:     at SceneView (address at index.android.bundle:1:1052468)
03-14 22:22:06.719  6801  6984 E unknown:ReactHost:     at RNSScreenStack (<anonymous>)
03-14 22:22:06.719  6801  6984 E unknown:ReactHost:     at anonymous (address at index.android.bundle:1:1038026)
03-14 22:22:06.719  6801  6984 E unknown:ReactHost:     at ScreenStack (address at index.android.bundle:1:1037187)
03-14 22:22:06.719  6801  6984 E unknown:ReactHost:     at RCTView (<anonymous>)
03-14 22:22:06.719  6801  6984 E unknown:ReactHost:     at View (address at index.android.bundle:1:148692)
03-14 22:22:06.719  6801  6984 E unknown:ReactHost:     at FrameSizeProvider (address at index.android.bundle:1:998002)
03-14 22:22:06.719  6801  6984 E unknown:ReactHost:     at SafeAreaProviderCompat (address at index.android.bundle:1:1009413)
03-14 22:22:06.719  6801  6984 E unknown:ReactHost:     at NativeStackView (address at index.android.bundle:1:1051030)
03-14 22:22:06.719  6801  6984 E unknown:ReactHost:     at PreventRemoveProvider (address at index.android.bundle:1:906668)
03-14 22:22:06.719  6801  6984 E unknown:ReactHost:     at NavigationStateListenerProvider (address at index.android.bundle:1:933250)
03-14 22:22:06.719  6801  6984 E unknown:ReactHost:     at NavigationContent (address at index.android.bundle:1:923171)
03-14 22:22:06.719  6801  6984 E unknown:ReactHost:     at anonymous (address at index.android.bundle:1:923074)
03-14 22:22:06.719  6801  6984 E unknown:ReactHost:     at NativeStackNavigator (address at index.android.bundle:1:1049756)
03-14 22:22:06.719  6801  6984 E unknown:ReactHost:     at RootNavigator (<anonymous>)
03-14 22:22:06.719  6801  6984 E unknown:ReactHost:     at ThemeProvider (address at index.android.bundle:1:875944)
03-14 22:22:06.719  6801  6984 E unknown:ReactHost:     at EnsureSingleNavigator (address at index.android.bundle:1:873788)
03-14 22:22:06.719  6801  6984 E unknown:ReactHost:     at BaseNavigationContainer (address at index.android.bundle:1:852528)
03-14 22:22:06.719  6801  6984 E unknown:ReactHost:     at NavigationContainerInner (address at index.android.bundle:1:941094)
03-14 22:22:06.719  6801  6984 E unknown:ReactHost:     at DatabaseProvider (address at index.android.bundle:1:1073278)
03-14 22:22:06.719  6801  6984 E unknown:ReactHost:     at RNCSafeAreaProvider (<anonymous>)
03-14 22:22:06.719  6801  6984 E unknown:ReactHost:     at SafeAreaProvider (address at index.android.bundle:1:955840)
03-14 22:22:06.719  6801  6984 E unknown:ReactHost:     at RNGestureHandlerRootView (<anonymous>)
03-14 22:22:06.719  6801  6984 E unknown:ReactHost:     at GestureHandlerRootView (address at index.android.bundle:1:726780)
03-14 22:22:06.719  6801  6984 E unknown:ReactHost:     at App (<anonymous>)
03-14 22:22:06.719  6801  6984 E unknown:ReactHost:     at RCTView (<anonymous>)
03-14 22:22:06.719  6801  6984 E unknown:ReactHost:     at View (address at index.android.bundle:1:148692)
03-14 22:22:06.719  6801  6984 E unknown:ReactHost:     at AppContainer (address at index.android.bundle:1:395561), stack:
03-14 22:22:06.719  6801  6984 E unknown:ReactHost: createFiberFromTypeAndProps@1:288631
03-14 22:22:06.719  6801  6984 E unknown:ReactHost: reconcileChildFibersImpl@1:238360
03-14 22:22:06.719  6801  6984 E unknown:ReactHost: anonymous@1:238528
03-14 22:22:06.719  6801  6984 E unknown:ReactHost: reconcileChildren@1:253641
03-14 22:22:06.719  6801  6984 E unknown:ReactHost: updateFunctionComponent@1:255605
03-14 22:22:06.719  6801  6984 E unknown:ReactHost: beginWork@1:263506
03-14 22:22:06.719  6801  6984 E unknown:ReactHost: performUnitOfWork@1:283404
03-14 22:22:06.719  6801  6984 E unknown:ReactHost: workLoopSync@1:282412
03-14 22:22:06.719  6801  6984 E unknown:ReactHost: renderRootSync@1:282244
03-14 22:22:06.719  6801  6984 E unknown:ReactHost: performWorkOnRoot@1:279819
03-14 22:22:06.719  6801  6984 E unknown:ReactHost: performWorkOnRootViaSchedulerTask@1:231313
03-14 22:22:06.719  6801  6984 E unknown:ReactHost: ")
03-14 22:22:06.719  6801  6984 E unknown:ReactHost: 	at com.facebook.react.runtime.ReactHostImpl.raiseSoftException(ReactHostImpl.kt:861)
03-14 22:22:06.719  6801  6984 E unknown:ReactHost: 	at com.facebook.react.runtime.ReactHostImpl.getOrCreateDestroyTask(ReactHostImpl.kt:1422)
03-14 22:22:06.719  6801  6984 E unknown:ReactHost: 	at com.facebook.react.runtime.ReactHostImpl.destroy$lambda$11(ReactHostImpl.kt:500)
03-14 22:22:06.719  6801  6984 E unknown:ReactHost: 	at com.facebook.react.runtime.ReactHostImpl.$r8$lambda$RqPT6VdmhA-RKBsb9qAdshHTgug(Unknown Source:0)
03-14 22:22:06.719  6801  6984 E unknown:ReactHost: 	at com.facebook.react.runtime.ReactHostImpl$$ExternalSyntheticLambda35.call(D8$$SyntheticClass:0)
03-14 22:22:06.719  6801  6984 E unknown:ReactHost: 	at com.facebook.react.runtime.internal.bolts.Task$Companion.call$lambda$2(Task.kt:319)
03-14 22:22:06.719  6801  6984 E unknown:ReactHost: 	at com.facebook.react.runtime.internal.bolts.Task$Companion.$r8$lambda$MFqd_-X5KhHmu0hvNE2Bec_4mJM(Unknown Source:0)
03-14 22:22:06.719  6801  6984 E unknown:ReactHost: 	at com.facebook.react.runtime.internal.bolts.Task$Companion$$ExternalSyntheticLambda1.run(D8$$SyntheticClass:0)
03-14 22:22:06.719  6801  6984 E unknown:ReactHost: 	at java.util.concurrent.ThreadPoolExecutor.runWorker(ThreadPoolExecutor.java:1145)
03-14 22:22:06.719  6801  6984 E unknown:ReactHost: 	at java.util.concurrent.ThreadPoolExecutor$Worker.run(ThreadPoolExecutor.java:644)
03-14 22:22:06.719  6801  6984 E unknown:ReactHost: 	at java.lang.Thread.run(Thread.java:1012)
03-14 22:22:06.719  6801  6984 E unknown:ReactHost: Caused by: com.facebook.react.common.JavascriptException: Error: Element type is invalid: expected a string (for built-in components) or a class/function (for composite components) but got: object.
03-14 22:22:06.719  6801  6984 E unknown:ReactHost: 
03-14 22:22:06.719  6801  6984 E unknown:ReactHost: This error is located at:
03-14 22:22:06.719  6801  6984 E unknown:ReactHost:     at StaticContainer (address at index.android.bundle:1:927929)
03-14 22:22:06.719  6801  6984 E unknown:ReactHost:     at EnsureSingleNavigator (address at index.android.bundle:1:873788)
03-14 22:22:06.719  6801  6984 E unknown:ReactHost:     at SceneView (address at index.android.bundle:1:925953)
03-14 22:22:06.719  6801  6984 E unknown:ReactHost:     at NavigationProvider (address at index.android.bundle:1:904371)
03-14 22:22:06.719  6801  6984 E unknown:ReactHost:     at RCTView (<anonymous>)
03-14 22:22:06.719  6801  6984 E unknown:ReactHost:     at View (address at index.android.bundle:1:148692)
03-14 22:22:06.719  6801  6984 E unknown:ReactHost:     at RCTView (<anonymous>)
03-14 22:22:06.719  6801  6984 E unknown:ReactHost:     at View (address at index.android.bundle:1:148692)
03-14 22:22:06.719  6801  6984 E unknown:ReactHost:     at Animated(View) (address at index.android.bundle:1:567439)
03-14 22:22:06.719  6801  6984 E unknown:ReactHost:     at Background (address at index.android.bundle:1:968374)
03-14 22:22:06.719  6801  6984 E unknown:ReactHost:     at Screen (address at index.android.bundle:1:1010205)
03-14 22:22:06.719  6801  6984 E unknown:ReactHost:     at RNSScreen (<anonymous>)
03-14 22:22:06.719  6801  6984 E unknown:ReactHost:     at Animated(Anonymous) (address at index.android.bundle:1:567439)
03-14 22:22:06.719  6801  6984 E unknown:ReactHost:     at Suspender (address at index.android.bundle:1:1026365)
03-14 22:22:06.719  6801  6984 E unknown:ReactHost:     at Suspense (<anonymous>)
03-14 22:22:06.719  6801  6984 E unknown:ReactHost:     at Freeze (address at index.android.bundle:1:1026425)
03-14 22:22:06.719  6801  6984 E unknown:ReactHost:     at DelayedFreeze (address at index.android.bundle:1:1026007)
03-14 22:22:06.719  6801  6984 E unknown:ReactHost:     at InnerScreen (address at index.android.bundle:1:1023395)
03-14 22:22:06.719  6801  6984 E unknown:ReactHost:     at anonymous (address at index.android.bundle:1:1025439)
03-14 22:22:06.719  6801  6984 E unknown:ReactHost:     at MaybeScreen (address at index.android.bundle:1:1020046)
03-14 22:22:06.719  6801  6984 E unknown:ReactHost:     at RNSScreenContainer (<anonymous>)
03-14 22:22:06.719  6801  6984 E unknown:ReactHost:     at ScreenContainer (address at index.android.bundle:1:1036269)
03-14 22:22:06.719  6801  6984 E unknown:ReactHost:     at MaybeScreenContainer (address at index.android.bundle:1:1020209)
03-14 22:22:06.719  6801  6984 E unknown:ReactHost:     at RCTView (<anonymous>)
03-14 22:22:06.719  6801  6984 E unknown:ReactHost:     at View (address at index.android.bundle:1:148692)
03-14 22:22:06.719  6801  6984 E unknown:ReactHost:     at FrameSizeProvider (address at index.android.bundle:1:998002)
03-14 22:22:06.720  6801  6984 E unknown:ReactHost:     at SafeAreaProviderCompat (address at index.android.bundle:1:1009413)
03-14 22:22:06.720  6801  6984 E unknown:ReactHost:     at BottomTabView (address at index.android.bundle:1:962842)
03-14 22:22:06.720  6801  6984 E unknown:ReactHost:     at PreventRemoveProvider (address at index.android.bundle:1:906668)
03-14 22:22:06.720  6801  6984 E unknown:ReactHost:     at NavigationStateListenerProvider (address at index.android.bundle:1:933250)
03-14 22:22:06.720  6801  6984 E unknown:ReactHost:     at NavigationContent (address at index.android.bundle:1:923171)
03-14 22:22:06.720  6801  6984 E unknown:ReactHost:     at anonymous (address at index.android.bundle:1:923074)
03-14 22:22:06.720  6801  6984 E unknown:ReactHost:     at BottomTabNavigator (address at index.android.bundle:1:961923)
03-14 22:22:06.720  6801  6984 E unknown:ReactHost:     at TabNavigator (<anonymous>)
03-14 22:22:06.720  6801  6984 E unknown:ReactHost:     at StaticContainer (address at index.android.bundle:1:927929)
03-14 22:22:06.720  6801  6984 E unknown:ReactHost:     at EnsureSingleNavigator (address at index.android.bundle:1:873788)
03-14 22:22:06.720  6801  6984 E unknown:ReactHost:     at SceneView (address at index.android.bundle:1:925953)
03-14 22:22:06.720  6801  6984 E unknown:ReactHost:     at NavigationProvider (address at index.android.bundle:1:904371)
03-14 22:22:06.720  6801  6984 E unknown:ReactHost:     at RNSScreenContentWrapper (<anonymous>)
03-14 22:22:06.720  6801  6984 E unknown:ReactHost:     at ScreenContentWrapper (<anonymous>)
03-14 22:22:06.720  6801  6984 E unknown:ReactHost:     at DebugContainer (address at index.android.bundle:1:1040184)
03-14 22:22:06.720  6801  6984 E unknown:ReactHost:     at RNSScreen (<anonymous>)
03-14 22:22:06.720  6801  6984 E unknown:ReactHost:     at Animated(Anonymous) (address at index.android.bundle:1:567439)
03-14 22:22:06.720  6801  6984 E unknown:ReactHost:     at Suspender (address at index.android.bundle:1:1026365)
03-14 22:22:06.720  6801  6984 E unknown:ReactHost:     at Suspense (<anonymous>)
03-14 22:22:06.720  6801  6984 E unknown:ReactHost:     at Freeze (address at index.android.bundle:1:1026425)
03-14 22:22:06.720  6801  6984 E unknown:ReactHost:     at DelayedFreeze (address at index.android.bundle:1:1026007)
03-14 22:22:06.720  6801  6984 E unknown:ReactHost:     at InnerScreen (address at index.android.bundle:1:1023395)
03-14 22:22:06.720  6801  6984 E unknown:ReactHost:     at anonymous (address at index.android.bundle:1:1025439)
03-14 22:22:06.720  6801  6984 E unknown:ReactHost:     at ScreenStackItem (address at index.android.bundle:1:1038934)
03-14 22:22:06.720  6801  6984 E unknown:ReactHost:     at NavigationProvider (address at index.android.bundle:1:904371)
03-14 22:22:06.720  6801  6984 E unknown:ReactHost:     at SceneView (address at index.android.bundle:1:1052468)
03-14 22:22:06.720  6801  6984 E unknown:ReactHost:     at RNSScreenStack (<anonymous>)
03-14 22:22:06.720  6801  6984 E unknown:ReactHost:     at anonymous (address at index.android.bundle:1:1038026)
03-14 22:22:06.720  6801  6984 E unknown:ReactHost:     at ScreenStack (address at index.android.bundle:1:1037187)
03-14 22:22:06.720  6801  6984 E unknown:ReactHost:     at RCTView (<anonymous>)
03-14 22:22:06.720  6801  6984 E unknown:ReactHost:     at View (address at index.android.bundle:1:148692)
03-14 22:22:06.720  6801  6984 E unknown:ReactHost:     at FrameSizeProvider (address at index.android.bundle:1:998002)
03-14 22:22:06.720  6801  6984 E unknown:ReactHost:     at SafeAreaProviderCompat (address at index.android.bundle:1:1009413)
03-14 22:22:06.720  6801  6984 E unknown:ReactHost:     at NativeStackView (address at index.android.bundle:1:1051030)
03-14 22:22:06.720  6801  6984 E unknown:ReactHost:     at PreventRemoveProvider (address at index.android.bundle:1:906668)
03-14 22:22:06.720  6801  6984 E unknown:ReactHost:     at NavigationStateListenerProvider (address at index.android.bundle:1:933250)
03-14 22:22:06.720  6801  6984 E unknown:ReactHost:     at NavigationContent (address at index.android.bundle:1:923171)
03-14 22:22:06.720  6801  6984 E unknown:ReactHost:     at anonymous (address at index.android.bundle:1:923074)
03-14 22:22:06.720  6801  6984 E unknown:ReactHost:     at NativeStackNavigator (address at index.android.bundle:1:1049756)
03-14 22:22:06.720  6801  6984 E unknown:ReactHost:     at RootNavigator (<anonymous>)
03-14 22:22:06.720  6801  6984 E unknown:ReactHost:     at ThemeProvider (address at index.android.bundle:1:875944)
03-14 22:22:06.720  6801  6984 E unknown:ReactHost:     at EnsureSingleNavigator (address at index.android.bundle:1:873788)
03-14 22:22:06.720  6801  6984 E unknown:ReactHost:     at BaseNavigationContainer (address at index.android.bundle:1:852528)
03-14 22:22:06.720  6801  6984 E unknown:ReactHost:     at NavigationContainerInner (address at index.android.bundle:1:941094)
03-14 22:22:06.720  6801  6984 E unknown:ReactHost:     at DatabaseProvider (address at index.android.bundle:1:1073278)
03-14 22:22:06.720  6801  6984 E unknown:ReactHost:     at RNCSafeAreaProvider (<anonymous>)
03-14 22:22:06.720  6801  6984 E unknown:ReactHost:     at SafeAreaProvider (address at index.android.bundle:1:955840)
03-14 22:22:06.720  6801  6984 E unknown:ReactHost:     at RNGestureHandlerRootView (<anonymous>)
03-14 22:22:06.720  6801  6984 E unknown:ReactHost:     at GestureHandlerRootView (address at index.android.bundle:1:726780)
03-14 22:22:06.720  6801  6984 E unknown:ReactHost:     at App (<anonymous>)
03-14 22:22:06.720  6801  6984 E unknown:ReactHost:     at RCTView (<anonymous>)
03-14 22:22:06.720  6801  6984 E unknown:ReactHost:     at View (address at index.android.bundle:1:148692)
03-14 22:22:06.720  6801  6984 E unknown:ReactHost:     at AppContainer (address at index.android.bundle:1:395561), stack:
03-14 22:22:06.720  6801  6984 E unknown:ReactHost: createFiberFromTypeAndProps@1:288631
03-14 22:22:06.720  6801  6984 E unknown:ReactHost: reconcileChildFibersImpl@1:238360
03-14 22:22:06.720  6801  6984 E unknown:ReactHost: anonymous@1:238528
03-14 22:22:06.720  6801  6984 E unknown:ReactHost: reconcileChildren@1:253641
03-14 22:22:06.720  6801  6984 E unknown:ReactHost: updateFunctionComponent@1:255605
03-14 22:22:06.720  6801  6984 E unknown:ReactHost: beginWork@1:263506
03-14 22:22:06.720  6801  6984 E unknown:ReactHost: performUnitOfWork@1:283404
03-14 22:22:06.720  6801  6984 E unknown:ReactHost: workLoopSync@1:282412
03-14 22:22:06.720  6801  6984 E unknown:ReactHost: renderRootSync@1:282244
03-14 22:22:06.720  6801  6984 E unknown:ReactHost: performWorkOnRoot@1:279819
03-14 22:22:06.720  6801  6984 E unknown:ReactHost: performWorkOnRootViaSchedulerTask@1:231313
03-14 22:22:06.720  6801  6984 E unknown:ReactHost: 
03-14 22:22:06.720  6801  6984 E unknown:ReactHost: 	at com.facebook.react.modules.core.ExceptionsManagerModule.reportException(ExceptionsManagerModule.kt:52)
03-14 22:22:06.720  6801  6984 E unknown:ReactHost: 	at com.facebook.jni.NativeRunnable.run(Native Method)
03-14 22:22:06.720  6801  6984 E unknown:ReactHost: 	at android.os.Handler.handleCallback(Handler.java:959)
03-14 22:22:06.720  6801  6984 E unknown:ReactHost: 	at android.os.Handler.dispatchMessage(Handler.java:100)
03-14 22:22:06.720  6801  6984 E unknown:ReactHost: 	at com.facebook.react.bridge.queue.MessageQueueThreadHandler.dispatchMessage(MessageQueueThreadHandler.kt:21)
03-14 22:22:06.720  6801  6984 E unknown:ReactHost: 	at android.os.Looper.loopOnce(Looper.java:232)
03-14 22:22:06.720  6801  6984 E unknown:ReactHost: 	at android.os.Looper.loop(Looper.java:317)
03-14 22:22:06.720  6801  6984 E unknown:ReactHost: 	at com.facebook.react.bridge.queue.MessageQueueThreadImpl$Companion.startNewBackgroundThread$lambda$0(MessageQueueThreadImpl.kt:152)
03-14 22:22:06.720  6801  6984 E unknown:ReactHost: 	at com.facebook.react.bridge.queue.MessageQueueThreadImpl$Companion.$r8$lambda$YYXYCFexeoKtAeDpeNYkxZZlpbA(Unknown Source:0)
03-14 22:22:06.720  6801  6984 E unknown:ReactHost: 	at com.facebook.react.bridge.queue.MessageQueueThreadImpl$Companion$$ExternalSyntheticLambda0.run(D8$$SyntheticClass:0)
03-14 22:22:06.720  6801  6984 E unknown:ReactHost: 	... 1 more
03-14 22:22:06.720  6801  6984 W unknown:BridgelessReact: ReactHost{0}.getOrCreateDestroyTask(): Resetting createReactInstance task ref
03-14 22:22:06.768  6801  6801 W unknown:BridgelessReact: ReactHost{0}.getOrCreateDestroyTask(): Starting React Native destruction
03-14 22:22:06.769  6801  6801 W unknown:BridgelessReact: ReactHost{0}.getOrCreateDestroyTask(): DevSupportManager cleanup
03-14 22:22:06.769  6801  6801 W unknown:BridgelessReact: ReactHost{0}.getOrCreateDestroyTask(): Move ReactHost to onHostDestroy()
03-14 22:22:06.769  6801  6801 W unknown:BridgelessReact: ReactHost{0}.ReactContext.onHostPause()
03-14 22:22:06.769  6801  6801 W unknown:BridgelessReact: ReactHost{0}.ReactContext.onHostDestroy()
03-14 22:22:06.789  6801  6801 E unknown:ReactNative: Tried to remove non-existent frame callback
03-14 22:22:06.790  6801  6984 W unknown:BridgelessReact: ReactHost{0}.getOrCreateDestroyTask(): Stopping all React Native surfaces
03-14 22:22:06.790  6801  6984 E unknown:SurfaceMountingManager: Stopping surface [1]
03-14 22:22:07.068  6801  6801 E unknown:SurfaceMountingManager: Surface [1] was stopped on SurfaceMountingManager.
03-14 22:22:07.069  6801  6801 W unknown:BridgelessReact: ReactHost{0}.getOrCreateDestroyTask(): Destroying MemoryPressureRouter
03-14 22:22:07.069  6801  6801 W unknown:BridgelessReact: ReactHost{0}.getOrCreateDestroyTask(): Resetting ReactContext ref
03-14 22:22:07.069  6801  6801 W unknown:BridgelessReact: ReactHost{0}.getOrCreateDestroyTask(): Destroying ReactContext
03-14 22:22:07.070  6801  6984 W unknown:BridgelessReact: ReactHost{0}.getOrCreateDestroyTask(): Resetting ReactInstance ptr
03-14 22:22:07.070  6801  6984 W unknown:BridgelessReact: ReactHost{0}.getOrCreateDestroyTask(): Destroying ReactInstance
03-14 22:22:07.071  6801  6801 W unknown:BridgelessReact: ReactHost{0}.raiseSoftException(onWindowFocusChange(hasFocus = "false")): Tried to access onWindowFocusChange while context is not ready
03-14 22:22:07.072  6801  6984 I ExpoModulesCore: ✅ ModuleRegistry was destroyed
03-14 22:22:07.072  6801  6984 I ExpoModulesCore: ✅ AppContext was destroyed
03-14 22:22:07.072  6801  6984 I ExpoModulesCore: ✅ KotlinInteropModuleRegistry was destroyed
03-14 22:22:07.074  6801  6984 E unknown:ReactNative: Tried to remove non-existent frame callback
03-14 22:22:07.083  6801  6801 E unknown:ReactHost: Unhandled SoftException
03-14 22:22:07.083  6801  6801 E unknown:ReactHost: com.facebook.react.bridge.ReactNoCrashSoftException: raiseSoftException(onWindowFocusChange(hasFocus = "false")): Tried to access onWindowFocusChange while context is not ready
03-14 22:22:07.083  6801  6801 E unknown:ReactHost: 	at com.facebook.react.runtime.ReactHostImpl.raiseSoftException(ReactHostImpl.kt:861)
03-14 22:22:07.083  6801  6801 E unknown:ReactHost: 	at com.facebook.react.runtime.ReactHostImpl.raiseSoftException$default(ReactHostImpl.kt:852)
03-14 22:22:07.083  6801  6801 E unknown:ReactHost: 	at com.facebook.react.runtime.ReactHostImpl.onWindowFocusChange(ReactHostImpl.kt:625)
03-14 22:22:07.083  6801  6801 E unknown:ReactHost: 	at com.facebook.react.ReactDelegate.onWindowFocusChanged(ReactDelegate.kt:232)
03-14 22:22:07.083  6801  6801 E unknown:ReactHost: 	at com.facebook.react.ReactActivityDelegate.onWindowFocusChanged(ReactActivityDelegate.java:237)
03-14 22:22:07.083  6801  6801 E unknown:ReactHost: 	at expo.modules.ReactActivityDelegateWrapper$onWindowFocusChanged$1.invokeSuspend(ReactActivityDelegateWrapper.kt:320)
03-14 22:22:07.083  6801  6801 E unknown:ReactHost: 	at expo.modules.ReactActivityDelegateWrapper$onWindowFocusChanged$1.invoke(Unknown Source:8)
03-14 22:22:07.083  6801  6801 E unknown:ReactHost: 	at expo.modules.ReactActivityDelegateWrapper$onWindowFocusChanged$1.invoke(Unknown Source:4)
03-14 22:22:07.083  6801  6801 E unknown:ReactHost: 	at expo.modules.ReactActivityDelegateWrapper$launchLifecycleScopeWithLock$1.invokeSuspend(ReactActivityDelegateWrapper.kt:452)
03-14 22:22:07.083  6801  6801 E unknown:ReactHost: 	at kotlin.coroutines.jvm.internal.BaseContinuationImpl.resumeWith(ContinuationImpl.kt:33)
03-14 22:22:07.083  6801  6801 E unknown:ReactHost: 	at kotlinx.coroutines.internal.DispatchedContinuationKt.resumeCancellableWith(DispatchedContinuation.kt:375)
03-14 22:22:07.083  6801  6801 E unknown:ReactHost: 	at kotlinx.coroutines.intrinsics.CancellableKt.startCoroutineCancellable(Cancellable.kt:26)
03-14 22:22:07.083  6801  6801 E unknown:ReactHost: 	at kotlinx.coroutines.CoroutineStart.invoke(CoroutineStart.kt:358)
03-14 22:22:07.083  6801  6801 E unknown:ReactHost: 	at kotlinx.coroutines.AbstractCoroutine.start(AbstractCoroutine.kt:134)
03-14 22:22:07.083  6801  6801 E unknown:ReactHost: 	at kotlinx.coroutines.BuildersKt__Builders_commonKt.launch(Builders.common.kt:53)
03-14 22:22:07.083  6801  6801 E unknown:ReactHost: 	at kotlinx.coroutines.BuildersKt.launch(Unknown Source:1)
03-14 22:22:07.083  6801  6801 E unknown:ReactHost: 	at kotlinx.coroutines.BuildersKt__Builders_commonKt.launch$default(Builders.common.kt:44)
03-14 22:22:07.083  6801  6801 E unknown:ReactHost: 	at kotlinx.coroutines.BuildersKt.launch$default(Unknown Source:1)
03-14 22:22:07.083  6801  6801 E unknown:ReactHost: 	at expo.modules.ReactActivityDelegateWrapper.launchLifecycleScopeWithLock(ReactActivityDelegateWrapper.kt:450)
03-14 22:22:07.083  6801  6801 E unknown:ReactHost: 	at expo.modules.ReactActivityDelegateWrapper.launchLifecycleScopeWithLock$default(ReactActivityDelegateWrapper.kt:446)
03-14 22:22:07.083  6801  6801 E unknown:ReactHost: 	at expo.modules.ReactActivityDelegateWrapper.onWindowFocusChanged(ReactActivityDelegateWrapper.kt:318)
03-14 22:22:07.083  6801  6801 E unknown:ReactHost: 	at com.facebook.react.ReactActivity.onWindowFocusChanged(ReactActivity.java:158)
03-14 22:22:07.083  6801  6801 E unknown:ReactHost: 	at androidx.appcompat.view.WindowCallbackWrapper.onWindowFocusChanged(WindowCallbackWrapper.java:124)
03-14 22:22:07.083  6801  6801 E unknown:ReactHost: 	at com.android.internal.policy.DecorView.onWindowFocusChanged(DecorView.java:1772)
03-14 22:22:07.083  6801  6801 E unknown:ReactHost: 	at android.view.View.dispatchWindowFocusChanged(View.java:16743)
03-14 22:22:07.083  6801  6801 E unknown:ReactHost: 	at android.view.ViewGroup.dispatchWindowFocusChanged(ViewGroup.java:1505)
03-14 22:22:07.083  6801  6801 E unknown:ReactHost: 	at android.view.ViewRootImpl.dispatchFocusEvent(ViewRootImpl.java:4697)
03-14 22:22:07.083  6801  6801 E unknown:ReactHost: 	at android.view.ViewRootImpl.handleWindowFocusChanged(ViewRootImpl.java:4601)
03-14 22:22:07.083  6801  6801 E unknown:ReactHost: 	at android.view.ViewRootImpl.-$$Nest$mhandleWindowFocusChanged(Unknown Source:0)
03-14 22:22:07.083  6801  6801 E unknown:ReactHost: 	at android.view.ViewRootImpl$ViewRootHandler.handleMessageImpl(ViewRootImpl.java:6773)
03-14 22:22:07.083  6801  6801 E unknown:ReactHost: 	at android.view.ViewRootImpl$ViewRootHandler.handleMessage(ViewRootImpl.java:6683)
03-14 22:22:07.083  6801  6801 E unknown:ReactHost: 	at android.os.Handler.dispatchMessage(Handler.java:107)
03-14 22:22:07.083  6801  6801 E unknown:ReactHost: 	at androidx.test.espresso.base.TestLooperManagerCompat.execute(TestLooperManagerCompat.java:121)
03-14 22:22:07.083  6801  6801 E unknown:ReactHost: 	at androidx.test.espresso.base.Interrogator.loopAndInterrogate(Interrogator.java:128)
03-14 22:22:07.083  6801  6801 E unknown:ReactHost: 	at androidx.test.espresso.base.UiControllerImpl.loopUntil(UiControllerImpl.java:513)
03-14 22:22:07.083  6801  6801 E unknown:ReactHost: 	at androidx.test.espresso.base.UiControllerImpl.loopUntil(UiControllerImpl.java:469)
03-14 22:22:07.083  6801  6801 E unknown:ReactHost: 	at androidx.test.espresso.base.UiControllerImpl.loopMainThreadForAtLeast(UiControllerImpl.java:453)
03-14 22:22:07.083  6801  6801 E unknown:ReactHost: 	at java.lang.reflect.Method.invoke(Native Method)
03-14 22:22:07.083  6801  6801 E unknown:ReactHost: 	at org.joor.Reflect.on(Reflect.java:723)
03-14 22:22:07.083  6801  6801 E unknown:ReactHost: 	at org.joor.Reflect.call(Reflect.java:427)
03-14 22:22:07.083  6801  6801 E unknown:ReactHost: 	at com.wix.detox.espresso.UiAutomatorHelper$2.run(UiAutomatorHelper.java:65)
03-14 22:22:07.083  6801  6801 E unknown:ReactHost: 	at com.wix.detox.common.UIThread.postSync$lambda$0(UIThread.kt:19)
03-14 22:22:07.083  6801  6801 E unknown:ReactHost: 	at com.wix.detox.common.UIThread.$r8$lambda$R08BlATL_0AH1N9PF55crR9gBNo(Unknown Source:0)
03-14 22:22:07.083  6801  6801 E unknown:ReactHost: 	at com.wix.detox.common.UIThread$$ExternalSyntheticLambda0.call(D8$$SyntheticClass:0)
03-14 22:22:07.083  6801  6801 E unknown:ReactHost: 	at java.util.concurrent.FutureTask.run(FutureTask.java:264)
03-14 22:22:07.083  6801  6801 E unknown:ReactHost: 	at android.os.Handler.handleCallback(Handler.java:959)
03-14 22:22:07.083  6801  6801 E unknown:ReactHost: 	at android.os.Handler.dispatchMessage(Handler.java:100)
03-14 22:22:07.083  6801  6801 E unknown:ReactHost: 	at android.os.Looper.loopOnce(Looper.java:232)
03-14 22:22:07.083  6801  6801 E unknown:ReactHost: 	at android.os.Looper.loop(Looper.java:317)
03-14 22:22:07.083  6801  6801 E unknown:ReactHost: 	at android.app.ActivityThread.main(ActivityThread.java:8705)
03-14 22:22:07.083  6801  6801 E unknown:ReactHost: 	at java.lang.reflect.Method.invoke(Native Method)
03-14 22:22:07.083  6801  6801 E unknown:ReactHost: 	at com.android.internal.os.RuntimeInit$MethodAndArgsCaller.run(RuntimeInit.java:580)
03-14 22:22:07.083  6801  6801 E unknown:ReactHost: 	at com.android.internal.os.ZygoteInit.main(ZygoteInit.java:886)
03-14 22:22:07.092  6801  6801 D RootViewPicker: Root not ready - waiting: 10ms for one to appear.
03-14 22:22:07.096  6801  6984 W unknown:ReactNative: Tried to enqueue runnable on already finished thread: 'v_native... dropping Runnable.
03-14 22:22:07.097  6801  6984 W unknown:ReactNative: Tried to enqueue runnable on already finished thread: 'v_native... dropping Runnable.
03-14 22:22:07.097  6801  6984 W unknown:ReactNative: Tried to enqueue runnable on already finished thread: 'v_native... dropping Runnable.
03-14 22:22:07.097  6801  6984 W unknown:ReactNative: Tried to enqueue runnable on already finished thread: 'v_native... dropping Runnable.
03-14 22:22:07.097  6801  6984 W unknown:ReactNative: Tried to enqueue runnable on already finished thread: 'v_native... dropping Runnable.
03-14 22:22:07.097  6801  6984 W unknown:ReactNative: Tried to enqueue runnable on already finished thread: 'v_native... dropping Runnable.
03-14 22:22:07.097  6801  6984 W unknown:ReactNative: Tried to enqueue runnable on already finished thread: 'v_native... dropping Runnable.
03-14 22:22:07.097  6801  6984 W unknown:ReactNative: Tried to enqueue runnable on already finished thread: 'v_native... dropping Runnable.
03-14 22:22:07.097  6801  6984 W unknown:ReactNative: Tried to enqueue runnable on already finished thread: 'v_native... dropping Runnable.
03-14 22:22:07.098  6801  6984 W unknown:ReactNative: Tried to enqueue runnable on already finished thread: 'v_native... dropping Runnable.
03-14 22:22:07.098  6801  6984 W unknown:ReactNative: Tried to enqueue runnable on already finished thread: 'v_native... dropping Runnable.
03-14 22:22:07.098  6801  6984 W unknown:ReactNative: Tried to enqueue runnable on already finished thread: 'v_native... dropping Runnable.
03-14 22:22:07.103  6801  6801 D RootViewPicker: Root not ready - waiting: 25ms for one to appear.
03-14 22:22:07.104  6801  6984 W unknown:BridgelessReact: ReactHost{0}.getOrCreateDestroyTask(): Resetting start/destroy task ref
03-14 22:22:07.135  6801  6801 D RootViewPicker: Root not ready - waiting: 50ms for one to appear.
03-14 22:22:07.185  6801  6801 D RootViewPicker: Root not ready - waiting: 100ms for one to appear.
03-14 22:22:07.285  6801  6801 D RootViewPicker: Root not ready - waiting: 200ms for one to appear.
03-14 22:22:07.486  6801  6801 D RootViewPicker: Root not ready - waiting: 400ms for one to appear.
03-14 22:22:07.886  6801  6801 D RootViewPicker: Root not ready - waiting: 800ms for one to appear.
03-14 22:22:08.402  6801  6962 D EGL_emulation: app_time_stats: avg=446.55ms min=12.97ms max=1252.81ms count=3
03-14 22:22:08.452  6801  6981 D TrafficStats: tagSocket(162) with statsTag=0xffffffff, statsUid=-1
03-14 22:22:08.621  6801  7138 D ProfileInstaller: Installing profile for com.mcfuzzysquirrel.studentfinance
03-14 22:22:08.714  6801  6801 D RootViewPicker: Root not ready - waiting: 1000ms for one to appear.
03-14 22:22:09.714  6801  6801 D RootViewPicker: Root not ready - waiting: 1000ms for one to appear.
03-14 22:22:10.466  6801  6981 D TrafficStats: tagSocket(6) with statsTag=0xffffffff, statsUid=-1
03-14 22:22:10.715  6801  6801 D RootViewPicker: Root not ready - waiting: 1000ms for one to appear.
03-14 22:22:11.716  6801  6801 D RootViewPicker: Root not ready - waiting: 1000ms for one to appear.
03-14 22:22:12.472  6801  6981 D TrafficStats: tagSocket(6) with statsTag=0xffffffff, statsUid=-1
03-14 22:22:12.717  6801  6801 D RootViewPicker: Root not ready - waiting: 1000ms for one to appear.
03-14 22:22:13.717  6801  6801 D RootViewPicker: Root not ready - waiting: 1000ms for one to appear.
03-14 22:22:14.481  6801  6981 D TrafficStats: tagSocket(6) with statsTag=0xffffffff, statsUid=-1
03-14 22:22:14.719  6801  6801 D RootViewPicker: Root not ready - waiting: 1000ms for one to appear.
03-14 22:22:15.219  6801  6956 D DetoxWSClient: Received action 'currentStatus' (ID #8, params={})
03-14 22:22:15.219  6801  6953 I DetoxDispatcher: Handling action 'currentStatus' (ID #8)...
03-14 22:22:15.223  6801  6953 I DetoxWSClient: Sending out action 'currentStatusResult' (ID #8)
03-14 22:22:15.223  6801  6953 I DetoxDispatcher: Done with action 'currentStatus'
03-14 22:22:15.719  6801  6801 D RootViewPicker: Root not ready - waiting: 1000ms for one to appear.
03-14 22:22:16.487  6801  6981 D TrafficStats: tagSocket(6) with statsTag=0xffffffff, statsUid=-1
03-14 22:22:16.721  6801  6801 D RootViewPicker: Root not ready - waiting: 1000ms for one to appear.
03-14 22:22:17.735  6801  6952 I DetoxActionHandlers: Test exception
03-14 22:22:17.735  6801  6952 I DetoxActionHandlers: java.lang.reflect.InvocationTargetException
03-14 22:22:17.735  6801  6952 I DetoxActionHandlers: 	at java.lang.reflect.Method.invoke(Native Method)
03-14 22:22:17.735  6801  6952 I DetoxActionHandlers: 	at org.apache.commons.lang3.reflect.MethodUtils.invokeStaticMethod(MethodUtils.java:443)
03-14 22:22:17.735  6801  6952 I DetoxActionHandlers: 	at org.apache.commons.lang3.reflect.MethodUtils.invokeStaticMethod(MethodUtils.java:405)
03-14 22:22:17.735  6801  6952 I DetoxActionHandlers: 	at com.wix.invoke.types.ClassTarget.execute(ClassTarget.java:23)
03-14 22:22:17.735  6801  6952 I DetoxActionHandlers: 	at com.wix.invoke.types.Target.invoke(Target.java:59)
03-14 22:22:17.735  6801  6952 I DetoxActionHandlers: 	at com.wix.invoke.MethodInvocation.invoke(MethodInvocation.java:35)
03-14 22:22:17.735  6801  6952 I DetoxActionHandlers: 	at com.wix.invoke.MethodInvocation.invoke(MethodInvocation.java:26)
03-14 22:22:17.735  6801  6952 I DetoxActionHandlers: 	at com.wix.invoke.MethodInvocation.invoke(MethodInvocation.java:20)
03-14 22:22:17.735  6801  6952 I DetoxActionHandlers: 	at com.wix.detox.adapters.server.InvokeActionHandler.handle(DetoxActionHandlers.kt:54)
03-14 22:22:17.735  6801  6952 I DetoxActionHandlers: 	at com.wix.detox.adapters.server.ActionsExecutor.executeAction$lambda$2$lambda$1(DetoxActionsDispatcher.kt:76)
03-14 22:22:17.735  6801  6952 I DetoxActionHandlers: 	at com.wix.detox.adapters.server.ActionsExecutor.$r8$lambda$GVbB7LHtBHxNHGbgYnHJ6YrwCqs(Unknown Source:0)
03-14 22:22:17.735  6801  6952 I DetoxActionHandlers: 	at com.wix.detox.adapters.server.ActionsExecutor$$ExternalSyntheticLambda0.run(D8$$SyntheticClass:0)
03-14 22:22:17.735  6801  6952 I DetoxActionHandlers: 	at android.os.Handler.handleCallback(Handler.java:959)
03-14 22:22:17.735  6801  6952 I DetoxActionHandlers: 	at android.os.Handler.dispatchMessage(Handler.java:100)
03-14 22:22:17.735  6801  6952 I DetoxActionHandlers: 	at android.os.Looper.loopOnce(Looper.java:232)
03-14 22:22:17.735  6801  6952 I DetoxActionHandlers: 	at android.os.Looper.loop(Looper.java:317)
03-14 22:22:17.735  6801  6952 I DetoxActionHandlers: 	at com.wix.detox.adapters.server.ActionsExecutor._init_$lambda$0(DetoxActionsDispatcher.kt:62)
03-14 22:22:17.735  6801  6952 I DetoxActionHandlers: 	at com.wix.detox.adapters.server.ActionsExecutor.$r8$lambda$xlgL0CQim6vNM0wWEqM8JIDgZUE(Unknown Source:0)
03-14 22:22:17.735  6801  6952 I DetoxActionHandlers: 	at com.wix.detox.adapters.server.ActionsExecutor$$ExternalSyntheticLambda1.run(D8$$SyntheticClass:0)
03-14 22:22:17.735  6801  6952 I DetoxActionHandlers: 	at java.lang.Thread.run(Thread.java:1012)
03-14 22:22:17.735  6801  6952 I DetoxActionHandlers: Caused by: androidx.test.espresso.base.RootViewPicker$RootViewWithoutFocusException: Waited for the root of the view hierarchy to have window focus and not request layout for 10 seconds. If you specified a non default root matcher, it may be picking a root that never takes focus. Root:
03-14 22:22:17.735  6801  6952 I DetoxActionHandlers: Root{application-window-token=android.view.ViewRootImpl$W@eb0f2c3, window-token=android.view.ViewRootImpl$W@eb0f2c3, has-window-focus=false, layout-params-type=1, layout-params-string={(0,0)(fillxfill) sim={adjust=resize} layoutInDisplayCutoutMode=always ty=BASE_APPLICATION wanim=0x1030309
03-14 22:22:17.735  6801  6952 I DetoxActionHandlers:   fl=LAYOUT_IN_SCREEN LAYOUT_INSET_DECOR SPLIT_TOUCH HARDWARE_ACCELERATED DRAWS_SYSTEM_BAR_BACKGROUNDS
03-14 22:22:17.735  6801  6952 I DetoxActionHandlers:   pfl=NO_MOVE_ANIMATION EDGE_TO_EDGE_ENFORCED FORCE_DRAW_STATUS_BAR_BACKGROUND FIT_INSETS_CONTROLLED
03-14 22:22:17.735  6801  6952 I DetoxActionHandlers:   bhv=DEFAULT
03-14 22:22:17.735  6801  6952 I DetoxActionHandlers:   fitSides=
03-14 22:22:17.735  6801  6952 I DetoxActionHandlers:   frameRateBoostOnTouch=true
03-14 22:22:17.735  6801  6952 I DetoxActionHandlers:   dvrrWindowFrameRateHint=true}, decor-view-string=DecorView{id=-1, visibility=VISIBLE, width=1080, height=2400, has-focus=false, has-focusable=false, has-window-focus=false, is-clickable=false, is-enabled=true, is-focused=false, is-focusable=false, is-layout-requested=false, is-selected=false, layout-params={(0,0)(fillxfill) sim={adjust=resize} layoutInDisplayCutoutMode=always ty=BASE_APPLICATION wanim=0x1030309
03-14 22:22:17.735  6801  6952 I DetoxActionHandlers:   fl=LAYOUT_IN_SCREEN LAYOUT_INSET_DECOR SPLIT_TOUCH HARDWARE_ACCELERATED DRAWS_SYSTEM_BAR_BACKGROUNDS
03-14 22:22:17.735  6801  6952 I DetoxActionHandlers:   pfl=NO_MOVE_ANIMATION EDGE_TO_EDGE_ENFORCED FORCE_DRAW_STATUS_BAR_BACKGROUND FIT_INSETS_CONTROLLED
03-14 22:22:17.735  6801  6952 I DetoxActionHandlers:   bhv=DEFAULT
03-14 22:22:17.735  6801  6952 I DetoxActionHandlers:   fitSides=
03-14 22:22:17.735  6801  6952 I DetoxActionHandlers:   frameRateBoostOnTouch=true
03-14 22:22:17.735  6801  6952 I DetoxActionHandlers:   dvrrWindowFrameRateHint=true}, tag=null, root-is-layout-requested=false, has-input-connection=false, x=0.0, y=0.0, child-count=1}}
03-14 22:22:17.735  6801  6952 I DetoxActionHandlers: 	at androidx.test.espresso.base.RootViewPicker.waitForRootTo