--------- beginning of main
03-14 22:22:00.198  6801  6801 W ziparchive: Unable to open '/data/app/~~6XK6r8rcT6Xy3dmd6zCA2g==/com.mcfuzzysquirrel.studentfinance-e6TL2QNayJvaVmbb23ERbw==/base.dm': No such file or directory
03-14 22:22:00.198  6801  6801 W ziparchive: Unable to open '/data/app/~~6XK6r8rcT6Xy3dmd6zCA2g==/com.mcfuzzysquirrel.studentfinance-e6TL2QNayJvaVmbb23ERbw==/base.dm': No such file or directory
03-14 22:22:01.320  6801  6801 D nativeloader: Configuring clns-7 for other apk /system/framework/android.test.runner.jar:/system/framework/android.test.mock.jar:/system/framework/android.test.base.jar:/data/app/~~9o_ymyW4LoL2TyI4HgxlJA==/com.mcfuzzysquirrel.studentfinance.test-HoleTmH_8bLEFbKDLZRc1w==/base.apk:/data/app/~~6XK6r8rcT6Xy3dmd6zCA2g==/com.mcfuzzysquirrel.studentfinance-e6TL2QNayJvaVmbb23ERbw==/base.apk. target_sdk_version=36, uses_libraries=, library_path=/data/app/~~9o_ymyW4LoL2TyI4HgxlJA==/com.mcfuzzysquirrel.studentfinance.test-HoleTmH_8bLEFbKDLZRc1w==/lib/x86_64:/data/app/~~6XK6r8rcT6Xy3dmd6zCA2g==/com.mcfuzzysquirrel.studentfinance-e6TL2QNayJvaVmbb23ERbw==/lib/x86_64:/data/app/~~9o_ymyW4LoL2TyI4HgxlJA==/com.mcfuzzysquirrel.studentfinance.test-HoleTmH_8bLEFbKDLZRc1w==/base.apk!/lib/x86_64:/data/app/~~6XK6r8rcT6Xy3dmd6zCA2g==/com.mcfuzzysquirrel.studentfinance-e6TL2QNayJvaVmbb23ERbw==/base.apk!/lib/x86_64, permitted_path=/data:/mnt/expand:/data/user/0/com.mcfuzzysquirrel.studentfinance
03-14 22:22:01.329  6801  6801 V GraphicsEnvironment: Currently set values for:
03-14 22:22:01.329  6801  6801 V GraphicsEnvironment:   angle_gl_driver_selection_pkgs=[]
03-14 22:22:01.329  6801  6801 V GraphicsEnvironment:   angle_gl_driver_selection_values=[]
03-14 22:22:01.329  6801  6801 V GraphicsEnvironment: Global.Settings values are invalid: number of packages: 0, number of values: 0
03-14 22:22:01.329  6801  6801 V GraphicsEnvironment: Neither updatable production driver nor prerelease driver is supported.
03-14 22:22:01.384  6801  6801 D ApplicationLoaders: Returning zygote-cached class loader: /system/framework/android.test.base.jar
03-14 22:22:01.415  6801  6801 D nativeloader: Configuring clns-8 for other apk /system/framework/android.test.mock.jar. target_sdk_version=36, uses_libraries=ALL, library_path=/data/app/~~9o_ymyW4LoL2TyI4HgxlJA==/com.mcfuzzysquirrel.studentfinance.test-HoleTmH_8bLEFbKDLZRc1w==/lib/x86_64:/data/app/~~6XK6r8rcT6Xy3dmd6zCA2g==/com.mcfuzzysquirrel.studentfinance-e6TL2QNayJvaVmbb23ERbw==/lib/x86_64, permitted_path=/data:/mnt/expand
03-14 22:22:01.420  6801  6801 D ApplicationLoaders: Returning zygote-cached class loader: /system/framework/android.test.base.jar
03-14 22:22:01.422  6801  6801 D nativeloader: Configuring clns-9 for other apk /system/framework/android.test.runner.jar. target_sdk_version=36, uses_libraries=ALL, library_path=/data/app/~~9o_ymyW4LoL2TyI4HgxlJA==/com.mcfuzzysquirrel.studentfinance.test-HoleTmH_8bLEFbKDLZRc1w==/lib/x86_64:/data/app/~~6XK6r8rcT6Xy3dmd6zCA2g==/com.mcfuzzysquirrel.studentfinance-e6TL2QNayJvaVmbb23ERbw==/lib/x86_64, permitted_path=/data:/mnt/expand
03-14 22:22:01.425  6801  6801 W .studentfinance: ClassLoaderContext shared library size mismatch. Expected=2, found=3 (PCL[]{PCL[/system/framework/android.test.base.jar*724373495]#PCL[/system/framework/android.test.mock.jar*1452759902]} | PCL[]{PCL[/system/framework/android.test.base.jar*724373495]#PCL[/system/framework/android.test.mock.jar*1452759902]#PCL[/system/framework/android.test.runner.jar*2496447986]{PCL[/system/framework/android.test.base.jar*724373495]#PCL[/system/framework/android.test.mock.jar*1452759902]}};PCL[/system/framework/android.test.runner.jar*2496447986:/system/framework/android.test.mock.jar*1452759902:/system/framework/android.test.base.jar*724373495:/data/app/~~9o_ymyW4LoL2TyI4HgxlJA==/com.mcfuzzysquirrel.studentfinance.test-HoleTmH_8bLEFbKDLZRc1w==/base.apk*3224200876:/data/app/~~6XK6r8rcT6Xy3dmd6zCA2g==/com.mcfuzzysquirrel.studentfinance-e6TL2QNayJvaVmbb23ERbw==/base.apk*3383818782])
03-14 22:22:01.426  6801  6801 W .studentfinance: ClassLoaderContext classpath size mismatch. expected=0, found=1 (PCL[] | PCL[/system/framework/android.test.runner.jar*2496447986]{PCL[/system/framework/android.test.base.jar*724373495]#PCL[/system/framework/android.test.mock.jar*1452759902]#PCL[/system/framework/android.test.runner.jar*2496447986]{PCL[/system/framework/android.test.base.jar*724373495]#PCL[/system/framework/android.test.mock.jar*1452759902]}};PCL[/system/framework/android.test.runner.jar*2496447986:/system/framework/android.test.mock.jar*1452759902:/system/framework/android.test.base.jar*724373495:/data/app/~~9o_ymyW4LoL2TyI4HgxlJA==/com.mcfuzzysquirrel.studentfinance.test-HoleTmH_8bLEFbKDLZRc1w==/base.apk*3224200876:/data/app/~~6XK6r8rcT6Xy3dmd6zCA2g==/com.mcfuzzysquirrel.studentfinance-e6TL2QNayJvaVmbb23ERbw==/base.apk*3383818782])
03-14 22:22:01.426  6801  6801 W .studentfinance: ClassLoaderContext classpath size mismatch. expected=0, found=2 (PCL[] | PCL[/system/framework/android.test.runner.jar*2496447986:/system/framework/android.test.mock.jar*1452759902]{PCL[/system/framework/android.test.base.jar*724373495]#PCL[/system/framework/android.test.mock.jar*1452759902]#PCL[/system/framework/android.test.runner.jar*2496447986]{PCL[/system/framework/android.test.base.jar*724373495]#PCL[/system/framework/android.test.mock.jar*1452759902]}};PCL[/system/framework/android.test.runner.jar*2496447986:/system/framework/android.test.mock.jar*1452759902:/system/framework/android.test.base.jar*724373495:/data/app/~~9o_ymyW4LoL2TyI4HgxlJA==/com.mcfuzzysquirrel.studentfinance.test-HoleTmH_8bLEFbKDLZRc1w==/base.apk*3224200876:/data/app/~~6XK6r8rcT6Xy3dmd6zCA2g==/com.mcfuzzysquirrel.studentfinance-e6TL2QNayJvaVmbb23ERbw==/base.apk*3383818782])
03-14 22:22:01.428  6801  6801 W ziparchive: Unable to open '/data/app/~~9o_ymyW4LoL2TyI4HgxlJA==/com.mcfuzzysquirrel.studentfinance.test-HoleTmH_8bLEFbKDLZRc1w==/base.dm': No such file or directory
03-14 22:22:01.428  6801  6801 W ziparchive: Unable to open '/data/app/~~9o_ymyW4LoL2TyI4HgxlJA==/com.mcfuzzysquirrel.studentfinance.test-HoleTmH_8bLEFbKDLZRc1w==/base.dm': No such file or directory
03-14 22:22:01.525  6801  6801 W ziparchive: Unable to open '/data/app/~~6XK6r8rcT6Xy3dmd6zCA2g==/com.mcfuzzysquirrel.studentfinance-e6TL2QNayJvaVmbb23ERbw==/base.dm': No such file or directory
03-14 22:22:01.525  6801  6801 W ziparchive: Unable to open '/data/app/~~6XK6r8rcT6Xy3dmd6zCA2g==/com.mcfuzzysquirrel.studentfinance-e6TL2QNayJvaVmbb23ERbw==/base.dm': No such file or directory
03-14 22:22:01.806  6801  6801 I AndroidJUnitRunner: newApplication com.mcfuzzysquirrel.studentfinance.MainApplication
03-14 22:22:02.025  6801  6801 I AndroidJUnitRunner: onCreate Bundle[mParcelledData.dataSize=312]
03-14 22:22:02.026  6801  6801 D AndroidJUnitRunner: Use the raw file system for managing file I/O.
03-14 22:22:02.745  6801  6801 V TestEventClient: No service name argument was given (testDiscoveryService, testRunEventService or orchestratorService)
03-14 22:22:02.746  6801  6911 D AndroidJUnitRunner: onStart is called.
03-14 22:22:02.751  6801  6801 W SoLoader: Initializing SoLoader: 0
03-14 22:22:02.753  6801  6801 W SoLoader: Recording new base apk path: /data/app/~~6XK6r8rcT6Xy3dmd6zCA2g==/com.mcfuzzysquirrel.studentfinance-e6TL2QNayJvaVmbb23ERbw==/base.apk
03-14 22:22:02.753  6801  6801 W SoLoader: Previously recorded 0 base apk paths.
03-14 22:22:02.755  6801  6801 I SoLoader: Preparing SO source: DirectorySoSource[root = /vendor/lib64 flags = 2]
03-14 22:22:02.755  6801  6801 I SoLoader: Preparing SO source: DirectorySoSource[root = /system/lib64 flags = 2]
03-14 22:22:02.755  6801  6801 I SoLoader: Preparing SO source: DirectApkSoSource[root = [/data/app/~~6XK6r8rcT6Xy3dmd6zCA2g==/com.mcfuzzysquirrel.studentfinance-e6TL2QNayJvaVmbb23ERbw==/base.apk!/lib/x86_64]]
03-14 22:22:02.801  6801  6801 I SoLoader: Preparing SO source: ApplicationSoSource[DirectorySoSource[root = /data/app/~~6XK6r8rcT6Xy3dmd6zCA2g==/com.mcfuzzysquirrel.studentfinance-e6TL2QNayJvaVmbb23ERbw==/lib/x86_64 flags = 0]]
03-14 22:22:02.801  6801  6801 I SoLoader: init finish: 4 SO sources prepared
03-14 22:22:02.802  6801  6801 W SoLoader: SoLoader initialized: 8
03-14 22:22:02.832  6801  6801 D nativeloader: Load /data/app/~~6XK6r8rcT6Xy3dmd6zCA2g==/com.mcfuzzysquirrel.studentfinance-e6TL2QNayJvaVmbb23ERbw==/base.apk!/lib/x86_64/libc++_shared.so using ns clns-7 from class loader (caller=/data/app/~~6XK6r8rcT6Xy3dmd6zCA2g==/com.mcfuzzysquirrel.studentfinance-e6TL2QNayJvaVmbb23ERbw==/base.apk): ok
03-14 22:22:02.873  6801  6801 D nativeloader: Load /data/app/~~6XK6r8rcT6Xy3dmd6zCA2g==/com.mcfuzzysquirrel.studentfinance-e6TL2QNayJvaVmbb23ERbw==/base.apk!/lib/x86_64/libjsi.so using ns clns-7 from class loader (caller=/data/app/~~6XK6r8rcT6Xy3dmd6zCA2g==/com.mcfuzzysquirrel.studentfinance-e6TL2QNayJvaVmbb23ERbw==/base.apk): ok
03-14 22:22:02.889  6801  6801 D nativeloader: Load /data/app/~~6XK6r8rcT6Xy3dmd6zCA2g==/com.mcfuzzysquirrel.studentfinance-e6TL2QNayJvaVmbb23ERbw==/base.apk!/lib/x86_64/libfbjni.so using ns clns-7 from class loader (caller=/data/app/~~6XK6r8rcT6Xy3dmd6zCA2g==/com.mcfuzzysquirrel.studentfinance-e6TL2QNayJvaVmbb23ERbw==/base.apk): ok
03-14 22:22:02.908  6801  6801 D nativeloader: Load /data/app/~~6XK6r8rcT6Xy3dmd6zCA2g==/com.mcfuzzysquirrel.studentfinance-e6TL2QNayJvaVmbb23ERbw==/base.apk!/lib/x86_64/libreactnative.so using ns clns-7 from class loader (caller=/data/app/~~6XK6r8rcT6Xy3dmd6zCA2g==/com.mcfuzzysquirrel.studentfinance-e6TL2QNayJvaVmbb23ERbw==/base.apk): ok
03-14 22:22:02.909  6801  6801 D jni_lib_merge: Entering merged library JNI_OnLoad.
03-14 22:22:02.909  6801  6801 D jni_lib_merge: Preparing 12 pre-merged libs (including stub)
03-14 22:22:02.909  6801  6801 D jni_lib_merge: Preparing to register libfabricjni_so.  onload_func: 0x7f2caa12b730
03-14 22:22:02.909  6801  6801 D jni_lib_merge: Preparing to register libreact_devsupportjni_so.  onload_func: 0x7f2caa328190
03-14 22:22:02.909  6801  6801 D jni_lib_merge: Preparing to register libreact_featureflagsjni_so.  onload_func: 0x7f2caa339910
03-14 22:22:02.909  6801  6801 D jni_lib_merge: Preparing to register libreact_newarchdefaults_so.  onload_func: 0x7f2caa3dad20
03-14 22:22:02.909  6801  6801 D jni_lib_merge: Preparing to register libreactnativeblob_so.  onload_func: 0x7f2caa5e52e0
03-14 22:22:02.909  6801  6801 D jni_lib_merge: Preparing to register libreactnativejni_so.  onload_func: 0x7f2caa625770
03-14 22:22:02.909  6801  6801 D jni_lib_merge: Preparing to register libreactnativejni_common_so.  onload_func: 0x7f2caa6355d0
03-14 22:22:02.909  6801  6801 D jni_lib_merge: Preparing to register librninstance_so.  onload_func: 0x7f2caa6724c0
03-14 22:22:02.909  6801  6801 D jni_lib_merge: Preparing to register libturbomodulejsijni_so.  onload_func: 0x7f2caa7d3c00
03-14 22:22:02.909  6801  6801 D jni_lib_merge: Preparing to register libuimanagerjni_so.  onload_func: 0x7f2caa7ebde0
03-14 22:22:02.909  6801  6801 D jni_lib_merge: Preparing to register libyoga_so.  onload_func: 0x7f2caa7fad70
03-14 22:22:02.909  6801  6801 D jni_lib_merge: About to register 11 actual methods.
03-14 22:22:02.939  6801  6801 D nativeloader: Load /data/app/~~6XK6r8rcT6Xy3dmd6zCA2g==/com.mcfuzzysquirrel.studentfinance-e6TL2QNayJvaVmbb23ERbw==/base.apk!/lib/x86_64/libreact_codegen_rnscreens.so using ns clns-7 from class loader (caller=/data/app/~~6XK6r8rcT6Xy3dmd6zCA2g==/com.mcfuzzysquirrel.studentfinance-e6TL2QNayJvaVmbb23ERbw==/base.apk): ok
03-14 22:22:02.939  6801  6801 D jni_lib_merge: Entering merged library JNI_OnLoad.
03-14 22:22:02.939  6801  6801 D jni_lib_merge: Preparing 12 pre-merged libs (including stub)
03-14 22:22:02.939  6801  6801 D jni_lib_merge: Preparing to register libfabricjni_so.  onload_func: 0x7f2caa12b730
03-14 22:22:02.939  6801  6801 D jni_lib_merge: Preparing to register libreact_devsupportjni_so.  onload_func: 0x7f2caa328190
03-14 22:22:02.939  6801  6801 D jni_lib_merge: Preparing to register libreact_featureflagsjni_so.  onload_func: 0x7f2caa339910
03-14 22:22:02.939  6801  6801 D jni_lib_merge: Preparing to register libreact_newarchdefaults_so.  onload_func: 0x7f2caa3dad20
03-14 22:22:02.939  6801  6801 D jni_lib_merge: Preparing to register libreactnativeblob_so.  onload_func: 0x7f2caa5e52e0
03-14 22:22:02.939  6801  6801 D jni_lib_merge: Preparing to register libreactnativejni_so.  onload_func: 0x7f2caa625770
03-14 22:22:02.939  6801  6801 D jni_lib_merge: Preparing to register libreactnativejni_common_so.  onload_func: 0x7f2caa6355d0
03-14 22:22:02.939  6801  6801 D jni_lib_merge: Preparing to register librninstance_so.  onload_func: 0x7f2caa6724c0
03-14 22:22:02.939  6801  6801 D jni_lib_merge: Preparing to register libturbomodulejsijni_so.  onload_func: 0x7f2caa7d3c00
03-14 22:22:02.939  6801  6801 D jni_lib_merge: Preparing to register libuimanagerjni_so.  onload_func: 0x7f2caa7ebde0
03-14 22:22:02.939  6801  6801 D jni_lib_merge: Preparing to register libyoga_so.  onload_func: 0x7f2caa7fad70
03-14 22:22:02.939  6801  6801 D jni_lib_merge: About to register 11 actual methods.
03-14 22:22:02.953  6801  6801 D nativeloader: Load /data/app/~~6XK6r8rcT6Xy3dmd6zCA2g==/com.mcfuzzysquirrel.studentfinance-e6TL2QNayJvaVmbb23ERbw==/base.apk!/lib/x86_64/libreact_codegen_rnsvg.so using ns clns-7 from class loader (caller=/data/app/~~6XK6r8rcT6Xy3dmd6zCA2g==/com.mcfuzzysquirrel.studentfinance-e6TL2QNayJvaVmbb23ERbw==/base.apk): ok
03-14 22:22:02.953  6801  6801 D jni_lib_merge: Entering merged library JNI_OnLoad.
03-14 22:22:02.953  6801  6801 D jni_lib_merge: Preparing 12 pre-merged libs (including stub)
03-14 22:22:02.953  6801  6801 D jni_lib_merge: Preparing to register libfabricjni_so.  onload_func: 0x7f2caa12b730
03-14 22:22:02.953  6801  6801 D jni_lib_merge: Preparing to register libreact_devsupportjni_so.  onload_func: 0x7f2caa328190
03-14 22:22:02.953  6801  6801 D jni_lib_merge: Preparing to register libreact_featureflagsjni_so.  onload_func: 0x7f2caa339910
03-14 22:22:02.953  6801  6801 D jni_lib_merge: Preparing to register libreact_newarchdefaults_so.  onload_func: 0x7f2caa3dad20
03-14 22:22:02.953  6801  6801 D jni_lib_merge: Preparing to register libreactnativeblob_so.  onload_func: 0x7f2caa5e52e0
03-14 22:22:02.953  6801  6801 D jni_lib_merge: Preparing to register libreactnativejni_so.  onload_func: 0x7f2caa625770
03-14 22:22:02.953  6801  6801 D jni_lib_merge: Preparing to register libreactnativejni_common_so.  onload_func: 0x7f2caa6355d0
03-14 22:22:02.953  6801  6801 D jni_lib_merge: Preparing to register librninstance_so.  onload_func: 0x7f2caa6724c0
03-14 22:22:02.953  6801  6801 D jni_lib_merge: Preparing to register libturbomodulejsijni_so.  onload_func: 0x7f2caa7d3c00
03-14 22:22:02.953  6801  6801 D jni_lib_merge: Preparing to register libuimanagerjni_so.  onload_func: 0x7f2caa7ebde0
03-14 22:22:02.953  6801  6801 D jni_lib_merge: Preparing to register libyoga_so.  onload_func: 0x7f2caa7fad70
03-14 22:22:02.953  6801  6801 D jni_lib_merge: About to register 11 actual methods.
03-14 22:22:02.962  6801  6801 D nativeloader: Load /data/app/~~6XK6r8rcT6Xy3dmd6zCA2g==/com.mcfuzzysquirrel.studentfinance-e6TL2QNayJvaVmbb23ERbw==/base.apk!/lib/x86_64/libreact_codegen_safeareacontext.so using ns clns-7 from class loader (caller=/data/app/~~6XK6r8rcT6Xy3dmd6zCA2g==/com.mcfuzzysquirrel.studentfinance-e6TL2QNayJvaVmbb23ERbw==/base.apk): ok
03-14 22:22:02.971  6801  6801 D nativeloader: Load /data/app/~~6XK6r8rcT6Xy3dmd6zCA2g==/com.mcfuzzysquirrel.studentfinance-e6TL2QNayJvaVmbb23ERbw==/base.apk!/lib/x86_64/libappmodules.so using ns clns-7 from class loader (caller=/data/app/~~6XK6r8rcT6Xy3dmd6zCA2g==/com.mcfuzzysquirrel.studentfinance-e6TL2QNayJvaVmbb23ERbw==/base.apk): ok
03-14 22:22:03.033  6801  6801 I Choreographer: Skipped 60 frames!  The application may be doing too much work on its main thread.
03-14 22:22:03.041  6801  6911 I InstrConnection: Could not send broadcast or register receiver (isolatedProcess?)
03-14 22:22:03.046  6801  6911 D TestRequestBuilder: Using class path scanning to discover tests
03-14 22:22:03.046  6801  6911 I TestRequestBuilder: Scanning classpath to find tests in paths [/data/app/~~9o_ymyW4LoL2TyI4HgxlJA==/com.mcfuzzysquirrel.studentfinance.test-HoleTmH_8bLEFbKDLZRc1w==/base.apk]
03-14 22:22:03.048  6801  6911 W .studentfinance: Opening an oat file without a class loader. Are you using the deprecated DexFile APIs?
03-14 22:22:03.504  6801  6911 I TestRunner: run started: 1 tests
03-14 22:22:03.504  6801  6911 I TestRunner: started: runDetoxTests(com.mcfuzzysquirrel.studentfinance.DetoxTest)
03-14 22:22:03.510  6801  6911 I Detox   : Detox server connection details: url=ws://localhost:32853, sessionId=28ffbbac-a381-3279-84c8-88dd301ab61a
03-14 22:22:03.516  6801  6911 I Tracing : Tracer added: class androidx.test.platform.tracing.AndroidXTracer
03-14 22:22:03.526  6801  6911 W .studentfinance: Accessing hidden field Ljava/lang/reflect/Field;->accessFlags:I (unsupported, reflection, allowed)
03-14 22:22:03.528  6801  6911 I Detox   : Connecting to server...
03-14 22:22:03.528  6801  6911 I DetoxWSClient: At connectToServer
03-14 22:22:03.570  6801  6956 D TrafficStats: tagSocket(102) with statsTag=0xffffffff, statsUid=-1
03-14 22:22:03.580  6801  6956 D DetoxWSClient: At onOpen
03-14 22:22:03.580  6801  6956 I DetoxWSClient: Sending out action 'login' (ID #0)
03-14 22:22:03.581  6801  6956 I Detox   : Connected to server!
03-14 22:22:03.583  6801  6956 D DetoxWSClient: Received action 'loginSuccess' (ID #0, params={"testerConnected":true,"appConnected":true})
03-14 22:22:03.583  6801  6952 I DetoxDispatcher: Handling action 'loginSuccess' (ID #0)...
03-14 22:22:03.583  6801  6952 I DetoxDispatcher: Done with action 'loginSuccess'
03-14 22:22:03.584  6801  6911 I Detox   : Launching the tested activity!
03-14 22:22:03.637  6801  6956 D DetoxWSClient: Received action 'isReady' (ID #-1000, params={})
03-14 22:22:03.641  6801  6952 I DetoxDispatcher: Handling action 'isReady' (ID #-1000)...
03-14 22:22:04.060  6801  6801 D AppCompatDelegate: Checking for metadata for AppLocalesMetadataHolderService : Service not found
03-14 22:22:04.185  6801  6801 D LifecycleMonitor: Lifecycle status change: com.mcfuzzysquirrel.studentfinance.MainActivity@ed28750 in: PRE_ON_CREATE
03-14 22:22:04.397  6801  6981 D TrafficStats: tagSocket(109) with statsTag=0xffffffff, statsUid=-1
03-14 22:22:04.402  6801  6981 W unknown:ReconnectingWebSocket: Couldn't connect to "ws://10.0.2.2:8081/message?device=sdk_gphone64_x86_64%20-%2015%20-%20API%2035&app=com.mcfuzzysquirrel.studentfinance&clientid=BridgelessDevSupportManager", will silently retry
03-14 22:22:04.415  6801  6801 W unknown:BridgelessReact: ReactHost{0}.startSurface(surfaceId = 0): Schedule
03-14 22:22:04.415  6801  6801 W unknown:BridgelessReact: ReactHost{0}.attachSurface(surfaceId = 0)
03-14 22:22:04.415  6801  6984 W unknown:BridgelessReact: ReactHost{0}.getOrCreateReactInstanceTask()
03-14 22:22:04.415  6801  6984 W unknown:BridgelessReact: ReactHost{0}.getOrCreateReactInstanceTask(): Start
03-14 22:22:04.416  6801  6984 D Detox.RNMarker: REACT_BRIDGELESS_LOADING_START (null)
03-14 22:22:04.416  6801  6984 W unknown:BridgelessReact: ReactHost{0}.getJSBundleLoader()
03-14 22:22:04.416  6801  6984 W unknown:BridgelessReact: ReactHost{0}.isMetroRunning()
03-14 22:22:04.420  6801  6985 D TrafficStats: tagSocket(109) with statsTag=0xffffffff, statsUid=-1
03-14 22:22:04.427  6801  6985 W unknown:ReactNative: The packager does not seem to be running as we got an IOException requesting its status: Failed to connect to /10.0.2.2:8081
03-14 22:22:04.427  6801  6985 W unknown:BridgelessReact: ReactHost{0}.isMetroRunning(): Async result = false
03-14 22:22:04.437  6801  6984 W unknown:BridgelessReact: ReactHost{0}.getOrCreateReactInstanceTask(): Creating BridgelessReactContext
03-14 22:22:04.439  6801  6984 W unknown:BridgelessReact: ReactHost{0}.getOrCreateReactInstanceTask(): Creating ReactInstance
03-14 22:22:04.443  6801  6801 W .studentfinance: Accessing hidden method Landroid/view/ViewGroup;->makeOptionalFitsSystemWindows()V (unsupported, reflection, allowed)
03-14 22:22:04.446  6801  6801 D LifecycleMonitor: Lifecycle status change: com.mcfuzzysquirrel.studentfinance.MainActivity@ed28750 in: CREATED
03-14 22:22:04.448  6801  6801 D LifecycleMonitor: Lifecycle status change: com.mcfuzzysquirrel.studentfinance.MainActivity@ed28750 in: STARTED
03-14 22:22:04.452  6801  6801 W unknown:BridgelessReact: ReactHost{0}.onHostResume(activity)
03-14 22:22:04.452  6801  6801 W unknown:ReactNative: Packager connection already open, nooping.
03-14 22:22:04.452  6801  6801 W unknown:BridgelessReact: ReactHost{0}.ReactContext.onHostResume()
03-14 22:22:04.453  6801  6801 D LifecycleMonitor: Lifecycle status change: com.mcfuzzysquirrel.studentfinance.MainActivity@ed28750 in: RESUMED
03-14 22:22:04.459  6801  6801 W HWUI    : Unknown dataspace 0
03-14 22:22:04.507  6801  6962 I EGL_emulation: Opening libGLESv1_CM_emulation.so
03-14 22:22:04.507  6801  6962 I EGL_emulation: Opening libGLESv2_emulation.so
03-14 22:22:04.516  6801  6962 W HWUI    : Failed to initialize 101010-2 format, error = EGL_SUCCESS
03-14 22:22:04.523  6801  6993 D TrafficStats: tagSocket(124) with statsTag=0xffffffff, statsUid=-1
03-14 22:22:04.557  6801  6962 I Gralloc4: mapper 4.x is not supported
03-14 22:22:04.618  6801  6984 D nativeloader: Load /data/app/~~6XK6r8rcT6Xy3dmd6zCA2g==/com.mcfuzzysquirrel.studentfinance-e6TL2QNayJvaVmbb23ERbw==/base.apk!/lib/x86_64/libhermesvm.so using ns clns-7 from class loader (caller=/data/app/~~6XK6r8rcT6Xy3dmd6zCA2g==/com.mcfuzzysquirrel.studentfinance-e6TL2QNayJvaVmbb23ERbw==/base.apk): ok
03-14 22:22:04.621  6801  6984 D nativeloader: Load /data/app/~~6XK6r8rcT6Xy3dmd6zCA2g==/com.mcfuzzysquirrel.studentfinance-e6TL2QNayJvaVmbb23ERbw==/base.apk!/lib/x86_64/libhermestooling.so using ns clns-7 from class loader (caller=/data/app/~~6XK6r8rcT6Xy3dmd6zCA2g==/com.mcfuzzysquirrel.studentfinance-e6TL2QNayJvaVmbb23ERbw==/base.apk): ok
03-14 22:22:04.621  6801  6984 D jni_lib_merge: Entering merged library JNI_OnLoad.
03-14 22:22:04.621  6801  6984 D jni_lib_merge: Preparing 4 pre-merged libs (including stub)
03-14 22:22:04.621  6801  6984 D jni_lib_merge: Preparing to register libhermes_executor_so.  onload_func: 0x7f2c9a558050
03-14 22:22:04.621  6801  6984 D jni_lib_merge: Preparing to register libhermesinstancejni_so.  onload_func: 0x7f2c9a58e680
03-14 22:22:04.621  6801  6984 D jni_lib_merge: Preparing to register libjsijniprofiler_so.  onload_func: 0x7f2c9a5903f0
03-14 22:22:04.621  6801  6984 D jni_lib_merge: About to register 3 actual methods.
03-14 22:22:05.033  6801  6984 I ExpoModulesCore: ✅ AppContext was initialized
03-14 22:22:05.167  6801  6984 W unknown:BridgelessReact: ReactHost{0}.getOrCreateReactInstanceTask(): Loading JS Bundle
03-14 22:22:05.168  6801  6987 D Detox.RNMarker: RUN_JS_BUNDLE_START (index.android.bundle)
03-14 22:22:05.174  6801  6984 W unknown:BridgelessReact: ReactHost{0}.getOrCreateReactInstanceTask(): DevSupportManager.onNewReactContextCreated()
03-14 22:22:05.184  6801  6984 W unknown:BridgelessReact: ReactHost{0}.startSurface(surfaceId = 0): Execute
03-14 22:22:05.187  6801  6801 W unknown:ReactNative: Packager connection already open, nooping.
03-14 22:22:05.187  6801  6801 W unknown:BridgelessReact: ReactHost{0}.ReactContext.onHostResume()
03-14 22:22:05.187  6801  6801 W unknown:BridgelessReact: ReactHost{0}.getOrCreateReactInstanceTask(): Executing ReactInstanceEventListeners
03-14 22:22:05.187  6801  6801 I DetoxRNLoading: Got new RN-context through listener
03-14 22:22:05.189  6801  6952 W .studentfinance: Long monitor contention with owner Instr: androidx.test.runner.AndroidJUnitRunner (6911) at void com.wix.detox.DetoxMain.launchActivityOnCue(android.content.Context, com.wix.detox.ActivityLaunchHelper)(DetoxMain.kt:53) waiters=0 in void com.wix.detox.DetoxMain$setupActionHandlers$SynchronizedActionHandler.handle(java.lang.String, long) for 1.548s
03-14 22:22:05.193  6801  6801 W .studentfinance: Accessing hidden method Landroid/os/MessageQueue;->next()Landroid/os/Message; (unsupported, reflection, allowed)
03-14 22:22:05.193  6801  6801 W .studentfinance: Accessing hidden field Landroid/os/MessageQueue;->mMessages:Landroid/os/Message; (unsupported, reflection, allowed)
03-14 22:22:05.193  6801  6801 W .studentfinance: Accessing hidden method Landroid/os/Message;->recycleUnchecked()V (unsupported, reflection, allowed)
03-14 22:22:05.194  6801  6801 I Detox   : Wait is over: App is now idle!
03-14 22:22:05.201  6801  6952 I DetoxWSClient: Sending out action 'ready' (ID #-1000)
03-14 22:22:05.201  6801  6952 I DetoxDispatcher: Done with action 'isReady'
03-14 22:22:05.220  6801  6956 D DetoxWSClient: Received action 'invoke' (ID #7, params={"target":{"type":"Class","value":"com.wix.detox.espresso.DetoxAssertion"},"method":"waitForAssertMatcher","args":[{"type":"Invocation","value":{"target":{"type":"Class","value":"androidx.test.espresso.Espresso"},"method":"onView","args":[{"type":"Invocation","value":{"target":{"type":"Class","value":"com.wix.detox.espresso.DetoxMatcher"},"method":"matcherForTestId","args":["dashboard-add-expense-button",{"type":"boolean","value":false}]}}]}},{"type":"Invocation","value":{"target":{"type":"Class","value":"com.wix.detox.espresso.DetoxMatcher"},"method":"matcherForSufficientlyVisible","args":[{"type":"Integer","value":75}]}},{"type":"Double","value":10}]})
03-14 22:22:05.221  6801  6952 I DetoxDispatcher: Handling action 'invoke' (ID #7)...
03-14 22:22:05.223  6801  6952 D Detox   : class com.wix.detox.espresso.DetoxMatcher, matcherForTestId, [dashboard-add-expense-button, false]
03-14 22:22:05.228  6801  6952 D Detox   : class androidx.test.espresso.Espresso, onView, [(view.getTag() is "dashboard-add-expense-button" and view has effective visibility <VISIBLE>)]
03-14 22:22:05.229  6801  6952 D Detox   : class com.wix.detox.espresso.DetoxMatcher, matcherForSufficientlyVisible, [75]
03-14 22:22:05.230  6801  6952 D Detox   : class com.wix.detox.espresso.DetoxAssertion, waitForAssertMatcher, [androidx.test.espresso.ViewInteraction@8bde3f9, (view has effective visibility <VISIBLE> and view.getGlobalVisibleRect() covers at least <75> percent of the view's area), 10.0]
03-14 22:22:05.233  6801  6811 I .studentfinance: Compiler allocated 5174KB to compile void android.view.ViewRootImpl.performTraversals()
03-14 22:22:05.237  6801  6987 D nativeloader: Load /data/app/~~6XK6r8rcT6Xy3dmd6zCA2g==/com.mcfuzzysquirrel.studentfinance-e6TL2QNayJvaVmbb23ERbw==/base.apk!/lib/x86_64/libexpo-modules-core.so using ns clns-7 from class loader (caller=/data/app/~~6XK6r8rcT6Xy3dmd6zCA2g==/com.mcfuzzysquirrel.studentfinance-e6TL2QNayJvaVmbb23ERbw==/base.apk): ok
03-14 22:22:05.242  6801  6801 I ViewInteraction: Checking 'MatchesViewAssertion(Detox){viewMatcher=(view has effective visibility <VISIBLE> and view.getGlobalVisibleRect() covers at least <75> percent of the view's area)}' assertion on view (view.getTag() is "dashboard-add-expense-button" and view has effective visibility <VISIBLE>)
03-14 22:22:05.274  6801  6801 I ViewInteraction: Checking 'MatchesViewAssertion(Detox){viewMatcher=(view has effective visibility <VISIBLE> and view.getGlobalVisibleRect() covers at least <75> percent of the view's area)}' assertion on view (view.getTag() is "dashboard-add-expense-button" and view has effective visibility <VISIBLE>)
03-14 22:22:05.296  6801  6987 W unknown:ViewManagerPropertyUpdater: Could not find generated setter for class com.th3rdwave.safeareacontext.SafeAreaProviderManager
03-14 22:22:05.300  6801  6987 W unknown:ViewManagerPropertyUpdater: Could not find generated setter for class com.facebook.react.uimanager.LayoutShadowNode
03-14 22:22:05.304  6801  6987 W unknown:ViewManagerPropertyUpdater: Could not find generated setter for class com.swmansion.rnscreens.SearchBarManager
03-14 22:22:05.304  6801  6801 I ViewInteraction: Checking 'MatchesViewAssertion(Detox){viewMatcher=(view has effective visibility <VISIBLE> and view.getGlobalVisibleRect() covers at least <75> percent of the view's area)}' assertion on view (view.getTag() is "dashboard-add-expense-button" and view has effective visibility <VISIBLE>)
03-14 22:22:05.305  6801  6987 W unknown:ViewManagerPropertyUpdater: Could not find generated setter for class com.swmansion.rnscreens.ScreenFooterManager
03-14 22:22:05.308  6801  6987 W unknown:ViewManagerPropertyUpdater: Could not find generated setter for class expo.modules.kotlin.views.GroupViewManagerWrapper
03-14 22:22:05.311  6801  6987 W unknown:ViewManagerPropertyUpdater: Could not find generated setter for class com.swmansion.rnscreens.ScreenContainerViewManager
03-14 22:22:05.315  6801  6987 W unknown:ViewManagerPropertyUpdater: Could not find generated setter for class com.swmansion.rnscreens.ModalScreenViewManager
03-14 22:22:05.316  6801  6987 W unknown:ViewManagerPropertyUpdater: Could not find generated setter for class com.swmansion.rnscreens.ScreenStackHeaderConfigViewManager
03-14 22:22:05.317  6801  6987 W unknown:ViewManagerPropertyUpdater: Could not find generated setter for class com.swmansion.rnscreens.ScreenContentWrapperManager
03-14 22:22:05.319  6801  6987 W unknown:ViewManagerPropertyUpdater: Could not find generated setter for class com.swmansion.rnscreens.gamma.tabs.TabsScreenViewManager
03-14 22:22:05.320  6801  6987 W unknown:ViewManagerPropertyUpdater: Could not find generated setter for class com.th3rdwave.safeareacontext.SafeAreaViewManager
03-14 22:22:05.322  6801  6987 W unknown:ViewManagerPropertyUpdater: Could not find generated setter for class com.th3rdwave.safeareacontext.SafeAreaViewShadowNode
03-14 22:22:05.323  6801  6987 W unknown:ViewManagerPropertyUpdater: Could not find generated setter for class com.swmansion.rnscreens.safearea.SafeAreaViewManager
03-14 22:22:05.323  6801  6987 W unknown:ViewManagerPropertyUpdater: Could not find generated setter for class com.swmansion.rnscreens.safearea.paper.SafeAreaViewShadowNode
03-14 22:22:05.324  6801  6987 W unknown:ViewManagerPropertyUpdater: Could not find generated setter for class com.swmansion.rnscreens.ScreenViewManager
03-14 22:22:05.325  6801  6987 W unknown:ViewManagerPropertyUpdater: Could not find generated setter for class com.swmansion.rnscreens.gamma.stack.host.StackHostViewManager
03-14 22:22:05.333  6801  6801 I ViewInteraction: Checking 'MatchesViewAssertion(Detox){viewMatcher=(view has effective visibility <VISIBLE> and view.getGlobalVisibleRect() covers at least <75> percent of the view's area)}' assertion on view (view.getTag() is "dashboard-add-expense-button" and view has effective visibility <VISIBLE>)
03-14 22:22:05.335  6801  6987 W unknown:ViewManagerPropertyUpdater: Could not find generated setter for class com.swmansion.rnscreens.ScreenStackHeaderSubviewManager
03-14 22:22:05.336  6801  6987 W unknown:ViewManagerPropertyUpdater: Could not find generated setter for class com.swmansion.rnscreens.gamma.stack.screen.StackScreenViewManager
03-14 22:22:05.341  6801  6987 W unknown:ViewManagerPropertyUpdater: Could not find generated setter for class com.swmansion.rnscreens.ScreenStackViewManager
03-14 22:22:05.346  6801  6987 W unknown:ViewManagerPropertyUpdater: Could not find generated setter for class com.swmansion.rnscreens.gamma.tabs.TabsHostViewManager
03-14 22:22:05.368  6801  6801 I ViewInteraction: Checking 'MatchesViewAssertion(Detox){viewMatcher=(view has effective visibility <VISIBLE> and view.getGlobalVisibleRect() covers at least <75> percent of the view's area)}' assertion on view (view.getTag() is "dashboard-add-expense-button" and view has effective visibility <VISIBLE>)
03-14 22:22:05.400  6801  6801 I ViewInteraction: Checking 'MatchesViewAssertion(Detox){viewMatcher=(view has effective visibility <VISIBLE> and view.getGlobalVisibleRect() covers at least <75> percent of the view's area)}' assertion on view (view.getTag() is "dashboard-add-expense-button" and view has effective visibility <VISIBLE>)
03-14 22:22:05.434  6801  6801 I ViewInteraction: Checking 'MatchesViewAssertion(Detox){viewMatcher=(view has effective visibility <VISIBLE> and view.getGlobalVisibleRect() covers at least <75> percent of the view's area)}' assertion on view (view.getTag() is "dashboard-add-expense-button" and view has effective visibility <VISIBLE>)
03-14 22:22:05.468  6801  6801 I ViewInteraction: Checking 'MatchesViewAssertion(Detox){viewMatcher=(view has effective visibility <VISIBLE> and view.getGlobalVisibleRect() covers at least <75> percent of the view's area)}' assertion on view (view.getTag() is "dashboard-add-expense-button" and view has effective visibility <VISIBLE>)
03-14 22:22:05.501  6801  6801 I ViewInteraction: Checking 'MatchesViewAssertion(Detox){viewMatcher=(view has effective visibility <VISIBLE> and view.getGlobalVisibleRect() covers at least <75> percent of the view's area)}' assertion on view (view.getTag() is "dashboard-add-expense-button" and view has effective visibility <VISIBLE>)
03-14 22:22:05.530  6801  6801 I ViewInteraction: Checking 'MatchesViewAssertion(Detox){viewMatcher=(view has effective visibility <VISIBLE> and view.getGlobalVisibleRect() covers at least <75> percent of the view's area)}' assertion on view (view.getTag() is "dashboard-add-expense-button" and view has effective visibility <VISIBLE>)
03-14 22:22:05.555  6801  6987 W unknown:ViewManagerPropertyUpdater: Could not find generated setter for class com.horcrux.svg.RenderableViewManager$DefsViewManager
03-14 22:22:05.556  6801  6987 W unknown:ViewManagerPropertyUpdater: Could not find generated setter for class com.horcrux.svg.VirtualViewManager$RenderableShadowNode
03-14 22:22:05.562  6801  6801 I ViewInteraction: Checking 'MatchesViewAssertion(Detox){viewMatcher=(view has effective visibility <VISIBLE> and view.getGlobalVisibleRect() covers at least <75> percent of the view's area)}' assertion on view (view.getTag() is "dashboard-add-expense-button" and view has effective visibility <VISIBLE>)
03-14 22:22:05.564  6801  6987 W unknown:ViewManagerPropertyUpdater: Could not find generated setter for class com.facebook.react.views.debuggingoverlay.DebuggingOverlayManager
03-14 22:22:05.570  6801  6987 W unknown:ViewManagerPropertyUpdater: Could not find generated setter for class com.horcrux.svg.RenderableViewManager$FeMergeManager
03-14 22:22:05.578  6801  6987 W unknown:ViewManagerPropertyUpdater: Could not find generated setter for class com.facebook.react.views.safeareaview.ReactSafeAreaViewManager
03-14 22:22:05.584  6801  6987 W unknown:ViewManagerPropertyUpdater: Could not find generated setter for class com.horcrux.svg.RenderableViewManager$LinearGradientManager
03-14 22:22:05.591  6801  6987 W unknown:ViewManagerPropertyUpdater: Could not find generated setter for class com.horcrux.svg.RenderableViewManager$FeGaussianBlurManager
03-14 22:22:05.593  6801  6801 I ViewInteraction: Checking 'MatchesViewAssertion(Detox){viewMatcher=(view has effective visibility <VISIBLE> and view.getGlobalVisibleRect() covers at least <75> percent of the view's area)}' assertion on view (view.getTag() is "dashboard-add-expense-button" and view has effective visibility <VISIBLE>)
03-14 22:22:05.599  6801  6987 W unknown:ViewManagerPropertyUpdater: Could not find generated setter for class com.facebook.react.views.progressbar.ReactProgressBarViewManager
03-14 22:22:05.600  6801  6987 W unknown:ViewManagerPropertyUpdater: Could not find generated setter for class com.facebook.react.views.progressbar.ProgressBarShadowNode
03-14 22:22:05.607  6801  6987 W unknown:ViewManagerPropertyUpdater: Could not find generated setter for class com.facebook.react.views.scroll.ReactHorizontalScrollViewManager
03-14 22:22:05.620  6801  6801 I ViewInteraction: Checking 'MatchesViewAssertion(Detox){viewMatcher=(view has effective visibility <VISIBLE> and view.getGlobalVisibleRect() covers at least <75> percent of the view's area)}' assertion on view (view.getTag() is "dashboard-add-expense-button" and view has effective visibility <VISIBLE>)
03-14 22:22:05.623  6801  6987 W unknown:ViewManagerPropertyUpdater: Could not find generated setter for class com.facebook.react.views.text.ReactTextViewManager
03-14 22:22:05.625  6801  6987 W unknown:ViewManagerPropertyUpdater: Could not find generated setter for class com.facebook.react.views.text.ReactTextShadowNode
03-14 22:22:05.636  6801  6987 W unknown:ViewManagerPropertyUpdater: Could not find generated setter for class com.horcrux.svg.RenderableViewManager$FeColorMatrixManager
03-14 22:22:05.643  6801  6987 W unknown:ViewManagerPropertyUpdater: Could not find generated setter for class com.facebook.react.views.scroll.ReactHorizontalScrollContainerViewManager
03-14 22:22:05.648  6801  6801 I ViewInteraction: Checking 'MatchesViewAssertion(Detox){viewMatcher=(view has effective visibility <VISIBLE> and view.getGlobalVisibleRect() covers at least <75> percent of the view's area)}' assertion on view (view.getTag() is "dashboard-add-expense-button" and view has effective visibility <VISIBLE>)
03-14 22:22:05.651  6801  6987 W unknown:ViewManagerPropertyUpdater: Could not find generated setter for class com.horcrux.svg.RenderableViewManager$ClipPathViewManager
03-14 22:22:05.666  6801  6987 W unknown:ViewManagerPropertyUpdater: Could not find generated setter for class com.horcrux.svg.RenderableViewManager$SymbolManager
03-14 22:22:05.675  6801  6801 I ViewInteraction: Checking 'MatchesViewAssertion(Detox){viewMatcher=(view has effective visibility <VISIBLE> and view.getGlobalVisibleRect() covers at least <75> percent of the view's area)}' assertion on view (view.getTag() is "dashboard-add-expense-button" and view has effective visibility <VISIBLE>)
03-14 22:22:05.677  6801  6987 W unknown:ViewManagerPropertyUpdater: Could not find generated setter for class com.horcrux.svg.RenderableViewManager$PatternManager
03-14 22:22:05.688  6801  6987 W unknown:ViewManagerPropertyUpdater: Could not find generated setter for class com.horcrux.svg.RenderableViewManager$FeBlendManager
03-14 22:22:05.695  6801  6987 W unknown:ViewManagerPropertyUpdater: Could not find generated setter for class com.facebook.react.views.view.ReactViewManager
03-14 22:22:05.702  6801  6987 W unknown:ViewManagerPropertyUpdater: Could not find generated setter for class com.horcrux.svg.SvgViewManager
03-14 22:22:05.709  6801  6801 I ViewInteraction: Checking 'MatchesViewAssertion(Detox){viewMatcher=(view has effective visibility <VISIBLE> and view.getGlobalVisibleRect() covers at least <75> percent of the view's area)}' assertion on view (view.getTag() is "dashboard-add-expense-button" and view has effective visibility <VISIBLE>)
03-14 22:22:05.711  6801  6987 W unknown:ViewManagerPropertyUpdater: Could not find generated setter for class com.facebook.react.views.switchview.ReactSwitchManager
03-14 22:22:05.712  6801  6987 W unknown:ViewManagerPropertyUpdater: Could not find generated setter for class com.facebook.react.views.switchview.ReactSwitchShadowNode
03-14 22:22:05.718  6801  6987 W unknown:ViewManagerPropertyUpdater: Could not find generated setter for class com.horcrux.svg.RenderableViewManager$UseViewManager
03-14 22:22:05.725  6801  6987 W unknown:ViewManagerPropertyUpdater: Could not find generated setter for class com.horcrux.svg.RenderableViewManager$CircleViewManager
03-14 22:22:05.733  6801  6987 W unknown:ViewManagerPropertyUpdater: Could not find generated setter for class com.horcrux.svg.RenderableViewManager$TSpanViewManager
03-14 22:22:05.741  6801  6987 W unknown:ViewManagerPropertyUpdater: Could not find generated setter for class com.horcrux.svg.RenderableViewManager$FilterManager
03-14 22:22:05.749  6801  6801 I ViewInteraction: Checking 'MatchesViewAssertion(Detox){viewMatcher=(view has effective visibility <VISIBLE> and view.getGlobalVisibleRect() covers at least <75> percent of the view's area)}' assertion on view (view.getTag() is "dashboard-add-expense-button" and view has effective visibility <VISIBLE>)
03-14 22:22:05.750  6801  6987 W unknown:ViewManagerPropertyUpdater: Could not find generated setter for class com.horcrux.svg.RenderableViewManager$MarkerManager
03-14 22:22:05.759  6801  6987 W unknown:ViewManagerPropertyUpdater: Could not find generated setter for class com.swmansion.gesturehandler.react.RNGestureHandlerButtonViewManager
03-14 22:22:05.765  6801  6811 I .studentfinance: Compiler allocated 4219KB to compile void android.widget.TextView.<init>(android.content.Context, android.util.AttributeSet, int, int)
03-14 22:22:05.767  6801  6987 W unknown:ViewManagerPropertyUpdater: Could not find generated setter for class com.facebook.react.views.modal.ReactModalHostManager
03-14 22:22:05.776  6801  6801 I ViewInteraction: Checking 'MatchesViewAssertion(Detox){viewMatcher=(view has effective visibility <VISIBLE> and view.getGlobalVisibleRect() covers at least <75> percent of the view's area)}' assertion on view (view.getTag() is "dashboard-add-expense-button" and view has effective visibility <VISIBLE>)
03-14 22:22:05.778  6801  6987 W unknown:ViewManagerPropertyUpdater: Could not find generated setter for class com.horcrux.svg.RenderableViewManager$ForeignObjectManager
03-14 22:22:05.788  6801  6987 W unknown:ViewManagerPropertyUpdater: Could not find generated setter for class com.horcrux.svg.RenderableViewManager$EllipseViewManager
03-14 22:22:05.796  6801  6987 W unknown:ViewManagerPropertyUpdater: Could not find generated setter for class com.horcrux.svg.RenderableViewManager$LineViewManager
03-14 22:22:05.804  6801  6801 I ViewInteraction: Checking 'MatchesViewAssertion(Detox){viewMatcher=(view has effective visibility <VISIBLE> and view.getGlobalVisibleRect() covers at least <75> percent of the view's area)}' assertion on view (view.getTag() is "dashboard-add-expense-button" and view has effective visibility <VISIBLE>)
03-14 22:22:05.805  6801  6987 W unknown:ViewManagerPropertyUpdater: Could not find generated setter for class com.facebook.react.views.text.frescosupport.FrescoBasedReactTextInlineImageViewManager
03-14 22:22:05.805  6801  6987 W unknown:ViewManagerPropertyUpdater: Could not find generated setter for class com.facebook.react.views.text.frescosupport.FrescoBasedReactTextInlineImageShadowNode
03-14 22:22:05.821  6801  6987 W unknown:ViewManagerPropertyUpdater: Could not find generated setter for class com.horcrux.svg.RenderableViewManager$FeFloodManager
03-14 22:22:05.830  6801  6801 I ViewInteraction: Checking 'MatchesViewAssertion(Detox){viewMatcher=(view has effective visibility <VISIBLE> and view.getGlobalVisibleRect() covers at least <75> percent of the view's area)}' assertion on view (view.getTag() is "dashboard-add-expense-button" and view has effective visibility <VISIBLE>)
03-14 22:22:05.838  6801  6987 W unknown:ViewManagerPropertyUpdater: Could not find generated setter for class com.horcrux.svg.RenderableViewManager$GroupViewManager
03-14 22:22:05.849  6801  6987 W unknown:ViewManagerPropertyUpdater: Could not find generated setter for class com.horcrux.svg.RenderableViewManager$TextViewManager
03-14 22:22:05.867  6801  6987 W unknown:ViewManagerPropertyUpdater: Could not find generated setter for class com.horcrux.svg.RenderableViewManager$ImageViewManager
03-14 22:22:05.873  6801  6801 I ViewInteraction: Checking 'MatchesViewAssertion(Detox){viewMatcher=(view has effective visibility <VISIBLE> and view.getGlobalVisibleRect() covers at least <75> percent of the view's area)}' assertion on view (view.getTag() is "dashboard-add-expense-button" and view has effective visibility <VISIBLE>)
03-14 22:22:05.881  6801  6987 W unknown:ViewManagerPropertyUpdater: Could not find generated setter for class com.horcrux.svg.RenderableViewManager$FeCompositeManager
03-14 22:22:05.897  6801  6987 W unknown:ViewManagerPropertyUpdater: Could not find generated setter for class com.facebook.react.views.image.ReactImageManager
03-14 22:22:05.902  6801  6801 I ViewInteraction: Checking 'MatchesViewAssertion(Detox){viewMatcher=(view has effective visibility <VISIBLE> and view.getGlobalVisibleRect() covers at least <75> percent of the view's area)}' assertion on view (view.getTag() is "dashboard-add-expense-button" and view has effective visibility <VISIBLE>)
03-14 22:22:05.909  6801  6987 W unknown:ViewManagerPropertyUpdater: Could not find generated setter for class com.horcrux.svg.RenderableViewManager$RadialGradientManager
03-14 22:22:05.924  6801  6987 W unknown:ViewManagerPropertyUpdater: Could not find generated setter for class com.horcrux.svg.RenderableViewManager$MaskManager
03-14 22:22:05.929  6801  6801 I ViewInteraction: Checking 'MatchesViewAssertion(Detox){viewMatcher=(view has effective visibility <VISIBLE> and view.getGlobalVisibleRect() covers at least <75> percent of the view's area)}' assertion on view (view.getTag() is "dashboard-add-expense-button" and view has effective visibility <VISIBLE>)
03-14 22:22:05.933  6801  6987 W unknown:ViewManagerPropertyUpdater: Could not find generated setter for class com.facebook.react.views.unimplementedview.ReactUnimplementedViewManager
03-14 22:22:05.939  6801  6987 W unknown:ViewManagerPropertyUpdater: Could not find generated setter for class com.horcrux.svg.RenderableViewManager$RectViewManager
03-14 22:22:05.947  6801  6987 W unknown:ViewManagerPropertyUpdater: Could not find generated setter for class com.horcrux.svg.RenderableViewManager$TextPathViewManager
03-14 22:22:05.955  6801  6801 I ViewInteraction: Checking 'MatchesViewAssertion(Detox){viewMatcher=(view has effective visibility <VISIBLE> and view.getGlobalVisibleRect() covers at least <75> percent of the view's area)}' assertion on view (view.getTag() is "dashboard-add-expense-button" and view has effective visibility <VISIBLE>)
03-14 22:22:05.956  6801  6987 W unknown:ViewManagerPropertyUpdater: Could not find generated setter for class com.facebook.react.views.scroll.ReactScrollViewManager
03-14 22:22:05.965  6801  6987 W unknown:ViewManagerPropertyUpdater: Could not find generated setter for class com.horcrux.svg.RenderableViewManager$FeOffsetManager
03-14 22:22:05.971  6801  6987 W unknown:ViewManagerPropertyUpdater: Could not find generated setter for class com.horcrux.svg.RenderableViewManager$PathViewManager
03-14 22:22:05.980  6801  6987 W unknown:ViewManagerPropertyUpdater: Could not find generated setter for class com.facebook.react.views.drawer.ReactDrawerLayoutManager
03-14 22:22:05.980  6801  6801 I ViewInteraction: Checking 'MatchesViewAssertion(Detox){viewMatcher=(view has effective visibility <VISIBLE> and view.getGlobalVisibleRect() covers at least <75> percent of the view's area)}' assertion on view (view.getTag() is "dashboard-add-expense-button" and view has effective visibility <VISIBLE>)
03-14 22:22:05.986  6801  6987 W unknown:ViewManagerPropertyUpdater: Could not find generated setter for class com.facebook.react.views.swiperefresh.SwipeRefreshLayoutManager
03-14 22:22:05.995  6801  6987 W unknown:ViewManagerPropertyUpdater: Could not find generated setter for class com.facebook.react.views.textinput.ReactTextInputManager
03-14 22:22:05.996  6801  6987 W unknown:ViewManagerPropertyUpdater: Could not find generated setter for class com.facebook.react.views.textinput.ReactTextInputShadowNode
03-14 22:22:06.004  6801  6987 W unknown:ViewManagerPropertyUpdater: Could not find generated setter for class com.swmansion.gesturehandler.react.RNGestureHandlerRootViewManager
03-14 22:22:06.005  6801  6801 I ViewInteraction: Checking 'MatchesViewAssertion(Detox){viewMatcher=(view has effective visibility <VISIBLE> and view.getGlobalVisibleRect() covers at least <75> percent of the view's area)}' assertion on view (view.getTag() is "dashboard-add-expense-button" and view has effective visibility <VISIBLE>)
03-14 22:22:06.027  6801  6987 W BridgelessReactContext: [WARNING] Bridgeless doesn't support CatalystInstance. Accessing an API that's not part of the new architecture is not encouraged usage.
03-14 22:22:06.031  6801  6801 I ViewInteraction: Checking 'MatchesViewAssertion(Detox){viewMatcher=(view has effective visibility <VISIBLE> and view.getGlobalVisibleRect() covers at least <75> percent of the view's area)}' assertion on view (view.getTag() is "dashboard-add-expense-button" and view has effective visibility <VISIBLE>)
03-14 22:22:06.035  6801  6987 I ExpoModulesCore: ✅ JSI interop was installed
03-14 22:22:06.038  6801  6987 I ExpoModulesCore: ✅ Constants were exported
03-14 22:22:06.057  6801  6801 I ViewInteraction: Checking 'MatchesViewAssertion(Detox){viewMatcher=(view has effective visibility <VISIBLE> and view.getGlobalVisibleRect() covers at least <75> percent of the view's area)}' assertion on view (view.getTag() is "dashboard-add-expense-button" and view has effective visibility <VISIBLE>)
03-14 22:22:06.058  6801  6987 D nativeloader: Load /data/app/~~6XK6r8rcT6Xy3dmd6zCA2g==/com.mcfuzzysquirrel.studentfinance-e6TL2QNayJvaVmbb23ERbw==/base.apk!/lib/x86_64/librnscreens.so using ns clns-7 from class loader (caller=/data/app/~~6XK6r8rcT6Xy3dmd6zCA2g==/com.mcfuzzysquirrel.studentfinance-e6TL2QNayJvaVmbb23ERbw==/base.apk!classes16.dex): ok
03-14 22:22:06.081  6801  6801 I ViewInteraction: Checking 'MatchesViewAssertion(Detox){viewMatcher=(view has effective visibility <VISIBLE> and view.getGlobalVisibleRect() covers at least <75> percent of the view's area)}' assertion on view (view.getTag() is "dashboard-add-expense-button" and view has effective visibility <VISIBLE>)
