--------- beginning of main
03-14 22:59:03.298 12392 12439 W .studentfinance: Verification of expo.modules.kotlin.modules.ModuleDefinitionData expo.modules.filesystem.FileSystemModule.definition() took 146.243ms (72249.17 bytecodes/s) (202904B approximate peak alloc)
03-14 22:59:03.420 12392 12439 I ExpoModulesCore: ✅ AppContext was initialized
03-14 22:59:03.514 12392 12439 W unknown:BridgelessReact: ReactHost{0}.getOrCreateReactInstanceTask(): Loading JS Bundle
03-14 22:59:03.515 12392 12439 W unknown:BridgelessReact: ReactHost{0}.getOrCreateReactInstanceTask(): DevSupportManager.onNewReactContextCreated()
03-14 22:59:03.515 12392 12441 D Detox.RNMarker: RUN_JS_BUNDLE_START (index.android.bundle)
03-14 22:59:03.519 12392 12392 W unknown:ReactNative: Packager connection already open, nooping.
03-14 22:59:03.520 12392 12392 W unknown:BridgelessReact: ReactHost{0}.ReactContext.onHostResume()
03-14 22:59:03.520 12392 12392 W unknown:BridgelessReact: ReactHost{0}.getOrCreateReactInstanceTask(): Executing ReactInstanceEventListeners
03-14 22:59:03.520 12392 12392 I DetoxRNLoading: Got new RN-context through listener
03-14 22:59:03.521 12392 12439 W unknown:BridgelessReact: ReactHost{0}.startSurface(surfaceId = 0): Execute
03-14 22:59:03.526 12392 12418 W .studentfinance: Long monitor contention with owner Instr: androidx.test.runner.AndroidJUnitRunner (12416) at void com.wix.detox.DetoxMain.launchActivityOnCue(android.content.Context, com.wix.detox.ActivityLaunchHelper)(DetoxMain.kt:53) waiters=0 in void com.wix.detox.DetoxMain$setupActionHandlers$SynchronizedActionHandler.handle(java.lang.String, long) for 1.375s
03-14 22:59:03.527 12392 12392 W .studentfinance: Accessing hidden method Landroid/os/MessageQueue;->next()Landroid/os/Message; (unsupported, reflection, allowed)
03-14 22:59:03.527 12392 12392 W .studentfinance: Accessing hidden field Landroid/os/MessageQueue;->mMessages:Landroid/os/Message; (unsupported, reflection, allowed)
03-14 22:59:03.527 12392 12392 W .studentfinance: Accessing hidden method Landroid/os/Message;->recycleUnchecked()V (unsupported, reflection, allowed)
03-14 22:59:03.528 12392 12392 I Detox   : Wait is over: App is now idle!
03-14 22:59:03.529 12392 12418 I DetoxWSClient: Sending out action 'ready' (ID #-1000)
03-14 22:59:03.530 12392 12396 I .studentfinance: Compiler allocated 5174KB to compile void android.view.ViewRootImpl.performTraversals()
03-14 22:59:03.530 12392 12418 I DetoxDispatcher: Done with action 'isReady'
03-14 22:59:03.557 12392 12441 D nativeloader: Load /data/app/~~YsZ1q7ZJ7Iubjw5Ubx_m7A==/com.mcfuzzysquirrel.studentfinance-syuDUGtJ_YuI1ZMwWaAgPA==/base.apk!/lib/x86_64/libexpo-modules-core.so using ns clns-7 from class loader (caller=/data/app/~~YsZ1q7ZJ7Iubjw5Ubx_m7A==/com.mcfuzzysquirrel.studentfinance-syuDUGtJ_YuI1ZMwWaAgPA==/base.apk): ok
03-14 22:59:03.618 12392 12441 W unknown:ViewManagerPropertyUpdater: Could not find generated setter for class com.th3rdwave.safeareacontext.SafeAreaProviderManager
03-14 22:59:03.624 12392 12441 W unknown:ViewManagerPropertyUpdater: Could not find generated setter for class com.facebook.react.uimanager.LayoutShadowNode
03-14 22:59:03.628 12392 12441 W unknown:ViewManagerPropertyUpdater: Could not find generated setter for class com.swmansion.rnscreens.SearchBarManager
03-14 22:59:03.630 12392 12441 W unknown:ViewManagerPropertyUpdater: Could not find generated setter for class com.swmansion.rnscreens.ScreenFooterManager
03-14 22:59:03.633 12392 12441 W unknown:ViewManagerPropertyUpdater: Could not find generated setter for class com.swmansion.rnscreens.gamma.tabs.TabScreenViewManager
03-14 22:59:03.636 12392 12441 W unknown:ViewManagerPropertyUpdater: Could not find generated setter for class expo.modules.kotlin.views.GroupViewManagerWrapper
03-14 22:59:03.639 12392 12441 W unknown:ViewManagerPropertyUpdater: Could not find generated setter for class com.swmansion.rnscreens.ScreenContainerViewManager
03-14 22:59:03.640 12392 12441 W unknown:ViewManagerPropertyUpdater: Could not find generated setter for class com.swmansion.rnscreens.gamma.tabs.TabsHostViewManager
03-14 22:59:03.644 12392 12441 W unknown:ViewManagerPropertyUpdater: Could not find generated setter for class com.swmansion.rnscreens.ModalScreenViewManager
03-14 22:59:03.647 12392 12441 W unknown:ViewManagerPropertyUpdater: Could not find generated setter for class com.swmansion.rnscreens.ScreenStackHeaderConfigViewManager
03-14 22:59:03.649 12392 12441 W unknown:ViewManagerPropertyUpdater: Could not find generated setter for class com.swmansion.rnscreens.ScreenContentWrapperManager
03-14 22:59:03.652 12392 12441 W unknown:ViewManagerPropertyUpdater: Could not find generated setter for class com.th3rdwave.safeareacontext.SafeAreaViewManager
03-14 22:59:03.658 12392 12441 W unknown:ViewManagerPropertyUpdater: Could not find generated setter for class com.th3rdwave.safeareacontext.SafeAreaViewShadowNode
03-14 22:59:03.659 12392 12441 W unknown:ViewManagerPropertyUpdater: Could not find generated setter for class com.swmansion.rnscreens.safearea.SafeAreaViewManager
03-14 22:59:03.662 12392 12441 W unknown:ViewManagerPropertyUpdater: Could not find generated setter for class com.swmansion.rnscreens.safearea.paper.SafeAreaViewShadowNode
03-14 22:59:03.664 12392 12441 W unknown:ViewManagerPropertyUpdater: Could not find generated setter for class com.swmansion.rnscreens.ScreenViewManager
03-14 22:59:03.665 12392 12441 W unknown:ViewManagerPropertyUpdater: Could not find generated setter for class com.swmansion.rnscreens.gamma.stack.host.StackHostViewManager
03-14 22:59:03.666 12392 12441 W unknown:ViewManagerPropertyUpdater: Could not find generated setter for class com.swmansion.rnscreens.ScreenStackHeaderSubviewManager
03-14 22:59:03.668 12392 12441 W unknown:ViewManagerPropertyUpdater: Could not find generated setter for class com.swmansion.rnscreens.gamma.stack.screen.StackScreenViewManager
03-14 22:59:03.669 12392 12441 W unknown:ViewManagerPropertyUpdater: Could not find generated setter for class com.swmansion.rnscreens.ScreenStackViewManager
03-14 22:59:04.006 12392 12441 W unknown:ViewManagerPropertyUpdater: Could not find generated setter for class com.horcrux.svg.RenderableViewManager$DefsViewManager
03-14 22:59:04.011 12392 12441 W unknown:ViewManagerPropertyUpdater: Could not find generated setter for class com.horcrux.svg.VirtualViewManager$RenderableShadowNode
03-14 22:59:04.026 12392 12441 W unknown:ViewManagerPropertyUpdater: Could not find generated setter for class com.facebook.react.views.debuggingoverlay.DebuggingOverlayManager
03-14 22:59:04.049 12392 12441 W unknown:ViewManagerPropertyUpdater: Could not find generated setter for class com.horcrux.svg.RenderableViewManager$FeMergeManager
03-14 22:59:04.064 12392 12441 W unknown:ViewManagerPropertyUpdater: Could not find generated setter for class com.facebook.react.views.safeareaview.ReactSafeAreaViewManager
03-14 22:59:04.079 12392 12441 W unknown:ViewManagerPropertyUpdater: Could not find generated setter for class com.horcrux.svg.RenderableViewManager$LinearGradientManager
03-14 22:59:04.091 12392 12441 W unknown:ViewManagerPropertyUpdater: Could not find generated setter for class com.horcrux.svg.RenderableViewManager$FeGaussianBlurManager
03-14 22:59:04.111 12392 12441 W unknown:ViewManagerPropertyUpdater: Could not find generated setter for class com.facebook.react.views.progressbar.ReactProgressBarViewManager
03-14 22:59:04.112 12392 12441 W unknown:ViewManagerPropertyUpdater: Could not find generated setter for class com.facebook.react.views.progressbar.ProgressBarShadowNode
03-14 22:59:04.144 12392 12441 W unknown:ViewManagerPropertyUpdater: Could not find generated setter for class com.facebook.react.views.scroll.ReactHorizontalScrollViewManager
03-14 22:59:04.163 12392 12441 W unknown:ViewManagerPropertyUpdater: Could not find generated setter for class com.facebook.react.views.text.ReactTextViewManager
03-14 22:59:04.179 12392 12441 W unknown:ViewManagerPropertyUpdater: Could not find generated setter for class com.facebook.react.views.text.ReactTextShadowNode
03-14 22:59:04.197 12392 12441 W unknown:ViewMana--------- beginning of main
03-14 22:59:06.130 12568 12568 D nativeloader: Configuring clns-7 for other apk /system/framework/android.test.runner.jar:/system/framework/android.test.mock.jar:/system/framework/android.test.base.jar:/data/app/~~I7GwO298usEUNamwuljAbA==/com.mcfuzzysquirrel.studentfinance.test-GO1f0rqwZRk52sJBE2qCnw==/base.apk:/data/app/~~YsZ1q7ZJ7Iubjw5Ubx_m7A==/com.mcfuzzysquirrel.studentfinance-syuDUGtJ_YuI1ZMwWaAgPA==/base.apk. target_sdk_version=36, uses_libraries=, library_path=/data/app/~~I7GwO298usEUNamwuljAbA==/com.mcfuzzysquirrel.studentfinance.test-GO1f0rqwZRk52sJBE2qCnw==/lib/x86_64:/data/app/~~YsZ1q7ZJ7Iubjw5Ubx_m7A==/com.mcfuzzysquirrel.studentfinance-syuDUGtJ_YuI1ZMwWaAgPA==/lib/x86_64:/data/app/~~I7GwO298usEUNamwuljAbA==/com.mcfuzzysquirrel.studentfinance.test-GO1f0rqwZRk52sJBE2qCnw==/base.apk!/lib/x86_64:/data/app/~~YsZ1q7ZJ7Iubjw5Ubx_m7A==/com.mcfuzzysquirrel.studentfinance-syuDUGtJ_YuI1ZMwWaAgPA==/base.apk!/lib/x86_64, permitted_path=/data:/mnt/expand:/data/user/0/com.mcfuzzysquirrel.studentfinance
03-14 22:59:06.140 12568 12568 V GraphicsEnvironment: Currently set values for:
03-14 22:59:06.140 12568 12568 V GraphicsEnvironment:   angle_gl_driver_selection_pkgs=[]
03-14 22:59:06.140 12568 12568 V GraphicsEnvironment:   angle_gl_driver_selection_values=[]
03-14 22:59:06.140 12568 12568 V GraphicsEnvironment: Global.Settings values are invalid: number of packages: 0, number of values: 0
03-14 22:59:06.141 12568 12568 V GraphicsEnvironment: Neither updatable production driver nor prerelease driver is supported.
03-14 22:59:06.144 12568 12568 D ApplicationLoaders: Returning zygote-cached class loader: /system/framework/android.test.base.jar
03-14 22:59:06.146 12568 12568 D nativeloader: Configuring clns-8 for other apk /system/framework/android.test.mock.jar. target_sdk_version=36, uses_libraries=ALL, library_path=/data/app/~~I7GwO298usEUNamwuljAbA==/com.mcfuzzysquirrel.studentfinance.test-GO1f0rqwZRk52sJBE2qCnw==/lib/x86_64:/data/app/~~YsZ1q7ZJ7Iubjw5Ubx_m7A==/com.mcfuzzysquirrel.studentfinance-syuDUGtJ_YuI1ZMwWaAgPA==/lib/x86_64, permitted_path=/data:/mnt/expand
03-14 22:59:06.146 12568 12568 D ApplicationLoaders: Returning zygote-cached class loader: /system/framework/android.test.base.jar
03-14 22:59:06.148 12568 12568 D nativeloader: Configuring clns-9 for other apk /system/framework/android.test.runner.jar. target_sdk_version=36, uses_libraries=ALL, library_path=/data/app/~~I7GwO298usEUNamwuljAbA==/com.mcfuzzysquirrel.studentfinance.test-GO1f0rqwZRk52sJBE2qCnw==/lib/x86_64:/data/app/~~YsZ1q7ZJ7Iubjw5Ubx_m7A==/com.mcfuzzysquirrel.studentfinance-syuDUGtJ_YuI1ZMwWaAgPA==/lib/x86_64, permitted_path=/data:/mnt/expand
03-14 22:59:06.149 12568 12568 W .studentfinance: ClassLoaderContext shared library size mismatch. Expected=2, found=3 (PCL[]{PCL[/system/framework/android.test.base.jar*724373495]#PCL[/system/framework/android.test.mock.jar*1452759902]} | PCL[]{PCL[/system/framework/android.test.base.jar*724373495]#PCL[/system/framework/android.test.mock.jar*1452759902]#PCL[/system/framework/android.test.runner.jar*2496447986]{PCL[/system/framework/android.test.base.jar*724373495]#PCL[/system/framework/android.test.mock.jar*1452759902]}};PCL[/system/framework/android.test.runner.jar*2496447986:/system/framework/android.test.mock.jar*1452759902:/system/framework/android.test.base.jar*724373495:/data/app/~~I7GwO298usEUNamwuljAbA==/com.mcfuzzysquirrel.studentfinance.test-GO1f0rqwZRk52sJBE2qCnw==/base.apk*3224200876:/data/app/~~YsZ1q7ZJ7Iubjw5Ubx_m7A==/com.mcfuzzysquirrel.studentfinance-syuDUGtJ_YuI1ZMwWaAgPA==/base.apk*2060289533])
03-14 22:59:06.151 12568 12568 W .studentfinance: ClassLoaderContext classpath size mismatch. expected=0, found=1 (PCL[] | PCL[/system/framework/android.test.runner.jar*2496447986]{PCL[/system/framework/android.test.base.jar*724373495]#PCL[/system/framework/android.test.mock.jar*1452759902]#PCL[/system/framework/android.test.runner.jar*2496447986]{PCL[/system/framework/android.test.base.jar*724373495]#PCL[/system/framework/android.test.mock.jar*1452759902]}};PCL[/system/framework/android.test.runner.jar*2496447986:/system/framework/android.test.mock.jar*1452759902:/system/framework/android.test.base.jar*724373495:/data/app/~~I7GwO298usEUNamwuljAbA==/com.mcfuzzysquirrel.studentfinance.test-GO1f0rqwZRk52sJBE2qCnw==/base.apk*3224200876:/data/app/~~YsZ1q7ZJ7Iubjw5Ubx_m7A==/com.mcfuzzysquirrel.studentfinance-syuDUGtJ_YuI1ZMwWaAgPA==/base.apk*2060289533])
03-14 22:59:06.152 12568 12568 W .studentfinance: ClassLoaderContext classpath size mismatch. expected=0, found=2 (PCL[] | PCL[/system/framework/android.test.runner.jar*2496447986:/system/framework/android.test.mock.jar*1452759902]{PCL[/system/framework/android.test.base.jar*724373495]#PCL[/system/framework/android.test.mock.jar*1452759902]#PCL[/system/framework/android.test.runner.jar*2496447986]{PCL[/system/framework/android.test.base.jar*724373495]#PCL[/system/framework/android.test.mock.jar*1452759902]}};PCL[/system/framework/android.test.runner.jar*2496447986:/system/framework/android.test.mock.jar*1452759902:/system/framework/android.test.base.jar*724373495:/data/app/~~I7GwO298usEUNamwuljAbA==/com.mcfuzzysquirrel.studentfinance.test-GO1f0rqwZRk52sJBE2qCnw==/base.apk*3224200876:/data/app/~~YsZ1q7ZJ7Iubjw5Ubx_m7A==/com.mcfuzzysquirrel.studentfinance-syuDUGtJ_YuI1ZMwWaAgPA==/base.apk*2060289533])
03-14 22:59:06.153 12568 12568 W ziparchive: Unable to open '/data/app/~~I7GwO298usEUNamwuljAbA==/com.mcfuzzysquirrel.studentfinance.test-GO1f0rqwZRk52sJBE2qCnw==/base.dm': No such file or directory
03-14 22:59:06.153 12568 12568 W ziparchive: Unable to open '/data/app/~~I7GwO298usEUNamwuljAbA==/com.mcfuzzysquirrel.studentfinance.test-GO1f0rqwZRk52sJBE2qCnw==/base.dm': No such file or directory
03-14 22:59:06.224 12568 12568 W ziparchive: Unable to open '/data/app/~~YsZ1q7ZJ7Iubjw5Ubx_m7A==/com.mcfuzzysquirrel.studentfinance-syuDUGtJ_YuI1ZMwWaAgPA==/base.dm': No such file or directory
03-14 22:59:06.224 12568 12568 W ziparchive: Unable to open '/data/app/~~YsZ1q7ZJ7Iubjw5Ubx_m7A==/com.mcfuzzysquirrel.studentfinance-syuDUGtJ_YuI1ZMwWaAgPA==/base.dm': No such file or directory
03-14 22:59:06.491 12568 12568 I AndroidJUnitRunner: newApplication com.mcfuzzysquirrel.studentfinance.MainApplication
03-14 22:59:06.515 12568 12568 I AndroidJUnitRunner: onCreate Bundle[mParcelledData.dataSize=312]
03-14 22:59:06.516 12568 12568 D AndroidJUnitRunner: Use the raw file system for managing file I/O.
03-14 22:59:06.578 12568 12568 V TestEventClient: No service name argument was given (testDiscoveryService, testRunEventService or orchestratorService)
03-14 22:59:06.579 12568 12593 D AndroidJUnitRunner: onStart is called.
03-14 22:59:06.582 12568 12568 W SoLoader: Initializing SoLoader: 0
03-14 22:59:06.584 12568 12568 W SoLoader: Recording new base apk path: /data/app/~~YsZ1q7ZJ7Iubjw5Ubx_m7A==/com.mcfuzzysquirrel.studentfinance-syuDUGtJ_YuI1ZMwWaAgPA==/base.apk
03-14 22:59:06.584 12568 12568 W SoLoader: Previously recorded 0 base apk paths.
03-14 22:59:06.586 12568 12568 I SoLoader: Preparing SO source: DirectorySoSource[root = /vendor/lib64 flags = 2]
03-14 22:59:06.586 12568 12568 I SoLoader: Preparing SO source: DirectorySoSource[root = /system/lib64 flags = 2]
03-14 22:59:06.586 12568 12568 I SoLoader: Preparing SO source: DirectApkSoSource[root = [/data/app/~~YsZ1q7ZJ7Iubjw5Ubx_m7A==/com.mcfuzzysquirrel.studentfinance-syuDUGtJ_YuI1ZMwWaAgPA==/base.apk!/lib/x86_64]]
03-14 22:59:06.600 12568 12568 I SoLoader: Preparing SO source: ApplicationSoSource[DirectorySoSource[root = /data/app/~~YsZ1q7ZJ7Iubjw5Ubx_m7A==/com.mcfuzzysquirrel.studentfinance-syuDUGtJ_YuI1ZMwWaAgPA==/lib/x86_64 flags = 0]]
03-14 22:59:06.600 12568 12568 I SoLoader: init finish: 4 SO sources prepared
03-14 22:59:06.600 12568 12568 W SoLoader: SoLoader initialized: 8
03-14 22:59:06.623 12568 12568 D nativeloader: Load /data/app/~~YsZ1q7ZJ7Iubjw5Ubx_m7A==/com.mcfuzzysquirrel.studentfinance-syuDUGtJ_YuI1ZMwWaAgPA==/base.apk!/lib/x86_64/libc++_shared.so using ns clns-7 from class loader (caller=/data/app/~~YsZ1q7ZJ7Iubjw5Ubx_m7A==/com.mcfuzzysquirrel.studentfinance-syuDUGtJ_YuI1ZMwWaAgPA==/base.apk): ok
03-14 22:59:06.631 12568 12568 D nativeloader: Load /data/app/~~YsZ1q7ZJ7Iubjw5Ubx_m7A==/com.mcfuzzysquirrel.studentfinance-syuDUGtJ_YuI1ZMwWaAgPA==/base.apk!/lib/x86_64/libjsi.so using ns clns-7 from class loader (caller=/data/app/~~YsZ1q7ZJ7Iubjw5Ubx_m7A==/com.mcfuzzysquirrel.studentfinance-syuDUGtJ_YuI1ZMwWaAgPA==/base.apk): ok
03-14 22:59:06.640 12568 12568 D nativeloader: Load /data/app/~~YsZ1q7ZJ7Iubjw5Ubx_m7A==/com.mcfuzzysquirrel.studentfinance-syuDUGtJ_YuI1ZMwWaAgPA==/base.apk!/lib/x86_64/libfbjni.so using ns clns-7 from class loader (caller=/data/app/~~YsZ1q7ZJ7Iubjw5Ubx_m7A==/com.mcfuzzysquirrel.studentfinance-syuDUGtJ_YuI1ZMwWaAgPA==/base.apk): ok
03-14 22:59:06.651 12568 12568 D nativeloader: Load /data/app/~~YsZ1q7ZJ7Iubjw5Ubx_m7A==/com.mcfuzzysquirrel.studentfinance-syuDUGtJ_YuI1ZMwWaAgPA==/base.apk!/lib/x86_64/libreactnative.so using ns clns-7 from class loader (caller=/data/app/~~YsZ1q7ZJ7Iubjw5Ubx_m7A==/com.mcfuzzysquirrel.studentfinance-syuDUGtJ_YuI1ZMwWaAgPA==/base.apk): ok
03-14 22:59:06.651 12568 12568 D jni_lib_merge: Entering merged library JNI_OnLoad.
03-14 22:59:06.652 12568 12568 D jni_lib_merge: Preparing 12 pre-merged libs (including stub)
03-14 22:59:06.652 12568 12568 D jni_lib_merge: Preparing to register libfabricjni_so.  onload_func: 0x727ce5297730
03-14 22:59:06.652 12568 12568 D jni_lib_merge: Preparing to register libreact_devsupportjni_so.  onload_func: 0x727ce5494190
03-14 22:59:06.652 12568 12568 D jni_lib_merge: Preparing to register libreact_featureflagsjni_so.  onload_func: 0x727ce54a5910
03-14 22:59:06.652 12568 12568 D jni_lib_merge: Preparing to register libreact_newarchdefaults_so.  onload_func: 0x727ce5546d20
03-14 22:59:06.652 12568 12568 D jni_lib_merge: Preparing to register libreactnativeblob_so.  onload_func: 0x727ce57512e0
03-14 22:59:06.652 12568 12568 D jni_lib_merge: Preparing to register libreactnativejni_so.  onload_func: 0x727ce5791770
03-14 22:59:06.652 12568 12568 D jni_lib_merge: Preparing to register libreactnativejni_common_so.  onload_func: 0x727ce57a15d0
03-14 22:59:06.652 12568 12568 D jni_lib_merge: Preparing to register librninstance_so.  onload_func: 0x727ce57de4c0
03-14 22:59:06.652 12568 12568 D jni_lib_merge: Preparing to register libturbomodulejsijni_so.  onload_func: 0x727ce593fc00
03-14 22:59:06.652 12568 12568 D jni_lib_merge: Preparing to register libuimanagerjni_so.  onload_func: 0x727ce5957de0
03-14 22:59:06.652 12568 12568 D jni_lib_merge: Preparing to register libyoga_so.  onload_func: 0x727ce5966d70
03-14 22:59:06.652 12568 12568 D jni_lib_merge: About to register 11 actual methods.
03-14 22:59:06.672 12568 12568 D nativeloader: Load /data/app/~~YsZ1q7ZJ7Iubjw5Ubx_m7A==/com.mcfuzzysquirrel.studentfinance-syuDUGtJ_YuI1ZMwWaAgPA==/base.apk!/lib/x86_64/libreact_codegen_rnscreens.so using ns clns-7 from class loader (caller=/data/app/~~YsZ1q7ZJ7Iubjw5Ubx_m7A==/com.mcfuzzysquirrel.studentfinance-syuDUGtJ_YuI1ZMwWaAgPA==/base.apk): ok
03-14 22:59:06.672 12568 12568 D jni_lib_merge: Entering merged library JNI_OnLoad.
03-14 22:59:06.672 12568 12568 D jni_lib_merge: Preparing 12 pre-merged libs (including stub)
03-14 22:59:06.672 12568 12568 D jni_lib_merge: Preparing to register libfabricjni_so.  onload_func: 0x727ce5297730
03-14 22:59:06.672 12568 12568 D jni_lib_merge: Preparing to register libreact_devsupportjni_so.  onload_func: 0x727ce5494190
03-14 22:59:06.672 12568 12568 D jni_lib_merge: Preparing to register libreact_featureflagsjni_so.  onload_func: 0x727ce54a5910
03-14 22:59:06.672 12568 12568 D jni_lib_merge: Preparing to register libreact_newarchdefaults_so.  onload_func: 0x727ce5546d20
03-14 22:59:06.672 12568 12568 D jni_lib_merge: Preparing to register libreactnativeblob_so.  onload_func: 0x727ce57512e0
03-14 22:59:06.672 12568 12568 D jni_lib_merge: Preparing to register libreactnativejni_so.  onload_func: 0x727ce5791770
03-14 22:59:06.672 12568 12568 D jni_lib_merge: Preparing to register libreactnativejni_common_so.  onload_func: 0x727ce57a15d0
03-14 22:59:06.672 12568 12568 D jni_lib_merge: Preparing to register librninstance_so.  onload_func: 0x727ce57de4c0
03-14 22:59:06.672 12568 12568 D jni_lib_merge: Preparing to register libturbomodulejsijni_so.  onload_func: 0x727ce593fc00
03-14 22:59:06.672 12568 12568 D jni_lib_merge: Preparing to register libuimanagerjni_so.  onload_func: 0x727ce5957de0
03-14 22:59:06.672 12568 12568 D jni_lib_merge: Preparing to register libyoga_so.  onload_func: 0x727ce5966d70
03-14 22:59:06.672 12568 12568 D jni_lib_merge: About to register 11 actual methods.
03-14 22:59:06.682 12568 12568 D nativeloader: Load /data/app/~~YsZ1q7ZJ7Iubjw5Ubx_m7A==/com.mcfuzzysquirrel.studentfinance-syuDUGtJ_YuI1ZMwWaAgPA==/base.apk!/lib/x86_64/libreact_codegen_rnsvg.so using ns clns-7 from class loader (caller=/data/app/~~YsZ1q7ZJ7Iubjw5Ubx_m7A==/com.mcfuzzysquirrel.studentfinance-syuDUGtJ_YuI1ZMwWaAgPA==/base.apk): ok
03-14 22:59:06.682 12568 12568 D jni_lib_merge: Entering merged library JNI_OnLoad.
03-14 22:59:06.682 12568 12568 D jni_lib_merge: Preparing 12 pre-merged libs (including stub)
03-14 22:59:06.682 12568 12568 D jni_lib_merge: Preparing to register libfabricjni_so.  onload_func: 0x727ce5297730
03-14 22:59:06.682 12568 12568 D jni_lib_merge: Preparing to register libreact_devsupportjni_so.  onload_func: 0x727ce5494190
03-14 22:59:06.682 12568 12568 D jni_lib_merge: Preparing to register libreact_featureflagsjni_so.  onload_func: 0x727ce54a5910
03-14 22:59:06.682 12568 12568 D jni_lib_merge: Preparing to register libreact_newarchdefaults_so.  onload_func: 0x727ce5546d20
03-14 22:59:06.682 12568 12568 D jni_lib_merge: Preparing to register libreactnativeblob_so.  onload_func: 0x727ce57512e0
03-14 22:59:06.682 12568 12568 D jni_lib_merge: Preparing to register libreactnativejni_so.  onload_func: 0x727ce5791770
03-14 22:59:06.682 12568 12568 D jni_lib_merge: Preparing to register libreactnativejni_common_so.  onload_func: 0x727ce57a15d0
03-14 22:59:06.682 12568 12568 D jni_lib_merge: Preparing to register librninstance_so.  onload_func: 0x727ce57de4c0
03-14 22:59:06.682 12568 12568 D jni_lib_merge: Preparing to register libturbomodulejsijni_so.  onload_func: 0x727ce593fc00
03-14 22:59:06.682 12568 12568 D jni_lib_merge: Preparing to register libuimanagerjni_so.  onload_func: 0x727ce5957de0
03-14 22:59:06.682 12568 12568 D jni_lib_merge: Preparing to register libyoga_so.  onload_func: 0x727ce5966d70
03-14 22:59:06.682 12568 12568 D jni_lib_merge: About to register 11 actual methods.
03-14 22:59:06.691 12568 12568 D nativeloader: Load /data/app/~~YsZ1q7ZJ7Iubjw5Ubx_m7A==/com.mcfuzzysquirrel.studentfinance-syuDUGtJ_YuI1ZMwWaAgPA==/base.apk!/lib/x86_64/libreact_codegen_safeareacontext.so using ns clns-7 from class loader (caller=/data/app/~~YsZ1q7ZJ7Iubjw5Ubx_m7A==/com.mcfuzzysquirrel.studentfinance-syuDUGtJ_YuI1ZMwWaAgPA==/base.apk): ok
03-14 22:59:06.696 12568 12568 D nativeloader: Load /data/app/~~YsZ1q7ZJ7Iubjw5Ubx_m7A==/com.mcfuzzysquirrel.studentfinance-syuDUGtJ_YuI1ZMwWaAgPA==/base.apk!/lib/x86_64/libappmodules.so using ns clns-7 from class loader (caller=/data/app/~~YsZ1q7ZJ7Iubjw5Ubx_m7A==/com.mcfuzzysquirrel.studentfinance-syuDUGtJ_YuI1ZMwWaAgPA==/base.apk): ok
03-14 22:59:06.754 12568 12593 I InstrConnection: Could not send broadcast or register receiver (isolatedProcess?)
03-14 22:59:06.756 12568 12593 D TestRequestBuilder: Using class path scanning to discover tests
03-14 22:59:06.757 12568 12593 I TestRequestBuilder: Scanning classpath to find tests in paths [/data/app/~~I7GwO298usEUNamwuljAbA==/com.mcfuzzysquirrel.studentfinance.test-GO1f0rqwZRk52sJBE2qCnw==/base.apk]
03-14 22:59:06.757 12568 12593 W .studentfinance: Opening an oat file without a class loader. Are you using the deprecated DexFile APIs?
03-14 22:59:07.541 12568 12593 I TestRunner: run started: 1 tests
03-14 22:59:07.542 12568 12593 I TestRunner: started: runDetoxTests(com.mcfuzzysquirrel.studentfinance.DetoxTest)
03-14 22:59:07.558 12568 12593 I Detox   : Detox server connection details: url=ws://localhost:41963, sessionId=325c6741-a446-e39b-f7f1-35d30311af64
03-14 22:59:07.639 12568 12593 I Tracing : Tracer added: class androidx.test.platform.tracing.AndroidXTracer
03-14 22:59:07.664 12568 12593 W .studentfinance: Accessing hidden field Ljava/lang/reflect/Field;->accessFlags:I (unsupported, reflection, allowed)
03-14 22:59:07.669 12568 12593 I Detox   : Connecting to server...
03-14 22:59:07.669 12568 12593 I DetoxWSClient: At connectToServer
03-14 22:59:07.767 12568 12601 D TrafficStats: tagSocket(102) with statsTag=0xffffffff, statsUid=-1
03-14 22:59:07.788 12568 12601 D DetoxWSClient: At onOpen
03-14 22:59:07.788 12568 12601 I DetoxWSClient: Sending out action 'login' (ID #0)
03-14 22:59:07.788 12568 12601 I Detox   : Connected to server!
03-14 22:59:07.791 12568 12601 D DetoxWSClient: Received action 'loginSuccess' (ID #0, params={"testerConnected":true,"appConnected":true})
03-14 22:59:07.793 12568 12597 I DetoxDispatcher: Handling action 'loginSuccess' (ID #0)...
03-14 22:59:07.793 12568 12597 I DetoxDispatcher: Done with action 'loginSuccess'
03-14 22:59:07.793 12568 12593 I Detox   : Launching the tested activity!
03-14 22:59:07.838 12568 12601 D DetoxWSClient: Received action 'isReady' (ID #-1000, params={})
03-14 22:59:07.838 12568 12597 I DetoxDispatcher: Handling action 'isReady' (ID #-1000)...
03-14 22:59:08.386 12568 12568 D AppCompatDelegate: Checking for metadata for AppLocalesMetadataHolderService : Service not found
03-14 22:59:08.518 12568 12568 D LifecycleMonitor: Lifecycle status change: com.mcfuzzysquirrel.studentfinance.MainActivity@340991c in: PRE_ON_CREATE
03-14 22:59:09.239 12568 12568 W unknown:BridgelessReact: ReactHost{0}.startSurface(surfaceId = 0): Schedule
03-14 22:59:09.241 12568 12568 W unknown:BridgelessReact: ReactHost{0}.attachSurface(surfaceId = 0)
03-14 22:59:09.242 12568 12629 W unknown:BridgelessReact: ReactHost{0}.getOrCreateReactInstanceTask()
03-14 22:59:09.243 12568 12629 W unknown:BridgelessReact: ReactHost{0}.getOrCreateReactInstanceTask(): Start
03-14 22:59:09.243 12568 12629 D Detox.RNMarker: REACT_BRIDGELESS_LOADING_START (null)
03-14 22:59:09.243 12568 12629 W unknown:BridgelessReact: ReactHost{0}.getJSBundleLoader()
03-14 22:59:09.243 12568 12629 W unknown:BridgelessReact: ReactHost{0}.isMetroRunning()
03-14 22:59:09.261 12568 12628 D TrafficStats: tagSocket(109) with statsTag=0xffffffff, statsUid=-1
03-14 22:59:09.262 12568 12630 D TrafficStats: tagSocket(111) with statsTag=0xffffffff, statsUid=-1
03-14 22:59:09.276 12568 12628 W unknown:ReconnectingWebSocket: Couldn't connect to "ws://10.0.2.2:8081/message?device=sdk_gphone64_x86_64%20-%2015%20-%20API%2035&app=com.mcfuzzysquirrel.studentfinance&clientid=BridgelessDevSupportManager", will silently retry
03-14 22:59:09.278 12568 12630 W unknown:ReactNative: The packager does not seem to be running as we got an IOException requesting its status: Failed to connect to /10.0.2.2:8081
03-14 22:59:09.278 12568 12630 W unknown:BridgelessReact: ReactHost{0}.isMetroRunning(): Async result = false
03-14 22:59:09.279 12568 12629 W unknown:BridgelessReact: ReactHost{0}.getOrCreateReactInstanceTask(): Creating BridgelessReactContext
03-14 22:59:09.281 12568 12629 W unknown:BridgelessReact: ReactHost{0}.getOrCreateReactInstanceTask(): Creating ReactInstance
03-14 22:59:09.286 12568 12568 W .studentfinance: Accessing hidden method Landroid/view/ViewGroup;->makeOptionalFitsSystemWindows()V (unsupported, reflection, allowed)
03-14 22:59:09.294 12568 12568 D LifecycleMonitor: Lifecycle status change: com.mcfuzzysquirrel.studentfinance.MainActivity@340991c in: CREATED
03-14 22:59:09.298 12568 12568 D LifecycleMonitor: Lifecycle status change: com.mcfuzzysquirrel.studentfinance.MainActivity@340991c in: STARTED
03-14 22:59:09.303 12568 12568 W unknown:BridgelessReact: ReactHost{0}.onHostResume(activity)
03-14 22:59:09.303 12568 12568 W unknown:ReactNative: Packager connection already open, nooping.
03-14 22:59:09.303 12568 12568 W unknown:BridgelessReact: ReactHost{0}.ReactContext.onHostResume()
03-14 22:59:09.303 12568 12568 D LifecycleMonitor: Lifecycle status change: com.mcfuzzysquirrel.studentfinance.MainActivity@340991c in: RESUMED
03-14 22:59:09.322 12568 12568 W HWUI    : Unknown dataspace 0
03-14 22:59:09.342 12568 12636 D TrafficStats: tagSocket(117) with statsTag=0xffffffff, statsUid=-1
03-14 22:59:09.381 12568 12629 D nativeloader: Load /data/app/~~YsZ1q7ZJ7Iubjw5Ubx_m7A==/com.mcfuzzysquirrel.studentfinance-syuDUGtJ_YuI1ZMwWaAgPA==/base.apk!/lib/x86_64/libhermesvm.so using ns clns-7 from class loader (caller=/data/app/~~YsZ1q7ZJ7Iubjw5Ubx_m7A==/com.mcfuzzysquirrel.studentfinance-syuDUGtJ_YuI1ZMwWaAgPA==/base.apk): ok
03-14 22:59:09.385 12568 12629 D nativeloader: Load /data/app/~~YsZ1q7ZJ7Iubjw5Ubx_m7A==/com.mcfuzzysquirrel.studentfinance-syuDUGtJ_YuI1ZMwWaAgPA==/base.apk!/lib/x86_64/libhermestooling.so using ns clns-7 from class loader (caller=/data/app/~~YsZ1q7ZJ7Iubjw5Ubx_m7A==/com.mcfuzzysquirrel.studentfinance-syuDUGtJ_YuI1ZMwWaAgPA==/base.apk): ok
03-14 22:59:09.404 12568 12607 I EGL_emulation: Opening libGLESv1_CM_emulation.so
03-14 22:59:09.406 12568 12607 I EGL_emulation: Opening libGLESv2_emulation.so
03-14 22:59:09.406 12568 12629 D jni_lib_merge: Entering merged library JNI_OnLoad.
03-14 22:59:09.406 12568 12629 D jni_lib_merge: Preparing 4 pre-merged libs (including stub)
03-14 22:59:09.406 12568 12629 D jni_lib_merge: Preparing to register libhermes_executor_so.  onload_func: 0x727cdd3a8050
03-14 22:59:09.406 12568 12629 D jni_lib_merge: Preparing to register libhermesinstancejni_so.  onload_func: 0x727cdd3de680
03-14 22:59:09.406 12568 12629 D jni_lib_merge: Preparing to register libjsijniprofiler_so.  onload_func: 0x727cdd3e03f0
03-14 22:59:09.406 12568 12629 D jni_lib_merge: About to register 3 actual methods.
03-14 22:59:09.515 12568 12607 W HWUI    : Failed to initialize 101010-2 format, error = EGL_SUCCESS
03-14 22:59:09.605 12568 12607 I Gralloc4: mapper 4.x is not supported
03-14 22:59:09.965 12568 12568 I Choreographer: Skipped 36 frames!  The application may be doing too much work on its main thread.
03-14 22:59:10.133 12568 12629 W .studentfinance: Verification of expo.modules.kotlin.modules.ModuleDefinitionData expo.modules.fetch.ExpoFetchModule.definition() took 140.081ms (22472.69 bytecodes/s) (65000B approximate peak alloc)
03-14 22:59:10.514 12568 12629 W .studentfinance: Verification of expo.modules.kotlin.modules.ModuleDefinitionData expo.modules.filesystem.FileSystemModule.definition() took 197.739ms (53434.06 bytecodes/s) (202904B approximate peak alloc)
03-14 22:59:10.840 12568 12629 I ExpoModulesCore: ✅ AppContext was initialized
03-14 22:59:11.168 12568 12629 W unknown:BridgelessReact: ReactHost{0}.getOrCreateReactInstanceTask(): Loading JS Bundle
03-14 22:59:11.171 12568 12629 W unknown:BridgelessReact: ReactHost{0}.getOrCreateReactInstanceTask(): DevSupportManager.onNewReactContextCreated()
03-14 22:59:11.173 12568 12634 D Detox.RNMarker: RUN_JS_BUNDLE_START (index.android.bundle)
03-14 22:59:11.181 12568 12629 W unknown:BridgelessReact: ReactHost{0}.startSurface(surfaceId = 0): Execute
03-14 22:59:11.184 12568 12568 W unknown:ReactNative: Packager connection already open, nooping.
03-14 22:59:11.184 12568 12568 W unknown:BridgelessReact: ReactHost{0}.ReactContext.onHostResume()
03-14 22:59:11.185 12568 12568 W unknown:BridgelessReact: ReactHost{0}.getOrCreateReactInstanceTask(): Executing ReactInstanceEventListeners
03-14 22:59:11.191 12568 12568 I DetoxRNLoading: Got new RN-context through listener
03-14 22:59:11.193 12568 12597 W .studentfinance: Long monitor contention with owner Instr: androidx.test.runner.AndroidJUnitRunner (12593) at void com.wix.detox.DetoxMain.launchActivityOnCue(android.content.Context, com.wix.detox.ActivityLaunchHelper)(DetoxMain.kt:53) waiters=0 in void com.wix.detox.DetoxMain$setupActionHandlers$SynchronizedActionHandler.handle(java.lang.String, long) for 3.354s
03-14 22:59:11.219 12568 12568 W .studentfinance: Accessing hidden method Landroid/os/MessageQueue;->next()Landroid/os/Message; (unsupported, reflection, allowed)
03-14 22:59:11.222 12568 12568 W .studentfinance: Accessing hidden field Landroid/os/MessageQueue;->mMessages:Landroid/os/Message; (unsupported, reflection, allowed)
03-14 22:59:11.222 12568 12568 W .studentfinance: Accessing hidden method Landroid/os/Message;->recycleUnchecked()V (unsupported, reflection, allowed)
03-14 22:59:11.224 12568 12568 I Detox   : Wait is over: App is now idle!
03-14 22:59:11.224 12568 12597 I DetoxWSClient: Sending out action 'ready' (ID #-1000)
03-14 22:59:11.226 12568 12597 I DetoxDispatcher: Done with action 'isReady'
03-14 22:59:11.271 12568 12601 D DetoxWSClient: Received action 'invoke' (ID #1, params={"target":{"type":"Class","value":"com.wix.detox.espresso.DetoxAssertion"},"method":"waitForAssertMatcher","args":[{"type":"Invocation","value":{"target":{"type":"Class","value":"androidx.test.espresso.Espresso"},"method":"onView","args":[{"type":"Invocation","value":{"target":{"type":"Class","value":"com.wix.detox.espresso.DetoxMatcher"},"method":"matcherForTestId","args":["dashboard-add-expense-button",{"type":"boolean","value":false}]}}]}},{"type":"Invocation","value":{"target":{"type":"Class","value":"com.wix.detox.espresso.DetoxMatcher"},"method":"matcherForSufficientlyVisible","args":[{"type":"Integer","value":75}]}},{"type":"Double","value":15}]})
03-14 22:59:11.285 12568 12628 D TrafficStats: tagSocket(131) with statsTag=0xffffffff, statsUid=-1
03-14 22:59:11.301 12568 12597 I DetoxDispatcher: Handling action 'invoke' (ID #1)...
03-14 22:59:11.348 12568 12597 D Detox   : class com.wix.detox.espresso.DetoxMatcher, matcherForTestId, [dashboard-add-expense-button, false]
03-14 22:59:11.387 12568 12597 D Detox   : class androidx.test.espresso.Espresso, onView, [(view.getTag() is "dashboard-add-expense-button" and view has effective visibility <VISIBLE>)]
03-14 22:59:11.391 12568 12597 D Detox   : class com.wix.detox.espresso.DetoxMatcher, matcherForSufficientlyVisible, [75]
03-14 22:59:11.392 12568 12597 D Detox   : class com.wix.detox.espresso.DetoxAssertion, waitForAssertMatcher, [androidx.test.espresso.ViewInteraction@592f8bf, (view has effective visibility <VISIBLE> and view.getGlobalVisibleRect() covers at least <75> percent of the view's area), 15.0]
03-14 22:59:11.404 12568 12634 D nativeloader: Load /data/app/~~YsZ1q7ZJ7Iubjw5Ubx_m7A==/com.mcfuzzysquirrel.studentfinance-syuDUGtJ_YuI1ZMwWaAgPA==/base.apk!/lib/x86_64/libexpo-modules-core.so using ns clns-7 from class loader (caller=/data/app/~~YsZ1q7ZJ7Iubjw5Ubx_m7A==/com.mcfuzzysquirrel.studentfinance-syuDUGtJ_YuI1ZMwWaAgPA==/base.apk): ok
03-14 22:59:11.436 12568 12568 I ViewInteraction: Checking 'MatchesViewAssertion(Detox){viewMatcher=(view has effective visibility <VISIBLE> and view.getGlobalVisibleRect() covers at least <75> percent of the view's area)}' assertion on view (view.getTag() is "dashboard-add-expense-button" and view has effective visibility <VISIBLE>)
03-14 22:59:11.489 12568 12568 I ViewInteraction: Checking 'MatchesViewAssertion(Detox){viewMatcher=(view has effective visibility <VISIBLE> and view.getGlobalVisibleRect() covers at least <75> percent of the view's area)}' assertion on view (view.getTag() is "dashboard-add-expense-button" and view has effective visibility <VISIBLE>)
03-14 22:59:11.643 12568 12568 I ViewInteraction: Checking 'MatchesViewAssertion(Detox){viewMatcher=(view has effective visibility <VISIBLE> and view.getGlobalVisibleRect() covers at least <75> percent of the view's area)}' assertion on view (view.getTag() is "dashboard-add-expense-button" and view has effective visibility <VISIBLE>)
03-14 22:59:11.700 12568 12568 I ViewInteraction: Checking 'MatchesViewAssertion(Detox){viewMatcher=(view has effective visibility <VISIBLE> and view.getGlobalVisibleRect() covers at least <75> percent of the view's area)}' assertion on view (view.getTag() is "dashboard-add-expense-button" and view has effective visibility <VISIBLE>)
03-14 22:59:11.719 12568 12634 W unknown:ViewManagerPropertyUpdater: Could not find generated setter for class com.th3rdwave.safeareacontext.SafeAreaProviderManager
03-14 22:59:11.730 12568 12634 W unknown:ViewManagerPropertyUpdater: Could not find generated setter for class com.facebook.react.uimanager.LayoutShadowNode
03-14 22:59:11.737 12568 12634 W unknown:ViewManagerPropertyUpdater: Could not find generated setter for class com.swmansion.rnscreens.SearchBarManager
03-14 22:59:11.740 12568 12634 W unknown:ViewManagerPropertyUpdater: Could not find generated setter for class com.swmansion.rnscreens.ScreenFooterManager
03-14 22:59:11.740 12568 12568 I ViewInteraction: Checking 'MatchesViewAssertion(Detox){viewMatcher=(view has effective visibility <VISIBLE> and view.getGlobalVisibleRect() covers at least <75> percent of the view's area)}' assertion on view (view.getTag() is "dashboard-add-expense-button" and view has effective visibility <VISIBLE>)
03-14 22:59:11.742 12568 12634 W unknown:ViewManagerPropertyUpdater: Could not find generated setter for class com.swmansion.rnscreens.gamma.tabs.TabScreenViewManager
03-14 22:59:11.750 12568 12634 W unknown:ViewManagerPropertyUpdater: Could not find generated setter for class expo.modules.kotlin.views.GroupViewManagerWrapper
03-14 22:59:11.759 12568 12634 W unknown:ViewManagerPropertyUpdater: Could not find generated setter for class com.swmansion.rnscreens.ScreenContainerViewManager
03-14 22:59:11.762 12568 12634 W unknown:ViewManagerPropertyUpdater: Could not find generated setter for class com.swmansion.rnscreens.gamma.tabs.TabsHostViewManager
03-14 22:59:11.768 12568 12634 W unknown:ViewManagerPropertyUpdater: Could not find generated setter for class com.swmansion.rnscreens.ModalScreenViewManager
03-14 22:59:11.771 12568 12634 W unknown:ViewManagerPropertyUpdater: Could not find generated setter for class com.swmansion.rnscreens.ScreenStackHeaderConfigViewManager
03-14 22:59:11.774 12568 12568 I ViewInteraction: Checking 'MatchesViewAssertion(Detox){viewMatcher=(view has effective visibility <VISIBLE> and view.getGlobalVisibleRect() covers at least <75> percent of the view's area)}' assertion on view (view.getTag() is "dashboard-add-expense-button" and view has effective visibility <VISIBLE>)
03-14 22:59:11.774 12568 12634 W unknown:ViewManagerPropertyUpdater: Could not find generated setter for class com.swmansion.rnscreens.ScreenContentWrapperManager
03-14 22:59:11.775 12568 12634 W unknown:ViewManagerPropertyUpdater: Could not find generated setter for class com.th3rdwave.safeareacontext.SafeAreaViewManager
03-14 22:59:11.780 12568 12634 W unknown:ViewManagerPropertyUpdater: Could not find generated setter for class com.th3rdwave.safeareacontext.SafeAreaViewShadowNode
03-14 22:59:11.781 12568 12634 W unknown:ViewManagerPropertyUpdater: Could not find generated setter for class com.swmansion.rnscreens.safearea.SafeAreaViewManager
03-14 22:59:11.783 12568 12634 W unknown:ViewManagerPropertyUpdater: Could not find generated setter for class com.swmansion.rnscreens.safearea.paper.SafeAreaViewShadowNode
03-14 22:59:11.785 12568 12634 W unknown:ViewManagerPropertyUpdater: Could not find generated setter for class com.swmansion.rnscreens.ScreenViewManager
03-14 22:59:11.786 12568 12634 W unknown:ViewManagerPropertyUpdater: Could not find generated setter for class com.swmansion.rnscreens.gamma.stack.host.StackHostViewManager
03-14 22:59:11.789 12568 12634 W unknown:ViewManagerPropertyUpdater: Could not find generated setter for class com.swmansion.rnscreens.ScreenStackHeaderSubviewManager
03-14 22:59:11.793 12568 12634 W unknown:ViewManagerPropertyUpdater: Could not find generated setter for class com.swmansion.rnscreens.gamma.stack.screen.StackScreenViewManager
03-14 22:59:11.796 12568 12634 W unknown:ViewManagerPropertyUpdater: Could not find generated setter for class com.swmansion.rnscreens.ScreenStackViewManager
03-14 22:59:11.816 12568 12568 I ViewInteraction: Checking 'MatchesViewAssertion(Detox){viewMatcher=(view has effective visibility <VISIBLE> and view.getGlobalVisibleRect() covers at least <75> percent of the view's area)}' assertion on view (view.getTag() is "dashboard-add-expense-button" and view has effective visibility <VISIBLE>)
03-14 22:59:11.848 12568 12568 I ViewInteraction: Checking 'MatchesViewAssertion(Detox){viewMatcher=(view has effective visibility <VISIBLE> and view.getGlobalVisibleRect() covers at least <75> percent of the view's area)}' assertion on view (view.getTag() is "dashboard-add-expense-button" and view has effective visibility <VISIBLE>)
03-14 22:59:11.891 12568 12568 I ViewInteraction: Checking 'MatchesViewAssertion(Detox){viewMatcher=(view has effective visibility <VISIBLE> and view.getGlobalVisibleRect() covers at least <75> percent of the view's area)}' assertion on view (view.getTag() is "dashboard-add-expense-button" and view has effective visibility <VISIBLE>)
03-14 22:59:11.949 12568 12568 I ViewInteraction: Checking 'MatchesViewAssertion(Detox){viewMatcher=(view has effective visibility <VISIBLE> and view.getGlobalVisibleRect() covers at least <75> percent of the view's area)}' assertion on view (view.getTag() is "dashboard-add-expense-button" and view has effective visibility <VISIBLE>)
03-14 22:59:11.967 12568 12636 D TrafficStats: tagSocket(131) with statsTag=0xffffffff, statsUid=-1
03-14 22:59:11.995 12568 12568 I ViewInteraction: Checking 'MatchesViewAssertion(Detox){viewMatcher=(view has effective visibility <VISIBLE> and view.getGlobalVisibleRect() covers at least <75> percent of the view's area)}' assertion on view (view.getTag() is "dashboard-add-expense-button" and view has effective visibility <VISIBLE>)
03-14 22:59:12.045 12568 12568 I ViewInteraction: Checking 'MatchesViewAssertion(Detox){viewMatcher=(view has effective visibility <VISIBLE> and view.getGlobalVisibleRect() covers at least <75> percent of the view's area)}' assertion on view (view.getTag() is "dashboard-add-expense-button" and view has effective visibility <VISIBLE>)
03-14 22:59:12.051 12568 12634 W unknown:ViewManagerPropertyUpdater: Could not find generated setter for class com.horcrux.svg.RenderableViewManager$DefsViewManager
03-14 22:59:12.055 12568 12634 W unknown:ViewManagerPropertyUpdater: Could not find generated setter for class com.horcrux.svg.VirtualViewManager$RenderableShadowNode
03-14 22:59:12.116 12568 12634 W unknown:ViewManagerPropertyUpdater: Could not find generated setter for class com.facebook.react.views.debuggingoverlay.DebuggingOverlayManager
03-14 22:59:12.129 12568 12568 I ViewInteraction: Checking 'MatchesViewAssertion(Detox){viewMatcher=(view has effective visibility <VISIBLE> and view.getGlobalVisibleRect() covers at least <75> percent of the view's area)}' assertion on view (view.getTag() is "dashboard-add-expense-button" and view has effective visibility <VISIBLE>)
03-14 22:59:12.138 12568 12634 W unknown:ViewManagerPropertyUpdater: Could not find generated setter for class com.horcrux.svg.RenderableViewManager$FeMergeManager
03-14 22:59:12.152 12568 12634 W unknown:ViewManagerPropertyUpdater: Could not find generated setter for class com.facebook.react.views.safeareaview.ReactSafeAreaViewManager
03-14 22:59:12.203 12568 12568 I ViewInteraction: Checking 'MatchesViewAssertion(Detox){viewMatcher=(view has effective visibility <VISIBLE> and view.getGlobalVisibleRect() covers at least <75> percent of the view's area)}' assertion on view (view.getTag() is "dashboard-add-expense-button" and view has effective visibility <VISIBLE>)
03-14 22:59:12.220 12568 12634 W unknown:ViewManagerPropertyUpdater: Could not find generated setter for class com.horcrux.svg.RenderableViewManager$LinearGradientManager
03-14 22:59:12.245 12568 12568 I ViewInteraction: Checking 'MatchesViewAssertion(Detox){viewMatcher=(view has effective visibility <VISIBLE> and view.getGlobalVisibleRect() covers at least <75> percent of the view's area)}' assertion on view (view.getTag() is "dashboard-add-expense-button" and view has effective visibility <VISIBLE>)
03-14 22:59:12.247 12568 12634 W unknown:ViewManagerPropertyUpdater: Could not find generated setter for class com.horcrux.svg.RenderableViewManager$FeGaussianBlurManager
03-14 22:59:12.263 12568 12634 W unknown:ViewManagerPropertyUpdater: Could not find generated setter for class com.facebook.react.views.progressbar.ReactProgressBarViewManager
03-14 22:59:12.264 12568 12634 W unknown:ViewManagerPropertyUpdater: Could not find generated setter for class com.facebook.react.views.progressbar.ProgressBarShadowNode
03-14 22:59:12.269 12568 12572 I .studentfinance: Compiler allocated 5174KB to compile void android.view.ViewRootImpl.performTraversals()
03-14 22:59:12.278 12568 12634 W unknown:ViewManagerPropertyUpdater: Could not find generated setter for class com.facebook.react.views.scroll.ReactHorizontalScrollViewManager
03-14 22:59:12.309 12568 12568 I ViewInteraction: Checking 'MatchesViewAssertion(Detox){viewMatcher=(view has effective visibility <VISIBLE> and view.getGlobalVisibleRect() covers at least <75> percent of the view's area)}' assertion on view (view.getTag() is "dashboard-add-expense-button" and view has effective visibility <VISIBLE>)
03-14 22:59:12.309 12568 12634 W unknown:ViewManagerPropertyUpdater: Could not find generated setter for class com.facebook.react.views.text.ReactTextViewManager
03-14 22:59:12.312 12568 12634 W unknown:ViewManagerPropertyUpdater: Could not find generated setter for class com.facebook.react.views.text.ReactTextShadowNode
03-14 22:59:12.327 12568 12634 W unknown:ViewManagerPropertyUpdater: Could not find generated setter for class com.horcrux.svg.RenderableViewManager$FeColorMatrixManager
03-14 22:59:12.341 12568 12634 W unknown:ViewManagerPropertyUpdater: Could not find generated setter for class com.facebook.react.views.scroll.ReactHorizontalScrollContainerViewManager
03-14 22:59:12.379 12568 12634 W unknown:ViewManagerPropertyUpdater: Could not find generated setter for class com.horcrux.svg.RenderableViewManager$ClipPathViewManager
03-14 22:59:12.485 12568 12634 W unknown:ViewManagerPropertyUpdater: Could not find generated setter for class com.horcrux.svg.RenderableViewManager$SymbolManager
03-14 22:59:12.488 12568 12568 I ViewInteraction: Checking 'MatchesViewAssertion(Detox){viewMatcher=(view has effective visibility <VISIBLE> and view.getGlobalVisibleRect() covers at least <75> percent of the view's area)}' assertion on view (view.getTag() is "dashboard-add-expense-button" and view has effective visibility <VISIBLE>)
03-14 22:59:12.490 12568 12696 D ProfileInstaller: Installing profile for com.mcfuzzysquirrel.studentfinance
03-14 22:59:12.500 12568 12634 W unknown:ViewManagerPropertyUpdater: Could not find generated setter for class com.horcrux.svg.RenderableViewManager$PatternManager
03-14 22:59:12.510 12568 12634 W unknown:ViewManagerPropertyUpdater: Could not find generated setter for class com.horcrux.svg.RenderableViewManager$FeBlendManager
03-14 22:59:12.520 12568 12634 W unknown:ViewManagerPropertyUpdater: Could not find generated setter for class com.facebook.react.views.view.ReactViewManager
03-14 22:59:12.528 12568 12634 W unknown:ViewManagerPropertyUpdater: Could not find generated setter for class com.horcrux.svg.SvgViewManager
03-14 22:59:12.530 12568 12568 I ViewInteraction: Checking 'MatchesViewAssertion(Detox){viewMatcher=(view has effective visibility <VISIBLE> and view.getGlobalVisibleRect() covers at least <75> percent of the view's area)}' assertion on view (view.getTag() is "dashboard-add-expense-button" and view has effective visibility <VISIBLE>)
03-14 22:59:12.541 12568 12634 W unknown:ViewManagerPropertyUpdater: Could not find generated setter for class com.facebook.react.views.switchview.ReactSwitchManager
03-14 22:59:12.542 12568 12634 W unknown:ViewManagerPropertyUpdater: Could not find generated setter for class com.facebook.react.views.switchview.ReactSwitchShadowNode
03-14 22:59:12.552 12568 12634 W unknown:ViewManagerPropertyUpdater: Could not find generated setter for class com.horcrux.svg.RenderableViewManager$UseViewManager
03-14 22:59:12.564 12568 12568 I ViewInteraction: Checking 'MatchesViewAssertion(Detox){viewMatcher=(view has effective visibility <VISIBLE> and view.getGlobalVisibleRect() covers at least <75> percent of the view's area)}' assertion on view (view.getTag() is "dashboard-add-expense-button" and view has effective visibility <VISIBLE>)
03-14 22:59:12.568 12568 12634 W unknown:ViewManagerPropertyUpdater: Could not find generated setter for class com.horcrux.svg.RenderableViewManager$CircleViewManager
03-14 22:59:12.582 12568 12634 W unknown:ViewManagerPropertyUpdater: Could not find generated setter for class com.horcrux.svg.RenderableViewManager$TSpanViewManager
03-14 22:59:12.596 12568 12568 I ViewInteraction: Checking 'MatchesViewAssertion(Detox){viewMatcher=(view has effective visibility <VISIBLE> and view.getGlobalVisibleRect() covers at least <75> percent of the view's area)}' assertion on view (view.getTag() is "dashboard-add-expense-button" and view has effective visibility <VISIBLE>)
03-14 22:59:12.597 12568 12634 W unknown:ViewManagerPropertyUpdater: Could not find generated setter for class com.horcrux.svg.RenderableViewManager$FilterManager
03-14 22:59:12.607 12568 12634 W unknown:ViewManagerPropertyUpdater: Could not find generated setter for class com.horcrux.svg.RenderableViewManager$MarkerManager
