--------- beginning of main
03-14 21:38:52.061  3364  3364 I Detox   : Wait is over: App is now idle!
03-14 21:38:52.062  3364  3517 E TestRunner: failed: runDetoxTests(com.mcfuzzysquirrel.studentfinance.DetoxTest)
03-14 21:38:52.062  3364  3517 E TestRunner: ----- begin exception -----
03-14 21:38:52.062  3364  3517 E TestRunner: java.lang.RuntimeException: ReactContext is null!
03-14 21:38:52.062  3364  3517 E TestRunner: 	at com.wix.detox.reactnative.ReactApplicationExtKt.getCurrentReactContextSafe(ReactApplicationExt.kt:26)
03-14 21:38:52.062  3364  3517 E TestRunner: 	at com.wix.detox.reactnative.idlingresources.factory.FabricDetoxIdlingResourceFactoryStrategy$create$2.invokeSuspend(FabricDetoxIdlingResourceFactoryStrategy.kt:19)
03-14 21:38:52.062  3364  3517 E TestRunner: 	at com.wix.detox.reactnative.idlingresources.factory.FabricDetoxIdlingResourceFactoryStrategy$create$2.invoke(Unknown Source:8)
03-14 21:38:52.062  3364  3517 E TestRunner: 	at com.wix.detox.reactnative.idlingresources.factory.FabricDetoxIdlingResourceFactoryStrategy$create$2.invoke(Unknown Source:4)
03-14 21:38:52.062  3364  3517 E TestRunner: 	at kotlinx.coroutines.intrinsics.UndispatchedKt.startUndspatched(Undispatched.kt:66)
03-14 21:38:52.062  3364  3517 E TestRunner: 	at kotlinx.coroutines.intrinsics.UndispatchedKt.startUndispatchedOrReturn(Undispatched.kt:43)
03-14 21:38:52.062  3364  3517 E TestRunner: 	at kotlinx.coroutines.BuildersKt__Builders_commonKt.withContext(Builders.common.kt:165)
03-14 21:38:52.062  3364  3517 E TestRunner: 	at kotlinx.coroutines.BuildersKt.withContext(Unknown Source:1)
03-14 21:38:52.062  3364  3517 E TestRunner: 	at com.wix.detox.reactnative.idlingresources.factory.FabricDetoxIdlingResourceFactoryStrategy.create(FabricDetoxIdlingResourceFactoryStrategy.kt:18)
03-14 21:38:52.062  3364  3517 E TestRunner: 	at com.wix.detox.reactnative.idlingresources.factory.DetoxIdlingResourceFactory$create$2.invokeSuspend(DetoxIdlingResourceFactory.kt:18)
03-14 21:38:52.062  3364  3517 E TestRunner: 	at kotlin.coroutines.jvm.internal.BaseContinuationImpl.resumeWith(ContinuationImpl.kt:33)
03-14 21:38:52.062  3364  3517 E TestRunner: 	at kotlinx.coroutines.DispatchedTask.run(DispatchedTask.kt:100)
03-14 21:38:52.062  3364  3517 E TestRunner: 	at android.os.Handler.handleCallback(Handler.java:959)
03-14 21:38:52.062  3364  3517 E TestRunner: 	at android.os.Handler.dispatchMessage(Handler.java:100)
03-14 21:38:52.062  3364  3517 E TestRunner: 	at android.os.Looper.loopOnce(Looper.java:232)
03-14 21:38:52.062  3364  3517 E TestRunner: 	at android.os.Looper.loop(Looper.java:317)
03-14 21:38:52.062  3364  3517 E TestRunner: 	at android.app.ActivityThread.main(ActivityThread.java:8705)
03-14 21:38:52.062  3364  3517 E TestRunner: 	at java.lang.reflect.Method.invoke(Native Method)
03-14 21:38:52.062  3364  3517 E TestRunner: 	at com.android.internal.os.RuntimeInit$MethodAndArgsCaller.run(RuntimeInit.java:580)
03-14 21:38:52.062  3364  3517 E TestRunner: 	at com.android.internal.os.ZygoteInit.main(ZygoteInit.java:886)
03-14 21:38:52.062  3364  3517 E TestRunner: ----- end exception -----
03-14 21:38:52.065  3364  3517 I TestRunner: finished: runDetoxTests(com.mcfuzzysquirrel.studentfinance.DetoxTest)
03-14 21:38:52.067  3364  3593 I DetoxWSClient: Sending out action 'ready' (ID #-1000)
03-14 21:38:52.068  3364  3517 I MonitoringInstr: Unstopped activity count: 1
03-14 21:38:52.073  3364  3593 I DetoxDispatcher: Done with action 'isReady'
03-14 21:38:52.125  3364  3517 I MonitoringInstr: Unstopped activity count: 1
03-14 21:38:52.175  3364  3517 I MonitoringInstr: Unstopped activity count: 1
03-14 21:38:52.240  3364  3517 I MonitoringInstr: Unstopped activity count: 1
03-14 21:38:52.290  3364  3517 I MonitoringInstr: Unstopped activity count: 1
03-14 21:38:52.342  3364  3517 I MonitoringInstr: Unstopped activity count: 1
03-14 21:38:52.386  3364  3364 D VRI[MainActivity]: visibilityChanged oldVisibility=true newVisibility=false
03-14 21:38:52.392  3364  3517 I MonitoringInstr: Unstopped activity count: 1
03-14 21:38:52.442  3364  3517 I MonitoringInstr: Unstopped activity count: 1
03-14 21:38:52.500  3364  3517 I MonitoringInstr: Unstopped activity count: 1
03-14 21:38:52.582  3364  3517 I MonitoringInstr: Unstopped activity count: 1
03-14 21:38:52.634  3364  3517 I MonitoringInstr: Unstopped activity count: 1
03-14 21:38:52.690  3364  3517 I MonitoringInstr: Unstopped activity count: 1
03-14 21:38:52.740  3364  3517 I MonitoringInstr: Unstopped activity count: 1
03-14 21:38:52.790  3364  3517 I MonitoringInstr: Unstopped activity count: 1
03-14 21:38:52.798  3364  3364 D LifecycleMonitor: Lifecycle status change: com.mcfuzzysquirrel.studentfinance.MainActivity@eebbe89 in: STOPPED
03-14 21:38:52.840  3364  3517 I TestRunner: run finished: 1 tests, 1 failed, 0 ignored
03-14 21:38:52.952  3364  3364 D LifecycleMonitor: Lifecycle status change: com.mcfuzzysquirrel.studentfinance.MainActivity@eebbe89 in: DESTROYED
03-14 21:38:52.953  3364  3364 W WindowOnBackDispatcher: sendCancelIfRunning: isInProgress=false callback=android.view.ViewRootImpl$$ExternalSyntheticLambda11@d1d3377
03-14 21:38:52.973  3364  3364 W unknown:BridgelessReact: ReactHost{0}.stopSurface(surfaceId = 0): Schedule
03-14 21:38:52.975  3364  3364 W unknown:BridgelessReact: ReactHost{0}.detachSurface(surfaceId = 0)
03-14 21:38:52.976  3364  3659 W unknown:BridgelessReact: ReactHost{0}.raiseSoftException(callWithExistingReactInstance(stopSurface(surfaceId = 0))): Execute: reactInstance is null. Dropping work.
03-14 21:38:52.977  3364  3659 E unknown:ReactHost: Unhandled SoftException
03-14 21:38:52.977  3364  3659 E unknown:ReactHost: com.facebook.react.bridge.ReactNoCrashSoftException: raiseSoftException(callWithExistingReactInstance(stopSurface(surfaceId = 0))): Execute: reactInstance is null. Dropping work.
03-14 21:38:52.977  3364  3659 E unknown:ReactHost: 	at com.facebook.react.runtime.ReactHostImpl.raiseSoftException(ReactHostImpl.kt:861)
03-14 21:38:52.977  3364  3659 E unknown:ReactHost: 	at com.facebook.react.runtime.ReactHostImpl.raiseSoftException$default(ReactHostImpl.kt:852)
03-14 21:38:52.977  3364  3659 E unknown:ReactHost: 	at com.facebook.react.runtime.ReactHostImpl.callWithExistingReactInstance$lambda$31(ReactHostImpl.kt:877)
03-14 21:38:52.977  3364  3659 E unknown:ReactHost: 	at com.facebook.react.runtime.ReactHostImpl.$r8$lambda$l1K12GG-9QlElWkNW0LKLzyWgAs(Unknown Source:0)
03-14 21:38:52.977  3364  3659 E unknown:ReactHost: 	at com.facebook.react.runtime.ReactHostImpl$$ExternalSyntheticLambda32.then(D8$$SyntheticClass:0)
03-14 21:38:52.977  3364  3659 E unknown:ReactHost: 	at com.facebook.react.runtime.internal.bolts.Task$Companion.completeImmediately$lambda$3(Task.kt:360)
03-14 21:38:52.977  3364  3659 E unknown:ReactHost: 	at com.facebook.react.runtime.internal.bolts.Task$Companion.$r8$lambda$b7MTC0ufkn_2TjF4BGcNqGR9qK0(Unknown Source:0)
03-14 21:38:52.977  3364  3659 E unknown:ReactHost: 	at com.facebook.react.runtime.internal.bolts.Task$Companion$$ExternalSyntheticLambda3.run(D8$$SyntheticClass:0)
03-14 21:38:52.977  3364  3659 E unknown:ReactHost: 	at com.facebook.react.runtime.internal.bolts.Executors$ImmediateExecutor.execute(Executors.kt:41)
03-14 21:38:52.977  3364  3659 E unknown:ReactHost: 	at com.facebook.react.runtime.internal.bolts.Task$Companion.completeImmediately(Task.kt:358)
03-14 21:38:52.977  3364  3659 E unknown:ReactHost: 	at com.facebook.react.runtime.internal.bolts.Task$Companion.access$completeImmediately(Task.kt:254)
03-14 21:38:52.977  3364  3659 E unknown:ReactHost: 	at com.facebook.react.runtime.internal.bolts.Task.continueWith(Task.kt:133)
03-14 21:38:52.977  3364  3659 E unknown:ReactHost: 	at com.facebook.react.runtime.internal.bolts.Task.continueWith$default(Task.kt:117)
03-14 21:38:52.977  3364  3659 E unknown:ReactHost: 	at com.facebook.react.runtime.internal.bolts.Task.onSuccess$lambda$12(Task.kt:176)
03-14 21:38:52.977  3364  3659 E unknown:ReactHost: 	at com.facebook.react.runtime.internal.bolts.Task.$r8$lambda$l0wwo5AvbHxlwfI1R7CH_codxoo(Unknown Source:0)
03-14 21:38:52.977  3364  3659 E unknown:ReactHost: 	at com.facebook.react--------- beginning of main
03-14 21:39:06.142  4369  4369 D nativeloader: Configuring clns-7 for other apk /system/framework/android.test.runner.jar:/system/framework/android.test.mock.jar:/system/framework/android.test.base.jar:/data/app/~~lENuPMfxHVJeHgLQVunKTg==/com.mcfuzzysquirrel.studentfinance.test-D9Q8t_RirGyQ8mhkWKVF3Q==/base.apk:/data/app/~~Y1avURInPmjIP-JxReb0Qg==/com.mcfuzzysquirrel.studentfinance-oloXB6kcleQMKDVZwMFaNQ==/base.apk. target_sdk_version=36, uses_libraries=, library_path=/data/app/~~lENuPMfxHVJeHgLQVunKTg==/com.mcfuzzysquirrel.studentfinance.test-D9Q8t_RirGyQ8mhkWKVF3Q==/lib/x86_64:/data/app/~~Y1avURInPmjIP-JxReb0Qg==/com.mcfuzzysquirrel.studentfinance-oloXB6kcleQMKDVZwMFaNQ==/lib/x86_64:/data/app/~~lENuPMfxHVJeHgLQVunKTg==/com.mcfuzzysquirrel.studentfinance.test-D9Q8t_RirGyQ8mhkWKVF3Q==/base.apk!/lib/x86_64:/data/app/~~Y1avURInPmjIP-JxReb0Qg==/com.mcfuzzysquirrel.studentfinance-oloXB6kcleQMKDVZwMFaNQ==/base.apk!/lib/x86_64, permitted_path=/data:/mnt/expand:/data/user/0/com.mcfuzzysquirrel.studentfinance
03-14 21:39:06.175  4369  4369 V GraphicsEnvironment: Currently set values for:
03-14 21:39:06.176  4369  4369 V GraphicsEnvironment:   angle_gl_driver_selection_pkgs=[]
03-14 21:39:06.176  4369  4369 V GraphicsEnvironment:   angle_gl_driver_selection_values=[]
03-14 21:39:06.176  4369  4369 V GraphicsEnvironment: Global.Settings values are invalid: number of packages: 0, number of values: 0
03-14 21:39:06.176  4369  4369 V GraphicsEnvironment: Neither updatable production driver nor prerelease driver is supported.
03-14 21:39:06.180  4369  4369 D ApplicationLoaders: Returning zygote-cached class loader: /system/framework/android.test.base.jar
03-14 21:39:06.184  4369  4369 D nativeloader: Configuring clns-8 for other apk /system/framework/android.test.mock.jar. target_sdk_version=36, uses_libraries=ALL, library_path=/data/app/~~lENuPMfxHVJeHgLQVunKTg==/com.mcfuzzysquirrel.studentfinance.test-D9Q8t_RirGyQ8mhkWKVF3Q==/lib/x86_64:/data/app/~~Y1avURInPmjIP-JxReb0Qg==/com.mcfuzzysquirrel.studentfinance-oloXB6kcleQMKDVZwMFaNQ==/lib/x86_64, permitted_path=/data:/mnt/expand
03-14 21:39:06.191  4369  4369 D ApplicationLoaders: Returning zygote-cached class loader: /system/framework/android.test.base.jar
03-14 21:39:06.195  4369  4369 D nativeloader: Configuring clns-9 for other apk /system/framework/android.test.runner.jar. target_sdk_version=36, uses_libraries=ALL, library_path=/data/app/~~lENuPMfxHVJeHgLQVunKTg==/com.mcfuzzysquirrel.studentfinance.test-D9Q8t_RirGyQ8mhkWKVF3Q==/lib/x86_64:/data/app/~~Y1avURInPmjIP-JxReb0Qg==/com.mcfuzzysquirrel.studentfinance-oloXB6kcleQMKDVZwMFaNQ==/lib/x86_64, permitted_path=/data:/mnt/expand
03-14 21:39:06.199  4369  4369 W .studentfinance: ClassLoaderContext shared library size mismatch. Expected=2, found=3 (PCL[]{PCL[/system/framework/android.test.base.jar*724373495]#PCL[/system/framework/android.test.mock.jar*1452759902]} | PCL[]{PCL[/system/framework/android.test.base.jar*724373495]#PCL[/system/framework/android.test.mock.jar*1452759902]#PCL[/system/framework/android.test.runner.jar*2496447986]{PCL[/system/framework/android.test.base.jar*724373495]#PCL[/system/framework/android.test.mock.jar*1452759902]}};PCL[/system/framework/android.test.runner.jar*2496447986:/system/framework/android.test.mock.jar*1452759902:/system/framework/android.test.base.jar*724373495:/data/app/~~lENuPMfxHVJeHgLQVunKTg==/com.mcfuzzysquirrel.studentfinance.test-D9Q8t_RirGyQ8mhkWKVF3Q==/base.apk*3046124314:/data/app/~~Y1avURInPmjIP-JxReb0Qg==/com.mcfuzzysquirrel.studentfinance-oloXB6kcleQMKDVZwMFaNQ==/base.apk*707418998])
03-14 21:39:06.200  4369  4369 W .studentfinance: ClassLoaderContext classpath size mismatch. expected=0, found=1 (PCL[] | PCL[/system/framework/android.test.runner.jar*2496447986]{PCL[/system/framework/android.test.base.jar*724373495]#PCL[/system/framework/android.test.mock.jar*1452759902]#PCL[/system/framework/android.test.runner.jar*2496447986]{PCL[/system/framework/android.test.base.jar*724373495]#PCL[/system/framework/android.test.mock.jar*1452759902]}};PCL[/system/framework/android.test.runner.jar*2496447986:/system/framework/android.test.mock.jar*1452759902:/system/framework/android.test.base.jar*724373495:/data/app/~~lENuPMfxHVJeHgLQVunKTg==/com.mcfuzzysquirrel.studentfinance.test-D9Q8t_RirGyQ8mhkWKVF3Q==/base.apk*3046124314:/data/app/~~Y1avURInPmjIP-JxReb0Qg==/com.mcfuzzysquirrel.studentfinance-oloXB6kcleQMKDVZwMFaNQ==/base.apk*707418998])
03-14 21:39:06.202  4369  4369 W .studentfinance: ClassLoaderContext classpath size mismatch. expected=0, found=2 (PCL[] | PCL[/system/framework/android.test.runner.jar*2496447986:/system/framework/android.test.mock.jar*1452759902]{PCL[/system/framework/android.test.base.jar*724373495]#PCL[/system/framework/android.test.mock.jar*1452759902]#PCL[/system/framework/android.test.runner.jar*2496447986]{PCL[/system/framework/android.test.base.jar*724373495]#PCL[/system/framework/android.test.mock.jar*1452759902]}};PCL[/system/framework/android.test.runner.jar*2496447986:/system/framework/android.test.mock.jar*1452759902:/system/framework/android.test.base.jar*724373495:/data/app/~~lENuPMfxHVJeHgLQVunKTg==/com.mcfuzzysquirrel.studentfinance.test-D9Q8t_RirGyQ8mhkWKVF3Q==/base.apk*3046124314:/data/app/~~Y1avURInPmjIP-JxReb0Qg==/com.mcfuzzysquirrel.studentfinance-oloXB6kcleQMKDVZwMFaNQ==/base.apk*707418998])
03-14 21:39:06.204  4369  4369 W ziparchive: Unable to open '/data/app/~~lENuPMfxHVJeHgLQVunKTg==/com.mcfuzzysquirrel.studentfinance.test-D9Q8t_RirGyQ8mhkWKVF3Q==/base.dm': No such file or directory
03-14 21:39:06.204  4369  4369 W ziparchive: Unable to open '/data/app/~~lENuPMfxHVJeHgLQVunKTg==/com.mcfuzzysquirrel.studentfinance.test-D9Q8t_RirGyQ8mhkWKVF3Q==/base.dm': No such file or directory
03-14 21:39:06.297  4369  4369 W ziparchive: Unable to open '/data/app/~~Y1avURInPmjIP-JxReb0Qg==/com.mcfuzzysquirrel.studentfinance-oloXB6kcleQMKDVZwMFaNQ==/base.dm': No such file or directory
03-14 21:39:06.299  4369  4369 W ziparchive: Unable to open '/data/app/~~Y1avURInPmjIP-JxReb0Qg==/com.mcfuzzysquirrel.studentfinance-oloXB6kcleQMKDVZwMFaNQ==/base.dm': No such file or directory
03-14 21:39:06.644  4369  4369 I AndroidJUnitRunner: newApplication com.mcfuzzysquirrel.studentfinance.MainApplication
03-14 21:39:06.952  4369  4369 D jni_lib_merge: Preparing 12 pre-merged libs (including stub)
03-14 21:39:06.952  4369  4369 D jni_lib_merge: Preparing to register libfabricjni_so.  onload_func: 0x738c16b38730
03-14 21:39:06.952  4369  4369 D jni_lib_merge: Preparing to register libreact_devsupportjni_so.  onload_func: 0x738c16d35190
03-14 21:39:06.952  4369  4369 D jni_lib_merge: Preparing to register libreact_featureflagsjni_so.  onload_func: 0x738c16d46910
03-14 21:39:06.952  4369  4369 D jni_lib_merge: Preparing to register libreact_newarchdefaults_so.  onload_func: 0x738c16de7d20
03-14 21:39:06.952  4369  4369 D jni_lib_merge: Preparing to register libreactnativeblob_so.  onload_func: 0x738c16ff22e0
03-14 21:39:06.952  4369  4369 D jni_lib_merge: Preparing to register libreactnativejni_so.  onload_func: 0x738c17032770
03-14 21:39:06.952  4369  4369 D jni_lib_merge: Preparing to register libreactnativejni_common_so.  onload_func: 0x738c170425d0
03-14 21:39:06.952  4369  4369 D jni_lib_merge: Preparing to register librninstance_so.  onload_func: 0x738c1707f4c0
03-14 21:39:06.952  4369  4369 D jni_lib_merge: Preparing to register libturbomodulejsijni_so.  onload_func: 0x738c171e0c00
03-14 21:39:06.952  4369  4369 D jni_lib_merge: Preparing to register libuimanagerjni_so.  onload_func: 0x738c171f8de0
03-14 21:39:06.952  4369  4369 D jni_lib_merge: Preparing to register libyoga_so.  onload_func: 0x738c17207d70
03-14 21:39:06.952  4369  4369 D jni_lib_merge: About to register 11 actual methods.
03-14 21:39:06.994  4369  4369 D nativeloader: Load /data/app/~~Y1avURInPmjIP-JxReb0Qg==/com.mcfuzzysquirrel.studentfinance-oloXB6kcleQMKDVZwMFaNQ==/base.apk!/lib/x86_64/libreact_codegen_rnscreens.so using ns clns-7 from class loader (caller=/data/app/~~Y1avURInPmjIP-JxReb0Qg==/com.mcfuzzysquirrel.studentfinance-oloXB6kcleQMKDVZwMFaNQ==/base.apk): ok
03-14 21:39:06.995  4369  4369 D jni_lib_merge: Entering merged library JNI_OnLoad.
03-14 21:39:06.995  4369  4369 D jni_lib_merge: Preparing 12 pre-merged libs (including stub)
03-14 21:39:06.995  4369  4369 D jni_lib_merge: Preparing to register libfabricjni_so.  onload_func: 0x738c16b38730
03-14 21:39:06.995  4369  4369 D jni_lib_merge: Preparing to register libreact_devsupportjni_so.  onload_func: 0x738c16d35190
03-14 21:39:06.995  4369  4369 D jni_lib_merge: Preparing to register libreact_featureflagsjni_so.  onload_func: 0x738c16d46910
03-14 21:39:06.995  4369  4369 D jni_lib_merge: Preparing to register libreact_newarchdefaults_so.  onload_func: 0x738c16de7d20
03-14 21:39:06.995  4369  4369 D jni_lib_merge: Preparing to register libreactnativeblob_so.  onload_func: 0x738c16ff22e0
03-14 21:39:06.995  4369  4369 D jni_lib_merge: Preparing to register libreactnativejni_so.  onload_func: 0x738c17032770
03-14 21:39:06.995  4369  4369 D jni_lib_merge: Preparing to register libreactnativejni_common_so.  onload_func: 0x738c170425d0
03-14 21:39:06.995  4369  4369 D jni_lib_merge: Preparing to register librninstance_so.  onload_func: 0x738c1707f4c0
03-14 21:39:06.995  4369  4369 D jni_lib_merge: Preparing to register libturbomodulejsijni_so.  onload_func: 0x738c171e0c00
03-14 21:39:06.995  4369  4369 D jni_lib_merge: Preparing to register libuimanagerjni_so.  onload_func: 0x738c171f8de0
03-14 21:39:06.995  4369  4369 D jni_lib_merge: Preparing to register libyoga_so.  onload_func: 0x738c17207d70
03-14 21:39:06.995  4369  4369 D jni_lib_merge: About to register 11 actual methods.
03-14 21:39:07.008  4369  4369 D nativeloader: Load /data/app/~~Y1avURInPmjIP-JxReb0Qg==/com.mcfuzzysquirrel.studentfinance-oloXB6kcleQMKDVZwMFaNQ==/base.apk!/lib/x86_64/libreact_codegen_rnsvg.so using ns clns-7 from class loader (caller=/data/app/~~Y1avURInPmjIP-JxReb0Qg==/com.mcfuzzysquirrel.studentfinance-oloXB6kcleQMKDVZwMFaNQ==/base.apk): ok
03-14 21:39:07.008  4369  4369 D jni_lib_merge: Entering merged library JNI_OnLoad.
03-14 21:39:07.008  4369  4369 D jni_lib_merge: Preparing 12 pre-merged libs (including stub)
03-14 21:39:07.008  4369  4369 D jni_lib_merge: Preparing to register libfabricjni_so.  onload_func: 0x738c16b38730
03-14 21:39:07.008  4369  4369 D jni_lib_merge: Preparing to register libreact_devsupportjni_so.  onload_func: 0x738c16d35190
03-14 21:39:07.008  4369  4369 D jni_lib_merge: Preparing to register libreact_featureflagsjni_so.  onload_func: 0x738c16d46910
03-14 21:39:07.008  4369  4369 D jni_lib_merge: Preparing to register libreact_newarchdefaults_so.  onload_func: 0x738c16de7d20
03-14 21:39:07.008  4369  4369 D jni_lib_merge: Preparing to register libreactnativeblob_so.  onload_func: 0x738c16ff22e0
03-14 21:39:07.008  4369  4369 D jni_lib_merge: Preparing to register libreactnativejni_so.  onload_func: 0x738c17032770
03-14 21:39:07.008  4369  4369 D jni_lib_merge: Preparing to register libreactnativejni_common_so.  onload_func: 0x738c170425d0
03-14 21:39:07.008  4369  4369 D jni_lib_merge: Preparing to register librninstance_so.  onload_func: 0x738c1707f4c0
03-14 21:39:07.008  4369  4369 D jni_lib_merge: Preparing to register libturbomodulejsijni_so.  onload_func: 0x738c171e0c00
03-14 21:39:07.008  4369  4369 D jni_lib_merge: Preparing to register libuimanagerjni_so.  onload_func: 0x738c171f8de0
03-14 21:39:07.008  4369  4369 D jni_lib_merge: Preparing to register libyoga_so.  onload_func: 0x738c17207d70
03-14 21:39:07.008  4369  4369 D jni_lib_merge: About to register 11 actual methods.
03-14 21:39:07.019  4369  4369 D nativeloader: Load /data/app/~~Y1avURInPmjIP-JxReb0Qg==/com.mcfuzzysquirrel.studentfinance-oloXB6kcleQMKDVZwMFaNQ==/base.apk!/lib/x86_64/libreact_codegen_safeareacontext.so using ns clns-7 from class loader (caller=/data/app/~~Y1avURInPmjIP-JxReb0Qg==/com.mcfuzzysquirrel.studentfinance-oloXB6kcleQMKDVZwMFaNQ==/base.apk): ok
03-14 21:39:07.026  4369  4369 D nativeloader: Load /data/app/~~Y1avURInPmjIP-JxReb0Qg==/com.mcfuzzysquirrel.studentfinance-oloXB6kcleQMKDVZwMFaNQ==/base.apk!/lib/x86_64/libappmodules.so using ns clns-7 from class loader (caller=/data/app/~~Y1avURInPmjIP-JxReb0Qg==/com.mcfuzzysquirrel.studentfinance-oloXB6kcleQMKDVZwMFaNQ==/base.apk): ok
03-14 21:39:07.106  4369  4407 I InstrConnection: Could not send broadcast or register receiver (isolatedProcess?)
03-14 21:39:07.109  4369  4407 D TestRequestBuilder: Using class path scanning to discover tests
03-14 21:39:07.109  4369  4407 I TestRequestBuilder: Scanning classpath to find tests in paths [/data/app/~~lENuPMfxHVJeHgLQVunKTg==/com.mcfuzzysquirrel.studentfinance.test-D9Q8t_RirGyQ8mhkWKVF3Q==/base.apk]
03-14 21:39:07.110  4369  4407 W .studentfinance: Opening an oat file without a class loader. Are you using the deprecated DexFile APIs?
03-14 21:39:07.605  4369  4407 I TestRunner: run started: 1 tests
03-14 21:39:07.606  4369  4407 I TestRunner: started: runDetoxTests(com.mcfuzzysquirrel.studentfinance.DetoxTest)
03-14 21:39:07.611  4369  4407 I Detox   : Detox server connection details: url=ws://localhost:37507, sessionId=2dd5bb86-51cd-00e4-6c1c-3f5b400fe5da
03-14 21:39:07.617  4369  4407 I Tracing : Tracer added: class androidx.test.platform.tracing.AndroidXTracer
03-14 21:39:07.628  4369  4407 W .studentfinance: Accessing hidden field Ljava/lang/reflect/Field;->accessFlags:I (unsupported, reflection, allowed)
03-14 21:39:07.630  4369  4407 I Detox   : Connecting to server...
03-14 21:39:07.630  4369  4407 I DetoxWSClient: At connectToServer
03-14 21:39:07.673  4369  4414 D TrafficStats: tagSocket(102) with statsTag=0xffffffff, statsUid=-1
03-14 21:39:07.685  4369  4414 D DetoxWSClient: At onOpen
03-14 21:39:07.685  4369  4414 I DetoxWSClient: Sending out action 'login' (ID #0)
03-14 21:39:07.686  4369  4414 I Detox   : Connected to server!
03-14 21:39:07.690  4369  4414 D DetoxWSClient: Received action 'loginSuccess' (ID #0, params={"testerConnected":true,"appConnected":true})
03-14 21:39:07.690  4369  4410 I DetoxDispatcher: Handling action 'loginSuccess' (ID #0)...
03-14 21:39:07.690  4369  4410 I DetoxDispatcher: Done with action 'loginSuccess'
03-14 21:39:07.690  4369  4407 I Detox   : Launching the tested activity!
03-14 21:39:07.730  4369  4414 D DetoxWSClient: Received action 'isReady' (ID #-1000, params={})
03-14 21:39:07.731  4369  4410 I DetoxDispatcher: Handling action 'isReady' (ID #-1000)...
03-14 21:39:07.931  4369  4369 D AppCompatDelegate: Checking for metadata for AppLocalesMetadataHolderService : Service not found
03-14 21:39:08.024  4369  4369 D LifecycleMonitor: Lifecycle status change: com.mcfuzzysquirrel.studentfinance.MainActivity@6629590 in: PRE_ON_CREATE
03-14 21:39:08.350  4369  4435 D TrafficStats: tagSocket(109) with statsTag=0xffffffff, statsUid=-1
03-14 21:39:08.352  4369  4435 W unknown:ReconnectingWebSocket: Couldn't connect to "ws://10.0.2.2:8081/message?device=sdk_gphone64_x86_64%20-%2015%20-%20API%2035&app=com.mcfuzzysquirrel.studentfinance&clientid=BridgelessDevSupportManager", will silently retry
03-14 21:39:08.437  4369  4369 W unknown:BridgelessReact: ReactHost{0}.startSurface(surfaceId = 0): Schedule
03-14 21:39:08.437  4369  4369 W unknown:BridgelessReact: ReactHost{0}.attachSurface(surfaceId = 0)
03-14 21:39:08.438  4369  4439 W unknown:BridgelessReact: ReactHost{0}.getOrCreateReactInstanceTask()
03-14 21:39:08.438  4369  4439 W unknown:BridgelessReact: ReactHost{0}.getOrCreateReactInstanceTask(): Start
03-14 21:39:08.438  4369  4439 D Detox.RNMarker: REACT_BRIDGELESS_LOADING_START (null)
03-14 21:39:08.438  4369  4439 W unknown:BridgelessReact: ReactHost{0}.getJSBundleLoader()
03-14 21:39:08.438  4369  4439 W unknown:BridgelessReact: ReactHost{0}.isMetroRunning()
03-14 21:39:08.442  4369  4440 D TrafficStats: tagSocket(109) with statsTag=0xffffffff, statsUid=-1
03-14 21:39:08.443  4369  4440 W unknown:ReactNative: The packager does not seem to be running as we got an IOException requesting its status: Failed to connect to /10.0.2.2:8081
03-14 21:39:08.443  4369  4440 W unknown:BridgelessReact: ReactHost{0}.isMetroRunning(): Async result = false
03-14 21:39:08.444  4369  4439 W unknown:BridgelessReact: ReactHost{0}.getOrCreateReactInstanceTask(): Creating BridgelessReactContext
03-14 21:39:08.446  4369  4439 W unknown:BridgelessReact: ReactHost{0}.getOrCreateReactInstanceTask(): Creating ReactInstance
03-14 21:39:08.492  4369  4443 D TrafficStats: tagSocket(116) with statsTag=0xffffffff, statsUid=-1
03-14 21:39:08.498  4369  4369 W .studentfinance: Accessing hidden method Landroid/view/ViewGroup;->makeOptionalFitsSystemWindows()V (unsupported, reflection, allowed)
03-14 21:39:08.501  4369  4369 D LifecycleMonitor: Lifecycle status change: com.mcfuzzysquirrel.studentfinance.MainActivity@6629590 in: CREATED
03-14 21:39:08.502  4369  4369 D LifecycleMonitor: Lifecycle status change: com.mcfuzzysquirrel.studentfinance.MainActivity@6629590 in: STARTED
03-14 21:39:08.506  4369  4369 W unknown:BridgelessReact: ReactHost{0}.onHostResume(activity)
03-14 21:39:08.506  4369  4369 W unknown:ReactNative: Packager connection already open, nooping.
03-14 21:39:08.506  4369  4369 W unknown:BridgelessReact: ReactHost{0}.ReactContext.onHostResume()
03-14 21:39:08.506  4369  4369 D LifecycleMonitor: Lifecycle status change: com.mcfuzzysquirrel.studentfinance.MainActivity@6629590 in: RESUMED
03-14 21:39:08.510  4369  4439 D nativeloader: Load /data/app/~~Y1avURInPmjIP-JxReb0Qg==/com.mcfuzzysquirrel.studentfinance-oloXB6kcleQMKDVZwMFaNQ==/base.apk!/lib/x86_64/libhermesvm.so using ns clns-7 from class loader (caller=/data/app/~~Y1avURInPmjIP-JxReb0Qg==/com.mcfuzzysquirrel.studentfinance-oloXB6kcleQMKDVZwMFaNQ==/base.apk): ok
03-14 21:39:08.513  4369  4439 D nativeloader: Load /data/app/~~Y1avURInPmjIP-JxReb0Qg==/com.mcfuzzysquirrel.studentfinance-oloXB6kcleQMKDVZwMFaNQ==/base.apk!/lib/x86_64/libhermestooling.so using ns clns-7 from class loader (caller=/data/app/~~Y1avURInPmjIP-JxReb0Qg==/com.mcfuzzysquirrel.studentfinance-oloXB6kcleQMKDVZwMFaNQ==/base.apk): ok
03-14 21:39:08.513  4369  4439 D jni_lib_merge: Entering merged library JNI_OnLoad.
03-14 21:39:08.513  4369  4439 D jni_lib_merge: Preparing 4 pre-merged libs (including stub)
03-14 21:39:08.513  4369  4439 D jni_lib_merge: Preparing to register libhermes_executor_so.  onload_func: 0x738c135b4050
03-14 21:39:08.513  4369  4439 D jni_lib_merge: Preparing to register libhermesinstancejni_so.  onload_func: 0x738c135ea680
03-14 21:39:08.513  4369  4439 D jni_lib_merge: Preparing to register libjsijniprofiler_so.  onload_func: 0x738c135ec3f0
03-14 21:39:08.513  4369  4439 D jni_lib_merge: About to register 3 actual methods.
03-14 21:39:08.515  4369  4369 W HWUI    : Unknown dataspace 0
03-14 21:39:08.585  4369  4420 I EGL_emulation: Opening libGLESv1_CM_emulation.so
03-14 21:39:08.607  4369  4420 I EGL_emulation: Opening libGLESv2_emulation.so
03-14 21:39:08.627  4369  4420 W HWUI    : Failed to initialize 101010-2 format, error = EGL_SUCCESS
03-14 21:39:08.661  4369  4420 I Gralloc4: mapper 4.x is not supported
03-14 21:39:08.929  4369  4373 I .studentfinance: Compiler allocated 5174KB to compile void android.view.ViewRootImpl.performTraversals()
03-14 21:39:08.951  4369  4439 I ExpoModulesCore: ✅ AppContext was initialized
03-14 21:39:09.215  4369  4439 W unknown:BridgelessReact: ReactHost{0}.getOrCreateReactInstanceTask(): Loading JS Bundle
03-14 21:39:09.243  4369  4369 W unknown:BridgelessReact: ReactHost{0}.handleHostException(message = "Unable to load script.
03-14 21:39:09.243  4369  4369 W unknown:BridgelessReact: 
03-14 21:39:09.243  4369  4369 W unknown:BridgelessReact: Make sure you're running Metro or that your bundle 'index.android.bundle' is packaged correctly for release.
03-14 21:39:09.243  4369  4369 W unknown:BridgelessReact: 
03-14 21:39:09.243  4369  4369 W unknown:BridgelessReact: The device must either be USB connected (with bundler set to "localhost:8081") or be on the same Wi-Fi network as your computer (with bundler set to your computer IP) to connect to Metro.
03-14 21:39:09.243  4369  4369 W unknown:BridgelessReact: 
03-14 21:39:09.243  4369  4369 W unknown:BridgelessReact: If you're using USB on a physical device, make sure you also run this command:
03-14 21:39:09.243  4369  4369 W unknown:BridgelessReact:   adb reverse tcp:8081 tcp:8081")
03-14 21:39:09.245  4369  4369 E unknown:ReactNative: Exception in native call
03-14 21:39:09.245  4369  4369 E unknown:ReactNative: java.lang.RuntimeException: Unable to load script.
03-14 21:39:09.245  4369  4369 E unknown:ReactNative: 
03-14 21:39:09.245  4369  4369 E unknown:ReactNative: Make sure you're running Metro or that your bundle 'index.android.bundle' is packaged correctly for release.
03-14 21:39:09.245  4369  4369 E unknown:ReactNative: 
03-14 21:39:09.245  4369  4369 E unknown:ReactNative: The device must either be USB connected (with bundler set to "localhost:8081") or be on the same Wi-Fi network as your computer (with bundler set to your computer IP) to connect to Metro.
03-14 21:39:09.245  4369  4369 E unknown:ReactNative: 
03-14 21:39:09.245  4369  4369 E unknown:ReactNative: If you're using USB on a physical device, make sure you also run this command:
03-14 21:39:09.245  4369  4369 E unknown:ReactNative:   adb reverse tcp:8081 tcp:8081
03-14 21:39:09.245  4369  4369 E unknown:ReactNative: 	at com.facebook.react.runtime.ReactInstance.loadJSBundleFromAssets(Native Method)
03-14 21:39:09.245  4369  4369 E unknown:ReactNative: 	at com.facebook.react.runtime.ReactInstance.access$loadJSBundleFromAssets(ReactInstance.kt:84)
03-14 21:39:09.245  4369  4369 E unknown:ReactNative: 	at com.facebook.react.runtime.ReactInstance$loadJSBundle$1.loadScriptFromAssets(ReactInstance.kt:324)
03-14 21:39:09.245  4369  4369 E unknown:ReactNative: 	at com.facebook.react.bridge.JSBundleLoader$Companion$createAssetLoader$1.loadScript(JSBundleLoader.kt:33)
03-14 21:39:09.245  4369  4369 E unknown:ReactNative: 	at com.facebook.react.runtime.ReactInstance.loadJSBundle(ReactInstance.kt:303)
03-14 21:39:09.245  4369  4369 E unknown:ReactNative: 	at com.facebook.react.runtime.ReactHostImpl.getOrCreateReactInstanceTask$lambda$44$lambda$40(ReactHostImpl.kt:1015)
03-14 21:39:09.245  4369  4369 E unknown:ReactNative: 	at com.facebook.react.runtime.ReactHostImpl.$r8$lambda$kGNcmxBxZbp8b1wWTaqIXDdkV8g(Unknown Source:0)
03-14 21:39:09.245  4369  4369 E unknown:ReactNative: 	at com.facebook.react.runtime.ReactHostImpl$$ExternalSyntheticLambda24.then(D8$$SyntheticClass:0)
03-14 21:39:09.245  4369  4369 E unknown:ReactNative: 	at com.facebook.react.runtime.internal.bolts.Task$Companion.completeImmediately$lambda$3(Task.kt:360)
03-14 21:39:09.245  4369  4369 E unknown:ReactNative: 	at com.facebook.react.runtime.internal.bolts.Task$Companion.$r8$lambda$b7MTC0ufkn_2TjF4BGcNqGR9qK0(Unknown Source:0)
03-14 21:39:09.245  4369  4369 E unknown:ReactNative: 	at com.facebook.react.runtime.internal.bolts.Task$Companion$$ExternalSyntheticLambda3.run(D8$$SyntheticClass:0)
03-14 21:39:09.245  4369  4369 E unknown:ReactNative: 	at com.facebook.react.runtime.internal.bolts.Executors$ImmediateExecutor.execute(Executors.kt:41)
03-14 21:39:09.245  4369  4369 E unknown:ReactNative: 	at com.facebook.react.runtime.internal.bolts.Task$Companion.completeImmediately(Task.kt:358)
03-14 21:39:09.245  4369  4369 E unknown:ReactNative: 	at com.facebook.react.runtime.internal.bolts.Task$Companion.access$completeImmediately(Task.kt:254)
03-14 21:39:09.245  4369  4369 E unknown:ReactNative: 	at com.facebook.react.runtime.internal.bolts.Task.continueWith(Task.kt:133)
03-14 21:39:09.245  4369  4369 E unknown:ReactNative: 	at com.facebook.react.runtime.internal.bolts.Task.continueWith$default(Task.kt:117)
03-14 21:39:09.245  4369  4369 E unknown:ReactNative: 	at com.facebook.react.runtime.internal.bolts.Task.onSuccess$lambda$12(Task.kt:176)
03-14 21:39:09.245  4369  4369 E unknown:ReactNative: 	at com.facebook.react.runtime.internal.bolts.Task.$r8$lambda$l0wwo5AvbHxlwfI1R7CH_codxoo(Unknown Source:0)
03-14 21:39:09.245  4369  4369 E unknown:ReactNative: 	at com.facebook.react.runtime.internal.bolts.Task$$ExternalSyntheticLambda2.then(D8$$SyntheticClass:0)
03-14 21:39:09.245  4369  4369 E unknown:ReactNative: 	at com.facebook.react.runtime.internal.bolts.Task$Companion.completeAfterTask$lambda$5(Task.kt:394)
03-14 21:39:09.245  4369  4369 E unknown:ReactNative: 	at com.facebook.react.runtime.internal.bolts.Task$Companion.$r8$lambda$IPpysnehFwANEiW061YzapkMdoE(Unknown Source:0)
03-14 21:39:09.245  4369  4369 E unknown:ReactNative: 	at com.facebook.react.runtime.internal.bolts.Task$Companion$$ExternalSyntheticLambda4.run(D8$$SyntheticClass:0)
03-14 21:39:09.245  4369  4369 E unknown:ReactNative: 	at java.util.concurrent.ThreadPoolExecutor.runWorker(ThreadPoolExecutor.java:1145)
03-14 21:39:09.245  4369  4369 E unknown:ReactNative: 	at java.util.concurrent.ThreadPoolExecutor$Worker.run(ThreadPoolExecutor.java:644)
03-14 21:39:09.245  4369  4369 E unknown:ReactNative: 	at java.lang.Thread.run(Thread.java:1012)
03-14 21:39:09.249  4369  4439 W unknown:BridgelessReact: ReactHost{0}.getOrCreateDestroyTask()
03-14 21:39:09.254  4369  4439 W unknown:BridgelessReact: ReactHost{0}.raiseSoftException(getOrCreateDestroyTask()): handleHostException(message = "Unable to load script.
03-14 21:39:09.254  4369  4439 W unknown:BridgelessReact: 
03-14 21:39:09.254  4369  4439 W unknown:BridgelessReact: Make sure you're running Metro or that your bundle 'index.android.bundle' is packaged correctly for release.
03-14 21:39:09.254  4369  4439 W unknown:BridgelessReact: 
03-14 21:39:09.254  4369  4439 W unknown:BridgelessReact: The device must either be USB connected (with bundler set to "localhost:8081") or be on the same Wi-Fi network as your computer (with bundler set to your computer IP) to connect to Metro.
03-14 21:39:09.254  4369  4439 W unknown:BridgelessReact: 
03-14 21:39:09.254  4369  4439 W unknown:BridgelessReact: If you're using USB on a physical device, make sure you also run this command:
03-14 21:39:09.254  4369  4439 W unknown:BridgelessReact:   adb reverse tcp:8081 tcp:8081")
03-14 21:39:09.272  4369  4439 E unknown:ReactHost: Unhandled SoftException
03-14 21:39:09.272  4369  4439 E unknown:ReactHost: com.facebook.react.bridge.ReactNoCrashSoftException: raiseSoftException(getOrCreateDestroyTask()): handleHostException(message = "Unable to load script.
03-14 21:39:09.272  4369  4439 E unknown:ReactHost: 
03-14 21:39:09.272  4369  4439 E unknown:ReactHost: Make sure you're running Metro or that your bundle 'index.android.bundle' is packaged correctly for release.
03-14 21:39:09.272  4369  4439 E unknown:ReactHost: 
03-14 21:39:09.272  4369  4439 E unknown:ReactHost: The device must either be USB connected (with bundler set to "localhost:8081") or be on the same Wi-Fi network as your computer (with bundler set to your computer IP) to connect to Metro.
03-14 21:39:09.272  4369  4439 E unknown:ReactHost: 
03-14 21:39:09.272  4369  4439 E unknown:ReactHost: If you're using USB on a physical device, make sure you also run this command:
03-14 21:39:09.272  4369  4439 E unknown:ReactHost:   adb reverse tcp:8081 tcp:8081")
03-14 21:39:09.272  4369  4439 E unknown:ReactHost: 	at com.facebook.react.runtime.ReactHostImpl.raiseSoftException(ReactHostImpl.kt:861)
03-14 21:39:09.272  4369  4439 E unknown:ReactHost: 	at com.facebook.react.runtime.ReactHostImpl.getOrCreateDestroyTask(ReactHostImpl.kt:1422)
03-14 21:39:09.272  4369  4439 E unknown:ReactHost: 	at com.facebook.react.runtime.ReactHostImpl.destroy$lambda$11(ReactHostImpl.kt:500)
03-14 21:39:09.272  4369  4439 E unknown:ReactHost: 	at com.facebook.react.runtime.ReactHostImpl.$r8$lambda$RqPT6VdmhA-RKBsb9qAdshHTgug(Unknown Source:0)
03-14 21:39:09.272  4369  4439 E unknown:ReactHost: 	at com.facebook.react.runtime.ReactHostImpl$$ExternalSyntheticLambda35.call(D8$$SyntheticClass:0)
03-14 21:39:09.272  4369  4439 E unknown:ReactHost: 	at com.facebook.react.runtime.internal.bolts.Task$Companion.call$lambda$2(Task.kt:319)
03-14 21:39:09.272  4369  4439 E unknown:ReactHost: 	at com.facebook.react.runtime.internal.bolts.Task$Companion.$r8$lambda$MFqd_-X5KhHmu0hvNE2Bec_4mJM(Unknown Source:0)
03-14 21:39:09.272  4369  4439 E unknown:ReactHost: 	at com.facebook.react.runtime.internal.bolts.Task$Companion$$ExternalSyntheticLambda1.run(D8$$SyntheticClass:0)
03-14 21:39:09.272  4369  4439 E unknown:ReactHost: 	at java.util.concurrent.ThreadPoolExecutor.runWorker(ThreadPoolExecutor.java:1145)
03-14 21:39:09.272  4369  4439 E unknown:ReactHost: 	at java.util.concurrent.ThreadPoolExecutor$Worker.run(ThreadPoolExecutor.java:644)
03-14 21:39:09.272  4369  4439 E unknown:ReactHost: 	at java.lang.Thread.run(Thread.java:1012)
03-14 21:39:09.272  4369  4439 E unknown:ReactHost: Caused by: java.lang.RuntimeException: Unable to load script.
03-14 21:39:09.272  4369  4439 E unknown:ReactHost: 
03-14 21:39:09.272  4369  4439 E unknown:ReactHost: Make sure you're running Metro or that your bundle 'index.android.bundle' is packaged correctly for release.
03-14 21:39:09.272  4369  4439 E unknown:ReactHost: 
03-14 21:39:09.272  4369  4439 E unknown:ReactHost: The device must either be USB connected (with bundler set to "localhost:8081") or be on the same Wi-Fi network as your computer (with bundler set to your computer IP) to connect to Metro.
03-14 21:39:09.272  4369  4439 E unknown:ReactHost: 
03-14 21:39:09.272  4369  4439 E unknown:ReactHost: If you're using USB on a physical device, make sure you also run this command:
03-14 21:39:09.272  4369  4439 E unknown:ReactHost:   adb reverse tcp:8081 tcp:8081
03-14 21:39:09.272  4369  4439 E unknown:ReactHost: 	at com.facebook.react.runtime.ReactInstance.loadJSBundleFromAssets(Native Method)
03-14 21:39:09.272  4369  4439 E unknown:ReactHost: 	at com.facebook.react.runtime.ReactInstance.access$loadJSBundleFromAssets(ReactInstance.kt:84)
03-14 21:39:09.272  4369  4439 E unknown:ReactHost: 	at com.facebook.react.runtime.ReactInstance$loadJSBundle$1.loadScriptFromAssets(ReactInstance.kt:324)
03-14 21:39:09.272  4369  4439 E unknown:ReactHost: 	at com.facebook.react.bridge.JSBundleLoader$Companion$createAssetLoader$1.loadScript(JSBundleLoader.kt:33)
03-14 21:39:09.272  4369  4439 E unknown:ReactHost: 	at com.facebook.react.runtime.ReactInstance.loadJSBundle(ReactInstance.kt:303)
03-14 21:39:09.272  4369  4439 E unknown:ReactHost: 	at com.facebook.react.runtime.ReactHostImpl.getOrCreateReactInstanceTask$lambda$44$lambda$40(ReactHostImpl.kt:1015)
03-14 21:39:09.272  4369  4439 E unknown:ReactHost: 	at com.facebook.react.runtime.ReactHostImpl.$r8$lambda$kGNcmxBxZbp8b1wWTaqIXDdkV8g(Unknown Source:0)
03-14 21:39:09.272  4369  4439 E unknown:ReactHost: 	at com.facebook.react.runtime.ReactHostImpl$$ExternalSyntheticLambda24.then(D8$$SyntheticClass:0)
03-14 21:39:09.272  4369  4439 E unknown:ReactHost: 	at com.facebook.react.runtime.internal.bolts.Task$Companion.completeImmediately$lambda$3(Task.kt:360)
03-14 21:39:09.272  4369  4439 E unknown:ReactHost: 	at com.facebook.react.runtime.internal.bolts.Task$Companion.$r8$lambda$b7MTC0ufkn_2TjF4BGcNqGR9qK0(Unknown Source:0)
03-14 21:39:09.272  4369  4439 E unknown:ReactHost: 	at com.facebook.react.runtime.internal.bolts.Task$Companion$$ExternalSyntheticLambda3.run(D8$$SyntheticClass:0)
03-14 21:39:09.272  4369  4439 E unknown:ReactHost: 	at com.facebook.react.runtime.internal.bolts.Executors$ImmediateExecutor.execute(Executors.kt:41)
03-14 21:39:09.272  4369  4439 E unknown:ReactHost: 	at com.facebook.react.runtime.internal.bolts.Task$Companion.completeImmediately(Task.kt:358)
03-14 21:39:09.272  4369  4439 E unknown:ReactHost: 	at com.facebook.react.runtime.internal.bolts.Task$Companion.access$completeImmediately(Task.kt:254)
03-14 21:39:09.272  4369  4439 E unknown:ReactHost: 	at com.facebook.react.runtime.internal.bolts.Task.continueWith(Task.kt:133)
03-14 21:39:09.272  4369  4439 E unknown:ReactHost: 	at com.facebook.react.runtime.internal.bolts.Task.continueWith$default(Task.kt:117)
03-14 21:39:09.272  4369  4439 E unknown:ReactHost: 	at com.facebook.react.runtime.internal.bolts.Task.onSuccess$lambda$12(Task.kt:176)
03-14 21:39:09.272  4369  4439 E unknown:ReactHost: 	at com.facebook.react.runtime.internal.bolts.Task.$r8$lambda$l0wwo5AvbHxlwfI1R7CH_codxoo(Unknown Source:0)
03-14 21:39:09.272  4369  4439 E unknown:ReactHost: 	at com.facebook.react.runtime.internal.bolts.Task$$ExternalSyntheticLambda2.then(D8$$SyntheticClass:0)
03-14 21:39:09.272  4369  4439 E unknown:ReactHost: 	at com.facebook.react.runtime.internal.bolts.Task$Companion.completeAfterTask$lambda$5(Task.kt:394)
03-14 21:39:09.272  4369  4439 E unknown:ReactHost: 	at com.facebook.react.runtime.internal.bolts.Task$Companion.$r8$lambda$IPpysnehFwANEiW061YzapkMdoE(Unknown Source:0)
03-14 21:39:09.272  4369  4439 E unknown:ReactHost: 	at com.facebook.react.runtime.internal.bolts.Task$Companion$$ExternalSyntheticLambda4.run(D8$$SyntheticClass:0)
03-14 21:39:09.272  4369  4439 E unknown:ReactHost: 	... 3 more
03-14 21:39:09.272  4369  4439 W unknown:BridgelessReact: ReactHost{0}.getOrCreateDestroyTask(): Resetting createReactInstance task ref
03-14 21:39:09.533  4369  4373 I .studentfinance: Compiler allocated 4219KB to compile void android.widget.TextView.<init>(android.content.Context, android.util.AttributeSet, int, int)
03-14 21:39:09.768  4369  4369 W unknown:BridgelessReact: ReactHost{0}.getOrCreateDestroyTask(): Starting React Native destruction
03-14 21:39:09.768  4369  4369 W unknown:BridgelessReact: ReactHost{0}.raiseSoftException(getOrCreateDestroyTask()): Destroy: ReactInstance task faulted. Stage: 1: Starting destroy. Fault reason: Unable to load script.
03-14 21:39:09.768  4369  4369 W unknown:BridgelessReact: 
03-14 21:39:09.768  4369  4369 W unknown:BridgelessReact: Make sure you're running Metro or that your bundle 'index.android.bundle' is packaged correctly for release.
03-14 21:39:09.768  4369  4369 W unknown:BridgelessReact: 
03-14 21:39:09.768  4369  4369 W unknown:BridgelessReact: The device must either be USB connected (with bundler set to "localhost:8081") or be on the same Wi-Fi network as your computer (with bundler set to your computer IP) to connect to Metro.
03-14 21:39:09.768  4369  4369 W unknown:BridgelessReact: 
03-14 21:39:09.768  4369  4369 W unknown:BridgelessReact: If you're using USB on a physical device, make sure you also run this command:
03-14 21:39:09.768  4369  4369 W unknown:BridgelessReact:   adb reverse tcp:8081 tcp:8081. Destroy reason: handleHostException(message = "Unable to load script.
03-14 21:39:09.768  4369  4369 W unknown:BridgelessReact: 
03-14 21:39:09.768  4369  4369 W unknown:BridgelessReact: Make sure you're running Metro or that your bundle 'index.android.bundle' is packaged correctly for release.
03-14 21:39:09.768  4369  4369 W unknown:BridgelessReact: 
03-14 21:39:09.768  4369  4369 W unknown:BridgelessReact: The device must either be USB connected (with bundler set to "localhost:8081") or be on the same Wi-Fi network as your computer (with bundler set to your computer IP) to connect to Metro.
03-14 21:39:09.768  4369  4369 W unknown:BridgelessReact: 
03-14 21:39:09.768  4369  4369 W unknown:BridgelessReact: If you're using USB on a physical device, make sure you also run this command:
03-14 21:39:09.768  4369  4369 W unknown:BridgelessReact:   adb reverse tcp:8081 tcp:8081")
03-14 21:39:09.769  4369  4369 E unknown:ReactHost: Unhandled SoftException
03-14 21:39:09.769  4369  4369 E unknown:ReactHost: com.facebook.react.bridge.ReactNoCrashSoftException: raiseSoftException(getOrCreateDestroyTask()): Destroy: ReactInstance task faulted. Stage: 1: Starting destroy. Fault reason: Unable to load script.
03-14 21:39:09.769  4369  4369 E unknown:ReactHost: 
03-14 21:39:09.769  4369  4369 E unknown:ReactHost: Make sure you're running Metro or that your bundle 'index.android.bundle' is packaged correctly for release.
03-14 21:39:09.769  4369  4369 E unknown:ReactHost: 
03-14 21:39:09.769  4369  4369 E unknown:ReactHost: The device must either be USB connected (with bundler set to "localhost:8081") or be on the same Wi-Fi network as your computer (with bundler set to your computer IP) to connect to Metro.
03-14 21:39:09.769  4369  4369 E unknown:ReactHost: 
03-14 21:39:09.769  4369  4369 E unknown:ReactHost: If you're using USB on a physical device, make sure you also run this command:
03-14 21:39:09.769  4369  4369 E unknown:ReactHost:   adb reverse tcp:8081 tcp:8081. Destroy reason: handleHostException(message = "Unable to load script.
03-14 21:39:09.769  4369  4369 E unknown:ReactHost: 
03-14 21:39:09.769  4369  4369 E unknown:ReactHost: Make sure you're running Metro or that your bundle 'index.android.bundle' is packaged correctly for release.
03-14 21:39:09.769  4369  4369 E unknown:ReactHost: 
03-14 21:39:09.769  4369  4369 E unknown:ReactHost: The device must either be USB connected (with bundler set to "localhost:8081") or be on the same Wi-Fi network as your computer (with bundler set to your computer IP) to connect to Metro.
03-14 21:39:09.769  4369  4369 E unknown:ReactHost: 
03-14 21:39:09.769  4369  4369 E unknown:ReactHost: If you're using USB on a physical device, make sure you also run this command:
03-14 21:39:09.769  4369  4369 E unknown:ReactHost:   adb reverse tcp:8081 tcp:8081")
03-14 21:39:09.769  4369  4369 E unknown:ReactHost: 	at com.facebook.react.runtime.ReactHostImpl.raiseSoftException(ReactHostImpl.kt:861)
03-14 21:39:09.769  4369  4369 E unknown:ReactHost: 	at com.facebook.react.runtime.ReactHostImpl.raiseSoftException$default(ReactHostImpl.kt:852)
03-14 21:39:09.769  4369  4369 E unknown:ReactHost: 	at com.facebook.react.runtime.ReactHostImpl.createReactInstanceUnwrapper$lambda$49(ReactHostImpl.kt:1220)
03-14 21:39:09.769  4369  4369 E unknown:ReactHost: 	at com.facebook.react.runtime.ReactHostImpl.$r8$lambda$wxqWPZPIM84yb-DFfq8PhEXI2r4(Unknown Source:0)
03-14 21:39:09.769  4369  4369 E unknown:ReactHost: 	at com.facebook.react.runtime.ReactHostImpl$$ExternalSyntheticLambda36.invoke(D8$$SyntheticClass:0)
03-14 21:39:09.769  4369  4369 E unknown:ReactHost: 	at com.facebook.react.runtime.ReactHostImpl.getOrCreateDestroyTask$lambda$60(ReactHostImpl.kt:1437)
03-14 21:39:09.769  4369  4369 E unknown:ReactHost: 	at com.facebook.react.runtime.ReactHostImpl.$r8$lambda$W_3hbG2jNwurg3jPo_rFnHCrsPg(Unknown Source:0)
03-14 21:39:09.769  4369  4369 E unknown:ReactHost: 	at com.facebook.react.runtime.ReactHostImpl$$ExternalSyntheticLambda27.then(D8$$SyntheticClass:0)
03-14 21:39:09.769  4369  4369 E unknown:ReactHost: 	at com.facebook.react.runtime.internal.bolts.Task$Companion.completeAfterTask$lambda$5(Task.kt:394)
03-14 21:39:09.769  4369  4369 E unknown:ReactHost: 	at com.facebook.react.runtime.internal.bolts.Task$Companion.$r8$lambda$IPpysnehFwANEiW061YzapkMdoE(Unknown Source:0)
03-14 21:39:09.769  4369  4369 E unknown:ReactHost: 	at com.facebook.react.runtime.internal.bolts.Task$Companion$$ExternalSyntheticLambda4.run(D8$$SyntheticClass:0)
03-14 21:39:09.769  4369  4369 E unknown:ReactHost: 	at android.os.Handler.handleCallback(Handler.java:959)
03-14 21:39:09.769  4369  4369 E unknown:ReactHost: 	at android.os.Handler.dispatchMessage(Handler.java:100)
03-14 21:39:09.769  4369  4369 E unknown:ReactHost: 	at android.os.Looper.loopOnce(Looper.java:232)
03-14 21:39:09.769  4369  4369 E unknown:ReactHost: 	at android.os.Looper.loop(Looper.java:317)
03-14 21:39:09.769  4369  4369 E unknown:ReactHost: 	at android.app.ActivityThread.main(ActivityThread.java:8705)
03-14 21:39:09.769  4369  4369 E unknown:ReactHost: 	at java.lang.reflect.Method.invoke(Native Method)
03-14 21:39:09.769  4369  4369 E unknown:ReactHost: 	at com.android.internal.os.RuntimeInit$MethodAndArgsCaller.run(RuntimeInit.java:580)
03-14 21:39:09.769  4369  4369 E unknown:ReactHost: 	at com.android.internal.os.ZygoteInit.main(ZygoteInit.java:886)
03-14 21:39:09.769  4369  4369 W unknown:BridgelessReact: ReactHost{0}.getOrCreateDestroyTask(): DevSupportManager cleanup
03-14 21:39:09.769  4369  4369 W unknown:BridgelessReact: ReactHost{0}.getOrCreateDestroyTask(): Move ReactHost to onHostDestroy()
03-14 21:39:09.769  4369  4369 W unknown:BridgelessReact: ReactHost{0}.ReactContext.onHostPause()
03-14 21:39:09.770  4369  4369 W unknown:BridgelessReact: ReactHost{0}.ReactContext.onHostDestroy()
03-14 21:39:09.793  4369  4439 W unknown:BridgelessReact: ReactHost{0}.getOrCreateDestroyTask(): Stopping all React Native surfaces
03-14 21:39:09.795  4369  4439 E unknown:FabricUIManager: Unhandled SoftException
03-14 21:39:09.795  4369  4439 E unknown:FabricUIManager: java.lang.IllegalStateException: Trying to stop surface that hasn't started yet
03-14 21:39:09.795  4369  4439 E unknown:FabricUIManager: 	at com.facebook.react.fabric.FabricUIManager.stopSurface(FabricUIManager.java:396)
03-14 21:39:09.795  4369  4439 E unknown:FabricUIManager: 	at com.facebook.react.runtime.ReactInstance.stopSurface(ReactInstance.kt:410)
03-14 21:39:09.795  4369  4439 E unknown:FabricUIManager: 	at com.facebook.react.runtime.ReactHostImpl.stopAttachedSurfaces(ReactHostImpl.kt:1189)
03-14 21:39:09.795  4369  4439 E unknown:FabricUIManager: 	at com.facebook.react.runtime.ReactHostImpl.getOrCreateDestroyTask$lambda$62(ReactHostImpl.kt:1475)
03-14 21:39:09.795  4369  4439 E unknown:FabricUIManager: 	at com.facebook.react.runtime.ReactHostImpl.$r8$lambda$xpeTQfuVN0XbBBJsIsVmA6wzF00(Unknown Source:0)
