03-14 21:39:09.795  4369  4439 E unknown:FabricUIManager: 	at com.facebook.react.runtime.ReactHostImpl$$ExternalSyntheticLambda28.then(D8$$SyntheticClass:0)
03-14 21:39:09.795  4369  4439 E unknown:FabricUIManager: 	at com.facebook.react.runtime.internal.bolts.Task$Companion.completeAfterTask$lambda$5(Task.kt:394)
03-14 21:39:09.795  4369  4439 E unknown:FabricUIManager: 	at com.facebook.react.runtime.internal.bolts.Task$Companion.$r8$lambda$IPpysnehFwANEiW061YzapkMdoE(Unknown Source:0)
03-14 21:39:09.795  4369  4439 E unknown:FabricUIManager: 	at com.facebook.react.runtime.internal.bolts.Task$Companion$$ExternalSyntheticLambda4.run(D8$$SyntheticClass:0)
03-14 21:39:09.795  4369  4439 E unknown:FabricUIManager: 	at java.util.concurrent.ThreadPoolExecutor.runWorker(ThreadPoolExecutor.java:1145)
03-14 21:39:09.795  4369  4439 E unknown:FabricUIManager: 	at java.util.concurrent.ThreadPoolExecutor$Worker.run(ThreadPoolExecutor.java:644)
03-14 21:39:09.795  4369  4439 E unknown:FabricUIManager: 	at java.lang.Thread.run(Thread.java:1012)
03-14 21:39:09.955  4369  4407 D DetoxRNLoading: Got new RN-context explicitly while polling (#iteration=1)
03-14 21:39:09.961  4369  4407 I DetoxRNIdleRes: Setting up Espresso Idling Resources for React Native
03-14 21:39:09.982  4369  4369 W unknown:BridgelessReact: ReactHost{0}.getOrCreateDestroyTask(): Destroying MemoryPressureRouter
03-14 21:39:09.982  4369  4369 W unknown:BridgelessReact: ReactHost{0}.getOrCreateDestroyTask(): Resetting ReactContext ref
03-14 21:39:09.982  4369  4369 W unknown:BridgelessReact: ReactHost{0}.getOrCreateDestroyTask(): Destroying ReactContext
03-14 21:39:09.991  4369  4439 W unknown:BridgelessReact: ReactHost{0}.getOrCreateDestroyTask(): Resetting ReactInstance ptr
03-14 21:39:09.991  4369  4439 W unknown:BridgelessReact: ReactHost{0}.getOrCreateDestroyTask(): Destroying ReactInstance
03-14 21:39:10.006  4369  4439 E unknown:ReactNative: Tried to remove non-existent frame callback
03-14 21:39:10.028  4369  4410 W .studentfinance: Long monitor contention with owner Instr: androidx.test.runner.AndroidJUnitRunner (4407) at void com.wix.detox.DetoxMain.launchActivityOnCue(android.content.Context, com.wix.detox.ActivityLaunchHelper)(DetoxMain.kt:53) waiters=0 in void com.wix.detox.DetoxMain$setupActionHandlers$SynchronizedActionHandler.handle(java.lang.String, long) for 2.297s
03-14 21:39:10.042  4369  4439 W unknown:BridgelessReact: ReactHost{0}.getOrCreateDestroyTask(): Resetting start/destroy task ref
03-14 21:39:10.063  4369  4369 W .studentfinance: Accessing hidden field Landroid/app/Activity;->mResultCode:I (unsupported, reflection, allowed)
03-14 21:39:10.063  4369  4369 W .studentfinance: Accessing hidden field Landroid/app/Activity;->mResultData:Landroid/content/Intent; (unsupported, reflection, allowed)
03-14 21:39:10.064  4369  4369 W .studentfinance: Accessing hidden method Landroid/os/MessageQueue;->next()Landroid/os/Message; (unsupported, reflection, allowed)
03-14 21:39:10.064  4369  4369 W .studentfinance: Accessing hidden field Landroid/os/MessageQueue;->mMessages:Landroid/os/Message; (unsupported, reflection, allowed)
03-14 21:39:10.064  4369  4369 W .studentfinance: Accessing hidden method Landroid/os/Message;->recycleUnchecked()V (unsupported, reflection, allowed)
03-14 21:39:10.068  4369  4369 W unknown:BridgelessReact: ReactHost{0}.onHostPause(activity)
03-14 21:39:10.086  4369  4369 W WindowOnBackDispatcher: sendCancelIfRunning: isInProgress=false callback=android.view.ViewRootImpl$$ExternalSyntheticLambda11@a1a609a
03-14 21:39:10.121  4369  4369 D LifecycleMonitor: Lifecycle status change: com.mcfuzzysquirrel.studentfinance.MainActivity@6629590 in: PAUSED
03-14 21:39:10.160  4369  4369 I Detox   : Wait is over: App is now idle!
03-14 21:39:10.161  4369  4410 I DetoxWSClient: Sending out action 'ready' (ID #-1000)
03-14 21:39:10.164  4369  4410 I DetoxDispatcher: Done with action 'isReady'
03-14 21:39:10.168  4369  4407 E TestRunner: failed: runDetoxTests(com.mcfuzzysquirrel.studentfinance.DetoxTest)
03-14 21:39:10.168  4369  4407 E TestRunner: ----- begin exception -----
03-14 21:39:10.168  4369  4407 E TestRunner: java.lang.RuntimeException: ReactContext is null!
03-14 21:39:10.168  4369  4407 E TestRunner: 	at com.wix.detox.reactnative.ReactApplicationExtKt.getCurrentReactContextSafe(ReactApplicationExt.kt:26)
03-14 21:39:10.168  4369  4407 E TestRunner: 	at com.wix.detox.reactnative.idlingresources.factory.FabricDetoxIdlingResourceFactoryStrategy$create$2.invokeSuspend(FabricDetoxIdlingResourceFactoryStrategy.kt:19)
03-14 21:39:10.168  4369  4407 E TestRunner: 	at com.wix.detox.reactnative.idlingresources.factory.FabricDetoxIdlingResourceFactoryStrategy$create$2.invoke(Unknown Source:8)
03-14 21:39:10.168  4369  4407 E TestRunner: 	at com.wix.detox.reactnative.idlingresources.factory.FabricDetoxIdlingResourceFactoryStrategy$create$2.invoke(Unknown Source:4)
03-14 21:39:10.168  4369  4407 E TestRunner: 	at kotlinx.coroutines.intrinsics.UndispatchedKt.startUndspatched(Undispatched.kt:66)
03-14 21:39:10.168  4369  4407 E TestRunner: 	at kotlinx.coroutines.intrinsics.UndispatchedKt.startUndispatchedOrReturn(Undispatched.kt:43)
03-14 21:39:10.168  4369  4407 E TestRunner: 	at kotlinx.coroutines.BuildersKt__Builders_commonKt.withContext(Builders.common.kt:165)
03-14 21:39:10.168  4369  4407 E TestRunner: 	at kotlinx.coroutines.BuildersKt.withContext(Unknown Source:1)
03-14 21:39:10.168  4369  4407 E TestRunner: 	at com.wix.detox.reactnative.idlingresources.factory.FabricDetoxIdlingResourceFactoryStrategy.create(FabricDetoxIdlingResourceFactoryStrategy.kt:18)
03-14 21:39:10.168  4369  4407 E TestRunner: 	at com.wix.detox.reactnative.idlingresources.factory.DetoxIdlingResourceFactory$create$2.invokeSuspend(DetoxIdlingResourceFactory.kt:18)
03-14 21:39:10.168  4369  4407 E TestRunner: 	at kotlin.coroutines.jvm.internal.BaseContinuationImpl.resumeWith(ContinuationImpl.kt:33)
03-14 21:39:10.168  4369  4407 E TestRunner: 	at kotlinx.coroutines.DispatchedTask.run(DispatchedTask.kt:100)
03-14 21:39:10.168  4369  4407 E TestRunner: 	at android.os.Handler.handleCallback(Handler.java:959)
03-14 21:39:10.168  4369  4407 E TestRunner: 	at android.os.Handler.dispatchMessage(Handler.java:100)
03-14 21:39:10.168  4369  4407 E TestRunner: 	at android.os.Looper.loopOnce(Looper.java:232)
03-14 21:39:10.168  4369  4407 E TestRunner: 	at android.os.Looper.loop(Looper.java:317)
03-14 21:39:10.168  4369  4407 E TestRunner: 	at android.app.ActivityThread.main(ActivityThread.java:8705)
03-14 21:39:10.168  4369  4407 E TestRunner: 	at java.lang.reflect.Method.invoke(Native Method)
03-14 21:39:10.168  4369  4407 E TestRunner: 	at com.android.internal.os.RuntimeInit$MethodAndArgsCaller.run(RuntimeInit.java:580)
03-14 21:39:10.168  4369  4407 E TestRunner: 	at com.android.internal.os.ZygoteInit.main(ZygoteInit.java:886)
03-14 21:39:10.168  4369  4407 E TestRunner: ----- end exception -----
03-14 21:39:10.195  4369  4407 I TestRunner: finished: runDetoxTests(com.mcfuzzysquirrel.studentfinance.DetoxTest)
03-14 21:39:10.202  4369  4407 I MonitoringInstr: Unstopped activity count: 1
03-14 21:39:10.228  4369  4414 D DetoxWSClient: Received action 'invoke' (ID #1, params={"target":{"type":"Class","value":"com.wix.detox.espresso.DetoxAssertion"},"method":"assertMatcher","args":[{"type":"Invocation","value":{"target":{"type":"Class","value":"androidx.test.espresso.Espresso"},"method":"onView","args":[{"type":"Invocation","value":{"target":{"type":"Class","value":"com.wix.detox.espresso.DetoxMatcher"},"method":"matcherForTestId","args":["dashboard-add-expense-button",{"type":"boolean","value":false}]}}]}},{"type":"Invocation","value":{"target":{"type":"Class","value":"com.wix.detox.espresso.DetoxMatcher"},"method":"matcherForSufficientlyVisible","args":[{"type":"Integer","value":75}]}}]})
03-14 21:39:10.229  4369  4410 I DetoxDispatcher: Handling action 'invoke' (ID #1)...
03-14 21:39:10.233  4369  4410 D Detox   : class com.wix.detox.espresso.DetoxMatcher, matcherForTestId, [dashboard-add-expense-button, false]
03-14 21:39:10.242  4369  4410 D Detox   : class androidx.test.espresso.Espresso, onView, [(view.getTag() is "dashboard-add-expense-button" and view has effective visibility <VISIBLE>)]
03-14 21:39:10.243  4369  4410 D Detox   : class com.wix.detox.espresso.DetoxMatcher, matcherForSufficientlyVisible, [75]
03-14 21:39:10.244  4369  4410 D Detox   : class com.wix.detox.espresso.DetoxAssertion, assertMatcher, [androidx.test.espresso.ViewInteraction@726295, (view has effective visibility <VISIBLE> and view.getGlobalVisibleRect() covers at least <75> percent of the view's area)]
03-14 21:39:10.247  4369  4369 W RootViewPicker: No activity currently resumed - waiting: 10ms for one to appear.
03-14 21:39:10.253  4369  4407 I MonitoringInstr: Unstopped activity count: 1
03-14 21:39:10.258  4369  4369 W RootViewPicker: No activity currently resumed - waiting: 50ms for one to appear.
03-14 21:39:10.303  4369  4407 I MonitoringInstr: Unstopped activity count: 1
03-14 21:39:10.310  4369  4369 W RootViewPicker: No activity currently resumed - waiting: 100ms for one to appear.
03-14 21:39:10.353  4369  4407 I MonitoringInstr: Unstopped activity count: 1
03-14 21:39:10.403  4369  4407 I MonitoringInstr: Unstopped activity count: 1
03-14 21:39:10.412  4369  4369 W RootViewPicker: No activity currently resumed - waiting: 500ms for one to appear.
03-14 21:39:10.454  4369  4407 I MonitoringInstr: Unstopped activity count: 1
03-14 21:39:10.504  4369  4407 I MonitoringInstr: Unstopped activity count: 1
03-14 21:39:10.522  4369  4369 D LifecycleMonitor: Lifecycle status change: com.mcfuzzysquirrel.studentfinance.MainActivity@6629590 in: STOPPED
03-14 21:39:10.568  4369  4407 I TestRunner: run finished: 1 tests, 1 failed, 0 ignored
03-14 21:39:10.576  4369  4369 D LifecycleMonitor: Lifecycle status change: com.mcfuzzysquirrel.studentfinance.MainActivity@6629590 in: DESTROYED
03-14 21:39:10.576  4369  4369 W WindowOnBackDispatcher: sendCancelIfRunning: isInProgress=false callback=android.view.ViewRootImpl$$ExternalSyntheticLambda11@449b957
03-14 21:39:10.593  4369  4369 W unknown:BridgelessReact: ReactHost{0}.stopSurface(surfaceId = 0): Schedule
03-14 21:39:10.593  4369  4369 W unknown:BridgelessReact: ReactHost{0}.detachSurface(surfaceId = 0)
03-14 21:39:10.593  4369  4439 W unknown:BridgelessReact: ReactHost{0}.raiseSoftException(callWithExistingReactInstance(stopSurface(surfaceId = 0))): Execute: reactInstance is null. Dropping work.
03-14 21:39:10.594  4369  4439 E unknown:ReactHost: Unhandled SoftException
03-14 21:39:10.594  4369  4439 E unknown:ReactHost: com.facebook.react.bridge.ReactNoCrashSoftException: raiseSoftException(callWithExistingReactInstance(stopSurface(surfaceId = 0))): Execute: reactInstance is null. Dropping work.
03-14 21:39:10.594  4369  4439 E unknown:ReactHost: 	at com.facebook.react.runtime.ReactHostImpl.raiseSoftException(ReactHostImpl.kt:861)
03-14 21:39:10.594  4369  4439 E unknown:ReactHost: 	at com.facebook.react.runtime.ReactHostImpl.raiseSoftException$default(ReactHostImpl.kt:852)
03-14 21:39:10.594  4369  4439 E unknown:ReactHost: 	at com.facebook.react.runtime.ReactHostImpl.callWithExistingReactInstance$lambda$31(ReactHostImpl.kt:877)
03-14 21:39:10.594  4369  4439 E unknown:ReactHost: 	at com.facebook.react.runtime.ReactHostImpl.$r8$lambda$l1K12GG-9QlElWkNW0LKLzyWgAs(Unknown Source:0)
03-14 21:39:10.594  4369  4