03-14 22:57:06.748 11137 11137 I ViewInteraction: Checking 'MatchesViewAssertion(Detox){viewMatcher=(view has effective visibility <VISIBLE> and view.getGlobalVisibleRect() covers at least <75> percent of the view's area)}' assertion on view (view.getTag() is "dashboard-add-expense-button" and view has effective visibility <VISIBLE>)
03-14 22:57:06.765 11137 11227 D nativeloader: Load /data/app/~~YsqUcQHZ2eJyD51BHGgW7w==/com.mcfuzzysquirrel.studentfinance-8JLdNDjiGMSsFWheHCnHFA==/base.apk!/lib/x86_64/librnscreens.so using ns clns-7 from class loader (caller=/data/app/~~YsqUcQHZ2eJyD51BHGgW7w==/com.mcfuzzysquirrel.studentfinance-8JLdNDjiGMSsFWheHCnHFA==/base.apk!classes16.dex): ok
03-14 22:57:06.779 11137 11137 I ViewInteraction: Checking 'MatchesViewAssertion(Detox){viewMatcher=(view has effective visibility <VISIBLE> and view.getGlobalVisibleRect() covers at least <75> percent of the view's area)}' assertion on view (view.getTag() is "dashboard-add-expense-button" and view has effective visibility <VISIBLE>)
03-14 22:57:06.807 11137 11137 I ViewInteraction: Checking 'MatchesViewAssertion(Detox){viewMatcher=(view has effective visibility <VISIBLE> and view.getGlobalVisibleRect() covers at least <75> percent of the view's area)}' assertion on view (view.getTag() is "dashboard-add-expense-button" and view has effective visibility <VISIBLE>)
03-14 22:57:06.837 11137 11137 I ViewInteraction: Checking 'MatchesViewAssertion(Detox){viewMatcher=(view has effective visibility <VISIBLE> and view.getGlobalVisibleRect() covers at least <75> percent of the view's area)}' assertion on view (view.getTag() is "dashboard-add-expense-button" and view has effective visibility <VISIBLE>)
03-14 22:57:06.872 11137 11137 I ViewInteraction: Checking 'MatchesViewAssertion(Detox){viewMatcher=(view has effective visibility <VISIBLE> and view.getGlobalVisibleRect() covers at least <75> percent of the view's area)}' assertion on view (view.getTag() is "dashboard-add-expense-button" and view has effective visibility <VISIBLE>)
03-14 22:57:06.905 11137 11137 I ViewInteraction: Checking 'MatchesViewAssertion(Detox){viewMatcher=(view has effective visibility <VISIBLE> and view.getGlobalVisibleRect() covers at least <75> percent of the view's area)}' assertion on view (view.getTag() is "dashboard-add-expense-button" and view has effective visibility <VISIBLE>)
03-14 22:57:06.933 11137 11137 I ViewInteraction: Checking 'MatchesViewAssertion(Detox){viewMatcher=(view has effective visibility <VISIBLE> and view.getGlobalVisibleRect() covers at least <75> percent of the view's area)}' assertion on view (view.getTag() is "dashboard-add-expense-button" and view has effective visibility <VISIBLE>)
03-14 22:57:06.962 11137 11137 I ViewInteraction: Checking 'MatchesViewAssertion(Detox){viewMatcher=(view has effective visibility <VISIBLE> and view.getGlobalVisibleRect() covers at least <75> percent of the view's area)}' assertion on view (view.getTag() is "dashboard-add-expense-button" and view has effective visibility <VISIBLE>)
03-14 22:57:06.989 11137 11137 I ViewInteraction: Checking 'MatchesViewAssertion(Detox){viewMatcher=(view has effective visibility <VISIBLE> and view.getGlobalVisibleRect() covers at least <75> percent of the view's area)}' assertion on view (view.getTag() is "dashboard-add-expense-button" and view has effective visibility <VISIBLE>)
03-14 22:57:07.018 11137 11137 I ViewInteraction: Checking 'MatchesViewAssertion(Detox){viewMatcher=(view has effective visibility <VISIBLE> and view.getGlobalVisibleRect() covers at least <75> percent of the view's area)}' assertion on view (view.getTag() is "dashboard-add-expense-button" and view has effective visibility <VISIBLE>)
03-14 22:57:07.048 11137 11137 I ViewInteraction: Checking 'MatchesViewAssertion(Detox){viewMatcher=(view has effective visibility <VISIBLE> and view.getGlobalVisibleRect() covers at least <75> percent of the view's area)}' assertion on view (view.getTag() is "dashboard-add-expense-button" and view has effective visibility <VISIBLE>)
03-14 22:57:07.079 11137 11137 I ViewInteraction: Checking 'MatchesViewAssertion(Detox){viewMatcher=(view has effective visibility <VISIBLE> and view.getGlobalVisibleRect() covers at least <75> percent of the view's area)}' assertion on view (view.getTag() is "dashboard-add-expense-button" and view has effective visibility <VISIBLE>)
03-14 22:57:07.106 11137 11137 I ViewInteraction: Checking 'MatchesViewAssertion(Detox){viewMatcher=(view has effective visibility <VISIBLE> and view.getGlobalVisibleRect() covers at least <75> percent of the view's area)}' assertion on view (view.getTag() is "dashboard-add-expense-button" and view has effective visibility <VISIBLE>)
03-14 22:57:07.132 11137 11137 I ViewInteraction: Checking 'MatchesViewAssertion(Detox){viewMatcher=(view has effective visibility <VISIBLE> and view.getGlobalVisibleRect() covers at least <75> percent of the view's area)}' assertion on view (view.getTag() is "dashboard-add-expense-button" and view has effective visibility <VISIBLE>)
03-14 22:57:07.143 11137 11227 D Detox.RNMarker: RUN_JS_BUNDLE_END (index.android.bundle)
03-14 22:57:07.144 11137 11227 I ReactNativeJS: Running "main"
03-14 22:57:07.152 11137 11227 D Detox.RNMarker: REACT_BRIDGELESS_LOADING_END (null)
03-14 22:57:07.159 11137 11137 I ReactNative: [GESTURE HANDLER] Initialize gesture handler for root view com.facebook.react.runtime.ReactSurfaceView{9a140b7 V.E...... ......ID 0,0-1080,2400 #1}
03-14 22:57:07.164 11137 11137 D Detox.RNMarker: CONTENT_APPEARED (main)
03-14 22:57:07.168 11137 11227 D nativeloader: Load /data/app/~~YsqUcQHZ2eJyD51BHGgW7w==/com.mcfuzzysquirrel.studentfinance-8JLdNDjiGMSsFWheHCnHFA==/base.apk!/lib/x86_64/libgesturehandler.so using ns clns-7 from class loader (caller=/data/app/~~YsqUcQHZ2eJyD51BHGgW7w==/com.mcfuzzysquirrel.studentfinance-8JLdNDjiGMSsFWheHCnHFA==/base.apk): ok
03-14 22:57:07.168 11137 11227 D jni_lib_merge: Entering merged library JNI_OnLoad.
03-14 22:57:07.168 11137 11227 D jni_lib_merge: Preparing 12 pre-merged libs (including stub)
03-14 22:57:07.168 11137 11227 D jni_lib_merge: Preparing to register libfabricjni_so.  onload_func: 0x727ce1ba4730
03-14 22:57:07.168 11137 11227 D jni_lib_merge: Preparing to register libreact_devsupportjni_so.  onload_func: 0x727ce1da1190
03-14 22:57:07.168 11137 11227 D jni_lib_merge: Preparing to register libreact_featureflagsjni_so.  onload_func: 0x727ce1db2910
03-14 22:57:07.168 11137 11227 D jni_lib_merge: Preparing to register libreact_newarchdefaults_so.  onload_func: 0x727ce1e53d20
03-14 22:57:07.168 11137 11227 D jni_lib_merge: Preparing to register libreactnativeblob_so.  onload_func: 0x727ce205e2e0
03-14 22:57:07.168 11137 11227 D jni_lib_merge: Preparing to register libreactnativejni_so.  onload_func: 0x727ce209e770
03-14 22:57:07.168 11137 11227 D jni_lib_merge: Preparing to register libreactnativejni_common_so.  onload_func: 0x727ce20ae5d0
03-14 22:57:07.168 11137 11227 D jni_lib_merge: Preparing to register librninstance_so.  onload_func: 0x727ce20eb4c0
03-14 22:57:07.168 11137 11227 D jni_lib_merge: Preparing to register libturbomodulejsijni_so.  onload_func: 0x727ce224cc00
03-14 22:57:07.168 11137 11227 D jni_lib_merge: Preparing to register libuimanagerjni_so.  onload_func: 0x727ce2264de0
03-14 22:57:07.168 11137 11227 D jni_lib_merge: Preparing to register libyoga_so.  onload_func: 0x727ce2273d70
03-14 22:57:07.168 11137 11227 D jni_lib_merge: About to register 11 actual methods.
03-14 22:57:07.189 11137 11137 I ViewInteraction: Checking 'MatchesViewAssertion(Detox){viewMatcher=(view has effective visibility <VISIBLE> and view.getGlobalVisibleRect() covers at least <75> percent of the view's area)}' assertion on view (view.getTag() is "dashboard-add-expense-button" and view has effective visibility <VISIBLE>)
03-14 22:57:07.453 11137 11137 I ViewInteraction: Checking 'MatchesViewAssertion(Detox){viewMatcher=(view has effective visibility <VISIBLE> and view.getGlobalVisibleRect() covers at least <75> percent of the view's area)}' assertion on view (view.getTag() is "dashboard-add-expense-button" and view has effective visibility <VISIBLE>)
03-14 22:57:07.497 11137 11137 I ViewInteraction: Checking 'MatchesViewAssertion(Detox){viewMatcher=(view has effective visibility <VISIBLE> and view.getGlobalVisibleRect() covers at least <75> percent of the view's area)}' assertion on view (view.getTag() is "dashboard-add-expense-button" and view has effective visibility <VISIBLE>)
03-14 22:57:07.532 11137 11137 I ViewInteraction: Checking 'MatchesViewAssertion(Detox){viewMatcher=(view has effective visibility <VISIBLE> and view.getGlobalVisibleRect() covers at least <75> percent of the view's area)}' assertion on view (view.getTag() is "dashboard-add-expense-button" and view has effective visibility <VISIBLE>)
03-14 22:57:07.602 11137 11137 I ViewInteraction: Checking 'MatchesViewAssertion(Detox){viewMatcher=(view has effective visibility <VISIBLE> and view.getGlobalVisibleRect() covers at least <75> percent of the view's area)}' assertion on view (view.getTag() is "dashboard-add-expense-button" and view has effective visibility <VISIBLE>)
03-14 22:57:07.621 11137 11227 D nativeloader: Load /data/app/~~YsqUcQHZ2eJyD51BHGgW7w==/com.mcfuzzysquirrel.studentfinance-8JLdNDjiGMSsFWheHCnHFA==/base.apk!/lib/x86_64/libexpo-sqlite.so using ns clns-7 from class loader (caller=/data/app/~~YsqUcQHZ2eJyD51BHGgW7w==/com.mcfuzzysquirrel.studentfinance-8JLdNDjiGMSsFWheHCnHFA==/base.apk!classes20.dex): ok
03-14 22:57:07.648 11137 11137 I ViewInteraction: Checking 'MatchesViewAssertion(Detox){viewMatcher=(view has effective visibility <VISIBLE> and view.getGlobalVisibleRect() covers at least <75> percent of the view's area)}' assertion on view (view.getTag() is "dashboard-add-expense-button" and view has effective visibility <VISIBLE>)
03-14 22:57:07.722 11137 11137 I ViewInteraction: Checking 'MatchesViewAssertion(Detox){viewMatcher=(view has effective visibility <VISIBLE> and view.getGlobalVisibleRect() covers at least <75> percent of the view's area)}' assertion on view (view.getTag() is "dashboard-add-expense-button" and view has effective visibility <VISIBLE>)
03-14 22:57:07.756 11137 11137 I ViewInteraction: Checking 'MatchesViewAssertion(Detox){viewMatcher=(view has effective visibility <VISIBLE> and view.getGlobalVisibleRect() covers at least <75> percent of the view's area)}' assertion on view (view.getTag() is "dashboard-add-expense-button" and view has effective visibility <VISIBLE>)
03-14 22:57:07.789 11137 11137 I ViewInteraction: Checking 'MatchesViewAssertion(Detox){viewMatcher=(view has effective visibility <VISIBLE> and view.getGlobalVisibleRect() covers at least <75> percent of the view's area)}' assertion on view (view.getTag() is "dashboard-add-expense-button" and view has effective visibility <VISIBLE>)
03-14 22:57:07.821 11137 11137 I ViewInteraction: Checking 'MatchesViewAssertion(Detox){viewMatcher=(view has effective visibility <VISIBLE> and view.getGlobalVisibleRect() covers at least <75> percent of the view's area)}' assertion on view (view.getTag() is "dashboard-add-expense-button" and view has effective visibility <VISIBLE>)
03-14 22:57:07.880 11137 11137 I ViewInteraction: Checking 'MatchesViewAssertion(Detox){viewMatcher=(view has effective visibility <VISIBLE> and view.getGlobalVisibleRect() covers at least <75> percent of the view's area)}' assertion on view (view.getTag() is "dashboard-add-expense-button" and view has effective visibility <VISIBLE>)
03-14 22:57:07.924 11137 11221 D TrafficStats: tagSocket(140) with statsTag=0xffffffff, statsUid=-1
03-14 22:57:07.968 11137 11137 I ViewInteraction: Checking 'MatchesViewAssertion(Detox){viewMatcher=(view has effective visibility <VISIBLE> and view.getGlobalVisibleRect() covers at least <75> percent of the view's area)}' assertion on view (view.getTag() is "dashboard-add-expense-button" and view has effective visibility <VISIBLE>)
03-14 22:57:08.043 11137 11137 W .studentfinance: Accessing hidden field Landroid/widget/ScrollView;->mScroller:Landroid/widget/OverScroller; (unsupported, reflection, allowed)
03-14 22:57:08.189 11137 11137 W [RNScreens]: backTitleFontFamily prop is not available on Android
03-14 22:57:08.189 11137 11137 W [RNScreens]: disableBackButtonMenu prop is not available on Android
03-14 22:57:08.189 11137 11137 W [RNScreens]: backTitleVisible prop is not available on Android
03-14 22:57:08.189 11137 11137 W [RNScreens]: topInsetEnabled prop is not available on Android
03-14 22:57:08.189 11137 11137 W [RNScreens]: largeTitleHideShadow prop is not available on Android
03-14 22:57:08.189 11137 11137 W [RNScreens]: largeTitleFontWeight prop is not available on Android
03-14 22:57:08.189 11137 11137 W [RNScreens]: userInterfaceStyle prop is not available on Android
03-14 22:57:08.189 11137 11137 W [RNScreens]: largeTitleFontFamily prop is not available on Android
03-14 22:57:08.499 11137 11326 D ProfileInstaller: Installing profile for com.mcfuzzysquirrel.studentfinance
03-14 22:57:08.857 11137 11148 I .studentfinance: Background concurrent mark compact GC freed 34MB AllocSpace bytes, 34(1876KB) LOS objects, 49% free, 10MB/21MB, paused 611us,4.608ms total 174.447ms
03-14 22:57:09.042 11137 11208 D EGL_emulation: app_time_stats: avg=1155.97ms min=141.49ms max=2760.16ms count=4
03-14 22:57:09.064 11137 11232 D TrafficStats: tagSocket(140) with statsTag=0xffffffff, statsUid=-1
03-14 22:57:09.071 11137 11209 I HWUI    : Davey! duration=1109ms; Flags=0, FrameTimelineVsyncId=112416, IntendedVsync=1274723299218, Vsync=1274756632550, InputEventId=0, HandleInputStart=1274759407756, AnimationStart=1274759408855, PerformTraversalsStart=1275238797191, DrawStart=1275242688912, FrameDeadline=1274739965884, FrameInterval=1274759402813, FrameStartTime=16666666, SyncQueued=1275273319539, SyncStart=1275273402077, IssueDrawCommandsStart=1275273545169, SwapBuffers=1275755001409, FrameCompleted=1275833117344, DequeueBufferDuration=5858, QueueBufferDuration=1751570, GpuCompleted=1275832969170, SwapBuffersCompleted=1275833117344, DisplayPresentTime=0, CommandSubmissionCompleted=1275755001409, 
03-14 22:57:09.264 11137 11153 I HWUI    : Davey! duration=729ms; Flags=0, FrameTimelineVsyncId=112423, IntendedVsync=1275006632540, Vsync=1275273299196, InputEventId=0, HandleInputStart=1275277309850, AnimationStart=1275277312081, PerformTraversalsStart=1275460315499, DrawStart=1275465393636, FrameDeadline=1275856632506, FrameInterval=1275276379885, FrameStartTime=16666666, SyncQueued=1275552454623, SyncStart=1275833357645, IssueDrawCommandsStart=1275833563348, SwapBuffers=1275874796851, FrameCompleted=1276016633888, DequeueBufferDuration=3569, QueueBufferDuration=153771, GpuCompleted=1276016633888, SwapBuffersCompleted=1275999904042, DisplayPresentTime=0, CommandSubmissionCompleted=1275874796851, 
03-14 22:57:09.272 11137 11137 I ViewInteraction: Checking 'MatchesViewAssertion(Detox){viewMatcher=(view has effective visibility <VISIBLE> and view.getGlobalVisibleRect() covers at least <75> percent of the view's area)}' assertion on view (view.getTag() is "dashboard-add-expense-button" and view has effective visibility <VISIBLE>)
03-14 22:57:09.287 11137 11197 I DetoxWSClient: Sending out action 'invokeResult' (ID #3)
03-14 22:57:09.288 11137 11197 I DetoxDispatcher: Done with action 'invoke'
03-14 22:57:09.315 11137 11201 D DetoxWSClient: Received action 'invoke' (ID #4, params={"target":{"type":"Class","value":"com.wix.detox.espresso.EspressoDetox"},"method":"perform","args":[{"type":"Invocation","value":{"target":{"type":"Class","value":"com.wix.detox.espresso.DetoxMatcher"},"method":"matcherForTestId","args":["dashboard-add-expense-button",{"type":"boolean","value":false}]}},{"type":"Invocation","value":{"target":{"type":"Class","value":"com.wix.detox.espresso.DetoxViewActions"},"method":"click","args":[]}}]})
03-14 22:57:09.334 11137 11197 I DetoxDispatcher: Handling action 'invoke' (ID #4)...
03-14 22:57:09.334 11137 11197 D Detox   : class com.wix.detox.espresso.DetoxMatcher, matcherForTestId, [dashboard-add-expense-button, false]
03-14 22:57:09.345 11137 11197 D Detox   : class com.wix.detox.espresso.DetoxViewActions, click, []
03-14 22:57:09.350 11137 11197 W .studentfinance: Accessing hidden method Landroid/view/ViewConfiguration;->getDoubleTapMinTime()I (unsupported, reflection, allowed)
03-14 22:57:09.352 11137 11197 D Detox   : class com.wix.detox.espresso.EspressoDetox, perform, [(view.getTag() is "dashboard-add-expense-button" and view has effective visibility <VISIBLE>), com.wix.detox.espresso.action.RNClickAction@f08bbb8]
03-14 22:57:09.356 11137 11137 I ViewInteraction: Performing 'com.wix.detox.espresso.action.detoxsingletap@83a2d91 click' action on view (view.getTag() is "dashboard-add-expense-button" and view has effective visibility <VISIBLE>)
03-14 22:57:09.390 11137 11333 W .studentfinance: Accessing hidden method Landroid/hardware/input/InputManager;->injectInputEvent(Landroid/view/InputEvent;I)Z (unsupported, reflection, allowed)
03-14 22:57:09.708 11137 11137 W [RNScreens]: backTitleFontFamily prop is not available on Android
03-14 22:57:09.710 11137 11137 W [RNScreens]: disableBackButtonMenu prop is not available on Android
03-14 22:57:09.710 11137 11137 W [RNScreens]: backTitleVisible prop is not available on Android
03-14 22:57:09.711 11137 11137 W [RNScreens]: topInsetEnabled prop is not available on Android
03-14 22:57:09.711 11137 11137 W [RNScreens]: largeTitleHideShadow prop is not available on Android
03-14 22:57:09.711 11137 11137 W [RNScreens]: largeTitleFontWeight prop is not available on Android
03-14 22:57:09.711 11137 11137 W [RNScreens]: userInterfaceStyle prop is not available on Android
03-14 22:57:09.714 11137 11137 W [RNScreens]: largeTitleFontFamily prop is not available on Android
03-14 22:57:09.766 11137 11137 I ImeTracker: com.mcfuzzysquirrel.studentfinance:65730b40: onRequestShow at ORIGIN_CLIENT reason SHOW_SOFT_INPUT fromUser false
03-14 22:57:09.779 11137 11137 D InputMethodManager: showSoftInput() view=com.facebook.react.views.textinput.ReactEditText{41c98cd VFED..CL. .F....ID 47,130-1033,331 #188 aid=1073741825} flags=0 reason=SHOW_SOFT_INPUT
03-14 22:57:10.729 11137 11208 D EGL_emulation: app_time_stats: avg=231.47ms min=33.96ms max=731.18ms count=7
03-14 22:57:10.753 11137 11137 I Choreographer: Skipped 44 frames!  The application may be doing too much work on its main thread.
03-14 22:57:10.760 11137 11221 D TrafficStats: tagSocket(136) with statsTag=0xffffffff, statsUid=-1
03-14 22:57:10.821 11137 11152 I HWUI    : Davey! duration=764ms; Flags=0, FrameTimelineVsyncId=112632, IntendedVsync=1276706632472, Vsync=1276706632472, InputEventId=0, HandleInputStart=1276721790392, AnimationStart=1276721791535, PerformTraversalsStart=1276727073143, DrawStart=1276732713066, FrameDeadline=1276806632468, FrameInterval=1276721783695, FrameStartTime=16666666, SyncQueued=1276739843041, SyncStart=1276789148670, IssueDrawCommandsStart=1276793540377, SwapBuffers=1277350050123, FrameCompleted=1277520155595, DequeueBufferDuration=9633, QueueBufferDuration=384691, GpuCompleted=1277519920546, SwapBuffersCompleted=1277520155595, DisplayPresentTime=0, CommandSubmissionCompleted=1277350050123, 
03-14 22:57:10.829 11137 11137 D InsetsController: show(ime(), fromIme=true)
03-14 22:57:10.969 11137 11364 W InteractionJankMonitor: Initializing without READ_DEVICE_CONFIG permission. enabled=true, interval=1, missedFrameThreshold=3, frameTimeThreshold=64, package=com.mcfuzzysquirrel.studentfinance
03-14 22:57:11.039 11137 11209 I HWUI    : Davey! duration=940ms; Flags=0, FrameTimelineVsyncId=112692, IntendedVsync=1276806632468, Vsync=1277539965772, InputEventId=0, HandleInputStart=1277546018514, AnimationStart=1277546020820, PerformTraversalsStart=1277549432710, DrawStart=127755302268