--------- beginning of main
03-14 22:57:01.055 11137 11137 W ziparchive: Unable to open '/data/app/~~YsqUcQHZ2eJyD51BHGgW7w==/com.mcfuzzysquirrel.studentfinance-8JLdNDjiGMSsFWheHCnHFA==/base.dm': No such file or directory
03-14 22:57:01.055 11137 11137 W ziparchive: Unable to open '/data/app/~~YsqUcQHZ2eJyD51BHGgW7w==/com.mcfuzzysquirrel.studentfinance-8JLdNDjiGMSsFWheHCnHFA==/base.dm': No such file or directory
03-14 22:57:01.477 11137 11137 D nativeloader: Configuring clns-7 for other apk /system/framework/android.test.runner.jar:/system/framework/android.test.mock.jar:/system/framework/android.test.base.jar:/data/app/~~feC0d-aJBAXZMQDLgqJFLA==/com.mcfuzzysquirrel.studentfinance.test-MgctBIaYwGk-S72bVRP-Xw==/base.apk:/data/app/~~YsqUcQHZ2eJyD51BHGgW7w==/com.mcfuzzysquirrel.studentfinance-8JLdNDjiGMSsFWheHCnHFA==/base.apk. target_sdk_version=36, uses_libraries=, library_path=/data/app/~~feC0d-aJBAXZMQDLgqJFLA==/com.mcfuzzysquirrel.studentfinance.test-MgctBIaYwGk-S72bVRP-Xw==/lib/x86_64:/data/app/~~YsqUcQHZ2eJyD51BHGgW7w==/com.mcfuzzysquirrel.studentfinance-8JLdNDjiGMSsFWheHCnHFA==/lib/x86_64:/data/app/~~feC0d-aJBAXZMQDLgqJFLA==/com.mcfuzzysquirrel.studentfinance.test-MgctBIaYwGk-S72bVRP-Xw==/base.apk!/lib/x86_64:/data/app/~~YsqUcQHZ2eJyD51BHGgW7w==/com.mcfuzzysquirrel.studentfinance-8JLdNDjiGMSsFWheHCnHFA==/base.apk!/lib/x86_64, permitted_path=/data:/mnt/expand:/data/user/0/com.mcfuzzysquirrel.studentfinance
03-14 22:57:01.513 11137 11137 V GraphicsEnvironment: Currently set values for:
03-14 22:57:01.513 11137 11137 V GraphicsEnvironment:   angle_gl_driver_selection_pkgs=[]
03-14 22:57:01.513 11137 11137 V GraphicsEnvironment:   angle_gl_driver_selection_values=[]
03-14 22:57:01.513 11137 11137 V GraphicsEnvironment: Global.Settings values are invalid: number of packages: 0, number of values: 0
03-14 22:57:01.513 11137 11137 V GraphicsEnvironment: Neither updatable production driver nor prerelease driver is supported.
03-14 22:57:01.518 11137 11137 D ApplicationLoaders: Returning zygote-cached class loader: /system/framework/android.test.base.jar
03-14 22:57:01.520 11137 11137 D nativeloader: Configuring clns-8 for other apk /system/framework/android.test.mock.jar. target_sdk_version=36, uses_libraries=ALL, library_path=/data/app/~~feC0d-aJBAXZMQDLgqJFLA==/com.mcfuzzysquirrel.studentfinance.test-MgctBIaYwGk-S72bVRP-Xw==/lib/x86_64:/data/app/~~YsqUcQHZ2eJyD51BHGgW7w==/com.mcfuzzysquirrel.studentfinance-8JLdNDjiGMSsFWheHCnHFA==/lib/x86_64, permitted_path=/data:/mnt/expand
03-14 22:57:01.545 11137 11137 D ApplicationLoaders: Returning zygote-cached class loader: /system/framework/android.test.base.jar
03-14 22:57:01.547 11137 11137 D nativeloader: Configuring clns-9 for other apk /system/framework/android.test.runner.jar. target_sdk_version=36, uses_libraries=ALL, library_path=/data/app/~~feC0d-aJBAXZMQDLgqJFLA==/com.mcfuzzysquirrel.studentfinance.test-MgctBIaYwGk-S72bVRP-Xw==/lib/x86_64:/data/app/~~YsqUcQHZ2eJyD51BHGgW7w==/com.mcfuzzysquirrel.studentfinance-8JLdNDjiGMSsFWheHCnHFA==/lib/x86_64, permitted_path=/data:/mnt/expand
03-14 22:57:01.557 11137 11137 W .studentfinance: ClassLoaderContext shared library size mismatch. Expected=2, found=3 (PCL[]{PCL[/system/framework/android.test.base.jar*724373495]#PCL[/system/framework/android.test.mock.jar*1452759902]} | PCL[]{PCL[/system/framework/android.test.base.jar*724373495]#PCL[/system/framework/android.test.mock.jar*1452759902]#PCL[/system/framework/android.test.runner.jar*2496447986]{PCL[/system/framework/android.test.base.jar*724373495]#PCL[/system/framework/android.test.mock.jar*1452759902]}};PCL[/system/framework/android.test.runner.jar*2496447986:/system/framework/android.test.mock.jar*1452759902:/system/framework/android.test.base.jar*724373495:/data/app/~~feC0d-aJBAXZMQDLgqJFLA==/com.mcfuzzysquirrel.studentfinance.test-MgctBIaYwGk-S72bVRP-Xw==/base.apk*3224200876:/data/app/~~YsqUcQHZ2eJyD51BHGgW7w==/com.mcfuzzysquirrel.studentfinance-8JLdNDjiGMSsFWheHCnHFA==/base.apk*2060289533])
03-14 22:57:01.573 11137 11137 W .studentfinance: ClassLoaderContext classpath size mismatch. expected=0, found=1 (PCL[] | PCL[/system/framework/android.test.runner.jar*2496447986]{PCL[/system/framework/android.test.base.jar*724373495]#PCL[/system/framework/android.test.mock.jar*1452759902]#PCL[/system/framework/android.test.runner.jar*2496447986]{PCL[/system/framework/android.test.base.jar*724373495]#PCL[/system/framework/android.test.mock.jar*1452759902]}};PCL[/system/framework/android.test.runner.jar*2496447986:/system/framework/android.test.mock.jar*1452759902:/system/framework/android.test.base.jar*724373495:/data/app/~~feC0d-aJBAXZMQDLgqJFLA==/com.mcfuzzysquirrel.studentfinance.test-MgctBIaYwGk-S72bVRP-Xw==/base.apk*3224200876:/data/app/~~YsqUcQHZ2eJyD51BHGgW7w==/com.mcfuzzysquirrel.studentfinance-8JLdNDjiGMSsFWheHCnHFA==/base.apk*2060289533])
03-14 22:57:01.577 11137 11137 W .studentfinance: ClassLoaderContext classpath size mismatch. expected=0, found=2 (PCL[] | PCL[/system/framework/android.test.runner.jar*2496447986:/system/framework/android.test.mock.jar*1452759902]{PCL[/system/framework/android.test.base.jar*724373495]#PCL[/system/framework/android.test.mock.jar*1452759902]#PCL[/system/framework/android.test.runner.jar*2496447986]{PCL[/system/framework/android.test.base.jar*724373495]#PCL[/system/framework/android.test.mock.jar*1452759902]}};PCL[/system/framework/android.test.runner.jar*2496447986:/system/framework/android.test.mock.jar*1452759902:/system/framework/android.test.base.jar*724373495:/data/app/~~feC0d-aJBAXZMQDLgqJFLA==/com.mcfuzzysquirrel.studentfinance.test-MgctBIaYwGk-S72bVRP-Xw==/base.apk*3224200876:/data/app/~~YsqUcQHZ2eJyD51BHGgW7w==/com.mcfuzzysquirrel.studentfinance-8JLdNDjiGMSsFWheHCnHFA==/base.apk*2060289533])
03-14 22:57:01.579 11137 11137 W ziparchive: Unable to open '/data/app/~~feC0d-aJBAXZMQDLgqJFLA==/com.mcfuzzysquirrel.studentfinance.test-MgctBIaYwGk-S72bVRP-Xw==/base.dm': No such file or directory
03-14 22:57:01.579 11137 11137 W ziparchive: Unable to open '/data/app/~~feC0d-aJBAXZMQDLgqJFLA==/com.mcfuzzysquirrel.studentfinance.test-MgctBIaYwGk-S72bVRP-Xw==/base.dm': No such file or directory
03-14 22:57:01.683 11137 11137 W ziparchive: Unable to open '/data/app/~~YsqUcQHZ2eJyD51BHGgW7w==/com.mcfuzzysquirrel.studentfinance-8JLdNDjiGMSsFWheHCnHFA==/base.dm': No such file or directory
03-14 22:57:01.683 11137 11137 W ziparchive: Unable to open '/data/app/~~YsqUcQHZ2eJyD51BHGgW7w==/com.mcfuzzysquirrel.studentfinance-8JLdNDjiGMSsFWheHCnHFA==/base.dm': No such file or directory
03-14 22:57:02.029 11137 11137 I AndroidJUnitRunner: newApplication com.mcfuzzysquirrel.studentfinance.MainApplication
03-14 22:57:02.047 11137 11137 I AndroidJUnitRunner: onCreate Bundle[mParcelledData.dataSize=312]
03-14 22:57:02.048 11137 11137 D AndroidJUnitRunner: Use the raw file system for managing file I/O.
03-14 22:57:02.120 11137 11137 V TestEventClient: No service name argument was given (testDiscoveryService, testRunEventService or orchestratorService)
03-14 22:57:02.121 11137 11195 D AndroidJUnitRunner: onStart is called.
03-14 22:57:02.125 11137 11137 W SoLoader: Initializing SoLoader: 0
03-14 22:57:02.126 11137 11137 W SoLoader: Recording new base apk path: /data/app/~~YsqUcQHZ2eJyD51BHGgW7w==/com.mcfuzzysquirrel.studentfinance-8JLdNDjiGMSsFWheHCnHFA==/base.apk
03-14 22:57:02.126 11137 11137 W SoLoader: Previously recorded 0 base apk paths.
03-14 22:57:02.128 11137 11137 I SoLoader: Preparing SO source: DirectorySoSource[root = /vendor/lib64 flags = 2]
03-14 22:57:02.129 11137 11137 I SoLoader: Preparing SO source: DirectorySoSource[root = /system/lib64 flags = 2]
03-14 22:57:02.129 11137 11137 I SoLoader: Preparing SO source: DirectApkSoSource[root = [/data/app/~~YsqUcQHZ2eJyD51BHGgW7w==/com.mcfuzzysquirrel.studentfinance-8JLdNDjiGMSsFWheHCnHFA==/base.apk!/lib/x86_64]]
03-14 22:57:02.145 11137 11137 I SoLoader: Preparing SO source: ApplicationSoSource[DirectorySoSource[root = /data/app/~~YsqUcQHZ2eJyD51BHGgW7w==/com.mcfuzzysquirrel.studentfinance-8JLdNDjiGMSsFWheHCnHFA==/lib/x86_64 flags = 0]]
03-14 22:57:02.145 11137 11137 I SoLoader: init finish: 4 SO sources prepared
03-14 22:57:02.146 11137 11137 W SoLoader: SoLoader initialized: 8
03-14 22:57:02.172 11137 11137 D nativeloader: Load /data/app/~~YsqUcQHZ2eJyD51BHGgW7w==/com.mcfuzzysquirrel.studentfinance-8JLdNDjiGMSsFWheHCnHFA==/base.apk!/lib/x86_64/libc++_shared.so using ns clns-7 from class loader (caller=/data/app/~~YsqUcQHZ2eJyD51BHGgW7w==/com.mcfuzzysquirrel.studentfinance-8JLdNDjiGMSsFWheHCnHFA==/base.apk): ok
03-14 22:57:02.183 11137 11137 D nativeloader: Load /data/app/~~YsqUcQHZ2eJyD51BHGgW7w==/com.mcfuzzysquirrel.studentfinance-8JLdNDjiGMSsFWheHCnHFA==/base.apk!/lib/x86_64/libjsi.so using ns clns-7 from class loader (caller=/data/app/~~YsqUcQHZ2eJyD51BHGgW7w==/com.mcfuzzysquirrel.studentfinance-8JLdNDjiGMSsFWheHCnHFA==/base.apk): ok
03-14 22:57:02.191 11137 11137 D nativeloader: Load /data/app/~~YsqUcQHZ2eJyD51BHGgW7w==/com.mcfuzzysquirrel.studentfinance-8JLdNDjiGMSsFWheHCnHFA==/base.apk!/lib/x86_64/libfbjni.so using ns clns-7 from class loader (caller=/data/app/~~YsqUcQHZ2eJyD51BHGgW7w==/com.mcfuzzysquirrel.studentfinance-8JLdNDjiGMSsFWheHCnHFA==/base.apk): ok
03-14 22:57:02.202 11137 11137 D nativeloader: Load /data/app/~~YsqUcQHZ2eJyD51BHGgW7w==/com.mcfuzzysquirrel.studentfinance-8JLdNDjiGMSsFWheHCnHFA==/base.apk!/lib/x86_64/libreactnative.so using ns clns-7 from class loader (caller=/data/app/~~YsqUcQHZ2eJyD51BHGgW7w==/com.mcfuzzysquirrel.studentfinance-8JLdNDjiGMSsFWheHCnHFA==/base.apk): ok
03-14 22:57:02.203 11137 11137 D jni_lib_merge: Entering merged library JNI_OnLoad.
03-14 22:57:02.203 11137 11137 D jni_lib_merge: Preparing 12 pre-merged libs (including stub)
03-14 22:57:02.203 11137 11137 D jni_lib_merge: Preparing to register libfabricjni_so.  onload_func: 0x727ce1ba4730
03-14 22:57:02.203 11137 11137 D jni_lib_merge: Preparing to register libreact_devsupportjni_so.  onload_func: 0x727ce1da1190
03-14 22:57:02.203 11137 11137 D jni_lib_merge: Preparing to register libreact_featureflagsjni_so.  onload_func: 0x727ce1db2910
03-14 22:57:02.203 11137 11137 D jni_lib_merge: Preparing to register libreact_newarchdefaults_so.  onload_func: 0x727ce1e53d20
03-14 22:57:02.203 11137 11137 D jni_lib_merge: Preparing to register libreactnativeblob_so.  onload_func: 0x727ce205e2e0
03-14 22:57:02.203 11137 11137 D jni_lib_merge: Preparing to register libreactnativejni_so.  onload_func: 0x727ce209e770
03-14 22:57:02.203 11137 11137 D jni_lib_merge: Preparing to register libreactnativejni_common_so.  onload_func: 0x727ce20ae5d0
03-14 22:57:02.203 11137 11137 D jni_lib_merge: Preparing to register librninstance_so.  onload_func: 0x727ce20eb4c0
03-14 22:57:02.203 11137 11137 D jni_lib_merge: Preparing to register libturbomodulejsijni_so.  onload_func: 0x727ce224cc00
03-14 22:57:02.203 11137 11137 D jni_lib_merge: Preparing to register libuimanagerjni_so.  onload_func: 0x727ce2264de0
03-14 22:57:02.203 11137 11137 D jni_lib_merge: Preparing to register libyoga_so.  onload_func: 0x727ce2273d70
03-14 22:57:02.203 11137 11137 D jni_lib_merge: About to register 11 actual methods.
03-14 22:57:02.224 11137 11137 D nativeloader: Load /data/app/~~YsqUcQHZ2eJyD51BHGgW7w==/com.mcfuzzysquirrel.studentfinance-8JLdNDjiGMSsFWheHCnHFA==/base.apk!/lib/x86_64/libreact_codegen_rnscreens.so using ns clns-7 from class loader (caller=/data/app/~~YsqUcQHZ2eJyD51BHGgW7w==/com.mcfuzzysquirrel.studentfinance-8JLdNDjiGMSsFWheHCnHFA==/base.apk): ok
03-14 22:57:02.224 11137 11137 D jni_lib_merge: Entering merged library JNI_OnLoad.
03-14 22:57:02.224 11137 11137 D jni_lib_merge: Preparing 12 pre-merged libs (including stub)
03-14 22:57:02.224 11137 11137 D jni_lib_merge: Preparing to register libfabricjni_so.  onload_func: 0x727ce1ba4730
03-14 22:57:02.224 11137 11137 D jni_lib_merge: Preparing to register libreact_devsupportjni_so.  onload_func: 0x727ce1da1190
03-14 22:57:02.224 11137 11137 D jni_lib_merge: Preparing to register libreact_featureflagsjni_so.  onload_func: 0x727ce1db2910
03-14 22:57:02.224 11137 11137 D jni_lib_merge: Preparing to register libreact_newarchdefaults_so.  onload_func: 0x727ce1e53d20
03-14 22:57:02.224 11137 11137 D jni_lib_merge: Preparing to register libreactnativeblob_so.  onload_func: 0x727ce205e2e0
03-14 22:57:02.224 11137 11137 D jni_lib_merge: Preparing to register libreactnativejni_so.  onload_func: 0x727ce209e770
03-14 22:57:02.224 11137 11137 D jni_lib_merge: Preparing to register libreactnativejni_common_so.  onload_func: 0x727ce20ae5d0
03-14 22:57:02.224 11137 11137 D jni_lib_merge: Preparing to register librninstance_so.  onload_func: 0x727ce20eb4c0
03-14 22:57:02.224 11137 11137 D jni_lib_merge: Preparing to register libturbomodulejsijni_so.  onload_func: 0x727ce224cc00
03-14 22:57:02.224 11137 11137 D jni_lib_merge: Preparing to register libuimanagerjni_so.  onload_func: 0x727ce2264de0
03-14 22:57:02.224 11137 11137 D jni_lib_merge: Preparing to register libyoga_so.  onload_func: 0x727ce2273d70
03-14 22:57:02.224 11137 11137 D jni_lib_merge: About to register 11 actual methods.
03-14 22:57:02.235 11137 11137 D nativeloader: Load /data/app/~~YsqUcQHZ2eJyD51BHGgW7w==/com.mcfuzzysquirrel.studentfinance-8JLdNDjiGMSsFWheHCnHFA==/base.apk!/lib/x86_64/libreact_codegen_rnsvg.so using ns clns-7 from class loader (caller=/data/app/~~YsqUcQHZ2eJyD51BHGgW7w==/com.mcfuzzysquirrel.studentfinance-8JLdNDjiGMSsFWheHCnHFA==/base.apk): ok
03-14 22:57:02.235 11137 11137 D jni_lib_merge: Entering merged library JNI_OnLoad.
03-14 22:57:02.235 11137 11137 D jni_lib_merge: Preparing 12 pre-merged libs (including stub)
03-14 22:57:02.235 11137 11137 D jni_lib_merge: Preparing to register libfabricjni_so.  onload_func: 0x727ce1ba4730
03-14 22:57:02.235 11137 11137 D jni_lib_merge: Preparing to register libreact_devsupportjni_so.  onload_func: 0x727ce1da1190
03-14 22:57:02.235 11137 11137 D jni_lib_merge: Preparing to register libreact_featureflagsjni_so.  onload_func: 0x727ce1db2910
03-14 22:57:02.235 11137 11137 D jni_lib_merge: Preparing to register libreact_newarchdefaults_so.  onload_func: 0x727ce1e53d20
03-14 22:57:02.235 11137 11137 D jni_lib_merge: Preparing to register libreactnativeblob_so.  onload_func: 0x727ce205e2e0
03-14 22:57:02.235 11137 11137 D jni_lib_merge: Preparing to register libreactnativejni_so.  onload_func: 0x727ce209e770
03-14 22:57:02.235 11137 11137 D jni_lib_merge: Preparing to register libreactnativejni_common_so.  onload_func: 0x727ce20ae5d0
03-14 22:57:02.235 11137 11137 D jni_lib_merge: Preparing to register librninstance_so.  onload_func: 0x727ce20eb4c0
03-14 22:57:02.235 11137 11137 D jni_lib_merge: Preparing to register libturbomodulejsijni_so.  onload_func: 0x727ce224cc00
03-14 22:57:02.235 11137 11137 D jni_lib_merge: Preparing to register libuimanagerjni_so.  onload_func: 0x727ce2264de0
03-14 22:57:02.235 11137 11137 D jni_lib_merge: Preparing to register libyoga_so.  onload_func: 0x727ce2273d70
03-14 22:57:02.235 11137 11137 D jni_lib_merge: About to register 11 actual methods.
03-14 22:57:02.245 11137 11137 D nativeloader: Load /data/app/~~YsqUcQHZ2eJyD51BHGgW7w==/com.mcfuzzysquirrel.studentfinance-8JLdNDjiGMSsFWheHCnHFA==/base.apk!/lib/x86_64/libreact_codegen_safeareacontext.so using ns clns-7 from class loader (caller=/data/app/~~YsqUcQHZ2eJyD51BHGgW7w==/com.mcfuzzysquirrel.studentfinance-8JLdNDjiGMSsFWheHCnHFA==/base.apk): ok
03-14 22:57:02.251 11137 11137 D nativeloader: Load /data/app/~~YsqUcQHZ2eJyD51BHGgW7w==/com.mcfuzzysquirrel.studentfinance-8JLdNDjiGMSsFWheHCnHFA==/base.apk!/lib/x86_64/libappmodules.so using ns clns-7 from class loader (caller=/data/app/~~YsqUcQHZ2eJyD51BHGgW7w==/com.mcfuzzysquirrel.studentfinance-8JLdNDjiGMSsFWheHCnHFA==/base.apk): ok
03-14 22:57:02.313 11137 11195 I InstrConnection: Could not send broadcast or register receiver (isolatedProcess?)
03-14 22:57:02.317 11137 11195 D TestRequestBuilder: Using class path scanning to discover tests
03-14 22:57:02.317 11137 11195 I TestRequestBuilder: Scanning classpath to find tests in paths [/data/app/~~feC0d-aJBAXZMQDLgqJFLA==/com.mcfuzzysquirrel.studentfinance.test-MgctBIaYwGk-S72bVRP-Xw==/base.apk]
03-14 22:57:02.318 11137 11195 W .studentfinance: Opening an oat file without a class loader. Are you using the deprecated DexFile APIs?
03-14 22:57:02.872 11137 11195 I TestRunner: run started: 1 tests
03-14 22:57:02.873 11137 11195 I TestRunner: started: runDetoxTests(com.mcfuzzysquirrel.studentfinance.DetoxTest)
03-14 22:57:02.883 11137 11195 I Detox   : Detox server connection details: url=ws://localhost:36975, sessionId=b0e1d00a-3b73-8395-6612-0e625cc38a55
03-14 22:57:02.899 11137 11195 I Tracing : Tracer added: class androidx.test.platform.tracing.AndroidXTracer
03-14 22:57:02.917 11137 11195 W .studentfinance: Accessing hidden field Ljava/lang/reflect/Field;->accessFlags:I (unsupported, reflection, allowed)
03-14 22:57:02.923 11137 11195 I Detox   : Connecting to server...
03-14 22:57:02.923 11137 11195 I DetoxWSClient: At connectToServer
03-14 22:57:02.989 11137 11201 D TrafficStats: tagSocket(102) with statsTag=0xffffffff, statsUid=-1
03-14 22:57:03.003 11137 11201 D DetoxWSClient: At onOpen
03-14 22:57:03.003 11137 11201 I DetoxWSClient: Sending out action 'login' (ID #0)
03-14 22:57:03.004 11137 11201 I Detox   : Connected to server!
03-14 22:57:03.008 11137 11201 D DetoxWSClient: Received action 'loginSuccess' (ID #0, params={"testerConnected":true,"appConnected":true})
03-14 22:57:03.008 11137 11197 I DetoxDispatcher: Handling action 'loginSuccess' (ID #0)...
03-14 22:57:03.008 11137 11197 I DetoxDispatcher: Done with action 'loginSuccess'
03-14 22:57:03.008 11137 11195 I Detox   : Launching the tested activity!
03-14 22:57:03.054 11137 11201 D DetoxWSClient: Received action 'isReady' (ID #-1000, params={})
03-14 22:57:03.056 11137 11197 I DetoxDispatcher: Handling action 'isReady' (ID #-1000)...
03-14 22:57:03.276 11137 11137 D AppCompatDelegate: Checking for metadata for AppLocalesMetadataHolderService : Service not found
03-14 22:57:03.334 11137 11137 D LifecycleMonitor: Lifecycle status change: com.mcfuzzysquirrel.studentfinance.MainActivity@340991c in: PRE_ON_CREATE
03-14 22:57:03.823 11137 11221 D TrafficStats: tagSocket(109) with statsTag=0xffffffff, statsUid=-1
03-14 22:57:03.881 11137 11221 W unknown:ReconnectingWebSocket: Couldn't connect to "ws://10.0.2.2:8081/message?device=sdk_gphone64_x86_64%20-%2015%20-%20API%2035&app=com.mcfuzzysquirrel.studentfinance&clientid=BridgelessDevSupportManager", will silently retry
03-14 22:57:03.976 11137 11137 W unknown:BridgelessReact: ReactHost{0}.startSurface(surfaceId = 0): Schedule
03-14 22:57:03.976 11137 11137 W unknown:BridgelessReact: ReactHost{0}.attachSurface(surfaceId = 0)
03-14 22:57:03.985 11137 11225 W unknown:BridgelessReact: ReactHost{0}.getOrCreateReactInstanceTask()
03-14 22:57:03.987 11137 11225 W unknown:BridgelessReact: ReactHost{0}.getOrCreateReactInstanceTask(): Start
03-14 22:57:03.987 11137 11225 D Detox.RNMarker: REACT_BRIDGELESS_LOADING_START (null)
03-14 22:57:03.987 11137 11225 W unknown:BridgelessReact: ReactHost{0}.getJSBundleLoader()
03-14 22:57:03.987 11137 11225 W unknown:BridgelessReact: ReactHost{0}.isMetroRunning()
03-14 22:57:04.005 11137 11226 D TrafficStats: tagSocket(109) with statsTag=0xffffffff, statsUid=-1
03-14 22:57:04.012 11137 11226 W unknown:ReactNative: The packager does not seem to be running as we got an IOException requesting its status: Failed to connect to /10.0.2.2:8081
03-14 22:57:04.012 11137 11226 W unknown:BridgelessReact: ReactHost{0}.isMetroRunning(): Async result = false
03-14 22:57:04.013 11137 11225 W unknown:BridgelessReact: ReactHost{0}.getOrCreateReactInstanceTask(): Creating BridgelessReactContext
03-14 22:57:04.015 11137 11225 W unknown:BridgelessReact: ReactHost{0}.getOrCreateReactInstanceTask(): Creating ReactInstance
03-14 22:57:04.050 11137 11137 W .studentfinance: Accessing hidden method Landroid/view/ViewGroup;->makeOptionalFitsSystemWindows()V (unsupported, reflection, allowed)
03-14 22:57:04.057 11137 11137 D LifecycleMonitor: Lifecycle status change: com.mcfuzzysquirrel.studentfinance.MainActivity@340991c in: CREATED
03-14 22:57:04.059 11137 11232 D TrafficStats: tagSocket(116) with statsTag=0xffffffff, statsUid=-1
03-14 22:57:04.060 11137 11137 D LifecycleMonitor: Lifecycle status change: com.mcfuzzysquirrel.studentfinance.MainActivity@340991c in: STARTED
03-14 22:57:04.064 11137 11137 W unknown:BridgelessReact: ReactHost{0}.onHostResume(activity)
03-14 22:57:04.064 11137 11137 W unknown:ReactNative: Packager connection already open, nooping.
03-14 22:57:04.064 11137 11137 W unknown:BridgelessReact: ReactHost{0}.ReactContext.onHostResume()
03-14 22:57:04.064 11137 11137 D LifecycleMonitor: Lifecycle status change: com.mcfuzzysquirrel.studentfinance.MainActivity@340991c in: RESUMED
03-14 22:57:04.071 11137 11225 D nativeloader: Load /data/app/~~YsqUcQHZ2eJyD51BHGgW7w==/com.mcfuzzysquirrel.studentfinance-8JLdNDjiGMSsFWheHCnHFA==/base.apk!/lib/x86_64/libhermesvm.so using ns clns-7 from class loader (caller=/data/app/~~YsqUcQHZ2eJyD51BHGgW7w==/com.mcfuzzysquirrel.studentfinance-8JLdNDjiGMSsFWheHCnHFA==/base.apk): ok
03-14 22:57:04.073 11137 11225 D nativeloader: Load /data/app/~~YsqUcQHZ2eJyD51BHGgW7w==/com.mcfuzzysquirrel.studentfinance-8JLdNDjiGMSsFWheHCnHFA==/base.apk!/lib/x86_64/libhermestooling.so using ns clns-7 from class loader (caller=/data/app/~~YsqUcQHZ2eJyD51BHGgW7w==/com.mcfuzzysquirrel.studentfinance-8JLdNDjiGMSsFWheHCnHFA==/base.apk): ok
03-14 22:57:04.073 11137 11225 D jni_lib_merge: Entering merged library JNI_OnLoad.
03-14 22:57:04.073 11137 11225 D jni_lib_merge: Preparing 4 pre-merged libs (including stub)
03-14 22:57:04.073 11137 11225 D jni_lib_merge: Preparing to register libhermes_executor_so.  onload_func: 0x727cd2bb4050
03-14 22:57:04.073 11137 11225 D jni_lib_merge: Preparing to register libhermesinstancejni_so.  onload_func: 0x727cd2bea680
03-14 22:57:04.073 11137 11225 D jni_lib_merge: Preparing to register libjsijniprofiler_so.  onload_func: 0x727cd2bec3f0
03-14 22:57:04.073 11137 11225 D jni_lib_merge: About to register 3 actual methods.
03-14 22:57:04.074 11137 11137 W HWUI    : Unknown dataspace 0
03-14 22:57:04.175 11137 11208 I EGL_emulation: Opening libGLESv1_CM_emulation.so
03-14 22:57:04.175 11137 11208 I EGL_emulation: Opening libGLESv2_emulation.so
03-14 22:57:04.221 11137 11208 W HWUI    : Failed to initialize 101010-2 format, error = EGL_SUCCESS
03-14 22:57:04.245 11137 11208 I Gralloc4: mapper 4.x is not supported
03-14 22:57:04.888 11137 11225 W .studentfinance: Verification of expo.modules.kotlin.modules.ModuleDefinitionData expo.modules.filesystem.FileSystemModule.definition() took 467.445ms (22603.68 bytecodes/s) (202904B approximate peak alloc)
03-14 22:57:05.138 11137 11225 I ExpoModulesCore: ✅ AppContext was initialized
03-14 22:57:05.336 11137 11225 W unknown:BridgelessReact: ReactHost{0}.getOrCreateReactInstanceTask(): Loading JS Bundle
03-14 22:57:05.338 11137 11227 D Detox.RNMarker: RUN_JS_BUNDLE_START (index.android.bundle)
03-14 22:57:05.349 11137 11225 W unknown:BridgelessReact: ReactHost{0}.getOrCreateReactInstanceTask(): DevSupportManager.onNewReactContextCreated()
03-14 22:57:05.367 11137 11225 W unknown:BridgelessReact: ReactHost{0}.startSurface(surfaceId = 0): Execute
03-14 22:57:05.373 11137 11137 W unknown:ReactNative: Packager connection already open, nooping.
03-14 22:57:05.374 11137 11137 W unknown:BridgelessReact: ReactHost{0}.ReactContext.onHostResume()
03-14 22:57:05.374 11137 11137 W unknown:BridgelessReact: ReactHost{0}.getOrCreateReactInstanceTask(): Executing ReactInstanceEventListeners
03-14 22:57:05.374 11137 11137 I DetoxRNLoading: Got new RN-context through listener
03-14 22:57:05.375 11137 11197 W .studentfinance: Long monitor contention with owner Instr: androidx.test.runner.AndroidJUnitRunner (11195) at void com.wix.detox.DetoxMain.launchActivityOnCue(android.content.Context, com.wix.detox.ActivityLaunchHelper)(DetoxMain.kt:53) waiters=0 in void com.wix.detox.DetoxMain$setupActionHandlers$SynchronizedActionHandler.handle(java.lang.String, long) for 2.319s
03-14 22:57:05.377 11137 11137 W .studentfinance: Accessing hidden method Landroid/os/MessageQueue;->next()Landroid/os/Message; (unsupported, reflection, allowed)
03-14 22:57:05.377 11137 11137 W .studentfinance: Accessing hidden field Landroid/os/MessageQueue;->mMessages:Landroid/os/Message; (unsupported, reflection, allowed)
03-14 22:57:05.378 11137 11137 W .studentfinance: Accessing hidden method Landroid/os/Message;->recycleUnchecked()V (unsupported, reflection, allowed)
03-14 22:57:05.382 11137 11137 I Detox   : Wait is over: App is now idle!
03-14 22:57:05.382 11137 11197 I DetoxWSClient: Sending out action 'ready' (ID #-1000)
03-14 22:57:05.382 11137 11197 I DetoxDispatcher: Done with action 'isReady'
03-14 22:57:05.404 11137 11201 D DetoxWSClient: Received action 'invoke' (ID #3, params={"target":{"type":"Class","value":"com.wix.detox.espresso.DetoxAssertion"},"method":"waitForAssertMatcher","args":[{"type":"Invocation","value":{"target":{"type":"Class","value":"androidx.test.espresso.Espresso"},"method":"onView","args":[{"type":"Invocation","value":{"target":{"type":"Class","value":"com.wix.detox.espresso.DetoxMatcher"},"method":"matcherForTestId","args":["dashboard-add-expense-button",{"type":"boolean","value":false}]}}]}},{"type":"Invocation","value":{"target":{"type":"Class","value":"com.wix.detox.espresso.DetoxMatcher"},"method":"matcherForSufficientlyVisible","args":[{"type":"Integer","value":75}]}},{"type":"Double","value":10}]})
03-14 22:57:05.414 11137 11197 I DetoxDispatcher: Handling action 'invoke' (ID #3)...
03-14 22:57:05.416 11137 11227 D nativeloader: Load /data/app/~~YsqUcQHZ2eJyD51BHGgW7w==/com.mcfuzzysquirrel.studentfinance-8JLdNDjiGMSsFWheHCnHFA==/base.apk!/lib/x86_64/libexpo-modules-core.so using ns clns-7 from class loader (caller=/data/app/~~YsqUcQHZ2eJyD51BHGgW7w==/com.mcfuzzysquirrel.studentfinance-8JLdNDjiGMSsFWheHCnHFA==/base.apk): ok
03-14 22:57:05.418 11137 11197 D Detox   : class com.wix.detox.espresso.DetoxMatcher, matcherForTestId, [dashboard-add-expense-button, false]
03-14 22:57:05.428 11137 11197 D Detox   : class androidx.test.espresso.Espresso, onView, [(view.getTag() is "dashboard-add-expense-button" and view has effective visibility <VISIBLE>)]
03-14 22:57:05.429 11137 11197 D Detox   : class com.wix.detox.espresso.DetoxMatcher, matcherForSufficientlyVisible, [75]
03-14 22:57:05.431 11137 11197 D Detox   : class com.wix.detox.espresso.DetoxAssertion, waitForAssertMatcher, [androidx.test.espresso.ViewInteraction@592f8bf, (view has effective visibility <VISIBLE> and view.getGlobalVisibleRect() covers at least <75> percent of the view's area), 10.0]
03-14 22:57:05.451 11137 11137 I ViewInteraction: Checking 'MatchesViewAssertion(Detox){viewMatcher=(view has effective visibility <VISIBLE> and view.getGlobalVisibleRect() covers at least <75> percent of the view's area)}' assertion on view (view.getTag() is "dashboard-add-expense-button" and view has effective visibility <VISIBLE>)
03-14 22:57:05.497 11137 11137 I ViewInteraction: Checking 'MatchesViewAssertion(Detox){viewMatcher=(view has effective visibility <VISIBLE> and view.getGlobalVisibleRect() covers at least <75> percent of the view's area)}' assertion on view (view.getTag() is "dashboard-add-expense-button" and view has effective visibility <VISIBLE>)
03-14 22:57:05.538 11137 11137 I ViewInteraction: Checking 'MatchesViewAssertion(Detox){viewMatcher=(view has effective visibility <VISIBLE> and view.getGlobalVisibleRect() covers at least <75> percent of the view's area)}' assertion on view (view.getTag() is "dashboard-add-expense-button" and view has effective visibility <VISIBLE>)
03-14 22:57:05.544 11137 11227 W unknown:ViewManagerPropertyUpdater: Could not find generated setter for class com.th3rdwave.safeareacontext.SafeAreaProviderManager
03-14 22:57:05.552 11137 11227 W unknown:ViewManagerPropertyUpdater: Could not find generated setter for class com.facebook.react.uimanager.LayoutShadowNode
03-14 22:57:05.557 11137 11227 W unknown:ViewManagerPropertyUpdater: Could not find generated setter for class com.swmansion.rnscreens.SearchBarManager
03-14 22:57:05.559 11137 11227 W unknown:ViewManagerPropertyUpdater: Could not find generated setter for class com.swmansion.rnscreens.ScreenFooterManager
03-14 22:57:05.570 11137 11227 W unknown:ViewManagerPropertyUpdater: Could not find generated setter for class com.swmansion.rnscreens.gamma.tabs.TabScreenViewManager
03-14 22:57:05.576 11137 11227 W unknown:ViewManagerPropertyUpdater: Could not find generated setter for class expo.modules.kotlin.views.GroupViewManagerWrapper
03-14 22:57:05.580 11137 11137 I ViewInteraction: Checking 'MatchesViewAssertion(Detox){viewMatcher=(view has effective visibility <VISIBLE> and view.getGlobalVisibleRect() covers at least <75> percent of the view's area)}' assertion on view (view.getTag() is "dashboard-add-expense-button" and view has effective visibility <VISIBLE>)
03-14 22:57:05.590 11137 11227 W unknown:ViewManagerPropertyUpdater: Could not find generated setter for class com.swmansion.rnscreens.ScreenContainerViewManager
03-14 22:57:05.595 11137 11227 W unknown:ViewManagerPropertyUpdater: Could not find generated setter for class com.swmansion.rnscreens.gamma.tabs.TabsHostViewManager
03-14 22:57:05.617 11137 11227 W unknown:ViewManagerPropertyUpdater: Could not find generated setter for class com.swmansion.rnscreens.ModalScreenViewManager
03-14 22:57:05.621 11137 11227 W unknown:ViewManagerPropertyUpdater: Could not find generated setter for class com.swmansion.rnscreens.ScreenStackHeaderConfigViewManager
03-14 22:57:05.623 11137 11227 W unknown:ViewManagerPropertyUpdater: Could not find generated setter for class com.swmansion.rnscreens.ScreenContentWrapperManager
03-14 22:57:05.624 11137 11227 W unknown:ViewManagerPropertyUpdater: Could not find generated setter for class com.th3rdwave.safeareacontext.SafeAreaViewManager
03-14 22:57:05.629 11137 11227 W unknown:ViewManagerPropertyUpdater: Could not find generated setter for class com.th3rdwave.safeareacontext.SafeAreaViewShadowNode
03-14 22:57:05.630 11137 11137 I ViewInteraction: Checking 'MatchesViewAssertion(Detox){viewMatcher=(view has effective visibility <VISIBLE> and view.getGlobalVisibleRect() covers at least <75> percent of the view's area)}' assertion on view (view.getTag() is "dashboard-add-expense-button" and view has effective visibility <VISIBLE>)
03-14 22:57:05.631 11137 11227 W unknown:ViewManagerPropertyUpdater: Could not find generated setter for class com.swmansion.rnscreens.safearea.SafeAreaViewManager
03-14 22:57:05.632 11137 11227 W unknown:ViewManagerPropertyUpdater: Could not find generated setter for class com.swmansion.rnscreens.safearea.paper.SafeAreaViewShadowNode
03-14 22:57:05.634 11137 11227 W unknown:ViewManagerPropertyUpdater: Could not find generated setter for class com.swmansion.rnscreens.ScreenViewManager
03-14 22:57:05.635 11137 11227 W unknown:ViewManagerPropertyUpdater: Could not find generated setter for class com.swmansion.rnscreens.gamma.stack.host.StackHostViewManager
03-14 22:57:05.636 11137 11227 W unknown:ViewManagerPropertyUpdater: Could not find generated setter for class com.swmansion.rnscreens.ScreenStackHeaderSubviewManager
03-14 22:57:05.637 11137 11227 W unknown:ViewManagerPropertyUpdater: Could not find generated setter for class com.swmansion.rnscreens.gamma.stack.screen.StackScreenViewManager
03-14 22:57:05.638 11137 11227 W unknown:ViewManagerPropertyUpdater: Could not find generated setter for class com.swmansion.rnscreens.ScreenStackViewManager
03-14 22:57:05.671 11137 11137 I ViewInteraction: Checking 'MatchesViewAssertion(Detox){viewMatcher=(view has effective visibility <VISIBLE> and view.getGlobalVisibleRect() covers at least <75> percent of the view's area)}' assertion on view (view.getTag() is "dashboard-add-expense-button" and view has effective visibility <VISIBLE>)
03-14 22:57:05.687 11137 11147 I .studentfinance: Compiler allocated 5174KB to compile void android.view.ViewRootImpl.performTraversals()
03-14 22:57:05.742 11137 11137 I ViewInteraction: Checking 'MatchesViewAssertion(Detox){viewMatcher=(view has effective visibility <VISIBLE> and view.getGlobalVisibleRect() covers at least <75> percent of the view's area)}' assertion on view (view.getTag() is "dashboard-add-expense-button" and view has effective visibility <VISIBLE>)
03-14 22:57:05.803 11137 11137 I ViewInteraction: Checking 'MatchesViewAssertion(Detox){viewMatcher=(view has effective visibility <VISIBLE> and view.getGlobalVisibleRect() covers at least <75> percent of the view's area)}' assertion on view (view.getTag() is "dashboard-add-expense-button" and view has effective visibility <VISIBLE>)
03-14 22:57:05.859 11137 11137 I ViewInteraction: Checking 'MatchesViewAssertion(Detox){viewMatcher=(view has effective visibility <VISIBLE> and view.getGlobalVisibleRect() covers at least <75> percent of the view's area)}' assertion on view (view.getTag() is "dashboard-add-expense-button" and view has effective visibility <VISIBLE>)
03-14 22:57:05.889 11137 11221 D TrafficStats: tagSocket(132) with statsTag=0xffffffff, statsUid=-1
03-14 22:57:05.912 11137 11137 I ViewInteraction: Checking 'MatchesViewAssertion(Detox){viewMatcher=(view has effective visibility <VISIBLE> and view.getGlobalVisibleRect() covers at least <75> percent of the view's area)}' assertion on view (view.getTag() is "dashboard-add-expense-button" and view has effective visibility <VISIBLE>)
03-14 22:57:05.931 11137 11227 W unknown:ViewManagerPropertyUpdater: Could not find generated setter for class com.horcrux.svg.RenderableViewManager$DefsViewManager
03-14 22:57:05.935 11137 11227 W unknown:ViewManagerPropertyUpdater: Could not find generated setter for class com.horcrux.svg.VirtualViewManager$RenderableShadowNode
03-14 22:57:05.956 11137 11227 W unknown:ViewManagerPropertyUpdater: Could not find generated setter for class com.facebook.react.views.debuggingoverlay.DebuggingOverlayManager
03-14 22:57:05.972 11137 11227 W unknown:ViewManagerPropertyUpdater: Could not find generated setter for class com.horcrux.svg.RenderableViewManager$FeMergeManager
03-14 22:57:05.975 11137 11137 I ViewInteraction: Checking 'MatchesViewAssertion(Detox){viewMatcher=(view has effective visibility <VISIBLE> and view.getGlobalVisibleRect() covers at least <75> percent of the view's area)}' assertion on view (view.getTag() is "dashboard-add-expense-button" and view has effective visibility <VISIBLE>)
03-14 22:57:05.990 11137 11227 W unknown:ViewManagerPropertyUpdater: Could not find generated setter for class com.facebook.react.views.safeareaview.ReactSafeAreaViewManager
03-14 22:57:06.003 11137 11227 W unknown:ViewManagerPropertyUpdater: Could not find generated setter for class com.horcrux.svg.RenderableViewManager$LinearGradientManager
03-14 22:57:06.019 11137 11137 I ViewInteraction: Checking 'MatchesViewAssertion(Detox){viewMatcher=(view has effective visibility <VISIBLE> and view.getGlobalVisibleRect() covers at least <75> percent of the view's area)}' assertion on view (view.getTag() is "dashboard-add-expense-button" and view has effective visibility <VISIBLE>)
03-14 22:57:06.024 11137 11227 W unknown:ViewManagerPropertyUpdater: Could not find generated setter for class com.horcrux.svg.RenderableViewManager$FeGaussianBlurManager
03-14 22:57:06.048 11137 11227 W unknown:ViewManagerPropertyUpdater: Could not find generated setter for class com.facebook.react.views.progressbar.ReactProgressBarViewManager
03-14 22:57:06.051 11137 11227 W unknown:ViewManagerPropertyUpdater: Could not find generated setter for class com.facebook.react.views.progressbar.ProgressBarShadowNode
03-14 22:57:06.062 11137 11137 I ViewInteraction: Checking 'MatchesViewAssertion(Detox){viewMatcher=(view has effective visibility <VISIBLE> and view.getGlobalVisibleRect() covers at least <75> percent of the view's area)}' assertion on view (view.getTag() is "dashboard-add-expense-button" and view has effective visibility <VISIBLE>)
03-14 22:57:06.072 11137 11227 W unknown:ViewManagerPropertyUpdater: Could not find generated setter for class com.facebook.react.views.scroll.ReactHorizontalScrollViewManager
03-14 22:57:06.089 11137 11227 W unknown:ViewManagerPropertyUpdater: Could not find generated setter for class com.facebook.react.views.text.ReactTextViewManager
03-14 22:57:06.091 11137 11227 W unknown:ViewManagerPropertyUpdater: Could not find generated setter for class com.facebook.react.views.text.ReactTextShadowNode
03-14 22:57:06.114 11137 11227 W unknown:ViewManagerPropertyUpdater: Could not find generated setter for class com.horcrux.svg.RenderableViewManager$FeColorMatrixManager
03-14 22:57:06.119 11137 11137 I ViewInteraction: Checking 'MatchesViewAssertion(Detox){viewMatcher=(view has effective visibility <VISIBLE> and view.getGlobalVisibleRect() covers at least <75> percent of the view's area)}' assertion on view (view.getTag() is "dashboard-add-expense-button" and view has effective visibility <VISIBLE>)
03-14 22:57:06.138 11137 11227 W unknown:ViewManagerPropertyUpdater: Could not find generated setter for class com.facebook.react.views.scroll.ReactHorizontalScrollContainerViewManager
03-14 22:57:06.150 11137 11137 I ViewInteraction: Checking 'MatchesViewAssertion(Detox){viewMatcher=(view has effective visibility <VISIBLE> and view.getGlobalVisibleRect() covers at least <75> percent of the view's area)}' assertion on view (view.getTag() is "dashboard-add-expense-button" and view has effective visibility <VISIBLE>)
03-14 22:57:06.150 11137 11227 W unknown:ViewManagerPropertyUpdater: Could not find generated setter for class com.horcrux.svg.RenderableViewManager$ClipPathViewManager
03-14 22:57:06.169 11137 11227 W unknown:ViewManagerPropertyUpdater: Could not find generated setter for class com.horcrux.svg.RenderableViewManager$SymbolManager
03-14 22:57:06.183 11137 11227 W unknown:ViewManagerPropertyUpdater: Could not find generated setter for class com.horcrux.svg.RenderableViewManager$PatternManager
03-14 22:57:06.187 11137 11137 I ViewInteraction: Checking 'MatchesViewAssertion(Detox){viewMatcher=(view has effective visibility <VISIBLE> and view.getGlobalVisibleRect() covers at least <75> percent of the view's area)}' assertion on view (view.getTag() is "dashboard-add-expense-button" and view has effective visibility <VISIBLE>)
03-14 22:57:06.196 11137 11227 W unknown:ViewManagerPropertyUpdater: Could not find generated setter for class com.horcrux.svg.RenderableViewManager$FeBlendManager
03-14 22:57:06.215 11137 11227 W unknown:ViewManagerPropertyUpdater: Could not find generated setter for class com.facebook.react.views.view.ReactViewManager
03-14 22:57:06.231 11137 11137 I ViewInteraction: Checking 'MatchesViewAssertion(Detox){viewMatcher=(view has effective visibility <VISIBLE> and view.getGlobalVisibleRect() covers at least <75> percent of the view's area)}' assertion on view (view.getTag() is "dashboard-add-expense-button" and view has effective visibility <VISIBLE>)
03-14 22:57:06.233 11137 11227 W unknown:ViewManagerPropertyUpdater: Could not find generated setter for class com.horcrux.svg.SvgViewManager
03-14 22:57:06.251 11137 11227 W unknown:ViewManagerPropertyUpdater: Could not find generated setter for class com.facebook.react.views.switchview.ReactSwitchManager
03-14 22:57:06.253 11137 11227 W unknown:ViewManagerPropertyUpdater: Could not find generated setter for class com.facebook.react.views.switchview.ReactSwitchShadowNode
03-14 22:57:06.264 11137 11227 W unknown:ViewManagerPropertyUpdater: Could not find generated setter for class com.horcrux.svg.RenderableViewManager$UseViewManager
03-14 22:57:06.272 11137 11137 I ViewInteraction: Checking 'MatchesViewAssertion(Detox){viewMatcher=(view has effective visibility <VISIBLE> and view.getGlobalVisibleRect() covers at least <75> percent of the view's area)}' assertion on view (view.getTag() is "dashboard-add-expense-button" and view has effective visibility <VISIBLE>)
03-14 22:57:06.272 11137 11227 W unknown:ViewManagerPropertyUpdater: Could not find generated setter for class com.horcrux.svg.RenderableViewManager$CircleViewManager
03-14 22:57:06.294 11137 11227 W unknown:ViewManagerPropertyUpdater: Could not find generated setter for class com.horcrux.svg.RenderableViewManager$TSpanViewManager
03-14 22:57:06.308 11137 11227 W unknown:ViewManagerPropertyUpdater: Could not find generated setter for class com.horcrux.svg.RenderableViewManager$FilterManager
03-14 22:57:06.317 11137 11227 W unknown:ViewManagerPropertyUpdater: Could not find generated setter for class com.horcrux.svg.RenderableViewManager$MarkerManager
03-14 22:57:06.321 11137 11137 I ViewInteraction: Checking 'MatchesViewAssertion(Detox){viewMatcher=(view has effective visibility <VISIBLE> and view.getGlobalVisibleRect() covers at least <75> percent of the view's area)}' assertion on view (view.getTag() is "dashboard-add-expense-button" and view has effective visibility <VISIBLE>)
03-14 22:57:06.332 11137 11227 W unknown:ViewManagerPropertyUpdater: Could not find generated setter for class com.swmansion.gesturehandler.react.RNGestureHandlerButtonViewManager
03-14 22:57:06.346 11137 11227 W unknown:ViewManagerPropertyUpdater: Could not find generated setter for class com.facebook.react.views.modal.ReactModalHostManager
03-14 22:57:06.356 11137 11137 I ViewInteraction: Checking 'MatchesViewAssertion(Detox){viewMatcher=(view has effective visibility <VISIBLE> and view.getGlobalVisibleRect() covers at least <75> percent of the view's area)}' assertion on view (view.getTag() is "dashboard-add-expense-button" and view has effective visibility <VISIBLE>)
03-14 22:57:06.359 11137 11227 W unknown:ViewManagerPropertyUpdater: Could not find generated setter for class com.horcrux.svg.RenderableViewManager$ForeignObjectManager
03-14 22:57:06.371 11137 11227 W unknown:ViewManagerPropertyUpdater: Could not find generated setter for class com.horcrux.svg.RenderableViewManager$EllipseViewManager
03-14 22:57:06.376 11137 11147 I .studentfinance: Compiler allocated 4219KB to compile void android.widget.TextView.<init>(android.content.Context, android.util.AttributeSet, int, int)
03-14 22:57:06.383 11137 11227 W unknown:ViewManagerPropertyUpdater: Could not find generated setter for class com.horcrux.svg.RenderableViewManager$LineViewManager
03-14 22:57:06.390 11137 11137 I ViewInteraction: Checking 'MatchesViewAssertion(Detox){viewMatcher=(view has effective visibility <VISIBLE> and view.getGlobalVisibleRect() covers at least <75> percent of the view's area)}' assertion on view (view.getTag() is "dashboard-add-expense-button" and view has effective visibility <VISIBLE>)
03-14 22:57:06.398 11137 11227 W unknown:ViewManagerPropertyUpdater: Could not find generated setter for class com.facebook.react.views.text.frescosupport.FrescoBasedReactTextInlineImageViewManager
03-14 22:57:06.401 11137 11227 W unknown:ViewManagerPropertyUpdater: Could not find generated setter for class com.facebook.react.views.text.frescosupport.FrescoBasedReactTextInlineImageShadowNode
03-14 22:57:06.412 11137 11227 W unknown:ViewManagerPropertyUpdater: Could not find generated setter for class com.horcrux.svg.RenderableViewManager$FeFloodManager
03-14 22:57:06.422 11137 11227 W unknown:ViewManagerPropertyUpdater: Could not find generated setter for class com.horcrux.svg.RenderableViewManager$GroupViewManager
03-14 22:57:06.431 11137 11227 W unknown:ViewManagerPropertyUpdater: Could not find generated setter for class com.horcrux.svg.RenderableViewManager$TextViewManager
03-14 22:57:06.432 11137 11232 D TrafficStats: tagSocket(132) with statsTag=0xffffffff, statsUid=-1
03-14 22:57:06.443 11137 11137 I ViewInteraction: Checking 'MatchesViewAssertion(Detox){viewMatcher=(view has effective visibility <VISIBLE> and view.getGlobalVisibleRect() covers at least <75> percent of the view's area)}' assertion on view (view.getTag() is "dashboard-add-expense-button" and view has effective visibility <VISIBLE>)
03-14 22:57:06.448 11137 11227 W unknown:ViewManagerPropertyUpdater: Could not find generated setter for class com.horcrux.svg.RenderableViewManager$ImageViewManager
03-14 22:57:06.467 11137 11227 W unknown:ViewManagerPropertyUpdater: Could not find generated setter for class com.horcrux.svg.RenderableViewManager$FeCompositeManager
03-14 22:57:06.482 11137 11227 W unknown:ViewManagerPropertyUpdater: Could not find generated setter for class com.facebook.react.views.image.ReactImageManager
03-14 22:57:06.484 11137 11137 I ViewInteraction: Checking 'MatchesViewAssertion(Detox){viewMatcher=(view has effective visibility <VISIBLE> and view.getGlobalVisibleRect() covers at least <75> percent of the view's area)}' assertion on view (view.getTag() is "dashboard-add-expense-button" and view has effective visibility <VISIBLE>)
03-14 22:57:06.495 11137 11227 W unknown:ViewManagerPropertyUpdater: Could not find generated setter for class com.horcrux.svg.RenderableViewManager$RadialGradientManager
03-14 22:57:06.505 11137 11227 W unknown:ViewManagerPropertyUpdater: Could not find generated setter for class com.horcrux.svg.RenderableViewManager$MaskManager
03-14 22:57:06.514 11137 11137 I ViewInteraction: Checking 'MatchesViewAssertion(Detox){viewMatcher=(view has effective visibility <VISIBLE> and view.getGlobalVisibleRect() covers at least <75> percent of the view's area)}' assertion on view (view.getTag() is "dashboard-add-expense-button" and view has effective visibility <VISIBLE>)
03-14 22:57:06.524 11137 11227 W unknown:ViewManagerPropertyUpdater: Could not find generated setter for class com.facebook.react.views.unimplementedview.ReactUnimplementedViewManager
03-14 22:57:06.531 11137 11227 W unknown:ViewManagerPropertyUpdater: Could not find generated setter for class com.horcrux.svg.RenderableViewManager$RectViewManager
03-14 22:57:06.546 11137 11227 W unknown:ViewManagerPropertyUpdater: Could not find generated setter for class com.horcrux.svg.RenderableViewManager$TextPathViewManager
03-14 22:57:06.575 11137 11227 W unknown:ViewManagerPropertyUpdater: Could not find generated setter for class com.facebook.react.views.scroll.ReactScrollViewManager
03-14 22:57:06.586 11137 11137 I ViewInteraction: Checking 'MatchesViewAssertion(Detox){viewMatcher=(view has effective visibility <VISIBLE> and view.getGlobalVisibleRect() covers at least <75> percent of the view's area)}' assertion on view (view.getTag() is "dashboard-add-expense-button" and view has effective visibility <VISIBLE>)
03-14 22:57:06.590 11137 11227 W unknown:ViewManagerPropertyUpdater: Could not find generated setter for class com.horcrux.svg.RenderableViewManager$FeOffsetManager
03-14 22:57:06.601 11137 11227 W unknown:ViewManagerPropertyUpdater: Could not find generated setter for class com.horcrux.svg.RenderableViewManager$PathViewManager
03-14 22:57:06.616 11137 11227 W unknown:ViewManagerPropertyUpdater: Could not find generated setter for class com.facebook.react.views.drawer.ReactDrawerLayoutManager
03-14 22:57:06.619 11137 11137 I ViewInteraction: Checking 'MatchesViewAssertion(Detox){viewMatcher=(view has effective visibility <VISIBLE> and view.getGlobalVisibleRect() covers at least <75> percent of the view's area)}' assertion on view (view.getTag() is "dashboard-add-expense-button" and view has effective visibility <VISIBLE>)
03-14 22:57:06.625 11137 11227 W unknown:ViewManagerPropertyUpdater: Could not find generated setter for class com.facebook.react.views.swiperefresh.SwipeRefreshLayoutManager
03-14 22:57:06.637 11137 11227 W unknown:ViewManagerPropertyUpdater: Could not find generated setter for class com.facebook.react.views.textinput.ReactTextInputManager
03-14 22:57:06.639 11137 11227 W unknown:ViewManagerPropertyUpdater: Could not find generated setter for class com.facebook.react.views.textinput.ReactTextInputShadowNode
03-14 22:57:06.651 11137 11137 I ViewInteraction: Checking 'MatchesViewAssertion(Detox){viewMatcher=(view has effective visibility <VISIBLE> and view.getGlobalVisibleRect() covers at least <75> percent of the view's area)}' assertion on view (view.getTag() is "dashboard-add-expense-button" and view has effective visibility <VISIBLE>)
03-14 22:57:06.656 11137 11227 W unknown:ViewManagerPropertyUpdater: Could not find generated setter for class com.swmansion.gesturehandler.react.RNGestureHandlerRootViewManager
03-14 22:57:06.681 11137 11137 I ViewInteraction: Checking 'MatchesViewAssertion(Detox){viewMatcher=(view has effective visibility <VISIBLE> and view.getGlobalVisibleRect() covers at least <75> percent of the view's area)}' assertion on view (view.getTag() is "dashboard-add-expense-button" and view has effective visibility <VISIBLE>)
03-14 22:57:06.698 11137 11227 W BridgelessReactContext: [WARNING] Bridgeless doesn't support CatalystInstance. Accessing an API that's not part of the new architecture is not encouraged usage.
03-14 22:57:06.713 11137 11137 I ViewInteraction: Checking 'MatchesViewAssertion(Detox){viewMatcher=(view has effective visibility <VISIBLE> and view.getGlobalVisibleRect() covers at least <75> percent of the view's area)}' assertion on view (view.getTag() is "dashboard-add-expense-button" and view has effective visibility <VISIBLE>)
03-14 22:57:06.715 11137 11227 I ExpoModulesCore: ✅ JSI interop was installed
03-14 22:57:06.720 11137 11227 I ExpoModulesCore: ✅ Constants were exported
