03-14 21:39:44.212  5769  5769 E unknown:ReactHost: 	at com.facebook.react.runtime.ReactHostImpl.onWindowFocusChange(ReactHostImpl.kt:625)
03-14 21:39:44.212  5769  5769 E unknown:ReactHost: 	at com.facebook.react.ReactDelegate.onWindowFocusChanged(ReactDelegate.kt:232)
03-14 21:39:44.212  5769  5769 E unknown:ReactHost: 	at com.facebook.react.ReactActivityDelegate.onWindowFocusChanged(ReactActivityDelegate.java:237)
03-14 21:39:44.212  5769  5769 E unknown:ReactHost: 	at expo.modules.ReactActivityDelegateWrapper$onWindowFocusChanged$1.invokeSuspend(ReactActivityDelegateWrapper.kt:320)
03-14 21:39:44.212  5769  5769 E unknown:ReactHost: 	at expo.modules.ReactActivityDelegateWrapper$onWindowFocusChanged$1.invoke(Unknown Source:8)
03-14 21:39:44.212  5769  5769 E unknown:ReactHost: 	at expo.modules.ReactActivityDelegateWrapper$onWindowFocusChanged$1.invoke(Unknown Source:4)
03-14 21:39:44.212  5769  5769 E unknown:ReactHost: 	at expo.modules.ReactActivityDelegateWrapper$launchLifecycleScopeWithLock$1.invokeSuspend(ReactActivityDelegateWrapper.kt:452)
03-14 21:39:44.212  5769  5769 E unknown:ReactHost: 	at kotlin.coroutines.jvm.internal.BaseContinuationImpl.resumeWith(ContinuationImpl.kt:33)
03-14 21:39:44.212  5769  5769 E unknown:ReactHost: 	at kotlinx.coroutines.internal.DispatchedContinuationKt.resumeCancellableWith(DispatchedContinuation.kt:375)
03-14 21:39:44.212  5769  5769 E unknown:ReactHost: 	at kotlinx.coroutines.intrinsics.CancellableKt.startCoroutineCancellable(Cancellable.kt:26)
03-14 21:39:44.212  5769  5769 E unknown:ReactHost: 	at kotlinx.coroutines.CoroutineStart.invoke(CoroutineStart.kt:358)
03-14 21:39:44.212  5769  5769 E unknown:ReactHost: 	at kotlinx.coroutines.AbstractCoroutine.start(AbstractCoroutine.kt:134)
03-14 21:39:44.212  5769  5769 E unknown:ReactHost: 	at kotlinx.coroutines.BuildersKt__Builders_commonKt.launch(Builders.common.kt:53)
03-14 21:39:44.212  5769  5769 E unknown:ReactHost: 	at kotlinx.coroutines.BuildersKt.launch(Unknown Source:1)
03-14 21:39:44.212  5769  5769 E unknown:ReactHost: 	at kotlinx.coroutines.BuildersKt__Builders_commonKt.launch$default(Builders.common.kt:44)
03-14 21:39:44.212  5769  5769 E unknown:ReactHost: 	at kotlinx.coroutines.BuildersKt.launch$default(Unknown Source:1)
03-14 21:39:44.212  5769  5769 E unknown:ReactHost: 	at expo.modules.ReactActivityDelegateWrapper.launchLifecycleScopeWithLock(ReactActivityDelegateWrapper.kt:450)
03-14 21:39:44.212  5769  5769 E unknown:ReactHost: 	at expo.modules.ReactActivityDelegateWrapper.launchLifecycleScopeWithLock$default(ReactActivityDelegateWrapper.kt:446)
03-14 21:39:44.212  5769  5769 E unknown:ReactHost: 	at expo.modules.ReactActivityDelegateWrapper.onWindowFocusChanged(ReactActivityDelegateWrapper.kt:318)
03-14 21:39:44.212  5769  5769 E unknown:ReactHost: 	at com.facebook.react.ReactActivity.onWindowFocusChanged(ReactActivity.java:158)
03-14 21:39:44.212  5769  5769 E unknown:ReactHost: 	at androidx.appcompat.view.WindowCallbackWrapper.onWindowFocusChanged(WindowCallbackWrapper.java:124)
03-14 21:39:44.212  5769  5769 E unknown:ReactHost: 	at com.android.internal.policy.DecorView.onWindowFocusChanged(DecorView.java:1772)
03-14 21:39:44.212  5769  5769 E unknown:ReactHost: 	at android.view.View.dispatchWindowFocusChanged(View.java:16743)
03-14 21:39:44.212  5769  5769 E unknown:ReactHost: 	at android.view.ViewGroup.dispatchWindowFocusChanged(ViewGroup.java:1505)
03-14 21:39:44.212  5769  5769 E unknown:ReactHost: 	at android.view.ViewRootImpl.dispatchFocusEvent(ViewRootImpl.java:4697)
03-14 21:39:44.212  5769  5769 E unknown:ReactHost: 	at android.view.ViewRootImpl.handleWindowFocusChanged(ViewRootImpl.java:4601)
03-14 21:39:44.212  5769  5769 E unknown:ReactHost: 	at android.view.ViewRootImpl.-$$Nest$mhandleWindowFocusChanged(Unknown Source:0)
03-14 21:39:44.212  5769  5769 E unknown:ReactHost: 	at android.view.ViewRootImpl$ViewRootHandler.handleMessageImpl(ViewRootImpl.java:6773)
03-14 21:39:44.212  5769  5769 E unknown:ReactHost: 	at android.view.ViewRootImpl$ViewRootHandler.handleMessage(ViewRootImpl.java:6683)
03-14 21:39:44.212  5769  5769 E unknown:ReactHost: 	at android.os.Handler.dispatchMessage(Handler.java:107)
03-14 21:39:44.212  5769  5769 E unknown:ReactHost: 	at android.os.Looper.loopOnce(Looper.java:232)
03-14 21:39:44.212  5769  5769 E unknown:ReactHost: 	at android.os.Looper.loop(Looper.java:317)
03-14 21:39:44.212  5769  5769 E unknown:ReactHost: 	at android.app.ActivityThread.main(ActivityThread.java:8705)
03-14 21:39:44.212  5769  5769 E unknown:ReactHost: 	at java.lang.reflect.Method.invoke(Native Method)
03-14 21:39:44.212  5769  5769 E unknown:ReactHost: 	at com.android.internal.os.RuntimeInit$MethodAndArgsCaller.run(RuntimeInit.java:580)
03-14 21:39:44.212  5769  5769 E unknown:ReactHost: 	at com.android.internal.os.ZygoteInit.main(ZygoteInit.java:886)
03-14 21:39:44.240  5769  5877 W unknown:BridgelessReact: ReactHost{0}.getOrCreateDestroyTask(): Resetting start/destroy task ref
03-14 21:39:44.348  5769  5842 W .studentfinance: Long monitor contention with owner Instr: androidx.test.runner.AndroidJUnitRunner (5808) at void com.wix.detox.DetoxMain.launchActivityOnCue(android.content.Context, com.wix.detox.ActivityLaunchHelper)(DetoxMain.kt:53) waiters=0 in void com.wix.detox.DetoxMain$setupActionHandlers$SynchronizedActionHandler.handle(java.lang.String, long) for 2.781s
03-14 21:39:44.377  5769  5769 W .studentfinance: Accessing hidden field Landroid/app/Activity;->mResultCode:I (unsupported, reflection, allowed)
03-14 21:39:44.378  5769  5769 W .studentfinance: Accessing hidden field Landroid/app/Activity;->mResultData:Landroid/content/Intent; (unsupported, reflection, allowed)
03-14 21:39:44.385  5769  5769 W .studentfinance: Accessing hidden method Landroid/os/MessageQueue;->next()Landroid/os/Message; (unsupported, reflection, allowed)
03-14 21:39:44.385  5769  5769 W .studentfinance: Accessing hidden field Landroid/os/MessageQueue;->mMessages:Landroid/os/Message; (unsupported, reflection, allowed)
03-14 21:39:44.388  5769  5769 W .studentfinance: Accessing hidden method Landroid/os/Message;->recycleUnchecked()V (unsupported, reflection, allowed)
03-14 21:39:44.416  5769  5769 W unknown:BridgelessReact: ReactHost{0}.onHostPause(activity)
03-14 21:39:44.422  5769  5876 D TrafficStats: tagSocket(146) with statsTag=0xffffffff, statsUid=-1
03-14 21:39:44.424  5769  5769 W WindowOnBackDispatcher: sendCancelIfRunning: isInProgress=false callback=android.view.ViewRootImpl$$ExternalSyntheticLambda11@ef36854
03-14 21:39:44.466  5769  5769 D LifecycleMonitor: Lifecycle status change: com.mcfuzzysquirrel.studentfinance.MainActivity@eebbe89 in: PAUSED
03-14 21:39:44.512  5769  5769 I Detox   : Wait is over: App is now idle!
03-14 21:39:44.514  5769  5808 E TestRunner: failed: runDetoxTests(com.mcfuzzysquirrel.studentfinance.DetoxTest)
03-14 21:39:44.514  5769  5808 E TestRunner: ----- begin exception -----
03-14 21:39:44.514  5769  5808 E TestRunner: java.lang.RuntimeException: ReactContext is null!
03-14 21:39:44.514  5769  5808 E TestRunner: 	at com.wix.detox.reactnative.ReactApplicationExtKt.getCurrentReactContextSafe(ReactApplicationExt.kt:26)
03-14 21:39:44.514  5769  5808 E TestRunner: 	at com.wix.detox.reactnative.idlingresources.factory.FabricDetoxIdlingResourceFactoryStrategy$create$2.invokeSuspend(FabricDetoxIdlingResourceFactoryStrategy.kt:19)
03-14 21:39:44.514  5769  5808 E TestRunner: 	at com.wix.detox.reactnative.idlingresources.factory.FabricDetoxIdlingResourceFactoryStrategy$create$2.invoke(Unknown Source:8)
03-14 21:39:44.514  5769  5808 E TestRunner: 	at com.wix.detox.reactnative.idlingresources.factory.FabricDetoxIdlingResourceFactoryStrategy$create$2.invoke(Unknown Source:4)
03-14 21:39:44.514  5769  5808 E TestRunner: 	at kotlinx.coroutines.intrinsics.UndispatchedKt.startUndspatched(Undispatched.kt:66)
03-14 21:39:44.514  5769  5808 E TestRunner: 	at kotlinx.coroutines.intrinsics.UndispatchedKt.startUndispatchedOrReturn(Undispatched.kt:43)
03-14 21:39:44.514  5769  5808 E TestRunner: 	at kotlinx.coroutines.BuildersKt__Builders_commonKt.withContext(Builders.common.kt:165)
03-14 21:39:44.514  5769  5808 E TestRunner: 	at kotlinx.coroutines.BuildersKt.withContext(Unknown Source:1)
03-14 21:39:44.514  5769  5808 E TestRunner: 	at com.wix.detox.reactnative.idlingresources.factory.FabricDetoxIdlingResourceFactoryStrategy.create(FabricDetoxIdlingResourceFactoryStrategy.kt:18)
03-14 21:39:44.514  5769  5808 E TestRunner: 	at com.wix.detox.reactnative.idlingresources.factory.DetoxIdlingResourceFactory$create$2.invokeSuspend(DetoxIdlingResourceFactory.kt:18)
03-14 21:39:44.514  5769  5808 E TestRunner: 	at kotlin.coroutines.jvm.internal.BaseContinuationImpl.resumeWith(ContinuationImpl.kt:33)
03-14 21:39:44.514  5769  5808 E TestRunner: 	at kotlinx.coroutines.DispatchedTask.run(DispatchedTask.kt:100)
03-14 21:39:44.514  5769  5808 E TestRunner: 	at android.os.Handler.handleCallback(Handler.java:959)
03-14 21:39:44.514  5769  5808 E TestRunner: 	at android.os.Handler.dispatchMessage(Handler.java:100)
03-14 21:39:44.514  5769  5808 E TestRunner: 	at android.os.Looper.loopOnce(Looper.java:232)
03-14 21:39:44.514  5769  5808 E TestRunner: 	at android.os.Looper.loop(Looper.java:317)
03-14 21:39:44.514  5769  5808 E TestRunner: 	at android.app.ActivityThread.main(ActivityThread.java:8705)
03-14 21:39:44.514  5769  5808 E TestRunner: 	at java.lang.reflect.Method.invoke(Native Method)
03-14 21:39:44.514  5769  5808 E TestRunner: 	at com.android.internal.os.RuntimeInit$MethodAndArgsCaller.run(RuntimeInit.java:580)
03-14 21:39:44.514  5769  5808 E TestRunner: 	at com.android.internal.os.ZygoteInit.main(ZygoteInit.java:886)
03-14 21:39:44.515  5769  5808 E TestRunner: ----- end exception -----
03-14 21:39:44.519  5769  5808 I TestRunner: finished: runDetoxTests(com.mcfuzzysquirrel.studentfinance.DetoxTest)
03-14 21:39:44.522  5769  5842 I DetoxWSClient: Sending out action 'ready' (ID #-1000)
03-14 21:39:44.525  5769  5842 I DetoxDispatcher: Done with action 'isReady'
03-14 21:39:44.527  5769  5808 I MonitoringInstr: Unstopped activity count: 1
03-14 21:39:44.556  5769  5774 I .studentfinance: Compiler allocated 4219KB to compile void android.widget.TextView.<init>(android.content.Context, android.util.AttributeSet, int, int)
03-14 21:39:44.598  5769  5808 I MonitoringInstr: Unstopped activity count: 1
03-14 21:39:44.598  5769  5846 D DetoxWSClient: Received action 'reactNativeReload' (ID #-1000, params={})
03-14 21:39:44.613  5769  5842 I DetoxDispatcher: Handling action 'reactNativeReload' (ID #-1000)...
03-14 21:39:44.627  5769  5842 I DetoxRNExt: Reloading React Native
03-14 21:39:44.628  5769  5877 W unknown:BridgelessReact: ReactHost{0}.getOrCreateReloadTask()
03-14 21:39:44.629  5769  5877 W unknown:BridgelessReact: ReactHost{0}.raiseSoftException(getOrCreateReloadTask()): Detox
03-14 21:39:44.630  5769  5877 E unknown:ReactHost: Unhandled SoftException
03-14 21:39:44.630  5769  5877 E unknown:ReactHost: com.facebook.react.bridge.ReactNoCrashSoftException: raiseSoftException(getOrCreateReloadTask()): Detox
03-14 21:39:44.630  5769  5877 E unknown:ReactHost: 	at com.facebook.react.runtime.ReactHostImpl.raiseSoftException(ReactHostImpl.kt:861)
03-14 21:39:44.630  5769  5877 E unknown:ReactHost: 	at com.facebook.react.runtime.ReactHostImpl.raiseSoftException$default(ReactHostImpl.kt:852)
03-14 21:39:44.630  5769  5877 E unknown:ReactHost: 	at com.facebook.react.runtime.ReactHostImpl.getOrCreateReloadTask(ReactHostImpl.kt:1267)
03-14 21:39:44.630  5769  5877 E unknown:ReactHost: 	at com.facebook.react.runtime.ReactHostImpl.reload$lambda$8(ReactHostImpl.kt:397)
03-14 21:39:44.630  5769  5877 E unknown:ReactHost: 	at com.facebook.react.runtime.ReactHostImpl.$r8$lambda$ZKc-OxDGoIs_vTfeqAPiROVzaQc(Unknown Source:0)
03-14 21:39:44.630  5769  5877 E unknown:ReactHost: 	at com.facebook.react.runtime.ReactHostImpl$$ExternalSyntheticLambda22.call(D8$$SyntheticClass:0)
03-14 21:39:44.630  5769  5877 E unknown:ReactHost: 	at com.facebook.react.runtime.internal.bolts.Task$Companion.call$lambda$2(Task.kt:319)
03-14 21:39:44.630  5769  5877 E unknown:ReactHost: 	at com.facebook.react.runtime.internal.bolts.Task$Companion.$r8$lambda$MFqd_-X5KhHmu0hvNE2Bec_4mJM(Unknown Source:0)
03-14 21:39:44.630  5769  5877 E unknown:ReactHost: 	at com.facebook.react.runtime.internal.bolts.Task$Companion$$ExternalSyntheticLambda1.run(D8$$SyntheticClass:0)
03-14 21:39:44.630  5769  5877 E unknown:ReactHost: 	at java.util.concurrent.ThreadPoolExecutor.runWorker(ThreadPoolExecutor.java:1145)
03-14 21:39:44.630  5769  5877 E unknown:ReactHost: 	at java.util.concurrent.ThreadPoolExecutor$Worker.run(ThreadPoolExecutor.java:644)
03-14 21:39:44.630  5769  5877 E unknown:ReactHost: 	at java.lang.Thread.run(Thread.java:1012)
03-14 21:39:44.632  5769  5877 W unknown:BridgelessReact: ReactHost{0}.getOrCreateReloadTask(): Resetting createReactInstance task ref
03-14 21:39:44.634  5769  5769 W unknown:BridgelessReact: ReactHost{0}.getOrCreateReloadTask(): Starting React Native reload
03-14 21:39:44.634  5769  5769 W unknown:BridgelessReact: ReactHost{0}.raiseSoftException(getOrCreateReloadTask()): Reload: ReactInstance task returned null. Stage: 1: Starting reload. Reload reason: Detox
03-14 21:39:44.635  5769  5769 E unknown:ReactHost: Unhandled SoftException
03-14 21:39:44.635  5769  5769 E unknown:ReactHost: com.facebook.react.bridge.ReactNoCrashSoftException: raiseSoftException(getOrCreateReloadTask()): Reload: ReactInstance task returned null. Stage: 1: Starting reload. Reload reason: Detox
03-14 21:39:44.635  5769  5769 E unknown:ReactHost: 	at com.facebook.react.runtime.ReactHostImpl.raiseSoftException(ReactHostImpl.kt:861)
03-14 21:39:44.635  5769  5769 E unknown:ReactHost: 	at com.facebook.react.runtime.ReactHostImpl.raiseSoftException$default(ReactHostImpl.kt:852)
03-14 21:39:44.635  5769  5769 E unknown:ReactHost: 	at com.facebook.react.runtime.ReactHostImpl.createReactInstanceUnwrapper$lambda$49(ReactHostImpl.kt:1236)
03-14 21:39:44.635  5769  5769 E unknown:ReactHost: 	at com.facebook.react.runtime.ReactHostImpl.$r8$lambda$wxqWPZPIM84yb-DFfq8PhEXI2r4(Unknown Source:0)
03-14 21:39:44.635  5769  5769 E unknown:ReactHost: 	at com.facebook.react.runtime.ReactHostImpl$$ExternalSyntheticLambda36.invoke(D8$$SyntheticClass:0)
03-14 21:39:44.635  5769  5769 E unknown:ReactHost: 	at com.facebook.react.runtime.ReactHostImpl.getOrCreateReloadTask$lambda$51(ReactHostImpl.kt:1282)
03-14 21:39:44.635  5769  5769 E unknown:ReactHost: 	at com.facebook.react.runtime.ReactHostImpl.$r8$lambda$LpML1XwLRsHj6AJXZaMANjJyWI8(Unknown Source:0)
03-14 21:39:44.635  5769  5769 E unknown:ReactHost: 	at com.facebook.react.runtime.ReactHostImpl$$ExternalSyntheticLambda4.then(D8$$SyntheticClass:0)
03-14 21:39:44.635  5769  5769 E unknown:ReactHost: 	at com.facebook.react.runtime.internal.bolts.Task$Companion.completeAfterTask$lambda$5(Task.kt:394)
03-14 21:39:44.635  5769  5769 E unknown:ReactHost: 	at com.facebook.react.runtime.internal.bolts.Task$Companion.$r8$lambda$IPpysnehFwANEiW061YzapkMdoE(Unknown Source:0)
03-14 21:39:44.635  5769  5769 E unknown:ReactHost: 	at com.facebook.react.runtime.internal.bolts.Task$Companion$$ExternalSyntheticLambda4.run(D8$$SyntheticClass:0)
03-14 21:39:44.635  5769  5769 E unknown:ReactHost: 	at android.os.Handler.handleCallback(Handler.java:959)
03-14 21:39:44.635  5769  5769 E unknown:ReactHost: 	at android.os.Handler.dispatchMessage(Handler.java:100)
03-14 21:39:44.635  5769  5769 E unknown:ReactHost: 	at android.os.Looper.loopOnce(Looper.java:232)
03-14 21:39:44.635  5769  5769 E unknown:ReactHost: 	at android.os.Looper.loop(Looper.java:317)
03-14 21:39:44.635  5769  5769 E unknown:ReactHost: 	at android.app.ActivityThread.main(ActivityThread.java:8705)
03-14 21:39:44.635  5769  5769 E unknown:ReactHost: 	at java.lang.reflect.Method.invoke(Native Method)
03-14 21:39:44.635  5769  5769 E unknown:ReactHost: 	at com.android.internal.os.RuntimeInit$MethodAndArgsCaller.run(RuntimeInit.java:580)
03-14 21:39:44.635  5769  5769 E unknown:ReactHost: 	at com.android.internal.os.ZygoteInit.main(ZygoteInit.java:886)
03-14 21:39:44.635  5769  5769 W unknown:BridgelessReact: ReactHost{0}.raiseSoftException(getOrCreateReloadTask()): ReactContext is null. Reload reason: Detox
03-14 21:39:44.635  5769  5769 E unknown:ReactHost: Unhandled SoftException
03-14 21:39:44.635  5769  5769 E unknown:ReactHost: com.facebook.react.bridge.ReactNoCrashSoftException: raiseSoftException(getOrCreateReloadTask()): ReactContext is null. Reload reason: Detox
03-14 21:39:44.635  5769  5769 E unknown:ReactHost: 	at com.facebook.react.runtime.ReactHostImpl.raiseSoftException(ReactHostImpl.kt:861)
03-14 21:39:44.635  5769  5769 E unknown:ReactHost: 	at com.facebook.react.runtime.ReactHostImpl.raiseSoftException$default(ReactHostImpl.kt:852)
03-14 21:39:44.635  5769  5769 E unknown:ReactHost: 	at com.facebook.react.runtime.ReactHostImpl.getOrCreateReloadTask$lambda$51(ReactHostImpl.kt:1288)
03-14 21:39:44.635  5769  5769 E unknown:ReactHost: 	at com.facebook.react.runtime.ReactHostImpl.$r8$lambda$LpML1XwLRsHj6AJXZaMANjJyWI8(Unknown Source:0)
03-14 21:39:44.635  5769  5769 E unknown:ReactHost: 	at com.facebook.react.runtime.ReactHostImpl$$ExternalSyntheticLambda4.then(D8$$SyntheticClass:0)
03-14 21:39:44.635  5769  5769 E unknown:ReactHost: 	at com.facebook.react.runtime.internal.bolts.Task$Companion.completeAfterTask$lambda$5(Task.kt:394)
03-14 21:39:44.635  5769  5769 E unknown:ReactHost: 	at com.facebook.react.runtime.internal.bolts.Task$Companion.$r8$lambda$IPpysnehFwANEiW061YzapkMdoE(Unknown Source:0)
03-14 21:39:44.635  5769  5769 E unknown:ReactHost: 	at com.facebook.react.runtime.internal.bolts.Task$Companion$$ExternalSyntheticLambda4.run(D8$$SyntheticClass:0)
03-14 21:39:44.635  5769  5769 E unknown:ReactHost: 	at android.os.Handler.handleCallback(Handler.java:959)
03-14 21:39:44.635  5769  5769 E unknown:ReactHost: 	at android.os.Handler.dispatchMessage(Handler.java:100)
03-14 21:39:44.635  5769  5769 E unknown:ReactHost: 	at android.os.Looper.loopOnce(Looper.java:232)
03-14 21:39:44.635  5769  5769 E unknown:ReactHost: 	at android.os.Looper.loop(Looper.java:317)
03-14 21:39:44.635  5769  5769 E unknown:ReactHost: 	at android.app.ActivityThread.main(ActivityThread.java:8705)
03-14 21:39:44.635  5769  5769 E unknown:ReactHost: 	at java.lang.reflect.Method.invoke(Native Method)
03-14 21:39:44.635  5769  5769 E unknown:ReactHost: 	at com.android.internal.os.RuntimeInit$MethodAndArgsCaller.run(RuntimeInit.java:580)
03-14 21:39:44.635  5769  5769 E unknown:ReactHost: 	at com.android.internal.os.ZygoteInit.main(ZygoteInit.java:886)
03-14 21:39:44.636  5769  5877 W unknown:BridgelessReact: ReactHost{0}.raiseSoftException(getOrCreateReloadTask()): Reload: ReactInstance task returned null. Stage: 2: Surface shutdown. Reload reason: Detox
03-14 21:39:44.637  5769  5877 E unknown:ReactHost: Unhandled SoftException
03-14 21:39:44.637  5769  5877 E unknown:ReactHost: com.facebook.react.bridge.ReactNoCrashSoftException: raiseSoftException(getOrCreateReloadTask()): Reload: ReactInstance task returned null. Stage: 2: Surface shutdown. Reload reason: Detox
03-14 21:39:44.637  5769  5877 E unknown:ReactHost: 	at com.facebook.react.runtime.ReactHostImpl.raiseSoftException(ReactHostImpl.kt:861)
03-14 21:39:44.637  5769  5877 E unknown:ReactHost: 	at com.facebook.react.runtime.ReactHostImpl.raiseSoftException$default(ReactHostImpl.kt:852)
03-14 21:39:44.637  5769  5877 E unknown:ReactHost: 	at com.facebook.react.runtime.ReactHostImpl.createReactInstanceUnwrapper$lambda$49(ReactHostImpl.kt:1236)
03-14 21:39:44.637  5769  5877 E unknown:ReactHost: 	at com.facebook.react.runtime.ReactHostImpl.$r8$lambda$wxqWPZPIM84yb-DFfq8PhEXI2r4(Unknown Source:0)
03-14 21:39:44.637  5769  5877 E unknown:ReactHost: 	at com.facebook.react.runtime.ReactHostImpl$$ExternalSyntheticLambda36.invoke(D8$$SyntheticClass:0)
03-14 21:39:44.637  5769  5877 E unknown:ReactHost: 	at com.facebook.react.runtime.ReactHostImpl.getOrCreateReloadTask$lambda$52(ReactHostImpl.kt:1304)
03-14 21:39:44.637  5769  5877 E unknown:ReactHost: 	at com.facebook.react.runtime.ReactHostImpl.$r8$lambda$U5KSYzMgtOK3A7pDjSiSdmdBa5s(Unknown Source:0)
03-14 21:39:44.637  5769  5877 E unknown:ReactHost: 	at com.facebook.react.runtime.ReactHostImpl$$ExternalSyntheticLambda5.then(D8$$SyntheticClass:0)
03-14 21:39:44.637  5769  5877 E unknown:ReactHost: 	at com.facebook.react.runtime.internal.bolts.Task$Companion.completeAfterTask$lambda$5(Task.kt:394)
03-14 21:39:44.637  5769  5877 E unknown:ReactHost: 	at com.facebook.react.runtime.internal.bolts.Task$Companion.$r8$lambda$IPpysnehFwANEiW061YzapkMdoE(Unknown Source:0)
03-14 21:39:44.637  5769  5877 E unknown:ReactHost: 	at com.facebook.react.runtime.internal.bolts.Task$Companion$$ExternalSyntheticLambda4.run(D8$$SyntheticClass:0)
03-14 21:39:44.637  5769  5877 E unknown:ReactHost: 	at java.util.concurrent.ThreadPoolExecutor.runWorker(ThreadPoolExecutor.java:1145)
03-14 21:39:44.637  5769  5877 E unknown:ReactHost: 	at java.util.concurrent.ThreadPoolExecutor$Worker.run(ThreadPoolExecutor.java:644)
03-14 21:39:44.637  5769  5877 E unknown:ReactHost: 	at java.lang.Thread.run(Thread.java:1012)
03-14 21:39:44.639  5769  5877 W unknown:BridgelessReact: ReactHost{0}.raiseSoftException(getOrCreateReloadTask()): Skipping surface shutdown: ReactInstance null
03-14 21:39:44.640  5769  5877 E unknown:ReactHost: Unhandled SoftException
03-14 21:39:44.640  5769  5877 E unknown:ReactHost: com.facebook.react.bridge.ReactNoCrashSoftException: raiseSoftException(getOrCreateReloadTask()): Skipping surface shutdown: ReactInstance null
03-14 21:39:44.640  5769  5877 E unknown:ReactHost: 	at com.facebook.react.runtime.ReactHostImpl.raiseSoftException(ReactHostImpl.kt:861)
03-14 21:39:44.640  5769  5877 E unknown:ReactHost: 	at com.facebook.react.runtime.ReactHostImpl.raiseSoftException$default(ReactHostImpl.kt:852)
03-14 21:39:44.640  5769  5877 E unknown:ReactHost: 	at com.facebook.react.runtime.ReactHostImpl.getOrCreateReloadTask$lambda$52(ReactHostImpl.kt:1306)
03-14 21:39:44.640  5769  5877 E unknown:ReactHost: 	at com.facebook.react.runtime.ReactHostImpl.$r8$lambda$U5KSYzMgtOK3A7pDjSiSdmdBa5s(Unknown Source:0)
03-14 21:39:44.640  5769  5877 E unknown:ReactHost: 	at com.facebook.react.runtime.ReactHostImpl$$ExternalSyntheticLambda5.then(D8$$SyntheticClass:0)
03-14 21:39:44.640  5769  5877 E unknown:ReactHost: 	at com.facebook.react.runtime.internal.bolts.Task$Companion.completeAfterTask$lambda$5(Task.kt:394)
03-14 21:39:44.640  5769  5877 E unknown:ReactHost: 	at com.facebook.react.runtime.internal.bolts.Task$Companion.$r8$lambda$IPpysnehFwANEiW061YzapkMdoE(Unknown Source:0)
03-14 21:39:44.640  5769  5877 E unknown:ReactHost: 	at com.facebook.react.runtime.internal.bolts.Task$Companion$$ExternalSyntheticLambda4.run(D8$$SyntheticClass:0)
03-14 21:39:44.640  5769  5877 E unknown:ReactHost: 	at java.util.concurrent.ThreadPoolExecutor.runWorker(ThreadPoolExecutor.java:1145)
03-14 21:39:44.640  5769  5877 E unknown:ReactHost: 	at java.util.concurrent.ThreadPoolExecutor$Worker.run(ThreadPoolExecutor.java:644)
03-14 21:39:44.640  5769  5877 E unknown:ReactHost: 	at java.lang.Thread.run(Thread.java:1012)
03-14 21:39:44.670  5769  5808 I MonitoringInstr: Unstopped activity count: 1
03-14 21:39:44.673  5769  5769 W unknown:BridgelessReact: ReactHost{0}.raiseSoftException(getOrCreateReloadTask()): Reload: ReactInstance task returned null. Stage: 3: Destroying ReactContext. Reload reason: Detox
03-14 21:39:44.730  5769  5808 I MonitoringInstr: Unstopped activity count: 1
03-14 21:39:44.733  5769  5769 E unknown:ReactHost: Unhandled SoftException
03-14 21:39:44.733  5769  5769 E unknown:ReactHost: com.facebook.react.bridge.ReactNoCrashSoftException: raiseSoftException(getOrCreateReloadTask()): Reload: ReactInstance task returned null. Stage: 3: Destroying ReactContext. Reload reason: Detox
03-14 21:39:44.733  5769  5769 E unknown:ReactHost: 	at com.facebook.react.runtime.ReactHostImpl.raiseSoftException(ReactHostImpl.kt:861)
03-14 21:39:44.733  5769  5769 E unknown:ReactHost: 	at com.facebook.react.runtime.ReactHostImpl.raiseSoftException$default(ReactHostImpl.kt:852)
03-14 21:39:44.733  5769  5769 E unknown:ReactHost: 	at com.facebook.react.runtime.ReactHostImpl.createReactInstanceUnwrapper$lambda$49(ReactHostImpl.kt:1236)
03-14 21:39:44.733  5769  5769 E unknown:ReactHost: 	at com.facebook.react.runtime.ReactHostImpl.$r8$lambda$wxqWPZPIM84yb-DFfq8PhEXI2r4(Unknown Source:0)
03-14 21:39:44.733  5769  5769 E unknown:ReactHost: 	at com.facebook.react.runtime.ReactHostImpl$$ExternalSyntheticLambda36.invoke(D8$$SyntheticClass:0)
03-14 21:39:44.733  5769  5769 E unknown:ReactHost: 	at com.facebook.react.runtime.ReactHostImpl.getOrCreateReloadTask$lambda$54(ReactHostImpl.kt:1316)
03-14 21:39:44.733  5769  5769 E unknown:ReactHost: 	at com.facebook.react.runtime.ReactHostImpl.$r8$lambda$N-sLAyvreJP-ldKAQuu-GU7bqIs(Unknown Source:0)
03-14 21:39:44.733  5769  5769 E unknown:ReactHost: 	at com.facebook.react.runtime.ReactHostImpl$$ExternalSyntheticLambda6.then(D8$$SyntheticClass:0)
03-14 21:39:44.733  5769  5769 E unknown:ReactHost: 	at com.facebook.react.runtime.internal.bolts.Task$Companion.completeAfterTask$lambda$5(Task.kt:394)
03-14 21:39:44.733  5769  5769 E unknown:ReactHost: 	at com.facebook.react.runtime.internal.bolts.Task$Companion.$r8$lambda$IPpysnehFwANEiW061YzapkMdoE(Unknown Source:0)
03-14 21:39:44.733  5769  5769 E unknown:ReactHost: 	at com.facebook.react.runtime.internal.bolts.Task$Companion$$ExternalSyntheticLambda4.run(D8$$SyntheticClass:0)
03-14 21:39:44.733  5769  5769 E unknown:ReactHost: 	at android.os.Handler.handleCallback(Handler.java:959)
03-14 21:39:44.733  5769  5769 E unknown:ReactHost: 	at android.os.Handler.dispatchMessage(Handler.java:100)
03-14 21:39:44.733  5769  5769 E unknown:ReactHost: 	at android.os.Looper.loopOnce(Looper.java:232)
03-14 21:39:44.733  5769  5769 E unknown:ReactHost: 	at android.os.Looper.loop(Looper.java:317)
03-14 21:39:44.733  5769  5769 E unknown:ReactHost: 	at android.app.ActivityThread.main(ActivityThread.java:8705)
03-14 21:39:44.733  5769  5769 E unknown:ReactHost: 	at java.lang.reflect.Method.invoke(Native Method)
03-14 21:39:44.733  5769  5769 E unknown:ReactHost: 	at com.android.internal.os.RuntimeInit$MethodAndArgsCaller.run(RuntimeInit.java:580)
03-14 21:39:44.733  5769  5769 E unknown:ReactHost: 	at com.android.internal.os.ZygoteInit.main(ZygoteInit.java:886)
03-14 21:39:44.796  5769  5808 I MonitoringInstr: Unstopped activity count: 1
03-14 21:39:44.817  5769  5769 W unknown:BridgelessReact: ReactHost{0}.getOrCreateReloadTask(): Removing memory pressure listener
03-14 21:39:44.817  5769  5769 D VRI[MainActivity]: visibilityChanged oldVisibility=true newVisibility=false
03-14 21:39:44.848  5769  5808 I MonitoringInstr: Unstopped activity count: 1
03-14 21:39:44.899  5769  5877 W unknown:BridgelessReact: ReactHost{0}.raiseSoftException(getOrCreateReloadTask()): Reload: ReactInstance task returned null. Stage: 4: Destroying ReactInstance. Reload reason: Detox
03-14 21:39:44.934  5769  5808 I MonitoringInstr: Unstopped activity count: 1
03-14 21:39:44.955  5769  5877 E unknown:ReactHost: Unhandled SoftException
03-14 21:39:44.955  5769  5877 E unknown:ReactHost: com.facebook.react.bridge.ReactNoCrashSoftException: raiseSoftException(getOrCreateReloadTask()): Reload: ReactInstance task returned null. Stage: 4: Destroying ReactInstance. Reload reason: Detox
03-14 21:39:44.955  5769  5877 E unknown:ReactHost: 	at com.facebook.react.runtime.ReactHostImpl.raiseSoftException(ReactHostImpl.kt:861)
03-14 21:39:44.955  5769  5877 E unknown:ReactHost: 	at com.facebook.react.runtime.ReactHostImpl.raiseSoftException$default(ReactHostImpl.kt:852)
03-14 21:39:44.955  5769  5877 E unknown:ReactHost: 	at com.facebook.react.runtime.ReactHostImpl.createReactInstanceUnwrapper$lambda$49(ReactHostImpl.kt:1236)
03-14 21:39:44.955  5769  5877 E unknown:ReactHost: 	at com.facebook.react.runtime.ReactHostImpl.$r8$lambda$wxqWPZPIM84yb-DFfq8PhEXI2r4(Unknown Source:0)
03-14 21:39:44.955  5769  5877 E unknown:ReactHost: 	at com.facebook.react.runtime.ReactHostImpl$$ExternalSyntheticLambda36.invoke(D8$$SyntheticClass:0)
03-14 21:39:44.955  5769  5877 E unknown:ReactHost: 	at com.facebook.react.runtime.ReactHostImpl.getOrCreateReloadTask$lambda$55(ReactHostImpl.kt:1348)
03-14 21:39:44.955  5769  5877 E unknown:ReactHost: 	at com.facebook.react.runtime.ReactHostImpl.$r8$lambda$QLj1KH6lXO9iLO81CpQqSF6_Fr4(Unknown Source:0)
03-14 21:39:44.955  5769  5877 E unknown:ReactHost: 	at com.facebook.react.runtime.ReactHostImpl$$ExternalSyntheticLambda7.then(D8$$SyntheticClass:0)
03-14 21:39:44.955  5769  5877 E unknown:ReactHost: 	at com.facebook.react.runtime.internal.bolts.Task$Companion.completeAfterTask$lambda$5(Task.kt:394)
03-14 21:39:44.955  5769  5877 E unknown:ReactHost: 	at com.facebook.react.runtime.internal.bolts.Task$Companion.$r8$lambda$IPpysnehFwANEiW061YzapkMdoE(Unknown Source:0)
03-14 21:39:44.955  5769  5877 E unknown:ReactHost: 	at com.facebook.react.runtime.internal.bolts.Task$Companion$$ExternalSyntheticLambda4.run(D8$$SyntheticClass:0)
03-14 21:39:44.955  5769  5877 E unknown:ReactHost: 	at java.util.concurrent.ThreadPoolExecutor.runWorker(ThreadPoolExecutor.java:1145)
03-14 21:39:44.955  5769  5877 E unknown:ReactHost: 	at java.util.concurrent.ThreadPoolExecutor$Worker.run(ThreadPoolExecutor.java:644)
03-14 21:39:44.955  5769  5877 E unknown:ReactHost: 	at java.lang.Thread.run(Thread.java:1012)
03-14 21:39:44.955  5769  5877 W unknown:BridgelessReact: ReactHost{0}.raiseSoftException(getOrCreateReloadTask()): Skipping ReactInstance.destroy(): ReactInstance null
03-14 21:39:44.955  5769  5877 E unknown:ReactHost: Unhandled SoftException
03-14 21:39:44.955  5769  5877 E unknown:ReactHost: com.facebook.react.bridge.ReactNoCrashSoftException: raiseSoftException(getOrCreateReloadTask()): Skipping ReactInstance.destroy(): ReactInstance null
03-14 21:39:44.955  5769  5877 E unknown:ReactHost: 	at com.facebook.react.runtime.ReactHostImpl.raiseSoftException(ReactHostImpl.kt:861)
03-14 21:39:44.955  5769  5877 E unknown:ReactHost: 	at com.facebook.react.runtime.ReactHostImpl.raiseSoftException$default(ReactHostImpl.kt:852)
03-14 21:39:44.955  5769  5877 E unknown:ReactHost: 	at com.facebook.react.runtime.ReactHostImpl.getOrCreateReloadTask$lambda$55(ReactHostImpl.kt:1350)
03-14 21:39:44.955  5769  5877 E unknown:ReactHost: 	at com.facebook.react.runtime.ReactHostImpl.$r8$lambda$QLj1KH6lXO9iLO81CpQqSF6_Fr4(Unknown Source:0)
03-14 21:39:44.955  5769  5877 E unknown:ReactHost: 	at com.facebook.react.runtime.ReactHostImpl$$ExternalSyntheticLambda7.then(D8$$SyntheticClass:0)
03-14 21:39:44.955  5769  5877 E unknown:ReactHost: 	at com.facebook.react.runtime.internal.bolts.Task$Companion.completeAfterTask$lambda$5(Task.kt:394)
03-14 21:39:44.955  5769  5877 E unknown:ReactHost: 	at com.facebook.react.runtime.internal.bolts.Task$Companion.$r8$lambda$IPpysnehFwANEiW061YzapkMdoE(Unknown Source:0)
03-14 21:39:44.955  5769  5877 E unknown:ReactHost: 	at com.facebook.react.runtime.internal.bolts.Task$Companion$$ExternalSyntheticLambda4.run(D8$$SyntheticClass:0)
03-14 21:39:44.955  5769  5877 E unknown:ReactHost: 	at java.util.concurrent.ThreadPoolExecutor.runWorker(ThreadPoolExecutor.java:1145)
03-14 21:39:44.955  5769  5877 E unknown:ReactHost: 	at java.util.concurrent.ThreadPoolExecutor$Worker.run(ThreadPoolExecutor.java:644)
03-14 21:39:44.955  5769  5877 E unknown:ReactHost: 	at java.lang.Thread.run(Thread.java:1012)
03-14 21:39:44.999  5769  5808 I MonitoringInstr: Unstopped activity count: 1
03-14 21:39:45.022  5769  5877 W unknown:BridgelessReact: ReactHost{0}.getOrCreateReloadTask(): Resetting start task ref
03-14 21:39:45.028  5769  5877 W unknown:BridgelessReact