--------- beginning of main
03-14 21:39:39.014  5769  5769 I .studentfinance: Late-enabling -Xcheck:jni
03-14 21:39:39.063  5769  5769 I .studentfinance: Using CollectorTypeCMC GC.
03-14 21:39:39.064  5769  5769 W .studentfinance: Unexpected CPU variant for x86: x86_64.
03-14 21:39:39.064  5769  5769 W .studentfinance: Known variants: atom, sandybridge, silvermont, goldmont, goldmont-plus, goldmont-without-sha-xsaves, tremont, kabylake, default
03-14 21:39:39.117  5769  5769 D nativeloader: Load libframework-connectivity-tiramisu-jni.so using APEX ns com_android_tethering for caller /apex/com.android.tethering/javalib/framework-connectivity-t.jar: ok
--------- beginning of system
03-14 21:39:39.207  5769  5769 W ActivityThread: Package uses different ABI(s) than its instrumentation: package[com.mcfuzzysquirrel.studentfinance]: x86_64, null instrumentation[com.mcfuzzysquirrel.studentfinance.test]: null, null
03-14 21:39:39.215  5769  5769 W .studentfinance: ClassLoaderContext shared library size mismatch. Expected=2, found=0 (PCL[]{PCL[/system/framework/android.test.base.jar*724373495]#PCL[/system/framework/android.test.mock.jar*1452759902]} | PCL[])
03-14 21:39:39.217  5769  5769 W .studentfinance: ClassLoaderContext classpath size mismatch. expected=0, found=1 (PCL[] | PCL[/system/framework/android.test.runner.jar*2496447986])
03-14 21:39:39.220  5769  5769 W .studentfinance: ClassLoaderContext classpath size mismatch. expected=0, found=2 (PCL[] | PCL[/system/framework/android.test.runner.jar*2496447986:/system/framework/android.test.mock.jar*1452759902])
03-14 21:39:39.221  5769  5769 W ziparchive: Unable to open '/data/app/~~C28fs9qqrafyBlSTjoOFZw==/com.mcfuzzysquirrel.studentfinance.test-eRXp5_nOr2OaKYfjnkIStw==/base.dm': No such file or directory
03-14 21:39:39.221  5769  5769 W ziparchive: Unable to open '/data/app/~~C28fs9qqrafyBlSTjoOFZw==/com.mcfuzzysquirrel.studentfinance.test-eRXp5_nOr2OaKYfjnkIStw==/base.dm': No such file or directory
03-14 21:39:39.316  5769  5769 W ziparchive: Unable to open '/data/app/~~i-MPlNOu2hAahbqRu2YuFw==/com.mcfuzzysquirrel.studentfinance-8-0dbcCNdDI1iuFB38NAvQ==/base.dm': No such file or directory
03-14 21:39:39.316  5769  5769 W ziparchive: Unable to open '/data/app/~~i-MPlNOu2hAahbqRu2YuFw==/com.mcfuzzysquirrel.studentfinance-8-0dbcCNdDI1iuFB38NAvQ==/base.dm': No such file or directory
03-14 21:39:39.906  5769  5769 D nativeloader: Configuring clns-7 for other apk /system/framework/android.test.runner.jar:/system/framework/android.test.mock.jar:/system/framework/android.test.base.jar:/data/app/~~C28fs9qqrafyBlSTjoOFZw==/com.mcfuzzysquirrel.studentfinance.test-eRXp5_nOr2OaKYfjnkIStw==/base.apk:/data/app/~~i-MPlNOu2hAahbqRu2YuFw==/com.mcfuzzysquirrel.studentfinance-8-0dbcCNdDI1iuFB38NAvQ==/base.apk. target_sdk_version=36, uses_libraries=, library_path=/data/app/~~C28fs9qqrafyBlSTjoOFZw==/com.mcfuzzysquirrel.studentfinance.test-eRXp5_nOr2OaKYfjnkIStw==/lib/x86_64:/data/app/~~i-MPlNOu2hAahbqRu2YuFw==/com.mcfuzzysquirrel.studentfinance-8-0dbcCNdDI1iuFB38NAvQ==/lib/x86_64:/data/app/~~C28fs9qqrafyBlSTjoOFZw==/com.mcfuzzysquirrel.studentfinance.test-eRXp5_nOr2OaKYfjnkIStw==/base.apk!/lib/x86_64:/data/app/~~i-MPlNOu2hAahbqRu2YuFw==/com.mcfuzzysquirrel.studentfinance-8-0dbcCNdDI1iuFB38NAvQ==/base.apk!/lib/x86_64, permitted_path=/data:/mnt/expand:/data/user/0/com.mcfuzzysquirrel.studentfinance
03-14 21:39:39.949  5769  5769 V GraphicsEnvironment: Currently set values for:
03-14 21:39:39.949  5769  5769 V GraphicsEnvironment:   angle_gl_driver_selection_pkgs=[]
03-14 21:39:39.949  5769  5769 V GraphicsEnvironment:   angle_gl_driver_selection_values=[]
03-14 21:39:39.949  5769  5769 V GraphicsEnvironment: Global.Settings values are invalid: number of packages: 0, number of values: 0
03-14 21:39:39.949  5769  5769 V GraphicsEnvironment: Neither updatable production driver nor prerelease driver is supported.
03-14 21:39:39.957  5769  5769 D ApplicationLoaders: Returning zygote-cached class loader: /system/framework/android.test.base.jar
03-14 21:39:39.966  5769  5769 D nativeloader: Configuring clns-8 for other apk /system/framework/android.test.mock.jar. target_sdk_version=36, uses_libraries=ALL, library_path=/data/app/~~C28fs9qqrafyBlSTjoOFZw==/com.mcfuzzysquirrel.studentfinance.test-eRXp5_nOr2OaKYfjnkIStw==/lib/x86_64:/data/app/~~i-MPlNOu2hAahbqRu2YuFw==/com.mcfuzzysquirrel.studentfinance-8-0dbcCNdDI1iuFB38NAvQ==/lib/x86_64, permitted_path=/data:/mnt/expand
03-14 21:39:39.967  5769  5769 D ApplicationLoaders: Returning zygote-cached class loader: /system/framework/android.test.base.jar
03-14 21:39:39.978  5769  5769 D nativeloader: Configuring clns-9 for other apk /system/framework/android.test.runner.jar. target_sdk_version=36, uses_libraries=ALL, library_path=/data/app/~~C28fs9qqrafyBlSTjoOFZw==/com.mcfuzzysquirrel.studentfinance.test-eRXp5_nOr2OaKYfjnkIStw==/lib/x86_64:/data/app/~~i-MPlNOu2hAahbqRu2YuFw==/com.mcfuzzysquirrel.studentfinance-8-0dbcCNdDI1iuFB38NAvQ==/lib/x86_64, permitted_path=/data:/mnt/expand
03-14 21:39:39.981  5769  5769 W .studentfinance: ClassLoaderContext shared library size mismatch. Expected=2, found=3 (PCL[]{PCL[/system/framework/android.test.base.jar*724373495]#PCL[/system/framework/android.test.mock.jar*1452759902]} | PCL[]{PCL[/system/framework/android.test.base.jar*724373495]#PCL[/system/framework/android.test.mock.jar*1452759902]#PCL[/system/framework/android.test.runner.jar*2496447986]{PCL[/system/framework/android.test.base.jar*724373495]#PCL[/system/framework/android.test.mock.jar*1452759902]}};PCL[/system/framework/android.test.runner.jar*2496447986:/system/framework/android.test.mock.jar*1452759902:/system/framework/android.test.base.jar*724373495:/data/app/~~C28fs9qqrafyBlSTjoOFZw==/com.mcfuzzysquirrel.studentfinance.test-eRXp5_nOr2OaKYfjnkIStw==/base.apk*3046124314:/data/app/~~i-MPlNOu2hAahbqRu2YuFw==/com.mcfuzzysquirrel.studentfinance-8-0dbcCNdDI1iuFB38NAvQ==/base.apk*707418998])
03-14 21:39:39.988  5769  5769 W .studentfinance: ClassLoaderContext classpath size mismatch. expected=0, found=1 (PCL[] | PCL[/system/framework/android.test.runner.jar*2496447986]{PCL[/system/framework/android.test.base.jar*724373495]#PCL[/system/framework/android.test.mock.jar*1452759902]#PCL[/system/framework/android.test.runner.jar*2496447986]{PCL[/system/framework/android.test.base.jar*724373495]#PCL[/system/framework/android.test.mock.jar*1452759902]}};PCL[/system/framework/android.test.runner.jar*2496447986:/system/framework/android.test.mock.jar*1452759902:/system/framework/android.test.base.jar*724373495:/data/app/~~C28fs9qqrafyBlSTjoOFZw==/com.mcfuzzysquirrel.studentfinance.test-eRXp5_nOr2OaKYfjnkIStw==/base.apk*3046124314:/data/app/~~i-MPlNOu2hAahbqRu2YuFw==/com.mcfuzzysquirrel.studentfinance-8-0dbcCNdDI1iuFB38NAvQ==/base.apk*707418998])
03-14 21:39:39.989  5769  5769 W .studentfinance: ClassLoaderContext classpath size mismatch. expected=0, found=2 (PCL[] | PCL[/system/framework/android.test.runner.jar*2496447986:/system/framework/android.test.mock.jar*1452759902]{PCL[/system/framework/android.test.base.jar*724373495]#PCL[/system/framework/android.test.mock.jar*1452759902]#PCL[/system/framework/android.test.runner.jar*2496447986]{PCL[/system/framework/android.test.base.jar*724373495]#PCL[/system/framework/android.test.mock.jar*1452759902]}};PCL[/system/framework/android.test.runner.jar*2496447986:/system/framework/android.test.mock.jar*1452759902:/system/framework/android.test.base.jar*724373495:/data/app/~~C28fs9qqrafyBlSTjoOFZw==/com.mcfuzzysquirrel.studentfinance.test-eRXp5_nOr2OaKYfjnkIStw==/base.apk*3046124314:/data/app/~~i-MPlNOu2hAahbqRu2YuFw==/com.mcfuzzysquirrel.studentfinance-8-0dbcCNdDI1iuFB38NAvQ==/base.apk*707418998])
03-14 21:39:39.999  5769  5769 W ziparchive: Unable to open '/data/app/~~C28fs9qqrafyBlSTjoOFZw==/com.mcfuzzysquirrel.studentfinance.test-eRXp5_nOr2OaKYfjnkIStw==/base.dm': No such file or directory
03-14 21:39:39.999  5769  5769 W ziparchive: Unable to open '/data/app/~~C28fs9qqrafyBlSTjoOFZw==/com.mcfuzzysquirrel.studentfinance.test-eRXp5_nOr2OaKYfjnkIStw==/base.dm': No such file or directory
03-14 21:39:40.132  5769  5769 W ziparchive: Unable to open '/data/app/~~i-MPlNOu2hAahbqRu2YuFw==/com.mcfuzzysquirrel.studentfinance-8-0dbcCNdDI1iuFB38NAvQ==/base.dm': No such file or directory
03-14 21:39:40.132  5769  5769 W ziparchive: Unable to open '/data/app/~~i-MPlNOu2hAahbqRu2YuFw==/com.mcfuzzysquirrel.studentfinance-8-0dbcCNdDI1iuFB38NAvQ==/base.dm': No such file or directory
03-14 21:39:40.424  5769  5769 I AndroidJUnitRunner: newApplication com.mcfuzzysquirrel.studentfinance.MainApplication
03-14 21:39:40.469  5769  5769 I AndroidJUnitRunner: onCreate Bundle[mParcelledData.dataSize=240]
03-14 21:39:40.471  5769  5769 D AndroidJUnitRunner: Use the raw file system for managing file I/O.
03-14 21:39:40.542  5769  5769 V TestEventClient: No service name argument was given (testDiscoveryService, testRunEventService or orchestratorService)
03-14 21:39:40.542  5769  5808 D AndroidJUnitRunner: onStart is called.
03-14 21:39:40.548  5769  5769 W SoLoader: Initializing SoLoader: 0
03-14 21:39:40.550  5769  5769 W SoLoader: Recording new base apk path: /data/app/~~i-MPlNOu2hAahbqRu2YuFw==/com.mcfuzzysquirrel.studentfinance-8-0dbcCNdDI1iuFB38NAvQ==/base.apk
03-14 21:39:40.550  5769  5769 W SoLoader: Previously recorded 0 base apk paths.
03-14 21:39:40.552  5769  5769 I SoLoader: Preparing SO source: DirectorySoSource[root = /vendor/lib64 flags = 2]
03-14 21:39:40.553  5769  5769 I SoLoader: Preparing SO source: DirectorySoSource[root = /system/lib64 flags = 2]
03-14 21:39:40.553  5769  5769 I SoLoader: Preparing SO source: DirectApkSoSource[root = [/data/app/~~i-MPlNOu2hAahbqRu2YuFw==/com.mcfuzzysquirrel.studentfinance-8-0dbcCNdDI1iuFB38NAvQ==/base.apk!/lib/x86_64]]
03-14 21:39:40.575  5769  5769 I SoLoader: Preparing SO source: ApplicationSoSource[DirectorySoSource[root = /data/app/~~i-MPlNOu2hAahbqRu2YuFw==/com.mcfuzzysquirrel.studentfinance-8-0dbcCNdDI1iuFB38NAvQ==/lib/x86_64 flags = 0]]
03-14 21:39:40.575  5769  5769 I SoLoader: init finish: 4 SO sources prepared
03-14 21:39:40.575  5769  5769 W SoLoader: SoLoader initialized: 8
03-14 21:39:40.606  5769  5769 D nativeloader: Load /data/app/~~i-MPlNOu2hAahbqRu2YuFw==/com.mcfuzzysquirrel.studentfinance-8-0dbcCNdDI1iuFB38NAvQ==/base.apk!/lib/x86_64/libc++_shared.so using ns clns-7 from class loader (caller=/data/app/~~i-MPlNOu2hAahbqRu2YuFw==/com.mcfuzzysquirrel.studentfinance-8-0dbcCNdDI1iuFB38NAvQ==/base.apk): ok
03-14 21:39:40.641  5769  5769 D nativeloader: Load /data/app/~~i-MPlNOu2hAahbqRu2YuFw==/com.mcfuzzysquirrel.studentfinance-8-0dbcCNdDI1iuFB38NAvQ==/base.apk!/lib/x86_64/libjsi.so using ns clns-7 from class loader (caller=/data/app/~~i-MPlNOu2hAahbqRu2YuFw==/com.mcfuzzysquirrel.studentfinance-8-0dbcCNdDI1iuFB38NAvQ==/base.apk): ok
03-14 21:39:40.653  5769  5769 D nativeloader: Load /data/app/~~i-MPlNOu2hAahbqRu2YuFw==/com.mcfuzzysquirrel.studentfinance-8-0dbcCNdDI1iuFB38NAvQ==/base.apk!/lib/x86_64/libfbjni.so using ns clns-7 from class loader (caller=/data/app/~~i-MPlNOu2hAahbqRu2YuFw==/com.mcfuzzysquirrel.studentfinance-8-0dbcCNdDI1iuFB38NAvQ==/base.apk): ok
03-14 21:39:40.664  5769  5769 D nativeloader: Load /data/app/~~i-MPlNOu2hAahbqRu2YuFw==/com.mcfuzzysquirrel.studentfinance-8-0dbcCNdDI1iuFB38NAvQ==/base.apk!/lib/x86_64/libreactnative.so using ns clns-7 from class loader (caller=/data/app/~~i-MPlNOu2hAahbqRu2YuFw==/com.mcfuzzysquirrel.studentfinance-8-0dbcCNdDI1iuFB38NAvQ==/base.apk): ok
03-14 21:39:40.665  5769  5769 D jni_lib_merge: Entering merged library JNI_OnLoad.
03-14 21:39:40.665  5769  5769 D jni_lib_merge: Preparing 12 pre-merged libs (including stub)
03-14 21:39:40.665  5769  5769 D jni_lib_merge: Preparing to register libfabricjni_so.  onload_func: 0x738c1b57a730
03-14 21:39:40.665  5769  5769 D jni_lib_merge: Preparing to register libreact_devsupportjni_so.  onload_func: 0x738c1b777190
03-14 21:39:40.665  5769  5769 D jni_lib_merge: Preparing to register libreact_featureflagsjni_so.  onload_func: 0x738c1b788910
03-14 21:39:40.665  5769  5769 D jni_lib_merge: Preparing to register libreact_newarchdefaults_so.  onload_func: 0x738c1b829d20
03-14 21:39:40.665  5769  5769 D jni_lib_merge: Preparing to register libreactnativeblob_so.  onload_func: 0x738c1ba342e0
03-14 21:39:40.665  5769  5769 D jni_lib_merge: Preparing to register libreactnativejni_so.  onload_func: 0x738c1ba74770
03-14 21:39:40.665  5769  5769 D jni_lib_merge: Preparing to register libreactnativejni_common_so.  onload_func: 0x738c1ba845d0
03-14 21:39:40.665  5769  5769 D jni_lib_merge: Preparing to register librninstance_so.  onload_func: 0x738c1bac14c0
03-14 21:39:40.665  5769  5769 D jni_lib_merge: Preparing to register libturbomodulejsijni_so.  onload_func: 0x738c1bc22c00
03-14 21:39:40.665  5769  5769 D jni_lib_merge: Preparing to register libuimanagerjni_so.  onload_func: 0x738c1bc3ade0
03-14 21:39:40.665  5769  5769 D jni_lib_merge: Preparing to register libyoga_so.  onload_func: 0x738c1bc49d70
03-14 21:39:40.665  5769  5769 D jni_lib_merge: About to register 11 actual methods.
03-14 21:39:40.696  5769  5769 D nativeloader: Load /data/app/~~i-MPlNOu2hAahbqRu2YuFw==/com.mcfuzzysquirrel.studentfinance-8-0dbcCNdDI1iuFB38NAvQ==/base.apk!/lib/x86_64/libreact_codegen_rnscreens.so using ns clns-7 from class loader (caller=/data/app/~~i-MPlNOu2hAahbqRu2YuFw==/com.mcfuzzysquirrel.studentfinance-8-0dbcCNdDI1iuFB38NAvQ==/base.apk): ok
03-14 21:39:40.696  5769  5769 D jni_lib_merge: Entering merged library JNI_OnLoad.
03-14 21:39:40.696  5769  5769 D jni_lib_merge: Preparing 12 pre-merged libs (including stub)
03-14 21:39:40.696  5769  5769 D jni_lib_merge: Preparing to register libfabricjni_so.  onload_func: 0x738c1b57a730
03-14 21:39:40.696  5769  5769 D jni_lib_merge: Preparing to register libreact_devsupportjni_so.  onload_func: 0x738c1b777190
03-14 21:39:40.696  5769  5769 D jni_lib_merge: Preparing to register libreact_featureflagsjni_so.  onload_func: 0x738c1b788910
03-14 21:39:40.696  5769  5769 D jni_lib_merge: Preparing to register libreact_newarchdefaults_so.  onload_func: 0x738c1b829d20
03-14 21:39:40.696  5769  5769 D jni_lib_merge: Preparing to register libreactnativeblob_so.  onload_func: 0x738c1ba342e0
03-14 21:39:40.696  5769  5769 D jni_lib_merge: Preparing to register libreactnativejni_so.  onload_func: 0x738c1ba74770
03-14 21:39:40.696  5769  5769 D jni_lib_merge: Preparing to register libreactnativejni_common_so.  onload_func: 0x738c1ba845d0
03-14 21:39:40.696  5769  5769 D jni_lib_merge: Preparing to register librninstance_so.  onload_func: 0x738c1bac14c0
03-14 21:39:40.696  5769  5769 D jni_lib_merge: Preparing to register libturbomodulejsijni_so.  onload_func: 0x738c1bc22c00
03-14 21:39:40.696  5769  5769 D jni_lib_merge: Preparing to register libuimanagerjni_so.  onload_func: 0x738c1bc3ade0
03-14 21:39:40.696  5769  5769 D jni_lib_merge: Preparing to register libyoga_so.  onload_func: 0x738c1bc49d70
03-14 21:39:40.696  5769  5769 D jni_lib_merge: About to register 11 actual methods.
03-14 21:39:40.710  5769  5769 D nativeloader: Load /data/app/~~i-MPlNOu2hAahbqRu2YuFw==/com.mcfuzzysquirrel.studentfinance-8-0dbcCNdDI1iuFB38NAvQ==/base.apk!/lib/x86_64/libreact_codegen_rnsvg.so using ns clns-7 from class loader (caller=/data/app/~~i-MPlNOu2hAahbqRu2YuFw==/com.mcfuzzysquirrel.studentfinance-8-0dbcCNdDI1iuFB38NAvQ==/base.apk): ok
03-14 21:39:40.710  5769  5769 D jni_lib_merge: Entering merged library JNI_OnLoad.
03-14 21:39:40.710  5769  5769 D jni_lib_merge: Preparing 12 pre-merged libs (including stub)
03-14 21:39:40.710  5769  5769 D jni_lib_merge: Preparing to register libfabricjni_so.  onload_func: 0x738c1b57a730
03-14 21:39:40.710  5769  5769 D jni_lib_merge: Preparing to register libreact_devsupportjni_so.  onload_func: 0x738c1b777190
03-14 21:39:40.710  5769  5769 D jni_lib_merge: Preparing to register libreact_featureflagsjni_so.  onload_func: 0x738c1b788910
03-14 21:39:40.710  5769  5769 D jni_lib_merge: Preparing to register libreact_newarchdefaults_so.  onload_func: 0x738c1b829d20
03-14 21:39:40.710  5769  5769 D jni_lib_merge: Preparing to register libreactnativeblob_so.  onload_func: 0x738c1ba342e0
03-14 21:39:40.710  5769  5769 D jni_lib_merge: Preparing to register libreactnativejni_so.  onload_func: 0x738c1ba74770
03-14 21:39:40.710  5769  5769 D jni_lib_merge: Preparing to register libreactnativejni_common_so.  onload_func: 0x738c1ba845d0
03-14 21:39:40.710  5769  5769 D jni_lib_merge: Preparing to register librninstance_so.  onload_func: 0x738c1bac14c0
03-14 21:39:40.710  5769  5769 D jni_lib_merge: Preparing to register libturbomodulejsijni_so.  onload_func: 0x738c1bc22c00
03-14 21:39:40.710  5769  5769 D jni_lib_merge: Preparing to register libuimanagerjni_so.  onload_func: 0x738c1bc3ade0
03-14 21:39:40.710  5769  5769 D jni_lib_merge: Preparing to register libyoga_so.  onload_func: 0x738c1bc49d70
03-14 21:39:40.710  5769  5769 D jni_lib_merge: About to register 11 actual methods.
03-14 21:39:40.724  5769  5769 D nativeloader: Load /data/app/~~i-MPlNOu2hAahbqRu2YuFw==/com.mcfuzzysquirrel.studentfinance-8-0dbcCNdDI1iuFB38NAvQ==/base.apk!/lib/x86_64/libreact_codegen_safeareacontext.so using ns clns-7 from class loader (caller=/data/app/~~i-MPlNOu2hAahbqRu2YuFw==/com.mcfuzzysquirrel.studentfinance-8-0dbcCNdDI1iuFB38NAvQ==/base.apk): ok
03-14 21:39:40.729  5769  5769 D nativeloader: Load /data/app/~~i-MPlNOu2hAahbqRu2YuFw==/com.mcfuzzysquirrel.studentfinance-8-0dbcCNdDI1iuFB38NAvQ==/base.apk!/lib/x86_64/libappmodules.so using ns clns-7 from class loader (caller=/data/app/~~i-MPlNOu2hAahbqRu2YuFw==/com.mcfuzzysquirrel.studentfinance-8-0dbcCNdDI1iuFB38NAvQ==/base.apk): ok
03-14 21:39:40.818  5769  5808 I InstrConnection: Could not send broadcast or register receiver (isolatedProcess?)
03-14 21:39:40.824  5769  5808 D TestRequestBuilder: Using class path scanning to discover tests
03-14 21:39:40.826  5769  5808 I TestRequestBuilder: Scanning classpath to find tests in paths [/data/app/~~C28fs9qqrafyBlSTjoOFZw==/com.mcfuzzysquirrel.studentfinance.test-eRXp5_nOr2OaKYfjnkIStw==/base.apk]
03-14 21:39:40.830  5769  5808 W .studentfinance: Opening an oat file without a class loader. Are you using the deprecated DexFile APIs?
03-14 21:39:41.337  5769  5808 I TestRunner: run started: 1 tests
03-14 21:39:41.337  5769  5808 I TestRunner: started: runDetoxTests(com.mcfuzzysquirrel.studentfinance.DetoxTest)
03-14 21:39:41.346  5769  5808 I Detox   : Detox server connection details: url=ws://localhost:37507, sessionId=2dd5bb86-51cd-00e4-6c1c-3f5b400fe5da
03-14 21:39:41.352  5769  5808 I Tracing : Tracer added: class androidx.test.platform.tracing.AndroidXTracer
03-14 21:39:41.363  5769  5808 W .studentfinance: Accessing hidden field Ljava/lang/reflect/Field;->accessFlags:I (unsupported, reflection, allowed)
03-14 21:39:41.365  5769  5808 I Detox   : Connecting to server...
03-14 21:39:41.366  5769  5808 I DetoxWSClient: At connectToServer
03-14 21:39:41.475  5769  5846 D TrafficStats: tagSocket(102) with statsTag=0xffffffff, statsUid=-1
03-14 21:39:41.514  5769  5846 D DetoxWSClient: At onOpen
03-14 21:39:41.515  5769  5846 I DetoxWSClient: Sending out action 'login' (ID #0)
03-14 21:39:41.515  5769  5846 I Detox   : Connected to server!
03-14 21:39:41.518  5769  5846 D DetoxWSClient: Received action 'loginSuccess' (ID #0, params={"testerConnected":true,"appConnected":true})
03-14 21:39:41.519  5769  5842 I DetoxDispatcher: Handling action 'loginSuccess' (ID #0)...
03-14 21:39:41.519  5769  5842 I DetoxDispatcher: Done with action 'loginSuccess'
03-14 21:39:41.519  5769  5808 I Detox   : Launching the tested activity!
03-14 21:39:41.560  5769  5846 D DetoxWSClient: Received action 'isReady' (ID #-1000, params={})
03-14 21:39:41.564  5769  5842 I DetoxDispatcher: Handling action 'isReady' (ID #-1000)...
03-14 21:39:41.785  5769  5769 D AppCompatDelegate: Checking for metadata for AppLocalesMetadataHolderService : Service not found
03-14 21:39:41.821  5769  5769 D LifecycleMonitor: Lifecycle status change: com.mcfuzzysquirrel.studentfinance.MainActivity@eebbe89 in: PRE_ON_CREATE
03-14 21:39:42.371  5769  5876 D TrafficStats: tagSocket(105) with statsTag=0xffffffff, statsUid=-1
03-14 21:39:42.373  5769  5876 W unknown:ReconnectingWebSocket: Couldn't connect to "ws://10.0.2.2:8081/message?device=sdk_gphone64_x86_64%20-%2015%20-%20API%2035&app=com.mcfuzzysquirrel.studentfinance&clientid=BridgelessDevSupportManager", will silently retry
03-14 21:39:42.381  5769  5769 W unknown:BridgelessReact: ReactHost{0}.startSurface(surfaceId = 0): Schedule
03-14 21:39:42.382  5769  5769 W unknown:BridgelessReact: ReactHost{0}.attachSurface(surfaceId = 0)
03-14 21:39:42.382  5769  5877 W unknown:BridgelessReact: ReactHost{0}.getOrCreateReactInstanceTask()
03-14 21:39:42.382  5769  5877 W unknown:BridgelessReact: ReactHost{0}.getOrCreateReactInstanceTask(): Start
03-14 21:39:42.382  5769  5877 D Detox.RNMarker: REACT_BRIDGELESS_LOADING_START (null)
03-14 21:39:42.382  5769  5877 W unknown:BridgelessReact: ReactHost{0}.getJSBundleLoader()
03-14 21:39:42.383  5769  5877 W unknown:BridgelessReact: ReactHost{0}.isMetroRunning()
03-14 21:39:42.391  5769  5878 D TrafficStats: tagSocket(105) with statsTag=0xffffffff, statsUid=-1
03-14 21:39:42.393  5769  5878 W unknown:ReactNative: The packager does not seem to be running as we got an IOException requesting its status: Failed to connect to /10.0.2.2:8081
03-14 21:39:42.393  5769  5878 W unknown:BridgelessReact: ReactHost{0}.isMetroRunning(): Async result = false
03-14 21:39:42.397  5769  5877 W unknown:BridgelessReact: ReactHost{0}.getOrCreateReactInstanceTask(): Creating BridgelessReactContext
03-14 21:39:42.398  5769  5877 W unknown:BridgelessReact: ReactHost{0}.getOrCreateReactInstanceTask(): Creating ReactInstance
03-14 21:39:42.421  5769  5769 W .studentfinance: Accessing hidden method Landroid/view/ViewGroup;->makeOptionalFitsSystemWindows()V (unsupported, reflection, allowed)
03-14 21:39:42.426  5769  5769 D LifecycleMonitor: Lifecycle status change: com.mcfuzzysquirrel.studentfinance.MainActivity@eebbe89 in: CREATED
03-14 21:39:42.430  5769  5769 D LifecycleMonitor: Lifecycle status change: com.mcfuzzysquirrel.studentfinance.MainActivity@eebbe89 in: STARTED
03-14 21:39:42.434  5769  5769 W unknown:BridgelessReact: ReactHost{0}.onHostResume(activity)
03-14 21:39:42.435  5769  5769 W unknown:ReactNative: Packager connection already open, nooping.
03-14 21:39:42.436  5769  5769 W unknown:BridgelessReact: ReactHost{0}.ReactContext.onHostResume()
03-14 21:39:42.436  5769  5769 D LifecycleMonitor: Lifecycle status change: com.mcfuzzysquirrel.studentfinance.MainActivity@eebbe89 in: RESUMED
03-14 21:39:42.502  5769  5877 D nativeloader: Load /data/app/~~i-MPlNOu2hAahbqRu2YuFw==/com.mcfuzzysquirrel.studentfinance-8-0dbcCNdDI1iuFB38NAvQ==/base.apk!/lib/x86_64/libhermesvm.so using ns clns-7 from class loader (caller=/data/app/~~i-MPlNOu2hAahbqRu2YuFw==/com.mcfuzzysquirrel.studentfinance-8-0dbcCNdDI1iuFB38NAvQ==/base.apk): ok
03-14 21:39:42.510  5769  5877 D nativeloader: Load /data/app/~~i-MPlNOu2hAahbqRu2YuFw==/com.mcfuzzysquirrel.studentfinance-8-0dbcCNdDI1iuFB38NAvQ==/base.apk!/lib/x86_64/libhermestooling.so using ns clns-7 from class loader (caller=/data/app/~~i-MPlNOu2hAahbqRu2YuFw==/com.mcfuzzysquirrel.studentfinance-8-0dbcCNdDI1iuFB38NAvQ==/base.apk): ok
03-14 21:39:42.511  5769  5877 D jni_lib_merge: Entering merged library JNI_OnLoad.
03-14 21:39:42.511  5769  5877 D jni_lib_merge: Preparing 4 pre-merged libs (including stub)
03-14 21:39:42.511  5769  5877 D jni_lib_merge: Preparing to register libhermes_executor_so.  onload_func: 0x738c0e5b8050
03-14 21:39:42.511  5769  5877 D jni_lib_merge: Preparing to register libhermesinstancejni_so.  onload_func: 0x738c0e5ee680
03-14 21:39:42.511  5769  5877 D jni_lib_merge: Preparing to register libjsijniprofiler_so.  onload_func: 0x738c0e5f03f0
03-14 21:39:42.511  5769  5877 D jni_lib_merge: About to register 3 actual methods.
03-14 21:39:42.515  5769  5884 D TrafficStats: tagSocket(114) with statsTag=0xffffffff, statsUid=-1
03-14 21:39:42.540  5769  5769 W HWUI    : Unknown dataspace 0
03-14 21:39:42.634  5769  5860 I EGL_emulation: Opening libGLESv1_CM_emulation.so
03-14 21:39:42.634  5769  5860 I EGL_emulation: Opening libGLESv2_emulation.so
03-14 21:39:42.672  5769  5860 W HWUI    : Failed to initialize 101010-2 format, error = EGL_SUCCESS
03-14 21:39:42.725  5769  5860 I Gralloc4: mapper 4.x is not supported
03-14 21:39:42.995  5769  5877 W .studentfinance: Verification of expo.modules.kotlin.modules.ModuleDefinitionData expo.modules.filesystem.FileSystemModule.definition() took 181.935ms (58075.39 bytecodes/s) (202904B approximate peak alloc)
03-14 21:39:43.222  5769  5877 I ExpoModulesCore: ✅ AppContext was initialized
03-14 21:39:43.553  5769  5877 W unknown:BridgelessReact: ReactHost{0}.getOrCreateReactInstanceTask(): Loading JS Bundle
03-14 21:39:43.556  5769  5769 W unknown:BridgelessReact: ReactHost{0}.handleHostException(message = "Unable to load script.
03-14 21:39:43.556  5769  5769 W unknown:BridgelessReact: 
03-14 21:39:43.556  5769  5769 W unknown:BridgelessReact: Make sure you're running Metro or that your bundle 'index.android.bundle' is packaged correctly for release.
03-14 21:39:43.556  5769  5769 W unknown:BridgelessReact: 
03-14 21:39:43.556  5769  5769 W unknown:BridgelessReact: The device must either be USB connected (with bundler set to "localhost:8081") or be on the same Wi-Fi network as your computer (with bundler set to your computer IP) to connect to Metro.
03-14 21:39:43.556  5769  5769 W unknown:BridgelessReact: 
03-14 21:39:43.556  5769  5769 W unknown:BridgelessReact: If you're using USB on a physical device, make sure you also run this command:
03-14 21:39:43.556  5769  5769 W unknown:BridgelessReact:   adb reverse tcp:8081 tcp:8081")
03-14 21:39:43.557  5769  5769 E unknown:ReactNative: Exception in native call
03-14 21:39:43.557  5769  5769 E unknown:ReactNative: java.lang.RuntimeException: Unable to load script.
03-14 21:39:43.557  5769  5769 E unknown:ReactNative: 
03-14 21:39:43.557  5769  5769 E unknown:ReactNative: Make sure you're running Metro or that your bundle 'index.android.bundle' is packaged correctly for release.
03-14 21:39:43.557  5769  5769 E unknown:ReactNative: 
03-14 21:39:43.557  5769  5769 E unknown:ReactNative: The device must either be USB connected (with bundler set to "localhost:8081") or be on the same Wi-Fi network as your computer (with bundler set to your computer IP) to connect to Metro.
03-14 21:39:43.557  5769  5769 E unknown:ReactNative: 
03-14 21:39:43.557  5769  5769 E unknown:ReactNative: If you're using USB on a physical device, make sure you also run this command:
03-14 21:39:43.557  5769  5769 E unknown:ReactNative:   adb reverse tcp:8081 tcp:8081
03-14 21:39:43.557  5769  5769 E unknown:ReactNative: 	at com.facebook.react.runtime.ReactInstance.loadJSBundleFromAssets(Native Method)
03-14 21:39:43.557  5769  5769 E unknown:ReactNative: 	at com.facebook.react.runtime.ReactInstance.access$loadJSBundleFromAssets(ReactInstance.kt:84)
03-14 21:39:43.557  5769  5769 E unknown:ReactNative: 	at com.facebook.react.runtime.ReactInstance$loadJSBundle$1.loadScriptFromAssets(ReactInstance.kt:324)
03-14 21:39:43.557  5769  5769 E unknown:ReactNative: 	at com.facebook.react.bridge.JSBundleLoader$Companion$createAssetLoader$1.loadScript(JSBundleLoader.kt:33)
03-14 21:39:43.557  5769  5769 E unknown:ReactNative: 	at com.facebook.react.runtime.ReactInstance.loadJSBundle(ReactInstance.kt:303)
03-14 21:39:43.557  5769  5769 E unknown:ReactNative: 	at com.facebook.react.runtime.ReactHostImpl.getOrCreateReactInstanceTask$lambda$44$lambda$40(ReactHostImpl.kt:1015)
03-14 21:39:43.557  5769  5769 E unknown:ReactNative: 	at com.facebook.react.runtime.ReactHostImpl.$r8$lambda$kGNcmxBxZbp8b1wWTaqIXDdkV8g(Unknown Source:0)
03-14 21:39:43.557  5769  5769 E unknown:ReactNative: 	at com.facebook.react.runtime.ReactHostImpl$$ExternalSyntheticLambda24.then(D8$$SyntheticClass:0)
03-14 21:39:43.557  5769  5769 E unknown:ReactNative: 	at com.facebook.react.runtime.internal.bolts.Task$Companion.completeImmediately$lambda$3(Task.kt:360)
03-14 21:39:43.557  5769  5769 E unknown:ReactNative: 	at com.facebook.react.runtime.internal.bolts.Task$Companion.$r8$lambda$b7MTC0ufkn_2TjF4BGcNqGR9qK0(Unknown Source:0)
03-14 21:39:43.557  5769  5769 E unknown:ReactNative: 	at com.facebook.react.runtime.internal.bolts.Task$Companion$$ExternalSyntheticLambda3.run(D8$$SyntheticClass:0)
03-14 21:39:43.557  5769  5769 E unknown:ReactNative: 	at com.facebook.react.runtime.internal.bolts.Executors$ImmediateExecutor.execute(Executors.kt:41)
03-14 21:39:43.557  5769  5769 E unknown:ReactNative: 	at com.facebook.react.runtime.internal.bolts.Task$Companion.completeImmediately(Task.kt:358)
03-14 21:39:43.557  5769  5769 E unknown:ReactNative: 	at com.facebook.react.runtime.internal.bolts.Task$Companion.access$completeImmediately(Task.kt:254)
03-14 21:39:43.557  5769  5769 E unknown:ReactNative: 	at com.facebook.react.runtime.internal.bolts.Task.continueWith(Task.kt:133)
03-14 21:39:43.557  5769  5769 E unknown:ReactNative: 	at com.facebook.react.runtime.internal.bolts.Task.continueWith$default(Task.kt:117)
03-14 21:39:43.557  5769  5769 E unknown:ReactNative: 	at com.facebook.react.runtime.internal.bolts.Task.onSuccess$lambda$12(Task.kt:176)
03-14 21:39:43.557  5769  5769 E unknown:ReactNative: 	at com.facebook.react.runtime.internal.bolts.Task.$r8$lambda$l0wwo5AvbHxlwfI1R7CH_codxoo(Unknown Source:0)
03-14 21:39:43.557  5769  5769 E unknown:ReactNative: 	at com.facebook.react.runtime.internal.bolts.Task$$ExternalSyntheticLambda2.then(D8$$SyntheticClass:0)
03-14 21:39:43.557  5769  5769 E unknown:ReactNative: 	at com.facebook.react.runtime.internal.bolts.Task$Companion.completeAfterTask$lambda$5(Task.kt:394)
03-14 21:39:43.557  5769  5769 E unknown:ReactNative: 	at com.facebook.react.runtime.internal.bolts.Task$Companion.$r8$lambda$IPpysnehFwANEiW061YzapkMdoE(Unknown Source:0)
03-14 21:39:43.557  5769  5769 E unknown:ReactNative: 	at com.facebook.react.runtime.internal.bolts.Task$Companion$$ExternalSyntheticLambda4.run(D8$$SyntheticClass:0)
03-14 21:39:43.557  5769  5769 E unknown:ReactNative: 	at java.util.concurrent.ThreadPoolExecutor.runWorker(ThreadPoolExecutor.java:1145)
03-14 21:39:43.557  5769  5769 E unknown:ReactNative: 	at java.util.concurrent.ThreadPoolExecutor$Worker.run(ThreadPoolExecutor.java:644)
03-14 21:39:43.557  5769  5769 E unknown:ReactNative: 	at java.lang.Thread.run(Thread.java:1012)
03-14 21:39:43.567  5769  5877 W unknown:BridgelessReact: ReactHost{0}.getOrCreateDestroyTask()
03-14 21:39:43.567  5769  5877 W unknown:BridgelessReact: ReactHost{0}.raiseSoftException(getOrCreateDestroyTask()): handleHostException(message = "Unable to load script.
03-14 21:39:43.567  5769  5877 W unknown:BridgelessReact: 
03-14 21:39:43.567  5769  5877 W unknown:BridgelessReact: Make sure you're running Metro or that your bundle 'index.android.bundle' is packaged correctly for release.
03-14 21:39:43.567  5769  5877 W unknown:BridgelessReact: 
03-14 21:39:43.567  5769  5877 W unknown:BridgelessReact: The device must either be USB connected (with bundler set to "localhost:8081") or be on the same Wi-Fi network as your computer (with bundler set to your computer IP) to connect to Metro.
03-14 21:39:43.567  5769  5877 W unknown:BridgelessReact: 
03-14 21:39:43.567  5769  5877 W unknown:BridgelessReact: If you're using USB on a physical device, make sure you also run this command:
03-14 21:39:43.567  5769  5877 W unknown:BridgelessReact:   adb reverse tcp:8081 tcp:8081")
03-14 21:39:43.572  5769  5877 E unknown:ReactHost: Unhandled SoftException
03-14 21:39:43.572  5769  5877 E unknown:ReactHost: com.facebook.react.bridge.ReactNoCrashSoftException: raiseSoftException(getOrCreateDestroyTask()): handleHostException(message = "Unable to load script.
03-14 21:39:43.572  5769  5877 E unknown:ReactHost: 
03-14 21:39:43.572  5769  5877 E unknown:ReactHost: Make sure you're running Metro or that your bundle 'index.android.bundle' is packaged correctly for release.
03-14 21:39:43.572  5769  5877 E unknown:ReactHost: 
03-14 21:39:43.572  5769  5877 E unknown:ReactHost: The device must either be USB connected (with bundler set to "localhost:8081") or be on the same Wi-Fi network as your computer (with bundler set to your computer IP) to connect to Metro.
03-14 21:39:43.572  5769  5877 E unknown:ReactHost: 
03-14 21:39:43.572  5769  5877 E unknown:ReactHost: If you're using USB on a physical device, make sure you also run this command:
03-14 21:39:43.572  5769  5877 E unknown:ReactHost:   adb reverse tcp:8081 tcp:8081")
03-14 21:39:43.572  5769  5877 E unknown:ReactHost: 	at com.facebook.react.runtime.ReactHostImpl.raiseSoftException(ReactHostImpl.kt:861)
03-14 21:39:43.572  5769  5877 E unknown:ReactHost: 	at com.facebook.react.runtime.ReactHostImpl.getOrCreateDestroyTask(ReactHostImpl.kt:1422)
03-14 21:39:43.572  5769  5877 E unknown:ReactHost: 	at com.facebook.react.runtime.ReactHostImpl.destroy$lambda$11(ReactHostImpl.kt:500)
03-14 21:39:43.572  5769  5877 E unknown:ReactHost: 	at com.facebook.react.runtime.ReactHostImpl.$r8$lambda$RqPT6VdmhA-RKBsb9qAdshHTgug(Unknown Source:0)
03-14 21:39:43.572  5769  5877 E unknown:ReactHost: 	at com.facebook.react.runtime.ReactHostImpl$$ExternalSyntheticLambda35.call(D8$$SyntheticClass:0)
03-14 21:39:43.572  5769  5877 E unknown:ReactHost: 	at com.facebook.react.runtime.internal.bolts.Task$Companion.call$lambda$2(Task.kt:319)
03-14 21:39:43.572  5769  5877 E unknown:ReactHost: 	at com.facebook.react.runtime.internal.bolts.Task$Companion.$r8$lambda$MFqd_-X5KhHmu0hvNE2Bec_4mJM(Unknown Source:0)
03-14 21:39:43.572  5769  5877 E unknown:ReactHost: 	at com.facebook.react.runtime.internal.bolts.Task$Companion$$ExternalSyntheticLambda1.run(D8$$SyntheticClass:0)
03-14 21:39:43.572  5769  5877 E unknown:ReactHost: 	at java.util.concurrent.ThreadPoolExecutor.runWorker(ThreadPoolExecutor.java:1145)
03-14 21:39:43.572  5769  5877 E unknown:ReactHost: 	at java.util.concurrent.ThreadPoolExecutor$Worker.run(ThreadPoolExecutor.java:644)
03-14 21:39:43.572  5769  5877 E unknown:ReactHost: 	at java.lang.Thread.run(Thread.java:1012)
03-14 21:39:43.572  5769  5877 E unknown:ReactHost: Caused by: java.lang.RuntimeException: Unable to load script.
03-14 21:39:43.572  5769  5877 E unknown:ReactHost: 
03-14 21:39:43.572  5769  5877 E unknown:ReactHost: Make sure you're running Metro or that your bundle 'index.android.bundle' is packaged correctly for release.
03-14 21:39:43.572  5769  5877 E unknown:ReactHost: 
03-14 21:39:43.572  5769  5877 E unknown:ReactHost: The device must either be USB connected (with bundler set to "localhost:8081") or be on the same Wi-Fi network as your computer (with bundler set to your computer IP) to connect to Metro.
03-14 21:39:43.572  5769  5877 E unknown:ReactHost: 
03-14 21:39:43.572  5769  5877 E unknown:ReactHost: If you're using USB on a physical device, make sure you also run this command:
03-14 21:39:43.572  5769  5877 E unknown:ReactHost:   adb reverse tcp:8081 tcp:8081
03-14 21:39:43.572  5769  5877 E unknown:ReactHost: 	at com.facebook.react.runtime.ReactInstance.loadJSBundleFromAssets(Native Method)
03-14 21:39:43.572  5769  5877 E unknown:ReactHost: 	at com.facebook.react.runtime.ReactInstance.access$loadJSBundleFromAssets(ReactInstance.kt:84)
03-14 21:39:43.572  5769  5877 E unknown:ReactHost: 	at com.facebook.react.runtime.ReactInstance$loadJSBundle$1.loadScriptFromAssets(ReactInstance.kt:324)
03-14 21:39:43.572  5769  5877 E unknown:ReactHost: 	at com.facebook.react.bridge.JSBundleLoader$Companion$createAssetLoader$1.loadScript(JSBundleLoader.kt:33)
03-14 21:39:43.572  5769  5877 E unknown:ReactHost: 	at com.facebook.react.runtime.ReactInstance.loadJSBundle(ReactInstance.kt:303)
03-14 21:39:43.572  5769  5877 E unknown:ReactHost: 	at com.facebook.react.runtime.ReactHostImpl.getOrCreateReactInstanceTask$lambda$44$lambda$40(ReactHostImpl.kt:1015)
03-14 21:39:43.572  5769  5877 E unknown:ReactHost: 	at com.facebook.react.runtime.ReactHostImpl.$r8$lambda$kGNcmxBxZbp8b1wWTaqIXDdkV8g(Unknown Source:0)
03-14 21:39:43.572  5769  5877 E unknown:ReactHost: 	at com.facebook.react.runtime.ReactHostImpl$$ExternalSyntheticLambda24.then(D8$$SyntheticClass:0)
03-14 21:39:43.572  5769  5877 E unknown:ReactHost: 	at com.facebook.react.runtime.internal.bolts.Task$Companion.completeImmediately$lambda$3(Task.kt:360)
03-14 21:39:43.572  5769  5877 E unknown:ReactHost: 	at com.facebook.react.runtime.internal.bolts.Task$Companion.$r8$lambda$b7MTC0ufkn_2TjF4BGcNqGR9qK0(Unknown Source:0)
03-14 21:39:43.572  5769  5877 E unknown:ReactHost: 	at com.facebook.react.runtime.internal.bolts.Task$Companion$$ExternalSyntheticLambda3.run(D8$$SyntheticClass:0)
03-14 21:39:43.572  5769  5877 E unknown:ReactHost: 	at com.facebook.react.runtime.internal.bolts.Executors$ImmediateExecutor.execute(Executors.kt:41)
03-14 21:39:43.572  5769  5877 E unknown:ReactHost: 	at com.facebook.react.runtime.internal.bolts.Task$Companion.completeImmediately(Task.kt:358)
03-14 21:39:43.572  5769  5877 E unknown:ReactHost: 	at com.facebook.react.runtime.internal.bolts.Task$Companion.access$completeImmediately(Task.kt:254)
03-14 21:39:43.572  5769  5877 E unknown:ReactHost: 	at com.facebook.react.runtime.internal.bolts.Task.continueWith(Task.kt:133)
03-14 21:39:43.572  5769  5877 E unknown:ReactHost: 	at com.facebook.react.runtime.internal.bolts.Task.continueWith$default(Task.kt:117)
03-14 21:39:43.572  5769  5877 E unknown:ReactHost: 	at com.facebook.react.runtime.internal.bolts.Task.onSuccess$lambda$12(Task.kt:176)
03-14 21:39:43.572  5769  5877 E unknown:ReactHost: 	at com.facebook.react.runtime.internal.bolts.Task.$r8$lambda$l0wwo5AvbHxlwfI1R7CH_codxoo(Unknown Source:0)
03-14 21:39:43.572  5769  5877 E unknown:ReactHost: 	at com.facebook.react.runtime.internal.bolts.Task$$ExternalSyntheticLambda2.then(D8$$SyntheticClass:0)
03-14 21:39:43.572  5769  5877 E unknown:ReactHost: 	at com.facebook.react.runtime.internal.bolts.Task$Companion.completeAfterTask$lambda$5(Task.kt:394)
03-14 21:39:43.572  5769  5877 E unknown:ReactHost: 	at com.facebook.react.runtime.internal.bolts.Task$Companion.$r8$lambda$IPpysnehFwANEiW061YzapkMdoE(Unknown Source:0)
03-14 21:39:43.572  5769  5877 E unknown:ReactHost: 	at com.facebook.react.runtime.internal.bolts.Task$Companion$$ExternalSyntheticLambda4.run(D8$$SyntheticClass:0)
03-14 21:39:43.572  5769  5877 E unknown:ReactHost: 	... 3 more
03-14 21:39:43.572  5769  5877 W unknown:BridgelessReact: ReactHost{0}.getOrCreateDestroyTask(): Resetting createReactInstance task ref
03-14 21:39:43.639  5769  5769 W unknown:BridgelessReact: ReactHost{0}.getOrCreateDestroyTask(): Starting React Native destruction
03-14 21:39:43.640  5769  5769 W unknown:BridgelessReact: ReactHost{0}.raiseSoftException(getOrCreateDestroyTask()): Destroy: ReactInstance task faulted. Stage: 1: Starting destroy. Fault reason: Unable to load script.
03-14 21:39:43.640  5769  5769 W unknown:BridgelessReact: 
03-14 21:39:43.640  5769  5769 W unknown:BridgelessReact: Make sure you're running Metro or that your bundle 'index.android.bundle' is packaged correctly for release.
03-14 21:39:43.640  5769  5769 W unknown:BridgelessReact: 
03-14 21:39:43.640  5769  5769 W unknown:BridgelessReact: The device must either be USB connected (with bundler set to "localhost:8081") or be on the same Wi-Fi network as your computer (with bundler set to your computer IP) to connect to Metro.
03-14 21:39:43.640  5769  5769 W unknown:BridgelessReact: 
03-14 21:39:43.640  5769  5769 W unknown:BridgelessReact: If you're using USB on a physical device, make sure you also run this command:
03-14 21:39:43.640  5769  5769 W unknown:BridgelessReact:   adb reverse tcp:8081 tcp:8081. Destroy reason: handleHostException(message = "Unable to load script.
03-14 21:39:43.640  5769  5769 W unknown:BridgelessReact: 
03-14 21:39:43.640  5769  5769 W unknown:BridgelessReact: Make sure you're running Metro or that your bundle 'index.android.bundle' is packaged correctly for release.
03-14 21:39:43.640  5769  5769 W unknown:BridgelessReact: 
03-14 21:39:43.640  5769  5769 W unknown:BridgelessReact: The device must either be USB connected (with bundler set to "localhost:8081") or be on the same Wi-Fi network as your computer (with bundler set to your computer IP) to connect to Metro.
03-14 21:39:43.640  5769  5769 W unknown:BridgelessReact: 
03-14 21:39:43.640  5769  5769 W unknown:BridgelessReact: If you're using USB on a physical device, make sure you also run this command:
03-14 21:39:43.640  5769  5769 W unknown:BridgelessReact:   adb reverse tcp:8081 tcp:8081")
03-14 21:39:43.642  5769  5769 E unknown:ReactHost: Unhandled SoftException
03-14 21:39:43.642  5769  5769 E unknown:ReactHost: com.facebook.react.bridge.ReactNoCrashSoftException: raiseSoftException(getOrCreateDestroyTask()): Destroy: ReactInstance task faulted. Stage: 1: Starting destroy. Fault reason: Unable to load script.
03-14 21:39:43.642  5769  5769 E unknown:ReactHost: 
03-14 21:39:43.642  5769  5769 E unknown:ReactHost: Make sure you're running Metro or that your bundle 'index.android.bundle' is packaged correctly for release.
03-14 21:39:43.642  5769  5769 E unknown:ReactHost: 
03-14 21:39:43.642  5769  5769 E unknown:ReactHost: The device must either be USB connected (with bundler set to "localhost:8081") or be on the same Wi-Fi network as your computer (with bundler set to your computer IP) to connect to Metro.
03-14 21:39:43.642  5769  5769 E unknown:ReactHost: 
03-14 21:39:43.642  5769  5769 E unknown:ReactHost: If you're using USB on a physical device, make sure you also run this command:
03-14 21:39:43.642  5769  5769 E unknown:ReactHost:   adb reverse tcp:8081 tcp:8081. Destroy reason: handleHostException(message = "Unable to load script.
03-14 21:39:43.642  5769  5769 E unknown:ReactHost: 
03-14 21:39:43.642  5769  5769 E unknown:ReactHost: Make sure you're running Metro or that your bundle 'index.android.bundle' is packaged correctly for release.
03-14 21:39:43.642  5769  5769 E unknown:ReactHost: 
03-14 21:39:43.642  5769  5769 E unknown:ReactHost: The device must either be USB connected (with bundler set to "localhost:8081") or be on the same Wi-Fi network as your computer (with bundler set to your computer IP) to connect to Metro.
03-14 21:39:43.642  5769  5769 E unknown:ReactHost: 
03-14 21:39:43.642  5769  5769 E unknown:ReactHost: If you're using USB on a physical device, make sure you also run this command:
03-14 21:39:43.642  5769  5769 E unknown:ReactHost:   adb reverse tcp:8081 tcp:8081")
03-14 21:39:43.642  5769  5769 E unknown:ReactHost: 	at com.facebook.react.runtime.ReactHostImpl.raiseSoftException(ReactHostImpl.kt:861)
03-14 21:39:43.642  5769  5769 E unknown:ReactHost: 	at com.facebook.react.runtime.ReactHostImpl.raiseSoftException$default(ReactHostImpl.kt:852)
03-14 21:39:43.642  5769  5769 E unknown:ReactHost: 	at com.facebook.react.runtime.ReactHostImpl.createReactInstanceUnwrapper$lambda$49(ReactHostImpl.kt:1220)
03-14 21:39:43.642  5769  5769 E unknown:ReactHost: 	at com.facebook.react.runtime.ReactHostImpl.$r8$lambda$wxqWPZPIM84yb-DFfq8PhEXI2r4(Unknown Source:0)
03-14 21:39:43.642  5769  5769 E unknown:ReactHost: 	at com.facebook.react.runtime.ReactHostImpl$$ExternalSyntheticLambda36.invoke(D8$$SyntheticClass:0)
03-14 21:39:43.642  5769  5769 E unknown:ReactHost: 	at com.facebook.react.runtime.ReactHostImpl.getOrCreateDestroyTask$lambda$60(ReactHostImpl.kt:1437)
03-14 21:39:43.642  5769  5769 E unknown:ReactHost: 	at com.facebook.react.runtime.ReactHostImpl.$r8$lambda$W_3hbG2jNwurg3jPo_rFnHCrsPg(Unknown Source:0)
03-14 21:39:43.642  5769  5769 E unknown:ReactHost: 	at com.facebook.react.runtime.ReactHostImpl$$ExternalSyntheticLambda27.then(D8$$SyntheticClass:0)
03-14 21:39:43.642  5769  5769 E unknown:ReactHost: 	at com.facebook.react.runtime.internal.bolts.Task$Companion.completeAfterTask$lambda$5(Task.kt:394)
03-14 21:39:43.642  5769  5769 E unknown:ReactHost: 	at com.facebook.react.runtime.internal.bolts.Task$Companion.$r8$lambda$IPpysnehFwANEiW061YzapkMdoE(Unknown Source:0)
03-14 21:39:43.642  5769  5769 E unknown:ReactHost: 	at com.facebook.react.runtime.internal.bolts.Task$Companion$$ExternalSyntheticLambda4.run(D8$$SyntheticClass:0)
03-14 21:39:43.642  5769  5769 E unknown:ReactHost: 	at android.os.Handler.handleCallback(Handler.java:959)
03-14 21:39:43.642  5769  5769 E unknown:ReactHost: 	at android.os.Handler.dispatchMessage(Handler.java:100)
03-14 21:39:43.642  5769  5769 E unknown:ReactHost: 	at android.os.Looper.loopOnce(Looper.java:232)
03-14 21:39:43.642  5769  5769 E unknown:ReactHost: 	at android.os.Looper.loop(Looper.java:317)
03-14 21:39:43.642  5769  5769 E unknown:ReactHost: 	at android.app.ActivityThread.main(ActivityThread.java:8705)
03-14 21:39:43.642  5769  5769 E unknown:ReactHost: 	at java.lang.reflect.Method.invoke(Native Method)
03-14 21:39:43.642  5769  5769 E unknown:ReactHost: 	at com.android.internal.os.RuntimeInit$MethodAndArgsCaller.run(RuntimeInit.java:580)
03-14 21:39:43.642  5769  5769 E unknown:ReactHost: 	at com.android.internal.os.ZygoteInit.main(ZygoteInit.java:886)
03-14 21:39:43.642  5769  5769 W unknown:BridgelessReact: ReactHost{0}.getOrCreateDestroyTask(): DevSupportManager cleanup
03-14 21:39:43.646  5769  5769 W unknown:BridgelessReact: ReactHost{0}.getOrCreateDestroyTask(): Move ReactHost to onHostDestroy()
03-14 21:39:43.646  5769  5769 W unknown:BridgelessReact: ReactHost{0}.ReactContext.onHostPause()
03-14 21:39:43.646  5769  5769 W unknown:BridgelessReact: ReactHost{0}.ReactContext.onHostDestroy()
03-14 21:39:43.688  5769  5877 W unknown:BridgelessReact: ReactHost{0}.getOrCreateDestroyTask(): Stopping all React Native surfaces
03-14 21:39:43.688  5769  5877 E unknown:FabricUIManager: Unhandled SoftException
03-14 21:39:43.688  5769  5877 E unknown:FabricUIManager: java.lang.IllegalStateException: Trying to stop surface that hasn't started yet
03-14 21:39:43.688  5769  5877 E unknown:FabricUIManager: 	at com.facebook.react.fabric.FabricUIManager.stopSurface(FabricUIManager.java:396)
03-14 21:39:43.688  5769  5877 E unknown:FabricUIManager: 	at com.facebook.react.runtime.ReactInstance.stopSurface(ReactInstance.kt:410)
03-14 21:39:43.688  5769  5877 E unknown:FabricUIManager: 	at com.facebook.react.runtime.ReactHostImpl.stopAttachedSurfaces(ReactHostImpl.kt:1189)
03-14 21:39:43.688  5769  5877 E unknown:FabricUIManager: 	at com.facebook.react.runtime.ReactHostImpl.getOrCreateDestroyTask$lambda$62(ReactHostImpl.kt:1475)
03-14 21:39:43.688  5769  5877 E unknown:FabricUIManager: 	at com.facebook.react.runtime.ReactHostImpl.$r8$lambda$xpeTQfuVN0XbBBJsIsVmA6wzF00(Unknown Source:0)
03-14 21:39:43.688  5769  5877 E unknown:FabricUIManager: 	at com.facebook.react.runtime.ReactHostImpl$$ExternalSyntheticLambda28.then(D8$$SyntheticClass:0)
03-14 21:39:43.688  5769  5877 E unknown:FabricUIManager: 	at com.facebook.react.runtime.internal.bolts.Task$Companion.completeAfterTask$lambda$5(Task.kt:394)
03-14 21:39:43.688  5769  5877 E unknown:FabricUIManager: 	at com.facebook.react.runtime.internal.bolts.Task$Companion.$r8$lambda$IPpysnehFwANEiW061YzapkMdoE(Unknown Source:0)
03-14 21:39:43.688  5769  5877 E unknown:FabricUIManager: 	at com.facebook.react.runtime.internal.bolts.Task$Companion$$ExternalSyntheticLambda4.run(D8$$SyntheticClass:0)
03-14 21:39:43.688  5769  5877 E unknown:FabricUIManager: 	at java.util.concurrent.ThreadPoolExecutor.runWorker(ThreadPoolExecutor.java:1145)
03-14 21:39:43.688  5769  5877 E unknown:FabricUIManager: 	at java.util.concurrent.ThreadPoolExecutor$Worker.run(ThreadPoolExecutor.java:644)
03-14 21:39:43.688  5769  5877 E unknown:FabricUIManager: 	at java.lang.Thread.run(Thread.java:1012)
03-14 21:39:43.806  5769  5774 I .studentfinance: Compiler allocated 5174KB to compile void android.view.ViewRootImpl.performTraversals()
03-14 21:39:43.981  5769  5808 D DetoxRNLoading: Got new RN-context explicitly while polling (#iteration=1)
03-14 21:39:43.983  5769  5808 I DetoxRNIdleRes: Setting up Espresso Idling Resources for React Native
03-14 21:39:44.176  5769  5769 W unknown:BridgelessReact: ReactHost{0}.getOrCreateDestroyTask(): Destroying MemoryPressureRouter
03-14 21:39:44.177  5769  5769 W unknown:BridgelessReact: ReactHost{0}.getOrCreateDestroyTask(): Resetting ReactContext ref
03-14 21:39:44.177  5769  5769 W unknown:BridgelessReact: ReactHost{0}.getOrCreateDestroyTask(): Destroying ReactContext
03-14 21:39:44.180  5769  5877 W unknown:BridgelessReact: ReactHost{0}.getOrCreateDestroyTask(): Resetting ReactInstance ptr
03-14 21:39:44.182  5769  5877 W unknown:BridgelessReact: ReactHost{0}.getOrCreateDestroyTask(): Destroying ReactInstance
03-14 21:39:44.185  5769  5877 E unknown:ReactNative: Tried to remove non-existent frame callback
03-14 21:39:44.194  5769  5769 W unknown:BridgelessReact: ReactHost{0}.raiseSoftException(onWindowFocusChange(hasFocus = "false")): Tried to access onWindowFocusChange while context is not ready
03-14 21:39:44.212  5769  5769 E unknown:ReactHost: Unhandled SoftException
03-14 21:39:44.212  5769  5769 E unknown:ReactHost: com.facebook.react.bridge.ReactNoCrashSoftException: raiseSoftException(onWindowFocusChange(hasFocus = "false")): Tried to access onWindowFocusChange while context is not ready
03-14 21:39:44.212  5769  5769 E unknown:ReactHost: 	at com.facebook.react.runtime.ReactHostImpl.raiseSoftException(ReactHostImpl.kt:861)
03-14 21:39:44.212  5769  5769 E unknown:ReactHost: 	at com.facebook.react.runtime.ReactHostImpl.raiseSoftException$default(ReactHostImpl.kt:852)
