--------- beginning of main
03-14 22:57:15.104 11509 11509 W ziparchive: Unable to open '/data/app/~~YsqUcQHZ2eJyD51BHGgW7w==/com.mcfuzzysquirrel.studentfinance-8JLdNDjiGMSsFWheHCnHFA==/base.dm': No such file or directory
03-14 22:57:15.104 11509 11509 W ziparchive: Unable to open '/data/app/~~YsqUcQHZ2eJyD51BHGgW7w==/com.mcfuzzysquirrel.studentfinance-8JLdNDjiGMSsFWheHCnHFA==/base.dm': No such file or directory
03-14 22:57:15.595 11509 11509 D nativeloader: Configuring clns-7 for other apk /system/framework/android.test.runner.jar:/system/framework/android.test.mock.jar:/system/framework/android.test.base.jar:/data/app/~~feC0d-aJBAXZMQDLgqJFLA==/com.mcfuzzysquirrel.studentfinance.test-MgctBIaYwGk-S72bVRP-Xw==/base.apk:/data/app/~~YsqUcQHZ2eJyD51BHGgW7w==/com.mcfuzzysquirrel.studentfinance-8JLdNDjiGMSsFWheHCnHFA==/base.apk. target_sdk_version=36, uses_libraries=, library_path=/data/app/~~feC0d-aJBAXZMQDLgqJFLA==/com.mcfuzzysquirrel.studentfinance.test-MgctBIaYwGk-S72bVRP-Xw==/lib/x86_64:/data/app/~~YsqUcQHZ2eJyD51BHGgW7w==/com.mcfuzzysquirrel.studentfinance-8JLdNDjiGMSsFWheHCnHFA==/lib/x86_64:/data/app/~~feC0d-aJBAXZMQDLgqJFLA==/com.mcfuzzysquirrel.studentfinance.test-MgctBIaYwGk-S72bVRP-Xw==/base.apk!/lib/x86_64:/data/app/~~YsqUcQHZ2eJyD51BHGgW7w==/com.mcfuzzysquirrel.studentfinance-8JLdNDjiGMSsFWheHCnHFA==/base.apk!/lib/x86_64, permitted_path=/data:/mnt/expand:/data/user/0/com.mcfuzzysquirrel.studentfinance
03-14 22:57:15.639 11509 11509 V GraphicsEnvironment: Currently set values for:
03-14 22:57:15.639 11509 11509 V GraphicsEnvironment:   angle_gl_driver_selection_pkgs=[]
03-14 22:57:15.639 11509 11509 V GraphicsEnvironment:   angle_gl_driver_selection_values=[]
03-14 22:57:15.639 11509 11509 V GraphicsEnvironment: Global.Settings values are invalid: number of packages: 0, number of values: 0
03-14 22:57:15.639 11509 11509 V GraphicsEnvironment: Neither updatable production driver nor prerelease driver is supported.
03-14 22:57:15.645 11509 11509 D ApplicationLoaders: Returning zygote-cached class loader: /system/framework/android.test.base.jar
03-14 22:57:15.655 11509 11509 D nativeloader: Configuring clns-8 for other apk /system/framework/android.test.mock.jar. target_sdk_version=36, uses_libraries=ALL, library_path=/data/app/~~feC0d-aJBAXZMQDLgqJFLA==/com.mcfuzzysquirrel.studentfinance.test-MgctBIaYwGk-S72bVRP-Xw==/lib/x86_64:/data/app/~~YsqUcQHZ2eJyD51BHGgW7w==/com.mcfuzzysquirrel.studentfinance-8JLdNDjiGMSsFWheHCnHFA==/lib/x86_64, permitted_path=/data:/mnt/expand
03-14 22:57:15.665 11509 11509 D ApplicationLoaders: Returning zygote-cached class loader: /system/framework/android.test.base.jar
03-14 22:57:15.668 11509 11509 D nativeloader: Configuring clns-9 for other apk /system/framework/android.test.runner.jar. target_sdk_version=36, uses_libraries=ALL, library_path=/data/app/~~feC0d-aJBAXZMQDLgqJFLA==/com.mcfuzzysquirrel.studentfinance.test-MgctBIaYwGk-S72bVRP-Xw==/lib/x86_64:/data/app/~~YsqUcQHZ2eJyD51BHGgW7w==/com.mcfuzzysquirrel.studentfinance-8JLdNDjiGMSsFWheHCnHFA==/lib/x86_64, permitted_path=/data:/mnt/expand
03-14 22:57:15.670 11509 11509 W .studentfinance: ClassLoaderContext shared library size mismatch. Expected=2, found=3 (PCL[]{PCL[/system/framework/android.test.base.jar*724373495]#PCL[/system/framework/android.test.mock.jar*1452759902]} | PCL[]{PCL[/system/framework/android.test.base.jar*724373495]#PCL[/system/framework/android.test.mock.jar*1452759902]#PCL[/system/framework/android.test.runner.jar*2496447986]{PCL[/system/framework/android.test.base.jar*724373495]#PCL[/system/framework/android.test.mock.jar*1452759902]}};PCL[/system/framework/android.test.runner.jar*2496447986:/system/framework/android.test.mock.jar*1452759902:/system/framework/android.test.base.jar*724373495:/data/app/~~feC0d-aJBAXZMQDLgqJFLA==/com.mcfuzzysquirrel.studentfinance.test-MgctBIaYwGk-S72bVRP-Xw==/base.apk*3224200876:/data/app/~~YsqUcQHZ2eJyD51BHGgW7w==/com.mcfuzzysquirrel.studentfinance-8JLdNDjiGMSsFWheHCnHFA==/base.apk*2060289533])
03-14 22:57:15.673 11509 11509 W .studentfinance: ClassLoaderContext classpath size mismatch. expected=0, found=1 (PCL[] | PCL[/system/framework/android.test.runner.jar*2496447986]{PCL[/system/framework/android.test.base.jar*724373495]#PCL[/system/framework/android.test.mock.jar*1452759902]#PCL[/system/framework/android.test.runner.jar*2496447986]{PCL[/system/framework/android.test.base.jar*724373495]#PCL[/system/framework/android.test.mock.jar*1452759902]}};PCL[/system/framework/android.test.runner.jar*2496447986:/system/framework/android.test.mock.jar*1452759902:/system/framework/android.test.base.jar*724373495:/data/app/~~feC0d-aJBAXZMQDLgqJFLA==/com.mcfuzzysquirrel.studentfinance.test-MgctBIaYwGk-S72bVRP-Xw==/base.apk*3224200876:/data/app/~~YsqUcQHZ2eJyD51BHGgW7w==/com.mcfuzzysquirrel.studentfinance-8JLdNDjiGMSsFWheHCnHFA==/base.apk*2060289533])
03-14 22:57:15.677 11509 11509 W .studentfinance: ClassLoaderContext classpath size mismatch. expected=0, found=2 (PCL[] | PCL[/system/framework/android.test.runner.jar*2496447986:/system/framework/android.test.mock.jar*1452759902]{PCL[/system/framework/android.test.base.jar*724373495]#PCL[/system/framework/android.test.mock.jar*1452759902]#PCL[/system/framework/android.test.runner.jar*2496447986]{PCL[/system/framework/android.test.base.jar*724373495]#PCL[/system/framework/android.test.mock.jar*1452759902]}};PCL[/system/framework/android.test.runner.jar*2496447986:/system/framework/android.test.mock.jar*1452759902:/system/framework/android.test.base.jar*724373495:/data/app/~~feC0d-aJBAXZMQDLgqJFLA==/com.mcfuzzysquirrel.studentfinance.test-MgctBIaYwGk-S72bVRP-Xw==/base.apk*3224200876:/data/app/~~YsqUcQHZ2eJyD51BHGgW7w==/com.mcfuzzysquirrel.studentfinance-8JLdNDjiGMSsFWheHCnHFA==/base.apk*2060289533])
03-14 22:57:15.678 11509 11509 W ziparchive: Unable to open '/data/app/~~feC0d-aJBAXZMQDLgqJFLA==/com.mcfuzzysquirrel.studentfinance.test-MgctBIaYwGk-S72bVRP-Xw==/base.dm': No such file or directory
03-14 22:57:15.678 11509 11509 W ziparchive: Unable to open '/data/app/~~feC0d-aJBAXZMQDLgqJFLA==/com.mcfuzzysquirrel.studentfinance.test-MgctBIaYwGk-S72bVRP-Xw==/base.dm': No such file or directory
03-14 22:57:15.836 11509 11509 W ziparchive: Unable to open '/data/app/~~YsqUcQHZ2eJyD51BHGgW7w==/com.mcfuzzysquirrel.studentfinance-8JLdNDjiGMSsFWheHCnHFA==/base.dm': No such file or directory
03-14 22:57:15.836 11509 11509 W ziparchive: Unable to open '/data/app/~~YsqUcQHZ2eJyD51BHGgW7w==/com.mcfuzzysquirrel.studentfinance-8JLdNDjiGMSsFWheHCnHFA==/base.dm': No such file or directory
03-14 22:57:16.711 11509 11509 I AndroidJUnitRunner: newApplication com.mcfuzzysquirrel.studentfinance.MainApplication
03-14 22:57:16.779 11509 11509 I AndroidJUnitRunner: onCreate Bundle[mParcelledData.dataSize=312]
03-14 22:57:16.781 11509 11509 D AndroidJUnitRunner: Use the raw file system for managing file I/O.
03-14 22:57:17.092 11509 11509 V TestEventClient: No service name argument was given (testDiscoveryService, testRunEventService or orchestratorService)
03-14 22:57:17.097 11509 11551 D AndroidJUnitRunner: onStart is called.
03-14 22:57:17.099 11509 11509 W SoLoader: Initializing SoLoader: 0
03-14 22:57:17.102 11509 11509 W SoLoader: Recording new base apk path: /data/app/~~YsqUcQHZ2eJyD51BHGgW7w==/com.mcfuzzysquirrel.studentfinance-8JLdNDjiGMSsFWheHCnHFA==/base.apk
03-14 22:57:17.102 11509 11509 W SoLoader: Previously recorded 0 base apk paths.
03-14 22:57:17.111 11509 11509 I SoLoader: Preparing SO source: DirectorySoSource[root = /vendor/lib64 flags = 2]
03-14 22:57:17.111 11509 11509 I SoLoader: Preparing SO source: DirectorySoSource[root = /system/lib64 flags = 2]
03-14 22:57:17.111 11509 11509 I SoLoader: Preparing SO source: DirectApkSoSource[root = [/data/app/~~YsqUcQHZ2eJyD51BHGgW7w==/com.mcfuzzysquirrel.studentfinance-8JLdNDjiGMSsFWheHCnHFA==/base.apk!/lib/x86_64]]
03-14 22:57:17.151 11509 11509 I SoLoader: Preparing SO source: ApplicationSoSource[DirectorySoSource[root = /data/app/~~YsqUcQHZ2eJyD51BHGgW7w==/com.mcfuzzysquirrel.studentfinance-8JLdNDjiGMSsFWheHCnHFA==/lib/x86_64 flags = 0]]
03-14 22:57:17.153 11509 11509 I SoLoader: init finish: 4 SO sources prepared
03-14 22:57:17.154 11509 11509 W SoLoader: SoLoader initialized: 8
03-14 22:57:17.222 11509 11509 D nativeloader: Load /data/app/~~YsqUcQHZ2eJyD51BHGgW7w==/com.mcfuzzysquirrel.studentfinance-8JLdNDjiGMSsFWheHCnHFA==/base.apk!/lib/x86_64/libc++_shared.so using ns clns-7 from class loader (caller=/data/app/~~YsqUcQHZ2eJyD51BHGgW7w==/com.mcfuzzysquirrel.studentfinance-8JLdNDjiGMSsFWheHCnHFA==/base.apk): ok
03-14 22:57:17.259 11509 11509 D nativeloader: Load /data/app/~~YsqUcQHZ2eJyD51BHGgW7w==/com.mcfuzzysquirrel.studentfinance-8JLdNDjiGMSsFWheHCnHFA==/base.apk!/lib/x86_64/libjsi.so using ns clns-7 from class loader (caller=/data/app/~~YsqUcQHZ2eJyD51BHGgW7w==/com.mcfuzzysquirrel.studentfinance-8JLdNDjiGMSsFWheHCnHFA==/base.apk): ok
03-14 22:57:17.273 11509 11509 D nativeloader: Load /data/app/~~YsqUcQHZ2eJyD51BHGgW7w==/com.mcfuzzysquirrel.studentfinance-8JLdNDjiGMSsFWheHCnHFA==/base.apk!/lib/x86_64/libfbjni.so using ns clns-7 from class loader (caller=/data/app/~~YsqUcQHZ2eJyD51BHGgW7w==/com.mcfuzzysquirrel.studentfinance-8JLdNDjiGMSsFWheHCnHFA==/base.apk): ok
03-14 22:57:17.308 11509 11509 D nativeloader: Load /data/app/~~YsqUcQHZ2eJyD51BHGgW7w==/com.mcfuzzysquirrel.studentfinance-8JLdNDjiGMSsFWheHCnHFA==/base.apk!/lib/x86_64/libreactnative.so using ns clns-7 from class loader (caller=/data/app/~~YsqUcQHZ2eJyD51BHGgW7w==/com.mcfuzzysquirrel.studentfinance-8JLdNDjiGMSsFWheHCnHFA==/base.apk): ok
03-14 22:57:17.308 11509 11509 D jni_lib_merge: Entering merged library JNI_OnLoad.
03-14 22:57:17.308 11509 11509 D jni_lib_merge: Preparing 12 pre-merged libs (including stub)
03-14 22:57:17.308 11509 11509 D jni_lib_merge: Preparing to register libfabricjni_so.  onload_func: 0x727ce21a7730
03-14 22:57:17.308 11509 11509 D jni_lib_merge: Preparing to register libreact_devsupportjni_so.  onload_func: 0x727ce23a4190
03-14 22:57:17.308 11509 11509 D jni_lib_merge: Preparing to register libreact_featureflagsjni_so.  onload_func: 0x727ce23b5910
03-14 22:57:17.308 11509 11509 D jni_lib_merge: Preparing to register libreact_newarchdefaults_so.  onload_func: 0x727ce2456d20
03-14 22:57:17.308 11509 11509 D jni_lib_merge: Preparing to register libreactnativeblob_so.  onload_func: 0x727ce26612e0
03-14 22:57:17.308 11509 11509 D jni_lib_merge: Preparing to register libreactnativejni_so.  onload_func: 0x727ce26a1770
03-14 22:57:17.308 11509 11509 D jni_lib_merge: Preparing to register libreactnativejni_common_so.  onload_func: 0x727ce26b15d0
03-14 22:57:17.308 11509 11509 D jni_lib_merge: Preparing to register librninstance_so.  onload_func: 0x727ce26ee4c0
03-14 22:57:17.308 11509 11509 D jni_lib_merge: Preparing to register libturbomodulejsijni_so.  onload_func: 0x727ce284fc00
03-14 22:57:17.308 11509 11509 D jni_lib_merge: Preparing to register libuimanagerjni_so.  onload_func: 0x727ce2867de0
03-14 22:57:17.308 11509 11509 D jni_lib_merge: Preparing to register libyoga_so.  onload_func: 0x727ce2876d70
03-14 22:57:17.308 11509 11509 D jni_lib_merge: About to register 11 actual methods.
03-14 22:57:17.343 11509 11509 D nativeloader: Load /data/app/~~YsqUcQHZ2eJyD51BHGgW7w==/com.mcfuzzysquirrel.studentfinance-8JLdNDjiGMSsFWheHCnHFA==/base.apk!/lib/x86_64/libreact_codegen_rnscreens.so using ns clns-7 from class loader (caller=/data/app/~~YsqUcQHZ2eJyD51BHGgW7w==/com.mcfuzzysquirrel.studentfinance-8JLdNDjiGMSsFWheHCnHFA==/base.apk): ok
03-14 22:57:17.343 11509 11509 D jni_lib_merge: Entering merged library JNI_OnLoad.
03-14 22:57:17.343 11509 11509 D jni_lib_merge: Preparing 12 pre-merged libs (including stub)
03-14 22:57:17.343 11509 11509 D jni_lib_merge: Preparing to register libfabricjni_so.  onload_func: 0x727ce21a7730
03-14 22:57:17.343 11509 11509 D jni_lib_merge: Preparing to register libreact_devsupportjni_so.  onload_func: 0x727ce23a4190
03-14 22:57:17.343 11509 11509 D jni_lib_merge: Preparing to register libreact_featureflagsjni_so.  onload_func: 0x727ce23b5910
03-14 22:57:17.343 11509 11509 D jni_lib_merge: Preparing to register libreact_newarchdefaults_so.  onload_func: 0x727ce2456d20
03-14 22:57:17.343 11509 11509 D jni_lib_merge: Preparing to register libreactnativeblob_so.  onload_func: 0x727ce26612e0
03-14 22:57:17.343 11509 11509 D jni_lib_merge: Preparing to register libreactnativejni_so.  onload_func: 0x727ce26a1770
03-14 22:57:17.343 11509 11509 D jni_lib_merge: Preparing to register libreactnativejni_common_so.  onload_func: 0x727ce26b15d0
03-14 22:57:17.343 11509 11509 D jni_lib_merge: Preparing to register librninstance_so.  onload_func: 0x727ce26ee4c0
03-14 22:57:17.343 11509 11509 D jni_lib_merge: Preparing to register libturbomodulejsijni_so.  onload_func: 0x727ce284fc00
03-14 22:57:17.343 11509 11509 D jni_lib_merge: Preparing to register libuimanagerjni_so.  onload_func: 0x727ce2867de0
03-14 22:57:17.343 11509 11509 D jni_lib_merge: Preparing to register libyoga_so.  onload_func: 0x727ce2876d70
03-14 22:57:17.343 11509 11509 D jni_lib_merge: About to register 11 actual methods.
03-14 22:57:17.360 11509 11509 D nativeloader: Load /data/app/~~YsqUcQHZ2eJyD51BHGgW7w==/com.mcfuzzysquirrel.studentfinance-8JLdNDjiGMSsFWheHCnHFA==/base.apk!/lib/x86_64/libreact_codegen_rnsvg.so using ns clns-7 from class loader (caller=/data/app/~~YsqUcQHZ2eJyD51BHGgW7w==/com.mcfuzzysquirrel.studentfinance-8JLdNDjiGMSsFWheHCnHFA==/base.apk): ok
03-14 22:57:17.360 11509 11509 D jni_lib_merge: Entering merged library JNI_OnLoad.
03-14 22:57:17.360 11509 11509 D jni_lib_merge: Preparing 12 pre-merged libs (including stub)
03-14 22:57:17.360 11509 11509 D jni_lib_merge: Preparing to register libfabricjni_so.  onload_func: 0x727ce21a7730
03-14 22:57:17.360 11509 11509 D jni_lib_merge: Preparing to register libreact_devsupportjni_so.  onload_func: 0x727ce23a4190
03-14 22:57:17.360 11509 11509 D jni_lib_merge: Preparing to register libreact_featureflagsjni_so.  onload_func: 0x727ce23b5910
03-14 22:57:17.360 11509 11509 D jni_lib_merge: Preparing to register libreact_newarchdefaults_so.  onload_func: 0x727ce2456d20
03-14 22:57:17.360 11509 11509 D jni_lib_merge: Preparing to register libreactnativeblob_so.  onload_func: 0x727ce26612e0
03-14 22:57:17.360 11509 11509 D jni_lib_merge: Preparing to register libreactnativejni_so.  onload_func: 0x727ce26a1770
03-14 22:57:17.360 11509 11509 D jni_lib_merge: Preparing to register libreactnativejni_common_so.  onload_func: 0x727ce26b15d0
03-14 22:57:17.360 11509 11509 D jni_lib_merge: Preparing to register librninstance_so.  onload_func: 0x727ce26ee4c0
03-14 22:57:17.360 11509 11509 D jni_lib_merge: Preparing to register libturbomodulejsijni_so.  onload_func: 0x727ce284fc00
03-14 22:57:17.360 11509 11509 D jni_lib_merge: Preparing to register libuimanagerjni_so.  onload_func: 0x727ce2867de0
03-14 22:57:17.360 11509 11509 D jni_lib_merge: Preparing to register libyoga_so.  onload_func: 0x727ce2876d70
03-14 22:57:17.360 11509 11509 D jni_lib_merge: About to register 11 actual methods.
03-14 22:57:17.375 11509 11509 D nativeloader: Load /data/app/~~YsqUcQHZ2eJyD51BHGgW7w==/com.mcfuzzysquirrel.studentfinance-8JLdNDjiGMSsFWheHCnHFA==/base.apk!/lib/x86_64/libreact_codegen_safeareacontext.so using ns clns-7 from class loader (caller=/data/app/~~YsqUcQHZ2eJyD51BHGgW7w==/com.mcfuzzysquirrel.studentfinance-8JLdNDjiGMSsFWheHCnHFA==/base.apk): ok
03-14 22:57:17.389 11509 11509 D nativeloader: Load /data/app/~~YsqUcQHZ2eJyD51BHGgW7w==/com.mcfuzzysquirrel.studentfinance-8JLdNDjiGMSsFWheHCnHFA==/base.apk!/lib/x86_64/libappmodules.so using ns clns-7 from class loader (caller=/data/app/~~YsqUcQHZ2eJyD51BHGgW7w==/com.mcfuzzysquirrel.studentfinance-8JLdNDjiGMSsFWheHCnHFA==/base.apk): ok
03-14 22:57:17.479 11509 11509 I Choreographer: Skipped 43 frames!  The application may be doing too much work on its main thread.
03-14 22:57:17.487 11509 11551 I InstrConnection: Could not send broadcast or register receiver (isolatedProcess?)
03-14 22:57:17.494 11509 11551 D TestRequestBuilder: Using class path scanning to discover tests
03-14 22:57:17.496 11509 11551 I TestRequestBuilder: Scanning classpath to find tests in paths [/data/app/~~feC0d-aJBAXZMQDLgqJFLA==/com.mcfuzzysquirrel.studentfinance.test-MgctBIaYwGk-S72bVRP-Xw==/base.apk]
03-14 22:57:17.498 11509 11551 W .studentfinance: Opening an oat file without a class loader. Are you using the deprecated DexFile APIs?
03-14 22:57:18.058 11509 11551 I TestRunner: run started: 1 tests
03-14 22:57:18.059 11509 11551 I TestRunner: started: runDetoxTests(com.mcfuzzysquirrel.studentfinance.DetoxTest)
03-14 22:57:18.067 11509 11551 I Detox   : Detox server connection details: url=ws://localhost:36975, sessionId=b0e1d00a-3b73-8395-6612-0e625cc38a55
03-14 22:57:18.076 11509 11551 I Tracing : Tracer added: class androidx.test.platform.tracing.AndroidXTracer
03-14 22:57:18.091 11509 11551 W .studentfinance: Accessing hidden field Ljava/lang/reflect/Field;->accessFlags:I (unsupported, reflection, allowed)
03-14 22:57:18.094 11509 11551 I Detox   : Connecting to server...
03-14 22:57:18.094 11509 11551 I DetoxWSClient: At connectToServer
03-14 22:57:18.161 11509 11557 D TrafficStats: tagSocket(102) with statsTag=0xffffffff, statsUid=-1
03-14 22:57:18.180 11509 11557 D DetoxWSClient: At onOpen
03-14 22:57:18.180 11509 11557 I DetoxWSClient: Sending out action 'login' (ID #0)
03-14 22:57:18.180 11509 11557 I Detox   : Connected to server!
03-14 22:57:18.185 11509 11557 D DetoxWSClient: Received action 'loginSuccess' (ID #0, params={"testerConnected":true,"appConnected":true})
03-14 22:57:18.187 11509 11553 I DetoxDispatcher: Handling action 'loginSuccess' (ID #0)...
03-14 22:57:18.187 11509 11553 I DetoxDispatcher: Done with action 'loginSuccess'
03-14 22:57:18.189 11509 11551 I Detox   : Launching the tested activity!
03-14 22:57:18.258 11509 11557 D DetoxWSClient: Received action 'isReady' (ID #-1000, params={})
03-14 22:57:18.260 11509 11553 I DetoxDispatcher: Handling action 'isReady' (ID #-1000)...
03-14 22:57:18.351 11509 11509 D AppCompatDelegate: Checking for metadata for AppLocalesMetadataHolderService : Service not found
03-14 22:57:18.392 11509 11509 D LifecycleMonitor: Lifecycle status change: com.mcfuzzysquirrel.studentfinance.MainActivity@340991c in: PRE_ON_CREATE
03-14 22:57:18.920 11509 11509 W unknown:BridgelessReact: ReactHost{0}.startSurface(surfaceId = 0): Schedule
03-14 22:57:18.920 11509 11509 W unknown:BridgelessReact: ReactHost{0}.attachSurface(surfaceId = 0)
03-14 22:57:18.923 11509 11574 W unknown:BridgelessReact: ReactHost{0}.getOrCreateReactInstanceTask()
03-14 22:57:18.923 11509 11574 W unknown:BridgelessReact: ReactHost{0}.getOrCreateReactInstanceTask(): Start
03-14 22:57:18.923 11509 11574 D Detox.RNMarker: REACT_BRIDGELESS_LOADING_START (null)
03-14 22:57:18.923 11509 11574 W unknown:BridgelessReact: ReactHost{0}.getJSBundleLoader()
03-14 22:57:18.923 11509 11574 W unknown:BridgelessReact: ReactHost{0}.isMetroRunning()
03-14 22:57:18.949 11509 11577 D TrafficStats: tagSocket(109) with statsTag=0xffffffff, statsUid=-1
03-14 22:57:18.954 11509 11577 W unknown:ReactNative: The packager does not seem to be running as we got an IOException requesting its status: Failed to connect to /10.0.2.2:8081
03-14 22:57:18.954 11509 11577 W unknown:BridgelessReact: ReactHost{0}.isMetroRunning(): Async result = false
03-14 22:57:18.957 11509 11574 W unknown:BridgelessReact: ReactHost{0}.getOrCreateReactInstanceTask(): Creating BridgelessReactContext
03-14 22:57:18.959 11509 11574 W unknown:BridgelessReact: ReactHost{0}.getOrCreateReactInstanceTask(): Creating ReactInstance
03-14 22:57:18.961 11509 11509 W .studentfinance: Accessing hidden method Landroid/view/ViewGroup;->makeOptionalFitsSystemWindows()V (unsupported, reflection, allowed)
03-14 22:57:18.979 11509 11576 D TrafficStats: tagSocket(109) with statsTag=0xffffffff, statsUid=-1
03-14 22:57:18.989 11509 11576 W unknown:ReconnectingWebSocket: Couldn't connect to "ws://10.0.2.2:8081/message?device=sdk_gphone64_x86_64%20-%2015%20-%20API%2035&app=com.mcfuzzysquirrel.studentfinance&clientid=BridgelessDevSupportManager", will silently retry
03-14 22:57:18.997 11509 11509 D LifecycleMonitor: Lifecycle status change: com.mcfuzzysquirrel.studentfinance.MainActivity@340991c in: CREATED
03-14 22:57:19.003 11509 11509 D LifecycleMonitor: Lifecycle status change: com.mcfuzzysquirrel.studentfinance.MainActivity@340991c in: STARTED
03-14 22:57:19.011 11509 11509 W unknown:BridgelessReact: ReactHost{0}.onHostResume(activity)
03-14 22:57:19.011 11509 11509 W unknown:ReactNative: Packager connection already open, nooping.
03-14 22:57:19.012 11509 11509 W unknown:BridgelessReact: ReactHost{0}.ReactContext.onHostResume()
03-14 22:57:19.012 11509 11509 D LifecycleMonitor: Lifecycle status change: com.mcfuzzysquirrel.studentfinance.MainActivity@340991c in: RESUMED
03-14 22:57:19.022 11509 11509 W HWUI    : Unknown dataspace 0
03-14 22:57:19.038 11509 11583 D TrafficStats: tagSocket(117) with statsTag=0xffffffff, statsUid=-1
03-14 22:57:19.093 11509 11563 I EGL_emulation: Opening libGLESv1_CM_emulation.so
03-14 22:57:19.093 11509 11563 I EGL_emulation: Opening libGLESv2_emulation.so
03-14 22:57:19.125 11509 11574 D nativeloader: Load /data/app/~~YsqUcQHZ2eJyD51BHGgW7w==/com.mcfuzzysquirrel.studentfinance-8JLdNDjiGMSsFWheHCnHFA==/base.apk!/lib/x86_64/libhermesvm.so using ns clns-7 from class loader (caller=/data/app/~~YsqUcQHZ2eJyD51BHGgW7w==/com.mcfuzzysquirrel.studentfinance-8JLdNDjiGMSsFWheHCnHFA==/base.apk): ok
03-14 22:57:19.207 11509 11563 W HWUI    : Failed to initialize 101010-2 format, error = EGL_SUCCESS
03-14 22:57:19.213 11509 11574 D nativeloader: Load /data/app/~~YsqUcQHZ2eJyD51BHGgW7w==/com.mcfuzzysquirrel.studentfinance-8JLdNDjiGMSsFWheHCnHFA==/base.apk!/lib/x86_64/libhermestooling.so using ns clns-7 from class loader (caller=/data/app/~~YsqUcQHZ2eJyD51BHGgW7w==/com.mcfuzzysquirrel.studentfinance-8JLdNDjiGMSsFWheHCnHFA==/base.apk): ok
03-14 22:57:19.224 11509 11574 D jni_lib_merge: Entering merged library JNI_OnLoad.
03-14 22:57:19.224 11509 11574 D jni_lib_merge: Preparing 4 pre-merged libs (including stub)
03-14 22:57:19.224 11509 11574 D jni_lib_merge: Preparing to register libhermes_executor_so.  onload_func: 0x727cdad38050
03-14 22:57:19.224 11509 11574 D jni_lib_merge: Preparing to register libhermesinstancejni_so.  onload_func: 0x727cdad6e680
03-14 22:57:19.224 11509 11574 D jni_lib_merge: Preparing to register libjsijniprofiler_so.  onload_func: 0x727cdad703f0
03-14 22:57:19.224 11509 11574 D jni_lib_merge: About to register 3 actual methods.
03-14 22:57:19.257 11509 11563 I Gralloc4: mapper 4.x is not supported
03-14 22:57:19.876 11509 11574 W .studentfinance: Verification of expo.modules.kotlin.modules.ModuleDefinitionData expo.modules.filesystem.FileSystemModule.definition() took 101.283ms (104320.89 bytecodes/s) (202904B approximate peak alloc)
03-14 22:57:19.962 11509 11574 I ExpoModulesCore: ✅ AppContext was initialized
03-14 22:57:20.121 11509 11574 W unknown:BridgelessReact: ReactHost{0}.getOrCreateReactInstanceTask(): Loading JS Bundle
03-14 22:57:20.123 11509 11581 D Detox.RNMarker: RUN_JS_BUNDLE_START (index.android.bundle)
03-14 22:57:20.126 11509 11574 W unknown:BridgelessReact: ReactHost{0}.getOrCreateReactInstanceTask(): DevSupportManager.onNewReactContextCreated()
03-14 22:57:20.139 11509 11574 W unknown:BridgelessReact: ReactHost{0}.startSurface(surfaceId = 0): Execute
03-14 22:57:20.141 11509 11509 W unknown:ReactNative: Packager connection already open, nooping.
03-14 22:57:20.141 11509 11509 W unknown:BridgelessReact: ReactHost{0}.ReactContext.onHostResume()
03-14 22:57:20.141 11509 11509 W unknown:BridgelessReact: ReactHost{0}.getOrCreateReactInstanceTask(): Executing ReactInstanceEventListeners
03-14 22:57:20.141 11509 11509 I DetoxRNLoading: Got new RN-context through listener
03-14 22:57:20.149 11509 11553 W .studentfinance: Long monitor contention with owner Instr: androidx.test.runner.AndroidJUnitRunner (11551) at void com.wix.detox.DetoxMain.launchActivityOnCue(android.content.Context, com.wix.detox.ActivityLaunchHelper)(DetoxMain.kt:53) waiters=0 in void com.wix.detox.DetoxMain$setupActionHandlers$SynchronizedActionHandler.handle(java.lang.String, long) for 1.884s
03-14 22:57:20.151 11509 11509 W .studentfinance: Accessing hidden method Landroid/os/MessageQueue;->next()Landroid/os/Message; (unsupported, reflection, allowed)
03-14 22:57:20.151 11509 11509 W .studentfinance: Accessing hidden field Landroid/os/MessageQueue;->mMessages:Landroid/os/Message; (unsupported, reflection, allowed)
03-14 22:57:20.151 11509 11509 W .studentfinance: Accessing hidden method Landroid/os/Message;->recycleUnchecked()V (unsupported, reflection, allowed)
03-14 22:57:20.152 11509 11509 I Detox   : Wait is over: App is now idle!
03-14 22:57:20.157 11509 11553 I DetoxWSClient: Sending out action 'ready' (ID #-1000)
03-14 22:57:20.158 11509 11553 I DetoxDispatcher: Done with action 'isReady'
03-14 22:57:20.177 11509 11581 D nativeloader: Load /data/app/~~YsqUcQHZ2eJyD51BHGgW7w==/com.mcfuzzysquirrel.studentfinance-8JLdNDjiGMSsFWheHCnHFA==/base.apk!/lib/x86_64/libexpo-modules-core.so using ns clns-7 from class loader (caller=/data/app/~~YsqUcQHZ2eJyD51BHGgW7w==/com.mcfuzzysquirrel.studentfinance-8JLdNDjiGMSsFWheHCnHFA==/base.apk): ok
03-14 22:57:20.205 11509 11557 D DetoxWSClient: Received action 'invoke' (ID #6, params={"target":{"type":"Class","value":"com.wix.detox.espresso.DetoxAssertion"},"method":"waitForAssertMatcherWithSearchAction","args":[{"type":"Invocation","value":{"target":{"type":"Class","value":"androidx.test.espresso.Espresso"},"method":"onView","args":[{"type":"Invocation","value":{"target":{"type":"Class","value":"com.wix.detox.espresso.DetoxMatcher"},"method":"matcherForTestId","args":["dashboard-view-transactions-button",{"type":"boolean","value":false}]}}]}},{"type":"Invocation","value":{"target":{"type":"Class","value":"com.wix.detox.espresso.DetoxMatcher"},"method":"matcherForSufficientlyVisible","args":[{"type":"Integer","value":75}]}},{"type":"Invocation","value":{"target":{"type":"Class","value":"com.wix.detox.espresso.DetoxAction"},"method":"scrollInDirectionStaleAtEdge","args":[{"type":"Integer","value":4},{"type":"Double","value":200},{"type":"Double","value":-1},{"type":"Double","value":-1}]}},{"type":"Invocation","value":{"target":{"type":"Class","value":"com.wix.detox.espresso.DetoxMatcher"},"method":"matcherForClass","args":["android.widget.ScrollView"]}}]})
03-14 22:57:20.210 11509 11553 I DetoxDispatcher: Handling action 'invoke' (ID #6)...
03-14 22:57:20.213 11509 11553 D Detox   : class com.wix.detox.espresso.DetoxMatcher, matcherForTestId, [dashboard-view-transactions-button, false]
03-14 22:57:20.231 11509 11553 D Detox   : class androidx.test.espresso.Espresso, onView, [(view.getTag() is "dashboard-view-transactions-button" and view has effective visibility <VISIBLE>)]
03-14 22:57:20.239 11509 11553 D Detox   : class com.wix.detox.espresso.DetoxMatcher, matcherForSufficientlyVisible, [75]
03-14 22:57:20.240 11509 11553 D Detox   : class com.wix.detox.espresso.DetoxAction, scrollInDirectionStaleAtEdge, [4, 200.0, -1.0, -1.0]
03-14 22:57:20.241 11509 11553 D Detox   : class com.wix.detox.espresso.DetoxMatcher, matcherForClass, [android.widget.ScrollView]
03-14 22:57:20.254 11509 11553 D Detox   : class com.wix.detox.espresso.DetoxAssertion, waitForAssertMatcherWithSearchAction, [androidx.test.espresso.ViewInteraction@1bff751, (view has effective visibility <VISIBLE> and view.getGlobalVisibleRect() covers at least <75> percent of the view's area), com.wix.detox.espresso.scroll.DetoxScrollActionStaleAtEdge@5bd2bb6, (is assignable from class: class android.widget.ScrollView and view has effective visibility <VISIBLE>)]
03-14 22:57:20.258 11509 11581 W unknown:ViewManagerPropertyUpdater: Could not find generated setter for class com.th3rdwave.safeareacontext.SafeAreaProviderManager
03-14 22:57:20.264 11509 11581 W unknown:ViewManagerPropertyUpdater: Could not find generated setter for class com.facebook.react.uimanager.LayoutShadowNode
03-14 22:57:20.268 11509 11581 W unknown:ViewManagerPropertyUpdater: Could not find generated setter for class com.swmansion.rnscreens.SearchBarManager
03-14 22:57:20.269 11509 11581 W unknown:ViewManagerPropertyUpdater: Could not find generated setter for class com.swmansion.rnscreens.ScreenFooterManager
03-14 22:57:20.272 11509 11581 W unknown:ViewManagerPropertyUpdater: Could not find generated setter for class com.swmansion.rnscreens.gamma.tabs.TabScreenViewManager
03-14 22:57:20.272 11509 11509 I ViewInteraction: Checking 'MatchesViewAssertion(Detox){viewMatcher=(view has effective visibility <VISIBLE> and view.getGlobalVisibleRect() covers at least <75> percent of the view's area)}' assertion on view (view.getTag() is "dashboard-view-transactions-button" and view has effective visibility <VISIBLE>)
03-14 22:57:20.277 11509 11581 W unknown:ViewManagerPropertyUpdater: Could not find generated setter for class expo.modules.kotlin.views.GroupViewManagerWrapper
03-14 22:57:20.285 11509 11581 W unknown:ViewManagerPropertyUpdater: Could not find generated setter for class com.swmansion.rnscreens.ScreenContainerViewManager
03-14 22:57:20.286 11509 11581 W unknown:ViewManagerPropertyUpdater: Could not find generated setter for class com.swmansion.rnscreens.gamma.tabs.TabsHostViewManager
03-14 22:57:20.291 11509 11516 I .studentfinance: Compiler allocated 5174KB to compile void android.view.ViewRootImpl.performTraversals()
03-14 22:57:20.302 11509 11581 W unknown:ViewManagerPropertyUpdater: Could not find generated setter for class com.swmansion.rnscreens.ModalScreenViewManager
03-14 22:57:20.308 11509 11581 W unknown:ViewManagerPropertyUpdater: Could not find generated setter for class com.swmansion.rnscreens.ScreenStackHeaderConfigViewManager
03-14 22:57:20.311 11509 11581 W unknown:ViewManagerPropertyUpdater: Could not find generated setter for class com.swmansion.rnscreens.ScreenContentWrapperManager
03-14 22:57:20.312 11509 11581 W unknown:ViewManagerPropertyUpdater: Could not find generated setter for class com.th3rdwave.safeareacontext.SafeAreaViewManager
03-14 22:57:20.323 11509 11581 W unknown:ViewManagerPropertyUpdater: Could not find generated setter for class com.th3rdwave.safeareacontext.SafeAreaViewShadowNode
03-14 22:57:20.325 11509 11581 W unknown:ViewManagerPropertyUpdater: Could not find generated setter for class com.swmansion.rnscreens.safearea.SafeAreaViewManager
03-14 22:57:20.326 11509 11581 W unknown:ViewManagerPropertyUpdater: Could not find generated setter for class com.swmansion.rnscreens.safearea.paper.SafeAreaViewShadowNode
03-14 22:57:20.327 11509 11553 I DetoxActionHandlers: Test exception
03-14 22:57:20.327 11509 11553 I DetoxActionHandlers: java.lang.reflect.InvocationTargetException
03-14 22:57:20.327 11509 11553 I DetoxActionHandlers: 	at java.lang.reflect.Method.invoke(Native Method)
03-14 22:57:20.327 11509 11553 I DetoxActionHandlers: 	at org.apache.commons.lang3.reflect.MethodUtils.invokeStaticMethod(MethodUtils.java:443)
03-14 22:57:20.327 11509 11553 I DetoxActionHandlers: 	at org.apache.commons.lang3.reflect.MethodUtils.invokeStaticMethod(MethodUtils.java:405)
03-14 22:57:20.327 11509 11553 I DetoxActionHandlers: 	at com.wix.invoke.types.ClassTarget.execute(ClassTarget.java:23)
03-14 22:57:20.327 11509 11553 I DetoxActionHandlers: 	at com.wix.invoke.types.Target.invoke(Target.java:59)
03-14 22:57:20.327 11509 11553 I DetoxActionHandlers: 	at com.wix.invoke.MethodInvocation.invoke(MethodInvocation.java:35)
03-14 22:57:20.327 11509 11553 I DetoxActionHandlers: 	at com.wix.invoke.MethodInvocation.invoke(MethodInvocation.java:26)
03-14 22:57:20.327 11509 11553 I DetoxActionHandlers: 	at com.wix.invoke.MethodInvocation.invoke(MethodInvocation.java:20)
03-14 22:57:20.327 11509 11553 I DetoxActionHandlers: 	at com.wix.detox.adapters.server.InvokeActionHandler.handle(DetoxActionHandlers.kt:54)
03-14 22:57:20.327 11509 11553 I DetoxActionHandlers: 	at com.wix.detox.adapters.server.ActionsExecutor.executeAction$lambda$2$lambda$1(DetoxActionsDispatcher.kt:76)
03-14 22:57:20.327 11509 11553 I DetoxActionHandlers: 	at com.wix.detox.adapters.server.ActionsExecutor.$r8$lambda$GVbB7LHtBHxNHGbgYnHJ6YrwCqs(Unknown Source:0)
03-14 22:57:20.327 11509 11553 I DetoxActionHandlers: 	at com.wix.detox.adapters.server.ActionsExecutor$$ExternalSyntheticLambda0.run(D8$$SyntheticClass:0)
03-14 22:57:20.327 11509 11553 I DetoxActionHandlers: 	at android.os.Handler.handleCallback(Handler.java:959)
03-14 22:57:20.327 11509 11553 I DetoxActionHandlers: 	at android.os.Handler.dispatchMessage(Handler.java:100)
03-14 22:57:20.327 11509 11553 I DetoxActionHandlers: 	at android.os.Looper.loopOnce(Looper.java:232)
03-14 22:57:20.327 11509 11553 I DetoxActionHandlers: 	at android.os.Looper.loop(Looper.java:317)
03-14 22:57:20.327 11509 11553 I DetoxActionHandlers: 	at com.wix.detox.adapters.server.ActionsExecutor._init_$lambda$0(DetoxActionsDispatcher.kt:62)
03-14 22:57:20.327 11509 11553 I DetoxActionHandlers: 	at com.wix.detox.adapters.server.ActionsExecutor.$r8$lambda$xlgL0CQim6vNM0wWEqM8JIDgZUE(Unknown Source:0)
03-14 22:57:20.327 11509 11553 I DetoxActionHandlers: 	at com.wix.detox.adapters.server.ActionsExecutor$$ExternalSyntheticLambda1.run(D8$$SyntheticClass:0)
03-14 22:57:20.327 11509 11553 I DetoxActionHandlers: 	at java.lang.Thread.run(Thread.java:1012)
03-14 22:57:20.327 11509 11553 I DetoxActionHandlers: Caused by: com.wix.detox.espresso.errors.DetoxNoMatchingViewException: No views in hierarchy found matching: (is assignable from class: class android.widget.ScrollView and view has effective visibility <VISIBLE>)
03-14 22:57:20.327 11509 11553 I DetoxActionHandlers: 	at com.wix.detox.espresso.DetoxFailureHandler.handle(DetoxFailureHandler.kt:26)
03-14 22:57:20.327 11509 11553 I DetoxActionHandlers: 	at androidx.test.espresso.ViewInteraction.waitForAndHandleInteractionResults(ViewInteraction.java:385)
03-14 22:57:20.327 11509 11553 I DetoxActionHandlers: 	at androidx.test.espresso.ViewInteraction.desugaredPerform(ViewInteraction.java:212)
03-14 22:57:20.327 11509 11553 I DetoxActionHandlers: 	at androidx.test.espresso.ViewInteraction.perform(ViewInteraction.java:140)
03-14 22:57:20.327 11509 11553 I DetoxActionHandlers: 	at com.wix.detox.espresso.DetoxAssertion.waitForAssertMatcherWithSearchAction(DetoxAssertion.java:101)
03-14 22:57:20.327 11509 11553 I DetoxActionHandlers: 	... 20 more
03-14 22:57:20.327 11509 11581 W unknown:ViewManagerPropertyUpdater: Could not find generated setter for class com.swmansion.rnscreens.ScreenViewManager
03-14 22:57:20.328 11509 11553 I DetoxWSClient: Sending out action 'testFailed' (ID #6)
03-14 22:57:20.330 11509 11553 I DetoxDispatcher: Done with action 'invoke'
03-14 22:57:20.332 11509 11581 W unknown:ViewManagerPropertyUpdater: Could not find generated setter for class com.swmansion.rnscreens.gamma.stack.host.StackHostViewManager
03-14 22:57:20.333 11509 11581 W unknown:ViewManagerPropertyUpdater: Could not find generated setter for class com.swmansion.rnscreens.ScreenStackHeaderSubviewManager
03-14 22:57:20.335 11509 11581 W unknown:ViewManagerPropertyUpdater: Could not find generated setter for class com.swmansion.rnscreens.gamma.stack.screen.StackScreenViewManager
03-14 22:57:20.336 11509 11581 W unknown:ViewManagerPropertyUpdater: Could not find generated setter for class com.swmansion.rnscreens.ScreenStackViewManager
03-14 22:57:20.568 11509 11581 W unknown:ViewManagerPropertyUpdater: Could not find generated setter for class com.horcrux.svg.RenderableViewManager$DefsViewManager
03-14 22:57:20.570 11509 11581 W unknown:ViewManagerPropertyUpdater: Could not find generated setter for class com.horcrux.svg.VirtualViewManager$RenderableShadowNode
03-14 22:57:20.590 11509 11581 W unknown:ViewManagerPropertyUpdater: Could not find generated setter for class com.facebook.react.views.debuggingoverlay.DebuggingOverlayManager
03-14 22:57:20.610 11509 11581 W unknown:ViewManagerPropertyUpdater: Could not find generated setter for class com.horcrux.svg.RenderableViewManager$FeMergeManager
03-14 22:57:20.625 11509 11581 W unknown:ViewManagerPropertyUpdater: Could not find generated setter for class com.facebook.react.views.safeareaview.ReactSafeAreaViewManager
03-14 22:57:20.639 11509 11581 W unknown:ViewManagerPropertyUpdater: Could not find generated setter for class com.horcrux.svg.RenderableViewManager$LinearGradientManager
03-14 22:57:20.652 11509 11581 W unknown:ViewManagerPropertyUpdater: Could not find generated setter for class com.horcrux.svg.RenderableViewManager$FeGaussianBlurManager
03-14 22:57:20.680 11509 11581 W unknown:ViewManagerPropertyUpdater: Could not find generated setter for class com.facebook.react.views.progressbar.ReactProgressBarViewManager
03-14 22:57:20.682 11509 11581 W unknown:ViewManagerPropertyUpdater: Could not find generated setter for class com.facebook.react.views.progressbar.ProgressBarShadowNode
03-14 22:57:20.713 11509 11581 W unknown:ViewManagerPropertyUpdater: Could not find generated setter for class com.facebook.react.views.scroll.ReactHorizontalScrollViewManager
03-14 22:57:20.778 11509 11581 W unknown:ViewManagerPropertyUpdater: Could not find generated setter for class com.facebook.react.views.text.ReactTextViewManager
03-14 22:57:20.784 11509 11581 W unknown:ViewManagerPropertyUpdater: Could not find generated setter for class com.facebook.react.views.text.ReactTextShadowNode
03-14 22:57:20.833 11509 11581 W unknown:ViewManagerPropertyUpdater: Could not find generated setter for class com.horcrux.svg.RenderableViewManager$FeColorMatrixManager
03-14 22:57:20.856 11509 11581 W unknown:ViewManagerPropertyUpdater: Could not find generated setter for class com.facebook.react.views.scroll.ReactHorizontalScrollContainerViewManager
03-14 22:57:20.875 11509 11581 W unknown:ViewManagerPropertyUpdater: Could not find generated setter for class com.horcrux.svg.RenderableViewManager$ClipPathViewManager
03-14 22:57:20.894 11509 11581 W unknown:ViewManagerPropertyUpdater: Could not find generated setter for class com.horcrux.svg.RenderableViewManager$SymbolManager
03-14 22:57:20.915 11509 11581 W unknown:ViewManagerPropertyUpdater: Could not find generated setter for class com.horcrux.svg.RenderableViewManager$PatternManager
03-14 22:57:20.934 11509 11581 W unknown:ViewManagerPropertyUpdater: Could not find generated setter for class com.horcrux.svg.RenderableViewManager$FeBlendManager
03-14 22:57:20.955 11509 11581 W unknown:ViewManagerPropertyUpdater: Could not find generated setter for class com.facebook.react.views.view.ReactViewManager
03-14 22:57:20.986 11509 11581 W unknown:ViewManagerPropertyUpdater: Could not find generated setter for class com.horcrux.svg.SvgViewManager
03-14 22:57:21.008 11509 11581 W unknown:ViewManagerPropertyUpdater: Could not find generated setter for class com.facebook.react.views.switchview.ReactSwitchManager
03-14 22:57:21.010 11509 11576 D TrafficStats: tagSocket(132) with statsTag=0xffffffff, statsUid=-1
03-14 22:57:21.012 11509 11581 W unknown:ViewManagerPropertyUpdater: Could not find generated setter for class com.facebook.react.views.switchview.ReactSwitchShadowNode
03-14 22:57:21.026 11509 11581 W unknown:ViewManagerPropertyUpdater: Could not find generated setter for class com.horcrux.svg.RenderableViewManager$UseViewManager
03-14 22:57:21.040 11509 11581 W unknown:ViewManagerPropertyUpdater: Could not find generated setter for class com.horcrux.svg.RenderableViewManager$CircleViewManager
03-14 22:57:21.052 11509 11581 W unknown:ViewManagerPropertyUpdater: Could not find generated setter for class com.horcrux.svg.RenderableViewManager$TSpanViewManager
03-14 22:57:21.064 11509 11581 W unknown:ViewManagerPropertyUpdater: Could not find generated setter for class com.horcrux.svg.RenderableViewManager$FilterManager
03-14 22:57:21.077 11509 11581 W unknown:ViewManagerPropertyUpdater: Could not find generated setter for class com.horcrux.svg.RenderableViewManager$MarkerManager
03-14 22:57:21.099 11509 11581 W unknown:ViewManagerPropertyUpdater: Could not find generated setter for class com.swmansion.gesturehandler.react.RNGestureHandlerButtonViewManager
03-14 22:57:21.112 11509 11581 W unknown:ViewManagerPropertyUpdater: Could not find generated setter for class com.facebook.react.views.modal.ReactModalHostManager
03-14 22:57:21.125 11509 11581 W unknown:ViewManagerPropertyUpdater: Could not find generated setter for class com.horcrux.svg.RenderableViewManager$ForeignObjectManager
03-14 22:57:21.142 11509 11581 W unknown:ViewManagerPropertyUpdater: Could not find generated setter for class com.horcrux.svg.RenderableViewManager$EllipseViewManager
03-14 22:57:21.157 