03-14 22:16:33.389  3455  3689 E unknown:ReactHost:     at Freeze (address at index.android.bundle:1:1026425)
03-14 22:16:33.389  3455  3689 E unknown:ReactHost:     at DelayedFreeze (address at index.android.bundle:1:1026007)
03-14 22:16:33.389  3455  3689 E unknown:ReactHost:     at InnerScreen (address at index.android.bundle:1:1023395)
03-14 22:16:33.389  3455  3689 E unknown:ReactHost:     at anonymous (address at index.android.bundle:1:1025439)
03-14 22:16:33.389  3455  3689 E unknown:ReactHost:     at ScreenStackItem (address at index.android.bundle:1:1038934)
03-14 22:16:33.389  3455  3689 E unknown:ReactHost:     at NavigationProvider (address at index.android.bundle:1:904371)
03-14 22:16:33.389  3455  3689 E unknown:ReactHost:     at SceneView (address at index.android.bundle:1:1052468)
03-14 22:16:33.389  3455  3689 E unknown:ReactHost:     at RNSScreenStack (<anonymous>)
03-14 22:16:33.389  3455  3689 E unknown:ReactHost:     at anonymous (address at index.android.bundle:1:1038026)
03-14 22:16:33.389  3455  3689 E unknown:ReactHost:     at ScreenStack (address at index.android.bundle:1:1037187)
03-14 22:16:33.389  3455  3689 E unknown:ReactHost:     at RCTView (<anonymous>)
03-14 22:16:33.389  3455  3689 E unknown:ReactHost:     at View (address at index.android.bundle:1:148692)
03-14 22:16:33.389  3455  3689 E unknown:ReactHost:     at FrameSizeProvider (address at index.android.bundle:1:998002)
03-14 22:16:33.389  3455  3689 E unknown:ReactHost:     at SafeAreaProviderCompat (address at index.android.bundle:1:1009413)
03-14 22:16:33.389  3455  3689 E unknown:ReactHost:     at NativeStackView (address at index.android.bundle:1:1051030)
03-14 22:16:33.389  3455  3689 E unknown:ReactHost:     at PreventRemoveProvider (address at index.android.bundle:1:906668)
03-14 22:16:33.389  3455  3689 E unknown:ReactHost:     at NavigationStateListenerProvider (address at index.android.bundle:1:933250)
03-14 22:16:33.389  3455  3689 E unknown:ReactHost:     at NavigationContent (address at index.android.bundle:1:923171)
03-14 22:16:33.389  3455  3689 E unknown:ReactHost:     at anonymous (address at index.android.bundle:1:923074)
03-14 22:16:33.389  3455  3689 E unknown:ReactHost:     at NativeStackNavigator (address at index.android.bundle:1:1049756)
03-14 22:16:33.389  3455  3689 E unknown:ReactHost:     at RootNavigator (<anonymous>)
03-14 22:16:33.389  3455  3689 E unknown:ReactHost:     at ThemeProvider (address at index.android.bundle:1:875944)
03-14 22:16:33.389  3455  3689 E unknown:ReactHost:     at EnsureSingleNavigator (address at index.android.bundle:1:873788)
03-14 22:16:33.389  3455  3689 E unknown:ReactHost:     at BaseNavigationContainer (address at index.android.bundle:1:852528)
03-14 22:16:33.389  3455  3689 E unknown:ReactHost:     at NavigationContainerInner (address at index.android.bundle:1:941094)
03-14 22:16:33.389  3455  3689 E unknown:ReactHost:     at DatabaseProvider (address at index.android.bundle:1:1073278)
03-14 22:16:33.389  3455  3689 E unknown:ReactHost:     at RNCSafeAreaProvider (<anonymous>)
03-14 22:16:33.389  3455  3689 E unknown:ReactHost:     at SafeAreaProvider (address at index.android.bundle:1:955840)
03-14 22:16:33.389  3455  3689 E unknown:ReactHost:     at RNGestureHandlerRootView (<anonymous>)
03-14 22:16:33.389  3455  3689 E unknown:ReactHost:     at GestureHandlerRootView (address at index.android.bundle:1:726780)
03-14 22:16:33.389  3455  3689 E unknown:ReactHost:     at App (<anonymous>)
03-14 22:16:33.389  3455  3689 E unknown:ReactHost:     at RCTView (<anonymous>)
03-14 22:16:33.389  3455  3689 E unknown:ReactHost:     at View (address at index.android.bundle:1:148692)
03-14 22:16:33.389  3455  3689 E unknown:ReactHost:     at AppContainer (address at index.android.bundle:1:395561), stack:
03-14 22:16:33.389  3455  3689 E unknown:ReactHost: createFiberFromTypeAndProps@1:288631
03-14 22:16:33.389  3455  3689 E unknown:ReactHost: reconcileChildFibersImpl@1:238360
03-14 22:16:33.389  3455  3689 E unknown:ReactHost: anonymous@1:238528
03-14 22:16:33.389  3455  3689 E unknown:ReactHost: reconcileChildren@1:253641
03-14 22:16:33.389  3455  3689 E unknown:ReactHost: updateFunctionComponent@1:255605
03-14 22:16:33.389  3455  3689 E unknown:ReactHost: beginWork@1:263506
03-14 22:16:33.389  3455  3689 E unknown:ReactHost: performUnitOfWork@1:283404
03-14 22:16:33.389  3455  3689 E unknown:ReactHost: workLoopSync@1:282412
03-14 22:16:33.389  3455  3689 E unknown:ReactHost: renderRootSync@1:282244
03-14 22:16:33.389  3455  3689 E unknown:ReactHost: performWorkOnRoot@1:279819
03-14 22:16:33.389  3455  3689 E unknown:ReactHost: performWorkOnRootViaSchedulerTask@1:231313
03-14 22:16:33.389  3455  3689 E unknown:ReactHost: 
03-14 22:16:33.389  3455  3689 E unknown:ReactHost: 	at com.facebook.react.modules.core.ExceptionsManagerModule.reportException(ExceptionsManagerModule.kt:52)
03-14 22:16:33.389  3455  3689 E unknown:ReactHost: 	at com.facebook.jni.NativeRunnable.run(Native Method)
03-14 22:16:33.389  3455  3689 E unknown:ReactHost: 	at android.os.Handler.handleCallback(Handler.java:959)
03-14 22:16:33.389  3455  3689 E unknown:ReactHost: 	at android.os.Handler.dispatchMessage(Handler.java:100)
03-14 22:16:33.389  3455  3689 E unknown:ReactHost: 	at com.facebook.react.bridge.queue.MessageQueueThreadHandler.dispatchMessage(MessageQueueThreadHandler.kt:21)
03-14 22:16:33.389  3455  3689 E unknown:ReactHost: 	at androidx.test.espresso.base.TestLooperManagerCompat.execute(TestLooperManagerCompat.java:121)
03-14 22:16:33.389  3455  3689 E unknown:ReactHost: 	at androidx.test.espresso.base.Interrogator.loopAndInterrogate(Interrogator.java:128)
03-14 22:16:33.389  3455  3689 E unknown:ReactHost: 	at androidx.test.espresso.base.LooperIdlingResourceInterrogationHandler$2.run(LooperIdlingResourceInterrogationHandler.java:106)
03-14 22:16:33.389  3455  3689 E unknown:ReactHost: 	at android.os.Handler.handleCallback(Handler.java:959)
03-14 22:16:33.389  3455  3689 E unknown:ReactHost: 	at android.os.Handler.dispatchMessage(Handler.java:100)
03-14 22:16:33.389  3455  3689 E unknown:ReactHost: 	at android.os.Looper.loopOnce(Looper.java:232)
03-14 22:16:33.389  3455  3689 E unknown:ReactHost: 	at android.os.Looper.loop(Looper.java:317)
03-14 22:16:33.389  3455  3689 E unknown:ReactHost: 	at com.facebook.react.bridge.queue.MessageQueueThreadImpl$Companion.startNewBackgroundThread$lambda$0(MessageQueueThreadImpl.kt:152)
03-14 22:16:33.389  3455  3689 E unknown:ReactHost: 	at com.facebook.react.bridge.queue.MessageQueueThreadImpl$Companion.$r8$lambda$YYXYCFexeoKtAeDpeNYkxZZlpbA(Unknown Source:0)
03-14 22:16:33.389  3455  3689 E unknown:ReactHost: 	at com.facebook.react.bridge.queue.MessageQueueThreadImpl$Companion$$ExternalSyntheticLambda0.run(D8$$SyntheticClass:0)
03-14 22:16:33.389  3455  3689 E unknown:ReactHost: 	... 1 more
03-14 22:16:33.389  3455  3689 W unknown:BridgelessReact: ReactHost{0}.getOrCreateDestroyTask(): Resetting createReactInstance task ref
03-14 22:16:33.869  3455  3455 W unknown:BridgelessReact: ReactHost{0}.getOrCreateDestroyTask(): Starting React Native destruction
03-14 22:16:33.870  3455  3455 W unknown:BridgelessReact: ReactHost{0}.getOrCreateDestroyTask(): DevSupportManager cleanup
03-14 22:16:33.870  3455  3455 W unknown:BridgelessReact: ReactHost{0}.getOrCreateDestroyTask(): Move ReactHost to onHostDestroy()
03-14 22:16:33.870  3455  3455 W unknown:BridgelessReact: ReactHost{0}.ReactContext.onHostPause()
03-14 22:16:33.870  3455  3455 W unknown:BridgelessReact: ReactHost{0}.ReactContext.onHostDestroy()
03-14 22:16:33.878  3455  3455 E unknown:ReactNative: Tried to remove non-existent frame callback
03-14 22:16:33.879  3455  3689 W unknown:BridgelessReact: ReactHost{0}.getOrCreateDestroyTask(): Stopping all React Native surfaces
03-14 22:16:33.879  3455  3689 E unknown:SurfaceMountingManager: Stopping surface [1]
03-14 22:16:33.896  3455  3455 E unknown:SurfaceMountingManager: Surface [1] was stopped on SurfaceMountingManager.
03-14 22:16:33.897  3455  3455 W unknown:BridgelessReact: ReactHost{0}.getOrCreateDestroyTask(): Destroying MemoryPressureRouter
03-14 22:16:33.897  3455  3455 W unknown:BridgelessReact: ReactHost{0}.getOrCreateDestroyTask(): Resetting ReactContext ref
03-14 22:16:33.897  3455  3455 W unknown:BridgelessReact: ReactHost{0}.getOrCreateDestroyTask(): Destroying ReactContext
03-14 22:16:33.904  3455  3689 W unknown:BridgelessReact: ReactHost{0}.getOrCreateDestroyTask(): Resetting ReactInstance ptr
03-14 22:16:33.904  3455  3689 W unknown:BridgelessReact: ReactHost{0}.getOrCreateDestroyTask(): Destroying ReactInstance
03-14 22:16:33.930  3455  3661 D EGL_emulation: app_time_stats: avg=634.76ms min=110.79ms max=1990.63ms count=5
03-14 22:16:33.940  3455  3689 I ExpoModulesCore: ✅ ModuleRegistry was destroyed
03-14 22:16:33.941  3455  3689 I ExpoModulesCore: ✅ AppContext was destroyed
03-14 22:16:33.941  3455  3689 I ExpoModulesCore: ✅ KotlinInteropModuleRegistry was destroyed
03-14 22:16:33.949  3455  3689 E unknown:ReactNative: Tried to remove non-existent frame callback
03-14 22:16:33.959  3455  3689 W unknown:ReactNative: Tried to enqueue runnable on already finished thread: 'v_native... dropping Runnable.
03-14 22:16:33.962  3455  3689 W unknown:ReactNative: Tried to enqueue runnable on already finished thread: 'v_native... dropping Runnable.
03-14 22:16:33.962  3455  3689 W unknown:ReactNative: Tried to enqueue runnable on already finished thread: 'v_native... dropping Runnable.
03-14 22:16:33.962  3455  3689 W unknown:ReactNative: Tried to enqueue runnable on already finished thread: 'v_native... dropping Runnable.
03-14 22:16:33.962  3455  3689 W unknown:ReactNative: Tried to enqueue runnable on already finished thread: 'v_native... dropping Runnable.
03-14 22:16:33.963  3455  3689 W unknown:ReactNative: Tried to enqueue runnable on already finished thread: 'v_native... dropping Runnable.
03-14 22:16:33.963  3455  3689 W unknown:ReactNative: Tried to enqueue runnable on already finished thread: 'v_native... dropping Runnable.
03-14 22:16:33.963  3455  3689 W unknown:ReactNative: Tried to enqueue runnable on already finished thread: 'v_native... dropping Runnable.
03-14 22:16:33.963  3455  3689 W unknown:ReactNative: Tried to enqueue runnable on already finished thread: 'v_native... dropping Runnable.
03-14 22:16:33.963  3455  3689 W unknown:ReactNative: Tried to enqueue runnable on already finished thread: 'v_native... dropping Runnable.
03-14 22:16:33.974  3455  3689 W unknown:ReactNative: Tried to enqueue runnable on already finished thread: 'v_native... dropping Runnable.
03-14 22:16:33.974  3455  3689 W unknown:ReactNative: Tried to enqueue runnable on already finished thread: 'v_native... dropping Runnable.
03-14 22:16:34.027  3455  3902 D ProfileInstaller: Installing profile for com.mcfuzzysquirrel.studentfinance
03-14 22:16:34.032  3455  3689 W unknown:BridgelessReact: ReactHost{0}.getOrCreateDestroyTask(): Resetting start/destroy task ref
03-14 22:16:34.131  3455  3686 D TrafficStats: tagSocket(113) with statsTag=0xffffffff, statsUid=-1
03-14 22:16:35.049  3455  3661 D EGL_emulation: app_time_stats: avg=394.85ms min=38.09ms max=1047.77ms count=3
03-14 22:16:36.139  3455  3686 D TrafficStats: tagSocket(157) with statsTag=0xffffffff, statsUid=-1
03-14 22:16:36.831  3455  3455 D DetoxRNHelpers: Native RN module resolution (class com.reactnativecommunity.asyncstorage.AsyncStorageModule): no such class
03-14 22:16:38.155  3455  3686 D TrafficStats: tagSocket(6) with statsTag=0xffffffff, statsUid=-1
03-14 22:16:39.078  3455  3638 D DetoxWSClient: Received action 'currentStatus' (ID #1, params={})
03-14 22:16:39.079  3455  3611 I DetoxDispatcher: Handling action 'currentStatus' (ID #1)...
03-14 22:16:40.160  3455  3686 D TrafficStats: tagSocket(6) with statsTag=0xffffffff, statsUid=-1
03-14 22:16:41.833  3455  3455 W IdlingPolicy: These resources are not idle: [LooperIdlingResource-61-mqt_v_native]
03-14 22:16:42.165  3455  3686 D TrafficStats: tagSocket(6) with statsTag=0xffffffff, statsUid=-1
03-14 22:16:44.173  3455  3686 D TrafficStats: tagSocket(6) with statsTag=0xffffffff, statsUid=-1
03-14 22:16:46.189  3455  3686 D TrafficStats: tagSocket(6) with statsTag=0xffffffff, statsUid=-1
03-14 22:16:46.835  3455  3455 W IdlingPolicy: These resources are not idle: [LooperIdlingResource-61-mqt_v_native]
03-14 22:16:48.197  3455  3686 D TrafficStats: tagSocket(112) with statsTag=0xffffffff, statsUid=-1
03-14 22:16:50.206  3455  3686 D TrafficStats: tagSocket(112) with statsTag=0xffffffff, statsUid=-1
03-14 22:16:51.836  3455  3455 W IdlingPolicy: These resources are not idle: [LooperIdlingResource-61-mqt_v_native]
03-14 22:16:52.215  3455  3686 D TrafficStats: tagSocket(112) with statsTag=0xffffffff, statsUid=-1
03-14 22:16:54.218  3455  3686 D TrafficStats: tagSocket(112) with statsTag=0xffffffff, statsUid=-1
03-14 22:16:56.222  3455  3686 D TrafficStats: tagSocket(112) with statsTag=0xffffffff, statsUid=-1
03-14 22:16:56.836  3455  3455 W IdlingPolicy: These resources are not idle: [LooperIdlingResource-61-mqt_v_native]
03-14 22:16:58.227  3455  3686 D TrafficStats: tagSocket(112) with statsTag=0xffffffff, statsUid=-1
03-14 22:17:00.231  3455  3686 D TrafficStats: tagSocket(112) with statsTag=0xffffffff, statsUid=-1
03-14 22:17:01.836  3455  3455 W IdlingPolicy: These resources are not idle: [LooperIdlingResource-61-mqt_v_native]
03-14 22:17:02.238  3455  3686 D TrafficStats: tagSocket(112) with statsTag=0xffffffff, statsUid=-1
03-14 22:17:04.244  3455  3686 D TrafficStats: tagSocket(112) with statsTag=0xffffffff, statsUid=-1
03-14 22:17:06.246  3455  3686 D TrafficStats: tagSocket(112) with statsTag=0xffffffff, statsUid=-1
03-14 22:17:06.836  3455  3455 W IdlingPolicy: These resources are not idle: [LooperIdlingResource-61-mqt_v_native]
03-14 22:17:08.251  3455  3686 D TrafficStats: tagSocket(112) with statsTag=0xffffffff, statsUid=-1
03-14 22:17:10.256  3455  3686 D TrafficStats: tagSocket(112) with statsTag=0xffffffff, statsUid=-1
03-14 22:17:11.836  3455  3455 W IdlingPolicy: These resources are not idle: [LooperIdlingResource-61-mqt_v_native]
03-14 22:17:12.260  3455  3686 D TrafficStats: tagSocket(112) with statsTag=0xffffffff, statsUid=-1
03-14 22:17:14.266  3455  3686 D TrafficStats: tagSocket(112) with statsTag=0xffffffff, statsUid=-1
03-14 22:17:16.277  3455  3686 D TrafficStats: tagSocket(112) with statsTag=0xffffffff, statsUid=-1
03-14 22:17:16.837  3455  3455 W IdlingPolicy: These resources are not idle: [LooperIdlingResource-61-mqt_v_native]
03-14 22:17:18.289  3455  3686 D TrafficStats: tagSocket(112) with statsTag=0xffffffff, statsUid=-1
03-14 22:17:20.294  3455  3686 D TrafficStats: tagSocket(112) with statsTag=0xffffffff, statsUid=-1
03-14 22:17:21.838  3455  3455 W IdlingPolicy: These resources are not idle: [LooperIdlingResource-61-mqt_v_native]
03-14 22:17:22.298  3455  3686 D TrafficStats: tagSocket(112) with statsTag=0xffffffff, statsUid=-1
03-14 22:17:24.303  3455  3686 D TrafficStats: tagSocket(112) with statsTag=0xffffffff, statsUid=-1
03-14 22:17:26.308  3455  3686 D TrafficStats: tagSocket(112) with statsTag=0xffffffff, statsUid=-1
03-14 22:17:26.838  3455  3455 W IdlingPolicy: These resources are not idle: [LooperIdlingResource-61-mqt_v_native]
03-14 22:17:28.314  3455  3686 D TrafficStats: tagSocket(112) with statsTag=0xffffffff, statsUid=-1
03-14 22:17:30.318  3455  3686 D TrafficStats: tagSocket(112) with statsTag=0xffffffff, statsUid=-1
03-14 22:17:31.839  3455  3455 W IdlingPolicy: These resources are not idle: [LooperIdlingResource-61-mqt_v_native]
03-14 22:17:32.323  3455  3686 D TrafficStats: tagSocket(112) with statsTag=0xffffffff, statsUid=-1
03-14 22:17:34.331  3455  3686 D TrafficStats: tagSocket(112) with statsTag=0xffffffff, statsUid=-1
03-14 22:17:36.337  3455  3686 D TrafficStats: tagSocket(112) with statsTag=0xffffffff, statsUid=-1
03-14 22:17:36.840  3455  3455 W IdlingPolicy: These resources are not idle: [LooperIdlingResource-61-mqt_v_native]
03-14 22:17:38.343  3455  3686 D TrafficStats: tagSocket(112) with statsTag=0xffffffff, statsUid=-1
03-14 22:17:40.347  3455  3686 D TrafficStats: tagSocket(112) with statsTag=0xffffffff, statsUid=-1
03-14 22:17:41.841  3455  3455 W IdlingPolicy: These resources are not idle: [LooperIdlingResource-61-mqt_v_native]
03-14 22:17:42.351  3455  3686 D TrafficStats: tagSocket(112) with statsTag=0xffffffff, statsUid=-1
03-14 22:17:44.354  3455  3686 D TrafficStats: tagSocket(112) with statsTag=0xffffffff, statsUid=-1
03-14 22:17:46.360  3455  3686 D TrafficStats: tagSocket(112) with statsTag=0xffffffff, statsUid=-1
03-14 22:17:46.841  3455  3455 W IdlingPolicy: These resources are not idle: [LooperIdlingResource-61-mqt_v_native]
03-14 22:17:48.365  3455  3686 D TrafficStats: tagSocket(112) with statsTag=0xffffffff, statsUid=-1
03-14 22:17:50.369  3455  3686 D TrafficStats: tagSocket(112) with statsTag=0xffffffff, statsUid=-1
03-14 22:17:51.842  3455  3455 W IdlingPolicy: These resources are not idle: [LooperIdlingResource-61-mqt_v_native]
03-14 22:17:52.373  3455  3686 D TrafficStats: tagSocket(112) with statsTag=0xffffffff, statsUid=-1
03-14 22:17:54.379  3455  3686 D TrafficStats: tagSocket(112) with statsTag=0xffffffff, statsUid=-1
03-14 22:17:56.382  3455  3686 D TrafficStats: tagSocket(112) with statsTag=0xffffffff, statsUid=-1
03-14 22:17:56.843  3455  3455 W IdlingPolicy: These resources are not idle: [LooperIdlingResource-61-mqt_v_native]
03-14 22:17:58.387  3455  3686 D TrafficStats: tagSocket(112) with statsTag=0xffffffff, statsUid=-1
03-14 22:18:00.392  3455  3686 D TrafficStats: tagSocket(112) with statsTag=0xffffffff, statsUid=-1
03-14 22:18:01.843  3455  3455 W IdlingPolicy: These resources are not idle: [LooperIdlingResource-61-mqt_v_native]
03-14 22:18:02.397  3455  3686 D TrafficStats: tagSocket(112) with statsTag=0xffffffff, statsUid=-1
03-14 22:18:04.403  3455  3686 D TrafficStats: tagSocket(112) with statsTag=0xffffffff, statsUid=-1
03-14 22:18:06.408  3455  3455 W UiControllerImpl: Waiting for: DYNAMIC_TASKS_HAVE_IDLED for 100 iterations.
03-14 22:18:06.411  3455  3686 D TrafficStats: tagSocket(112) with statsTag=0xffffffff, statsUid=-1
03-14 22:18:06.843  3455  3455 W IdlingPolicy: These resources are not idle: [LooperIdlingResource-61-mqt_v_native]
03-14 22:18:06.857  3455  3455 I Detox   : Wait is over: App is now idle!
03-14 22:18:06.858  3455  3611 W .studentfinance: Long monitor contention with owner detox.primary (3610) at void com.wix.detox.DetoxMain$setupActionHandlers$SynchronizedActionHandler.handle(java.lang.String, long)(DetoxMain.kt:77) waiters=0 in void com.wix.detox.DetoxMain$setupActionHandlers$SynchronizedActionHandler.handle(java.lang.String, long) for 87.779s
--------- beginning of crash
03-14 22:18:06.866  3455  3610 E AndroidRuntime: FATAL EXCEPTION: detox.primary
03-14 22:18:06.866  3455  3610 E AndroidRuntime: Process: com.mcfuzzysquirrel.studentfinance, PID: 3455
03-14 22:18:06.866  3455  3610 E AndroidRuntime: androidx.test.espresso.AppNotIdleException: Looped for 101 iterations over 90 SECONDS. The following Idle Conditions failed DYNAMIC_TASKS_HAVE_IDLED(busy resources=LooperIdlingResource-61-mqt_v_native).
03-14 22:18:06.866  3455  3610 E AndroidRuntime: 	at androidx.test.espresso.IdlingPolicy.handleTimeout(IdlingPolicy.java:61)
03-14 22:18:06.866  3455  3610 E AndroidRuntime: 	at androidx.test.espresso.base.UiControllerImpl.loopUntil(UiControllerImpl.java:573)
03-14 22:18:06.866  3455  3610 E AndroidRuntime: 	at androidx.test.espresso.base.UiControllerImpl.loopMainThreadUntilIdle(UiControllerImpl.java:434)
03-14 22:18:06.866  3455  3610 E AndroidRuntime: 	at androidx.test.espresso.Espresso.lambda$onIdle$2(Espresso.java:340)
03-14 22:18:06.866  3455  3610 E AndroidRuntime: 	at androidx.test.espresso.Espresso$$ExternalSyntheticLambda1.call(D8$$SyntheticClass:0)
03-14 22:18:06.866  3455  3610 E AndroidRuntime: 	at java.util.concurrent.FutureTask.run(FutureTask.java:264)
03-14 22:18:06.866  3455  3610 E AndroidRuntime: 	at android.os.Handler.handleCallback(Handler.java:959)
03-14 22:18:06.866  3455  3610 E AndroidRuntime: 	at android.os.Handler.dispatchMessage(Handler.java:100)
03-14 22:18:06.866  3455  3610 E AndroidRuntime: 	at android.os.Looper.loopOnce(Looper.java:232)
03-14 22:18:06.866  3455  3610 E AndroidRuntime: 	at android.os.Looper.loop(Looper.java:317)
03-14 22:18:06.866  3455  3610 E AndroidRuntime: 	at android.app.ActivityThread.main(ActivityThread.java:8705)
03-14 22:18:06.866  3455  3610 E AndroidRuntime: 	at java.lang.reflect.Method.invoke(Native Method)
03-14 22:18:06.866  3455  3610 E AndroidRuntime: 	at com.android.internal.os.RuntimeInit$MethodAndArgsCaller.run(RuntimeInit.java:580)
03-14 22:18:06.866  3455  3610 E AndroidRuntime: 	at com.android.internal.os.ZygoteInit.main(ZygoteInit.java:886)
03-14 22:18:06.866  3455  3455 E unknown:UIManagerHelper: Unhandled SoftException
03-14 22:18:06.866  3455  3455 E unknown:UIManagerHelper: com.facebook.react.bridge.ReactNoCrashSoftException: Cannot get UIManager because the instance hasn't been initialized yet.
03-14 22:18:06.866  3455  3455 E unknown:UIManagerHelper: 	at com.facebook.react.uimanager.UIManagerHelper.getUIManager(UIManagerHelper.kt:59)
03-14 22:18:06.866  3455  3455 E unknown:UIManagerHelper: 	at com.facebook.react.uimanager.UIManagerHelper.getUIManager(UIManagerHelper.kt:46)
03-14 22:18:06.866  3455  3455 E unknown:UIManagerHelper: 	at com.wix.detox.reactnative.idlingresources.uimodule.fabric.FabricUIManagerIdlingResources.getMountItemDispatcher(FabricUIManagerIdlingResources.kt:64)
03-14 22:18:06.866  3455  3455 E unknown:UIManagerHelper: 	at com.wix.detox.reactnative.idlingresources.uimodule.fabric.FabricUIManagerIdlingResources.getViewCommandMountItemsSize(FabricUIManagerIdlingResources.kt:70)
03-14 22:18:06.866  3455  3455 E unknown:UIManagerHelper: 	at com.wix.detox.reactnative.idlingresources.uimodule.fabric.FabricUIManagerIdlingResources.checkIdle(FabricUIManagerIdlingResources.kt:19)
03-14 22:18:06.866  3455  3455 E unknown:UIManagerHelper: 	at com.wix.detox.reactnative.idlingresources.DetoxIdlingResource.isIdleNow(DetoxIdlingResource.kt:30)
03-14 22:18:06.866  3455  3455 E unknown:UIManagerHelper: 	at com.wix.detox.espresso.registry.BusyResourcesInquirer.getBusyIdlingResources(BusyResourcesInquirer.kt:29)
03-14 22:18:06.866  3455  3455 E unknown:UIManagerHelper: 	at com.wix.detox.espresso.registry.BusyResourcesInquirer.getAllBusyResources$lambda$2(BusyResourcesInquirer.kt:21)
03-14 22:18:06.866  3455  3455 E unknown:UIManagerHelper: 	at com.wix.detox.espresso.registry.BusyResourcesInquirer.$r8$lambda$67FTpIglw6E0PceMzBRqYhXSCtM(Unknown Source:0)
03-14 22:18:06.866  3455  3455 E unknown:UIManagerHelper: 	at com.wix.detox.espresso.registry.BusyResourcesInquirer$$ExternalSyntheticLambda0.call(D8$$SyntheticClass:0)
03-14 22:18:06.866  3455  3455 E unknown:UIManagerHelper: 	at java.util.concurrent.FutureTask.run(FutureTask.java:264)
03-14 22:18:06.866  3455  3455 E unknown:UIManagerHelper: 	at android.os.Handler.handleCallback(Handler.java:959)
03-14 22:18:06.866  3455  3455 E unknown:UIManagerHelper: 	at android.os.Handler.dispatchMessage(Handler.java:100)
03-14 22:18:06.866  3455  3455 E unknown:UIManagerHelper: 	at android.os.Looper.loopOnce(Looper.java:232)
03-14 22:18:06.866  3455  3455 E unknown:UIManagerHelper: 	at android.os.Looper.loop(Looper.java:317)
03-14 22:18:06.866  3455  3455 E unknown:UIManagerHelper: 	at android.app.ActivityThread.main(ActivityThread.java:8705)
03-14 22:18:06.866  3455  3455 E unknown:UIManagerHelper: 	at java.lang.reflect.Method.invoke(Native Method)
03-14 22:18:06.866  3455  3455 E unknown:UIManagerHelper: 	at com.android.internal.os.RuntimeInit$MethodAndArgsCaller.run(RuntimeInit.java:580)
03-14 22:18:06.866  3455  3455 E unknown:UIManagerHelper: 	at com.android.internal.os.ZygoteInit.main(ZygoteInit.java:886)
03-14 22:18:06.867  3455  3610 E DetoxCrashHandler: Crash detected!!! thread=detox.primary (43)
03-14 22:18:06.867  3455  3610 E DetoxCrashHandler: androidx.test.espresso.AppNotIdleException: Looped for 101 iterations over 90 SECONDS. The following Idle Conditions failed DYNAMIC_TASKS_HAVE_IDLED(busy resources=LooperIdlingResource-61-mqt_v_native).
03-14 22:18:06.867  3455  3610 E DetoxCrashHandler: 	at androidx.test.espresso.IdlingPolicy.handleTimeout(IdlingPolicy.java:61)
03-14 22:18:06.867  3455  3610 E DetoxCrashHandler: 	at androidx.test.espresso.base.UiControllerImpl.loopUntil(UiControllerImpl.java:573)
03-14 22:18:06.867  3455  3610 E DetoxCrashHandler: 	at androidx.test.espresso.base.UiControllerImpl.loopMainThreadUntilIdle(UiControllerImpl.java:434)
03-14 22:18:06.867  3455  3610 E DetoxCrashHandler: 	at androidx.test.espresso.Espresso.lambda$onIdle$2(Espresso.java:340)
03-14 22:18:06.867  3455  3610 E DetoxCrashHandler: 	at androidx.test.espresso.Espresso$$ExternalSyntheticLambda1.call(D8$$SyntheticClass:0)
03-14 22:18:06.867  3455  3610 E DetoxCrashHandler: 	at java.util.concurrent.FutureTask.run(FutureTask.java:264)
03-14 22:18:06.867  3455  3610 E DetoxCrashHandler: 	at android.os.Handler.handleCallback(Handler.java:959)
03-14 22:18:06.867  3455  3610 E DetoxCrashHandler: 	at android.os.Handler.dispatchMessage(Handler.java:100)
03-14 22:18:06.867  3455  3610 E DetoxCrashHandler: 	at android.os.Looper.loopOnce(Looper.java:232)
03-14 22:18:06.867  3455  3610 E DetoxCrashHandler: 	at android.os.Looper.loop(Looper.java:317)
03-14 22:18:06.867  3455  3610 E DetoxCrashHandler: 	at android.app.ActivityThread.main(ActivityThread.java:8705)
03-14 22:18:06.867  3455  3610 E DetoxCrashHandler: 	at java.lang.reflect.Method.invoke(Native Method)
03-14 22:18:06.867  3455  3610 E DetoxCrashHandler: 	at com.android.internal.os.RuntimeInit$MethodAndArgsCaller.run(RuntimeInit.java:580)
03-14 22:18:06.867  3455  3610 E DetoxCrashHandler: 	at com.android.internal.os.ZygoteInit.main(ZygoteInit.java:886)
03-14 22:18:06.867  3455  3610 I DetoxWSClient: Sending out action 'AppWillTerminateWithError' (ID #-10000)
03-14 22:18:06.872  3455  3611 E AndroidRuntime: FATAL EXCEPTION: detox.secondary
03-14 22:18:06.872  3455  3611 E AndroidRuntime: Process: com.mcfuzzysquirrel.studentfinance, PID: 3455
03-14 22:18:06.872  3455  3611 E AndroidRuntime: java.util.concurrent.ExecutionException: org.joor.ReflectException: org.joor.ReflectException: java.lang.NoSuchFieldException: mMountItemDispatcher
03-14 22:18:06.872  3455  3611 E AndroidRuntime: 	at java.util.concurrent.FutureTask.report(FutureTask.java:122)
03-14 22:18:06.872  3455  3611 E AndroidRuntime: 	at java.util.concurrent.FutureTask.get(FutureTask.java:191)
03-14 22:18:06.872  3455  3611 E AndroidRuntime: 	at com.wix.detox.common.UIThread.postFirstSync(UIThread.kt:65)
03-14 22:18:06.872  3455  3611 E AndroidRuntime: 	at com.wix.detox.espresso.registry.BusyResourcesInquirer.getAllBusyResources(BusyResourcesInquirer.kt:19)
03-14 22:18:06.872  3455  3611 E AndroidRuntime: 	at com.wix.detox.TestEngineFacade.getAllBusyResources(TestEngineFacade.kt:17)
03-14 22:18:06.872  3455  3611 E AndroidRuntime: 	at com.wix.detox.adapters.server.QueryStatusActionHandler.handle(QueryStatusActionHandler.kt:12)
03-14 22:18:06.872  3455  3611 E AndroidRuntime: 	at com.wix.detox.DetoxMain$setupActionHandlers$SynchronizedActionHandler.handle(DetoxMain.kt:78)
03-14 22:18:06.872  3455  3611 E AndroidRuntime: 	at com.wix.detox.adapters.server.ActionsExecutor.executeAction$lambda$2$lambda$1(DetoxActionsDispatcher.kt:76)
03-14 22:18:06.872  3455  3611 E AndroidRuntime: 	at com.wix.detox.adapters.server.ActionsExecutor.$r8$lambda$GVbB7LHtBHxNHGbgYnHJ6YrwCqs(Unknown Source:0)
03-14 22:18:06.872  3455  3611 E AndroidRuntime: 	at com.wix.detox.adapters.server.ActionsExecutor$$ExternalSyntheticLambda0.run(D8$$SyntheticClass:0)
03-14 22:18:06.872  3455  3611 E AndroidRuntime: 	at android.os.Handler.handleCallback(Handler.java:959)
03-14 22:18:06.872  3455  3611 E AndroidRuntime: 	at android.os.Handler.dispatchMessage(Handler.java:100)
03-14 22:18:06.872  3455  3611 E AndroidRuntime: 	at android.os.Looper.loopOnce(Looper.java:232)
03-14 22:18:06.872  3455  3611 E AndroidRuntime: 	at android.os.Looper.loop(Looper.java:317)
03-14 22:18:06.872  3455  3611 E AndroidRuntime: 	at com.wix.detox.adapters.server.ActionsExecutor._init_$lambda$0(DetoxActionsDispatcher.kt:62)
03-14 22:18:06.872  3455  3611 E AndroidRuntime: 	at com.wix.detox.adapters.server.ActionsExecutor.$r8$lambda$xlgL0CQim6vNM0wWEqM8JIDgZUE(Unknown Source:0)
03-14 22:18:06.872  3455  3611 E AndroidRuntime: 	at com.wix.detox.adapters.server.ActionsExecutor$$ExternalSyntheticLambda1.run(D8$$SyntheticClass:0)
03-14 22:18:06.872  3455  3611 E AndroidRuntime: 	at java.lang.Thread.run(Thread.java:1012)
03-14 22:18:06.872  3455  3611 E AndroidRuntime: Caused by: org.joor.ReflectException: org.joor.ReflectException: java.lang.NoSuchFieldException: mMountItemDispatcher
03-14 22:18:06.872  3455  3611 E AndroidRuntime: 	at org.joor.Reflect.field(Reflect.java:294)
03-14 22:18:06.872  3455  3611 E AndroidRuntime: 	at com.wix.detox.reactnative.idlingresources.uimodule.fabric.FabricUIManagerIdlingResources.getMountItemDispatcher(FabricUIManagerIdlingResources.kt:65)
03-14 22:18:06.872  3455  3611 E AndroidRuntime: 	at com.wix.detox.reactnative.idlingresources.uimodule.fabric.FabricUIManagerIdlingResources.getViewCommandMountItemsSize(FabricUIManagerIdlingResources.kt:70)
03-14 22:18:06.872  3455  3611 E AndroidRuntime: 	at com.wix.detox.reactnative.idlingresources.uimodule.fabric.FabricUIManagerIdlingResources.checkIdle(FabricUIManagerIdlingResources.kt:19)
03-14 22:18:06.872  3455  3611 E AndroidRuntime: 	at com.wix.detox.reactnative.idlingresources.DetoxIdlingResource.isIdleNow(DetoxIdlingResource.kt:30)
03-14 22:18:06.872  3455  3611 E AndroidRuntime: 	at com.wix.detox.espresso.registry.BusyResourcesInquirer.getBusyIdlingResources(BusyResourcesInquirer.kt:29)
03-14 22:18:06.872  3455  3611 E AndroidRuntime: 	at com.wix.detox.espresso.registry.BusyResourcesInquirer.getAllBusyResources$lambda$2(BusyResourcesInquirer.kt:21)
03-14 22:18:06.872  3455  3611 E AndroidRuntime: 	at com.wix.detox.espresso.registry.BusyResourcesInquirer.$r8$lambda$67FTpIglw6E0PceMzBRqYhXSCtM(Unknown Source:0)
03-14 22:18:06.872  3455  3611 E AndroidRuntime: 	at com.wix.detox.espresso.registry.BusyResourcesInquirer$$ExternalSyntheticLambda0.call(D8$$SyntheticClass:0)
03-14 22:18:06.872  3455  3611 E AndroidRuntime: 	at java.util.concurrent.FutureTask.run(FutureTask.java:264)
03-14 22:18:06.872  3455  3611 E AndroidRuntime: 	at android.os.Handler.handleCallback(Handler.java:959)
03-14 22:18:06.872  3455  3611 E AndroidRuntime: 	at android.os.Handler.dispatchMessage(Handler.java:100)
03-14 22:18:06.872  3455  3611 E AndroidRuntime: 	at android.os.Looper.loopOnce(Looper.java:232)
03-14 22:18:06.872  3455  3611 E AndroidRuntime: 	at android.os.Looper.loop(Looper.java:317)
03-14 22:18:06.872  3455  3611 E AndroidRuntime: 	at android.app.ActivityThread.main(ActivityThread.java:8705)
03-14 22:18:06.872  3455  3611 E AndroidRuntime: 	at java.lang.reflect.Method.invoke(Native Method)
03-14 22:18:06.872  3455  3611 E AndroidRuntime: 	at com.android.internal.os.RuntimeInit$MethodAndArgsCaller.run(RuntimeInit.java:580)
03-14 22:18:06.872  3455  3611 E AndroidRuntime: 	at com.android.internal.os.ZygoteInit.main(ZygoteInit.java:886)
03-14 22:18:06.872  3455  3611 E AndroidRuntime: Caused by: org.joor.ReflectException: java.lang.NoSuchFieldException: mMountItemDispatcher
03-14 22:18:06.872  3455  3611 E AndroidRuntime: 	at org.joor.Reflect.field0(Reflect.java:318)
03-14 22:18:06.872  3455  3611 E AndroidRuntime: 	at org.joor.Reflect.field(Reflect.java:290)
03-14 22:18:06.872  3455  3611 E AndroidRuntime: 	... 17 more
03-14 22:18:06.872  3455  3611 E AndroidRuntime: Caused by: java.lang.NoSuchFieldException: mMountItemDispatcher
03-14 22:18:06.872  3455  3611 E AndroidRuntime: 	at java.lang.Class.getField(Class.java:2337)
03-14 22:18:06.872  3455  3611 E AndroidRuntime: 	at org.joor.Reflect.field0(Reflect.java:303)
03-14 22:18:06.872  3455  3611 E AndroidRuntime: 	... 18 more
03-14 22:18:06.873  3455  3611 E DetoxCrashHandler: Crash detected!!! thread=detox.secondary (44)
03-14 22:18:06.873  3455  3611 E DetoxCrashHandler: java.util.concurrent.ExecutionException: org.joor.ReflectException: org.joor.ReflectException: java.lang.NoSuchFieldException: mMountItemDispatcher
03-14 22:18:06.873  3455  3611 E DetoxCrashHandler: 	at java.util.concurrent.FutureTask.report(FutureTask.java:122)
03-14 22:18:06.873  3455  3611 E DetoxCrashHandler: 	at java.util.concurrent.FutureTask.get(FutureTask.java:191)
03-14 22:18:06.873  3455  3611 E DetoxCrashHandler: 	at com.wix.detox.common.UIThread.postFirstSync(UIThread.kt:65)
03-14 22:18:06.873  3455  3611 E DetoxCrashHandler: 	at com.wix.detox.espresso.registry.BusyResourcesInquirer.getAllBusyResources(BusyResourcesInquirer.kt:19)
03-14 22:18:06.873  3455  3611 E DetoxCrashHandler: 	at com.wix.detox.TestEngineFacade.getAllBusyResources(TestEngineFacade.kt:17)
03-14 22:18:06.873  3455  3611 E DetoxCrashHandler: 	at com.wix.detox.adapters.server.QueryStatusActionHandler.handle(QueryStatusActionHandler.kt:12)
03-14 22:18:06.873  3455  3611 E DetoxCrashHandler: 	at com.wix.detox.DetoxMain$setupActionHandlers$SynchronizedActionHandler.handle(DetoxMain.kt:78)
03-14 22:18:06.873  3455  3611 E DetoxCrashHandler: 	at com.wix.detox.adapters.server.ActionsExecutor.executeAction$lambda$2$lambda$1(DetoxActionsDispatcher.kt:76)
03-14 22:18:06.873  3455  3611 E DetoxCrashHandler: 	at com.wix.detox.adapters.server.ActionsExecutor.$r8$lambda$GVbB7LHtBHxNHGbgYnHJ6YrwCqs(Unknown Source:0)
03-14 22:18:06.873  3455  3611 E DetoxCrashHandler: 	at com.wix.detox.adapters.server.ActionsExecutor$$ExternalSyntheticLambda0.run(D8$$SyntheticClass:0)
03-14 22:18:06.873  3455  3611 E DetoxCrashHandler: 	at android.os.Handler.handleCallback(Handler.java:959)
03-14 22:18:06.873  3455  3611 E DetoxCrashHandler: 	at android.os.Handler.dispatchMessage(Handler.java:100)
03-14 22:18:06.873  3455  3611 E DetoxCrashHandler: 	at android.os.Looper.loopOnce(Looper.java:232)
03-14 22:18:06.873  3455  3611 E DetoxCrashHandler: 	at android.os.Looper.loop(Looper.java:317)
03-14 22:18:06.873  3455  3611 E DetoxCrashHandler: 	at com.wix.detox.adapters.server.ActionsExecutor._init_$lambda$0(DetoxActionsDispatcher.kt:62)
03-14 22:18:06.873  3455  3611 E DetoxCrashHandler: 	at com.wix.detox.adapters.server.ActionsExecutor.$r8$lambda$xlgL0CQim6vNM0wWEqM8JIDgZUE(Unknown Source:0)
03-14 22:18:06.873  3455  3611 E DetoxCrashHandler: 	at com.wix.detox.adapters.server.ActionsExecutor$$ExternalSyntheticLambda1.run(D8$$SyntheticClass:0)
03-14 22:18:06.873  3455  3611 E DetoxCrashHandler: 	at java.lang.Thread.run(Thread.java:1012)
03-14 22:18:06.873  3455  3611 E DetoxCrashHandler: Caused by: org.joor.ReflectException: org.joor.ReflectException: java.lang.NoSuchFieldException: mMountItemDispatcher
03-14 22:18:06.873  3455  3611 E DetoxCrashHandler: 	at org.joor.Reflect.field(Reflect.java:294)
03-14 22:18:06.873  3455  3611 E DetoxCrashHandler: 	at com.wix.detox.reactnative.idlingresources.uimodule.fabric.FabricUIManagerIdlingResources.getMountItemDispatcher(FabricUIManagerIdlingResources.kt:65)
03-14 22:18:06.873  3455  3611 E DetoxCrashHandler: 	at com.wix.detox.reactnative.idlingresources.uimodule.fabric.FabricUIManagerIdlingResources.getViewCommandMountItemsSize(FabricUIManagerIdlingResources.kt:70)
03-14 22:18:06.873  3455  3611 E DetoxCrashHandler: 	at com.wix.detox.reactnative.idlingresources.uimodule.fabric.FabricUIManagerIdlingResources.checkIdle(FabricUIManagerIdlingResources.kt:19)
03-14 22:18:06.873  3455  3611 E DetoxCrashHandler: 	at com.wix.detox.reactnative.idlingresources.DetoxIdlingResource.isIdleNow(DetoxIdlingResource.kt:30)
03-14 22:18:06.873  3455  3611 E DetoxCrashHandler: 	at com.wix.detox.espresso.registry.BusyResourcesInquirer.getBusyIdlingResources(BusyResourcesInquirer.kt:29)
03-14 22:18:06.873  3455  3611 E DetoxCrashHandler: 	at com.wix.detox.espresso.registry.BusyResourcesInquirer.getAllBusyResources$lambda$2(BusyResourcesInquirer.kt:21)
03-14 22:18:06.873  3455  3611 E DetoxCrashHandler: 	at com.wix.detox.espresso.registry.BusyResourcesInquirer.$r8$lambda$67FTpIglw6E0PceMzBRqYhXSCtM(Unknown Source:0)
03-14 22:18:06.873  3455  3611 E DetoxCrashHandler: 	at com.wix.detox.espresso.registry.BusyResourcesInquirer$$ExternalSyntheticLambda0.call(D8$$SyntheticClass:0)
03-14 22:18:06.873  3455  3611 E DetoxCrashHandler: 	at java.util.concurrent.FutureTask.run(FutureTask.java:264)
03-14 22:18:06.873  3455  3611 E DetoxCrashHandler: 	at android.os.Handler.handleCallback(Handler.java:959)
03-14 22:18:06.873  3455  3611 E DetoxCrashHandler: 	at android.os.Handler.dispatchMessage(Handler.java:100)
03-14 22:18:06.873  3455  3611 E DetoxCrashHandler: 	at android.os.Looper.loopOnce(Looper.java:232)
03-14 22:18:06.873  3455  3611 E DetoxCrashHandler: 	at android.os.Looper.loop(Looper.java:317)
03-14 22:18:06.873  3455  3611 E DetoxCrashHandler: 	at android.app.ActivityThread.main(ActivityThread.java:8705)
03-14 22:18:06.873  3455  3611 E DetoxCrashHandler: 	at java.lang.reflect.Method.invoke(Native Method)
03-14 22:18:06.873  3455  3611 E DetoxCrashHandler: 	at com.android.internal.os.RuntimeInit$MethodAndArgsCaller.run(RuntimeInit.java:580)
03-14 22:18:06.873  3455  3611 E DetoxCrashHandler: 	at com.android.internal.os.ZygoteInit.main(ZygoteInit.java:886)
03-14 22:18:06.873  3455  3611 E DetoxCrashHandler: Caused by: org.joor.ReflectException: java.lang.NoSuchFieldException: mMountItemDispatcher
03-14 22:18:06.873  3455  3611 E DetoxCrashHandler: 	at org.joor.Reflect.field0(Reflect.java:318)
03-14 22:18:06.873  3455  3611 E DetoxCrashHandler: 	at org.joor.Reflect.field(Reflect.java:290)
03-14 22:18:06.873  3455  3611 E DetoxCrashHandler: 	... 17 more
03-14 22:18:06.873  3455  3611 E DetoxCrashHandler: Caused by: java.lang.NoSuchFieldException: mMountItemDispatcher
03-14 22:18:06.873  3455  3611 E DetoxCrashHandler: 	at java.lang.Class.getField(Class.java:2337)
03-14 22:18:06.873  3455  3611 E DetoxCrashHandler: 	at org.joor.Reflect.field0(Reflect.java:303)
03-14 22:18:06.873  3455  3611 E DetoxCrashHandler: 	... 18 more
03-14 22:18:06.873  3455  3611 I DetoxWSClient: Sending out action 'AppWillTerminateWithError' (ID #-10000)
03-14 22:18:06.907  3455  3455 W .studentfinance: Accessing hidden field Landroid/app/Activity;->mResultCode:I (unsupported, reflection, allowed)
03-14 22:18:06.907  3455  3455 W .studentfinance: Accessing hidden field Landroid/app/Activity;->mResultData:Landroid/content/Intent; (unsupported, reflection, allowed)
03-14 22:18:06.915  3455  3455 W unknown:BridgelessReact: ReactHost{0}.onHostPause(activity)
03-14 22:18:06.919  3455  3455 W WindowOnBackDispatcher: sendCancelIfRunning: isInProgress=false callback=android.view.ViewRootImpl$$ExternalSyntheticLambda11@7075ef7
03-14 22:18:06.985  3455  3455 D LifecycleMonitor: Lifecycle status change: com.mcfuzzysquirrel.studentfinance.MainActivity@dcb39e4 in: PAUSED
03-14 22:18:07.017  3455  3549 I TestRunner: finished: runDetoxTests(com.mcfuzzysquirrel.studentfinance.DetoxTest)
03-14 22:18:07.059  3455  3549 I MonitoringInstr: Unstopped activity count: 1
03-14 22:18:07.117  3455  3549 I MonitoringInstr: Unstopped activity count: 1
03-14 22:18:07.168  3455  3549 I MonitoringInstr: Unstopped activity count: 1
03-14 22:18:07.218  3455  3549 I MonitoringInstr: Unstopped activity count: 1
03-14 22:18:07.268  3455  3549 I MonitoringInstr: Unstopped activity count: 1
03-14 22:18:07.319  3455  3549 I MonitoringInstr: Unstopped activity count: 1
03-14 22:18:07.369  3455  3549 I MonitoringInstr: Unstopped activity count: 1
03-14 22:18:07.419  3455  3549 I MonitoringInstr: Unstopped activity count: 1
03-14 22:18:07.469  3455  3549 I MonitoringInstr: Unstopped activity count: 1
03-14 22:18:07.527  3455  3549 I MonitoringInstr: Unstopped activity count: 1
03-14 22:18:07.578  3455  3549 I MonitoringInstr: Unstopped activity count: 1
03-14 22:18:07.628  3455  3549 I MonitoringInstr: Unstopped activity count: 1
03-14 22:18:07.678  3455  3549 I MonitoringInstr: Unstopped activity count: 1
03-14 22:18:07.729  3455  3549 I MonitoringInstr: Unstopped activity count: 1
03-14 22:18:07.779  3455  3549 I MonitoringInstr: Unstopped activity count: 1
03-14 22:18:07.829  3455  3549 I MonitoringInstr: Unstopped activity count: 1
03-14 22:18:07.879  3455  3549 I MonitoringInstr: Unstopped activity count: 1
03-14 22:18:07.930  3455  3549 I MonitoringInstr: Unstopped activity count: 1
03-14 22:18:07.969  3455  3455 D VRI[MainActivity]: visibilityChanged oldVisibility=true newVisibility=false
03-14 22:18:07.984  3455  3549 I MonitoringInstr: Unstopped activity count: 1
03-14 22:18:08.003  3455  3455 D LifecycleMonitor: Lifecycle status change: com.mcfuzzysquirrel.studentfinance.MainActivity@dcb39e4 in: STOPPED
03-14 22:18:08.010  3455  3455 D LifecycleMonitor: Lifecycle status change: com.mcfuzzysquirrel.studentfinance.MainActivity@dcb39e4 in: DESTROYED
03-14 22:18:08.012  3455  3455 W WindowOnBackDispatcher: sendCancelIfRunning: isInProgress=false callback=android.view.ViewRootImpl$$ExternalSyntheticLambda11@d5d2f6e
03-14 22:18:08.036  3455  3549 I TestRunner: run finished: 1 tests, 0 failed, 0 ignored
03-14 22:18:08.064  3455  3455 W unknown:BridgelessReact: ReactHost{0}.stopSurface(surfaceId = 1): Schedule
03-14 22:18:08.064  3455  3455 W unknown:BridgelessReact: ReactHost{0}.detachSurface(surfaceId = 1)
03-14 22:18:08.065  3455  3455 W unknown:BridgelessReact: ReactHost{0}.onHostDestroy(activity)
03-14 22:18:08.065  3455  3689 W unknown:BridgelessReact: ReactHost{0}.raiseSoftException(callWithExistingReactInstance(stopSurface(surfaceId = 1))): Execute: reactInstance is null. Dropping work.
03-14 22:18:08.066  3455  3689 E unknown:ReactHost: Unhandled SoftException
03-14 22:18:08.066  3455  3689 E unknown:ReactHost: com.facebook.react.bridge.ReactNoCrashSoftException: raiseSoftException(callWithExistingReactInstance(stopSurface(surfaceId = 1))): Execute: reactInstance is null. Dropping work.
03-14 22:18:08.066  3455  3689 E unknown:ReactHost: 	at com.facebook.react.runtime.ReactHostImpl.raiseSoftException(ReactHostImpl.kt:861)
03-14 22:18:08.066  3455  3689 E unknown:ReactHost: 	at com.facebook.react.runtime.ReactHostImpl.raiseSoftException$default(ReactHostImpl.kt:852)
03-14 22:18:08.066  3455  3689 E unknown:ReactHost: 	at com.facebook.react.runtime.ReactHostImpl.callWithExistingReactInstance$lambda$31(ReactHostImpl.kt:877)
03-14 22:18:08.066  3455  3689 E unknown:ReactHost: 	at com.facebook.react.runtime.ReactHostImpl.$r8$lambda$l1K12GG-9QlElWkNW0LKLzyWgAs(Unknown Source:0)
03-14 22:18:08.066  3455  3689 E unknown:ReactHost: 	at com.facebook.react.runtime.ReactHostImpl$$ExternalSyntheticLambda32.then(D8$$SyntheticClass:0)
03-14 22:18:08.066  3455  3689 E unknown:ReactHost: 	at com.facebook.react.runtime.internal.bolts.Task$Companion.completeImmediately$lambda$3(Task.kt:360)
03-14 22:18:08.066  3455  3689 E unknown:ReactHost: 	at com.facebook.react.runtime.internal.bolts.Task$Companion.$r8$lambda$b7MTC0ufkn_2TjF4BGcNqGR9qK0(Unknown Source:0)
03-14 22:18:08.066  3455  3689 E unknown:ReactHost: 	at com.facebook.react.runtime.internal.bolts.Task$Compani