--------- beginning of main
03-14 22:16:26.532  3455  3455 I .studentfinance: Late-enabling -Xcheck:jni
03-14 22:16:26.562  3455  3455 I .studentfinance: Using CollectorTypeCMC GC.
03-14 22:16:26.562  3455  3455 W .studentfinance: Unexpected CPU variant for x86: x86_64.
03-14 22:16:26.562  3455  3455 W .studentfinance: Known variants: atom, sandybridge, silvermont, goldmont, goldmont-plus, goldmont-without-sha-xsaves, tremont, kabylake, default
03-14 22:16:26.657  3455  3455 D nativeloader: Load libframework-connectivity-tiramisu-jni.so using APEX ns com_android_tethering for caller /apex/com.android.tethering/javalib/framework-connectivity-t.jar: ok
--------- beginning of system
03-14 22:16:26.785  3455  3455 W ActivityThread: Package uses different ABI(s) than its instrumentation: package[com.mcfuzzysquirrel.studentfinance]: x86_64, null instrumentation[com.mcfuzzysquirrel.studentfinance.test]: null, null
03-14 22:16:26.794  3455  3455 W .studentfinance: ClassLoaderContext shared library size mismatch. Expected=2, found=0 (PCL[]{PCL[/system/framework/android.test.base.jar*724373495]#PCL[/system/framework/android.test.mock.jar*1452759902]} | PCL[])
03-14 22:16:26.807  3455  3455 W .studentfinance: ClassLoaderContext classpath size mismatch. expected=0, found=1 (PCL[] | PCL[/system/framework/android.test.runner.jar*2496447986])
03-14 22:16:26.819  3455  3455 W .studentfinance: ClassLoaderContext classpath size mismatch. expected=0, found=2 (PCL[] | PCL[/system/framework/android.test.runner.jar*2496447986:/system/framework/android.test.mock.jar*1452759902])
03-14 22:16:26.840  3455  3455 W ziparchive: Unable to open '/data/app/~~oO7fOtpY0SBaAz5VL4O2GA==/com.mcfuzzysquirrel.studentfinance.test-m6O053o2qV5JPvVXrC5eZA==/base.dm': No such file or directory
03-14 22:16:26.840  3455  3455 W ziparchive: Unable to open '/data/app/~~oO7fOtpY0SBaAz5VL4O2GA==/com.mcfuzzysquirrel.studentfinance.test-m6O053o2qV5JPvVXrC5eZA==/base.dm': No such file or directory
03-14 22:16:27.016  3455  3455 W ziparchive: Unable to open '/data/app/~~N9OqijdDA0IcGwJUbbgqog==/com.mcfuzzysquirrel.studentfinance-MA8F5vGhYNavvE0zLb3LeA==/base.dm': No such file or directory
03-14 22:16:27.016  3455  3455 W ziparchive: Unable to open '/data/app/~~N9OqijdDA0IcGwJUbbgqog==/com.mcfuzzysquirrel.studentfinance-MA8F5vGhYNavvE0zLb3LeA==/base.dm': No such file or directory
03-14 22:16:27.355  3455  3455 D nativeloader: Configuring clns-7 for other apk /system/framework/android.test.runner.jar:/system/framework/android.test.mock.jar:/system/framework/android.test.base.jar:/data/app/~~oO7fOtpY0SBaAz5VL4O2GA==/com.mcfuzzysquirrel.studentfinance.test-m6O053o2qV5JPvVXrC5eZA==/base.apk:/data/app/~~N9OqijdDA0IcGwJUbbgqog==/com.mcfuzzysquirrel.studentfinance-MA8F5vGhYNavvE0zLb3LeA==/base.apk. target_sdk_version=36, uses_libraries=, library_path=/data/app/~~oO7fOtpY0SBaAz5VL4O2GA==/com.mcfuzzysquirrel.studentfinance.test-m6O053o2qV5JPvVXrC5eZA==/lib/x86_64:/data/app/~~N9OqijdDA0IcGwJUbbgqog==/com.mcfuzzysquirrel.studentfinance-MA8F5vGhYNavvE0zLb3LeA==/lib/x86_64:/data/app/~~oO7fOtpY0SBaAz5VL4O2GA==/com.mcfuzzysquirrel.studentfinance.test-m6O053o2qV5JPvVXrC5eZA==/base.apk!/lib/x86_64:/data/app/~~N9OqijdDA0IcGwJUbbgqog==/com.mcfuzzysquirrel.studentfinance-MA8F5vGhYNavvE0zLb3LeA==/base.apk!/lib/x86_64, permitted_path=/data:/mnt/expand:/data/user/0/com.mcfuzzysquirrel.studentfinance
03-14 22:16:27.364  3455  3455 V GraphicsEnvironment: Currently set values for:
03-14 22:16:27.364  3455  3455 V GraphicsEnvironment:   angle_gl_driver_selection_pkgs=[]
03-14 22:16:27.364  3455  3455 V GraphicsEnvironment:   angle_gl_driver_selection_values=[]
03-14 22:16:27.365  3455  3455 V GraphicsEnvironment: Global.Settings values are invalid: number of packages: 0, number of values: 0
03-14 22:16:27.366  3455  3455 V GraphicsEnvironment: Neither updatable production driver nor prerelease driver is supported.
03-14 22:16:27.370  3455  3455 D ApplicationLoaders: Returning zygote-cached class loader: /system/framework/android.test.base.jar
03-14 22:16:27.376  3455  3455 D nativeloader: Configuring clns-8 for other apk /system/framework/android.test.mock.jar. target_sdk_version=36, uses_libraries=ALL, library_path=/data/app/~~oO7fOtpY0SBaAz5VL4O2GA==/com.mcfuzzysquirrel.studentfinance.test-m6O053o2qV5JPvVXrC5eZA==/lib/x86_64:/data/app/~~N9OqijdDA0IcGwJUbbgqog==/com.mcfuzzysquirrel.studentfinance-MA8F5vGhYNavvE0zLb3LeA==/lib/x86_64, permitted_path=/data:/mnt/expand
03-14 22:16:27.376  3455  3455 D ApplicationLoaders: Returning zygote-cached class loader: /system/framework/android.test.base.jar
03-14 22:16:27.381  3455  3455 D nativeloader: Configuring clns-9 for other apk /system/framework/android.test.runner.jar. target_sdk_version=36, uses_libraries=ALL, library_path=/data/app/~~oO7fOtpY0SBaAz5VL4O2GA==/com.mcfuzzysquirrel.studentfinance.test-m6O053o2qV5JPvVXrC5eZA==/lib/x86_64:/data/app/~~N9OqijdDA0IcGwJUbbgqog==/com.mcfuzzysquirrel.studentfinance-MA8F5vGhYNavvE0zLb3LeA==/lib/x86_64, permitted_path=/data:/mnt/expand
03-14 22:16:27.382  3455  3455 W .studentfinance: ClassLoaderContext shared library size mismatch. Expected=2, found=3 (PCL[]{PCL[/system/framework/android.test.base.jar*724373495]#PCL[/system/framework/android.test.mock.jar*1452759902]} | PCL[]{PCL[/system/framework/android.test.base.jar*724373495]#PCL[/system/framework/android.test.mock.jar*1452759902]#PCL[/system/framework/android.test.runner.jar*2496447986]{PCL[/system/framework/android.test.base.jar*724373495]#PCL[/system/framework/android.test.mock.jar*1452759902]}};PCL[/system/framework/android.test.runner.jar*2496447986:/system/framework/android.test.mock.jar*1452759902:/system/framework/android.test.base.jar*724373495:/data/app/~~oO7fOtpY0SBaAz5VL4O2GA==/com.mcfuzzysquirrel.studentfinance.test-m6O053o2qV5JPvVXrC5eZA==/base.apk*3224200876:/data/app/~~N9OqijdDA0IcGwJUbbgqog==/com.mcfuzzysquirrel.studentfinance-MA8F5vGhYNavvE0zLb3LeA==/base.apk*3383818782])
03-14 22:16:27.383  3455  3455 W .studentfinance: ClassLoaderContext classpath size mismatch. expected=0, found=1 (PCL[] | PCL[/system/framework/android.test.runner.jar*2496447986]{PCL[/system/framework/android.test.base.jar*724373495]#PCL[/system/framework/android.test.mock.jar*1452759902]#PCL[/system/framework/android.test.runner.jar*2496447986]{PCL[/system/framework/android.test.base.jar*724373495]#PCL[/system/framework/android.test.mock.jar*1452759902]}};PCL[/system/framework/android.test.runner.jar*2496447986:/system/framework/android.test.mock.jar*1452759902:/system/framework/android.test.base.jar*724373495:/data/app/~~oO7fOtpY0SBaAz5VL4O2GA==/com.mcfuzzysquirrel.studentfinance.test-m6O053o2qV5JPvVXrC5eZA==/base.apk*3224200876:/data/app/~~N9OqijdDA0IcGwJUbbgqog==/com.mcfuzzysquirrel.studentfinance-MA8F5vGhYNavvE0zLb3LeA==/base.apk*3383818782])
03-14 22:16:27.384  3455  3455 W .studentfinance: ClassLoaderContext classpath size mismatch. expected=0, found=2 (PCL[] | PCL[/system/framework/android.test.runner.jar*2496447986:/system/framework/android.test.mock.jar*1452759902]{PCL[/system/framework/android.test.base.jar*724373495]#PCL[/system/framework/android.test.mock.jar*1452759902]#PCL[/system/framework/android.test.runner.jar*2496447986]{PCL[/system/framework/android.test.base.jar*724373495]#PCL[/system/framework/android.test.mock.jar*1452759902]}};PCL[/system/framework/android.test.runner.jar*2496447986:/system/framework/android.test.mock.jar*1452759902:/system/framework/android.test.base.jar*724373495:/data/app/~~oO7fOtpY0SBaAz5VL4O2GA==/com.mcfuzzysquirrel.studentfinance.test-m6O053o2qV5JPvVXrC5eZA==/base.apk*3224200876:/data/app/~~N9OqijdDA0IcGwJUbbgqog==/com.mcfuzzysquirrel.studentfinance-MA8F5vGhYNavvE0zLb3LeA==/base.apk*3383818782])
03-14 22:16:27.384  3455  3455 W ziparchive: Unable to open '/data/app/~~oO7fOtpY0SBaAz5VL4O2GA==/com.mcfuzzysquirrel.studentfinance.test-m6O053o2qV5JPvVXrC5eZA==/base.dm': No such file or directory
03-14 22:16:27.384  3455  3455 W ziparchive: Unable to open '/data/app/~~oO7fOtpY0SBaAz5VL4O2GA==/com.mcfuzzysquirrel.studentfinance.test-m6O053o2qV5JPvVXrC5eZA==/base.dm': No such file or directory
03-14 22:16:27.478  3455  3455 W ziparchive: Unable to open '/data/app/~~N9OqijdDA0IcGwJUbbgqog==/com.mcfuzzysquirrel.studentfinance-MA8F5vGhYNavvE0zLb3LeA==/base.dm': No such file or directory
03-14 22:16:27.478  3455  3455 W ziparchive: Unable to open '/data/app/~~N9OqijdDA0IcGwJUbbgqog==/com.mcfuzzysquirrel.studentfinance-MA8F5vGhYNavvE0zLb3LeA==/base.dm': No such file or directory
03-14 22:16:27.787  3455  3455 I AndroidJUnitRunner: newApplication com.mcfuzzysquirrel.studentfinance.MainApplication
03-14 22:16:27.806  3455  3455 I AndroidJUnitRunner: onCreate Bundle[mParcelledData.dataSize=240]
03-14 22:16:27.807  3455  3455 D AndroidJUnitRunner: Use the raw file system for managing file I/O.
03-14 22:16:27.916  3455  3455 V TestEventClient: No service name argument was given (testDiscoveryService, testRunEventService or orchestratorService)
03-14 22:16:27.918  3455  3549 D AndroidJUnitRunner: onStart is called.
03-14 22:16:27.923  3455  3455 W SoLoader: Initializing SoLoader: 0
03-14 22:16:27.924  3455  3455 W SoLoader: Recording new base apk path: /data/app/~~N9OqijdDA0IcGwJUbbgqog==/com.mcfuzzysquirrel.studentfinance-MA8F5vGhYNavvE0zLb3LeA==/base.apk
03-14 22:16:27.924  3455  3455 W SoLoader: Previously recorded 0 base apk paths.
03-14 22:16:27.926  3455  3455 I SoLoader: Preparing SO source: DirectorySoSource[root = /vendor/lib64 flags = 2]
03-14 22:16:27.926  3455  3455 I SoLoader: Preparing SO source: DirectorySoSource[root = /system/lib64 flags = 2]
03-14 22:16:27.926  3455  3455 I SoLoader: Preparing SO source: DirectApkSoSource[root = [/data/app/~~N9OqijdDA0IcGwJUbbgqog==/com.mcfuzzysquirrel.studentfinance-MA8F5vGhYNavvE0zLb3LeA==/base.apk!/lib/x86_64]]
03-14 22:16:28.016  3455  3455 I SoLoader: Preparing SO source: ApplicationSoSource[DirectorySoSource[root = /data/app/~~N9OqijdDA0IcGwJUbbgqog==/com.mcfuzzysquirrel.studentfinance-MA8F5vGhYNavvE0zLb3LeA==/lib/x86_64 flags = 0]]
03-14 22:16:28.016  3455  3455 I SoLoader: init finish: 4 SO sources prepared
03-14 22:16:28.017  3455  3455 W SoLoader: SoLoader initialized: 8
03-14 22:16:28.055  3455  3455 D nativeloader: Load /data/app/~~N9OqijdDA0IcGwJUbbgqog==/com.mcfuzzysquirrel.studentfinance-MA8F5vGhYNavvE0zLb3LeA==/base.apk!/lib/x86_64/libc++_shared.so using ns clns-7 from class loader (caller=/data/app/~~N9OqijdDA0IcGwJUbbgqog==/com.mcfuzzysquirrel.studentfinance-MA8F5vGhYNavvE0zLb3LeA==/base.apk): ok
03-14 22:16:28.073  3455  3455 D nativeloader: Load /data/app/~~N9OqijdDA0IcGwJUbbgqog==/com.mcfuzzysquirrel.studentfinance-MA8F5vGhYNavvE0zLb3LeA==/base.apk!/lib/x86_64/libjsi.so using ns clns-7 from class loader (caller=/data/app/~~N9OqijdDA0IcGwJUbbgqog==/com.mcfuzzysquirrel.studentfinance-MA8F5vGhYNavvE0zLb3LeA==/base.apk): ok
03-14 22:16:28.085  3455  3455 D nativeloader: Load /data/app/~~N9OqijdDA0IcGwJUbbgqog==/com.mcfuzzysquirrel.studentfinance-MA8F5vGhYNavvE0zLb3LeA==/base.apk!/lib/x86_64/libfbjni.so using ns clns-7 from class loader (caller=/data/app/~~N9OqijdDA0IcGwJUbbgqog==/com.mcfuzzysquirrel.studentfinance-MA8F5vGhYNavvE0zLb3LeA==/base.apk): ok
03-14 22:16:28.096  3455  3455 D nativeloader: Load /data/app/~~N9OqijdDA0IcGwJUbbgqog==/com.mcfuzzysquirrel.studentfinance-MA8F5vGhYNavvE0zLb3LeA==/base.apk!/lib/x86_64/libreactnative.so using ns clns-7 from class loader (caller=/data/app/~~N9OqijdDA0IcGwJUbbgqog==/com.mcfuzzysquirrel.studentfinance-MA8F5vGhYNavvE0zLb3LeA==/base.apk): ok
03-14 22:16:28.096  3455  3455 D jni_lib_merge: Entering merged library JNI_OnLoad.
03-14 22:16:28.096  3455  3455 D jni_lib_merge: Preparing 12 pre-merged libs (including stub)
03-14 22:16:28.096  3455  3455 D jni_lib_merge: Preparing to register libfabricjni_so.  onload_func: 0x78bc1ad6b730
03-14 22:16:28.096  3455  3455 D jni_lib_merge: Preparing to register libreact_devsupportjni_so.  onload_func: 0x78bc1af68190
03-14 22:16:28.096  3455  3455 D jni_lib_merge: Preparing to register libreact_featureflagsjni_so.  onload_func: 0x78bc1af79910
03-14 22:16:28.096  3455  3455 D jni_lib_merge: Preparing to register libreact_newarchdefaults_so.  onload_func: 0x78bc1b01ad20
03-14 22:16:28.096  3455  3455 D jni_lib_merge: Preparing to register libreactnativeblob_so.  onload_func: 0x78bc1b2252e0
03-14 22:16:28.096  3455  3455 D jni_lib_merge: Preparing to register libreactnativejni_so.  onload_func: 0x78bc1b265770
03-14 22:16:28.096  3455  3455 D jni_lib_merge: Preparing to register libreactnativejni_common_so.  onload_func: 0x78bc1b2755d0
03-14 22:16:28.096  3455  3455 D jni_lib_merge: Preparing to register librninstance_so.  onload_func: 0x78bc1b2b24c0
03-14 22:16:28.096  3455  3455 D jni_lib_merge: Preparing to register libturbomodulejsijni_so.  onload_func: 0x78bc1b413c00
03-14 22:16:28.096  3455  3455 D jni_lib_merge: Preparing to register libuimanagerjni_so.  onload_func: 0x78bc1b42bde0
03-14 22:16:28.096  3455  3455 D jni_lib_merge: Preparing to register libyoga_so.  onload_func: 0x78bc1b43ad70
03-14 22:16:28.096  3455  3455 D jni_lib_merge: About to register 11 actual methods.
03-14 22:16:28.119  3455  3455 D nativeloader: Load /data/app/~~N9OqijdDA0IcGwJUbbgqog==/com.mcfuzzysquirrel.studentfinance-MA8F5vGhYNavvE0zLb3LeA==/base.apk!/lib/x86_64/libreact_codegen_rnscreens.so using ns clns-7 from class loader (caller=/data/app/~~N9OqijdDA0IcGwJUbbgqog==/com.mcfuzzysquirrel.studentfinance-MA8F5vGhYNavvE0zLb3LeA==/base.apk): ok
03-14 22:16:28.119  3455  3455 D jni_lib_merge: Entering merged library JNI_OnLoad.
03-14 22:16:28.119  3455  3455 D jni_lib_merge: Preparing 12 pre-merged libs (including stub)
03-14 22:16:28.119  3455  3455 D jni_lib_merge: Preparing to register libfabricjni_so.  onload_func: 0x78bc1ad6b730
03-14 22:16:28.119  3455  3455 D jni_lib_merge: Preparing to register libreact_devsupportjni_so.  onload_func: 0x78bc1af68190
03-14 22:16:28.119  3455  3455 D jni_lib_merge: Preparing to register libreact_featureflagsjni_so.  onload_func: 0x78bc1af79910
03-14 22:16:28.119  3455  3455 D jni_lib_merge: Preparing to register libreact_newarchdefaults_so.  onload_func: 0x78bc1b01ad20
03-14 22:16:28.119  3455  3455 D jni_lib_merge: Preparing to register libreactnativeblob_so.  onload_func: 0x78bc1b2252e0
03-14 22:16:28.119  3455  3455 D jni_lib_merge: Preparing to register libreactnativejni_so.  onload_func: 0x78bc1b265770
03-14 22:16:28.119  3455  3455 D jni_lib_merge: Preparing to register libreactnativejni_common_so.  onload_func: 0x78bc1b2755d0
03-14 22:16:28.119  3455  3455 D jni_lib_merge: Preparing to register librninstance_so.  onload_func: 0x78bc1b2b24c0
03-14 22:16:28.119  3455  3455 D jni_lib_merge: Preparing to register libturbomodulejsijni_so.  onload_func: 0x78bc1b413c00
03-14 22:16:28.119  3455  3455 D jni_lib_merge: Preparing to register libuimanagerjni_so.  onload_func: 0x78bc1b42bde0
03-14 22:16:28.119  3455  3455 D jni_lib_merge: Preparing to register libyoga_so.  onload_func: 0x78bc1b43ad70
03-14 22:16:28.119  3455  3455 D jni_lib_merge: About to register 11 actual methods.
03-14 22:16:28.129  3455  3455 D nativeloader: Load /data/app/~~N9OqijdDA0IcGwJUbbgqog==/com.mcfuzzysquirrel.studentfinance-MA8F5vGhYNavvE0zLb3LeA==/base.apk!/lib/x86_64/libreact_codegen_rnsvg.so using ns clns-7 from class loader (caller=/data/app/~~N9OqijdDA0IcGwJUbbgqog==/com.mcfuzzysquirrel.studentfinance-MA8F5vGhYNavvE0zLb3LeA==/base.apk): ok
03-14 22:16:28.129  3455  3455 D jni_lib_merge: Entering merged library JNI_OnLoad.
03-14 22:16:28.129  3455  3455 D jni_lib_merge: Preparing 12 pre-merged libs (including stub)
03-14 22:16:28.129  3455  3455 D jni_lib_merge: Preparing to register libfabricjni_so.  onload_func: 0x78bc1ad6b730
03-14 22:16:28.129  3455  3455 D jni_lib_merge: Preparing to register libreact_devsupportjni_so.  onload_func: 0x78bc1af68190
03-14 22:16:28.129  3455  3455 D jni_lib_merge: Preparing to register libreact_featureflagsjni_so.  onload_func: 0x78bc1af79910
03-14 22:16:28.129  3455  3455 D jni_lib_merge: Preparing to register libreact_newarchdefaults_so.  onload_func: 0x78bc1b01ad20
03-14 22:16:28.129  3455  3455 D jni_lib_merge: Preparing to register libreactnativeblob_so.  onload_func: 0x78bc1b2252e0
03-14 22:16:28.129  3455  3455 D jni_lib_merge: Preparing to register libreactnativejni_so.  onload_func: 0x78bc1b265770
03-14 22:16:28.129  3455  3455 D jni_lib_merge: Preparing to register libreactnativejni_common_so.  onload_func: 0x78bc1b2755d0
03-14 22:16:28.129  3455  3455 D jni_lib_merge: Preparing to register librninstance_so.  onload_func: 0x78bc1b2b24c0
03-14 22:16:28.130  3455  3455 D jni_lib_merge: Preparing to register libturbomodulejsijni_so.  onload_func: 0x78bc1b413c00
03-14 22:16:28.130  3455  3455 D jni_lib_merge: Preparing to register libuimanagerjni_so.  onload_func: 0x78bc1b42bde0
03-14 22:16:28.130  3455  3455 D jni_lib_merge: Preparing to register libyoga_so.  onload_func: 0x78bc1b43ad70
03-14 22:16:28.130  3455  3455 D jni_lib_merge: About to register 11 actual methods.
03-14 22:16:28.140  3455  3455 D nativeloader: Load /data/app/~~N9OqijdDA0IcGwJUbbgqog==/com.mcfuzzysquirrel.studentfinance-MA8F5vGhYNavvE0zLb3LeA==/base.apk!/lib/x86_64/libreact_codegen_safeareacontext.so using ns clns-7 from class loader (caller=/data/app/~~N9OqijdDA0IcGwJUbbgqog==/com.mcfuzzysquirrel.studentfinance-MA8F5vGhYNavvE0zLb3LeA==/base.apk): ok
03-14 22:16:28.145  3455  3455 D nativeloader: Load /data/app/~~N9OqijdDA0IcGwJUbbgqog==/com.mcfuzzysquirrel.studentfinance-MA8F5vGhYNavvE0zLb3LeA==/base.apk!/lib/x86_64/libappmodules.so using ns clns-7 from class loader (caller=/data/app/~~N9OqijdDA0IcGwJUbbgqog==/com.mcfuzzysquirrel.studentfinance-MA8F5vGhYNavvE0zLb3LeA==/base.apk): ok
03-14 22:16:28.263  3455  3549 I InstrConnection: Could not send broadcast or register receiver (isolatedProcess?)
03-14 22:16:28.267  3455  3549 D TestRequestBuilder: Using class path scanning to discover tests
03-14 22:16:28.269  3455  3549 I TestRequestBuilder: Scanning classpath to find tests in paths [/data/app/~~oO7fOtpY0SBaAz5VL4O2GA==/com.mcfuzzysquirrel.studentfinance.test-m6O053o2qV5JPvVXrC5eZA==/base.apk]
03-14 22:16:28.270  3455  3549 W .studentfinance: Opening an oat file without a class loader. Are you using the deprecated DexFile APIs?
03-14 22:16:28.863  3455  3549 I TestRunner: run started: 1 tests
03-14 22:16:28.863  3455  3549 I TestRunner: started: runDetoxTests(com.mcfuzzysquirrel.studentfinance.DetoxTest)
03-14 22:16:28.876  3455  3549 I Detox   : Detox server connection details: url=ws://localhost:41449, sessionId=5c692539-a6ee-7e83-5fa1-af5d9eb8837f
03-14 22:16:28.889  3455  3549 I Tracing : Tracer added: class androidx.test.platform.tracing.AndroidXTracer
03-14 22:16:28.918  3455  3549 W .studentfinance: Accessing hidden field Ljava/lang/reflect/Field;->accessFlags:I (unsupported, reflection, allowed)
03-14 22:16:28.924  3455  3549 I Detox   : Connecting to server...
03-14 22:16:28.925  3455  3549 I DetoxWSClient: At connectToServer
03-14 22:16:29.050  3455  3638 D TrafficStats: tagSocket(102) with statsTag=0xffffffff, statsUid=-1
03-14 22:16:29.070  3455  3638 D DetoxWSClient: At onOpen
03-14 22:16:29.070  3455  3638 I DetoxWSClient: Sending out action 'login' (ID #0)
03-14 22:16:29.071  3455  3638 I Detox   : Connected to server!
03-14 22:16:29.075  3455  3638 D DetoxWSClient: Received action 'loginSuccess' (ID #0, params={"testerConnected":true,"appConnected":true})
03-14 22:16:29.075  3455  3610 I DetoxDispatcher: Handling action 'loginSuccess' (ID #0)...
03-14 22:16:29.075  3455  3610 I DetoxDispatcher: Done with action 'loginSuccess'
03-14 22:16:29.076  3455  3549 I Detox   : Launching the tested activity!
03-14 22:16:29.118  3455  3638 D DetoxWSClient: Received action 'isReady' (ID #-1000, params={})
03-14 22:16:29.118  3455  3610 I DetoxDispatcher: Handling action 'isReady' (ID #-1000)...
03-14 22:16:29.615  3455  3455 D AppCompatDelegate: Checking for metadata for AppLocalesMetadataHolderService : Service not found
03-14 22:16:29.728  3455  3455 D LifecycleMonitor: Lifecycle status change: com.mcfuzzysquirrel.studentfinance.MainActivity@dcb39e4 in: PRE_ON_CREATE
03-14 22:16:30.114  3455  3686 D TrafficStats: tagSocket(109) with statsTag=0xffffffff, statsUid=-1
03-14 22:16:30.117  3455  3686 W unknown:ReconnectingWebSocket: Couldn't connect to "ws://10.0.2.2:8081/message?device=sdk_gphone64_x86_64%20-%2015%20-%20API%2035&app=com.mcfuzzysquirrel.studentfinance&clientid=BridgelessDevSupportManager", will silently retry
03-14 22:16:30.260  3455  3455 W unknown:BridgelessReact: ReactHost{0}.startSurface(surfaceId = 0): Schedule
03-14 22:16:30.260  3455  3455 W unknown:BridgelessReact: ReactHost{0}.attachSurface(surfaceId = 0)
03-14 22:16:30.262  3455  3689 W unknown:BridgelessReact: ReactHost{0}.getOrCreateReactInstanceTask()
03-14 22:16:30.262  3455  3689 W unknown:BridgelessReact: ReactHost{0}.getOrCreateReactInstanceTask(): Start
03-14 22:16:30.262  3455  3689 D Detox.RNMarker: REACT_BRIDGELESS_LOADING_START (null)
03-14 22:16:30.263  3455  3689 W unknown:BridgelessReact: ReactHost{0}.getJSBundleLoader()
03-14 22:16:30.263  3455  3689 W unknown:BridgelessReact: ReactHost{0}.isMetroRunning()
03-14 22:16:30.266  3455  3690 D TrafficStats: tagSocket(109) with statsTag=0xffffffff, statsUid=-1
03-14 22:16:30.269  3455  3690 W unknown:ReactNative: The packager does not seem to be running as we got an IOException requesting its status: Failed to connect to /10.0.2.2:8081
03-14 22:16:30.269  3455  3690 W unknown:BridgelessReact: ReactHost{0}.isMetroRunning(): Async result = false
03-14 22:16:30.270  3455  3689 W unknown:BridgelessReact: ReactHost{0}.getOrCreateReactInstanceTask(): Creating BridgelessReactContext
03-14 22:16:30.272  3455  3689 W unknown:BridgelessReact: ReactHost{0}.getOrCreateReactInstanceTask(): Creating ReactInstance
03-14 22:16:30.319  3455  3455 W .studentfinance: Accessing hidden method Landroid/view/ViewGroup;->makeOptionalFitsSystemWindows()V (unsupported, reflection, allowed)
03-14 22:16:30.324  3455  3455 D LifecycleMonitor: Lifecycle status change: com.mcfuzzysquirrel.studentfinance.MainActivity@dcb39e4 in: CREATED
03-14 22:16:30.326  3455  3455 D LifecycleMonitor: Lifecycle status change: com.mcfuzzysquirrel.studentfinance.MainActivity@dcb39e4 in: STARTED
03-14 22:16:30.333  3455  3689 D nativeloader: Load /data/app/~~N9OqijdDA0IcGwJUbbgqog==/com.mcfuzzysquirrel.studentfinance-MA8F5vGhYNavvE0zLb3LeA==/base.apk!/lib/x86_64/libhermesvm.so using ns clns-7 from class loader (caller=/data/app/~~N9OqijdDA0IcGwJUbbgqog==/com.mcfuzzysquirrel.studentfinance-MA8F5vGhYNavvE0zLb3LeA==/base.apk): ok
03-14 22:16:30.335  3455  3689 D nativeloader: Load /data/app/~~N9OqijdDA0IcGwJUbbgqog==/com.mcfuzzysquirrel.studentfinance-MA8F5vGhYNavvE0zLb3LeA==/base.apk!/lib/x86_64/libhermestooling.so using ns clns-7 from class loader (caller=/data/app/~~N9OqijdDA0IcGwJUbbgqog==/com.mcfuzzysquirrel.studentfinance-MA8F5vGhYNavvE0zLb3LeA==/base.apk): ok
03-14 22:16:30.335  3455  3689 D jni_lib_merge: Entering merged library JNI_OnLoad.
03-14 22:16:30.335  3455  3689 D jni_lib_merge: Preparing 4 pre-merged libs (including stub)
03-14 22:16:30.335  3455  3689 D jni_lib_merge: Preparing to register libhermes_executor_so.  onload_func: 0x78bc13178050
03-14 22:16:30.335  3455  3689 D jni_lib_merge: Preparing to register libhermesinstancejni_so.  onload_func: 0x78bc131ae680
03-14 22:16:30.335  3455  3689 D jni_lib_merge: Preparing to register libjsijniprofiler_so.  onload_func: 0x78bc131b03f0
03-14 22:16:30.335  3455  3689 D jni_lib_merge: About to register 3 actual methods.
03-14 22:16:30.341  3455  3455 W unknown:BridgelessReact: ReactHost{0}.onHostResume(activity)
03-14 22:16:30.341  3455  3455 W unknown:ReactNative: Packager connection already open, nooping.
03-14 22:16:30.341  3455  3455 W unknown:BridgelessReact: ReactHost{0}.ReactContext.onHostResume()
03-14 22:16:30.341  3455  3455 D LifecycleMonitor: Lifecycle status change: com.mcfuzzysquirrel.studentfinance.MainActivity@dcb39e4 in: RESUMED
03-14 22:16:30.353  3455  3455 W HWUI    : Unknown dataspace 0
03-14 22:16:30.388  3455  3694 D TrafficStats: tagSocket(116) with statsTag=0xffffffff, statsUid=-1
03-14 22:16:30.506  3455  3661 I EGL_emulation: Opening libGLESv1_CM_emulation.so
03-14 22:16:30.507  3455  3661 I EGL_emulation: Opening libGLESv2_emulation.so
03-14 22:16:30.528  3455  3661 W HWUI    : Failed to initialize 101010-2 format, error = EGL_SUCCESS
03-14 22:16:30.560  3455  3661 I Gralloc4: mapper 4.x is not supported
03-14 22:16:30.973  3455  3470 I .studentfinance: Compiler allocated 5174KB to compile void android.view.ViewRootImpl.performTraversals()
03-14 22:16:31.193  3455  3689 I ExpoModulesCore: ✅ AppContext was initialized
03-14 22:16:31.345  3455  3689 W unknown:BridgelessReact: ReactHost{0}.getOrCreateReactInstanceTask(): Loading JS Bundle
03-14 22:16:31.348  3455  3689 W unknown:BridgelessReact: ReactHost{0}.getOrCreateReactInstanceTask(): DevSupportManager.onNewReactContextCreated()
03-14 22:16:31.350  3455  3691 D Detox.RNMarker: RUN_JS_BUNDLE_START (index.android.bundle)
03-14 22:16:31.371  3455  3689 W unknown:BridgelessReact: ReactHost{0}.startSurface(surfaceId = 0): Execute
03-14 22:16:31.372  3455  3455 W unknown:ReactNative: Packager connection already open, nooping.
03-14 22:16:31.372  3455  3455 W unknown:BridgelessReact: ReactHost{0}.ReactContext.onHostResume()
03-14 22:16:31.372  3455  3455 W unknown:BridgelessReact: ReactHost{0}.getOrCreateReactInstanceTask(): Executing ReactInstanceEventListeners
03-14 22:16:31.372  3455  3455 I DetoxRNLoading: Got new RN-context through listener
03-14 22:16:31.376  3455  3549 I DetoxRNIdleRes: Setting up Espresso Idling Resources for React Native
03-14 22:16:31.392  3455  3455 D DetoxRNHelpers: Native RN module resolution (class com.reactnativecommunity.asyncstorage.AsyncStorageModule): no such class
03-14 22:16:31.392  3455  3549 D IdlingRegistry: Registering idling resources: [com.wix.detox.reactnative.idlingresources.uimodule.fabric.FabricUIManagerIdlingResources@47f278e]
03-14 22:16:31.392  3455  3549 D IdlingRegistry: Registering idling resources: [com.wix.detox.reactnative.idlingresources.animations.AnimatedModuleIdlingResource@e054baf]
03-14 22:16:31.392  3455  3549 D IdlingRegistry: Registering idling resources: [com.wix.detox.reactnative.idlingresources.timers.FabricTimersIdlingResource@daabbbc]
03-14 22:16:31.393  3455  3549 D IdlingRegistry: Registering idling resources: [com.wix.detox.reactnative.idlingresources.network.NetworkIdlingResource@64d6745]
03-14 22:16:31.393  3455  3549 D IdlingRegistry: Registering idling resources: [com.wix.detox.reactnative.idlingresources.StabilizedIdlingResource@8ca2e9a]
03-14 22:16:31.442  3455  3691 D nativeloader: Load /data/app/~~N9OqijdDA0IcGwJUbbgqog==/com.mcfuzzysquirrel.studentfinance-MA8F5vGhYNavvE0zLb3LeA==/base.apk!/lib/x86_64/libexpo-modules-core.so using ns clns-7 from class loader (caller=/data/app/~~N9OqijdDA0IcGwJUbbgqog==/com.mcfuzzysquirrel.studentfinance-MA8F5vGhYNavvE0zLb3LeA==/base.apk): ok
03-14 22:16:31.491  3455  3692 W .studentfinance: Accessing hidden method Landroid/os/MessageQueue;->next()Landroid/os/Message; (unsupported, reflection, allowed)
03-14 22:16:31.491  3455  3692 W .studentfinance: Accessing hidden field Landroid/os/MessageQueue;->mMessages:Landroid/os/Message; (unsupported, reflection, allowed)
03-14 22:16:31.491  3455  3692 W .studentfinance: Accessing hidden method Landroid/os/Message;->recycleUnchecked()V (unsupported, reflection, allowed)
03-14 22:16:31.603  3455  3691 W unknown:ViewManagerPropertyUpdater: Could not find generated setter for class com.th3rdwave.safeareacontext.SafeAreaProviderManager
03-14 22:16:31.611  3455  3691 W unknown:ViewManagerPropertyUpdater: Could not find generated setter for class com.facebook.react.uimanager.LayoutShadowNode
03-14 22:16:31.614  3455  3691 W unknown:ViewManagerPropertyUpdater: Could not find generated setter for class com.swmansion.rnscreens.SearchBarManager
03-14 22:16:31.616  3455  3691 W unknown:ViewManagerPropertyUpdater: Could not find generated setter for class com.swmansion.rnscreens.ScreenFooterManager
03-14 22:16:31.618  3455  3691 W unknown:ViewManagerPropertyUpdater: Could not find generated setter for class expo.modules.kotlin.views.GroupViewManagerWrapper
03-14 22:16:31.620  3455  3691 W unknown:ViewManagerPropertyUpdater: Could not find generated setter for class com.swmansion.rnscreens.ScreenContainerViewManager
03-14 22:16:31.624  3455  3691 W unknown:ViewManagerPropertyUpdater: Could not find generated setter for class com.swmansion.rnscreens.ModalScreenViewManager
03-14 22:16:31.627  3455  3691 W unknown:ViewManagerPropertyUpdater: Could not find generated setter for class com.swmansion.rnscreens.ScreenStackHeaderConfigViewManager
03-14 22:16:31.629  3455  3691 W unknown:ViewManagerPropertyUpdater: Could not find generated setter for class com.swmansion.rnscreens.ScreenContentWrapperManager
03-14 22:16:31.630  3455  3691 W unknown:ViewManagerPropertyUpdater: Could not find generated setter for class com.swmansion.rnscreens.gamma.tabs.TabsScreenViewManager
03-14 22:16:31.632  3455  3691 W unknown:ViewManagerPropertyUpdater: Could not find generated setter for class com.th3rdwave.safeareacontext.SafeAreaViewManager
03-14 22:16:31.635  3455  3691 W unknown:ViewManagerPropertyUpdater: Could not find generated setter for class com.th3rdwave.safeareacontext.SafeAreaViewShadowNode
03-14 22:16:31.636  3455  3691 W unknown:ViewManagerPropertyUpdater: Could not find generated setter for class com.swmansion.rnscreens.safearea.SafeAreaViewManager
03-14 22:16:31.637  3455  3691 W unknown:ViewManagerPropertyUpdater: Could not find generated setter for class com.swmansion.rnscreens.safearea.paper.SafeAreaViewShadowNode
03-14 22:16:31.638  3455  3691 W unknown:ViewManagerPropertyUpdater: Could not find generated setter for class com.swmansion.rnscreens.ScreenViewManager
03-14 22:16:31.639  3455  3470 I .studentfinance: Compiler allocated 4219KB to compile void android.widget.TextView.<init>(android.content.Context, android.util.AttributeSet, int, int)
03-14 22:16:31.639  3455  3691 W unknown:ViewManagerPropertyUpdater: Could not find generated setter for class com.swmansion.rnscreens.gamma.stack.host.StackHostViewManager
03-14 22:16:31.640  3455  3691 W unknown:ViewManagerPropertyUpdater: Could not find generated setter for class com.swmansion.rnscreens.ScreenStackHeaderSubviewManager
03-14 22:16:31.642  3455  3691 W unknown:ViewManagerPropertyUpdater: Could not find generated setter for class com.swmansion.rnscreens.gamma.stack.screen.StackScreenViewManager
03-14 22:16:31.642  3455  3691 W unknown:ViewManagerPropertyUpdater: Could not find generated setter for class com.swmansion.rnscreens.ScreenStackViewManager
03-14 22:16:31.643  3455  3691 W unknown:ViewManagerPropertyUpdater: Could not find generated setter for class com.swmansion.rnscreens.gamma.tabs.TabsHostViewManager
03-14 22:16:31.826  3455  3455 D DetoxRNHelpers: Native RN module resolution (class com.reactnativecommunity.asyncstorage.AsyncStorageModule): no such class
03-14 22:16:31.828  3455  3691 W unknown:ViewManagerPropertyUpdater: Could not find generated setter for class com.horcrux.svg.RenderableViewManager$DefsViewManager
03-14 22:16:31.828  3455  3610 W .studentfinance: Long monitor contention with owner Instr: androidx.test.runner.AndroidJUnitRunner (3549) at void com.wix.detox.DetoxMain.launchActivityOnCue(android.content.Context, com.wix.detox.ActivityLaunchHelper)(DetoxMain.kt:53) waiters=0 in void com.wix.detox.DetoxMain$setupActionHandlers$SynchronizedActionHandler.handle(java.lang.String, long) for 2.710s
03-14 22:16:31.829  3455  3691 W unknown:ViewManagerPropertyUpdater: Could not find generated setter for class com.horcrux.svg.VirtualViewManager$RenderableShadowNode
03-14 22:16:31.840  3455  3691 W unknown:ViewManagerPropertyUpdater: Could not find generated setter for class com.facebook.react.views.debuggingoverlay.DebuggingOverlayManager
03-14 22:16:31.848  3455  3691 W unknown:ViewManagerPropertyUpdater: Could not find generated setter for class com.horcrux.svg.RenderableViewManager$FeMergeManager
03-14 22:16:31.858  3455  3691 W unknown:ViewManagerPropertyUpdater: Could not find generated setter for class com.facebook.react.views.safeareaview.ReactSafeAreaViewManager
03-14 22:16:31.865  3455  3691 W unknown:ViewManagerPropertyUpdater: Could not find generated setter for class com.horcrux.svg.RenderableViewManager$LinearGradientManager
03-14 22:16:31.873  3455  3691 W unknown:ViewManagerPropertyUpdater: Could not find generated setter for class com.horcrux.svg.RenderableViewManager$FeGaussianBlurManager
03-14 22:16:31.884  3455  3691 W unknown:ViewManagerPropertyUpdater: Could not find generated setter for class com.facebook.react.views.progressbar.ReactProgressBarViewManager
03-14 22:16:31.886  3455  3691 W unknown:ViewManagerPropertyUpdater: Could not find generated setter for class com.facebook.react.views.progressbar.ProgressBarShadowNode
03-14 22:16:31.893  3455  3691 W unknown:ViewManagerPropertyUpdater: Could not find generated setter for class com.facebook.react.views.scroll.ReactHorizontalScrollViewManager
03-14 22:16:31.905  3455  3691 W unknown:ViewManagerPropertyUpdater: Could not find generated setter for class com.facebook.react.views.text.ReactTextViewManager
03-14 22:16:31.906  3455  3691 W unknown:ViewManagerPropertyUpdater: Could not find generated setter for class com.facebook.react.views.text.ReactTextShadowNode
03-14 22:16:31.917  3455  3691 W unknown:ViewManagerPropertyUpdater: Could not find generated setter for class com.horcrux.svg.RenderableViewManager$FeColorMatrixManager
03-14 22:16:31.931  3455  3691 W unknown:ViewManagerPropertyUpdater: Could not find generated setter for class com.facebook.react.views.scroll.ReactHorizontalScrollContainerViewManager
03-14 22:16:31.940  3455  3691 W unknown:ViewManagerPropertyUpdater: Could not find generated setter for class com.horcrux.svg.RenderableViewManager$ClipPathViewManager
03-14 22:16:31.948  3455  3691 W unknown:ViewManagerPropertyUpdater: Could not find generated setter for class com.horcrux.svg.RenderableViewManager$SymbolManager
03-14 22:16:31.960  3455  3691 W unknown:ViewManagerPropertyUpdater: Could not find generated setter for class com.horcrux.svg.RenderableViewManager$PatternManager
03-14 22:16:31.977  3455  3691 W unknown:ViewManagerPropertyUpdater: Could not find generated setter for class com.horcrux.svg.RenderableViewManager$FeBlendManager
03-14 22:16:31.985  3455  3691 W unknown:ViewManagerPropertyUpdater: Could not find generated setter for class com.facebook.react.views.view.ReactViewManager
03-14 22:16:31.995  3455  3691 W unknown:ViewManagerPropertyUpdater: Could not find generated setter for class com.horcrux.svg.SvgViewManager
03-14 22:16:32.005  3455  3691 W unknown:ViewManagerPropertyUpdater: Could not find generated setter for class com.facebook.react.views.switchview.ReactSwitchManager
03-14 22:16:32.006  3455  3691 W unknown:ViewManagerPropertyUpdater: Could not find generated setter for class com.facebook.react.views.switchview.ReactSwitchShadowNode
03-14 22:16:32.013  3455  3691 W unknown:ViewManagerPropertyUpdater: Could not find generated setter for class com.horcrux.svg.RenderableViewManager$UseViewManager
03-14 22:16:32.026  3455  3691 W unknown:ViewManagerPropertyUpdater: Could not find generated setter for class com.horcrux.svg.RenderableViewManager$CircleViewManager
03-14 22:16:32.034  3455  3691 W unknown:ViewManagerPropertyUpdater: Could not find generated setter for class com.horcrux.svg.RenderableViewManager$TSpanViewManager
03-14 22:16:32.044  3455  3691 W unknown:ViewManagerPropertyUpdater: Could not find generated setter for class com.horcrux.svg.RenderableViewManager$FilterManager
03-14 22:16:32.055  3455  3691 W unknown:ViewManagerPropertyUpdater: Could not find generated setter for class com.horcrux.svg.RenderableViewManager$MarkerManager
03-14 22:16:32.070  3455  3691 W unknown:ViewManagerPropertyUpdater: Could not find generated setter for class com.swmansion.gesturehandler.react.RNGestureHandlerButtonViewManager
03-14 22:16:32.078  3455  3691 W unknown:ViewManagerPropertyUpdater: Could not find generated setter for class com.facebook.react.views.modal.ReactModalHostManager
03-14 22:16:32.088  3455  3691 W unknown:ViewManagerPropertyUpdater: Could not find generated setter for class com.horcrux.svg.RenderableViewManager$ForeignObjectManager
03-14 22:16:32.096  3455  3691 W unknown:ViewManagerPropertyUpdater: Could not find generated setter for class com.horcrux.svg.RenderableViewManager$EllipseViewManager
03-14 22:16:32.105  3455  3691 W unknown:ViewManagerPropertyUpdater: Could not find generated setter for class com.horcrux.svg.RenderableViewManager$LineViewManager
03-14 22:16:32.113  3455  3691 W unknown:ViewManagerPropertyUpdater: Could not find generated setter for class com.facebook.react.views.text.frescosupport.FrescoBasedReactTextInlineImageViewManager
03-14 22:16:32.113  3455  3691 W unknown:ViewManagerPropertyUpdater: Could not find generated setter for class com.facebook.react.views.text.frescosupport.FrescoBasedReactTextInlineImageShadowNode
03-14 22:16:32.120  3455  3691 W unknown:ViewManagerPropertyUpdater: Could not find generated setter for class com.horcrux.svg.RenderableViewManager$FeFloodManager
03-14 22:16:32.123  3455  3686 D TrafficStats: tagSocket(132) with statsTag=0xffffffff, statsUid=-1
03-14 22:16:32.128  3455  3691 W unknown:ViewManagerPropertyUpdater: Could not find generated setter for class com.horcrux.svg.RenderableViewManager$GroupViewManager
03-14 22:16:32.136  3455  3691 W unknown:ViewManagerPropertyUpdater: Could not find generated setter for class com.horcrux.svg.RenderableViewManager$TextViewManager
03-14 22:16:32.144  3455  3691 W unknown:ViewManagerPropertyUpdater: Could not find generated setter for class com.horcrux.svg.RenderableViewManager$ImageViewManager
03-14 22:16:32.154  3455  3691 W unknown:ViewManagerPropertyUpdater: Could not find generated setter for class com.horcrux.svg.RenderableViewManager$FeCompositeManager
03-14 22:16:32.163  3455  3691 W unknown:ViewManagerPropertyUpdater: Could not find generated setter for class com.facebook.react.views.image.ReactImageManager
03-14 22:16:32.170  3455  3691 W unknown:ViewManagerPropertyUpdater: Could not find generated setter for class com.horcrux.svg.RenderableViewManager$RadialGradientManager
03-14 22:16:32.178  3455  3691 W unknown:ViewManagerPropertyUpdater: Could not find generated setter for class com.horcrux.svg.RenderableViewManager$MaskManager
03-14 22:16:32.187  3455  3691 W unknown:ViewManagerPropertyUpdater: Could not find generated setter for class com.facebook.react.views.unimplementedview.ReactUnimplementedViewManager
03-14 22:16:32.199  3455  3691 W unknown:ViewManagerPropertyUpdater: Could not find generated setter for class com.horcrux.svg.RenderableViewManager$RectViewManager
03-14 22:16:32.207  3455  3691 W unknown:ViewManagerPropertyUpdater: Could not find generated setter for class com.horcrux.svg.RenderableViewManager$TextPathViewManager
03-14 22:16:32.218  3455  3691 W unknown:ViewManagerPropertyUpdater: Could not find generated setter for class com.facebook.react.views.scroll.ReactScrollViewManager
03-14 22:16:32.226  3455  3691 W unknown:ViewManagerPropertyUpdater: Could not find generated setter for class com.horcrux.svg.RenderableViewManager$FeOffsetManager
03-14 22:16:32.233  3455  3691 W unknown:ViewManagerPropertyUpdater: Could not find generated setter for class com.horcrux.svg.RenderableViewManager$PathViewManager
03-14 22:16:32.242  3455  3691 W unknown:ViewManagerPropertyUpdater: Could not find generated setter for class com.facebook.react.views.drawer.ReactDrawerLayoutManager
03-14 22:16:32.250  3455  3691 W unknown:ViewManagerPropertyUpdater: Could not find generated setter for class com.facebook.react.views.swiperefresh.SwipeRefreshLayoutManager
03-14 22:16:32.260  3455  3691 W unknown:ViewManagerPropertyUpdater: Could not find generated setter for class com.facebook.react.views.textinput.ReactTextInputManager
03-14 22:16:32.262  3455  3691 W unknown:ViewManagerPropertyUpdater: Could not find generated setter for class com.facebook.react.views.textinput.ReactTextInputShadowNode
03-14 22:16:32.273  3455  3691 W unknown:ViewManagerPropertyUpdater: Could not find generated setter for class com.swmansion.gesturehandler.react.RNGestureHandlerRootViewManager
03-14 22:16:32.346  3455  3691 W BridgelessReactContext: [WARNING] Bridgeless doesn't support CatalystInstance. Accessing an API that's not part of the new architecture is not encouraged usage.
03-14 22:16:32.359  3455  3691 I ExpoModulesCore: ✅ JSI interop was installed
03-14 22:16:32.360  3455  3691 I ExpoModulesCore: ✅ Constants were exported
03-14 22:16:32.392  3455  3691 D nativeloader: Load /data/app/~~N9OqijdDA0IcGwJUbbgqog==/com.mcfuzzysquirrel.studentfinance-MA8F5vGhYNavvE0zLb3LeA==/base.apk!/lib/x86_64/librnscreens.so using ns clns-7 from class loader (caller=/data/app/~~N9OqijdDA0IcGwJUbbgqog==/com.mcfuzzysquirrel.studentfinance-MA8F5vGhYNavvE0zLb3LeA==/base.apk!classes16.dex): ok
03-14 22:16:32.440  3455  3694 D TrafficStats: tagSocket(132) with statsTag=0xffffffff, statsUid=-1
03-14 22:16:32.709  3455  3691 D Detox.RNMarker: RUN_JS_BUNDLE_END (index.android.bundle)
03-14 22:16:32.712  3455  3691 I ReactNativeJS: Running "main"
03-14 22:16:32.729  3455  3691 D Detox.RNMarker: REACT_BRIDGELESS_LOADING_END (null)
03-14 22:16:32.734  3455  3455 I ReactNative: [GESTURE HANDLER] Initialize gesture handler for root view com.facebook.react.runtime.ReactSurfaceView{110f860 V.E...... ......ID 0,0-1080,2400 #1}
03-14 22:16:32.738  3455  3455 D Detox.RNMarker: CONTENT_APPEARED (main)
03-14 22:16:32.756  3455  3691 D nativeloader: Load /data/app/~~N9OqijdDA0IcGwJUbbgqog==/com.mcfuzzysquirrel.studentfinance-MA8F5vGhYNavvE0zLb3LeA==/base.apk!/lib/x86_64/libgesturehandler.so using ns clns-7 from class loader (caller=/data/app/~~N9OqijdDA0IcGwJUbbgqog==/com.mcfuzzysquirrel.studentfinance-MA8F5vGhYNavvE0zLb3LeA==/base.apk): ok
03-14 22:16:32.756  3455  3691 D jni_lib_merge: Entering merged library JNI_OnLoad.
03-14 22:16:32.756  3455  3691 D jni_lib_merge: Preparing 12 pre-merged libs (including stub)
03-14 22:16:32.756  3455  3691 D jni_lib_merge: Preparing to register libfabricjni_so.  onload_func: 0x78bc1ad6b730
03-14 22:16:32.756  3455  3691 D jni_lib_merge: Preparing to register libreact_devsupportjni_so.  onload_func: 0x78bc1af68190
03-14 22:16:32.756  3455  3691 D jni_lib_merge: Preparing to register libreact_featureflagsjni_so.  onload_func: 0x78bc1af79910
03-14 22:16:32.756  3455  3691 D jni_lib_merge: Preparing to register libreact_newarchdefaults_so.  onload_func: 0x78bc1b01ad20
03-14 22:16:32.756  3455  3691 D jni_lib_merge: Preparing to register libreactnativeblob_so.  onload_func: 0x78bc1b2252e0
03-14 22:16:32.756  3455  3691 D jni_lib_merge: Preparing to register libreactnativejni_so.  onload_func: 0x78bc1b265770
03-14 22:16:32.756  3455  3691 D jni_lib_merge: Preparing to register libreactnativejni_common_so.  onload_func: 0x78bc1b2755d0
03-14 22:16:32.756  3455  3691 D jni_lib_merge: Preparing to register librninstance_so.  onload_func: 0x78bc1b2b24c0
03-14 22:16:32.756  3455  3691 D jni_lib_merge: Preparing to register libturbomodulejsijni_so.  onload_func: 0x78bc1b413c00
03-14 22:16:32.756  3455  3691 D jni_lib_merge: Preparing to register libuimanagerjni_so.  onload_func: 0x78bc1b42bde0
03-14 22:16:32.756  3455  3691 D jni_lib_merge: Preparing to register libyoga_so.  onload_func: 0x78bc1b43ad70
03-14 22:16:32.756  3455  3691 D jni_lib_merge: About to register 11 actual methods.
03-14 22:16:32.834  3455  3691 D nativeloader: Load /data/app/~~N9OqijdDA0IcGwJUbbgqog==/com.mcfuzzysquirrel.studentfinance-MA8F5vGhYNavvE0zLb3LeA==/base.apk!/lib/x86_64/libexpo-sqlite.so using ns clns-7 from class loader (caller=/data/app/~~N9OqijdDA0IcGwJUbbgqog==/com.mcfuzzysquirrel.studentfinance-MA8F5vGhYNavvE0zLb3LeA==/base.apk!classes20.dex): ok
03-14 22:16:33.041  3455  3455 W UiControllerImpl: Waiting for: DYNAMIC_TASKS_HAVE_IDLED for 100 iterations.
03-14 22:16:33.265  3455  3691 E ReactNativeJS: { [Error: Element type is invalid: expected a string (for built-in components) or a class/function (for composite components) but got: object.]
03-14 22:16:33.267  3455  3691 E ReactNativeJS:   componentStack: '\n    at StaticContainer (address at index.android.bundle:1:927929)\n    at EnsureSingleNavigator (address at index.android.bundle:1:873788)\n    at SceneView (address at index.android.bundle:1:925953)\n    at NavigationProvider (address at index.android.bundle:1:904371)\n    at RCTView (<anonymous>)\n    at View (address at index.android.bundle:1:148692)\n    at RCTView (<anonymous>)\n    at View (address at index.android.bundle:1:148692)\n    at Animated(View) (address at index.android.bundle:1:567439)\n    at Background (address at index.android.bundle:1:968374)\n    at Screen (address at index.android.bundle:1:1010205)\n    at RNSScreen (<anonymous>)\n    at Animated(Anonymous) (address at index.android.bundle:1:567439)\n    at Suspender (address at index.android.bundle:1:1026365)\n    at Suspense (<anonymous>)\n    at Freeze (address at index.android.bundle:1:1026425)\n    at DelayedFreeze (address at index.android.bundle:1:1026007)\n    at InnerScreen (address at index.android.bundle:1:1023395)\n    at anonymous (address at index.android.bundle:1:1025439)\n    at MaybeScreen (address at index.android.bundle:1:1020046)\n    at RNSScreenContainer (<anonymous>)\n    at ScreenContainer (address at index.android.bundle:1:1036269)\n    at MaybeScreenContainer (address at index.android.bundle:1:1020209)\n    at RCTView (<anonymous>)\n    at View (address at index.android.bundle:1:148692)\n    at FrameSizeProvider (address at index.android.bundle:1:998002)\n    at SafeAreaProviderCompat (address at index.android.bundle:1:1009413)\n    at BottomTabView (address at index.android.bundle:1:962842)\n    at PreventRemoveProvider (address at index.android.bundle:1:906668)\n    at NavigationStateListenerProvider (address at index.android.bundle:1:933250)\n    at NavigationContent (address at index.android.bundle:1:923171)\n    at anonymous (address at index.android.bundle:1:923074)\n    at BottomTabNavigator (address at index.android.bundle:1:961923)\n    at TabNavigator (<anonymous>)\n    at StaticContainer (address at index.android.bundle:1:927929)\n    at EnsureSingleNavigator (address at index.android.bundle:1:873788)\n    at SceneView (address at index.android.bundle:1:925953)\n    at NavigationProvider (address at index.android.bundle:1:904371)\n    at RNSScreenContentWrapper (<anonymous>)\n    at ScreenContentWrapper (<anonymous>)\n    at DebugContainer (address at index.android.bundle:1:1040184)\n    at RNSScreen (<anonymous>)\n    at Animated(Anonymous) (address at index.android.bundle:1:567439)\n    at Suspender (address at index.android.bundle:1:1026365)\n    at Suspense (<anonymous>)\n    at Freeze (address at index.android.bundle:1:1026425)\n    at DelayedFreeze (address at index.android.bundle:1:1026007)\n    at InnerScreen (address at index.android.bundle:1:1023395)\n    at anonymous (address at index.android.bundle:1:1025439)\n    at ScreenStackItem (address at index.android.bundle:1:1038934)\n    at NavigationProvider (address at index.android.bundle:1:904371)\n    at SceneView (address at index.android.bundle:1:1052468)\n    at RNSScreenStack (<anonymous>)\n    at anonymous (address at index.android.bundle:1:1038026)\n    at ScreenStack (address at index.android.bundle:1:1037187)\n    at RCTView (<anonymous>)\n    at View (address at index.android.bundle:1:148692)\n    at FrameSizeProvider (address at index.android.bundle:1:998002)\n    at SafeAreaProviderCompat (address at index.android.bundle:1:1009413)\n    at NativeStackView (address at index.android.bundle:1:1051030)\n    at PreventRemoveProvider (address at index.android.bundle:1:906668)\n    at NavigationStateListenerProvider (address at index.android.bundle:1:933250)\n    at NavigationContent (address at index.android.bundle:1:923171)\n    at anonymous (address at index.android.bundle:1:923074)\n    at NativeStackNavigator (address at index.android.bundle:1:1049756)\n    at RootNavigator (<anonymous>)\n    at ThemeProvider (address at index.android.bundle:1:8759
03-14 22:16:33.267  3455  3691 E ReactNativeJS:   isComponentError: true }
03-14 22:16:33.276  3455  3455 I ReactNative: [GESTURE HANDLER] Tearing down gesture handler registered for root view com.facebook.react.runtime.ReactSurfaceView{110f860 V.E...... ......ID 0,0-1080,2400 #1}
03-14 22:16:33.369  3455  3692 W unknown:BridgelessReact: ReactHost{0}.handleHostException(message = "Error: Element type is invalid: expected a string (for built-in components) or a class/function (for composite components) but got: object.
03-14 22:16:33.369  3455  3692 W unknown:BridgelessReact: 
03-14 22:16:33.369  3455  3692 W unknown:BridgelessReact: This error is located at:
03-14 22:16:33.369  3455  3692 W unknown:BridgelessReact:     at StaticContainer (address at index.android.bundle:1:927929)
03-14 22:16:33.369  3455  3692 W unknown:BridgelessReact:     at EnsureSingleNavigator (address at index.android.bundle:1:873788)
03-14 22:16:33.369  3455  3692 W unknown:BridgelessReact:     at SceneView (address at index.android.bundle:1:925953)
03-14 22:16:33.369  3455  3692 W unknown:BridgelessReact:     at NavigationProvider (address at index.android.bundle:1:904371)
03-14 22:16:33.369  3455  3692 W unknown:BridgelessReact:     at RCTView (<anonymous>)
