--------- beginning of main
03-14 21:49:53.507  6989  6989 D nativeloader: Configuring clns-7 for other apk /system/framework/android.test.runner.jar:/system/framework/android.test.mock.jar:/system/framework/android.test.base.jar:/data/app/~~5mqvf3gfopaZ04Tv9NIKXw==/com.mcfuzzysquirrel.studentfinance.test-TMWDOIKQbyiWNw4tDi8vzw==/base.apk:/data/app/~~MM-1NtLWaMQfS7ZCcSwLFg==/com.mcfuzzysquirrel.studentfinance-T5Guv6xD-nDP5gWtps8oTw==/base.apk. target_sdk_version=36, uses_libraries=, library_path=/data/app/~~5mqvf3gfopaZ04Tv9NIKXw==/com.mcfuzzysquirrel.studentfinance.test-TMWDOIKQbyiWNw4tDi8vzw==/lib/x86_64:/data/app/~~MM-1NtLWaMQfS7ZCcSwLFg==/com.mcfuzzysquirrel.studentfinance-T5Guv6xD-nDP5gWtps8oTw==/lib/x86_64:/data/app/~~5mqvf3gfopaZ04Tv9NIKXw==/com.mcfuzzysquirrel.studentfinance.test-TMWDOIKQbyiWNw4tDi8vzw==/base.apk!/lib/x86_64:/data/app/~~MM-1NtLWaMQfS7ZCcSwLFg==/com.mcfuzzysquirrel.studentfinance-T5Guv6xD-nDP5gWtps8oTw==/base.apk!/lib/x86_64, permitted_path=/data:/mnt/expand:/data/user/0/com.mcfuzzysquirrel.studentfinance
03-14 21:49:53.538  6989  6989 V GraphicsEnvironment: Currently set values for:
03-14 21:49:53.538  6989  6989 V GraphicsEnvironment:   angle_gl_driver_selection_pkgs=[]
03-14 21:49:53.538  6989  6989 V GraphicsEnvironment:   angle_gl_driver_selection_values=[]
03-14 21:49:53.538  6989  6989 V GraphicsEnvironment: Global.Settings values are invalid: number of packages: 0, number of values: 0
03-14 21:49:53.538  6989  6989 V GraphicsEnvironment: Neither updatable production driver nor prerelease driver is supported.
03-14 21:49:53.545  6989  6989 D ApplicationLoaders: Returning zygote-cached class loader: /system/framework/android.test.base.jar
03-14 21:49:53.560  6989  6989 D nativeloader: Configuring clns-8 for other apk /system/framework/android.test.mock.jar. target_sdk_version=36, uses_libraries=ALL, library_path=/data/app/~~5mqvf3gfopaZ04Tv9NIKXw==/com.mcfuzzysquirrel.studentfinance.test-TMWDOIKQbyiWNw4tDi8vzw==/lib/x86_64:/data/app/~~MM-1NtLWaMQfS7ZCcSwLFg==/com.mcfuzzysquirrel.studentfinance-T5Guv6xD-nDP5gWtps8oTw==/lib/x86_64, permitted_path=/data:/mnt/expand
03-14 21:49:53.578  6989  6989 D ApplicationLoaders: Returning zygote-cached class loader: /system/framework/android.test.base.jar
03-14 21:49:53.587  6989  6989 D nativeloader: Configuring clns-9 for other apk /system/framework/android.test.runner.jar. target_sdk_version=36, uses_libraries=ALL, library_path=/data/app/~~5mqvf3gfopaZ04Tv9NIKXw==/com.mcfuzzysquirrel.studentfinance.test-TMWDOIKQbyiWNw4tDi8vzw==/lib/x86_64:/data/app/~~MM-1NtLWaMQfS7ZCcSwLFg==/com.mcfuzzysquirrel.studentfinance-T5Guv6xD-nDP5gWtps8oTw==/lib/x86_64, permitted_path=/data:/mnt/expand
03-14 21:49:53.588  6989  6989 W .studentfinance: ClassLoaderContext shared library size mismatch. Expected=2, found=3 (PCL[]{PCL[/system/framework/android.test.base.jar*724373495]#PCL[/system/framework/android.test.mock.jar*1452759902]} | PCL[]{PCL[/system/framework/android.test.base.jar*724373495]#PCL[/system/framework/android.test.mock.jar*1452759902]#PCL[/system/framework/android.test.runner.jar*2496447986]{PCL[/system/framework/android.test.base.jar*724373495]#PCL[/system/framework/android.test.mock.jar*1452759902]}};PCL[/system/framework/android.test.runner.jar*2496447986:/system/framework/android.test.mock.jar*1452759902:/system/framework/android.test.base.jar*724373495:/data/app/~~5mqvf3gfopaZ04Tv9NIKXw==/com.mcfuzzysquirrel.studentfinance.test-TMWDOIKQbyiWNw4tDi8vzw==/base.apk*3224200876:/data/app/~~MM-1NtLWaMQfS7ZCcSwLFg==/com.mcfuzzysquirrel.studentfinance-T5Guv6xD-nDP5gWtps8oTw==/base.apk*707418998])
03-14 21:49:53.589  6989  6989 W .studentfinance: ClassLoaderContext classpath size mismatch. expected=0, found=1 (PCL[] | PCL[/system/framework/android.test.runner.jar*2496447986]{PCL[/system/framework/android.test.base.jar*724373495]#PCL[/system/framework/android.test.mock.jar*1452759902]#PCL[/system/framework/android.test.runner.jar*2496447986]{PCL[/system/framework/android.test.base.jar*724373495]#PCL[/system/framework/android.test.mock.jar*1452759902]}};PCL[/system/framework/android.test.runner.jar*2496447986:/system/framework/android.test.mock.jar*1452759902:/system/framework/android.test.base.jar*724373495:/data/app/~~5mqvf3gfopaZ04Tv9NIKXw==/com.mcfuzzysquirrel.studentfinance.test-TMWDOIKQbyiWNw4tDi8vzw==/base.apk*3224200876:/data/app/~~MM-1NtLWaMQfS7ZCcSwLFg==/com.mcfuzzysquirrel.studentfinance-T5Guv6xD-nDP5gWtps8oTw==/base.apk*707418998])
03-14 21:49:53.592  6989  6989 W .studentfinance: ClassLoaderContext classpath size mismatch. expected=0, found=2 (PCL[] | PCL[/system/framework/android.test.runner.jar*2496447986:/system/framework/android.test.mock.jar*1452759902]{PCL[/system/framework/android.test.base.jar*724373495]#PCL[/system/framework/android.test.mock.jar*1452759902]#PCL[/system/framework/android.test.runner.jar*2496447986]{PCL[/system/framework/android.test.base.jar*724373495]#PCL[/system/framework/android.test.mock.jar*1452759902]}};PCL[/system/framework/android.test.runner.jar*2496447986:/system/framework/android.test.mock.jar*1452759902:/system/framework/android.test.base.jar*724373495:/data/app/~~5mqvf3gfopaZ04Tv9NIKXw==/com.mcfuzzysquirrel.studentfinance.test-TMWDOIKQbyiWNw4tDi8vzw==/base.apk*3224200876:/data/app/~~MM-1NtLWaMQfS7ZCcSwLFg==/com.mcfuzzysquirrel.studentfinance-T5Guv6xD-nDP5gWtps8oTw==/base.apk*707418998])
03-14 21:49:53.593  6989  6989 W ziparchive: Unable to open '/data/app/~~5mqvf3gfopaZ04Tv9NIKXw==/com.mcfuzzysquirrel.studentfinance.test-TMWDOIKQbyiWNw4tDi8vzw==/base.dm': No such file or directory
03-14 21:49:53.593  6989  6989 W ziparchive: Unable to open '/data/app/~~5mqvf3gfopaZ04Tv9NIKXw==/com.mcfuzzysquirrel.studentfinance.test-TMWDOIKQbyiWNw4tDi8vzw==/base.dm': No such file or directory
03-14 21:49:53.689  6989  6989 W ziparchive: Unable to open '/data/app/~~MM-1NtLWaMQfS7ZCcSwLFg==/com.mcfuzzysquirrel.studentfinance-T5Guv6xD-nDP5gWtps8oTw==/base.dm': No such file or directory
03-14 21:49:53.689  6989  6989 W ziparchive: Unable to open '/data/app/~~MM-1NtLWaMQfS7ZCcSwLFg==/com.mcfuzzysquirrel.studentfinance-T5Guv6xD-nDP5gWtps8oTw==/base.dm': No such file or directory
03-14 21:49:53.983  6989  6989 I AndroidJUnitRunner: newApplication com.mcfuzzysquirrel.studentfinance.MainApplication
03-14 21:49:54.002  6989  6989 I AndroidJUnitRunner: onCreate Bundle[mParcelledData.dataSize=240]
03-14 21:49:54.003  6989  6989 D AndroidJUnitRunner: Use the raw file system for managing file I/O.
03-14 21:49:54.061  6989  6989 V TestEventClient: No service name argument was given (testDiscoveryService, testRunEventService or orchestratorService)
03-14 21:49:54.061  6989  7141 D AndroidJUnitRunner: onStart is called.
03-14 21:49:54.065  6989  6989 W SoLoader: Initializing SoLoader: 0
03-14 21:49:54.068  6989  6989 W SoLoader: Recording new base apk path: /data/app/~~MM-1NtLWaMQfS7ZCcSwLFg==/com.mcfuzzysquirrel.studentfinance-T5Guv6xD-nDP5gWtps8oTw==/base.apk
03-14 21:49:54.068  6989  6989 W SoLoader: Previously recorded 0 base apk paths.
03-14 21:49:54.070  6989  6989 I SoLoader: Preparing SO source: DirectorySoSource[root = /vendor/lib64 flags = 2]
03-14 21:49:54.070  6989  6989 I SoLoader: Preparing SO source: DirectorySoSource[root = /system/lib64 flags = 2]
03-14 21:49:54.070  6989  6989 I SoLoader: Preparing SO source: DirectApkSoSource[root = [/data/app/~~MM-1NtLWaMQfS7ZCcSwLFg==/com.mcfuzzysquirrel.studentfinance-T5Guv6xD-nDP5gWtps8oTw==/base.apk!/lib/x86_64]]
03-14 21:49:54.085  6989  6989 I SoLoader: Preparing SO source: ApplicationSoSource[DirectorySoSource[root = /data/app/~~MM-1NtLWaMQfS7ZCcSwLFg==/com.mcfuzzysquirrel.studentfinance-T5Guv6xD-nDP5gWtps8oTw==/lib/x86_64 flags = 0]]
03-14 21:49:54.085  6989  6989 I SoLoader: init finish: 4 SO sources prepared
03-14 21:49:54.086  6989  6989 W SoLoader: SoLoader initialized: 8
03-14 21:49:54.104  6989  6989 D nativeloader: Load /data/app/~~MM-1NtLWaMQfS7ZCcSwLFg==/com.mcfuzzysquirrel.studentfinance-T5Guv6xD-nDP5gWtps8oTw==/base.apk!/lib/x86_64/libc++_shared.so using ns clns-7 from class loader (caller=/data/app/~~MM-1NtLWaMQfS7ZCcSwLFg==/com.mcfuzzysquirrel.studentfinance-T5Guv6xD-nDP5gWtps8oTw==/base.apk): ok
03-14 21:49:54.115  6989  6989 D nativeloader: Load /data/app/~~MM-1NtLWaMQfS7ZCcSwLFg==/com.mcfuzzysquirrel.studentfinance-T5Guv6xD-nDP5gWtps8oTw==/base.apk!/lib/x86_64/libjsi.so using ns clns-7 from class loader (caller=/data/app/~~MM-1NtLWaMQfS7ZCcSwLFg==/com.mcfuzzysquirrel.studentfinance-T5Guv6xD-nDP5gWtps8oTw==/base.apk): ok
03-14 21:49:54.123  6989  6989 D nativeloader: Load /data/app/~~MM-1NtLWaMQfS7ZCcSwLFg==/com.mcfuzzysquirrel.studentfinance-T5Guv6xD-nDP5gWtps8oTw==/base.apk!/lib/x86_64/libfbjni.so using ns clns-7 from class loader (caller=/data/app/~~MM-1NtLWaMQfS7ZCcSwLFg==/com.mcfuzzysquirrel.studentfinance-T5Guv6xD-nDP5gWtps8oTw==/base.apk): ok
03-14 21:49:54.130  6989  6989 D nativeloader: Load /data/app/~~MM-1NtLWaMQfS7ZCcSwLFg==/com.mcfuzzysquirrel.studentfinance-T5Guv6xD-nDP5gWtps8oTw==/base.apk!/lib/x86_64/libreactnative.so using ns clns-7 from class loader (caller=/data/app/~~MM-1NtLWaMQfS7ZCcSwLFg==/com.mcfuzzysquirrel.studentfinance-T5Guv6xD-nDP5gWtps8oTw==/base.apk): ok
03-14 21:49:54.130  6989  6989 D jni_lib_merge: Entering merged library JNI_OnLoad.
03-14 21:49:54.130  6989  6989 D jni_lib_merge: Preparing 12 pre-merged libs (including stub)
03-14 21:49:54.130  6989  6989 D jni_lib_merge: Preparing to register libfabricjni_so.  onload_func: 0x78e5d096b730
03-14 21:49:54.130  6989  6989 D jni_lib_merge: Preparing to register libreact_devsupportjni_so.  onload_func: 0x78e5d0b68190
03-14 21:49:54.130  6989  6989 D jni_lib_merge: Preparing to register libreact_featureflagsjni_so.  onload_func: 0x78e5d0b79910
03-14 21:49:54.130  6989  6989 D jni_lib_merge: Preparing to register libreact_newarchdefaults_so.  onload_func: 0x78e5d0c1ad20
03-14 21:49:54.130  6989  6989 D jni_lib_merge: Preparing to register libreactnativeblob_so.  onload_func: 0x78e5d0e252e0
03-14 21:49:54.130  6989  6989 D jni_lib_merge: Preparing to register libreactnativejni_so.  onload_func: 0x78e5d0e65770
03-14 21:49:54.130  6989  6989 D jni_lib_merge: Preparing to register libreactnativejni_common_so.  onload_func: 0x78e5d0e755d0
03-14 21:49:54.130  6989  6989 D jni_lib_merge: Preparing to register librninstance_so.  onload_func: 0x78e5d0eb24c0
03-14 21:49:54.130  6989  6989 D jni_lib_merge: Preparing to register libturbomodulejsijni_so.  onload_func: 0x78e5d1013c00
03-14 21:49:54.130  6989  6989 D jni_lib_merge: Preparing to register libuimanagerjni_so.  onload_func: 0x78e5d102bde0
03-14 21:49:54.130  6989  6989 D jni_lib_merge: Preparing to register libyoga_so.  onload_func: 0x78e5d103ad70
03-14 21:49:54.130  6989  6989 D jni_lib_merge: About to register 11 actual methods.
03-14 21:49:54.149  6989  6989 D nativeloader: Load /data/app/~~MM-1NtLWaMQfS7ZCcSwLFg==/com.mcfuzzysquirrel.studentfinance-T5Guv6xD-nDP5gWtps8oTw==/base.apk!/lib/x86_64/libreact_codegen_rnscreens.so using ns clns-7 from class loader (caller=/data/app/~~MM-1NtLWaMQfS7ZCcSwLFg==/com.mcfuzzysquirrel.studentfinance-T5Guv6xD-nDP5gWtps8oTw==/base.apk): ok
03-14 21:49:54.149  6989  6989 D jni_lib_merge: Entering merged library JNI_OnLoad.
03-14 21:49:54.149  6989  6989 D jni_lib_merge: Preparing 12 pre-merged libs (including stub)
03-14 21:49:54.149  6989  6989 D jni_lib_merge: Preparing to register libfabricjni_so.  onload_func: 0x78e5d096b730
03-14 21:49:54.149  6989  6989 D jni_lib_merge: Preparing to register libreact_devsupportjni_so.  onload_func: 0x78e5d0b68190
03-14 21:49:54.149  6989  6989 D jni_lib_merge: Preparing to register libreact_featureflagsjni_so.  onload_func: 0x78e5d0b79910
03-14 21:49:54.149  6989  6989 D jni_lib_merge: Preparing to register libreact_newarchdefaults_so.  onload_func: 0x78e5d0c1ad20
03-14 21:49:54.149  6989  6989 D jni_lib_merge: Preparing to register libreactnativeblob_so.  onload_func: 0x78e5d0e252e0
03-14 21:49:54.149  6989  6989 D jni_lib_merge: Preparing to register libreactnativejni_so.  onload_func: 0x78e5d0e65770
03-14 21:49:54.149  6989  6989 D jni_lib_merge: Preparing to register libreactnativejni_common_so.  onload_func: 0x78e5d0e755d0
03-14 21:49:54.149  6989  6989 D jni_lib_merge: Preparing to register librninstance_so.  onload_func: 0x78e5d0eb24c0
03-14 21:49:54.149  6989  6989 D jni_lib_merge: Preparing to register libturbomodulejsijni_so.  onload_func: 0x78e5d1013c00
03-14 21:49:54.149  6989  6989 D jni_lib_merge: Preparing to register libuimanagerjni_so.  onload_func: 0x78e5d102bde0
03-14 21:49:54.149  6989  6989 D jni_lib_merge: Preparing to register libyoga_so.  onload_func: 0x78e5d103ad70
03-14 21:49:54.149  6989  6989 D jni_lib_merge: About to register 11 actual methods.
03-14 21:49:54.157  6989  6989 D nativeloader: Load /data/app/~~MM-1NtLWaMQfS7ZCcSwLFg==/com.mcfuzzysquirrel.studentfinance-T5Guv6xD-nDP5gWtps8oTw==/base.apk!/lib/x86_64/libreact_codegen_rnsvg.so using ns clns-7 from class loader (caller=/data/app/~~MM-1NtLWaMQfS7ZCcSwLFg==/com.mcfuzzysquirrel.studentfinance-T5Guv6xD-nDP5gWtps8oTw==/base.apk): ok
03-14 21:49:54.157  6989  6989 D jni_lib_merge: Entering merged library JNI_OnLoad.
03-14 21:49:54.157  6989  6989 D jni_lib_merge: Preparing 12 pre-merged libs (including stub)
03-14 21:49:54.157  6989  6989 D jni_lib_merge: Preparing to register libfabricjni_so.  onload_func: 0x78e5d096b730
03-14 21:49:54.157  6989  6989 D jni_lib_merge: Preparing to register libreact_devsupportjni_so.  onload_func: 0x78e5d0b68190
03-14 21:49:54.157  6989  6989 D jni_lib_merge: Preparing to register libreact_featureflagsjni_so.  onload_func: 0x78e5d0b79910
03-14 21:49:54.157  6989  6989 D jni_lib_merge: Preparing to register libreact_newarchdefaults_so.  onload_func: 0x78e5d0c1ad20
03-14 21:49:54.157  6989  6989 D jni_lib_merge: Preparing to register libreactnativeblob_so.  onload_func: 0x78e5d0e252e0
03-14 21:49:54.157  6989  6989 D jni_lib_merge: Preparing to register libreactnativejni_so.  onload_func: 0x78e5d0e65770
03-14 21:49:54.157  6989  6989 D jni_lib_merge: Preparing to register libreactnativejni_common_so.  onload_func: 0x78e5d0e755d0
03-14 21:49:54.157  6989  6989 D jni_lib_merge: Preparing to register librninstance_so.  onload_func: 0x78e5d0eb24c0
03-14 21:49:54.157  6989  6989 D jni_lib_merge: Preparing to register libturbomodulejsijni_so.  onload_func: 0x78e5d1013c00
03-14 21:49:54.157  6989  6989 D jni_lib_merge: Preparing to register libuimanagerjni_so.  onload_func: 0x78e5d102bde0
03-14 21:49:54.157  6989  6989 D jni_lib_merge: Preparing to register libyoga_so.  onload_func: 0x78e5d103ad70
03-14 21:49:54.157  6989  6989 D jni_lib_merge: About to register 11 actual methods.
03-14 21:49:54.165  6989  6989 D nativeloader: Load /data/app/~~MM-1NtLWaMQfS7ZCcSwLFg==/com.mcfuzzysquirrel.studentfinance-T5Guv6xD-nDP5gWtps8oTw==/base.apk!/lib/x86_64/libreact_codegen_safeareacontext.so using ns clns-7 from class loader (caller=/data/app/~~MM-1NtLWaMQfS7ZCcSwLFg==/com.mcfuzzysquirrel.studentfinance-T5Guv6xD-nDP5gWtps8oTw==/base.apk): ok
03-14 21:49:54.169  6989  6989 D nativeloader: Load /data/app/~~MM-1NtLWaMQfS7ZCcSwLFg==/com.mcfuzzysquirrel.studentfinance-T5Guv6xD-nDP5gWtps8oTw==/base.apk!/lib/x86_64/libappmodules.so using ns clns-7 from class loader (caller=/data/app/~~MM-1NtLWaMQfS7ZCcSwLFg==/com.mcfuzzysquirrel.studentfinance-T5Guv6xD-nDP5gWtps8oTw==/base.apk): ok
03-14 21:49:54.231  6989  7141 I InstrConnection: Could not send broadcast or register receiver (isolatedProcess?)
03-14 21:49:54.235  6989  7141 D TestRequestBuilder: Using class path scanning to discover tests
03-14 21:49:54.235  6989  7141 I TestRequestBuilder: Scanning classpath to find tests in paths [/data/app/~~5mqvf3gfopaZ04Tv9NIKXw==/com.mcfuzzysquirrel.studentfinance.test-TMWDOIKQbyiWNw4tDi8vzw==/base.apk]
03-14 21:49:54.236  6989  7141 W .studentfinance: Opening an oat file without a class loader. Are you using the deprecated DexFile APIs?
03-14 21:49:55.047  6989  7141 I TestRunner: run started: 1 tests
03-14 21:49:55.048  6989  7141 I TestRunner: started: runDetoxTests(com.mcfuzzysquirrel.studentfinance.DetoxTest)
03-14 21:49:55.057  6989  7141 I Detox   : Detox server connection details: url=ws://localhost:38657, sessionId=64224a92-0cd8-bbea-72d7-e6187209e397
03-14 21:49:55.091  6989  7141 I Tracing : Tracer added: class androidx.test.platform.tracing.AndroidXTracer
03-14 21:49:55.190  6989  7141 W .studentfinance: Accessing hidden field Ljava/lang/reflect/Field;->accessFlags:I (unsupported, reflection, allowed)
03-14 21:49:55.193  6989  7141 I Detox   : Connecting to server...
03-14 21:49:55.193  6989  7141 I DetoxWSClient: At connectToServer
03-14 21:49:55.409  6989  7159 D TrafficStats: tagSocket(102) with statsTag=0xffffffff, statsUid=-1
03-14 21:49:55.427  6989  7159 D DetoxWSClient: At onOpen
03-14 21:49:55.427  6989  7159 I DetoxWSClient: Sending out action 'login' (ID #0)
03-14 21:49:55.428  6989  7159 I Detox   : Connected to server!
03-14 21:49:55.430  6989  7159 D DetoxWSClient: Received action 'loginSuccess' (ID #0, params={"testerConnected":true,"appConnected":true})
03-14 21:49:55.434  6989  7149 I DetoxDispatcher: Handling action 'loginSuccess' (ID #0)...
03-14 21:49:55.434  6989  7149 I DetoxDispatcher: Done with action 'loginSuccess'
03-14 21:49:55.434  6989  7141 I Detox   : Launching the tested activity!
03-14 21:49:55.471  6989  7159 D DetoxWSClient: Received action 'isReady' (ID #-1000, params={})
03-14 21:49:55.471  6989  7149 I DetoxDispatcher: Handling action 'isReady' (ID #-1000)...
03-14 21:49:55.844  6989  6989 D AppCompatDelegate: Checking for metadata for AppLocalesMetadataHolderService : Service not found
03-14 21:49:55.944  6989  6989 D LifecycleMonitor: Lifecycle status change: com.mcfuzzysquirrel.studentfinance.MainActivity@b293167 in: PRE_ON_CREATE
03-14 21:49:56.285  6989  7185 D TrafficStats: tagSocket(109) with statsTag=0xffffffff, statsUid=-1
03-14 21:49:56.295  6989  7185 W unknown:ReconnectingWebSocket: Couldn't connect to "ws://10.0.2.2:8081/message?device=sdk_gphone64_x86_64%20-%2015%20-%20API%2035&app=com.mcfuzzysquirrel.studentfinance&clientid=BridgelessDevSupportManager", will silently retry
03-14 21:49:56.316  6989  6989 W unknown:BridgelessReact: ReactHost{0}.startSurface(surfaceId = 0): Schedule
03-14 21:49:56.316  6989  6989 W unknown:BridgelessReact: ReactHost{0}.attachSurface(surfaceId = 0)
03-14 21:49:56.317  6989  7189 W unknown:BridgelessReact: ReactHost{0}.getOrCreateReactInstanceTask()
03-14 21:49:56.317  6989  7189 W unknown:BridgelessReact: ReactHost{0}.getOrCreateReactInstanceTask(): Start
03-14 21:49:56.317  6989  7189 D Detox.RNMarker: REACT_BRIDGELESS_LOADING_START (null)
03-14 21:49:56.318  6989  7189 W unknown:BridgelessReact: ReactHost{0}.getJSBundleLoader()
03-14 21:49:56.318  6989  7189 W unknown:BridgelessReact: ReactHost{0}.isMetroRunning()
03-14 21:49:56.325  6989  7190 D TrafficStats: tagSocket(109) with statsTag=0xffffffff, statsUid=-1
03-14 21:49:56.330  6989  7190 W unknown:ReactNative: The packager does not seem to be running as we got an IOException requesting its status: Failed to connect to /10.0.2.2:8081
03-14 21:49:56.331  6989  7190 W unknown:BridgelessReact: ReactHost{0}.isMetroRunning(): Async result = false
03-14 21:49:56.333  6989  7189 W unknown:BridgelessReact: ReactHost{0}.getOrCreateReactInstanceTask(): Creating BridgelessReactContext
03-14 21:49:56.335  6989  7189 W unknown:BridgelessReact: ReactHost{0}.getOrCreateReactInstanceTask(): Creating ReactInstance
03-14 21:49:56.348  6989  6989 W .studentfinance: Accessing hidden method Landroid/view/ViewGroup;->makeOptionalFitsSystemWindows()V (unsupported, reflection, allowed)
03-14 21:49:56.352  6989  6989 D LifecycleMonitor: Lifecycle status change: com.mcfuzzysquirrel.studentfinance.MainActivity@b293167 in: CREATED
03-14 21:49:56.353  6989  6989 D LifecycleMonitor: Lifecycle status change: com.mcfuzzysquirrel.studentfinance.MainActivity@b293167 in: STARTED
03-14 21:49:56.356  6989  6989 W unknown:BridgelessReact: ReactHost{0}.onHostResume(activity)
03-14 21:49:56.356  6989  6989 W unknown:ReactNative: Packager connection already open, nooping.
03-14 21:49:56.356  6989  6989 W unknown:BridgelessReact: ReactHost{0}.ReactContext.onHostResume()
03-14 21:49:56.356  6989  6989 D LifecycleMonitor: Lifecycle status change: com.mcfuzzysquirrel.studentfinance.MainActivity@b293167 in: RESUMED
03-14 21:49:56.365  6989  6989 W HWUI    : Unknown dataspace 0
03-14 21:49:56.379  6989  7196 D TrafficStats: tagSocket(117) with statsTag=0xffffffff, statsUid=-1
03-14 21:49:56.412  6989  7173 I EGL_emulation: Opening libGLESv1_CM_emulation.so
03-14 21:49:56.413  6989  7173 I EGL_emulation: Opening libGLESv2_emulation.so
03-14 21:49:56.432  6989  7189 D nativeloader: Load /data/app/~~MM-1NtLWaMQfS7ZCcSwLFg==/com.mcfuzzysquirrel.studentfinance-T5Guv6xD-nDP5gWtps8oTw==/base.apk!/lib/x86_64/libhermesvm.so using ns clns-7 from class loader (caller=/data/app/~~MM-1NtLWaMQfS7ZCcSwLFg==/com.mcfuzzysquirrel.studentfinance-T5Guv6xD-nDP5gWtps8oTw==/base.apk): ok
03-14 21:49:56.435  6989  7189 D nativeloader: Load /data/app/~~MM-1NtLWaMQfS7ZCcSwLFg==/com.mcfuzzysquirrel.studentfinance-T5Guv6xD-nDP5gWtps8oTw==/base.apk!/lib/x86_64/libhermestooling.so using ns clns-7 from class loader (caller=/data/app/~~MM-1NtLWaMQfS7ZCcSwLFg==/com.mcfuzzysquirrel.studentfinance-T5Guv6xD-nDP5gWtps8oTw==/base.apk): ok
03-14 21:49:56.435  6989  7189 D jni_lib_merge: Entering merged library JNI_OnLoad.
03-14 21:49:56.435  6989  7189 D jni_lib_merge: Preparing 4 pre-merged libs (including stub)
03-14 21:49:56.435  6989  7189 D jni_lib_merge: Preparing to register libhermes_executor_so.  onload_func: 0x78e5cb2f0050
03-14 21:49:56.435  6989  7189 D jni_lib_merge: Preparing to register libhermesinstancejni_so.  onload_func: 0x78e5cb326680
03-14 21:49:56.435  6989  7189 D jni_lib_merge: Preparing to register libjsijniprofiler_so.  onload_func: 0x78e5cb3283f0
03-14 21:49:56.435  6989  7189 D jni_lib_merge: About to register 3 actual methods.
03-14 21:49:56.473  6989  7173 W HWUI    : Failed to initialize 101010-2 format, error = EGL_SUCCESS
03-14 21:49:56.527  6989  7173 I Gralloc4: mapper 4.x is not supported
03-14 21:49:56.989  6989  7189 I ExpoModulesCore: ✅ AppContext was initialized
03-14 21:49:57.131  6989  7189 W unknown:BridgelessReact: ReactHost{0}.getOrCreateReactInstanceTask(): Loading JS Bundle
03-14 21:49:57.164  6989  6989 W unknown:BridgelessReact: ReactHost{0}.handleHostException(message = "Unable to load script.
03-14 21:49:57.164  6989  6989 W unknown:BridgelessReact: 
03-14 21:49:57.164  6989  6989 W unknown:BridgelessReact: Make sure you're running Metro or that your bundle 'index.android.bundle' is packaged correctly for release.
03-14 21:49:57.164  6989  6989 W unknown:BridgelessReact: 
03-14 21:49:57.164  6989  6989 W unknown:BridgelessReact: The device must either be USB connected (with bundler set to "localhost:8081") or be on the same Wi-Fi network as your computer (with bundler set to your computer IP) to connect to Metro.
03-14 21:49:57.164  6989  6989 W unknown:BridgelessReact: 
03-14 21:49:57.164  6989  6989 W unknown:BridgelessReact: If you're using USB on a physical device, make sure you also run this command:
03-14 21:49:57.164  6989  6989 W unknown:BridgelessReact:   adb reverse tcp:8081 tcp:8081")
03-14 21:49:57.166  6989  6989 E unknown:ReactNative: Exception in native call
03-14 21:49:57.166  6989  6989 E unknown:ReactNative: java.lang.RuntimeException: Unable to load script.
03-14 21:49:57.166  6989  6989 E unknown:ReactNative: 
03-14 21:49:57.166  6989  6989 E unknown:ReactNative: Make sure you're running Metro or that your bundle 'index.android.bundle' is packaged correctly for release.
03-14 21:49:57.166  6989  6989 E unknown:ReactNative: 
03-14 21:49:57.166  6989  6989 E unknown:ReactNative: The device must either be USB connected (with bundler set to "localhost:8081") or be on the same Wi-Fi network as your computer (with bundler set to your computer IP) to connect to Metro.
03-14 21:49:57.166  6989  6989 E unknown:ReactNative: 
03-14 21:49:57.166  6989  6989 E unknown:ReactNative: If you're using USB on a physical device, make sure you also run this command:
03-14 21:49:57.166  6989  6989 E unknown:ReactNative:   adb reverse tcp:8081 tcp:8081
03-14 21:49:57.166  6989  6989 E unknown:ReactNative: 	at com.facebook.react.runtime.ReactInstance.loadJSBundleFromAssets(Native Method)
03-14 21:49:57.166  6989  6989 E unknown:ReactNative: 	at com.facebook.react.runtime.ReactInstance.access$loadJSBundleFromAssets(ReactInstance.kt:84)
03-14 21:49:57.166  6989  6989 E unknown:ReactNative: 	at com.facebook.react.runtime.ReactInstance$loadJSBundle$1.loadScriptFromAssets(ReactInstance.kt:324)
03-14 21:49:57.166  6989  6989 E unknown:ReactNative: 	at com.facebook.react.bridge.JSBundleLoader$Companion$createAssetLoader$1.loadScript(JSBundleLoader.kt:33)
03-14 21:49:57.166  6989  6989 E unknown:ReactNative: 	at com.facebook.react.runtime.ReactInstance.loadJSBundle(ReactInstance.kt:303)
03-14 21:49:57.166  6989  6989 E unknown:ReactNative: 	at com.facebook.react.runtime.ReactHostImpl.getOrCreateReactInstanceTask$lambda$44$lambda$40(ReactHostImpl.kt:1015)
03-14 21:49:57.166  6989  6989 E unknown:ReactNative: 	at com.facebook.react.runtime.ReactHostImpl.$r8$lambda$kGNcmxBxZbp8b1wWTaqIXDdkV8g(Unknown Source:0)
03-14 21:49:57.166  6989  6989 E unknown:ReactNative: 	at com.facebook.react.runtime.ReactHostImpl$$ExternalSyntheticLambda24.then(D8$$SyntheticClass:0)
03-14 21:49:57.166  6989  6989 E unknown:ReactNative: 	at com.facebook.react.runtime.internal.bolts.Task$Companion.completeImmediately$lambda$3(Task.kt:360)
03-14 21:49:57.166  6989  6989 E unknown:ReactNative: 	at com.facebook.react.runtime.internal.bolts.Task$Companion.$r8$lambda$b7MTC0ufkn_2TjF4BGcNqGR9qK0(Unknown Source:0)
03-14 21:49:57.166  6989  6989 E unknown:ReactNative: 	at com.facebook.react.runtime.internal.bolts.Task$Companion$$ExternalSyntheticLambda3.run(D8$$SyntheticClass:0)
03-14 21:49:57.166  6989  6989 E unknown:ReactNative: 	at com.facebook.react.runtime.internal.bolts.Executors$ImmediateExecutor.execute(Executors.kt:41)
03-14 21:49:57.166  6989  6989 E unknown:ReactNative: 	at com.facebook.react.runtime.internal.bolts.Task$Companion.completeImmediately(Task.kt:358)
03-14 21:49:57.166  6989  6989 E unknown:ReactNative: 	at com.facebook.react.runtime.internal.bolts.Task$Companion.access$completeImmediately(Task.kt:254)
03-14 21:49:57.166  6989  6989 E unknown:ReactNative: 	at com.facebook.react.runtime.internal.bolts.Task.continueWith(Task.kt:133)
03-14 21:49:57.166  6989  6989 E unknown:ReactNative: 	at com.facebook.react.runtime.internal.bolts.Task.continueWith$default(Task.kt:117)
03-14 21:49:57.166  6989  6989 E unknown:ReactNative: 	at com.facebook.react.runtime.internal.bolts.Task.onSuccess$lambda$12(Task.kt:176)
03-14 21:49:57.166  6989  6989 E unknown:ReactNative: 	at com.facebook.react.runtime.internal.bolts.Task.$r8$lambda$l0wwo5AvbHxlwfI1R7CH_codxoo(Unknown Source:0)
03-14 21:49:57.166  6989  6989 E unknown:ReactNative: 	at com.facebook.react.runtime.internal.bolts.Task$$ExternalSyntheticLambda2.then(D8$$SyntheticClass:0)
03-14 21:49:57.166  6989  6989 E unknown:ReactNative: 	at com.facebook.react.runtime.internal.bolts.Task$Companion.completeAfterTask$lambda$5(Task.kt:394)
03-14 21:49:57.166  6989  6989 E unknown:ReactNative: 	at com.facebook.react.runtime.internal.bolts.Task$Companion.$r8$lambda$IPpysnehFwANEiW061YzapkMdoE(Unknown Source:0)
03-14 21:49:57.166  6989  6989 E unknown:ReactNative: 	at com.facebook.react.runtime.internal.bolts.Task$Companion$$ExternalSyntheticLambda4.run(D8$$SyntheticClass:0)
03-14 21:49:57.166  6989  6989 E unknown:ReactNative: 	at java.util.concurrent.ThreadPoolExecutor.runWorker(ThreadPoolExecutor.java:1145)
03-14 21:49:57.166  6989  6989 E unknown:ReactNative: 	at java.util.concurrent.ThreadPoolExecutor$Worker.run(ThreadPoolExecutor.java:644)
03-14 21:49:57.166  6989  6989 E unknown:ReactNative: 	at java.lang.Thread.run(Thread.java:1012)
03-14 21:49:57.171  6989  7189 W unknown:BridgelessReact: ReactHost{0}.getOrCreateDestroyTask()
03-14 21:49:57.171  6989  7189 W unknown:BridgelessReact: ReactHost{0}.raiseSoftException(getOrCreateDestroyTask()): handleHostException(message = "Unable to load script.
03-14 21:49:57.171  6989  7189 W unknown:BridgelessReact: 
03-14 21:49:57.171  6989  7189 W unknown:BridgelessReact: Make sure you're running Metro or that your bundle 'index.android.bundle' is packaged correctly for release.
03-14 21:49:57.171  6989  7189 W unknown:BridgelessReact: 
03-14 21:49:57.171  6989  7189 W unknown:BridgelessReact: The device must either be USB connected (with bundler set to "localhost:8081") or be on the same Wi-Fi network as your computer (with bundler set to your computer IP) to connect to Metro.
03-14 21:49:57.171  6989  7189 W unknown:BridgelessReact: 
03-14 21:49:57.171  6989  7189 W unknown:BridgelessReact: If you're using USB on a physical device, make sure you also run this command:
03-14 21:49:57.171  6989  7189 W unknown:BridgelessReact:   adb reverse tcp:8081 tcp:8081")
03-14 21:49:57.180  6989  7189 E unknown:ReactHost: Unhandled SoftException
03-14 21:49:57.180  6989  7189 E unknown:ReactHost: com.facebook.react.bridge.ReactNoCrashSoftException: raiseSoftException(getOrCreateDestroyTask()): handleHostException(message = "Unable to load script.
03-14 21:49:57.180  6989  7189 E unknown:ReactHost: 
03-14 21:49:57.180  6989  7189 E unknown:ReactHost: Make sure you're running Metro or that your bundle 'index.android.bundle' is packaged correctly for release.
03-14 21:49:57.180  6989  7189 E unknown:ReactHost: 
03-14 21:49:57.180  6989  7189 E unknown:ReactHost: The device must either be USB connected (with bundler set to "localhost:8081") or be on the same Wi-Fi network as your computer (with bundler set to your computer IP) to connect to Metro.
03-14 21:49:57.180  6989  7189 E unknown:ReactHost: 
03-14 21:49:57.180  6989  7189 E unknown:ReactHost: If you're using USB on a physical device, make sure you also run this command:
03-14 21:49:57.180  6989  7189 E unknown:ReactHost:   adb reverse tcp:8081 tcp:8081")
03-14 21:49:57.180  6989  7189 E unknown:ReactHost: 	at com.facebook.react.runtime.ReactHostImpl.raiseSoftException(ReactHostImpl.kt:861)
03-14 21:49:57.180  6989  7189 E unknown:ReactHost: 	at com.facebook.react.runtime.ReactHostImpl.getOrCreateDestroyTask(ReactHostImpl.kt:1422)
03-14 21:49:57.180  6989  7189 E unknown:ReactHost: 	at com.facebook.react.runtime.ReactHostImpl.destroy$lambda$11(ReactHostImpl.kt:500)
03-14 21:49:57.180  6989  7189 E unknown:ReactHost: 	at com.facebook.react.runtime.ReactHostImpl.$r8$lambda$RqPT6VdmhA-RKBsb9qAdshHTgug(Unknown Source:0)
03-14 21:49:57.180  6989  7189 E unknown:ReactHost: 	at com.facebook.react.runtime.ReactHostImpl$$ExternalSyntheticLambda35.call(D8$$SyntheticClass:0)
03-14 21:49:57.180  6989  7189 E unknown:ReactHost: 	at com.facebook.react.runtime.internal.bolts.Task$Companion.call$lambda$2(Task.kt:319)
03-14 21:49:57.180  6989  7189 E unknown:ReactHost: 	at com.facebook.react.runtime.internal.bolts.Task$Companion.$r8$lambda$MFqd_-X5KhHmu0hvNE2Bec_4mJM(Unknown Source:0)
03-14 21:49:57.180  6989  7189 E unknown:ReactHost: 	at com.facebook.react.runtime.internal.bolts.Task$Companion$$ExternalSyntheticLambda1.run(D8$$SyntheticClass:0)
03-14 21:49:57.180  6989  7189 E unknown:ReactHost: 	at java.util.concurrent.ThreadPoolExecutor.runWorker(ThreadPoolExecutor.java:1145)
03-14 21:49:57.180  6989  7189 E unknown:ReactHost: 	at java.util.concurrent.ThreadPoolExecutor$Worker.run(ThreadPoolExecutor.java:644)
03-14 21:49:57.180  6989  7189 E unknown:ReactHost: 	at java.lang.Thread.run(Thread.java:1012)
03-14 21:49:57.180  6989  7189 E unknown:ReactHost: Caused by: java.lang.RuntimeException: Unable to load script.
03-14 21:49:57.180  6989  7189 E unknown:ReactHost: 
03-14 21:49:57.180  6989  7189 E unknown:ReactHost: Make sure you're running Metro or that your bundle 'index.android.bundle' is packaged correctly for release.
03-14 21:49:57.180  6989  7189 E unknown:ReactHost: 
03-14 21:49:57.180  6989  7189 E unknown:ReactHost: The device must either be USB connected (with bundler set to "localhost:8081") or be on the same Wi-Fi network as your computer (with bundler set to your computer IP) to connect to Metro.
03-14 21:49:57.180  6989  7189 E unknown:ReactHost: 
03-14 21:49:57.180  6989  7189 E unknown:ReactHost: If you're using USB on a physical device, make sure you also run this command:
03-14 21:49:57.180  6989  7189 E unknown:ReactHost:   adb reverse tcp:8081 tcp:8081
03-14 21:49:57.180  6989  7189 E unknown:ReactHost: 	at com.facebook.react.runtime.ReactInstance.loadJSBundleFromAssets(Native Method)
03-14 21:49:57.180  6989  7189 E unknown:ReactHost: 	at com.facebook.react.runtime.ReactInstance.access$loadJSBundleFromAssets(ReactInstance.kt:84)
03-14 21:49:57.180  6989  7189 E unknown:ReactHost: 	at com.facebook.react.runtime.ReactInstance$loadJSBundle$1.loadScriptFromAssets(ReactInstance.kt:324)
03-14 21:49:57.180  6989  7189 E unknown:ReactHost: 	at com.facebook.react.bridge.JSBundleLoader$Companion$createAssetLoader$1.loadScript(JSBundleLoader.kt:33)
03-14 21:49:57.180  6989  7189 E unknown:ReactHost: 	at com.facebook.react.runtime.ReactInstance.loadJSBundle(ReactInstance.kt:303)
03-14 21:49:57.180  6989  7189 E unknown:ReactHost: 	at com.facebook.react.runtime.ReactHostImpl.getOrCreateReactInstanceTask$lambda$44$lambda$40(ReactHostImpl.kt:1015)
03-14 21:49:57.180  6989  7189 E unknown:ReactHost: 	at com.facebook.react.runtime.ReactHostImpl.$r8$lambda$kGNcmxBxZbp8b1wWTaqIXDdkV8g(Unknown Source:0)
03-14 21:49:57.180  6989  7189 E unknown:ReactHost: 	at com.facebook.react.runtime.ReactHostImpl$$ExternalSyntheticLambda24.then(D8$$SyntheticClass:0)
03-14 21:49:57.180  6989  7189 E unknown:ReactHost: 	at com.facebook.react.runtime.internal.bolts.Task$Companion.completeImmediately$lambda$3(Task.kt:360)
03-14 21:49:57.180  6989  7189 E unknown:ReactHost: 	at com.facebook.react.runtime.internal.bolts.Task$Companion.$r8$lambda$b7MTC0ufkn_2TjF4BGcNqGR9qK0(Unknown Source:0)
03-14 21:49:57.180  6989  7189 E unknown:ReactHost: 	at com.facebook.react.runtime.internal.bolts.Task$Companion$$ExternalSyntheticLambda3.run(D8$$SyntheticClass:0)
03-14 21:49:57.180  6989  7189 E unknown:ReactHost: 	at com.facebook.react.runtime.internal.bolts.Executors$ImmediateExecutor.execute(Executors.kt:41)
03-14 21:49:57.180  6989  7189 E unknown:ReactHost: 	at com.facebook.react.runtime.internal.bolts.Task$Companion.completeImmediately(Task.kt:358)
03-14 21:49:57.180  6989  7189 E unknown:ReactHost: 	at com.facebook.react.runtime.internal.bolts.Task$Companion.access$completeImmediately(Task.kt:254)
03-14 21:49:57.180  6989  7189 E unknown:ReactHost: 	at com.facebook.react.runtime.internal.bolts.Task.continueWith(Task.kt:133)
03-14 21:49:57.180  6989  7189 E unknown:ReactHost: 	at com.facebook.react.runtime.internal.bolts.Task.continueWith$default(Task.kt:117)
03-14 21:49:57.180  6989  7189 E unknown:ReactHost: 	at com.facebook.react.runtime.internal.bolts.Task.onSuccess$lambda$12(Task.kt:176)
03-14 21:49:57.180  6989  7189 E unknown:ReactHost: 	at com.facebook.react.runtime.internal.bolts.Task.$r8$lambda$l0wwo5AvbHxlwfI1R7CH_codxoo(Unknown Source:0)
03-14 21:49:57.180  6989  7189 E unknown:ReactHost: 	at com.facebook.react.runtime.internal.bolts.Task$$ExternalSyntheticLambda2.then(D8$$SyntheticClass:0)
03-14 21:49:57.181  6989  7189 E unknown:ReactHost: 	at com.facebook.react.runtime.internal.bolts.Task$Companion.completeAfterTask$lambda$5(Task.kt:394)
03-14 21:49:57.181  6989  7189 E unknown:ReactHost: 	at com.facebook.react.runtime.internal.bolts.Task$Companion.$r8$lambda$IPpysnehFwANEiW061YzapkMdoE(Unknown Source:0)
03-14 21:49:57.181  6989  7189 E unknown:ReactHost: 	at com.facebook.react.runtime.internal.bolts.Task$Companion$$ExternalSyntheticLambda4.run(D8$$SyntheticClass:0)
03-14 21:49:57.181  6989  7189 E unknown:ReactHost: 	... 3 more
03-14 21:49:57.181  6989  7189 W unknown:BridgelessReact: ReactHost{0}.getOrCreateDestroyTask(): Resetting createReactInstance task ref
03-14 21:49:57.222  6989  6989 W unknown:BridgelessReact: ReactHost{0}.getOrCreateDestroyTask(): Starting React Native destruction
03-14 21:49:57.222  6989  6989 W unknown:BridgelessReact: ReactHost{0}.raiseSoftException(getOrCreateDestroyTask()): Destroy: ReactInstance task faulted. Stage: 1: Starting destroy. Fault reason: Unable to load script.
03-14 21:49:57.222  6989  6989 W unknown:BridgelessReact: 
03-14 21:49:57.222  6989  6989 W unknown:BridgelessReact: Make sure you're running Metro or that your bundle 'index.android.bundle' is packaged correctly for release.
03-14 21:49:57.222  6989  6989 W unknown:BridgelessReact: 
03-14 21:49:57.222  6989  6989 W unknown:BridgelessReact: The device must either be USB connected (with bundler set to "localhost:8081") or be on the same Wi-Fi network as your computer (with bundler set to your computer IP) to connect to Metro.
03-14 21:49:57.222  6989  6989 W unknown:BridgelessReact: 
03-14 21:49:57.222  6989  6989 W unknown:BridgelessReact: If you're using USB on a physical device, make sure you also run this command:
03-14 21:49:57.222  6989  6989 W unknown:BridgelessReact:   adb reverse tcp:8081 tcp:8081. Destroy reason: handleHostException(message = "Unable to load script.
03-14 21:49:57.222  6989  6989 W unknown:BridgelessReact: 
03-14 21:49:57.222  6989  6989 W unknown:BridgelessReact: Make sure you're running Metro or that your bundle 'index.android.bundle' is packaged correctly for release.
03-14 21:49:57.222  6989  6989 W unknown:BridgelessReact: 
03-14 21:49:57.222  6989  6989 W unknown:BridgelessReact: The device must either be USB connected (with bundler set to "localhost:8081") or be on the same Wi-Fi network as your computer (with bundler set to your computer IP) to connect to Metro.
03-14 21:49:57.222  6989  6989 W unknown:BridgelessReact: 
03-14 21:49:57.222  6989  6989 W unknown:BridgelessReact: If you're using USB on a physical device, make sure you also run this command:
03-14 21:49:57.222  6989  6989 W unknown:BridgelessReact:   adb reverse tcp:8081 tcp:8081")
03-14 21:49:57.223  6989  6989 E unknown:ReactHost: Unhandled SoftException
03-14 21:49:57.223  6989  6989 E unknown:ReactHost: com.facebook.react.bridge.ReactNoCrashSoftException: raiseSoftException(getOrCreateDestroyTask()): Destroy: ReactInstance task faulted. Stage: 1: Starting destroy. Fault reason: Unable to load script.
03-14 21:49:57.223  6989  6989 E unknown:ReactHost: 
03-14 21:49:57.223  6989  6989 E unknown:ReactHost: Make sure you're running Metro or that your bundle 'index.android.bundle' is packaged correctly for release.
03-14 21:49:57.223  6989  6989 E unknown:ReactHost: 
03-14 21:49:57.223  6989  6989 E unknown:ReactHost: The device must either be USB connected (with bundler set to "localhost:8081") or be on the same Wi-Fi network as your computer (with bundler set to your computer IP) to connect to Metro.
03-14 21:49:57.223  6989  6989 E unknown:ReactHost: 
03-14 21:49:57.223  6989  6989 E unknown:ReactHost: If you're using USB on a physical device, make sure you also run this command:
03-14 21:49:57.223  6989  6989 E unknown:ReactHost:   adb reverse tcp:8081 tcp:8081. Destroy reason: handleHostException(message = "Unable to load script.
03-14 21:49:57.223  6989  6989 E unknown:ReactHost: 
03-14 21:49:57.223  6989  6989 E unknown:ReactHost: Make sure you're running Metro or that your bundle 'index.android.bundle' is packaged correctly for release.
03-14 21:49:57.223  6989  6989 E unknown:ReactHost: 
03-14 21:49:57.223  6989  6989 E unknown:ReactHost: The device must either be USB connected (with bundler set to "localhost:8081") or be on the same Wi-Fi network as your computer (with bundler set to your computer IP) to connect to Metro.
03-14 21:49:57.223  6989  6989 E unknown:ReactHost: 
03-14 21:49:57.223  6989  6989 E unknown:ReactHost: If you're using USB on a physical device, make sure you also run this command:
03-14 21:49:57.223  6989  6989 E unknown:ReactHost:   adb reverse tcp:8081 tcp:8081")
03-14 21:49:57.223  6989  6989 E unknown:ReactHost: 	at com.facebook.react.runtime.ReactHostImpl.raiseSoftException(ReactHostImpl.kt:861)
03-14 21:49:57.223  6989  6989 E unknown:ReactHost: 	at com.facebook.react.runtime.ReactHostImpl.raiseSoftException$default(ReactHostImpl.kt:852)
03-14 21:49:57.223  6989  6989 E unknown:ReactHost: 	at com.facebook.react.runtime.ReactHostImpl.createReactInstanceUnwrapper$lambda$49(ReactHostImpl.kt:1220)
03-14 21:49:57.223  6989  6989 E unknown:ReactHost: 	at com.facebook.react.runtime.ReactHostImpl.$r8$lambda$wxqWPZPIM84yb-DFfq8PhEXI2r4(Unknown Source:0)
03-14 21:49:57.223  6989  6989 E unknown:ReactHost: 	at com.facebook.react.runtime.ReactHostImpl$$ExternalSyntheticLambda36.invoke(D8$$SyntheticClass:0)
03-14 21:49:57.223  6989  6989 E unknown:ReactHost: 	at com.facebook.react.runtime.ReactHostImpl.getOrCreateDestroyTask$lambda$60(ReactHostImpl.kt:1437)
03-14 21:49:57.223  6989  6989 E unknown:ReactHost: 	at com.facebook.react.runtime.ReactHostImpl.$r8$lambda$W_3hbG2jNwurg3jPo_rFnHCrsPg(Unknown Source:0)
03-14 21:49:57.223  6989  6989 E unknown:ReactHost: 	at com.facebook.react.runtime.ReactHostImpl$$ExternalSyntheticLambda27.then(D8$$SyntheticClass:0)
03-14 21:49:57.223  6989  6989 E unknown:ReactHost: 	at com.facebook.react.runtime.internal.bolts.Task$Companion.completeAfterTask$lambda$5(Task.kt:394)
03-14 21:49:57.223  6989  6989 E unknown:ReactHost: 	at com.facebook.react.runtime.internal.bolts.Task$Companion.$r8$lambda$IPpysnehFwANEiW061YzapkMdoE(Unknown Source:0)
03-14 21:49:57.223  6989  6989 E unknown:ReactHost: 	at com.facebook.react.runtime.internal.bolts.Task$Companion$$ExternalSyntheticLambda4.run(D8$$SyntheticClass:0)
03-14 21:49:57.223  6989  6989 E unknown:ReactHost: 	at android.os.Handler.handleCallback(Handler.java:959)
03-14 21:49:57.223  6989  6989 E unknown:ReactHost: 	at android.os.Handler.dispatchMessage(Handler.java:100)
03-14 21:49:57.223  6989  6989 E unknown:ReactHost: 	at android.os.Looper.loopOnce(Looper.java:232)
03-14 21:49:57.223  6989  6989 E unknown:ReactHost: 	at android.os.Looper.loop(Looper.java:317)
03-14 21:49:57.223  6989  6989 E unknown:ReactHost: 	at android.app.ActivityThread.main(ActivityThread.java:8705)
03-14 21:49:57.223  6989  6989 E unknown:ReactHost: 	at java.lang.reflect.Method.invoke(Native Method)
03-14 21:49:57.223  6989  6989 E unknown:ReactHost: 	at com.android.internal.os.RuntimeInit$MethodAndArgsCaller.run(RuntimeInit.java:580)
03-14 21:49:57.223  6989  6989 E unknown:ReactHost: 	at com.android.internal.os.ZygoteInit.main(ZygoteInit.java:886)
03-14 21:49:57.223  6989  6989 W unknown:BridgelessReact: ReactHost{0}.getOrCreateDestroyTask(): DevSupportManager cleanup
03-14 21:49:57.224  6989  6989 W unknown:BridgelessReact: ReactHost{0}.getOrCreateDestroyTask(): Move ReactHost to onHostDestroy()
03-14 21:49:57.224  6989  6989 W unknown:BridgelessReact: ReactHost{0}.ReactContext.onHostPause()
03-14 21:49:57.224  6989  6989 W unknown:BridgelessReact: ReactHost{0}.ReactContext.onHostDestroy()
03-14 21:49:57.228  6989  7189 W unknown:BridgelessReact: ReactHost{0}.getOrCreateDestroyTask(): Stopping all React Native surfaces
03-14 21:49:57.229  6989  7189 E unknown:FabricUIManager: Unhandled SoftException
03-14 21:49:57.229  6989  7189 E unknown:FabricUIManager: java.lang.IllegalStateException: Trying to stop surface that hasn't started yet
03-14 21:49:57.229  6989  7189 E unknown:FabricUIManager: 	at com.facebook.react.fabric.FabricUIManager.stopSurface(FabricUIManager.java:396)
03-14 21:49:57.229  6989  7189 E unknown:FabricUIManager: 	at com.facebook.react.runtime.ReactInstance.stopSurface(ReactInstance.kt:410)
03-14 21:49:57.229  6989  7189 E unknown:FabricUIManager: 	at com.facebook.react.runtime.ReactHostImpl.stopAttachedSurfaces(ReactHostImpl.kt:1189)
03-14 21:49:57.229  6989  7189 E unknown:FabricUIManager: 	at com.facebook.react.runtime.ReactHostImpl.getOrCreateDestroyTask$lambda$62(ReactHostImpl.kt:1475)
03-14 21:49:57.229  6989  7189 E unknown:FabricUIManager: 	at com.facebook.react.runtime.ReactHostImpl.$r8$lambda$xpeTQfuVN0XbBBJsIsVmA6wzF00(Unknown Source:0)
03-14 21:49:57.229  6989  7189 E unknown:FabricUIManager: 	at com.facebook.react.runtime.ReactHostImpl$$ExternalSyntheticLambda28.then(D8$$SyntheticClass:0)
03-14 21:49:57.229  6989  7189 E unknown:FabricUIManager: 	at com.facebook.react.runtime.internal.bolts.Task$Companion.completeAfterTask$lambda$5(Task.kt:394)
03-14 21:49:57.229  6989  7189 E unknown:FabricUIManager: 	at com.facebook.react.runtime.internal.bolts.Task$Companion.$r8$lambda$IPpysnehFwANEiW061YzapkMdoE(Unknown Source:0)
03-14 21:49:57.229  6989  7189 E unknown:FabricUIManager: 	at com.facebook.react.runtime.internal.bolts.Task$Companion$$ExternalSyntheticLambda4.run(D8$$SyntheticClass:0)
03-14 21:49:57.229  6989  7189 E unknown:FabricUIManager: 	at java.util.concurrent.ThreadPoolExecutor.runWorker(ThreadPoolExecutor.java:1145)
03-14 21:49:57.229  6989  7189 E unknown:FabricUIManager: 	at java.util.concurrent.ThreadPoolExecutor$Worker.run(ThreadPoolExecutor.java:644)
03-14 21:49:57.229  6989  7189 E unknown:FabricUIManager: 	at java.lang.Thread.run(Thread.java:1012)
03-14 21:49:57.406  6989  7002 I .studentfinance: Compiler allocated 5174KB to compile void android.view.ViewRootImpl.performTraversals()
03-14 21:49:57.567  6989  7002 I .studentfinance: Compiler allocated 5417KB to compile void android.view.ViewRootImpl.performTraversals()
03-14 21:49:57.763  6989  7141 D DetoxRNLoading: Got new RN-context explicitly while polling (#iteration=1)
03-14 21:49:57.766  6989  7141 I DetoxRNIdleRes: Setting up Espresso Idling Resources for React Native
03-14 21:49:57.872  6989  7002 I .studentfinance: Compiler allocated 4219KB to compile void android.widget.TextView.<init>(android.content.Context, android.util.AttributeSet, int, int)
03-14 21:49:57.876  6989  6989 W unknown:BridgelessReact: ReactHost{0}.getOrCreateDestroyTask(): Destroying MemoryPressureRouter
03-14 21:49:57.877  6989  6989 W unknown:BridgelessReact: ReactHost{0}.getOrCreateDestroyTask(): Resetting ReactContext ref
03-14 21:49:57.877  6989  6989 W unknown:BridgelessReact: ReactHost{0}.getOrCreateDestroyTask(): Destroying ReactContext
03-14 21:49:57.877  6989  6989 I Choreographer: Skipped 37 frames!  The application may be doing too much work on its main thread.
03-14 21:49:57.880  6989  7189 W unknown:BridgelessReact: ReactHost{0}.getOrCreateDestroyTask(): Resetting ReactInstance ptr
03-14 21:49:57.880  6989  7189 W unknown:BridgelessReact: ReactHost{0}.getOrCreateDestroyTask(): Destroying ReactInstance
03-14 21:49:57.882  6989  7189 E unknown:ReactNative: Tried to remove non-existent frame callback
03-14 21:49:57.923  6989  7189 W unknown:BridgelessReact: ReactHost{0}.getOrCreateDestroyTask(): Resetting start/destroy task ref
03-14 21:49:58.043  6989  6989 W unknown:BridgelessReact: ReactHost{0}.raiseSoftException(onWindowFocusChange(hasFocus = "false")): Tried to access onWindowFocusChange while context is not ready
03-14 21:49:58.056  6989  6989 E unknown:ReactHost: Unhandled SoftException
03-14 21:49:58.056  6989  6989 E unknown:ReactHost: com.facebook.react.bridge.ReactNoCrashSoftException: raiseSoftException(onWindowFocusChange(hasFocus = "false")): Tried to access onWindowFocusChange while context is not ready
03-14 21:49:58.056  6989  6989 E unknown:ReactHost: 	at com.facebook.react.runtime.ReactHostImpl.raiseSoftException(ReactHostImpl.kt:861)
03-14 21:49:58.056  6989  6989 E unknown:ReactHost: 	at com.facebook.react.runtime.ReactHostImpl.raiseSoftException$default(ReactHostImpl.kt:852)
03-14 21:49:58.056  6989  6989 E unknown:ReactHost: 	at com.facebook.react.runtime.ReactHostImpl.onWindowFocusChange(ReactHostImpl.kt:625)
03-14 21:49:58.056  6989  6989 E unknown:ReactHost: 	at com.facebook.react.ReactDelegate.onWindowFocusChanged(ReactDelegate.kt:232)
03-14 21:49:58.056  6989  6989 E unknown:ReactHost: 	at com.facebook.react.ReactActivityDelegate.onWindowFocusChanged(ReactActivityDelegate.java:237)
03-14 21:49:58.056  6989  6989 E unknown:ReactHost: 	at expo.modules.ReactActivityDelegateWrapper$onWindowFocusChanged$1.invokeSuspend(ReactActivityDelegateWrapper.kt:320)
03-14 21:49:58.056  6989  6989 E unknown:ReactHost: 	at expo.modules.ReactActivityDelegateWrapper$onWindowFocusChanged$1.invoke(Unknown Source:8)
03-14 21:49:58.056  6989  6989 E unknown:ReactHost: 	at expo.modules.ReactActivityDelegateWrapper$onWindowFocusChanged$1.invoke(Unknown Source:4)
03-14 21:49:58.056  6989  6989 E unknown:ReactHost: 	at expo.modules.ReactActivityDelegateWrapper$launchLifecycleScopeWithLock$1.invokeSuspend(ReactActivityDelegateWrapper.kt:452)
03-14 21:49:58.056  6989  6989 E unknown:ReactHost: 	at kotlin.coroutines.jvm.internal.BaseContinuationImpl.resumeWith(ContinuationImpl.kt:33)
03-14 21:49:58.056  6989  6989 E unknown:ReactHost: 	at kotlinx.coroutines.internal.DispatchedContinuationKt.resumeCancellableWith(DispatchedContinuation.kt:375)
03-14 21:49:58.056  6989  6989 E unknown:ReactHost: 	at kotlinx.coroutines.intrinsics.CancellableKt.startCoroutineCancellable(Cancellable.kt:26)
03-14 21:49:58.056  6989  6989 E unknown:ReactHost: 	at kotlinx.coroutines.CoroutineStart.invoke(CoroutineStart.kt:358)
03-14 21:49:58.056  6989  6989 E unknown:ReactHost: 	at kotlinx.coroutines.AbstractCoroutine.start(AbstractCoroutine.kt:134)
03-14 21:49:58.056  6989  6989 E unknown:ReactHost: 	at kotlinx.coroutines.BuildersKt__Builders_commonKt.launch(Builders.common.kt:53)
03-14 21:49:58.056  6989  6989 E unknown:ReactHost: 	at kotlinx.coroutines.BuildersKt.launch(Unknown Source:1)
