03-14 21:49:58.056  6989  6989 E unknown:ReactHost: 	at kotlinx.coroutines.BuildersKt__Builders_commonKt.launch$default(Builders.common.kt:44)
03-14 21:49:58.056  6989  6989 E unknown:ReactHost: 	at kotlinx.coroutines.BuildersKt.launch$default(Unknown Source:1)
03-14 21:49:58.056  6989  6989 E unknown:ReactHost: 	at expo.modules.ReactActivityDelegateWrapper.launchLifecycleScopeWithLock(ReactActivityDelegateWrapper.kt:450)
03-14 21:49:58.056  6989  6989 E unknown:ReactHost: 	at expo.modules.ReactActivityDelegateWrapper.launchLifecycleScopeWithLock$default(ReactActivityDelegateWrapper.kt:446)
03-14 21:49:58.056  6989  6989 E unknown:ReactHost: 	at expo.modules.ReactActivityDelegateWrapper.onWindowFocusChanged(ReactActivityDelegateWrapper.kt:318)
03-14 21:49:58.056  6989  6989 E unknown:ReactHost: 	at com.facebook.react.ReactActivity.onWindowFocusChanged(ReactActivity.java:158)
03-14 21:49:58.056  6989  6989 E unknown:ReactHost: 	at androidx.appcompat.view.WindowCallbackWrapper.onWindowFocusChanged(WindowCallbackWrapper.java:124)
03-14 21:49:58.056  6989  6989 E unknown:ReactHost: 	at com.android.internal.policy.DecorView.onWindowFocusChanged(DecorView.java:1772)
03-14 21:49:58.056  6989  6989 E unknown:ReactHost: 	at android.view.View.dispatchWindowFocusChanged(View.java:16743)
03-14 21:49:58.056  6989  6989 E unknown:ReactHost: 	at android.view.ViewGroup.dispatchWindowFocusChanged(ViewGroup.java:1505)
03-14 21:49:58.056  6989  6989 E unknown:ReactHost: 	at android.view.ViewRootImpl.dispatchFocusEvent(ViewRootImpl.java:4697)
03-14 21:49:58.056  6989  6989 E unknown:ReactHost: 	at android.view.ViewRootImpl.handleWindowFocusChanged(ViewRootImpl.java:4601)
03-14 21:49:58.056  6989  6989 E unknown:ReactHost: 	at android.view.ViewRootImpl.-$$Nest$mhandleWindowFocusChanged(Unknown Source:0)
03-14 21:49:58.056  6989  6989 E unknown:ReactHost: 	at android.view.ViewRootImpl$ViewRootHandler.handleMessageImpl(ViewRootImpl.java:6773)
03-14 21:49:58.056  6989  6989 E unknown:ReactHost: 	at android.view.ViewRootImpl$ViewRootHandler.handleMessage(ViewRootImpl.java:6683)
03-14 21:49:58.056  6989  6989 E unknown:ReactHost: 	at android.os.Handler.dispatchMessage(Handler.java:107)
03-14 21:49:58.056  6989  6989 E unknown:ReactHost: 	at android.os.Looper.loopOnce(Looper.java:232)
03-14 21:49:58.056  6989  6989 E unknown:ReactHost: 	at android.os.Looper.loop(Looper.java:317)
03-14 21:49:58.056  6989  6989 E unknown:ReactHost: 	at android.app.ActivityThread.main(ActivityThread.java:8705)
03-14 21:49:58.056  6989  6989 E unknown:ReactHost: 	at java.lang.reflect.Method.invoke(Native Method)
03-14 21:49:58.056  6989  6989 E unknown:ReactHost: 	at com.android.internal.os.RuntimeInit$MethodAndArgsCaller.run(RuntimeInit.java:580)
03-14 21:49:58.056  6989  6989 E unknown:ReactHost: 	at com.android.internal.os.ZygoteInit.main(ZygoteInit.java:886)
03-14 21:49:58.059  6989  7008 I HWUI    : Davey! duration=772ms; Flags=0, FrameTimelineVsyncId=23703, IntendedVsync=388252975387, Vsync=388869642029, InputEventId=0, HandleInputStart=388883660057, AnimationStart=388883660827, PerformTraversalsStart=388883926570, DrawStart=388883968595, FrameDeadline=388902975361, FrameInterval=388883364670, FrameStartTime=16666666, SyncQueued=388884455708, SyncStart=388884506651, IssueDrawCommandsStart=388884553173, SwapBuffers=388902661737, FrameCompleted=389025184149, DequeueBufferDuration=4635, QueueBufferDuration=198321, GpuCompleted=389021809987, SwapBuffersCompleted=389025184149, DisplayPresentTime=-70243739170871886, CommandSubmissionCompleted=388902661737, 
03-14 21:49:58.068  6989  7149 W .studentfinance: Long monitor contention with owner Instr: androidx.test.runner.AndroidJUnitRunner (7141) at void com.wix.detox.DetoxMain.launchActivityOnCue(android.content.Context, com.wix.detox.ActivityLaunchHelper)(DetoxMain.kt:53) waiters=0 in void com.wix.detox.DetoxMain$setupActionHandlers$SynchronizedActionHandler.handle(java.lang.String, long) for 2.595s
03-14 21:49:58.092  6989  6989 W .studentfinance: Accessing hidden field Landroid/app/Activity;->mResultCode:I (unsupported, reflection, allowed)
03-14 21:49:58.093  6989  6989 W .studentfinance: Accessing hidden field Landroid/app/Activity;->mResultData:Landroid/content/Intent; (unsupported, reflection, allowed)
03-14 21:49:58.095  6989  6989 W .studentfinance: Accessing hidden method Landroid/os/MessageQueue;->next()Landroid/os/Message; (unsupported, reflection, allowed)
03-14 21:49:58.095  6989  6989 W .studentfinance: Accessing hidden field Landroid/os/MessageQueue;->mMessages:Landroid/os/Message; (unsupported, reflection, allowed)
03-14 21:49:58.095  6989  6989 W .studentfinance: Accessing hidden method Landroid/os/Message;->recycleUnchecked()V (unsupported, reflection, allowed)
03-14 21:49:58.104  6989  6989 W unknown:BridgelessReact: ReactHost{0}.onHostPause(activity)
03-14 21:49:58.131  6989  6989 W WindowOnBackDispatcher: sendCancelIfRunning: isInProgress=false callback=android.view.ViewRootImpl$$ExternalSyntheticLambda11@2de887b
03-14 21:49:58.162  6989  6989 D LifecycleMonitor: Lifecycle status change: com.mcfuzzysquirrel.studentfinance.MainActivity@b293167 in: PAUSED
03-14 21:49:58.179  6989  6989 I Detox   : Wait is over: App is now idle!
03-14 21:49:58.179  6989  7141 E TestRunner: failed: runDetoxTests(com.mcfuzzysquirrel.studentfinance.DetoxTest)
03-14 21:49:58.180  6989  7141 E TestRunner: ----- begin exception -----
03-14 21:49:58.180  6989  7141 E TestRunner: java.lang.RuntimeException: ReactContext is null!
03-14 21:49:58.180  6989  7141 E TestRunner: 	at com.wix.detox.reactnative.ReactApplicationExtKt.getCurrentReactContextSafe(ReactApplicationExt.kt:26)
03-14 21:49:58.180  6989  7141 E TestRunner: 	at com.wix.detox.reactnative.idlingresources.factory.FabricDetoxIdlingResourceFactoryStrategy$create$2.invokeSuspend(FabricDetoxIdlingResourceFactoryStrategy.kt:19)
03-14 21:49:58.180  6989  7141 E TestRunner: 	at com.wix.detox.reactnative.idlingresources.factory.FabricDetoxIdlingResourceFactoryStrategy$create$2.invoke(Unknown Source:8)
03-14 21:49:58.180  6989  7141 E TestRunner: 	at com.wix.detox.reactnative.idlingresources.factory.FabricDetoxIdlingResourceFactoryStrategy$create$2.invoke(Unknown Source:4)
03-14 21:49:58.180  6989  7141 E TestRunner: 	at kotlinx.coroutines.intrinsics.UndispatchedKt.startUndspatched(Undispatched.kt:66)
03-14 21:49:58.180  6989  7141 E TestRunner: 	at kotlinx.coroutines.intrinsics.UndispatchedKt.startUndispatchedOrReturn(Undispatched.kt:43)
03-14 21:49:58.180  6989  7141 E TestRunner: 	at kotlinx.coroutines.BuildersKt__Builders_commonKt.withContext(Builders.common.kt:165)
03-14 21:49:58.180  6989  7141 E TestRunner: 	at kotlinx.coroutines.BuildersKt.withContext(Unknown Source:1)
03-14 21:49:58.180  6989  7141 E TestRunner: 	at com.wix.detox.reactnative.idlingresources.factory.FabricDetoxIdlingResourceFactoryStrategy.create(FabricDetoxIdlingResourceFactoryStrategy.kt:18)
03-14 21:49:58.180  6989  7141 E TestRunner: 	at com.wix.detox.reactnative.idlingresources.factory.DetoxIdlingResourceFactory$create$2.invokeSuspend(DetoxIdlingResourceFactory.kt:18)
03-14 21:49:58.180  6989  7141 E TestRunner: 	at kotlin.coroutines.jvm.internal.BaseContinuationImpl.resumeWith(ContinuationImpl.kt:33)
03-14 21:49:58.180  6989  7141 E TestRunner: 	at kotlinx.coroutines.DispatchedTask.run(DispatchedTask.kt:100)
03-14 21:49:58.180  6989  7141 E TestRunner: 	at android.os.Handler.handleCallback(Handler.java:959)
03-14 21:49:58.180  6989  7141 E TestRunner: 	at android.os.Handler.dispatchMessage(Handler.java:100)
03-14 21:49:58.180  6989  7141 E TestRunner: 	at android.os.Looper.loopOnce(Looper.java:232)
03-14 21:49:58.180  6989  7141 E TestRunner: 	at android.os.Looper.loop(Looper.java:317)
03-14 21:49:58.180  6989  7141 E TestRunner: 	at android.app.ActivityThread.main(ActivityThread.java:8705)
03-14 21:49:58.180  6989  7141 E TestRunner: 	at java.lang.reflect.Method.invoke(Native Method)
03-14 21:49:58.180  6989  7141 E TestRunner: 	at com.android.internal.os.RuntimeInit$MethodAndArgsCaller.run(RuntimeInit.java:580)
03-14 21:49:58.180  6989  7141 E TestRunner: 	at com.android.internal.os.ZygoteInit.main(ZygoteInit.java:886)
03-14 21:49:58.180  6989  7141 E TestRunner: ----- end exception -----
03-14 21:49:58.189  6989  7141 I TestRunner: finished: runDetoxTests(com.mcfuzzysquirrel.studentfinance.DetoxTest)
03-14 21:49:58.191  6989  7141 I MonitoringInstr: Unstopped activity count: 1
03-14 21:49:58.203  6989  7149 I DetoxWSClient: Sending out action 'ready' (ID #-1000)
03-14 21:49:58.203  6989  7149 I DetoxDispatcher: Done with action 'isReady'
03-14 21:49:58.243  6989  7141 I MonitoringInstr: Unstopped activity count: 1
03-14 21:49:58.276  6989  7159 D DetoxWSClient: Received action 'invoke' (ID #3, params={"target":{"type":"Class","value":"com.wix.detox.espresso.EspressoDetox"},"method":"perform","args":[{"type":"Invocation","value":{"target":{"type":"Class","value":"com.wix.detox.espresso.DetoxMatcher"},"method":"matcherForTestId","args":["dashboard-view-transactions-button",{"type":"boolean","value":false}]}},{"type":"Invocation","value":{"target":{"type":"Class","value":"com.wix.detox.espresso.DetoxViewActions"},"method":"click","args":[]}}]})
03-14 21:49:58.277  6989  7149 I DetoxDispatcher: Handling action 'invoke' (ID #3)...
03-14 21:49:58.280  6989  7149 D Detox   : class com.wix.detox.espresso.DetoxMatcher, matcherForTestId, [dashboard-view-transactions-button, false]
03-14 21:49:58.290  6989  7149 D Detox   : class com.wix.detox.espresso.DetoxViewActions, click, []
03-14 21:49:58.292  6989  7149 W .studentfinance: Accessing hidden method Landroid/view/ViewConfiguration;->getDoubleTapMinTime()I (unsupported, reflection, allowed)
03-14 21:49:58.293  6989  7141 I MonitoringInstr: Unstopped activity count: 1
03-14 21:49:58.294  6989  7149 D Detox   : class com.wix.detox.espresso.EspressoDetox, perform, [(view.getTag() is "dashboard-view-transactions-button" and view has effective visibility <VISIBLE>), com.wix.detox.espresso.action.RNClickAction@4dbfc0e]
03-14 21:49:58.298  6989  6989 W RootViewPicker: No activity currently resumed - waiting: 10ms for one to appear.
03-14 21:49:58.309  6989  6989 W RootViewPicker: No activity currently resumed - waiting: 50ms for one to appear.
03-14 21:49:58.343  6989  7141 I MonitoringInstr: Unstopped activity count: 1
03-14 21:49:58.394  6989  7141 I MonitoringInstr: Unstopped activity count: 1
03-14 21:49:58.407  6989  6989 W RootViewPicker: No activity currently resumed - waiting: 100ms for one to appear.
03-14 21:49:58.470  6989  7141 I MonitoringInstr: Unstopped activity count: 1
03-14 21:49:58.521  6989  6989 W RootViewPicker: No activity currently resumed - waiting: 500ms for one to appear.
03-14 21:49:58.521  6989  7141 I MonitoringInstr: Unstopped activity count: 1
03-14 21:49:58.584  6989  7141 I MonitoringInstr: Unstopped activity count: 1
03-14 21:49:58.635  6989  7141 I MonitoringInstr: Unstopped activity count: 1
03-14 21:49:58.685  6989  7141 I MonitoringInstr: Unstopped activity count: 1
03-14 21:49:58.735  6989  7141 I MonitoringInstr: Unstopped activity count: 1
03-14 21:49:58.787  6989  7141 I MonitoringInstr: Unstopped activity count: 1
03-14 21:49:58.837  6989  7141 I MonitoringInstr: Unstopped activity count: 1
03-14 21:49:58.887  6989  7141 I MonitoringInstr: Unstopped activity count: 1
03-14 21:49:58.938  6989  7141 I MonitoringInstr: Unstopped activity count: 1
03-14 21:49:58.988  6989  7141 I MonitoringInstr: Unstop