03-14 23:01:14.034 14354 14416 W unknown:ViewManagerPropertyUpdater: Could not find generated setter for class com.horcrux.svg.RenderableViewManager$FilterManager
03-14 23:01:14.040 14354 14416 W unknown:ViewManagerPropertyUpdater: Could not find generated setter for class com.horcrux.svg.RenderableViewManager$MarkerManager
03-14 23:01:14.048 14354 14416 W unknown:ViewManagerPropertyUpdater: Could not find generated setter for class com.swmansion.gesturehandler.react.RNGestureHandlerButtonViewManager
03-14 23:01:14.051 14354 14354 I ViewInteraction: Checking 'MatchesViewAssertion(Detox){viewMatcher=(view has effective visibility <VISIBLE> and view.getGlobalVisibleRect() covers at least <75> percent of the view's area)}' assertion on view (view.getTag() is "dashboard-add-expense-button" and view has effective visibility <VISIBLE>)
03-14 23:01:14.056 14354 14416 W unknown:ViewManagerPropertyUpdater: Could not find generated setter for class com.facebook.react.views.modal.ReactModalHostManager
03-14 23:01:14.063 14354 14416 W unknown:ViewManagerPropertyUpdater: Could not find generated setter for class com.horcrux.svg.RenderableViewManager$ForeignObjectManager
03-14 23:01:14.071 14354 14416 W unknown:ViewManagerPropertyUpdater: Could not find generated setter for class com.horcrux.svg.RenderableViewManager$EllipseViewManager
03-14 23:01:14.078 14354 14354 I ViewInteraction: Checking 'MatchesViewAssertion(Detox){viewMatcher=(view has effective visibility <VISIBLE> and view.getGlobalVisibleRect() covers at least <75> percent of the view's area)}' assertion on view (view.getTag() is "dashboard-add-expense-button" and view has effective visibility <VISIBLE>)
03-14 23:01:14.080 14354 14416 W unknown:ViewManagerPropertyUpdater: Could not find generated setter for class com.horcrux.svg.RenderableViewManager$LineViewManager
03-14 23:01:14.088 14354 14416 W unknown:ViewManagerPropertyUpdater: Could not find generated setter for class com.facebook.react.views.text.frescosupport.FrescoBasedReactTextInlineImageViewManager
03-14 23:01:14.089 14354 14416 W unknown:ViewManagerPropertyUpdater: Could not find generated setter for class com.facebook.react.views.text.frescosupport.FrescoBasedReactTextInlineImageShadowNode
03-14 23:01:14.095 14354 14416 W unknown:ViewManagerPropertyUpdater: Could not find generated setter for class com.horcrux.svg.RenderableViewManager$FeFloodManager
03-14 23:01:14.101 14354 14416 W unknown:ViewManagerPropertyUpdater: Could not find generated setter for class com.horcrux.svg.RenderableViewManager$GroupViewManager
03-14 23:01:14.106 14354 14354 I ViewInteraction: Checking 'MatchesViewAssertion(Detox){viewMatcher=(view has effective visibility <VISIBLE> and view.getGlobalVisibleRect() covers at least <75> percent of the view's area)}' assertion on view (view.getTag() is "dashboard-add-expense-button" and view has effective visibility <VISIBLE>)
03-14 23:01:14.109 14354 14416 W unknown:ViewManagerPropertyUpdater: Could not find generated setter for class com.horcrux.svg.RenderableViewManager$TextViewManager
03-14 23:01:14.117 14354 14416 W unknown:ViewManagerPropertyUpdater: Could not find generated setter for class com.horcrux.svg.RenderableViewManager$ImageViewManager
03-14 23:01:14.125 14354 14416 W unknown:ViewManagerPropertyUpdater: Could not find generated setter for class com.horcrux.svg.RenderableViewManager$FeCompositeManager
03-14 23:01:14.133 14354 14354 I ViewInteraction: Checking 'MatchesViewAssertion(Detox){viewMatcher=(view has effective visibility <VISIBLE> and view.getGlobalVisibleRect() covers at least <75> percent of the view's area)}' assertion on view (view.getTag() is "dashboard-add-expense-button" and view has effective visibility <VISIBLE>)
03-14 23:01:14.137 14354 14416 W unknown:ViewManagerPropertyUpdater: Could not find generated setter for class com.facebook.react.views.image.ReactImageManager
03-14 23:01:14.146 14354 14416 W unknown:ViewManagerPropertyUpdater: Could not find generated setter for class com.horcrux.svg.RenderableViewManager$RadialGradientManager
03-14 23:01:14.153 14354 14416 W unknown:ViewManagerPropertyUpdater: Could not find generated setter for class com.horcrux.svg.RenderableViewManager$MaskManager
03-14 23:01:14.161 14354 14416 W unknown:ViewManagerPropertyUpdater: Could not find generated setter for class com.facebook.react.views.unimplementedview.ReactUnimplementedViewManager
03-14 23:01:14.162 14354 14354 I ViewInteraction: Checking 'MatchesViewAssertion(Detox){viewMatcher=(view has effective visibility <VISIBLE> and view.getGlobalVisibleRect() covers at least <75> percent of the view's area)}' assertion on view (view.getTag() is "dashboard-add-expense-button" and view has effective visibility <VISIBLE>)
03-14 23:01:14.167 14354 14416 W unknown:ViewManagerPropertyUpdater: Could not find generated setter for class com.horcrux.svg.RenderableViewManager$RectViewManager
03-14 23:01:14.179 14354 14415 D TrafficStats: tagSocket(132) with statsTag=0xffffffff, statsUid=-1
03-14 23:01:14.180 14354 14416 W unknown:ViewManagerPropertyUpdater: Could not find generated setter for class com.horcrux.svg.RenderableViewManager$TextPathViewManager
03-14 23:01:14.194 14354 14354 I ViewInteraction: Checking 'MatchesViewAssertion(Detox){viewMatcher=(view has effective visibility <VISIBLE> and view.getGlobalVisibleRect() covers at least <75> percent of the view's area)}' assertion on view (view.getTag() is "dashboard-add-expense-button" and view has effective visibility <VISIBLE>)
03-14 23:01:14.195 14354 14416 W unknown:ViewManagerPropertyUpdater: Could not find generated setter for class com.facebook.react.views.scroll.ReactScrollViewManager
03-14 23:01:14.207 14354 14416 W unknown:ViewManagerPropertyUpdater: Could not find generated setter for class com.horcrux.svg.RenderableViewManager$FeOffsetManager
03-14 23:01:14.214 14354 14416 W unknown:ViewManagerPropertyUpdater: Could not find generated setter for class com.horcrux.svg.RenderableViewManager$PathViewManager
03-14 23:01:14.223 14354 14416 W unknown:ViewManagerPropertyUpdater: Could not find generated setter for class com.facebook.react.views.drawer.ReactDrawerLayoutManager
03-14 23:01:14.232 14354 14354 I ViewInteraction: Checking 'MatchesViewAssertion(Detox){viewMatcher=(view has effective visibility <VISIBLE> and view.getGlobalVisibleRect() covers at least <75> percent of the view's area)}' assertion on view (view.getTag() is "dashboard-add-expense-button" and view has effective visibility <VISIBLE>)
03-14 23:01:14.234 14354 14416 W unknown:ViewManagerPropertyUpdater: Could not find generated setter for class com.facebook.react.views.swiperefresh.SwipeRefreshLayoutManager
03-14 23:01:14.243 14354 14416 W unknown:ViewManagerPropertyUpdater: Could not find generated setter for class com.facebook.react.views.textinput.ReactTextInputManager
03-14 23:01:14.245 14354 14416 W unknown:ViewManagerPropertyUpdater: Could not find generated setter for class com.facebook.react.views.textinput.ReactTextInputShadowNode
03-14 23:01:14.252 14354 14416 W unknown:ViewManagerPropertyUpdater: Could not find generated setter for class com.swmansion.gesturehandler.react.RNGestureHandlerRootViewManager
03-14 23:01:14.260 14354 14354 I ViewInteraction: Checking 'MatchesViewAssertion(Detox){viewMatcher=(view has effective visibility <VISIBLE> and view.getGlobalVisibleRect() covers at least <75> percent of the view's area)}' assertion on view (view.getTag() is "dashboard-add-expense-button" and view has effective visibility <VISIBLE>)
03-14 23:01:14.283 14354 14416 W BridgelessReactContext: [WARNING] Bridgeless doesn't support CatalystInstance. Accessing an API that's not part of the new architecture is not encouraged usage.
03-14 23:01:14.286 14354 14354 I ViewInteraction: Checking 'MatchesViewAssertion(Detox){viewMatcher=(view has effective visibility <VISIBLE> and view.getGlobalVisibleRect() covers at least <75> percent of the view's area)}' assertion on view (view.getTag() is "dashboard-add-expense-button" and view has effective visibility <VISIBLE>)
03-14 23:01:14.297 14354 14416 I ExpoModulesCore: ✅ JSI interop was installed
03-14 23:01:14.301 14354 14416 I ExpoModulesCore: ✅ Constants were exported
03-14 23:01:14.314 14354 14354 I ViewInteraction: Checking 'MatchesViewAssertion(Detox){viewMatcher=(view has effective visibility <VISIBLE> and view.getGlobalVisibleRect() covers at least <75> percent of the view's area)}' assertion on view (view.getTag() is "dashboard-add-expense-button" and view has effective visibility <VISIBLE>)
03-14 23:01:14.338 14354 14416 D nativeloader: Load /data/app/~~wRzbvG75nM6MLt9mhOT8kw==/com.mcfuzzysquirrel.studentfinance-JYvgJb_EqJGe5B4qYL6Sfg==/base.apk!/lib/x86_64/librnscreens.so using ns clns-7 from class loader (caller=/data/app/~~wRzbvG75nM6MLt9mhOT8kw==/com.mcfuzzysquirrel.studentfinance-JYvgJb_EqJGe5B4qYL6Sfg==/base.apk!classes16.dex): ok
03-14 23:01:14.342 14354 14354 I ViewInteraction: Checking 'MatchesViewAssertion(Detox){viewMatcher=(view has effective visibility <VISIBLE> and view.getGlobalVisibleRect() covers at least <75> percent of the view's area)}' assertion on view (view.getTag() is "dashboard-add-expense-button" and view has effective visibility <VISIBLE>)
03-14 23:01:14.369 14354 14354 I ViewInteraction: Checking 'MatchesViewAssertion(Detox){viewMatcher=(view has effective visibility <VISIBLE> and view.getGlobalVisibleRect() covers at least <75> percent of the view's area)}' assertion on view (view.getTag() is "dashboard-add-expense-button" and view has effective visibility <VISIBLE>)
03-14 23:01:14.394 14354 14354 I ViewInteraction: Checking 'MatchesViewAssertion(Detox){viewMatcher=(view has effective visibility <VISIBLE> and view.getGlobalVisibleRect() covers at least <75> percent of the view's area)}' assertion on view (view.getTag() is "dashboard-add-expense-button" and view has effective visibility <VISIBLE>)
03-14 23:01:14.427 14354 14354 I ViewInteraction: Checking 'MatchesViewAssertion(Detox){viewMatcher=(view has effective visibility <VISIBLE> and view.getGlobalVisibleRect() covers at least <75> percent of the view's area)}' assertion on view (view.getTag() is "dashboard-add-expense-button" and view has effective visibility <VISIBLE>)
03-14 23:01:14.456 14354 14354 I ViewInteraction: Checking 'MatchesViewAssertion(Detox){viewMatcher=(view has effective visibility <VISIBLE> and view.getGlobalVisibleRect() covers at least <75> percent of the view's area)}' assertion on view (view.getTag() is "dashboard-add-expense-button" and view has effective visibility <VISIBLE>)
03-14 23:01:14.486 14354 14354 I ViewInteraction: Checking 'MatchesViewAssertion(Detox){viewMatcher=(view has effective visibility <VISIBLE> and view.getGlobalVisibleRect() covers at least <75> percent of the view's area)}' assertion on view (view.getTag() is "dashboard-add-expense-button" and view has effective visibility <VISIBLE>)
03-14 23:01:14.515 14354 14354 I ViewInteraction: Checking 'MatchesViewAssertion(Detox){viewMatcher=(view has effective visibility <VISIBLE> and view.getGlobalVisibleRect() covers at least <75> percent of the view's area)}' assertion on view (view.getTag() is "dashboard-add-expense-button" and view has effective visibility <VISIBLE>)
03-14 23:01:14.543 14354 14354 I ViewInteraction: Checking 'MatchesViewAssertion(Detox){viewMatcher=(view has effective visibility <VISIBLE> and view.getGlobalVisibleRect() covers at least <75> percent of the view's area)}' assertion on view (view.getTag() is "dashboard-add-expense-button" and view has effective visibility <VISIBLE>)
03-14 23:01:14.571 14354 14354 I ViewInteraction: Checking 'MatchesViewAssertion(Detox){viewMatcher=(view has effective visibility <VISIBLE> and view.getGlobalVisibleRect() covers at least <75> percent of the view's area)}' assertion on view (view.getTag() is "dashboard-add-expense-button" and view has effective visibility <VISIBLE>)
03-14 23:01:14.598 14354 14354 I ViewInteraction: Checking 'MatchesViewAssertion(Detox){viewMatcher=(view has effective visibility <VISIBLE> and view.getGlobalVisibleRect() covers at least <75> percent of the view's area)}' assertion on view (view.getTag() is "dashboard-add-expense-button" and view has effective visibility <VISIBLE>)
03-14 23:01:14.607 14354 14416 D Detox.RNMarker: RUN_JS_BUNDLE_END (index.android.bundle)
03-14 23:01:14.608 14354 14416 I ReactNativeJS: Running "main"
03-14 23:01:14.612 14354 14416 D Detox.RNMarker: REACT_BRIDGELESS_LOADING_END (null)
03-14 23:01:14.621 14354 14416 D nativeloader: Load /data/app/~~wRzbvG75nM6MLt9mhOT8kw==/com.mcfuzzysquirrel.studentfinance-JYvgJb_EqJGe5B4qYL6Sfg==/base.apk!/lib/x86_64/libgesturehandler.so using ns clns-7 from class loader (caller=/data/app/~~wRzbvG75nM6MLt9mhOT8kw==/com.mcfuzzysquirrel.studentfinance-JYvgJb_EqJGe5B4qYL6Sfg==/base.apk): ok
03-14 23:01:14.621 14354 14416 D jni_lib_merge: Entering merged library JNI_OnLoad.
03-14 23:01:14.621 14354 14416 D jni_lib_merge: Preparing 12 pre-merged libs (including stub)
03-14 23:01:14.621 14354 14416 D jni_lib_merge: Preparing to register libfabricjni_so.  onload_func: 0x727ce529a730
03-14 23:01:14.621 14354 14416 D jni_lib_merge: Preparing to register libreact_devsupportjni_so.  onload_func: 0x727ce5497190
03-14 23:01:14.621 14354 14416 D jni_lib_merge: Preparing to register libreact_featureflagsjni_so.  onload_func: 0x727ce54a8910
03-14 23:01:14.621 14354 14416 D jni_lib_merge: Preparing to register libreact_newarchdefaults_so.  onload_func: 0x727ce5549d20
03-14 23:01:14.621 14354 14416 D jni_lib_merge: Preparing to register libreactnativeblob_so.  onload_func: 0x727ce57542e0
03-14 23:01:14.621 14354 14416 D jni_lib_merge: Preparing to register libreactnativejni_so.  onload_func: 0x727ce5794770
03-14 23:01:14.621 14354 14416 D jni_lib_merge: Preparing to register libreactnativejni_common_so.  onload_func: 0x727ce57a45d0
03-14 23:01:14.621 14354 14416 D jni_lib_merge: Preparing to register librninstance_so.  onload_func: 0x727ce57e14c0
03-14 23:01:14.621 14354 14416 D jni_lib_merge: Preparing to register libturbomodulejsijni_so.  onload_func: 0x727ce5942c00
03-14 23:01:14.621 14354 14416 D jni_lib_merge: Preparing to register libuimanagerjni_so.  onload_func: 0x727ce595ade0
03-14 23:01:14.621 14354 14416 D jni_lib_merge: Preparing to register libyoga_so.  onload_func: 0x727ce5969d70
03-14 23:01:14.621 14354 14416 D jni_lib_merge: About to register 11 actual methods.
03-14 23:01:14.623 14354 14354 I ReactNative: [GESTURE HANDLER] Initialize gesture handler for root view com.facebook.react.runtime.ReactSurfaceView{fea8024 V.E...... ......ID 0,0-1080,2400 #1}
03-14 23:01:14.625 14354 14354 D Detox.RNMarker: CONTENT_APPEARED (main)
03-14 23:01:14.638 14354 14354 I ViewInteraction: Checking 'MatchesViewAssertion(Detox){viewMatcher=(view has effective visibility <VISIBLE> and view.getGlobalVisibleRect() covers at least <75> percent of the view's area)}' assertion on view (view.getTag() is "dashboard-add-expense-button" and view has effective visibility <VISIBLE>)
03-14 23:01:14.768 14354 14354 I ViewInteraction: Checking 'MatchesViewAssertion(Detox){viewMatcher=(view has effective visibility <VISIBLE> and view.getGlobalVisibleRect() covers at least <75> percent of the view's area)}' assertion on view (view.getTag() is "dashboard-add-expense-button" and view has effective visibility <VISIBLE>)
03-14 23:01:14.813 14354 14354 I ViewInteraction: Checking 'MatchesViewAssertion(Detox){viewMatcher=(view has effective visibility <VISIBLE> and view.getGlobalVisibleRect() covers at least <75> percent of the view's area)}' assertion on view (view.getTag() is "dashboard-add-expense-button" and view has effective visibility <VISIBLE>)
03-14 23:01:14.845 14354 14354 I ViewInteraction: Checking 'MatchesViewAssertion(Detox){viewMatcher=(view has effective visibility <VISIBLE> and view.getGlobalVisibleRect() covers at least <75> percent of the view's area)}' assertion on view (view.getTag() is "dashboard-add-expense-button" and view has effective visibility <VISIBLE>)
03-14 23:01:14.864 14354 14418 D TrafficStats: tagSocket(139) with statsTag=0xffffffff, statsUid=-1
03-14 23:01:14.867 14354 14416 D nativeloader: Load /data/app/~~wRzbvG75nM6MLt9mhOT8kw==/com.mcfuzzysquirrel.studentfinance-JYvgJb_EqJGe5B4qYL6Sfg==/base.apk!/lib/x86_64/libexpo-sqlite.so using ns clns-7 from class loader (caller=/data/app/~~wRzbvG75nM6MLt9mhOT8kw==/com.mcfuzzysquirrel.studentfinance-JYvgJb_EqJGe5B4qYL6Sfg==/base.apk!classes20.dex): ok
03-14 23:01:14.873 14354 14354 I ViewInteraction: Checking 'MatchesViewAssertion(Detox){viewMatcher=(view has effective visibility <VISIBLE> and view.getGlobalVisibleRect() covers at least <75> percent of the view's area)}' assertion on view (view.getTag() is "dashboard-add-expense-button" and view has effective visibility <VISIBLE>)
03-14 23:01:14.900 14354 14354 I ViewInteraction: Checking 'MatchesViewAssertion(Detox){viewMatcher=(view has effective visibility <VISIBLE> and view.getGlobalVisibleRect() covers at least <75> percent of the view's area)}' assertion on view (view.getTag() is "dashboard-add-expense-button" and view has effective visibility <VISIBLE>)
03-14 23:01:14.928 14354 14354 I ViewInteraction: Checking 'MatchesViewAssertion(Detox){viewMatcher=(view has effective visibility <VISIBLE> and view.getGlobalVisibleRect() covers at least <75> percent of the view's area)}' assertion on view (view.getTag() is "dashboard-add-expense-button" and view has effective visibility <VISIBLE>)
03-14 23:01:14.954 14354 14354 I ViewInteraction: Checking 'MatchesViewAssertion(Detox){viewMatcher=(view has effective visibility <VISIBLE> and view.getGlobalVisibleRect() covers at least <75> percent of the view's area)}' assertion on view (view.getTag() is "dashboard-add-expense-button" and view has effective visibility <VISIBLE>)
03-14 23:01:14.983 14354 14354 I ViewInteraction: Checking 'MatchesViewAssertion(Detox){viewMatcher=(view has effective visibility <VISIBLE> and view.getGlobalVisibleRect() covers at least <75> percent of the view's area)}' assertion on view (view.getTag() is "dashboard-add-expense-button" and view has effective visibility <VISIBLE>)
03-14 23:01:15.021 14354 14354 I ViewInteraction: Checking 'MatchesViewAssertion(Detox){viewMatcher=(view has effective visibility <VISIBLE> and view.getGlobalVisibleRect() covers at least <75> percent of the view's area)}' assertion on view (view.getTag() is "dashboard-add-expense-button" and view has effective visibility <VISIBLE>)
03-14 23:01:15.054 14354 14354 I ViewInteraction: Checking 'MatchesViewAssertion(Detox){viewMatcher=(view has effective visibility <VISIBLE> and view.getGlobalVisibleRect() covers at least <75> percent of the view's area)}' assertion on view (view.getTag() is "dashboard-add-expense-button" and view has effective visibility <VISIBLE>)
03-14 23:01:15.058 14354 14354 W .studentfinance: Accessing hidden field Landroid/widget/ScrollView;->mScroller:Landroid/widget/OverScroller; (unsupported, reflection, allowed)
03-14 23:01:15.105 14354 14354 W [RNScreens]: backTitleFontFamily prop is not available on Android
03-14 23:01:15.105 14354 14354 W [RNScreens]: disableBackButtonMenu prop is not available on Android
03-14 23:01:15.105 14354 14354 W [RNScreens]: backTitleVisible prop is not available on Android
03-14 23:01:15.105 14354 14354 W [RNScreens]: topInsetEnabled prop is not available on Android
03-14 23:01:15.105 14354 14354 W [RNScreens]: largeTitleHideShadow prop is not available on Android
03-14 23:01:15.105 14354 14354 W [RNScreens]: largeTitleFontWeight prop is not available on Android
03-14 23:01:15.105 14354 14354 W [RNScreens]: userInterfaceStyle prop is n