03-14 21:44:57.941  4566  4718 E unknown:ReactHost: 	at com.facebook.react.runtime.internal.bolts.Task.continueWith$default(Task.kt:117)
03-14 21:44:57.941  4566  4718 E unknown:ReactHost: 	at com.facebook.react.runtime.internal.bolts.Task.onSuccess$lambda$12(Task.kt:176)
03-14 21:44:57.941  4566  4718 E unknown:ReactHost: 	at com.facebook.react.runtime.internal.bolts.Task.$r8$lambda$l0wwo5AvbHxlwfI1R7CH_codxoo(Unknown Source:0)
03-14 21:44:57.941  4566  4718 E unknown:ReactHost: 	at com.facebook.react.runtime.internal.bolts.Task$$ExternalSyntheticLambda2.then(D8$$SyntheticClass:0)
03-14 21:44:57.941  4566  4718 E unknown:ReactHost: 	at com.facebook.react.runtime.internal.bolts.Task$Companion.completeAfterTask$lambda$5(Task.kt:394)
03-14 21:44:57.941  4566  4718 E unknown:ReactHost: 	at com.facebook.react.runtime.internal.bolts.Task$Companion.$r8$lambda$IPpysnehFwANEiW061YzapkMdoE(Unknown Source:0)
03-14 21:44:57.941  4566  4718 E unknown:ReactHost: 	at com.facebook.react.runtime.internal.bolts.Task$Companion$$ExternalSyntheticLambda4.run(D8$$SyntheticClass:0)
03-14 21:44:57.941  4566  4718 E unknown:ReactHost: 	... 3 more
03-14 21:44:57.941  4566  4718 W unknown:BridgelessReact: ReactHost{0}.getOrCreateDestroyTask(): Resetting createReactInstance task ref
03-14 21:44:57.995  4566  4566 W unknown:BridgelessReact: ReactHost{0}.getOrCreateDestroyTask(): Starting React Native destruction
03-14 21:44:57.995  4566  4566 W unknown:BridgelessReact: ReactHost{0}.raiseSoftException(getOrCreateDestroyTask()): Destroy: ReactInstance task faulted. Stage: 1: Starting destroy. Fault reason: Unable to load script.
03-14 21:44:57.995  4566  4566 W unknown:BridgelessReact: 
03-14 21:44:57.995  4566  4566 W unknown:BridgelessReact: Make sure you're running Metro or that your bundle 'index.android.bundle' is packaged correctly for release.
03-14 21:44:57.995  4566  4566 W unknown:BridgelessReact: 
03-14 21:44:57.995  4566  4566 W unknown:BridgelessReact: The device must either be USB connected (with bundler set to "localhost:8081") or be on the same Wi-Fi network as your computer (with bundler set to your computer IP) to connect to Metro.
03-14 21:44:57.995  4566  4566 W unknown:BridgelessReact: 
03-14 21:44:57.995  4566  4566 W unknown:BridgelessReact: If you're using USB on a physical device, make sure you also run this command:
03-14 21:44:57.995  4566  4566 W unknown:BridgelessReact:   adb reverse tcp:8081 tcp:8081. Destroy reason: handleHostException(message = "Unable to load script.
03-14 21:44:57.995  4566  4566 W unknown:BridgelessReact: 
03-14 21:44:57.995  4566  4566 W unknown:BridgelessReact: Make sure you're running Metro or that your bundle 'index.android.bundle' is packaged correctly for release.
03-14 21:44:57.995  4566  4566 W unknown:BridgelessReact: 
03-14 21:44:57.995  4566  4566 W unknown:BridgelessReact: The device must either be USB connected (with bundler set to "localhost:8081") or be on the same Wi-Fi network as your computer (with bundler set to your computer IP) to connect to Metro.
03-14 21:44:57.995  4566  4566 W unknown:BridgelessReact: 
03-14 21:44:57.995  4566  4566 W unknown:BridgelessReact: If you're using USB on a physical device, make sure you also run this command:
03-14 21:44:57.995  4566  4566 W unknown:BridgelessReact:   adb reverse tcp:8081 tcp:8081")
03-14 21:44:57.996  4566  4566 E unknown:ReactHost: Unhandled SoftException
03-14 21:44:57.996  4566  4566 E unknown:ReactHost: com.facebook.react.bridge.ReactNoCrashSoftException: raiseSoftException(getOrCreateDestroyTask()): Destroy: ReactInstance task faulted. Stage: 1: Starting destroy. Fault reason: Unable to load script.
03-14 21:44:57.996  4566  4566 E unknown:ReactHost: 
03-14 21:44:57.996  4566  4566 E unknown:ReactHost: Make sure you're running Metro or that your bundle 'index.android.bundle' is packaged correctly for release.
03-14 21:44:57.996  4566  4566 E unknown:ReactHost: 
03-14 21:44:57.996  4566  4566 E unknown:ReactHost: The device must either be USB connected (with bundler set to "localhost:8081") or be on the same Wi-Fi network as your computer (with bundler set to your computer IP) to connect to Metro.
03-14 21:44:57.996  4566  4566 E unknown:ReactHost: 
03-14 21:44:57.996  4566  4566 E unknown:ReactHost: If you're using USB on a physical device, make sure you also run this command:
03-14 21:44:57.996  4566  4566 E unknown:ReactHost:   adb reverse tcp:8081 tcp:8081. Destroy reason: handleHostException(message = "Unable to load script.
03-14 21:44:57.996  4566  4566 E unknown:ReactHost: 
03-14 21:44:57.996  4566  4566 E unknown:ReactHost: Make sure you're running Metro or that your bundle 'index.android.bundle' is packaged correctly for release.
03-14 21:44:57.996  4566  4566 E unknown:ReactHost: 
03-14 21:44:57.996  4566  4566 E unknown:ReactHost: The device must either be USB connected (with bundler set to "localhost:8081") or be on the same Wi-Fi network as your computer (with bundler set to your computer IP) to connect to Metro.
03-14 21:44:57.996  4566  4566 E unknown:ReactHost: 
03-14 21:44:57.996  4566  4566 E unknown:ReactHost: If you're using USB on a physical device, make sure you also run this command:
03-14 21:44:57.996  4566  4566 E unknown:ReactHost:   adb reverse tcp:8081 tcp:8081")
03-14 21:44:57.996  4566  4566 E unknown:ReactHost: 	at com.facebook.react.runtime.ReactHostImpl.raiseSoftException(ReactHostImpl.kt:861)
03-14 21:44:57.996  4566  4566 E unknown:ReactHost: 	at com.facebook.react.runtime.ReactHostImpl.raiseSoftException$default(ReactHostImpl.kt:852)
03-14 21:44:57.996  4566  4566 E unknown:ReactHost: 	at com.facebook.react.runtime.ReactHostImpl.createReactInstanceUnwrapper$lambda$49(ReactHostImpl.kt:1220)
03-14 21:44:57.996  4566  4566 E unknown:ReactHost: 	at com.facebook.react.runtime.ReactHostImpl.$r8$lambda$wxqWPZPIM84yb-DFfq8PhEXI2r4(Unknown Source:0)
03-14 21:44:57.996  4566  4566 E unknown:ReactHost: 	at com.facebook.react.runtime.ReactHostImpl$$ExternalSyntheticLambda36.invoke(D8$$SyntheticClass:0)
03-14 21:44:57.996  4566  4566 E unknown:ReactHost: 	at com.facebook.react.runtime.ReactHostImpl.getOrCreateDestroyTask$lambda$60(ReactHostImpl.kt:1437)
03-14 21:44:57.996  4566  4566 E unknown:ReactHost: 	at com.facebook.react.runtime.ReactHostImpl.$r8$lambda$W_3hbG2jNwurg3jPo_rFnHCrsPg(Unknown Source:0)
03-14 21:44:57.996  4566  4566 E unknown:ReactHost: 	at com.facebook.react.runtime.ReactHostImpl$$ExternalSyntheticLambda27.then(D8$$SyntheticClass:0)
03-14 21:44:57.996  4566  4566 E unknown:ReactHost: 	at com.facebook.react.runtime.internal.bolts.Task$Companion.completeAfterTask$lambda$5(Task.kt:394)
03-14 21:44:57.996  4566  4566 E unknown:ReactHost: 	at com.facebook.react.runtime.internal.bolts.Task$Companion.$r8$lambda$IPpysnehFwANEiW061YzapkMdoE(Unknown Source:0)
03-14 21:44:57.996  4566  4566 E unknown:ReactHost: 	at com.facebook.react.runtime.internal.bolts.Task$Companion$$ExternalSyntheticLambda4.run(D8$$SyntheticClass:0)
03-14 21:44:57.996  4566  4566 E unknown:ReactHost: 	at android.os.Handler.handleCallback(Handler.java:959)
03-14 21:44:57.996  4566  4566 E unknown:ReactHost: 	at android.os.Handler.dispatchMessage(Handler.java:100)
03-14 21:44:57.996  4566  4566 E unknown:ReactHost: 	at androidx.test.espresso.base.TestLooperManagerCompat.execute(TestLooperManagerCompat.java:121)
03-14 21:44:57.996  4566  4566 E unknown:ReactHost: 	at androidx.test.espresso.base.Interrogator.loopAndInterrogate(Interrogator.java:128)
03-14 21:44:57.996  4566  4566 E unknown:ReactHost: 	at androidx.test.espresso.base.UiControllerImpl.loopUntil(UiControllerImpl.java:513)
03-14 21:44:57.996  4566  4566 E unknown:ReactHost: 	at androidx.test.espresso.base.UiControllerImpl.loopMainThreadUntilIdle(UiControllerImpl.java:434)
03-14 21:44:57.996  4566  4566 E unknown:ReactHost: 	at androidx.test.espresso.Espresso.lambda$onIdle$2(Espresso.java:340)
03-14 21:44:57.996  4566  4566 E unknown:ReactHost: 	at androidx.test.espresso.Espresso$$ExternalSyntheticLambda1.call(D8$$SyntheticClass:0)
03-14 21:44:57.996  4566  4566 E unknown:ReactHost: 	at java.util.concurrent.FutureTask.run(FutureTask.java:264)
03-14 21:44:57.996  4566  4566 E unknown:ReactHost: 	at android.os.Handler.handleCallback(Handler.java:959)
03-14 21:44:57.996  4566  4566 E unknown:ReactHost: 	at android.os.Handler.dispatchMessage(Handler.java:100)
03-14 21:44:57.996  4566  4566 E unknown:ReactHost: 	at android.os.Looper.loopOnce(Looper.java:232)
03-14 21:44:57.996  4566  4566 E unknown:ReactHost: 	at android.os.Looper.loop(Looper.java:317)
03-14 21:44:57.996  4566  4566 E unknown:ReactHost: 	at android.app.ActivityThread.main(ActivityThread.java:8705)
03-14 21:44:57.996  4566  4566 E unknown:ReactHost: 	at java.lang.reflect.Method.invoke(Native Method)
03-14 21:44:57.996  4566  4566 E unknown:ReactHost: 	at com.android.internal.os.RuntimeInit$MethodAndArgsCaller.run(RuntimeInit.java:580)
03-14 21:44:57.996  4566  4566 E unknown:ReactHost: 	at com.android.internal.os.ZygoteInit.main(ZygoteInit.java:886)
03-14 21:44:57.996  4566  4566 W unknown:BridgelessReact: ReactHost{0}.getOrCreateDestroyTask(): DevSupportManager cleanup
03-14 21:44:57.996  4566  4566 W unknown:BridgelessReact: ReactHost{0}.getOrCreateDestroyTask(): Move ReactHost to onHostDestroy()
03-14 21:44:57.996  4566  4566 W unknown:BridgelessReact: ReactHost{0}.ReactContext.onHostPause()
03-14 21:44:57.997  4566  4566 W unknown:BridgelessReact: ReactHost{0}.ReactContext.onHostDestroy()
03-14 21:44:58.012  4566  4566 E unknown:ReactNative: Tried to remove non-existent frame callback
03-14 21:44:58.017  4566  4718 W unknown:BridgelessReact: ReactHost{0}.getOrCreateDestroyTask(): Stopping all React Native surfaces
03-14 21:44:58.017  4566  4718 E unknown:FabricUIManager: Unhandled SoftException
03-14 21:44:58.017  4566  4718 E unknown:FabricUIManager: java.lang.IllegalStateException: Trying to stop surface that hasn't started yet
03-14 21:44:58.017  4566  4718 E unknown:FabricUIManager: 	at com.facebook.react.fabric.FabricUIManager.stopSurface(FabricUIManager.java:396)
03-14 21:44:58.017  4566  4718 E unknown:FabricUIManager: 	at com.facebook.react.runtime.ReactInstance.stopSurface(ReactInstance.kt:410)
03-14 21:44:58.017  4566  4718 E unknown:FabricUIManager: 	at com.facebook.react.runtime.ReactHostImpl.stopAttachedSurfaces(ReactHostImpl.kt:1189)
03-14 21:44:58.017  4566  4718 E unknown:FabricUIManager: 	at com.facebook.react.runtime.ReactHostImpl.getOrCreateDestroyTask$lambda$62(ReactHostImpl.kt:1475)
03-14 21:44:58.017  4566  4718 E unknown:FabricUIManager: 	at com.facebook.react.runtime.ReactHostImpl.$r8$lambda$xpeTQfuVN0XbBBJsIsVmA6wzF00(Unknown Source:0)
03-14 21:44:58.017  4566  4718 E unknown:FabricUIManager: 	at com.facebook.react.runtime.ReactHostImpl$$ExternalSyntheticLambda28.then(D8$$SyntheticClass:0)
03-14 21:44:58.017  4566  4718 E unknown:FabricUIManager: 	at com.facebook.react.runtime.internal.bolts.Task$Companion.completeAfterTask$lambda$5(Task.kt:394)
03-14 21:44:58.017  4566  4718 E unknown:FabricUIManager: 	at com.facebook.react.runtime.internal.bolts.Task$Companion.$r8$lambda$IPpysnehFwANEiW061YzapkMdoE(Unknown Source:0)
03-14 21:44:58.017  4566  4718 E unknown:FabricUIManager: 	at com.facebook.react.runtime.internal.bolts.Task$Companion$$ExternalSyntheticLambda4.run(D8$$SyntheticClass:0)
03-14 21:44:58.017  4566  4718 E unknown:FabricUIManager: 	at java.util.concurrent.ThreadPoolExecutor.runWorker(ThreadPoolExecutor.java:1145)
03-14 21:44:58.017  4566  4718 E unknown:FabricUIManager: 	at java.util.concurrent.ThreadPoolExecutor$Worker.run(ThreadPoolExecutor.java:644)
03-14 21:44:58.017  4566  4718 E unknown:FabricUIManager: 	at java.lang.Thread.run(Thread.java:1012)
03-14 21:44:58.431  4566  4577 I .studentfinance: Compiler allocated 4219KB to compile void android.widget.TextView.<init>(android.content.Context, android.util.AttributeSet, int, int)
03-14 21:44:58.510  4566  4566 W unknown:BridgelessReact: ReactHost{0}.getOrCreateDestroyTask(): Destroying MemoryPressureRouter
03-14 21:44:58.510  4566  4566 W unknown:BridgelessReact: ReactHost{0}.getOrCreateDestroyTask(): Resetting ReactContext ref
03-14 21:44:58.510  4566  4566 W unknown:BridgelessReact: ReactHost{0}.getOrCreateDestroyTask(): Destroying ReactContext
03-14 21:44:58.511  4566  4718 W unknown:BridgelessReact: ReactHost{0}.getOrCreateDestroyTask(): Resetting ReactInstance ptr
03-14 21:44:58.511  4566  4718 W unknown:BridgelessReact: ReactHost{0}.getOrCreateDestroyTask(): Destroying ReactInstance
03-14 21:44:58.513  4566  4718 E unknown:ReactNative: Tried to remove non-existent frame callback
03-14 21:44:58.525  4566  4566 W unknown:BridgelessReact: ReactHost{0}.raiseSoftException(onWindowFocusChange(hasFocus = "false")): Tried to access onWindowFocusChange while context is not ready
03-14 21:44:58.526  4566  4711 D TrafficStats: tagSocket(109) with statsTag=0xffffffff, statsUid=-1
03-14 21:44:58.538  4566  4718 W unknown:BridgelessReact: ReactHost{0}.getOrCreateDestroyTask(): Resetting start/destroy task ref
03-14 21:44:58.540  4566  4566 E unknown:ReactHost: Unhandled SoftException
03-14 21:44:58.540  4566  4566 E unknown:ReactHost: com.facebook.react.bridge.ReactNoCrashSoftException: raiseSoftException(onWindowFocusChange(hasFocus = "false")): Tried to access onWindowFocusChange while context is not ready
03-14 21:44:58.540  4566  4566 E unknown:ReactHost: 	at com.facebook.react.runtime.ReactHostImpl.raiseSoftException(ReactHostImpl.kt:861)
03-14 21:44:58.540  4566  4566 E unknown:ReactHost: 	at com.facebook.react.runtime.ReactHostImpl.raiseSoftException$default(ReactHostImpl.kt:852)
03-14 21:44:58.540  4566  4566 E unknown:ReactHost: 	at com.facebook.react.runtime.ReactHostImpl.onWindowFocusChange(ReactHostImpl.kt:625)
03-14 21:44:58.540  4566  4566 E unknown:ReactHost: 	at com.facebook.react.ReactDelegate.onWindowFocusChanged(ReactDelegate.kt:232)
03-14 21:44:58.540  4566  4566 E unknown:ReactHost: 	at com.facebook.react.ReactActivityDelegate.onWindowFocusChanged(ReactActivityDelegate.java:237)
03-14 21:44:58.540  4566  4566 E unknown:ReactHost: 	at expo.modules.ReactActivityDelegateWrapper$onWindowFocusChanged$1.invokeSuspend(ReactActivityDelegateWrapper.kt:320)
03-14 21:44:58.540  4566  4566 E unknown:ReactHost: 	at expo.modules.ReactActivityDelegateWrapper$onWindowFocusChanged$1.invoke(Unknown Source:8)
03-14 21:44:58.540  4566  4566 E unknown:ReactHost: 	at expo.modules.ReactActivityDelegateWrapper$onWindowFocusChanged$1.invoke(Unknown Source:4)
03-14 21:44:58.540  4566  4566 E unknown:ReactHost: 	at expo.modules.ReactActivityDelegateWrapper$launchLifecycleScopeWithLock$1.invokeSuspend(ReactActivityDelegateWrapper.kt:452)
03-14 21:44:58.540  4566  4566 E unknown:ReactHost: 	at kotlin.coroutines.jvm.internal.BaseContinuationImpl.resumeWith(ContinuationImpl.kt:33)
03-14 21:44:58.540  4566  4566 E unknown:ReactHost: 	at kotlinx.coroutines.internal.DispatchedContinuationKt.resumeCancellableWith(DispatchedContinuation.kt:375)
03-14 21:44:58.540  4566  4566 E unknown:ReactHost: 	at kotlinx.coroutines.intrinsics.CancellableKt.startCoroutineCancellable(Cancellable.kt:26)
03-14 21:44:58.540  4566  4566 E unknown:ReactHost: 	at kotlinx.coroutines.CoroutineStart.invoke(CoroutineStart.kt:358)
03-14 21:44:58.540  4566  4566 E unknown:ReactHost: 	at kotlinx.coroutines.AbstractCoroutine.start(AbstractCoroutine.kt:134)
03-14 21:44:58.540  4566  4566 E unknown:ReactHost: 	at kotlinx.coroutines.BuildersKt__Builders_commonKt.launch(Builders.common.kt:53)
03-14 21:44:58.540  4566  4566 E unknown:ReactHost: 	at kotlinx.coroutines.BuildersKt.launch(Unknown Source:1)
03-14 21:44:58.540  4566  4566 E unknown:ReactHost: 	at kotlinx.coroutines.BuildersKt__Builders_commonKt.launch$default(Builders.common.kt:44)
03-14 21:44:58.540  4566  4566 E unknown:ReactHost: 	at kotlinx.coroutines.BuildersKt.launch$default(Unknown Source:1)
03-14 21:44:58.540  4566  4566 E unknown:ReactHost: 	at expo.modules.ReactActivityDelegateWrapper.launchLifecycleScopeWithLock(ReactActivityDelegateWrapper.kt:450)
03-14 21:44:58.540  4566  4566 E unknown:ReactHost: 	at expo.modules.ReactActivityDelegateWrapper.launchLifecycleScopeWithLock$default(ReactActivityDelegateWrapper.kt:446)
03-14 21:44:58.540  4566  4566 E unknown:ReactHost: 	at expo.modules.ReactActivityDelegateWrapper.onWindowFocusChanged(ReactActivityDelegateWrapper.kt:318)
03-14 21:44:58.540  4566  4566 E unknown:ReactHost: 	at com.facebook.react.ReactActivity.onWindowFocusChanged(ReactActivity.java:158)
03-14 21:44:58.540  4566  4566 E unknown:ReactHost: 	at androidx.appcompat.view.WindowCallbackWrapper.onWindowFocusChanged(WindowCallbackWrapper.java:124)
03-14 21:44:58.540  4566  4566 E unknown:ReactHost: 	at com.android.internal.policy.DecorView.onWindowFocusChanged(DecorView.java:1772)
03-14 21:44:58.540  4566  4566 E unknown:ReactHost: 	at android.view.View.dispatchWindowFocusChanged(View.java:16743)
03-14 21:44:58.540  4566  4566 E unknown:ReactHost: 	at android.view.ViewGroup.dispatchWindowFocusChanged(ViewGroup.java:1505)
03-14 21:44:58.540  4566  4566 E unknown:ReactHost: 	at android.view.ViewRootImpl.dispatchFocusEvent(ViewRootImpl.java:4697)
03-14 21:44:58.540  4566  4566 E unknown:ReactHost: 	at android.view.ViewRootImpl.handleWindowFocusChanged(ViewRootImpl.java:4601)
03-14 21:44:58.540  4566  4566 E unknown:ReactHost: 	at android.view.ViewRootImpl.-$$Nest$mhandleWindowFocusChanged(Unknown Source:0)
03-14 21:44:58.540  4566  4566 E unknown:ReactHost: 	at android.view.ViewRootImpl$ViewRootHandler.handleMessageImpl(ViewRootImpl.java:6773)
03-14 21:44:58.540  4566  4566 E unknown:ReactHost: 	at android.view.ViewRootImpl$ViewRootHandler.handleMessage(ViewRootImpl.java:6683)
03-14 21:44:58.540  4566  4566 E unknown:ReactHost: 	at android.os.Handler.dispatchMessage(Handler.java:107)
03-14 21:44:58.540  4566  4566 E unknown:ReactHost: 	at androidx.test.espresso.base.TestLooperManagerCompat.execute(TestLooperManagerCompat.java:121)
03-14 21:44:58.540  4566  4566 E unknown:ReactHost: 	at androidx.test.espresso.base.Interrogator.loopAndInterrogate(Interrogator.java:128)
03-14 21:44:58.540  4566  4566 E unknown:ReactHost: 	at androidx.test.espresso.base.UiControllerImpl.loopUntil(UiControllerImpl.java:513)
03-14 21:44:58.540  4566  4566 E unknown:ReactHost: 	at androidx.test.espresso.base.UiControllerImpl.loopMainThreadUntilIdle(UiControllerImpl.java:434)
03-14 21:44:58.540  4566  4566 E unknown:ReactHost: 	at androidx.test.espresso.Espresso.lambda$onIdle$2(Espresso.java:340)
03-14 21:44:58.540  4566  4566 E unknown:ReactHost: 	at androidx.test.espresso.Espresso$$ExternalSyntheticLambda1.call(D8$$SyntheticClass:0)
03-14 21:44:58.540  4566  4566 E unknown:ReactHost: 	at java.util.concurrent.FutureTask.run(FutureTask.java:264)
03-14 21:44:58.540  4566  4566 E unknown:ReactHost: 	at android.os.Handler.handleCallback(Handler.java:959)
03-14 21:44:58.540  4566  4566 E unknown:ReactHost: 	at android.os.Handler.dispatchMessage(Handler.java:100)
03-14 21:44:58.540  4566  4566 E unknown:ReactHost: 	at android.os.Looper.loopOnce(Looper.java:232)
03-14 21:44:58.540  4566  4566 E unknown:ReactHost: 	at android.os.Looper.loop(Looper.java:317)
03-14 21:44:58.540  4566  4566 E unknown:ReactHost: 	at android.app.ActivityThread.main(ActivityThread.java:8705)
03-14 21:44:58.540  4566  4566 E unknown:ReactHost: 	at java.lang.reflect.Method.invoke(Native Method)
03-14 21:44:58.540  4566  4566 E unknown:ReactHost: 	at com.android.internal.os.RuntimeInit$MethodAndArgsCaller.run(RuntimeInit.java:580)
03-14 21:44:58.540  4566  4566 E unknown:ReactHost: 	at com.android.internal.os.ZygoteInit.main(ZygoteInit.java:886)
03-14 21:44:58.762  4566  4588 I HWUI    : Davey! duration=705ms; Flags=0, FrameTimelineVsyncId=13028, IntendedVsync=89019654023, Vsync=89502987337, InputEventId=0, HandleInputStart=89512030318, AnimationStart=89512031973, PerformTraversalsStart=89512286349, DrawStart=89512332263, FrameDeadline=89536320669, FrameInterval=89511891269, FrameStartTime=16666666, SyncQueued=89512714923, SyncStart=89512741388, IssueDrawCommandsStart=89512780828, SwapBuffers=89565839368, FrameCompleted=89724920806, DequeueBufferDuration=4834, QueueBufferDuration=174645, GpuCompleted=89724920806, SwapBuffersCompleted=89679351700, DisplayPresentTime=-70243739170871886, CommandSubmissionCompleted=89565839368, 
03-14 21:44:59.716  4566  4695 D EGL_emulation: app_time_stats: avg=167.98ms min=22.59ms max=821.04ms count=7
03-14 21:44:59.993  4566  4849 D ProfileInstaller: Installing profile for com.mcfuzzysquirrel.studentfinance
03-14 21:45:00.545  4566  4711 D TrafficStats: tagSocket(149) with statsTag=0xffffffff, statsUid=-1
03-14 21:45:02.553  4566  4711 D TrafficStats: tagSocket(149) with statsTag=0xffffffff, statsUid=-1
03-14 21:45:02.931  4566  4566 D DetoxRNHelpers: Native RN module resolution (class com.reactnativecommunity.asyncstorage.AsyncStorageModule): no such class
03-14 21:45:04.558  4566  4711 D TrafficStats: tagSocket(6) with statsTag=0xffffffff, statsUid=-1
03-14 21:45:05.173  4566  4686 D DetoxWSClient: Received action 'currentStatus' (ID #1, params={})
03-14 21:45:05.175  4566  4680 I DetoxDispatcher: Handling action 'currentStatus' (ID #1)...
03-14 21:45:06.570  4566  4711 D TrafficStats: tagSocket(112) with statsTag=0xffffffff, statsUid=-1
03-14 21:45:07.932  4566  4566 W IdlingPolicy: These resources are not idle: [LooperIdlingResource-61-mqt_v_native]
03-14 21:45:08.576  4566  4711 D TrafficStats: tagSocket(112) with statsTag=0xffffffff, statsUid=-1
03-14 21:45:10.584  4566  4711 D TrafficStats: tagSocket(112) with statsTag=0xffffffff, statsUid=-1
03-14 21:45:12.591  4566  4711 D TrafficStats: tagSocket(112) with statsTag=0xffffffff, statsUid=-1
03-14 21:45:12.933  4566  4566 W IdlingPolicy: These resources are not idle: [LooperIdlingResource-61-mqt_v_native]
03-14 21:45:14.597  4566  4711 D TrafficStats: tagSocket(112) with statsTag=0xffffffff, statsUid=-1
03-14 21:45:16.609  4566  4711 D TrafficStats: tagSocket(112) with statsTag=0xffffffff, statsUid=-1
03-14 21:45:17.938  4566  4566 W IdlingPolicy: These resources are not idle: [LooperIdlingResource-61-mqt_v_native]
03-14 21:45:18.620  4566  4711 D TrafficStats: tagSocket(112) with statsTag=0xffffffff, statsUid=-1
03-14 21:45:20.625  4566  4711 D TrafficStats: tagSocket(112) with statsTag=0xffffffff, statsUid=-1
03-14 21:45:22.631  4566  4711 D TrafficStats: tagSocket(112) with statsTag=0xffffffff, statsUid=-1
03-14 21:45:22.938  4566  4566 W IdlingPolicy: These resources are not idle: [LooperIdlingResource-61-mqt_v_native]
03-14 21:45:24.635  4566  4711 D TrafficStats: tagSocket(112) with statsTag=0xffffffff, statsUid=-1
03-14 21:45:26.642  4566  4711 D TrafficStats: tagSocket(112) with statsTag=0xffffffff, statsUid=-1
03-14 21:45:27.939  4566  4566 W IdlingPolicy: These resources are not idle: [LooperIdlingResource-61-mqt_v_native]
03-14 21:45:28.652  4566  4711 D TrafficStats: tagSocket(112) with statsTag=0xffffffff, statsUid=-1
03-14 21:45:30.657  4566  4711 D TrafficStats: tagSocket(112) with statsTag=0xffffffff, statsUid=-1
03-14 21:45:32.663  4566  4711 D TrafficStats: tagSocket(112) with statsTag=0xffffffff, statsUid=-1
03-14 21:45:32.940  4566  4566 W IdlingPolicy: These resources are not idle: [LooperIdlingResource-61-mqt_v_native]
03-14 21:45:34.669  4566  4711 D TrafficStats: tagSocket(112) with statsTag=0xffffffff, statsUid=-1
03-14 21:45:36.676  4566  4711 D TrafficStats: tagSocket(112) with statsTag=0xffffffff, statsUid=-1
03-14 21:45:37.940  4566  4566 W IdlingPolicy: These resources are not idle: [LooperIdlingResource-61-mqt_v_native]
03-14 21:45:38.681  4566  4711 D TrafficStats: tagSocket(112) with statsTag=0xffffffff, statsUid=-1
03-14 21:45:40.688  4566  4711 D TrafficStats: tagSocket(112) with statsTag=0xffffffff, statsUid=-1
03-14 21:45:42.695  4566  4711 D TrafficStats: tagSocket(112) with statsTag=0xffffffff, statsUid=-1
03-14 21:45:42.939  4566  4566 W IdlingPolicy: These resources are not idle: [LooperIdlingResource-61-mqt_v_native]
03-14 21:45:44.711  4566  4711 D TrafficStats: tagSocket(112) with statsTag=0xffffffff, statsUid=-1
03-14 21:45:46.716  4566  4711 D TrafficStats: tagSocket(112) with statsTag=0xffffffff, statsUid=-1
03-14 21:45:47.940  4566  4566 W IdlingPolicy: These resources are not idle: [LooperIdlingResource-61-mqt_v_native]
03-14 21:45:48.722  4566  4711 D TrafficStats: tagSocket(112) with statsTag=0xffffffff, statsUid=-1
03-14 21:45:50.728  4566  4711 D TrafficStats: tagSocket(112) with statsTag=0xffffffff, statsUid=-1
03-14 21:45:52.734  4566  4711 D TrafficStats: tagSocket(112) with statsTag=0xffffffff, statsUid=-1
03-14 21:45:52.940  4566  4566 W IdlingPolicy: These resources are not idle: [LooperIdlingResource-61-mqt_v_native]
03-14 21:45:54.741  4566  4711 D TrafficStats: tagSocket(112) with statsTag=0xffffffff, statsUid=-1
03-14 21:45:56.746  4566  4711 D TrafficStats: tagSocket(112) with statsTag=0xffffffff, statsUid=-1
03-14 21:45:57.941  4566  4566 W IdlingPolicy: These resources are not idle: [LooperIdlingResource-61-mqt_v_native]
03-14 21:45:58.752  4566  4711 D TrafficStats: tagSocket(112) with statsTag=0xffffffff, statsUid=-1
03-14 21:46:00.756  4566  4711 D TrafficStats: tagSocket(112) with statsTag=0xffffffff, statsUid=-1
03-14 21:46:02.764  4566  4711 D TrafficStats: tagSocket(112) with statsTag=0xffffffff, statsUid=-1
03-14 21:46:02.942  4566  4566 W IdlingPolicy: These resources are not idle: [LooperIdlingResource-61-mqt_v_native]
03-14 21:46:04.768  4566  4711 D TrafficStats: tagSocket(112) with statsTag=0xffffffff, statsUid=-1
03-14 21:46:06.772  4566  4711 D TrafficStats: tagSocket(112) with statsTag=0xffffffff, statsUid=-1
03-14 21:46:07.944  4566  4566 W IdlingPolicy: These resources are not idle: [LooperIdlingResource-61-mqt_v_native]
03-14 21:46:08.777  4566  4711 D TrafficStats: tagSocket(112) with statsTag=0xffffffff, statsUid=-1
03-14 21:46:10.784  4566  4711 D TrafficStats: tagSocket(112) with statsTag=0xffffffff, statsUid=-1
03-14 21:46:12.792  4566  4711 D TrafficStats: tagSocket(112) with statsTag=0xffffffff, statsUid=-1
03-14 21:46:12.945  4566  4566 W IdlingPolicy: These resources are not idle: [LooperIdlingResource-61-mqt_v_native]
03-14 21:46:14.798  4566  4711 D TrafficStats: tagSocket(112) with statsTag=0xffffffff, statsUid=-1
03-14 21:46:16.805  4566  4711 D TrafficStats: tagSocket(112) with statsTag=0xffffffff, statsUid=-1
03-14 21:46:17.945  4566  4566 W IdlingPolicy: These resources are not idle: [LooperIdlingResource-61-mqt_v_native]
03-14 21:46:18.811  4566  4711 D TrafficStats: tagSocket(112) with statsTag=0xffffffff, statsUid=-1
03-14 21:46:20.818  4566  4711 D TrafficStats: tagSocket(112) with statsTag=0xffffffff, statsUid=-1
03-14 21:46:22.824  4566  4711 D TrafficStats: tagSocket(112) with statsTag=0xffffffff, statsUid=-1
03-14 21:46:22.946  4566  4566 W IdlingPolicy: These resources are not idle: [LooperIdlingResource-61-mqt_v_native]
03-14 21:46:24.831  4566  4711 D TrafficStats: tagSocket(112) with statsTag=0xffffffff, statsUid=-1
03-14 21:46:26.837  4566  4711 D TrafficStats: tagSocket(112) with statsTag=0xffffffff, statsUid=-1
03-14 21:46:27.947  4566  4566 W IdlingPolicy: These resources are not idle: [LooperIdlingResource-61-mqt_v_native]
03-14 21:46:28.842  4566  4711 D TrafficStats: tagSocket(112) with statsTag=0xffffffff, statsUid=-1
03-14 21:46:30.849  4566  4711 D TrafficStats: tagSocket(112) with statsTag=0xffffffff, statsUid=-1
03-14 21:46:32.853  4566  4566 W UiControllerImpl: Waiting for: DYNAMIC_TASKS_HAVE_IDLED for 100 iterations.
03-14 21:46:32.855  4566  4711 D TrafficStats: tagSocket(112) with statsTag=0xffffffff, statsUid=-1
03-14 21:46:32.947  4566  4566 W IdlingPolicy: These resources are not idle: [LooperIdlingResource-61-mqt_v_native]
03-14 21:46:32.968  4566  4566 I Detox   : Wait is over: App is now idle!
03-14 21:46:32.970  4566  4680 W .studentfinance: Long monitor contention with owner detox.primary (4679) at void com.wix.detox.DetoxMain$setupActionHandlers$SynchronizedActionHandler.handle(java.lang.String, long)(DetoxMain.kt:77) waiters=0 in void com.wix.detox.DetoxMain$setupActionHandlers$SynchronizedActionHandler.handle(java.lang.String, long) for 87.794s
--------- beginning of crash
03-14 21:46:32.976  4566  4679 E AndroidRuntime: FATAL EXCEPTION: detox.primary
03-14 21:46:32.976  4566  4679 E AndroidRuntime: Process: com.mcfuzzysquirrel.studentfinance, PID: 4566
03-14 21:46:32.976  4566  4679 E AndroidRuntime: androidx.test.espresso.AppNotIdleException: Looped for 101 iterations over 90 SECONDS. The following Idle Conditions failed DYNAMIC_TASKS_HAVE_IDLED(busy resources=LooperIdlingResource-61-mqt_v_native).
03-14 21:46:32.976  4566  4679 E AndroidRuntime: 	at androidx.test.espresso.IdlingPolicy.handleTimeout(IdlingPolicy.java:61)
03-14 21:46:32.976  4566  4679 E AndroidRuntime: 	at androidx.test.espresso.base.UiControllerImpl.loopUntil(UiControllerImpl.java:573)
03-14 21:46:32.976  4566  4679 E AndroidRuntime: 	at androidx.test.espresso.base.UiControllerImpl.loopMainThreadUntilIdle(UiControllerImpl.java:434)
03-14 21:46:32.976  4566  4679 E AndroidRuntime: 	at androidx.test.espresso.Espresso.lambda$onIdle$2(Espresso.java:340)
03-14 21:46:32.976  4566  4679 E AndroidRuntime: 	at androidx.test.espresso.Espresso$$ExternalSyntheticLambda1.call(D8$$SyntheticClass:0)
03-14 21:46:32.976  4566  4679 E AndroidRuntime: 	at java.util.concurrent.FutureTask.run(FutureTask.java:264)
03-14 21:46:32.976  4566  4679 E AndroidRuntime: 	at android.os.Handler.handleCallback(Handler.java:959)
03-14 21:46:32.976  4566  4679 E AndroidRuntime: 	at android.os.Handler.dispatchMessage(Handler.java:100)
03-14 21:46:32.976  4566  4679 E AndroidRuntime: 	at android.os.Looper.loopOnce(Looper.java:232)
03-14 21:46:32.976  4566  4679 E AndroidRuntime: 	at android.os.Looper.loop(Looper.java:317)
03-14 21:46:32.976  4566  4679 E AndroidRuntime: 	at android.app.ActivityThread.main(ActivityThread.java:8705)
03-14 21:46:32.976  4566  4679 E AndroidRuntime: 	at java.lang.reflect.Method.invoke(Native Method)
03-14 21:46:32.976  4566  4679 E AndroidRuntime: 	at com.android.internal.os.RuntimeInit$MethodAndArgsCaller.run(RuntimeInit.java:580)
03-14 21:46:32.976  4566  4679 E AndroidRuntime: 	at com.android.internal.os.ZygoteInit.main(ZygoteInit.java:886)
03-14 21:46:32.983  4566  4679 E DetoxCrashHandler: Crash detected!!! thread=detox.primary (43)
03-14 21:46:32.983  4566  4679 E DetoxCrashHandler: androidx.test.espresso.AppNotIdleException: Looped for 101 iterations over 90 SECONDS. The following Idle Conditions failed DYNAMIC_TASKS_HAVE_IDLED(busy resources=LooperIdlingResource-61-mqt_v_native).
03-14 21:46:32.983  4566  4679 E DetoxCrashHandler: 	at androidx.test.espresso.IdlingPolicy.handleTimeout(IdlingPolicy.java:61)
03-14 21:46:32.983  4566  4679 E DetoxCrashHandler: 	at androidx.test.espresso.base.UiControllerImpl.loopUntil(UiControllerImpl.java:573)
03-14 21:46:32.983  4566  4679 E DetoxCrashHandler: 	at androidx.test.espresso.base.UiControllerImpl.loopMainThreadUntilIdle(UiControllerImpl.java:434)
03-14 21:46:32.983  4566  4679 E DetoxCrashHandler: 	at androidx.test.espresso.Espresso.lambda$onIdle$2(Espresso.java:340)
03-14 21:46:32.983  4566  4679 E DetoxCrashHandler: 	at androidx.test.espresso.Espresso$$ExternalSyntheticLambda1.call(D8$$SyntheticClass:0)
03-14 21:46:32.983  4566  4679 E DetoxCrashHandler: 	at java.util.concurrent.FutureTask.run(FutureTask.java:264)
03-14 21:46:32.983  4566  4679 E DetoxCrashHandler: 	at android.os.Handler.handleCallback(Handler.java:959)
03-14 21:46:32.983  4566  4679 E DetoxCrashHandler: 	at android.os.Handler.dispatchMessage(Handler.java:100)
03-14 21:46:32.983  4566  4679 E DetoxCrashHandler: 	at android.os.Looper.loopOnce(Looper.java:232)
03-14 21:46:32.983  4566  4679 E DetoxCrashHandler: 	at android.os.Looper.loop(Looper.java:317)
03-14 21:46:32.983  4566  4679 E DetoxCrashHandler: 	at android.app.ActivityThread.main(ActivityThread.java:8705)
03-14 21:46:32.983  4566  4679 E DetoxCrashHandler: 	at java.lang.reflect.Method.invoke(Native Method)
03-14 21:46:32.983  4566  4679 E DetoxCrashHandler: 	at com.android.internal.os.RuntimeInit$MethodAndArgsCaller.run(RuntimeInit.java:580)
03-14 21:46:32.983  4566  4679 E DetoxCrashHandler: 	at com.android.internal.os.ZygoteInit.main(ZygoteInit.java:886)
03-14 21:46:32.985  4566  4679 I DetoxWSClient: Sending out action 'AppWillTerminateWithError' (ID #-10000)
03-14 21:46:32.985  4566  4566 E unknown:UIManagerHelper: Unhandled SoftException
03-14 21:46:32.985  4566  4566 E unknown:UIManagerHelper: com.facebook.react.bridge.ReactNoCrashSoftException: Cannot get UIManager because the instance hasn't been initialized yet.
03-14 21:46:32.985  4566  4566 E unknown:UIManagerHelper: 	at com.facebook.react.uimanager.UIManagerHelper.getUIManager(UIManagerHelper.kt:59)
03-14 21:46:32.985  4566  4566 E unknown:UIManagerHelper: 	at com.facebook.react.uimanager.UIManagerHelper.getUIManager(UIManagerHelper.kt:46)
03-14 21:46:32.985  4566  4566 E unknown:UIManagerHelper: 	at com.wix.detox.reactnative.idlingresources.uimodule.fabric.FabricUIManagerIdlingResources.getMountItemDispatcher(FabricUIManagerIdlingResources.kt:64)
03-14 21:46:32.985  4566  4566 E unknown:UIManagerHelper: 	at com.wix.detox.reactnative.idlingresources.uimodule.fabric.FabricUIManagerIdlingResources.getViewCommandMountItemsSize(FabricUIManagerIdlingResources.kt:70)
03-14 21:46:32.985  4566  4566 E unknown:UIManagerHelper: 	at com.wix.detox.reactnative.idlingresources.uimodule.fabric.FabricUIManagerIdlingResources.checkIdle(FabricUIManagerIdlingResources.kt:19)
03-14 21:46:32.985  4566  4566 E unknown:UIManagerHelper: 	at com.wix.detox.reactnative.idlingresources.DetoxIdlingResource.isIdleNow(DetoxIdlingResource.kt:30)
03-14 21:46:32.985  4566  4566 E unknown:UIManagerHelper: 	at com.wix.detox.espresso.registry.BusyResourcesInquirer.getBusyIdlingResources(BusyResourcesInquirer.kt:29)
03-14 21:46:32.985  4566  4566 E unknown:UIManagerHelper: 	at com.wix.detox.espresso.registry.BusyResourcesInquirer.getAllBusyResources$lambda$2(BusyResourcesInquirer.kt:21)
03-14 21:46:32.985  4566  4566 E unknown:UIManagerHelper: 	at com.wix.detox.espresso.registry.BusyResourcesInquirer.$r8$lambda$67FTpIglw6E0PceMzBRqYhXSCtM(Unknown Source:0)
03-14 21:46:32.985  4566  4566 E unknown:UIManagerHelper: 	at com.wix.detox.espresso.registry.BusyResourcesInquirer$$ExternalSyntheticLambda0.call(D8$$SyntheticClass:0)
03-14 21:46:32.985  4566  4566 E unknown:UIManagerHelper: 	at java.util.concurrent.FutureTask.run(FutureTask.java:264)
03-14 21:46:32.985  4566  4566 E unknown:UIManagerHelper: 	at android.os.Handler.handleCallback(Handler.java:959)
03-14 21:46:32.985  4566  4566 E unknown:UIManagerHelper: 	at android.os.Handler.dispatchMessage(Handler.java:100)
03-14 21:46:32.985  4566  4566 E unknown:UIManagerHelper: 	at android.os.Looper.loopOnce(Looper.java:232)
03-14 21:46:32.985  4566  4566 E unknown:UIManagerHelper: 	at android.os.Looper.loop(Looper.java:317)
03-14 21:46:32.985  4566  4566 E unknown:UIManagerHelper: 	at android.app.ActivityThread.main(ActivityThread.java:8705)
03-14 21:46:32.985  4566  4566 E unknown:UIManagerHelper: 	at java.lang.reflect.Method.invoke(Native Method)
03-14 21:46:32.985  4566  4566 E unknown:UIManagerHelper: 	at com.android.internal.os.RuntimeInit$MethodAndArgsCaller.run(RuntimeInit.java:580)
03-14 21:46:32.985  4566  4566 E unknown:UIManagerHelper: 	at com.android.internal.os.ZygoteInit.main(ZygoteInit.java:886)
03-14 21:46:32.987  4566  4680 E AndroidRuntime: FATAL EXCEPTION: detox.secondary
03-14 21:46:32.987  4566  4680 E AndroidRuntime: Process: com.mcfuzzysquirrel.studentfinance, PID: 4566
03-14 21:46:32.987  4566  4680 E AndroidRuntime: java.util.concurrent.ExecutionException: org.joor.ReflectException: org.joor.ReflectException: java.lang.NoSuchFieldException: mMountItemDispatcher
03-14 21:46:32.987  4566  4680 E AndroidRuntime: 	at java.util.concurrent.FutureTask.report(FutureTask.java:122)
03-14 21:46:32.987  4566  4680 E AndroidRuntime: 	at java.util.concurrent.FutureTask.get(FutureTask.java:191)
03-14 21:46:32.987  4566  4680 E AndroidRuntime: 	at com.wix.detox.common.UIThread.postFirstSync(UIThread.kt:65)
03-14 21:46:32.987  4566  4680 E AndroidRuntime: 	at com.wix.detox.espresso.registry.BusyResourcesInquirer.getAllBusyResources(BusyResourcesInquirer.kt:19)
03-14 21:46:32.987  4566  4680 E AndroidRuntime: 	at com.wix.detox.TestEngineFacade.getAllBusyResources(TestEngineFacade.kt:17)
03-14 21:46:32.987  4566  4680 E AndroidRuntime: 	at com.wix.detox.adapters.server.QueryStatusActionHandler.handle(QueryStatusActionHandler.kt:12)
03-14 21:46:32.987  4566  4680 E AndroidRuntime: 	at com.wix.detox.DetoxMain$setupActionHandlers$SynchronizedActionHandler.handle(DetoxMain.kt:78)
03-14 21:46:32.987  4566  4680 E AndroidRuntime: 	at com.wix.detox.adapters.server.ActionsExecutor.executeAction$lambda$2$lambda$1(DetoxActionsDispatcher.kt:76)
03-14 21:46:32.987  4566  4680 E AndroidRuntime: 	at com.wix.detox.adapters.server.ActionsExecutor.$r8$lambda$GVbB7LHtBHxNHGbgYnHJ6YrwCqs(Unknown Source:0)
03-14 21:46:32.987  4566  4680 E AndroidRuntime: 	at com.wix.detox.adapters.server.ActionsExecutor$$ExternalSyntheticLambda0.run(D8$$SyntheticClass:0)
03-14 21:46:32.987  4566  4680 E AndroidRuntime: 	at android.os.Handler.handleCallback(Handler.java:959)
03-14 21:46:32.987  4566  4680 E AndroidRuntime: 	at android.os.Handler.dispatchMessage(Handler.java:100)
03-14 21:46:32.987  4566  4680 E AndroidRuntime: 	at android.os.Looper.loopOnce(Looper.java:232)
03-14 21:46:32.987  4566  4680 E AndroidRuntime: 	at android.os.Looper.loop(Looper.java:317)
03-14 21:46:32.987  4566  4680 E AndroidRuntime: 	at com.wix.detox.adapters.server.ActionsExecutor._init_$lambda$0(DetoxActionsDispatcher.kt:62)
03-14 21:46:32.987  4566  4680 E AndroidRuntime: 	at com.wix.detox.adapters.server.ActionsExecutor.$r8$lambda$xlgL0CQim6vNM0wWEqM8JIDgZUE(Unknown Source:0)
03-14 21:46:32.987  4566  4680 E AndroidRuntime: 	at com.wix.detox.adapters.server.ActionsExecutor$$ExternalSyntheticLambda1.run(D8$$SyntheticClass:0)
03-14 21:46:32.987  4566  4680 E AndroidRuntime: 	at java.lang.Thread.run(Thread.java:1012)
03-14 21:46:32.987  4566  4680 E AndroidRuntime: Caused by: org.joor.ReflectException: org.joor.ReflectException: java.lang.NoSuchFieldException: mMountItemDispatcher
03-14 21:46:32.987  4566  4680 E AndroidRuntime: 	at org.joor.Reflect.field(Reflect.java:294)
03-14 21:46:32.987  4566  4680 E AndroidRuntime: 	at com.wix.detox.reactnative.idlingresources.uimodule.fabric.FabricUIManagerIdlingResources.getMountItemDispatcher(FabricUIManagerIdlingResources.kt:65)
03-14 21:46:32.987  4566  4680 E AndroidRuntime: 	at com.wix.detox.reactnative.idlingresources.uimodule.fabric.FabricUIManagerIdlingResources.getViewCommandMountItemsSize(FabricUIManagerIdlingResources.kt:70)
03-14 21:46:32.987  4566  4680 E AndroidRuntime: 	at com.wix.detox.reactnative.idlingresources.uimodule.fabric.FabricUIManagerIdlingResources.checkIdle(FabricUIManagerIdlingResources.kt:19)
03-14 21:46:32.987  4566  4680 E AndroidRuntime: 	at com.wix.detox.reactnative.idlingresources.DetoxIdlingResource.isIdleNow(DetoxIdlingResource.kt:30)
03-14 21:46:32.987  4566  4680 E AndroidRuntime: 	at com.wix.detox.espresso.registry.BusyResourcesInquirer.getBusyIdlingResources(BusyResourcesInquirer.kt:29)
03-14 21:46:32.987  4566  4680 E AndroidRuntime: 	at com.wix.detox.espresso.registry.BusyResourcesInquirer.getAllBusyResources$lambda$2(BusyResourcesInquirer.kt:21)
03-14 21:46:32.987  4566  4680 E AndroidRuntime: 	at com.wix.detox.espresso.registry.BusyResourcesInquirer.$r8$lambda$67FTpIglw6E0PceMzBRqYhXSCtM(Unknown Source:0)
03-14 21:46:32.987  4566  4680 E AndroidRuntime: 	at com.wix.detox.espresso.registry.BusyResourcesInquirer$$ExternalSyntheticLambda0.call(D8$$SyntheticClass:0)
03-14 21:46:32.987  4566  4680 E AndroidRuntime: 	at java.util.concurrent.FutureTask.run(FutureTask.java:264)
03-14 21:46:32.987  4566  4680 E AndroidRuntime: 	at android.os.Handler.handleCallback(Handler.java:959)
03-14 21:46:32.987  4566  4680 E AndroidRuntime: 	at android.os.Handler.dispatchMessage(Handler.java:100)
03-14 21:46:32.987  4566  4680 E AndroidRuntime: 	at android.os.Looper.loopOnce(Looper.java:232)
03-14 21:46:32.987  4566  4680 E AndroidRuntime: 	at android.os.Looper.loop(Looper.java:317)
03-14 21:46:32.987  4566  4680 E AndroidRuntime: 	at android.app.ActivityThread.main(ActivityThread.java:8705)
03-14 21:46:32.987  4566  4680 E AndroidRuntime: 	at java.lang.reflect.Method.invoke(Native Method)
03-14 21:46:32.987  4566  4680 E AndroidRuntime: 	at com.android.internal.os.RuntimeInit$MethodAndArgsCaller.run(RuntimeInit.java:580)
03-14 21:46:32.987  4566  4680 E AndroidRuntime: 	at com.android.internal.os.ZygoteInit.main(ZygoteInit.java:886)
03-14 21:46:32.987  4566  4680 E AndroidRuntime: Caused by: org.joor.ReflectException: java.lang.NoSuchFieldException: mMountItemDispatcher
03-14 21:46:32.987  4566  4680 E AndroidRuntime: 	at org.joor.Reflect.field0(Reflect.java:318)
03-14 21:46:32.987  4566  4680 E AndroidRuntime: 	at org.joor.Reflect.field(Reflect.java:290)
03-14 21:46:32.987  4566  4680 E AndroidRuntime: 	... 17 more
03-14 21:46:32.987  4566  4680 E AndroidRuntime: Caused by: java.lang.NoSuchFieldException: mMountItemDispatcher
03-14 21:46:32.987  4566  4680 E AndroidRuntime: 	at java.lang.Class.getField(Class.java:2337)
03-14 21:46:32.987  4566  4680 E AndroidRuntime: 	at org.joor.Reflect.field0(Reflect.java:303)
03-14 21:46:32.987  4566  4680 E AndroidRuntime: 	... 18 more
03-14 21:46:32.988  4566  4680 E DetoxCrashHandler: Crash detected!!! thread=detox.secondary (44)
03-14 21:46:32.988  4566  4680 E DetoxCrashHandler: java.util.concurrent.ExecutionException: org.joor.ReflectException: org.joor.ReflectException: java.lang.NoSuchFieldException: mMountItemDispatcher
03-14 21:46:32.988  4566  4680 E DetoxCrashHandler: 	at java.util.concurrent.FutureTask.report(FutureTask.java:122)
03-14 21:46:32.988  4566  4680 E DetoxCrashHandler: 	at java.util.concurrent.FutureTask.get(FutureTask.java:191)
03-14 21:46:32.988  4566  4680 E DetoxCrashHandler: 	at com.wix.detox.common.UIThread.postFirstSync(UIThread.kt:65)
03-14 21:46:32.988  4566  4680 E DetoxCrashHandler: 	at com.wix.detox.espresso.registry.BusyResourcesInquirer.getAllBusyResources(BusyResourcesInquirer.kt:19)
03-14 21:46:32.988  4566  4680 E DetoxCrashHandler: 	at com.wix.detox.TestEngineFacade.getAllBusyResources(TestEngineFacade.kt:17)
03-14 21:46:32.988  4566  4680 E DetoxCrashHandler: 	at com.wix.detox.adapters.server.QueryStatusActionHandler.handle(QueryStatusActionHandler.kt:12)
03-14 21:46:32.988  4566  4680 E DetoxCrashHandler: 	at com.wix.detox.DetoxMain$setupActionHandlers$SynchronizedActionHandler.handle(DetoxMain.kt:78)
03-14 21:46:32.988  4566  4680 E DetoxCrashHandler: 	at com.wix.detox.adapters.server.ActionsExecutor.executeAction$lambda$2$lambda$1(DetoxActionsDispatcher.kt:76)
03-14 21:46:32.988  4566  4680 E DetoxCrashHandler: 	at com.wix.detox.adapters.server.ActionsExecutor.$r8$lambda$GVbB7LHtBHxNHGbgYnHJ6YrwCqs(Unknown Source:0)
03-14 21:46:32.988  4566  4680 E DetoxCrashHandler: 	at com.wix.detox.adapters.server.ActionsExecutor$$ExternalSyntheticLambda0.run(D8$$SyntheticClass:0)
03-14 21:46:32.988  4566  4680 E DetoxCrashHandler: 	at android.os.Handler.handleCallback(Handler.java:959)
03-14 21:46:32.988  4566  4680 E DetoxCrashHandler: 	at android.os.Handler.dispatchMessage(Handler.java:100)
03-14 21:46:32.988  4566  4680 E DetoxCrashHandler: 	at android.os.Looper.loopOnce(Looper.java:232)
03-14 21:46:32.988  4566  4680 E DetoxCrashHandler: 	at android.os.Looper.loop(Looper.java:317)
03-14 21:46:32.988  4566  4680 E DetoxCrashHandler: 	at com.wix.detox.adapters.server.ActionsExecutor._init_$lambda$0(DetoxActionsDispatcher.kt:62)
03-14 21:46:32.988  4566  4680 E DetoxCrashHandler: 	at com.wix.detox.adapters.server.ActionsExecutor.$r8$lambda$xlgL0CQim6vNM0wWEqM8JIDgZUE(Unknown Source:0)
03-14 21:46:32.988  4566  4680 E DetoxCrashHandler: 	at com.wix.detox.adapters.server.ActionsExecutor$$ExternalSyntheticLambda1.run(D8$$SyntheticClass:0)
03-14 21:46:32.988  4566  4680 E DetoxCrashHandler: 	at java.lang.Thread.run(Thread.java:1012)
03-14 21:46:32.988  4566  4680 E DetoxCrashHandler: Caused by: org.joor.ReflectException: org.joor.ReflectException: java.lang.NoSuchFieldException: mMountItemDispatcher
03-14 21:46:32.988  4566  4680 E DetoxCrashHandler: 	at org.joor.Reflect.field(Reflect.java:294)
03-14 21:46:32.988  4566  4680 E DetoxCrashHandler: 	at com.wix.detox.reactnative.idlingresources.uimodule.fabric.FabricUIManagerIdlingResources.getMountItemDispatcher(FabricUIManagerIdlingResources.kt:65)
03-14 21:46:32.988  4566  4680 E DetoxCrashHandler: 	at com.wix.detox.reactnative.idlingresources.uimodule.fabric.FabricUIManagerIdlingResources.getViewCommandMountItemsSize(FabricUIManagerIdlingResources.kt:70)
03-14 21:46:32.988  4566  4680 E DetoxCrashHandler: 	at com.wix.detox.reactnative.idlingresources.uimodule.fabric.FabricUIManagerIdlingResources.checkIdle(FabricUIManagerIdlingResources.kt:19)
03-14 21:46:32.988  4566  4680 E DetoxCrashHandler: 	at com.wix.detox.reactnative.idlingresources.DetoxIdlingResource.isIdleNow(DetoxIdlingResource.kt:30)
03-14 21:46:32.988  4566  4680 E DetoxCrashHandler: 	at com.wix.detox.espresso.registry.BusyResourcesInquirer.getBusyIdlingResources(BusyResourcesInquirer.kt:29)
03-14 21:46:32.988  4566  4680 E DetoxCrashHandler: 	at com.wix.detox.espresso.registry.BusyResourcesInquirer.getAllBusyResources$lambda$2(BusyResourcesInquirer.kt:21)
03-14 21:46:32.988  4566  4680 E DetoxCrashHandler: 	at com.wix.detox.espresso.registry.BusyResourcesInquirer.$r8$lambda$67FTpIglw6E0PceMzBRqYhXSCtM(Unknown Source:0)
03-14 21:46:32.988  4566  4680 E DetoxCrashHandler: 	at com.wix.detox.espresso.registry.BusyResourcesInquirer$$ExternalSyntheticLambda0.call(D8$$SyntheticClass:0)
03-14 21:46:32.988  4566  4680 E DetoxCrashHandler: 	at java.util.concurrent.FutureTask.run(FutureTask.java:264)
03-14 21:46:32.988  4566  4680 E DetoxCrashHandler: 	at android.os.Handler.handleCallback(Handler.java:959)
03-14 21:46:32.988  4566  4680 E DetoxCrashHandler: 	at android.os.Handler.dispatchMessage(Handler.java:100)
03-14 21:46:32.988  4566  4680 E DetoxCrashHandler: 	at android.os.Looper.loopOnce(Looper.java:232)
03-14 21:46:32.988  4566  4680 E DetoxCrashHandler: 	at android.os.Looper.loop(Looper.java:317)
03-14 21:46:32.988  4566  4680 E DetoxCrashHandler: 	at android.app.ActivityThread.main(ActivityThread.java:8705)
03-14 21:46:32.988  4566  4680 E DetoxCrashHandler: 	at java.lang.reflect.Method.invoke(Native Method)
03-14 21:46:32.988  4566  4680 E DetoxCrashHandler: 	at com.android.internal.os.RuntimeInit$MethodAndArgsCaller.run(RuntimeInit.java:580)
03-14 21:46:32.988  4566  4680 E DetoxCrashHandler: 	at com.android.internal.os.ZygoteInit.main(ZygoteInit.java:886)
03-14 21:46:32.988  4566  4680 E DetoxCrashHandler: Caused by: org.joor.ReflectException: java.lang.NoSuchFieldException: mMountItemDispatcher
03-14 21:46:32.988  4566  4680 E DetoxCrashHandler: 	at org.joor.Reflect.field0(Reflect.java:318)
03-14 21:46:32.988  4566  4680 E DetoxCrashHandler: 	at org.joor.Reflect.field(Reflect.java:290)
03-14 21:46:32.988  4566  4680 E DetoxCrashHandler: 	... 17 more
03-14 21:46:32.988  4566  4680 E DetoxCrashHandler: Caused by: java.lang.NoSuchFieldException: mMountItemDispatcher
03-14 21:46:32.988  4566  4680 E DetoxCrashHandler: 	at java.lang.Class.getField(Class.java:2337)
03-14 21:46:32.988  4566  4680 E DetoxCrashHandler: 	at org.joor.Reflect.field0(Reflect.java:303)
03-14 21:46:32.988  4566  4680 E DetoxCrashHandler: 	... 18 more
03-14 21:46:32.989  4566  4680 I DetoxWSClient: Sending out action 'AppWillTerminateWithError' (ID #-10000)
03-14 21:46:33.015  4566  4566 W .studentfinance: Accessing hidden field Landroid/app/Activity;->mResultCode:I (unsupported, reflection, allowed)
03-14 21:46:33.015  4566  4566 W .studentfinance: Accessing hidden field Landroid/app/Activity;->mResultData:Landroid/content/Intent; (unsupported, reflection, allowed)
03-14 21:46:33.022  4566  4566 W unknown:BridgelessReact: ReactHost{0}.onHostPause(activity)
03-14 21:46:33.028  4566  4566 W WindowOnBackDispatcher: sendCancelIfRunning: isInProgress=false callback=android.view.ViewRootImpl$$ExternalSyntheticLambda11@ccaba88
03-14 21:46:33.087  4566  4566 D LifecycleMonitor: Lifecycle status change: com.mcfuzzysquirrel.studentfinance.MainActivity@980b126 in: PAUSED
03-14 21:46:33.093  4566  4657 I TestRunner: finished: runDetoxTests(com.mcfuzzysquirrel.studentfinance.DetoxTest)
03-14 21:46:33.111  4566  4657 I MonitoringInstr: Unstopped activity count: 1
03-14 21:46:33.163  4566  4657 I MonitoringInstr: Unstopped activity count: 1
03-14 21:46:33.216  4566  4657 I MonitoringInstr: Unstopped activity count: 1
03-14 21:46:33.271  4566  4657 I MonitoringInstr: Unstopped activity count: 1
03-14 21:46:33.321  4566  4657 I MonitoringInstr: Unstopped activity count: 1
03-14 21:46:33.372  4566  4657 I MonitoringInstr: Unstopped activity count: 1
03-14 21:46:33.423  4566  4657 I MonitoringInstr: Unstopped activity count: 1
03-14 21:46:33.475  4566  4657 I MonitoringInstr: Unstopped activity count: 1
03-14 21:46:33.530  4566  4657 I MonitoringInstr: Unstopped activity count: 1
03-14 21:46:33.580  4566  4657 I MonitoringInstr: Unstopped activity count: 1
03-14 21:46:33.630  4566  4657 I MonitoringInstr: Unstopped activity count: 1
03-14 21:46:33.682  4566  4657 I MonitoringInstr: Unstopped activity count: 1
03-14 21:46:33.733  4566  4657 I MonitoringInstr: Unstopped activity count: 1
03-14 21:46:33.787  4566  4657 I MonitoringInstr: Unstopped activity count: 1
03-14 21:46:33.837  4566  4657 I MonitoringInstr: Unstopped activity count: 1
