--------- beginning of main
03-14 21:44:34.225  3471  3471 W unknown:BridgelessReact: ReactHost{0}.getOrCreateDestroyTask(): Destroying MemoryPressureRouter
03-14 21:44:34.225  3471  3471 W unknown:BridgelessReact: ReactHost{0}.getOrCreateDestroyTask(): Resetting ReactContext ref
03-14 21:44:34.225  3471  3471 W unknown:BridgelessReact: ReactHost{0}.getOrCreateDestroyTask(): Destroying ReactContext
03-14 21:44:34.227  3471  3711 W unknown:BridgelessReact: ReactHost{0}.getOrCreateDestroyTask(): Resetting ReactInstance ptr
03-14 21:44:34.227  3471  3711 W unknown:BridgelessReact: ReactHost{0}.getOrCreateDestroyTask(): Destroying ReactInstance
03-14 21:44:34.229  3471  3711 E unknown:ReactNative: Tried to remove non-existent frame callback
03-14 21:44:34.263  3471  3711 W unknown:BridgelessReact: ReactHost{0}.getOrCreateDestroyTask(): Resetting start/destroy task ref
03-14 21:44:34.376  3471  3471 W unknown:BridgelessReact: ReactHost{0}.raiseSoftException(onWindowFocusChange(hasFocus = "false")): Tried to access onWindowFocusChange while context is not ready
03-14 21:44:34.381  3471  3471 E unknown:ReactHost: Unhandled SoftException
03-14 21:44:34.381  3471  3471 E unknown:ReactHost: com.facebook.react.bridge.ReactNoCrashSoftException: raiseSoftException(onWindowFocusChange(hasFocus = "false")): Tried to access onWindowFocusChange while context is not ready
03-14 21:44:34.381  3471  3471 E unknown:ReactHost: 	at com.facebook.react.runtime.ReactHostImpl.raiseSoftException(ReactHostImpl.kt:861)
03-14 21:44:34.381  3471  3471 E unknown:ReactHost: 	at com.facebook.react.runtime.ReactHostImpl.raiseSoftException$default(ReactHostImpl.kt:852)
03-14 21:44:34.381  3471  3471 E unknown:ReactHost: 	at com.facebook.react.runtime.ReactHostImpl.onWindowFocusChange(ReactHostImpl.kt:625)
03-14 21:44:34.381  3471  3471 E unknown:ReactHost: 	at com.facebook.react.ReactDelegate.onWindowFocusChanged(ReactDelegate.kt:232)
03-14 21:44:34.381  3471  3471 E unknown:ReactHost: 	at com.facebook.react.ReactActivityDelegate.onWindowFocusChanged(ReactActivityDelegate.java:237)
03-14 21:44:34.381  3471  3471 E unknown:ReactHost: 	at expo.modules.ReactActivityDelegateWrapper$onWindowFocusChanged$1.invokeSuspend(ReactActivityDelegateWrapper.kt:320)
03-14 21:44:34.381  3471  3471 E unknown:ReactHost: 	at expo.modules.ReactActivityDelegateWrapper$onWindowFocusChanged$1.invoke(Unknown Source:8)
03-14 21:44:34.381  3471  3471 E unknown:ReactHost: 	at expo.modules.ReactActivityDelegateWrapper$onWindowFocusChanged$1.invoke(Unknown Source:4)
03-14 21:44:34.381  3471  3471 E unknown:ReactHost: 	at expo.modules.ReactActivityDelegateWrapper$launchLifecycleScopeWithLock$1.invokeSuspend(ReactActivityDelegateWrapper.kt:452)
03-14 21:44:34.381  3471  3471 E unknown:ReactHost: 	at kotlin.coroutines.jvm.internal.BaseContinuationImpl.resumeWith(ContinuationImpl.kt:33)
03-14 21:44:34.381  3471  3471 E unknown:ReactHost: 	at kotlinx.coroutines.internal.DispatchedContinuationKt.resumeCancellableWith(DispatchedContinuation.kt:375)
03-14 21:44:34.381  3471  3471 E unknown:ReactHost: 	at kotlinx.coroutines.intrinsics.CancellableKt.startCoroutineCancellable(Cancellable.kt:26)
03-14 21:44:34.381  3471  3471 E unknown:ReactHost: 	at kotlinx.coroutines.CoroutineStart.invoke(CoroutineStart.kt:358)
03-14 21:44:34.381  3471  3471 E unknown:ReactHost: 	at kotlinx.coroutines.AbstractCoroutine.start(AbstractCoroutine.kt:134)
03-14 21:44:34.381  3471  3471 E unknown:ReactHost: 	at kotlinx.coroutines.BuildersKt__Builders_commonKt.launch(Builders.common.kt:53)
03-14 21:44:34.381  3471  3471 E unknown:ReactHost: 	at kotlinx.coroutines.BuildersKt.launch(Unknown Source:1)
03-14 21:44:34.381  3471  3471 E unknown:ReactHost: 	at kotlinx.coroutines.BuildersKt__Builders_commonKt.launch$default(Builders.common.kt:44)
03-14 21:44:34.381  3471  3471 E unknown:ReactHost: 	at kotlinx.coroutines.BuildersKt.launch$default(Unknown Source:1)
03-14 21:44:34.381  3471  3471 E unknown:ReactHost: 	at expo.modules.ReactActivityDelegateWrapper.launchLifecycleScopeWithLock(ReactActivityDelegateWrapper.kt:450)
03-14 21:44:34.381  3471  3471 E unknown:ReactHost: 	at expo.modules.ReactActivityDelegateWrapper.launchLifecycleScopeWithLock$default(ReactActivityDelegateWrapper.kt:446)
03-14 21:44:34.381  3471  3471 E unknown:ReactHost: 	at expo.modules.ReactActivityDelegateWrapper.onWindowFocusChanged(ReactActivityDelegateWrapper.kt:318)
03-14 21:44:34.381  3471  3471 E unknown:ReactHost: 	at com.facebook.react.ReactActivity.onWindowFocusChanged(ReactActivity.java:158)
03-14 21:44:34.381  3471  3471 E unknown:ReactHost: 	at androidx.appcompat.view.WindowCallbackWrapper.onWindowFocusChanged(WindowCallbackWrapper.java:124)
03-14 21:44:34.381  3471  3471 E unknown:ReactHost: 	at com.android.internal.policy.DecorView.onWindowFocusChanged(DecorView.java:1772)
03-14 21:44:34.381  3471  3471 E unknown:ReactHost: 	at android.view.View.dispatchWindowFocusChanged(View.java:16743)
03-14 21:44:34.381  3471  3471 E unknown:ReactHost: 	at android.view.ViewGroup.dispatchWindowFocusChanged(ViewGroup.java:1505)
03-14 21:44:34.381  3471  3471 E unknown:ReactHost: 	at android.view.ViewRootImpl.dispatchFocusEvent(ViewRootImpl.java:4697)
03-14 21:44:34.381  3471  3471 E unknown:ReactHost: 	at android.view.ViewRootImpl.handleWindowFocusChanged(ViewRootImpl.java:4601)
03-14 21:44:34.381  3471  3471 E unknown:ReactHost: 	at android.view.ViewRootImpl.-$$Nest$mhandleWindowFocusChanged(Unknown Source:0)
03-14 21:44:34.381  3471  3471 E unknown:ReactHost: 	at android.view.ViewRootImpl$ViewRootHandler.handleMessageImpl(ViewRootImpl.java:6773)
03-14 21:44:34.381  3471  3471 E unknown:ReactHost: 	at android.view.ViewRootImpl$ViewRootHandler.handleMessage(ViewRootImpl.java:6683)
03-14 21:44:34.381  3471  3471 E unknown:ReactHost: 	at android.os.Handler.dispatchMessage(Handler.java:107)
03-14 21:44:34.381  3471  3471 E unknown:ReactHost: 	at android.os.Looper.loopOnce(Looper.java:232)
03-14 21:44:34.381  3471  3471 E unknown:ReactHost: 	at android.os.Looper.loop(Looper.java:317)
03-14 21:44:34.381  3471  3471 E unknown:ReactHost: 	at android.app.ActivityThread.main(ActivityThread.java:8705)
03-14 21:44:34.381  3471  3471 E unknown:ReactHost: 	at java.lang.reflect.Method.invoke(Native Method)
03-14 21:44:34.381  3471  3471 E unknown:ReactHost: 	at com.android.internal.os.RuntimeInit$MethodAndArgsCaller.run(RuntimeInit.java:580)
03-14 21:44:34.381  3471  3471 E unknown:ReactHost: 	at com.android.internal.os.ZygoteInit.main(ZygoteInit.java:886)
03-14 21:44:34.467  3471  3713 D TrafficStats: tagSocket(148) with statsTag=0xffffffff, statsUid=-1
03-14 21:44:34.469  3471  3631 W .studentfinance: Long monitor contention with owner Instr: androidx.test.runner.AndroidJUnitRunner (3616) at void com.wix.detox.DetoxMain.launchActivityOnCue(android.content.Context, com.wix.detox.ActivityLaunchHelper)(DetoxMain.kt:53) waiters=0 in void com.wix.detox.DetoxMain$setupActionHandlers$SynchronizedActionHandler.handle(java.lang.String, long) for 3.067s
03-14 21:44:34.484  3471  3471 W .studentfinance: Accessing hidden field Landroid/app/Activity;->mResultCode:I (unsupported, reflection, allowed)
03-14 21:44:34.484  3471  3471 W .studentfinance: Accessing hidden field Landroid/app/Activity;->mResultData:Landroid/content/Intent; (unsupported, reflection, allowed)
03-14 21:44:34.485  3471  3471 W .studentfinance: Accessing hidden method Landroid/os/MessageQueue;->next()Landroid/os/Message; (unsupported, reflection, allowed)
03-14 21:44:34.485  3471  3471 W .studentfinance: Accessing hidden field Landroid/os/MessageQueue;->mMessages:Landroid/os/Message; (unsupported, reflection, allowed)
03-14 21:44:34.485  3471  3471 W .studentfinance: Accessing hidden method Landroid/os/Message;->recycleUnchecked()V (unsupported, reflection, allowed)
03-14 21:44:34.496  3471  3471 W unknown:BridgelessReact: ReactHost{0}.onHostPause(activity)
03-14 21:44:34.611  3471  3471 W WindowOnBackDispatcher: sendCancelIfRunning: isInProgress=false callback=android.view.ViewRootImpl$$ExternalSyntheticLambda11@e669bac
03-14 21:44:34.654  3471  3471 D LifecycleMonitor: Lifecycle status change: com.mcfuzzysquirrel.studentfinance.MainActivity@980b126 in: PAUSED
03-14 21:44:34.705  3471  3471 I Detox   : Wait is over: App is now idle!
03-14 21:44:34.705  3471  3616 E TestRunner: failed: runDetoxTests(com.mcfuzzysquirrel.studentfinance.DetoxTest)
03-14 21:44:34.706  3471  3616 E TestRunner: ----- begin exception -----
03-14 21:44:34.706  3471  3616 E TestRunner: java.lang.RuntimeException: ReactContext is null!
03-14 21:44:34.706  3471  3616 E TestRunner: 	at com.wix.detox.reactnative.ReactApplicationExtKt.getCurrentReactContextSafe(ReactApplicationExt.kt:26)
03-14 21:44:34.706  3471  3616 E TestRunner: 	at com.wix.detox.reactnative.idlingresources.factory.FabricDetoxIdlingResourceFactoryStrategy$create$2.invokeSuspend(FabricDetoxIdlingResourceFactoryStrategy.kt:19)
03-14 21:44:34.706  3471  3616 E TestRunner: 	at com.wix.detox.reactnative.idlingresources.factory.FabricDetoxIdlingResourceFactoryStrategy$create$2.invoke(Unknown Source:8)
03-14 21:44:34.706  3471  3616 E TestRunner: 	at com.wix.detox.reactnative.idlingresources.factory.FabricDetoxIdlingResourceFactoryStrategy$create$2.invoke(Unknown Source:4)
03-14 21:44:34.706  3471  3616 E TestRunner: 	at kotlinx.coroutines.intrinsics.UndispatchedKt.startUndspatched(Undispatched.kt:66)
03-14 21:44:34.706  3471  3616 E TestRunner: 	at kotlinx.coroutines.intrinsics.UndispatchedKt.startUndispatchedOrReturn(Undispatched.kt:43)
03-14 21:44:34.706  3471  3616 E TestRunner: 	at kotlinx.coroutines.BuildersKt__Builders_commonKt.withContext(Builders.common.kt:165)
03-14 21:44:34.706  3471  3616 E TestRunner: 	at kotlinx.coroutines.BuildersKt.withContext(Unknown Source:1)
03-14 21:44:34.706  3471  3616 E TestRunner: 	at com.wix.detox.reactnative.idlingresources.factory.FabricDetoxIdlingResourceFactoryStrategy.create(FabricDetoxIdlingResourceFactoryStrategy.kt:18)
03-14 21:44:34.706  3471  3616 E TestRunner: 	at com.wix.detox.reactnative.idlingresources.factory.DetoxIdlingResourceFactory$create$2.invokeSuspend(DetoxIdlingResourceFactory.kt:18)
03-14 21:44:34.706  3471  3616 E TestRunner: 	at kotlin.coroutines.jvm.internal.BaseContinuationImpl.resumeWith(ContinuationImpl.kt:33)
03-14 21:44:34.706  3471  3616 E TestRunner: 	at kotlinx.coroutines.DispatchedTask.run(DispatchedTask.kt:100)
03-14 21:44:34.706  3471  3616 E TestRunner: 	at android.os.Handler.handleCallback(Handler.java:959)
03-14 21:44:34.706  3471  3616 E TestRunner: 	at android.os.Handler.dispatchMessage(Handler.java:100)
03-14 21:44:34.706  3471  3616 E TestRunner: 	at android.os.Looper.loopOnce(Looper.java:232)
03-14 21:44:34.706  3471  3616 E TestRunner: 	at android.os.Looper.loop(Looper.java:317)
03-14 21:44:34.706  3471  3616 E TestRunner: 	at android.app.ActivityThread.main(ActivityThread.java:8705)
03-14 21:44:34.706  3471  3616 E TestRunner: 	at java.lang.reflect.Method.invoke(Native Method)
03-14 21:44:34.706  3471  3616 E TestRunner: 	at com.android.internal.os.RuntimeInit$MethodAndArgsCaller.run(RuntimeInit.java:580)
03-14 21:44:34.706  3471  3616 E TestRunner: 	at com.android.internal.os.ZygoteInit.main(ZygoteInit.java:886)
03-14 21:44:34.706  3471  3616 E TestRunner: ----- end exception -----
03-14 21:44:34.707  3471  3616 I TestRunner: finished: runDetoxTests(com.mcfuzzysquirrel.studentfinance.DetoxTest)
03-14 21:44:34.708  3471  3631 I DetoxWSClient: Sending out action 'ready' (ID #-1000)
03-14 21:44:34.710  3471  3631 I DetoxDispatcher: Done with action 'isReady'
03-14 21:44:34.746  3471  3616 I MonitoringInstr: Unstopped activity count: 1
03-14 21:44:34.805  3471  3616 I MonitoringInstr: Unstopped activity count: 1
03-14 21:44:34.857  3471  3616 I MonitoringInstr: Unstopped activity count: 1
03-14 21:44:34.908  3471  3616 I MonitoringInstr: Unstopped activity count: 1
03-14 21:44:34.962  3471  3616 I MonitoringInstr: Unstopped activity count: 1
03-14 21:44:35.013  3471  3616 I MonitoringInstr: Unstopped activity count: 1
03-14 21:44:35.064  3471  3616 I MonitoringInstr: Unstopped activity count: 1
03-14 21:44:35.118  3471  3616 I MonitoringInstr: Unstopped activity count: 1
03-14 21:44:35.172  3471  3616 I MonitoringInstr: U--------- beginning of main
03-14 21:44:52.463  4566  4566 D nativeloader: Configuring clns-7 for other apk /system/framework/android.test.runner.jar:/system/framework/android.test.mock.jar:/system/framework/android.test.base.jar:/data/app/~~sQ3-M6wXuDF810igrUK4Hg==/com.mcfuzzysquirrel.studentfinance.test-7L1vaoCPlsZX6SlLgVQIgA==/base.apk:/data/app/~~QBY_199D_uEqtmN5xvAtIg==/com.mcfuzzysquirrel.studentfinance-kpKEypcH9hFg93WizCvMOA==/base.apk. target_sdk_version=36, uses_libraries=, library_path=/data/app/~~sQ3-M6wXuDF810igrUK4Hg==/com.mcfuzzysquirrel.studentfinance.test-7L1vaoCPlsZX6SlLgVQIgA==/lib/x86_64:/data/app/~~QBY_199D_uEqtmN5xvAtIg==/com.mcfuzzysquirrel.studentfinance-kpKEypcH9hFg93WizCvMOA==/lib/x86_64:/data/app/~~sQ3-M6wXuDF810igrUK4Hg==/com.mcfuzzysquirrel.studentfinance.test-7L1vaoCPlsZX6SlLgVQIgA==/base.apk!/lib/x86_64:/data/app/~~QBY_199D_uEqtmN5xvAtIg==/com.mcfuzzysquirrel.studentfinance-kpKEypcH9hFg93WizCvMOA==/base.apk!/lib/x86_64, permitted_path=/data:/mnt/expand:/data/user/0/com.mcfuzzysquirrel.studentfinance
03-14 21:44:52.480  4566  4566 V GraphicsEnvironment: Currently set values for:
03-14 21:44:52.483  4566  4566 V GraphicsEnvironment:   angle_gl_driver_selection_pkgs=[]
03-14 21:44:52.483  4566  4566 V GraphicsEnvironment:   angle_gl_driver_selection_values=[]
03-14 21:44:52.483  4566  4566 V GraphicsEnvironment: Global.Settings values are invalid: number of packages: 0, number of values: 0
03-14 21:44:52.483  4566  4566 V GraphicsEnvironment: Neither updatable production driver nor prerelease driver is supported.
03-14 21:44:52.544  4566  4566 D ApplicationLoaders: Returning zygote-cached class loader: /system/framework/android.test.base.jar
03-14 21:44:52.591  4566  4566 D nativeloader: Configuring clns-8 for other apk /system/framework/android.test.mock.jar. target_sdk_version=36, uses_libraries=ALL, library_path=/data/app/~~sQ3-M6wXuDF810igrUK4Hg==/com.mcfuzzysquirrel.studentfinance.test-7L1vaoCPlsZX6SlLgVQIgA==/lib/x86_64:/data/app/~~QBY_199D_uEqtmN5xvAtIg==/com.mcfuzzysquirrel.studentfinance-kpKEypcH9hFg93WizCvMOA==/lib/x86_64, permitted_path=/data:/mnt/expand
03-14 21:44:52.591  4566  4566 D ApplicationLoaders: Returning zygote-cached class loader: /system/framework/android.test.base.jar
03-14 21:44:52.624  4566  4566 D nativeloader: Configuring clns-9 for other apk /system/framework/android.test.runner.jar. target_sdk_version=36, uses_libraries=ALL, library_path=/data/app/~~sQ3-M6wXuDF810igrUK4Hg==/com.mcfuzzysquirrel.studentfinance.test-7L1vaoCPlsZX6SlLgVQIgA==/lib/x86_64:/data/app/~~QBY_199D_uEqtmN5xvAtIg==/com.mcfuzzysquirrel.studentfinance-kpKEypcH9hFg93WizCvMOA==/lib/x86_64, permitted_path=/data:/mnt/expand
03-14 21:44:52.647  4566  4566 W .studentfinance: ClassLoaderContext shared library size mismatch. Expected=2, found=3 (PCL[]{PCL[/system/framework/android.test.base.jar*724373495]#PCL[/system/framework/android.test.mock.jar*1452759902]} | PCL[]{PCL[/system/framework/android.test.base.jar*724373495]#PCL[/system/framework/android.test.mock.jar*1452759902]#PCL[/system/framework/android.test.runner.jar*2496447986]{PCL[/system/framework/android.test.base.jar*724373495]#PCL[/system/framework/android.test.mock.jar*1452759902]}};PCL[/system/framework/android.test.runner.jar*2496447986:/system/framework/android.test.mock.jar*1452759902:/system/framework/android.test.base.jar*724373495:/data/app/~~sQ3-M6wXuDF810igrUK4Hg==/com.mcfuzzysquirrel.studentfinance.test-7L1vaoCPlsZX6SlLgVQIgA==/base.apk*3224200876:/data/app/~~QBY_199D_uEqtmN5xvAtIg==/com.mcfuzzysquirrel.studentfinance-kpKEypcH9hFg93WizCvMOA==/base.apk*707418998])
03-14 21:44:52.649  4566  4566 W .studentfinance: ClassLoaderContext classpath size mismatch. expected=0, found=1 (PCL[] | PCL[/system/framework/android.test.runner.jar*2496447986]{PCL[/system/framework/android.test.base.jar*724373495]#PCL[/system/framework/android.test.mock.jar*1452759902]#PCL[/system/framework/android.test.runner.jar*2496447986]{PCL[/system/framework/android.test.base.jar*724373495]#PCL[/system/framework/android.test.mock.jar*1452759902]}};PCL[/system/framework/android.test.runner.jar*2496447986:/system/framework/android.test.mock.jar*1452759902:/system/framework/android.test.base.jar*724373495:/data/app/~~sQ3-M6wXuDF810igrUK4Hg==/com.mcfuzzysquirrel.studentfinance.test-7L1vaoCPlsZX6SlLgVQIgA==/base.apk*3224200876:/data/app/~~QBY_199D_uEqtmN5xvAtIg==/com.mcfuzzysquirrel.studentfinance-kpKEypcH9hFg93WizCvMOA==/base.apk*707418998])
03-14 21:44:52.673  4566  4566 W .studentfinance: ClassLoaderContext classpath size mismatch. expected=0, found=2 (PCL[] | PCL[/system/framework/android.test.runner.jar*2496447986:/system/framework/android.test.mock.jar*1452759902]{PCL[/system/framework/android.test.base.jar*724373495]#PCL[/system/framework/android.test.mock.jar*1452759902]#PCL[/system/framework/android.test.runner.jar*2496447986]{PCL[/system/framework/android.test.base.jar*724373495]#PCL[/system/framework/android.test.mock.jar*1452759902]}};PCL[/system/framework/android.test.runner.jar*2496447986:/system/framework/android.test.mock.jar*1452759902:/system/framework/android.test.base.jar*724373495:/data/app/~~sQ3-M6wXuDF810igrUK4Hg==/com.mcfuzzysquirrel.studentfinance.test-7L1vaoCPlsZX6SlLgVQIgA==/base.apk*3224200876:/data/app/~~QBY_199D_uEqtmN5xvAtIg==/com.mcfuzzysquirrel.studentfinance-kpKEypcH9hFg93WizCvMOA==/base.apk*707418998])
03-14 21:44:52.681  4566  4566 W ziparchive: Unable to open '/data/app/~~sQ3-M6wXuDF810igrUK4Hg==/com.mcfuzzysquirrel.studentfinance.test-7L1vaoCPlsZX6SlLgVQIgA==/base.dm': No such file or directory
03-14 21:44:52.682  4566  4566 W ziparchive: Unable to open '/data/app/~~sQ3-M6wXuDF810igrUK4Hg==/com.mcfuzzysquirrel.studentfinance.test-7L1vaoCPlsZX6SlLgVQIgA==/base.dm': No such file or directory
03-14 21:44:52.926  4566  4566 W ziparchive: Unable to open '/data/app/~~QBY_199D_uEqtmN5xvAtIg==/com.mcfuzzysquirrel.studentfinance-kpKEypcH9hFg93WizCvMOA==/base.dm': No such file or directory
03-14 21:44:52.926  4566  4566 W ziparchive: Unable to open '/data/app/~~QBY_199D_uEqtmN5xvAtIg==/com.mcfuzzysquirrel.studentfinance-kpKEypcH9hFg93WizCvMOA==/base.dm': No such file or directory
03-14 21:44:53.406  4566  4566 I AndroidJUnitRunner: newApplication com.mcfuzzysquirrel.studentfinance.MainApplication
03-14 21:44:53.496  4566  4566 I AndroidJUnitRunner: onCreate Bundle[mParcelledData.dataSize=240]
03-14 21:44:53.504  4566  4566 D AndroidJUnitRunner: Use the raw file system for managing file I/O.
03-14 21:44:53.624  4566  4566 V TestEventClient: No service name argument was given (testDiscoveryService, testRunEventService or orchestratorService)
03-14 21:44:53.627  4566  4657 D AndroidJUnitRunner: onStart is called.
03-14 21:44:53.655  4566  4566 W SoLoader: Initializing SoLoader: 0
03-14 21:44:53.661  4566  4566 W SoLoader: Recording new base apk path: /data/app/~~QBY_199D_uEqtmN5xvAtIg==/com.mcfuzzysquirrel.studentfinance-kpKEypcH9hFg93WizCvMOA==/base.apk
03-14 21:44:53.661  4566  4566 W SoLoader: Previously recorded 0 base apk paths.
03-14 21:44:53.668  4566  4566 I SoLoader: Preparing SO source: DirectorySoSource[root = /vendor/lib64 flags = 2]
03-14 21:44:53.671  4566  4566 I SoLoader: Preparing SO source: DirectorySoSource[root = /system/lib64 flags = 2]
03-14 21:44:53.672  4566  4566 I SoLoader: Preparing SO source: DirectApkSoSource[root = [/data/app/~~QBY_199D_uEqtmN5xvAtIg==/com.mcfuzzysquirrel.studentfinance-kpKEypcH9hFg93WizCvMOA==/base.apk!/lib/x86_64]]
03-14 21:44:53.816  4566  4566 I SoLoader: Preparing SO source: ApplicationSoSource[DirectorySoSource[root = /data/app/~~QBY_199D_uEqtmN5xvAtIg==/com.mcfuzzysquirrel.studentfinance-kpKEypcH9hFg93WizCvMOA==/lib/x86_64 flags = 0]]
03-14 21:44:53.816  4566  4566 I SoLoader: init finish: 4 SO sources prepared
03-14 21:44:53.816  4566  4566 W SoLoader: SoLoader initialized: 8
03-14 21:44:53.864  4566  4566 D nativeloader: Load /data/app/~~QBY_199D_uEqtmN5xvAtIg==/com.mcfuzzysquirrel.studentfinance-kpKEypcH9hFg93WizCvMOA==/base.apk!/lib/x86_64/libc++_shared.so using ns clns-7 from class loader (caller=/data/app/~~QBY_199D_uEqtmN5xvAtIg==/com.mcfuzzysquirrel.studentfinance-kpKEypcH9hFg93WizCvMOA==/base.apk): ok
03-14 21:44:53.879  4566  4566 D nativeloader: Load /data/app/~~QBY_199D_uEqtmN5xvAtIg==/com.mcfuzzysquirrel.studentfinance-kpKEypcH9hFg93WizCvMOA==/base.apk!/lib/x86_64/libjsi.so using ns clns-7 from class loader (caller=/data/app/~~QBY_199D_uEqtmN5xvAtIg==/com.mcfuzzysquirrel.studentfinance-kpKEypcH9hFg93WizCvMOA==/base.apk): ok
03-14 21:44:53.897  4566  4566 D nativeloader: Load /data/app/~~QBY_199D_uEqtmN5xvAtIg==/com.mcfuzzysquirrel.studentfinance-kpKEypcH9hFg93WizCvMOA==/base.apk!/lib/x86_64/libfbjni.so using ns clns-7 from class loader (caller=/data/app/~~QBY_199D_uEqtmN5xvAtIg==/com.mcfuzzysquirrel.studentfinance-kpKEypcH9hFg93WizCvMOA==/base.apk): ok
03-14 21:44:53.909  4566  4566 D nativeloader: Load /data/app/~~QBY_199D_uEqtmN5xvAtIg==/com.mcfuzzysquirrel.studentfinance-kpKEypcH9hFg93WizCvMOA==/base.apk!/lib/x86_64/libreactnative.so using ns clns-7 from class loader (caller=/data/app/~~QBY_199D_uEqtmN5xvAtIg==/com.mcfuzzysquirrel.studentfinance-kpKEypcH9hFg93WizCvMOA==/base.apk): ok
03-14 21:44:53.909  4566  4566 D jni_lib_merge: Entering merged library JNI_OnLoad.
03-14 21:44:53.909  4566  4566 D jni_lib_merge: Preparing 12 pre-merged libs (including stub)
03-14 21:44:53.909  4566  4566 D jni_lib_merge: Preparing to register libfabricjni_so.  onload_func: 0x78e5cf9a7730
03-14 21:44:53.909  4566  4566 D jni_lib_merge: Preparing to register libreact_devsupportjni_so.  onload_func: 0x78e5cfba4190
03-14 21:44:53.909  4566  4566 D jni_lib_merge: Preparing to register libreact_featureflagsjni_so.  onload_func: 0x78e5cfbb5910
03-14 21:44:53.909  4566  4566 D jni_lib_merge: Preparing to register libreact_newarchdefaults_so.  onload_func: 0x78e5cfc56d20
03-14 21:44:53.909  4566  4566 D jni_lib_merge: Preparing to register libreactnativeblob_so.  onload_func: 0x78e5cfe612e0
03-14 21:44:53.909  4566  4566 D jni_lib_merge: Preparing to register libreactnativejni_so.  onload_func: 0x78e5cfea1770
03-14 21:44:53.909  4566  4566 D jni_lib_merge: Preparing to register libreactnativejni_common_so.  onload_func: 0x78e5cfeb15d0
03-14 21:44:53.909  4566  4566 D jni_lib_merge: Preparing to register librninstance_so.  onload_func: 0x78e5cfeee4c0
03-14 21:44:53.909  4566  4566 D jni_lib_merge: Preparing to register libturbomodulejsijni_so.  onload_func: 0x78e5d004fc00
03-14 21:44:53.909  4566  4566 D jni_lib_merge: Preparing to register libuimanagerjni_so.  onload_func: 0x78e5d0067de0
03-14 21:44:53.909  4566  4566 D jni_lib_merge: Preparing to register libyoga_so.  onload_func: 0x78e5d0076d70
03-14 21:44:53.909  4566  4566 D jni_lib_merge: About to register 11 actual methods.
03-14 21:44:54.013  4566  4566 D nativeloader: Load /data/app/~~QBY_199D_uEqtmN5xvAtIg==/com.mcfuzzysquirrel.studentfinance-kpKEypcH9hFg93WizCvMOA==/base.apk!/lib/x86_64/libreact_codegen_rnscreens.so using ns clns-7 from class loader (caller=/data/app/~~QBY_199D_uEqtmN5xvAtIg==/com.mcfuzzysquirrel.studentfinance-kpKEypcH9hFg93WizCvMOA==/base.apk): ok
03-14 21:44:54.013  4566  4566 D jni_lib_merge: Entering merged library JNI_OnLoad.
03-14 21:44:54.013  4566  4566 D jni_lib_merge: Preparing 12 pre-merged libs (including stub)
03-14 21:44:54.013  4566  4566 D jni_lib_merge: Preparing to register libfabricjni_so.  onload_func: 0x78e5cf9a7730
03-14 21:44:54.013  4566  4566 D jni_lib_merge: Preparing to register libreact_devsupportjni_so.  onload_func: 0x78e5cfba4190
03-14 21:44:54.013  4566  4566 D jni_lib_merge: Preparing to register libreact_featureflagsjni_so.  onload_func: 0x78e5cfbb5910
03-14 21:44:54.013  4566  4566 D jni_lib_merge: Preparing to register libreact_newarchdefaults_so.  onload_func: 0x78e5cfc56d20
03-14 21:44:54.013  4566  4566 D jni_lib_merge: Preparing to register libreactnativeblob_so.  onload_func: 0x78e5cfe612e0
03-14 21:44:54.013  4566  4566 D jni_lib_merge: Preparing to register libreactnativejni_so.  onload_func: 0x78e5cfea1770
03-14 21:44:54.013  4566  4566 D jni_lib_merge: Preparing to register libreactnativejni_common_so.  onload_func: 0x78e5cfeb15d0
03-14 21:44:54.013  4566  4566 D jni_lib_merge: Preparing to register librninstance_so.  onload_func: 0x78e5cfeee4c0
03-14 21:44:54.013  4566  4566 D jni_lib_merge: Preparing to register libturbomodulejsijni_so.  onload_func: 0x78e5d004fc00
03-14 21:44:54.013  4566  4566 D jni_lib_merge: Preparing to register libuimanagerjni_so.  onload_func: 0x78e5d0067de0
03-14 21:44:54.014  4566  4566 D jni_lib_merge: Preparing to register libyoga_so.  onload_func: 0x78e5d0076d70
03-14 21:44:54.014  4566  4566 D jni_lib_merge: About to register 11 actual methods.
03-14 21:44:54.032  4566  4566 D nativeloader: Load /data/app/~~QBY_199D_uEqtmN5xvAtIg==/com.mcfuzzysquirrel.studentfinance-kpKEypcH9hFg93WizCvMOA==/base.apk!/lib/x86_64/libreact_codegen_rnsvg.so using ns clns-7 from class loader (caller=/data/app/~~QBY_199D_uEqtmN5xvAtIg==/com.mcfuzzysquirrel.studentfinance-kpKEypcH9hFg93WizCvMOA==/base.apk): ok
03-14 21:44:54.032  4566  4566 D jni_lib_merge: Entering merged library JNI_OnLoad.
03-14 21:44:54.032  4566  4566 D jni_lib_merge: Preparing 12 pre-merged libs (including stub)
03-14 21:44:54.032  4566  4566 D jni_lib_merge: Preparing to register libfabricjni_so.  onload_func: 0x78e5cf9a7730
03-14 21:44:54.033  4566  4566 D jni_lib_merge: Preparing to register libreact_devsupportjni_so.  onload_func: 0x78e5cfba4190
03-14 21:44:54.033  4566  4566 D jni_lib_merge: Preparing to register libreact_featureflagsjni_so.  onload_func: 0x78e5cfbb5910
03-14 21:44:54.033  4566  4566 D jni_lib_merge: Preparing to register libreact_newarchdefaults_so.  onload_func: 0x78e5cfc56d20
03-14 21:44:54.033  4566  4566 D jni_lib_merge: Preparing to register libreactnativeblob_so.  onload_func: 0x78e5cfe612e0
03-14 21:44:54.033  4566  4566 D jni_lib_merge: Preparing to register libreactnativejni_so.  onload_func: 0x78e5cfea1770
03-14 21:44:54.033  4566  4566 D jni_lib_merge: Preparing to register libreactnativejni_common_so.  onload_func: 0x78e5cfeb15d0
03-14 21:44:54.033  4566  4566 D jni_lib_merge: Preparing to register librninstance_so.  onload_func: 0x78e5cfeee4c0
03-14 21:44:54.033  4566  4566 D jni_lib_merge: Preparing to register libturbomodulejsijni_so.  onload_func: 0x78e5d004fc00
03-14 21:44:54.033  4566  4566 D jni_lib_merge: Preparing to register libuimanagerjni_so.  onload_func: 0x78e5d0067de0
03-14 21:44:54.033  4566  4566 D jni_lib_merge: Preparing to register libyoga_so.  onload_func: 0x78e5d0076d70
03-14 21:44:54.033  4566  4566 D jni_lib_merge: About to register 11 actual methods.
03-14 21:44:54.100  4566  4566 D nativeloader: Load /data/app/~~QBY_199D_uEqtmN5xvAtIg==/com.mcfuzzysquirrel.studentfinance-kpKEypcH9hFg93WizCvMOA==/base.apk!/lib/x86_64/libreact_codegen_safeareacontext.so using ns clns-7 from class loader (caller=/data/app/~~QBY_199D_uEqtmN5xvAtIg==/com.mcfuzzysquirrel.studentfinance-kpKEypcH9hFg93WizCvMOA==/base.apk): ok
03-14 21:44:54.109  4566  4566 D nativeloader: Load /data/app/~~QBY_199D_uEqtmN5xvAtIg==/com.mcfuzzysquirrel.studentfinance-kpKEypcH9hFg93WizCvMOA==/base.apk!/lib/x86_64/libappmodules.so using ns clns-7 from class loader (caller=/data/app/~~QBY_199D_uEqtmN5xvAtIg==/com.mcfuzzysquirrel.studentfinance-kpKEypcH9hFg93WizCvMOA==/base.apk): ok
03-14 21:44:54.262  4566  4566 I Choreographer: Skipped 45 frames!  The application may be doing too much work on its main thread.
03-14 21:44:54.273  4566  4657 I InstrConnection: Could not send broadcast or register receiver (isolatedProcess?)
03-14 21:44:54.278  4566  4657 D TestRequestBuilder: Using class path scanning to discover tests
03-14 21:44:54.278  4566  4657 I TestRequestBuilder: Scanning classpath to find tests in paths [/data/app/~~sQ3-M6wXuDF810igrUK4Hg==/com.mcfuzzysquirrel.studentfinance.test-7L1vaoCPlsZX6SlLgVQIgA==/base.apk]
03-14 21:44:54.280  4566  4657 W .studentfinance: Opening an oat file without a class loader. Are you using the deprecated DexFile APIs?
03-14 21:44:54.815  4566  4657 I TestRunner: run started: 1 tests
03-14 21:44:54.816  4566  4657 I TestRunner: started: runDetoxTests(com.mcfuzzysquirrel.studentfinance.DetoxTest)
03-14 21:44:54.833  4566  4657 I Detox   : Detox server connection details: url=ws://localhost:38657, sessionId=64224a92-0cd8-bbea-72d7-e6187209e397
03-14 21:44:54.842  4566  4657 I Tracing : Tracer added: class androidx.test.platform.tracing.AndroidXTracer
03-14 21:44:54.866  4566  4657 W .studentfinance: Accessing hidden field Ljava/lang/reflect/Field;->accessFlags:I (unsupported, reflection, allowed)
03-14 21:44:54.869  4566  4657 I Detox   : Connecting to server...
03-14 21:44:54.870  4566  4657 I DetoxWSClient: At connectToServer
03-14 21:44:54.990  4566  4686 D TrafficStats: tagSocket(102) with statsTag=0xffffffff, statsUid=-1
03-14 21:44:55.145  4566  4686 D DetoxWSClient: At onOpen
03-14 21:44:55.146  4566  4686 I DetoxWSClient: Sending out action 'login' (ID #0)
03-14 21:44:55.148  4566  4686 I Detox   : Connected to server!
03-14 21:44:55.153  4566  4686 D DetoxWSClient: Received action 'loginSuccess' (ID #0, params={"testerConnected":true,"appConnected":true})
03-14 21:44:55.156  4566  4679 I DetoxDispatcher: Handling action 'loginSuccess' (ID #0)...
03-14 21:44:55.156  4566  4679 I DetoxDispatcher: Done with action 'loginSuccess'
03-14 21:44:55.156  4566  4657 I Detox   : Launching the tested activity!
03-14 21:44:55.160  4566  4686 D DetoxWSClient: Received action 'isReady' (ID #-1000, params={})
03-14 21:44:55.163  4566  4679 I DetoxDispatcher: Handling action 'isReady' (ID #-1000)...
03-14 21:44:55.371  4566  4566 D AppCompatDelegate: Checking for metadata for AppLocalesMetadataHolderService : Service not found
03-14 21:44:55.388  4566  4566 D LifecycleMonitor: Lifecycle status change: com.mcfuzzysquirrel.studentfinance.MainActivity@980b126 in: PRE_ON_CREATE
03-14 21:44:56.103  4566  4711 D TrafficStats: tagSocket(109) with statsTag=0xffffffff, statsUid=-1
03-14 21:44:56.116  4566  4711 W unknown:ReconnectingWebSocket: Couldn't connect to "ws://10.0.2.2:8081/message?device=sdk_gphone64_x86_64%20-%2015%20-%20API%2035&app=com.mcfuzzysquirrel.studentfinance&clientid=BridgelessDevSupportManager", will silently retry
03-14 21:44:56.466  4566  4566 W unknown:BridgelessReact: ReactHost{0}.startSurface(surfaceId = 0): Schedule
03-14 21:44:56.467  4566  4566 W unknown:BridgelessReact: ReactHost{0}.attachSurface(surfaceId = 0)
03-14 21:44:56.470  4566  4718 W unknown:BridgelessReact: ReactHost{0}.getOrCreateReactInstanceTask()
03-14 21:44:56.470  4566  4718 W unknown:BridgelessReact: ReactHost{0}.getOrCreateReactInstanceTask(): Start
03-14 21:44:56.470  4566  4718 D Detox.RNMarker: REACT_BRIDGELESS_LOADING_START (null)
03-14 21:44:56.470  4566  4718 W unknown:BridgelessReact: ReactHost{0}.getJSBundleLoader()
03-14 21:44:56.471  4566  4718 W unknown:BridgelessReact: ReactHost{0}.isMetroRunning()
03-14 21:44:56.497  4566  4719 D TrafficStats: tagSocket(109) with statsTag=0xffffffff, statsUid=-1
03-14 21:44:56.506  4566  4719 W unknown:ReactNative: The packager does not seem to be running as we got an IOException requesting its status: Failed to connect to /10.0.2.2:8081
03-14 21:44:56.509  4566  4719 W unknown:BridgelessReact: ReactHost{0}.isMetroRunning(): Async result = false
03-14 21:44:56.511  4566  4718 W unknown:BridgelessReact: ReactHost{0}.getOrCreateReactInstanceTask(): Creating BridgelessReactContext
03-14 21:44:56.512  4566  4718 W unknown:BridgelessReact: ReactHost{0}.getOrCreateReactInstanceTask(): Creating ReactInstance
03-14 21:44:56.562  4566  4566 W .studentfinance: Accessing hidden method Landroid/view/ViewGroup;->makeOptionalFitsSystemWindows()V (unsupported, reflection, allowed)
03-14 21:44:56.572  4566  4566 D LifecycleMonitor: Lifecycle status change: com.mcfuzzysquirrel.studentfinance.MainActivity@980b126 in: CREATED
03-14 21:44:56.575  4566  4566 D LifecycleMonitor: Lifecycle status change: com.mcfuzzysquirrel.studentfinance.MainActivity@980b126 in: STARTED
03-14 21:44:56.627  4566  4718 D nativeloader: Load /data/app/~~QBY_199D_uEqtmN5xvAtIg==/com.mcfuzzysquirrel.studentfinance-kpKEypcH9hFg93WizCvMOA==/base.apk!/lib/x86_64/libhermesvm.so using ns clns-7 from class loader (caller=/data/app/~~QBY_199D_uEqtmN5xvAtIg==/com.mcfuzzysquirrel.studentfinance-kpKEypcH9hFg93WizCvMOA==/base.apk): ok
03-14 21:44:56.629  4566  4566 W unknown:BridgelessReact: ReactHost{0}.onHostResume(activity)
03-14 21:44:56.629  4566  4566 W unknown:ReactNative: Packager connection already open, nooping.
03-14 21:44:56.629  4566  4718 D nativeloader: Load /data/app/~~QBY_199D_uEqtmN5xvAtIg==/com.mcfuzzysquirrel.studentfinance-kpKEypcH9hFg93WizCvMOA==/base.apk!/lib/x86_64/libhermestooling.so using ns clns-7 from class loader (caller=/data/app/~~QBY_199D_uEqtmN5xvAtIg==/com.mcfuzzysquirrel.studentfinance-kpKEypcH9hFg93WizCvMOA==/base.apk): ok
03-14 21:44:56.629  4566  4566 W unknown:BridgelessReact: ReactHost{0}.ReactContext.onHostResume()
03-14 21:44:56.629  4566  4718 D jni_lib_merge: Entering merged library JNI_OnLoad.
03-14 21:44:56.629  4566  4718 D jni_lib_merge: Preparing 4 pre-merged libs (including stub)
03-14 21:44:56.629  4566  4718 D jni_lib_merge: Preparing to register libhermes_executor_so.  onload_func: 0x78e5ca8ab050
03-14 21:44:56.629  4566  4718 D jni_lib_merge: Preparing to register libhermesinstancejni_so.  onload_func: 0x78e5ca8e1680
03-14 21:44:56.629  4566  4718 D jni_lib_merge: Preparing to register libjsijniprofiler_so.  onload_func: 0x78e5ca8e33f0
03-14 21:44:56.629  4566  4718 D jni_lib_merge: About to register 3 actual methods.
03-14 21:44:56.630  4566  4566 D LifecycleMonitor: Lifecycle status change: com.mcfuzzysquirrel.studentfinance.MainActivity@980b126 in: RESUMED
03-14 21:44:56.644  4566  4566 W HWUI    : Unknown dataspace 0
03-14 21:44:56.650  4566  4726 D TrafficStats: tagSocket(116) with statsTag=0xffffffff, statsUid=-1
03-14 21:44:56.828  4566  4695 I EGL_emulation: Opening libGLESv1_CM_emulation.so
03-14 21:44:56.829  4566  4695 I EGL_emulation: Opening libGLESv2_emulation.so
03-14 21:44:56.848  4566  4695 W HWUI    : Failed to initialize 101010-2 format, error = EGL_SUCCESS
03-14 21:44:56.875  4566  4695 I Gralloc4: mapper 4.x is not supported
03-14 21:44:57.037  4566  4718 I ExpoModulesCore: ✅ AppContext was initialized
03-14 21:44:57.230  4566  4577 I .studentfinance: Compiler allocated 5174KB to compile void android.view.ViewRootImpl.performTraversals()
03-14 21:44:57.343  4566  4718 W unknown:BridgelessReact: ReactHost{0}.getOrCreateReactInstanceTask(): Loading JS Bundle
03-14 21:44:57.366  4566  4566 D DetoxRNLoading: Got new RN-context directly and immediately
03-14 21:44:57.368  4566  4657 I DetoxRNIdleRes: Setting up Espresso Idling Resources for React Native
03-14 21:44:57.384  4566  4720 W .studentfinance: Accessing hidden method Landroid/os/MessageQueue;->next()Landroid/os/Message; (unsupported, reflection, allowed)
03-14 21:44:57.384  4566  4720 W .studentfinance: Accessing hidden field Landroid/os/MessageQueue;->mMessages:Landroid/os/Message; (unsupported, reflection, allowed)
03-14 21:44:57.385  4566  4720 W .studentfinance: Accessing hidden method Landroid/os/Message;->recycleUnchecked()V (unsupported, reflection, allowed)
03-14 21:44:57.400  4566  4566 D DetoxRNHelpers: Native RN module resolution (class com.reactnativecommunity.asyncstorage.AsyncStorageModule): no such class
03-14 21:44:57.400  4566  4657 D IdlingRegistry: Registering idling resources: [com.wix.detox.reactnative.idlingresources.uimodule.fabric.FabricUIManagerIdlingResources@26a7443]
03-14 21:44:57.401  4566  4657 D IdlingRegistry: Registering idling resources: [com.wix.detox.reactnative.idlingresources.animations.AnimatedModuleIdlingResource@5921ac0]
03-14 21:44:57.401  4566  4657 D IdlingRegistry: Registering idling resources: [com.wix.detox.reactnative.idlingresources.timers.FabricTimersIdlingResource@3dc13f9]
03-14 21:44:57.401  4566  4657 D IdlingRegistry: Registering idling resources: [com.wix.detox.reactnative.idlingresources.network.NetworkIdlingResource@e608f3e]
03-14 21:44:57.401  4566  4657 D IdlingRegistry: Registering idling resources: [com.wix.detox.reactnative.idlingresources.StabilizedIdlingResource@2b6119f]
03-14 21:44:57.925  4566  4566 D DetoxRNHelpers: Native RN module resolution (class com.reactnativecommunity.asyncstorage.AsyncStorageModule): no such class
03-14 21:44:57.926  4566  4679 W .studentfinance: Long monitor contention with owner Instr: androidx.test.runner.AndroidJUnitRunner (4657) at void com.wix.detox.DetoxMain.launchActivityOnCue(android.content.Context, com.wix.detox.ActivityLaunchHelper)(DetoxMain.kt:53) waiters=0 in void com.wix.detox.DetoxMain$setupActionHandlers$SynchronizedActionHandler.handle(java.lang.String, long) for 2.764s
03-14 21:44:57.927  4566  4566 I Choreographer: Skipped 30 frames!  The application may be doing too much work on its main thread.
03-14 21:44:57.931  4566  4566 W unknown:BridgelessReact: ReactHost{0}.handleHostException(message = "Unable to load script.
03-14 21:44:57.931  4566  4566 W unknown:BridgelessReact: 
03-14 21:44:57.931  4566  4566 W unknown:BridgelessReact: Make sure you're running Metro or that your bundle 'index.android.bundle' is packaged correctly for release.
03-14 21:44:57.931  4566  4566 W unknown:BridgelessReact: 
03-14 21:44:57.931  4566  4566 W unknown:BridgelessReact: The device must either be USB connected (with bundler set to "localhost:8081") or be on the same Wi-Fi network as your computer (with bundler set to your computer IP) to connect to Metro.
03-14 21:44:57.931  4566  4566 W unknown:BridgelessReact: 
03-14 21:44:57.931  4566  4566 W unknown:BridgelessReact: If you're using USB on a physical device, make sure you also run this command:
03-14 21:44:57.931  4566  4566 W unknown:BridgelessReact:   adb reverse tcp:8081 tcp:8081")
03-14 21:44:57.932  4566  4566 E unknown:ReactNative: Exception in native call
03-14 21:44:57.932  4566  4566 E unknown:ReactNative: java.lang.RuntimeException: Unable to load script.
03-14 21:44:57.932  4566  4566 E unknown:ReactNative: 
03-14 21:44:57.932  4566  4566 E unknown:ReactNative: Make sure you're running Metro or that your bundle 'index.android.bundle' is packaged correctly for release.
03-14 21:44:57.932  4566  4566 E unknown:ReactNative: 
03-14 21:44:57.932  4566  4566 E unknown:ReactNative: The device must either be USB connected (with bundler set to "localhost:8081") or be on the same Wi-Fi network as your computer (with bundler set to your computer IP) to connect to Metro.
03-14 21:44:57.932  4566  4566 E unknown:ReactNative: 
03-14 21:44:57.932  4566  4566 E unknown:ReactNative: If you're using USB on a physical device, make sure you also run this command:
03-14 21:44:57.932  4566  4566 E unknown:ReactNative:   adb reverse tcp:8081 tcp:8081
03-14 21:44:57.932  4566  4566 E unknown:ReactNative: 	at com.facebook.react.runtime.ReactInstance.loadJSBundleFromAssets(Native Method)
03-14 21:44:57.932  4566  4566 E unknown:ReactNative: 	at com.facebook.react.runtime.ReactInstance.access$loadJSBundleFromAssets(ReactInstance.kt:84)
03-14 21:44:57.932  4566  4566 E unknown:ReactNative: 	at com.facebook.react.runtime.ReactInstance$loadJSBundle$1.loadScriptFromAssets(ReactInstance.kt:324)
03-14 21:44:57.932  4566  4566 E unknown:ReactNative: 	at com.facebook.react.bridge.JSBundleLoader$Companion$createAssetLoader$1.loadScript(JSBundleLoader.kt:33)
03-14 21:44:57.932  4566  4566 E unknown:ReactNative: 	at com.facebook.react.runtime.ReactInstance.loadJSBundle(ReactInstance.kt:303)
03-14 21:44:57.932  4566  4566 E unknown:ReactNative: 	at com.facebook.react.runtime.ReactHostImpl.getOrCreateReactInstanceTask$lambda$44$lambda$40(ReactHostImpl.kt:1015)
03-14 21:44:57.932  4566  4566 E unknown:ReactNative: 	at com.facebook.react.runtime.ReactHostImpl.$r8$lambda$kGNcmxBxZbp8b1wWTaqIXDdkV8g(Unknown Source:0)
03-14 21:44:57.932  4566  4566 E unknown:ReactNative: 	at com.facebook.react.runtime.ReactHostImpl$$ExternalSyntheticLambda24.then(D8$$SyntheticClass:0)
03-14 21:44:57.932  4566  4566 E unknown:ReactNative: 	at com.facebook.react.runtime.internal.bolts.Task$Companion.completeImmediately$lambda$3(Task.kt:360)
03-14 21:44:57.932  4566  4566 E unknown:ReactNative: 	at com.facebook.react.runtime.internal.bolts.Task$Companion.$r8$lambda$b7MTC0ufkn_2TjF4BGcNqGR9qK0(Unknown Source:0)
03-14 21:44:57.932  4566  4566 E unknown:ReactNative: 	at com.facebook.react.runtime.internal.bolts.Task$Companion$$ExternalSyntheticLambda3.run(D8$$SyntheticClass:0)
03-14 21:44:57.932  4566  4566 E unknown:ReactNative: 	at com.facebook.react.runtime.internal.bolts.Executors$ImmediateExecutor.execute(Executors.kt:41)
03-14 21:44:57.932  4566  4566 E unknown:ReactNative: 	at com.facebook.react.runtime.internal.bolts.Task$Companion.completeImmediately(Task.kt:358)
03-14 21:44:57.932  4566  4566 E unknown:ReactNative: 	at com.facebook.react.runtime.internal.bolts.Task$Companion.access$completeImmediately(Task.kt:254)
03-14 21:44:57.932  4566  4566 E unknown:ReactNative: 	at com.facebook.react.runtime.internal.bolts.Task.continueWith(Task.kt:133)
03-14 21:44:57.932  4566  4566 E unknown:ReactNative: 	at com.facebook.react.runtime.internal.bolts.Task.continueWith$default(Task.kt:117)
03-14 21:44:57.932  4566  4566 E unknown:ReactNative: 	at com.facebook.react.runtime.internal.bolts.Task.onSuccess$lambda$12(Task.kt:176)
03-14 21:44:57.932  4566  4566 E unknown:ReactNative: 	at com.facebook.react.runtime.internal.bolts.Task.$r8$lambda$l0wwo5AvbHxlwfI1R7CH_codxoo(Unknown Source:0)
03-14 21:44:57.932  4566  4566 E unknown:ReactNative: 	at com.facebook.react.runtime.internal.bolts.Task$$ExternalSyntheticLambda2.then(D8$$SyntheticClass:0)
03-14 21:44:57.932  4566  4566 E unknown:ReactNative: 	at com.facebook.react.runtime.internal.bolts.Task$Companion.completeAfterTask$lambda$5(Task.kt:394)
03-14 21:44:57.932  4566  4566 E unknown:ReactNative: 	at com.facebook.react.runtime.internal.bolts.Task$Companion.$r8$lambda$IPpysnehFwANEiW061YzapkMdoE(Unknown Source:0)
03-14 21:44:57.932  4566  4566 E unknown:ReactNative: 	at com.facebook.react.runtime.internal.bolts.Task$Companion$$ExternalSyntheticLambda4.run(D8$$SyntheticClass:0)
03-14 21:44:57.932  4566  4566 E unknown:ReactNative: 	at java.util.concurrent.ThreadPoolExecutor.runWorker(ThreadPoolExecutor.java:1145)
03-14 21:44:57.932  4566  4566 E unknown:ReactNative: 	at java.util.concurrent.ThreadPoolExecutor$Worker.run(ThreadPoolExecutor.java:644)
03-14 21:44:57.932  4566  4566 E unknown:ReactNative: 	at java.lang.Thread.run(Thread.java:1012)
03-14 21:44:57.934  4566  4718 W unknown:BridgelessReact: ReactHost{0}.getOrCreateDestroyTask()
03-14 21:44:57.938  4566  4718 W unknown:BridgelessReact: ReactHost{0}.raiseSoftException(getOrCreateDestroyTask()): handleHostException(message = "Unable to load script.
03-14 21:44:57.938  4566  4718 W unknown:BridgelessReact: 
03-14 21:44:57.938  4566  4718 W unknown:BridgelessReact: Make sure you're running Metro or that your bundle 'index.android.bundle' is packaged correctly for release.
03-14 21:44:57.938  4566  4718 W unknown:BridgelessReact: 
03-14 21:44:57.938  4566  4718 W unknown:BridgelessReact: The device must either be USB connected (with bundler set to "localhost:8081") or be on the same Wi-Fi network as your computer (with bundler set to your computer IP) to connect to Metro.
03-14 21:44:57.938  4566  4718 W unknown:BridgelessReact: 
03-14 21:44:57.938  4566  4718 W unknown:BridgelessReact: If you're using USB on a physical device, make sure you also run this command:
03-14 21:44:57.938  4566  4718 W unknown:BridgelessReact:   adb reverse tcp:8081 tcp:8081")
03-14 21:44:57.941  4566  4718 E unknown:ReactHost: Unhandled SoftException
03-14 21:44:57.941  4566  4718 E unknown:ReactHost: com.facebook.react.bridge.ReactNoCrashSoftException: raiseSoftException(getOrCreateDestroyTask()): handleHostException(message = "Unable to load script.
03-14 21:44:57.941  4566  4718 E unknown:ReactHost: 
03-14 21:44:57.941  4566  4718 E unknown:ReactHost: Make sure you're running Metro or that your bundle 'index.android.bundle' is packaged correctly for release.
03-14 21:44:57.941  4566  4718 E unknown:ReactHost: 
03-14 21:44:57.941  4566  4718 E unknown:ReactHost: The device must either be USB connected (with bundler set to "localhost:8081") or be on the same Wi-Fi network as your computer (with bundler set to your computer IP) to connect to Metro.
03-14 21:44:57.941  4566  4718 E unknown:ReactHost: 
03-14 21:44:57.941  4566  4718 E unknown:ReactHost: If you're using USB on a physical device, make sure you also run this command:
03-14 21:44:57.941  4566  4718 E unknown:ReactHost:   adb reverse tcp:8081 tcp:8081")
03-14 21:44:57.941  4566  4718 E unknown:ReactHost: 	at com.facebook.react.runtime.ReactHostImpl.raiseSoftException(ReactHostImpl.kt:861)
03-14 21:44:57.941  4566  4718 E unknown:ReactHost: 	at com.facebook.react.runtime.ReactHostImpl.getOrCreateDestroyTask(ReactHostImpl.kt:1422)
03-14 21:44:57.941  4566  4718 E unknown:ReactHost: 	at com.facebook.react.runtime.ReactHostImpl.destroy$lambda$11(ReactHostImpl.kt:500)
03-14 21:44:57.941  4566  4718 E unknown:ReactHost: 	at com.facebook.react.runtime.ReactHostImpl.$r8$lambda$RqPT6VdmhA-RKBsb9qAdshHTgug(Unknown Source:0)
03-14 21:44:57.941  4566  4718 E unknown:ReactHost: 	at com.facebook.react.runtime.ReactHostImpl$$ExternalSyntheticLambda35.call(D8$$SyntheticClass:0)
03-14 21:44:57.941  4566  4718 E unknown:ReactHost: 	at com.facebook.react.runtime.internal.bolts.Task$Companion.call$lambda$2(Task.kt:319)
03-14 21:44:57.941  4566  4718 E unknown:ReactHost: 	at com.facebook.react.runtime.internal.bolts.Task$Companion.$r8$lambda$MFqd_-X5KhHmu0hvNE2Bec_4mJM(Unknown Source:0)
03-14 21:44:57.941  4566  4718 E unknown:ReactHost: 	at com.facebook.react.runtime.internal.bolts.Task$Companion$$ExternalSyntheticLambda1.run(D8$$SyntheticClass:0)
03-14 21:44:57.941  4566  4718 E unknown:ReactHost: 	at java.util.concurrent.ThreadPoolExecutor.runWorker(ThreadPoolExecutor.java:1145)
03-14 21:44:57.941  4566  4718 E unknown:ReactHost: 	at java.util.concurrent.ThreadPoolExecutor$Worker.run(ThreadPoolExecutor.java:644)
03-14 21:44:57.941  4566  4718 E unknown:ReactHost: 	at java.lang.Thread.run(Thread.java:1012)
03-14 21:44:57.941  4566  4718 E unknown:ReactHost: Caused by: java.lang.RuntimeException: Unable to load script.
03-14 21:44:57.941  4566  4718 E unknown:ReactHost: 
03-14 21:44:57.941  4566  4718 E unknown:ReactHost: Make sure you're running Metro or that your bundle 'index.android.bundle' is packaged correctly for release.
03-14 21:44:57.941  4566  4718 E unknown:ReactHost: 
03-14 21:44:57.941  4566  4718 E unknown:ReactHost: The device must either be USB connected (with bundler set to "localhost:8081") or be on the same Wi-Fi network as your computer (with bundler set to your computer IP) to connect to Metro.
03-14 21:44:57.941  4566  4718 E unknown:ReactHost: 
03-14 21:44:57.941  4566  4718 E unknown:ReactHost: If you're using USB on a physical device, make sure you also run this command:
03-14 21:44:57.941  4566  4718 E unknown:ReactHost:   adb reverse tcp:8081 tcp:8081
03-14 21:44:57.941  4566  4718 E unknown:ReactHost: 	at com.facebook.react.runtime.ReactInstance.loadJSBundleFromAssets(Native Method)
03-14 21:44:57.941  4566  4718 E unknown:ReactHost: 	at com.facebook.react.runtime.ReactInstance.access$loadJSBundleFromAssets(ReactInstance.kt:84)
03-14 21:44:57.941  4566  4718 E unknown:ReactHost: 	at com.facebook.react.runtime.ReactInstance$loadJSBundle$1.loadScriptFromAssets(ReactInstance.kt:324)
03-14 21:44:57.941  4566  4718 E unknown:ReactHost: 	at com.facebook.react.bridge.JSBundleLoader$Companion$createAssetLoader$1.loadScript(JSBundleLoader.kt:33)
03-14 21:44:57.941  4566  4718 E unknown:ReactHost: 	at com.facebook.react.runtime.ReactInstance.loadJSBundle(ReactInstance.kt:303)
03-14 21:44:57.941  4566  4718 E unknown:ReactHost: 	at com.facebook.react.runtime.ReactHostImpl.getOrCreateReactInstanceTask$lambda$44$lambda$40(ReactHostImpl.kt:1015)
03-14 21:44:57.941  4566  4718 E unknown:ReactHost: 	at com.facebook.react.runtime.ReactHostImpl.$r8$lambda$kGNcmxBxZbp8b1wWTaqIXDdkV8g(Unknown Source:0)
03-14 21:44:57.941  4566  4718 E unknown:ReactHost: 	at com.facebook.react.runtime.ReactHostImpl$$ExternalSyntheticLambda24.then(D8$$SyntheticClass:0)
03-14 21:44:57.941  4566  4718 E unknown:ReactHost: 	at com.facebook.react.runtime.internal.bolts.Task$Companion.completeImmediately$lambda$3(Task.kt:360)
03-14 21:44:57.941  4566  4718 E unknown:ReactHost: 	at com.facebook.react.runtime.internal.bolts.Task$Companion.$r8$lambda$b7MTC0ufkn_2TjF4BGcNqGR9qK0(Unknown Source:0)
03-14 21:44:57.941  4566  4718 E unknown:ReactHost: 	at com.facebook.react.runtime.internal.bolts.Task$Companion$$ExternalSyntheticLambda3.run(D8$$SyntheticClass:0)
03-14 21:44:57.941  4566  4718 E unknown:ReactHost: 	at com.facebook.react.runtime.internal.bolts.Executors$ImmediateExecutor.execute(Executors.kt:41)
03-14 21:44:57.941  4566  4718 E unknown:ReactHost: 	at com.facebook.react.runtime.internal.bolts.Task$Companion.completeImmediately(Task.kt:358)
03-14 21:44:57.941  4566  4718 E unknown:ReactHost: 	at com.facebook.react.runtime.internal.bolts.Task$Companion.access$completeImmediately(Task.kt:254)
03-14 21:44:57.941  4566  4718 E unknown:ReactHost: 	at com.facebook.react.runtime.internal.bolts.Task.continueWith(Task.kt:133)
