--------- beginning of main
03-14 22:20:22.878  3361  3361 I .studentfinance: Late-enabling -Xcheck:jni
03-14 22:20:22.905  3361  3361 I .studentfinance: Using CollectorTypeCMC GC.
03-14 22:20:22.906  3361  3361 W .studentfinance: Unexpected CPU variant for x86: x86_64.
03-14 22:20:22.906  3361  3361 W .studentfinance: Known variants: atom, sandybridge, silvermont, goldmont, goldmont-plus, goldmont-without-sha-xsaves, tremont, kabylake, default
03-14 22:20:22.916  3361  3361 D nativeloader: Load libframework-connectivity-tiramisu-jni.so using APEX ns com_android_tethering for caller /apex/com.android.tethering/javalib/framework-connectivity-t.jar: ok
--------- beginning of system
03-14 22:20:23.026  3361  3361 W ActivityThread: Package uses different ABI(s) than its instrumentation: package[com.mcfuzzysquirrel.studentfinance]: x86_64, null instrumentation[com.mcfuzzysquirrel.studentfinance.test]: null, null
03-14 22:20:23.037  3361  3361 W .studentfinance: ClassLoaderContext shared library size mismatch. Expected=2, found=0 (PCL[]{PCL[/system/framework/android.test.base.jar*724373495]#PCL[/system/framework/android.test.mock.jar*1452759902]} | PCL[])
03-14 22:20:23.044  3361  3361 W .studentfinance: ClassLoaderContext classpath size mismatch. expected=0, found=1 (PCL[] | PCL[/system/framework/android.test.runner.jar*2496447986])
03-14 22:20:23.047  3361  3361 W .studentfinance: ClassLoaderContext classpath size mismatch. expected=0, found=2 (PCL[] | PCL[/system/framework/android.test.runner.jar*2496447986:/system/framework/android.test.mock.jar*1452759902])
03-14 22:20:23.048  3361  3361 W ziparchive: Unable to open '/data/app/~~9o_ymyW4LoL2TyI4HgxlJA==/com.mcfuzzysquirrel.studentfinance.test-HoleTmH_8bLEFbKDLZRc1w==/base.dm': No such file or directory
03-14 22:20:23.049  3361  3361 W ziparchive: Unable to open '/data/app/~~9o_ymyW4LoL2TyI4HgxlJA==/com.mcfuzzysquirrel.studentfinance.test-HoleTmH_8bLEFbKDLZRc1w==/base.dm': No such file or directory
03-14 22:20:23.201  3361  3361 W ziparchive: Unable to open '/data/app/~~6XK6r8rcT6Xy3dmd6zCA2g==/com.mcfuzzysquirrel.studentfinance-e6TL2QNayJvaVmbb23ERbw==/base.dm': No such file or directory
03-14 22:20:23.202  3361  3361 W ziparchive: Unable to open '/data/app/~~6XK6r8rcT6Xy3dmd6zCA2g==/com.mcfuzzysquirrel.studentfinance-e6TL2QNayJvaVmbb23ERbw==/base.dm': No such file or directory
03-14 22:20:23.966  3361  3361 D nativeloader: Configuring clns-7 for other apk /system/framework/android.test.runner.jar:/system/framework/android.test.mock.jar:/system/framework/android.test.base.jar:/data/app/~~9o_ymyW4LoL2TyI4HgxlJA==/com.mcfuzzysquirrel.studentfinance.test-HoleTmH_8bLEFbKDLZRc1w==/base.apk:/data/app/~~6XK6r8rcT6Xy3dmd6zCA2g==/com.mcfuzzysquirrel.studentfinance-e6TL2QNayJvaVmbb23ERbw==/base.apk. target_sdk_version=36, uses_libraries=, library_path=/data/app/~~9o_ymyW4LoL2TyI4HgxlJA==/com.mcfuzzysquirrel.studentfinance.test-HoleTmH_8bLEFbKDLZRc1w==/lib/x86_64:/data/app/~~6XK6r8rcT6Xy3dmd6zCA2g==/com.mcfuzzysquirrel.studentfinance-e6TL2QNayJvaVmbb23ERbw==/lib/x86_64:/data/app/~~9o_ymyW4LoL2TyI4HgxlJA==/com.mcfuzzysquirrel.studentfinance.test-HoleTmH_8bLEFbKDLZRc1w==/base.apk!/lib/x86_64:/data/app/~~6XK6r8rcT6Xy3dmd6zCA2g==/com.mcfuzzysquirrel.studentfinance-e6TL2QNayJvaVmbb23ERbw==/base.apk!/lib/x86_64, permitted_path=/data:/mnt/expand:/data/user/0/com.mcfuzzysquirrel.studentfinance
03-14 22:20:24.051  3361  3361 V GraphicsEnvironment: Currently set values for:
03-14 22:20:24.052  3361  3361 V GraphicsEnvironment:   angle_gl_driver_selection_pkgs=[]
03-14 22:20:24.052  3361  3361 V GraphicsEnvironment:   angle_gl_driver_selection_values=[]
03-14 22:20:24.052  3361  3361 V GraphicsEnvironment: Global.Settings values are invalid: number of packages: 0, number of values: 0
03-14 22:20:24.052  3361  3361 V GraphicsEnvironment: Neither updatable production driver nor prerelease driver is supported.
03-14 22:20:24.059  3361  3361 D ApplicationLoaders: Returning zygote-cached class loader: /system/framework/android.test.base.jar
03-14 22:20:24.061  3361  3361 D nativeloader: Configuring clns-8 for other apk /system/framework/android.test.mock.jar. target_sdk_version=36, uses_libraries=ALL, library_path=/data/app/~~9o_ymyW4LoL2TyI4HgxlJA==/com.mcfuzzysquirrel.studentfinance.test-HoleTmH_8bLEFbKDLZRc1w==/lib/x86_64:/data/app/~~6XK6r8rcT6Xy3dmd6zCA2g==/com.mcfuzzysquirrel.studentfinance-e6TL2QNayJvaVmbb23ERbw==/lib/x86_64, permitted_path=/data:/mnt/expand
03-14 22:20:24.062  3361  3361 D ApplicationLoaders: Returning zygote-cached class loader: /system/framework/android.test.base.jar
03-14 22:20:24.068  3361  3361 D nativeloader: Configuring clns-9 for other apk /system/framework/android.test.runner.jar. target_sdk_version=36, uses_libraries=ALL, library_path=/data/app/~~9o_ymyW4LoL2TyI4HgxlJA==/com.mcfuzzysquirrel.studentfinance.test-HoleTmH_8bLEFbKDLZRc1w==/lib/x86_64:/data/app/~~6XK6r8rcT6Xy3dmd6zCA2g==/com.mcfuzzysquirrel.studentfinance-e6TL2QNayJvaVmbb23ERbw==/lib/x86_64, permitted_path=/data:/mnt/expand
03-14 22:20:24.069  3361  3361 W .studentfinance: ClassLoaderContext shared library size mismatch. Expected=2, found=3 (PCL[]{PCL[/system/framework/android.test.base.jar*724373495]#PCL[/system/framework/android.test.mock.jar*1452759902]} | PCL[]{PCL[/system/framework/android.test.base.jar*724373495]#PCL[/system/framework/android.test.mock.jar*1452759902]#PCL[/system/framework/android.test.runner.jar*2496447986]{PCL[/system/framework/android.test.base.jar*724373495]#PCL[/system/framework/android.test.mock.jar*1452759902]}};PCL[/system/framework/android.test.runner.jar*2496447986:/system/framework/android.test.mock.jar*1452759902:/system/framework/android.test.base.jar*724373495:/data/app/~~9o_ymyW4LoL2TyI4HgxlJA==/com.mcfuzzysquirrel.studentfinance.test-HoleTmH_8bLEFbKDLZRc1w==/base.apk*3224200876:/data/app/~~6XK6r8rcT6Xy3dmd6zCA2g==/com.mcfuzzysquirrel.studentfinance-e6TL2QNayJvaVmbb23ERbw==/base.apk*3383818782])
03-14 22:20:24.077  3361  3361 W .studentfinance: ClassLoaderContext classpath size mismatch. expected=0, found=1 (PCL[] | PCL[/system/framework/android.test.runner.jar*2496447986]{PCL[/system/framework/android.test.base.jar*724373495]#PCL[/system/framework/android.test.mock.jar*1452759902]#PCL[/system/framework/android.test.runner.jar*2496447986]{PCL[/system/framework/android.test.base.jar*724373495]#PCL[/system/framework/android.test.mock.jar*1452759902]}};PCL[/system/framework/android.test.runner.jar*2496447986:/system/framework/android.test.mock.jar*1452759902:/system/framework/android.test.base.jar*724373495:/data/app/~~9o_ymyW4LoL2TyI4HgxlJA==/com.mcfuzzysquirrel.studentfinance.test-HoleTmH_8bLEFbKDLZRc1w==/base.apk*3224200876:/data/app/~~6XK6r8rcT6Xy3dmd6zCA2g==/com.mcfuzzysquirrel.studentfinance-e6TL2QNayJvaVmbb23ERbw==/base.apk*3383818782])
03-14 22:20:24.113  3361  3361 W .studentfinance: ClassLoaderContext classpath size mismatch. expected=0, found=2 (PCL[] | PCL[/system/framework/android.test.runner.jar*2496447986:/system/framework/android.test.mock.jar*1452759902]{PCL[/system/framework/android.test.base.jar*724373495]#PCL[/system/framework/android.test.mock.jar*1452759902]#PCL[/system/framework/android.test.runner.jar*2496447986]{PCL[/system/framework/android.test.base.jar*724373495]#PCL[/system/framework/android.test.mock.jar*1452759902]}};PCL[/system/framework/android.test.runner.jar*2496447986:/system/framework/android.test.mock.jar*1452759902:/system/framework/android.test.base.jar*724373495:/data/app/~~9o_ymyW4LoL2TyI4HgxlJA==/com.mcfuzzysquirrel.studentfinance.test-HoleTmH_8bLEFbKDLZRc1w==/base.apk*3224200876:/data/app/~~6XK6r8rcT6Xy3dmd6zCA2g==/com.mcfuzzysquirrel.studentfinance-e6TL2QNayJvaVmbb23ERbw==/base.apk*3383818782])
03-14 22:20:24.118  3361  3361 W ziparchive: Unable to open '/data/app/~~9o_ymyW4LoL2TyI4HgxlJA==/com.mcfuzzysquirrel.studentfinance.test-HoleTmH_8bLEFbKDLZRc1w==/base.dm': No such file or directory
03-14 22:20:24.118  3361  3361 W ziparchive: Unable to open '/data/app/~~9o_ymyW4LoL2TyI4HgxlJA==/com.mcfuzzysquirrel.studentfinance.test-HoleTmH_8bLEFbKDLZRc1w==/base.dm': No such file or directory
03-14 22:20:24.281  3361  3361 W ziparchive: Unable to open '/data/app/~~6XK6r8rcT6Xy3dmd6zCA2g==/com.mcfuzzysquirrel.studentfinance-e6TL2QNayJvaVmbb23ERbw==/base.dm': No such file or directory
03-14 22:20:24.281  3361  3361 W ziparchive: Unable to open '/data/app/~~6XK6r8rcT6Xy3dmd6zCA2g==/com.mcfuzzysquirrel.studentfinance-e6TL2QNayJvaVmbb23ERbw==/base.dm': No such file or directory
03-14 22:20:24.801  3361  3361 I AndroidJUnitRunner: newApplication com.mcfuzzysquirrel.studentfinance.MainApplication
03-14 22:20:25.058  3361  3361 I AndroidJUnitRunner: onCreate Bundle[mParcelledData.dataSize=312]
03-14 22:20:25.078  3361  3361 D AndroidJUnitRunner: Use the raw file system for managing file I/O.
03-14 22:20:25.312  3361  3361 V TestEventClient: No service name argument was given (testDiscoveryService, testRunEventService or orchestratorService)
03-14 22:20:25.314  3361  3516 D AndroidJUnitRunner: onStart is called.
03-14 22:20:25.325  3361  3361 W SoLoader: Initializing SoLoader: 0
03-14 22:20:25.326  3361  3361 W SoLoader: Recording new base apk path: /data/app/~~6XK6r8rcT6Xy3dmd6zCA2g==/com.mcfuzzysquirrel.studentfinance-e6TL2QNayJvaVmbb23ERbw==/base.apk
03-14 22:20:25.326  3361  3361 W SoLoader: Previously recorded 0 base apk paths.
03-14 22:20:25.329  3361  3361 I SoLoader: Preparing SO source: DirectorySoSource[root = /vendor/lib64 flags = 2]
03-14 22:20:25.329  3361  3361 I SoLoader: Preparing SO source: DirectorySoSource[root = /system/lib64 flags = 2]
03-14 22:20:25.329  3361  3361 I SoLoader: Preparing SO source: DirectApkSoSource[root = [/data/app/~~6XK6r8rcT6Xy3dmd6zCA2g==/com.mcfuzzysquirrel.studentfinance-e6TL2QNayJvaVmbb23ERbw==/base.apk!/lib/x86_64]]
03-14 22:20:25.397  3361  3361 I SoLoader: Preparing SO source: ApplicationSoSource[DirectorySoSource[root = /data/app/~~6XK6r8rcT6Xy3dmd6zCA2g==/com.mcfuzzysquirrel.studentfinance-e6TL2QNayJvaVmbb23ERbw==/lib/x86_64 flags = 0]]
03-14 22:20:25.397  3361  3361 I SoLoader: init finish: 4 SO sources prepared
03-14 22:20:25.397  3361  3361 W SoLoader: SoLoader initialized: 8
03-14 22:20:25.515  3361  3361 D nativeloader: Load /data/app/~~6XK6r8rcT6Xy3dmd6zCA2g==/com.mcfuzzysquirrel.studentfinance-e6TL2QNayJvaVmbb23ERbw==/base.apk!/lib/x86_64/libc++_shared.so using ns clns-7 from class loader (caller=/data/app/~~6XK6r8rcT6Xy3dmd6zCA2g==/com.mcfuzzysquirrel.studentfinance-e6TL2QNayJvaVmbb23ERbw==/base.apk): ok
03-14 22:20:25.603  3361  3361 D nativeloader: Load /data/app/~~6XK6r8rcT6Xy3dmd6zCA2g==/com.mcfuzzysquirrel.studentfinance-e6TL2QNayJvaVmbb23ERbw==/base.apk!/lib/x86_64/libjsi.so using ns clns-7 from class loader (caller=/data/app/~~6XK6r8rcT6Xy3dmd6zCA2g==/com.mcfuzzysquirrel.studentfinance-e6TL2QNayJvaVmbb23ERbw==/base.apk): ok
03-14 22:20:25.635  3361  3361 D nativeloader: Load /data/app/~~6XK6r8rcT6Xy3dmd6zCA2g==/com.mcfuzzysquirrel.studentfinance-e6TL2QNayJvaVmbb23ERbw==/base.apk!/lib/x86_64/libfbjni.so using ns clns-7 from class loader (caller=/data/app/~~6XK6r8rcT6Xy3dmd6zCA2g==/com.mcfuzzysquirrel.studentfinance-e6TL2QNayJvaVmbb23ERbw==/base.apk): ok
03-14 22:20:25.688  3361  3361 D nativeloader: Load /data/app/~~6XK6r8rcT6Xy3dmd6zCA2g==/com.mcfuzzysquirrel.studentfinance-e6TL2QNayJvaVmbb23ERbw==/base.apk!/lib/x86_64/libreactnative.so using ns clns-7 from class loader (caller=/data/app/~~6XK6r8rcT6Xy3dmd6zCA2g==/com.mcfuzzysquirrel.studentfinance-e6TL2QNayJvaVmbb23ERbw==/base.apk): ok
03-14 22:20:25.688  3361  3361 D jni_lib_merge: Entering merged library JNI_OnLoad.
03-14 22:20:25.688  3361  3361 D jni_lib_merge: Preparing 12 pre-merged libs (including stub)
03-14 22:20:25.688  3361  3361 D jni_lib_merge: Preparing to register libfabricjni_so.  onload_func: 0x7f2caa2e4730
03-14 22:20:25.688  3361  3361 D jni_lib_merge: Preparing to register libreact_devsupportjni_so.  onload_func: 0x7f2caa4e1190
03-14 22:20:25.688  3361  3361 D jni_lib_merge: Preparing to register libreact_featureflagsjni_so.  onload_func: 0x7f2caa4f2910
03-14 22:20:25.688  3361  3361 D jni_lib_merge: Preparing to register libreact_newarchdefaults_so.  onload_func: 0x7f2caa593d20
03-14 22:20:25.689  3361  3361 D jni_lib_merge: Preparing to register libreactnativeblob_so.  onload_func: 0x7f2caa79e2e0
03-14 22:20:25.689  3361  3361 D jni_lib_merge: Preparing to register libreactnativejni_so.  onload_func: 0x7f2caa7de770
03-14 22:20:25.689  3361  3361 D jni_lib_merge: Preparing to register libreactnativejni_common_so.  onload_func: 0x7f2caa7ee5d0
03-14 22:20:25.689  3361  3361 D jni_lib_merge: Preparing to register librninstance_so.  onload_func: 0x7f2caa82b4c0
03-14 22:20:25.689  3361  3361 D jni_lib_merge: Preparing to register libturbomodulejsijni_so.  onload_func: 0x7f2caa98cc00
03-14 22:20:25.689  3361  3361 D jni_lib_merge: Preparing to register libuimanagerjni_so.  onload_func: 0x7f2caa9a4de0
03-14 22:20:25.689  3361  3361 D jni_lib_merge: Preparing to register libyoga_so.  onload_func: 0x7f2caa9b3d70
03-14 22:20:25.689  3361  3361 D jni_lib_merge: About to register 11 actual methods.
03-14 22:20:25.741  3361  3361 D nativeloader: Load /data/app/~~6XK6r8rcT6Xy3dmd6zCA2g==/com.mcfuzzysquirrel.studentfinance-e6TL2QNayJvaVmbb23ERbw==/base.apk!/lib/x86_64/libreact_codegen_rnscreens.so using ns clns-7 from class loader (caller=/data/app/~~6XK6r8rcT6Xy3dmd6zCA2g==/com.mcfuzzysquirrel.studentfinance-e6TL2QNayJvaVmbb23ERbw==/base.apk): ok
03-14 22:20:25.741  3361  3361 D jni_lib_merge: Entering merged library JNI_OnLoad.
03-14 22:20:25.741  3361  3361 D jni_lib_merge: Preparing 12 pre-merged libs (including stub)
03-14 22:20:25.741  3361  3361 D jni_lib_merge: Preparing to register libfabricjni_so.  onload_func: 0x7f2caa2e4730
03-14 22:20:25.741  3361  3361 D jni_lib_merge: Preparing to register libreact_devsupportjni_so.  onload_func: 0x7f2caa4e1190
03-14 22:20:25.741  3361  3361 D jni_lib_merge: Preparing to register libreact_featureflagsjni_so.  onload_func: 0x7f2caa4f2910
03-14 22:20:25.741  3361  3361 D jni_lib_merge: Preparing to register libreact_newarchdefaults_so.  onload_func: 0x7f2caa593d20
03-14 22:20:25.741  3361  3361 D jni_lib_merge: Preparing to register libreactnativeblob_so.  onload_func: 0x7f2caa79e2e0
03-14 22:20:25.741  3361  3361 D jni_lib_merge: Preparing to register libreactnativejni_so.  onload_func: 0x7f2caa7de770
03-14 22:20:25.741  3361  3361 D jni_lib_merge: Preparing to register libreactnativejni_common_so.  onload_func: 0x7f2caa7ee5d0
03-14 22:20:25.741  3361  3361 D jni_lib_merge: Preparing to register librninstance_so.  onload_func: 0x7f2caa82b4c0
03-14 22:20:25.741  3361  3361 D jni_lib_merge: Preparing to register libturbomodulejsijni_so.  onload_func: 0x7f2caa98cc00
03-14 22:20:25.741  3361  3361 D jni_lib_merge: Preparing to register libuimanagerjni_so.  onload_func: 0x7f2caa9a4de0
03-14 22:20:25.741  3361  3361 D jni_lib_merge: Preparing to register libyoga_so.  onload_func: 0x7f2caa9b3d70
03-14 22:20:25.741  3361  3361 D jni_lib_merge: About to register 11 actual methods.
03-14 22:20:25.770  3361  3361 D nativeloader: Load /data/app/~~6XK6r8rcT6Xy3dmd6zCA2g==/com.mcfuzzysquirrel.studentfinance-e6TL2QNayJvaVmbb23ERbw==/base.apk!/lib/x86_64/libreact_codegen_rnsvg.so using ns clns-7 from class loader (caller=/data/app/~~6XK6r8rcT6Xy3dmd6zCA2g==/com.mcfuzzysquirrel.studentfinance-e6TL2QNayJvaVmbb23ERbw==/base.apk): ok
03-14 22:20:25.770  3361  3361 D jni_lib_merge: Entering merged library JNI_OnLoad.
03-14 22:20:25.770  3361  3361 D jni_lib_merge: Preparing 12 pre-merged libs (including stub)
03-14 22:20:25.770  3361  3361 D jni_lib_merge: Preparing to register libfabricjni_so.  onload_func: 0x7f2caa2e4730
03-14 22:20:25.770  3361  3361 D jni_lib_merge: Preparing to register libreact_devsupportjni_so.  onload_func: 0x7f2caa4e1190
03-14 22:20:25.770  3361  3361 D jni_lib_merge: Preparing to register libreact_featureflagsjni_so.  onload_func: 0x7f2caa4f2910
03-14 22:20:25.770  3361  3361 D jni_lib_merge: Preparing to register libreact_newarchdefaults_so.  onload_func: 0x7f2caa593d20
03-14 22:20:25.770  3361  3361 D jni_lib_merge: Preparing to register libreactnativeblob_so.  onload_func: 0x7f2caa79e2e0
03-14 22:20:25.770  3361  3361 D jni_lib_merge: Preparing to register libreactnativejni_so.  onload_func: 0x7f2caa7de770
03-14 22:20:25.770  3361  3361 D jni_lib_merge: Preparing to register libreactnativejni_common_so.  onload_func: 0x7f2caa7ee5d0
03-14 22:20:25.770  3361  3361 D jni_lib_merge: Preparing to register librninstance_so.  onload_func: 0x7f2caa82b4c0
03-14 22:20:25.770  3361  3361 D jni_lib_merge: Preparing to register libturbomodulejsijni_so.  onload_func: 0x7f2caa98cc00
03-14 22:20:25.770  3361  3361 D jni_lib_merge: Preparing to register libuimanagerjni_so.  onload_func: 0x7f2caa9a4de0
03-14 22:20:25.770  3361  3361 D jni_lib_merge: Preparing to register libyoga_so.  onload_func: 0x7f2caa9b3d70
03-14 22:20:25.770  3361  3361 D jni_lib_merge: About to register 11 actual methods.
03-14 22:20:25.789  3361  3361 D nativeloader: Load /data/app/~~6XK6r8rcT6Xy3dmd6zCA2g==/com.mcfuzzysquirrel.studentfinance-e6TL2QNayJvaVmbb23ERbw==/base.apk!/lib/x86_64/libreact_codegen_safeareacontext.so using ns clns-7 from class loader (caller=/data/app/~~6XK6r8rcT6Xy3dmd6zCA2g==/com.mcfuzzysquirrel.studentfinance-e6TL2QNayJvaVmbb23ERbw==/base.apk): ok
03-14 22:20:25.800  3361  3361 D nativeloader: Load /data/app/~~6XK6r8rcT6Xy3dmd6zCA2g==/com.mcfuzzysquirrel.studentfinance-e6TL2QNayJvaVmbb23ERbw==/base.apk!/lib/x86_64/libappmodules.so using ns clns-7 from class loader (caller=/data/app/~~6XK6r8rcT6Xy3dmd6zCA2g==/com.mcfuzzysquirrel.studentfinance-e6TL2QNayJvaVmbb23ERbw==/base.apk): ok
03-14 22:20:26.160  3361  3361 I Choreographer: Skipped 72 frames!  The application may be doing too much work on its main thread.
03-14 22:20:26.217  3361  3516 I InstrConnection: Could not send broadcast or register receiver (isolatedProcess?)
03-14 22:20:26.253  3361  3516 D TestRequestBuilder: Using class path scanning to discover tests
03-14 22:20:26.255  3361  3516 I TestRequestBuilder: Scanning classpath to find tests in paths [/data/app/~~9o_ymyW4LoL2TyI4HgxlJA==/com.mcfuzzysquirrel.studentfinance.test-HoleTmH_8bLEFbKDLZRc1w==/base.apk]
03-14 22:20:26.257  3361  3516 W .studentfinance: Opening an oat file without a class loader. Are you using the deprecated DexFile APIs?
03-14 22:20:27.309  3361  3516 I TestRunner: run started: 1 tests
03-14 22:20:27.311  3361  3516 I TestRunner: started: runDetoxTests(com.mcfuzzysquirrel.studentfinance.DetoxTest)
03-14 22:20:27.336  3361  3516 I Detox   : Detox server connection details: url=ws://localhost:32853, sessionId=28ffbbac-a381-3279-84c8-88dd301ab61a
03-14 22:20:27.346  3361  3516 I Tracing : Tracer added: class androidx.test.platform.tracing.AndroidXTracer
03-14 22:20:27.361  3361  3516 W .studentfinance: Accessing hidden field Ljava/lang/reflect/Field;->accessFlags:I (unsupported, reflection, allowed)
03-14 22:20:27.364  3361  3516 I Detox   : Connecting to server...
03-14 22:20:27.365  3361  3516 I DetoxWSClient: At connectToServer
03-14 22:20:27.431  3361  3606 D TrafficStats: tagSocket(102) with statsTag=0xffffffff, statsUid=-1
03-14 22:20:27.453  3361  3606 D DetoxWSClient: At onOpen
03-14 22:20:27.453  3361  3606 I DetoxWSClient: Sending out action 'login' (ID #0)
03-14 22:20:27.454  3361  3606 I Detox   : Connected to server!
03-14 22:20:27.457  3361  3606 D DetoxWSClient: Received action 'loginSuccess' (ID #0, params={"testerConnected":true,"appConnected":true})
03-14 22:20:27.457  3361  3601 I DetoxDispatcher: Handling action 'loginSuccess' (ID #0)...
03-14 22:20:27.458  3361  3601 I DetoxDispatcher: Done with action 'loginSuccess'
03-14 22:20:27.458  3361  3516 I Detox   : Launching the tested activity!
03-14 22:20:27.503  3361  3606 D DetoxWSClient: Received action 'isReady' (ID #-1000, params={})
03-14 22:20:27.515  3361  3601 I DetoxDispatcher: Handling action 'isReady' (ID #-1000)...
03-14 22:20:27.904  3361  3361 D AppCompatDelegate: Checking for metadata for AppLocalesMetadataHolderService : Service not found
03-14 22:20:27.974  3361  3361 D LifecycleMonitor: Lifecycle status change: com.mcfuzzysquirrel.studentfinance.MainActivity@cbe2d49 in: PRE_ON_CREATE
03-14 22:20:28.789  3361  3361 W unknown:BridgelessReact: ReactHost{0}.startSurface(surfaceId = 0): Schedule
03-14 22:20:28.790  3361  3361 W unknown:BridgelessReact: ReactHost{0}.attachSurface(surfaceId = 0)
03-14 22:20:28.790  3361  3642 W unknown:BridgelessReact: ReactHost{0}.getOrCreateReactInstanceTask()
03-14 22:20:28.790  3361  3642 W unknown:BridgelessReact: ReactHost{0}.getOrCreateReactInstanceTask(): Start
03-14 22:20:28.790  3361  3642 D Detox.RNMarker: REACT_BRIDGELESS_LOADING_START (null)
03-14 22:20:28.791  3361  3642 W unknown:BridgelessReact: ReactHost{0}.getJSBundleLoader()
03-14 22:20:28.791  3361  3642 W unknown:BridgelessReact: ReactHost{0}.isMetroRunning()
03-14 22:20:28.814  3361  3361 W .studentfinance: Accessing hidden method Landroid/view/ViewGroup;->makeOptionalFitsSystemWindows()V (unsupported, reflection, allowed)
03-14 22:20:28.821  3361  3645 D TrafficStats: tagSocket(109) with statsTag=0xffffffff, statsUid=-1
03-14 22:20:28.821  3361  3361 D LifecycleMonitor: Lifecycle status change: com.mcfuzzysquirrel.studentfinance.MainActivity@cbe2d49 in: CREATED
03-14 22:20:28.823  3361  3645 W unknown:ReactNative: The packager does not seem to be running as we got an IOException requesting its status: Failed to connect to /10.0.2.2:8081
03-14 22:20:28.823  3361  3645 W unknown:BridgelessReact: ReactHost{0}.isMetroRunning(): Async result = false
03-14 22:20:28.824  3361  3361 D LifecycleMonitor: Lifecycle status change: com.mcfuzzysquirrel.studentfinance.MainActivity@cbe2d49 in: STARTED
03-14 22:20:28.826  3361  3642 W unknown:BridgelessReact: ReactHost{0}.getOrCreateReactInstanceTask(): Creating BridgelessReactContext
03-14 22:20:28.827  3361  3361 W unknown:BridgelessReact: ReactHost{0}.onHostResume(activity)
03-14 22:20:28.827  3361  3361 D LifecycleMonitor: Lifecycle status change: com.mcfuzzysquirrel.studentfinance.MainActivity@cbe2d49 in: RESUMED
03-14 22:20:28.828  3361  3642 W unknown:BridgelessReact: ReactHost{0}.getOrCreateReactInstanceTask(): Creating ReactInstance
03-14 22:20:28.834  3361  3647 D TrafficStats: tagSocket(113) with statsTag=0xffffffff, statsUid=-1
03-14 22:20:28.838  3361  3647 W unknown:ReconnectingWebSocket: Couldn't connect to "ws://10.0.2.2:8081/message?device=sdk_gphone64_x86_64%20-%2015%20-%20API%2035&app=com.mcfuzzysquirrel.studentfinance&clientid=BridgelessDevSupportManager", will silently retry
03-14 22:20:28.842  3361  3361 W HWUI    : Unknown dataspace 0
03-14 22:20:28.846  3361  3650 D TrafficStats: tagSocket(116) with statsTag=0xffffffff, statsUid=-1
03-14 22:20:28.847  3361  3650 W unknown:ReconnectingWebSocket: Couldn't connect to "ws://10.0.2.2:8081/message?device=sdk_gphone64_x86_64%20-%2015%20-%20API%2035&app=com.mcfuzzysquirrel.studentfinance&clientid=BridgelessDevSupportManager", will silently retry
03-14 22:20:28.877  3361  3651 D TrafficStats: tagSocket(117) with statsTag=0xffffffff, statsUid=-1
03-14 22:20:28.886  3361  3642 D nativeloader: Load /data/app/~~6XK6r8rcT6Xy3dmd6zCA2g==/com.mcfuzzysquirrel.studentfinance-e6TL2QNayJvaVmbb23ERbw==/base.apk!/lib/x86_64/libhermesvm.so using ns clns-7 from class loader (caller=/data/app/~~6XK6r8rcT6Xy3dmd6zCA2g==/com.mcfuzzysquirrel.studentfinance-e6TL2QNayJvaVmbb23ERbw==/base.apk): ok
03-14 22:20:28.887  3361  3642 D nativeloader: Load /data/app/~~6XK6r8rcT6Xy3dmd6zCA2g==/com.mcfuzzysquirrel.studentfinance-e6TL2QNayJvaVmbb23ERbw==/base.apk!/lib/x86_64/libhermestooling.so using ns clns-7 from class loader (caller=/data/app/~~6XK6r8rcT6Xy3dmd6zCA2g==/com.mcfuzzysquirrel.studentfinance-e6TL2QNayJvaVmbb23ERbw==/base.apk): ok
03-14 22:20:28.888  3361  3642 D jni_lib_merge: Entering merged library JNI_OnLoad.
03-14 22:20:28.888  3361  3642 D jni_lib_merge: Preparing 4 pre-merged libs (including stub)
03-14 22:20:28.888  3361  3642 D jni_lib_merge: Preparing to register libhermes_executor_so.  onload_func: 0x7f2c9c1ae050
03-14 22:20:28.888  3361  3642 D jni_lib_merge: Preparing to register libhermesinstancejni_so.  onload_func: 0x7f2c9c1e4680
03-14 22:20:28.888  3361  3642 D jni_lib_merge: Preparing to register libjsijniprofiler_so.  onload_func: 0x7f2c9c1e63f0
03-14 22:20:28.888  3361  3642 D jni_lib_merge: About to register 3 actual methods.
03-14 22:20:28.919  