--------- beginning of main
03-14 22:20:29.014  3361  3616 I Gralloc4: mapper 4.x is not supported
03-14 22:20:29.520  3361  3642 I ExpoModulesCore: ✅ AppContext was initialized
03-14 22:20:29.523  3361  3369 I .studentfinance: Compiler allocated 5174KB to compile void android.view.ViewRootImpl.performTraversals()
03-14 22:20:29.650  3361  3642 W unknown:BridgelessReact: ReactHost{0}.getOrCreateReactInstanceTask(): Loading JS Bundle
03-14 22:20:29.653  3361  3648 D Detox.RNMarker: RUN_JS_BUNDLE_START (index.android.bundle)
03-14 22:20:29.666  3361  3642 W unknown:BridgelessReact: ReactHost{0}.getOrCreateReactInstanceTask(): DevSupportManager.onNewReactContextCreated()
03-14 22:20:29.694  3361  3361 W unknown:ReactNative: Packager connection already open, nooping.
03-14 22:20:29.696  3361  3361 W unknown:BridgelessReact: ReactHost{0}.ReactContext.onHostResume()
03-14 22:20:29.703  3361  3642 W unknown:BridgelessReact: ReactHost{0}.startSurface(surfaceId = 0): Execute
03-14 22:20:29.709  3361  3361 W unknown:BridgelessReact: ReactHost{0}.getOrCreateReactInstanceTask(): Executing ReactInstanceEventListeners
03-14 22:20:29.709  3361  3361 I DetoxRNLoading: Got new RN-context through listener
03-14 22:20:29.709  3361  3601 W .studentfinance: Long monitor contention with owner Instr: androidx.test.runner.AndroidJUnitRunner (3516) at void com.wix.detox.DetoxMain.launchActivityOnCue(android.content.Context, com.wix.detox.ActivityLaunchHelper)(DetoxMain.kt:53) waiters=0 in void com.wix.detox.DetoxMain$setupActionHandlers$SynchronizedActionHandler.handle(java.lang.String, long) for 2.182s
03-14 22:20:29.713  3361  3361 W .studentfinance: Accessing hidden method Landroid/os/MessageQueue;->next()Landroid/os/Message; (unsupported, reflection, allowed)
03-14 22:20:29.717  3361  3361 W .studentfinance: Accessing hidden field Landroid/os/MessageQueue;->mMessages:Landroid/os/Message; (unsupported, reflection, allowed)
03-14 22:20:29.719  3361  3361 W .studentfinance: Accessing hidden method Landroid/os/Message;->recycleUnchecked()V (unsupported, reflection, allowed)
03-14 22:20:29.720  3361  3361 I Detox   : Wait is over: App is now idle!
03-14 22:20:29.721  3361  3601 I DetoxWSClient: Sending out action 'ready' (ID #-1000)
03-14 22:20:29.722  3361  3601 I DetoxDispatcher: Done with action 'isReady'
03-14 22:20:29.749  3361  3648 D nativeloader: Load /data/app/~~6XK6r8rcT6Xy3dmd6zCA2g==/com.mcfuzzysquirrel.studentfinance-e6TL2QNayJvaVmbb23ERbw==/base.apk!/lib/x86_64/libexpo-modules-core.so using ns clns-7 from class loader (caller=/data/app/~~6XK6r8rcT6Xy3dmd6zCA2g==/com.mcfuzzysquirrel.studentfinance-e6TL2QNayJvaVmbb23ERbw==/base.apk): ok
03-14 22:20:29.822  3361  3369 I .studentfinance: Compiler allocated 4219KB to compile void android.widget.TextView.<init>(android.content.Context, android.util.AttributeSet, int, int)
03-14 22:20:29.827  3361  3648 W unknown:ViewManagerPropertyUpdater: Could not find generated setter for class com.th3rdwave.safeareacontext.SafeAreaProviderManager
03-14 22:20:29.850  3361  3648 W unknown:ViewManagerPropertyUpdater: Could not find generated setter for class com.facebook.react.uimanager.LayoutShadowNode
03-14 22:20:29.869  3361  3648 W unknown:ViewManagerPropertyUpdater: Could not find generated setter for class com.swmansion.rnscreens.SearchBarManager
03-14 22:20:29.874  3361  3648 W unknown:ViewManagerPropertyUpdater: Could not find generated setter for class com.swmansion.rnscreens.ScreenFooterManager
03-14 22:20:29.875  3361  3648 W unknown:ViewManagerPropertyUpdater: Could not find generated setter for class expo.modules.kotlin.views.GroupViewManagerWrapper
03-14 22:20:29.880  3361  3648 W unknown:ViewManagerPropertyUpdater: Could not find generated setter for class com.swmansion.rnscreens.ScreenContainerViewManager
03-14 22:20:29.887  3361  3648 W unknown:ViewManagerPropertyUpdater: Could not find generated setter for class com.swmansion.rnscreens.ModalScreenViewManager
03-14 22:20:29.889  3361  3648 W unknown:ViewManagerPropertyUpdater: Could not find generated setter for class com.swmansion.rnscreens.ScreenStackHeaderConfigViewManager
03-14 22:20:29.891  3361  3648 W unknown:ViewManagerPropertyUpdater: Could not find generated setter for class com.swmansion.rnscreens.ScreenContentWrapperManager
03-14 22:20:29.892  3361  3648 W unknown:ViewManagerPropertyUpdater: Could not find generated setter for class com.swmansion.rnscreens.gamma.tabs.TabsScreenViewManager
03-14 22:20:29.893  3361  3648 W unknown:ViewManagerPropertyUpdater: Could not find generated setter for class com.th3rdwave.safeareacontext.SafeAreaViewManager
03-14 22:20:29.898  3361  3648 W unknown:ViewManagerPropertyUpdater: Could not find generated setter for class com.th3rdwave.safeareacontext.SafeAreaViewShadowNode
03-14 22:20:29.900  3361  3648 W unknown:ViewManagerPropertyUpdater: Could not find generated setter for class com.swmansion.rnscreens.safearea.SafeAreaViewManager
03-14 22:20:29.901  3361  3648 W unknown:ViewManagerPropertyUpdater: Could not find generated setter for class com.swmansion.rnscreens.safearea.paper.SafeAreaViewShadowNode
03-14 22:20:29.902  3361  3648 W unknown:ViewManagerPropertyUpdater: Could not find generated setter for class com.swmansion.rnscreens.ScreenViewManager
03-14 22:20:29.903  3361  3648 W unknown:ViewManagerPropertyUpdater: Could not find generated setter for class com.swmansion.rnscreens.gamma.stack.host.StackHostViewManager
03-14 22:20:29.905  3361  3648 W unknown:ViewManagerPropertyUpdater: Could not find generated setter for class com.swmansion.rnscreens.ScreenStackHeaderSubviewManager
03-14 22:20:29.907  3361  3648 W unknown:ViewManagerPropertyUpdater: Could not find generated setter for class com.swmansion.rnscreens.gamma.stack.screen.StackScreenViewManager
03-14 22:20:29.911  3361  3648 W unknown:ViewManagerPropertyUpdater: Could not find generated setter for class com.swmansion.rnscreens.ScreenStackViewManager
03-14 22:20:29.913  3361  3648 W unknown:ViewManagerPropertyUpdater: Could not find generated setter for class com.swmansion.rnscreens.gamma.tabs.TabsHostViewManager
03-14 22:20:30.126  3361  3648 W unknown:ViewManagerPropertyUpdater: Could not find generated setter for class com.horcrux.svg.RenderableViewManager$DefsViewManager
03-14 22:20:30.127  3361  3648 W unknown:ViewManagerPropertyUpdater: Could not find generated setter for class com.horcrux.svg.VirtualViewManager$RenderableShadowNode
03-14 22:20:30.137  3361  3648 W unknown:ViewManagerPropertyUpdater: Could not find generated setter for class com.facebook.react.views.debuggingoverlay.DebuggingOverlayManager
03-14 22:20:30.143  3361  3648 W unknown:ViewManagerPropertyUpdater: Could not find generated setter for class com.horcrux.svg.RenderableViewManager$FeMergeManager
03-14 22:20:30.154  3361  3648 W unknown:ViewManagerPropertyUpdater: Could not find generated setter for class com.facebook.react.views.safeareaview.ReactSafeAreaViewManager
03-14 22:20:30.162  3361  3648 W unknown:ViewManagerPropertyUpdater: Could not find generated setter for class com.horcrux.svg.RenderableViewManager$LinearGradientManager
03-14 22:20:30.175  3361  3648 W unknown:ViewManagerPropertyUpdater: Could not find generated setter for class com.horcrux.svg.RenderableViewManager$FeGaussianBlurManager
03-14 22:20:30.188  3361  3648 W unknown:ViewManagerPropertyUpdater: Could not find generated setter for class com.facebook.react.views.progressbar.ReactProgressBarViewManager
03-14 22:20:30.189  3361  3648 W unknown:ViewManagerPropertyUpdater: Could not find generated setter for class com.facebook.react.views.progressbar.ProgressBarShadowNode
03-14 22:20:30.207  3361  3648 W unknown:ViewManagerPropertyUpdater: Could not find generated setter for class com.facebook.react.views.scroll.ReactHorizontalScrollViewManager
03-14 22:20:30.229  3361  3648 W unknown:ViewManagerPropertyUpdater: Could not find generated setter for class com.facebook.react.views.text.ReactTextViewManager
03-14 22:20:30.231  3361  3648 W unknown:ViewManagerPropertyUpdater: Could not find generated setter for class com.facebook.react.views.text.ReactTextShadowNode
03-14 22:20:30.242  3361  3648 W unknown:ViewManagerPropertyUpdater: Could not find generated setter for class com.horcrux.svg.RenderableViewManager$FeColorMatrixManager
03-14 22:20:30.264  3361  3648 W unknown:ViewManagerPropertyUpdater: Could not find generated setter for class com.facebook.react.views.scroll.ReactHorizontalScrollContainerViewManager
03-14 22:20:30.276  3361  3648 W unknown:ViewManagerPropertyUpdater: Could not find generated setter for class com.horcrux.svg.RenderableViewManager$ClipPathViewManager
03-14 22:20:30.293  3361  3648 W unknown:ViewManagerPropertyUpdater: Could not find generated setter for class com.horcrux.svg.RenderableViewManager$SymbolManager
03-14 22:20:30.307  3361  3648 W unknown:ViewManagerPropertyUpdater: Could not find generated setter for class com.horcrux.svg.RenderableViewManager$PatternManager
03-14 22:20:30.319  3361  3648 W unknown:ViewManagerPropertyUpdater: Could not find generated setter for class com.horcrux.svg.RenderableViewManager$FeBlendManager
03-14 22:20:30.331  3361  3648 W unknown:ViewManagerPropertyUpdater: Could not find generated setter for class com.facebook.react.views.view.ReactViewManager
03-14 22:20:30.343  3361  3648 W unknown:ViewManagerPropertyUpdater: Could not find generated setter for class com.horcrux.svg.SvgViewManager
03-14 22:20:30.359  3361  3648 W unknown:ViewManagerPropertyUpdater: Could not find generated setter for class com.facebook.react.views.switchview.ReactSwitchManager
03-14 22:20:30.360  3361  3648 W unknown:ViewManagerPropertyUpdater: Could not find generated setter for class com.facebook.react.views.switchview.ReactSwitchShadowNode
03-14 22:20:30.368  3361  3648 W unknown:ViewManagerPropertyUpdater: Could not find generated setter for class com.horcrux.svg.RenderableViewManager$UseViewManager
03-14 22:20:30.413  3361  3648 W unknown:ViewManagerPropertyUpdater: Could not find generated setter for class com.horcrux.svg.RenderableViewManager$CircleViewManager
03-14 22:20:30.460  3361  3648 W unknown:ViewManagerPropertyUpdater: Could not find generated setter for class com.horcrux.svg.RenderableViewManager$TSpanViewManager
03-14 22:20:30.481  3361  3648 W unknown:ViewManagerPropertyUpdater: Could not find generated setter for class com.horcrux.svg.RenderableViewManager$FilterManager
03-14 22:20:30.492  3361  3648 W unknown:ViewManagerPropertyUpdater: Could not find generated setter for class com.horcrux.svg.RenderableViewManager$MarkerManager
03-14 22:20:30.521  3361  3648 W unknown:ViewManagerPropertyUpdater: Could not find generated setter for class com.swmansion.gesturehandler.react.RNGestureHandlerButtonViewManager
03-14 22:20:30.555  3361  3648 W unknown:ViewManagerPropertyUpdater: Could not find generated setter for class com.facebook.react.views.modal.ReactModalHostManager
03-14 22:20:30.584  3361  3648 W unknown:ViewManagerPropertyUpdater: Could not find generated setter for class com.horcrux.svg.RenderableViewManager$ForeignObjectManager
03-14 22:20:30.624  3361  3648 W unknown:ViewManagerPropertyUpdater: Could not find generated setter for class com.horcrux.svg.RenderableViewManager$EllipseViewManager
03-14 22:20:30.673  3361  3648 W unknown:ViewManagerPropertyUpdater: Could not find generated setter for class com.horcrux.svg.RenderableViewManager$LineViewManager
03-14 22:20:30.732  3361  3648 W unknown:ViewManagerPropertyUpdater: Could not find generated setter for class com.facebook.react.views.text.frescosupport.FrescoBasedReactTextInlineImageViewManager
03-14 22:20:30.732  3361  3648 W unknown:ViewManagerPropertyUpdater: Could not find generated setter for class com.facebook.react.views.text.frescosupport.FrescoBasedReactTextInlineImageShadowNode
03-14 22:20:30.755  3361  3648 W unknown:ViewManagerPropertyUpdater: Could not find generated setter for class com.horcrux.svg.RenderableViewManager$FeFloodManager
03-14 22:20:30.806  3361  3648 W unknown:ViewManagerPropertyUpdater: Could not find generated setter for class com.horcrux.svg.RenderableViewManager$GroupViewManager
03-14 22:20:30.833  3361  3648 W unknown:ViewManagerPropertyUpdater: Could not find generated setter for class com.horcrux.svg.RenderableViewManager$TextViewManager
03-14 22:20:30.849  3361  3647 D TrafficStats: tagSocket(132) with statsTag=0xffffffff, statsUid=-1
03-14 22:20:30.857  3361  3650 D TrafficStats: tagSocket(136) with statsTag=0xffffffff, statsUid=-1
03-14 22:20:30.860  3361  3648 W unknown:ViewManagerPropertyUpdater: Could not find generated setter for class com.horcrux.svg.RenderableViewManager$ImageViewManager
03-14 22:20:30.876  3361  3648 W unknown:ViewManagerPropertyUpdater: Could not find generated setter for class com.horcrux.svg.RenderableViewManager$FeCompositeManager
03-14 22:20:30.897  3361  3648 W unknown:ViewManagerPropertyUpdater: Could not find generated setter for class com.facebook.react.views.image.ReactImageManager
03-14 22:20:30.913  3361  3648 W unknown:ViewManagerPropertyUpdater: Could not find generated setter for class com.horcrux.svg.RenderableViewManager$RadialGradientManager
03-14 22:20:30.935  3361  3648 W unknown:ViewManagerPropertyUpdater: Could not find generated setter for class com.horcrux.svg.RenderableViewManager$MaskManager
03-14 22:20:30.958  3361  3648 W unknown:ViewManagerPropertyUpdater: Could not find generated setter for class com.facebook.react.views.unimplementedview.ReactUnimplementedViewManager
03-14 22:20:30.979  3361  3648 W unknown:ViewManagerPropertyUpdater: Could not find generated setter for class com.horcrux.svg.RenderableViewManager$RectViewManager
03-14 22:20:31.006  3361  3648 W unknown:ViewManagerPropertyUpdater: Could not find generated setter for class com.horcrux.svg.RenderableViewManager$TextPathViewManager
03-14 22:20:31.026  3361  3648 W unknown:ViewManagerPropertyUpdater: Could not find generated setter for class com.facebook.react.views.scroll.ReactScrollViewManager
03-14 22:20:31.039  3361  3648 W unknown:ViewManagerPropertyUpdater: Could not find generated setter for class com.horcrux.svg.RenderableViewManager$FeOffsetManager
03-14 22:20:31.050  3361  3648 W unknown:ViewManagerPropertyUpdater: Could not find generated setter for class com.horcrux.svg.RenderableViewManager$PathViewManager
03-14 22:20:31.082  3361  3648 W unknown:ViewManagerPropertyUpdater: Could not find generated setter for class com.facebook.react.views.drawer.ReactDrawerLayoutManager
03-14 22:20:31.109  3361  3648 W unknown:ViewManagerPropertyUpdater: Could not find generated setter for class com.facebook.react.views.swiperefresh.SwipeRefreshLayoutManager
03-14 22:20:31.143  3361  3648 W unknown:ViewManagerPropertyUpdater: Could not find generated setter for class com.facebook.react.views.textinput.ReactTextInputManager
03-14 22:20:31.145  3361  3648 W unknown:ViewManagerPropertyUpdater: Could not find generated setter for class com.facebook.react.views.textinput.ReactTextInputShadowNode
03-14 22:20:31.174  3361  3648 W unknown:ViewManagerPropertyUpdater: Could not find generated setter for class com.swmansion.gesturehandler.react.RNGestureHandlerRootViewManager
03-14 22:20:31.235  3361  3651 D TrafficStats: tagSocket(132) with statsTag=0xffffffff, statsUid=-1
03-14 22:20:31.269  3361  3648 W BridgelessReactContext: [WARNING] Bridgeless doesn't support CatalystInstance. Accessing an API that's not part of the new architecture is not encouraged usage.
03-14 22:20:31.295  3361  3648 I ExpoModulesCore: ✅ JSI interop was installed
03-14 22:20:31.307  3361  3648 I ExpoModulesCore: ✅ Constants were exported
03-14 22:20:31.356  3361  3648 D nativeloader: Load /data/app/~~6XK6r8rcT6Xy3dmd6zCA2g==/com.mcfuzzysquirrel.studentfinance-e6TL2QNayJvaVmbb23ERbw==/base.apk!/lib/x86_64/librnscreens.so using ns clns-7 from class loader (caller=/data/app/~~6XK6r8rcT6Xy3dmd6zCA2g==/com.mcfuzzysquirrel.studentfinance-e6TL2QNayJvaVmbb23ERbw==/base.apk!classes16.dex): ok
03-14 22:20:31.722  3361  3868 D ProfileInstaller: Installing profile for com.mcfuzzysquirrel.studentfinance
03-14 22:20:31.852  3361  3648 D Detox.RNMarker: RUN_JS_BUNDLE_END (index.android.bundle)
03-14 22:20:31.853  3361  3648 I ReactNativeJS: Running "main"
03-14 22:20:31.866  3361  3648 D Detox.RNMarker: REACT_BRIDGELESS_LOADING_END (null)
03-14 22:20:31.892  3361  3361 I ReactNative: [GESTURE HANDLER] Initialize gesture handler for root view com.facebook.react.runtime.ReactSurfaceView{547a018 V.E...... ......ID 0,0-1080,2400 #1}
03-14 22:20:31.899  3361  3361 D Detox.RNMarker: CONTENT_APPEARED (main)
03-14 22:20:31.906  3361  3648 D nativeloader: Load /data/app/~~6XK6r8rcT6Xy3dmd6zCA2g==/com.mcfuzzysquirrel.studentfinance-e6TL2QNayJvaVmbb23ERbw==/base.apk!/lib/x86_64/libgesturehandler.so using ns clns-7 from class loader (caller=/data/app/~~6XK6r8rcT6Xy3dmd6zCA2g==/com.mcfuzzysquirrel.studentfinance-e6TL2QNayJvaVmbb23ERbw==/base.apk): ok
03-14 22:20:31.906  3361  3648 D jni_lib_merge: Entering merged library JNI_OnLoad.
03-14 22:20:31.906  3361  3648 D jni_lib_merge: Preparing 12 pre-merged libs (including stub)
03-14 22:20:31.906  3361  3648 D jni_lib_merge: Preparing to register libfabricjni_so.  onload_func: 0x7f2caa2e4730
03-14 22:20:31.906  3361  3648 D jni_lib_merge: Preparing to register libreact_devsupportjni_so.  onload_func: 0x7f2caa4e1190
03-14 22:20:31.906  3361  3648 D jni_lib_merge: Preparing to register libreact_featureflagsjni_so.  onload_func: 0x7f2caa4f2910
03-14 22:20:31.906  3361  3648 D jni_lib_merge: Preparing to register libreact_newarchdefaults_so.  onload_func: 0x7f2caa593d20
03-14 22:20:31.906  3361  3648 D jni_lib_merge: Preparing to register libreactnativeblob_so.  onload_func: 0x7f2caa79e2e0
03-14 22:20:31.906  3361  3648 D jni_lib_merge: Preparing to register libreactnativejni_so.  onload_func: 0x7f2caa7de770
03-14 22:20:31.906  3361  3648 D jni_lib_merge: Preparing to register libreactnativejni_common_so.  onload_func: 0x7f2caa7ee5d0
03-14 22:20:31.906  3361  3648 D jni_lib_merge: Preparing to register librninstance_so.  onload_func: 0x7f2caa82b4c0
03-14 22:20:31.906  3361  3648 D jni_lib_merge: Preparing to register libturbomodulejsijni_so.  onload_func: 0x7f2caa98cc00
03-14 22:20:31.906  3361  3648 D jni_lib_merge: Preparing to register libuimanagerjni_so.  onload_func: 0x7f2caa9a4de0
03-14 22:20:31.906  3361  3648 D jni_lib_merge: Preparing to register libyoga_so.  onload_func: 0x7f2caa9b3d70
03-14 22:20:31.906  3361  3648 D jni_lib_merge: About to register 11 actual methods.
03-14 22:20:32.405  3361  3648 D nativeloader: Load /data/app/~~6XK6r8rcT6Xy3dmd6zCA2g==/com.mcfuzzysquirrel.studentfinance-e6TL2QNayJvaVmbb23ERbw==/base.apk!/lib/x86_64/libexpo-sqlite.so using ns clns-7 from class loader (caller=/data/app/~~6XK6r8rcT6Xy3dmd6zCA2g==/com.mcfuzzysquirrel.studentfinance-e6TL2QNayJvaVmbb23ERbw==/base.apk!classes20.dex): ok
03-14 22:20:32.769  3361  3648 E ReactNativeJS: { [Error: Element type is invalid: expected a string (for built-in components) or a class/function (for composite components) but got: object.]
03-14 22:20:32.769  3361  3648 E ReactNativeJS:   componentStack: '\n    at StaticContainer (address at index.android.bundle:1:927929)\n    at EnsureSingleNavigator (address at index.android.bundle:1:873788)\n    at SceneView (address at index.android.bundle:1:925953)\n    at NavigationProvider (address at index.android.bundle:1:904371)\n    at RCTView (<anonymous>)\n    at View (address at index.android.bundle:1:148692)\n    at RCTView (<anonymous>)\n    at View (address at index.android.bundle:1:148692)\n    at Animated(View) (address at index.android.bundle:1:567439)\n    at Background (address at index.android.bundle:1:968374)\n    at Screen (address at index.android.bundle:1:1010205)\n    at RNSScreen (<anonymous>)\n    at Animated(Anonymous) (address at index.android.bundle:1:567439)\n    at Suspender (address at index.android.bundle:1:1026365)\n    at Suspense (<anonymous>)\n    at Freeze (address at index.android.bundle:1:1026425)\n    at DelayedFreeze (address at index.android.bundle:1:1026007)\n    at InnerScreen (address at index.android.bundle:1:1023395)\n    at anonymous (address at index.android.bundle:1:1025439)\n    at MaybeScreen (address at index.android.bundle:1:1020046)\n    at RNSScreenContainer (<anonymous>)\n    at ScreenContainer (address at index.android.bundle:1:1036269)\n    at MaybeScreenContainer (address at index.android.bundle:1:1020209)\n    at RCTView (<anonymous>)\n    at View (address at index.android.bundle:1:148692)\n    at FrameSizeProvider (address at index.android.bundle:1:998002)\n    at SafeAreaProviderCompat (address at index.android.bundle:1:1009413)\n    at BottomTabView (address at index.android.bundle:1:962842)\n    at PreventRemoveProvider (address at index.android.bundle:1:906668)\n    at NavigationStateListenerProvider (address at index.android.bundle:1:933250)\n    at NavigationContent (address at index.android.bundle:1:923171)\n    at anonymous (address at index.android.bundle:1:923074)\n    at BottomTabNavigator (address at index.android.bundle:1:961923)\n    at TabNavigator (<anonymous>)\n    at StaticContainer (address at index.android.bundle:1:927929)\n    at EnsureSingleNavigator (address at index.android.bundle:1:873788)\n    at SceneView (address at index.android.bundle:1:925953)\n    at NavigationProvider (address at index.android.bundle:1:904371)\n    at RNSScreenContentWrapper (<anonymous>)\n    at ScreenContentWrapper (<anonymous>)\n    at DebugContainer (address at index.android.bundle:1:1040184)\n    at RNSScreen (<anonymous>)\n    at Animated(Anonymous) (address at index.android.bundle:1:567439)\n    at Suspender (address at index.android.bundle:1:1026365)\n    at Suspense (<anonymous>)\n    at Freeze (address at index.android.bundle:1:1026425)\n    at DelayedFreeze (address at index.android.bundle:1:1026007)\n    at InnerScreen (address at index.android.bundle:1:1023395)\n    at anonymous (address at index.android.bundle:1:1025439)\n    at ScreenStackItem (address at index.android.bundle:1:1038934)\n    at NavigationProvider (address at index.android.bundle:1:904371)\n    at SceneView (address at index.android.bundle:1:1052468)\n    at RNSScreenStack (<anonymous>)\n    at anonymous (address at index.android.bundle:1:1038026)\n    at ScreenStack (address at index.android.bundle:1:1037187)\n    at RCTView (<anonymous>)\n    at View (address at index.android.bundle:1:148692)\n    at FrameSizeProvider (address at index.android.bundle:1:998002)\n    at SafeAreaProviderCompat (address at index.android.bundle:1:1009413)\n    at NativeStackView (address at index.android.bundle:1:1051030)\n    at PreventRemoveProvider (address at index.android.bundle:1:906668)\n    at NavigationStateListenerProvider (address at index.android.bundle:1:933250)\n    at NavigationContent (address at index.android.bundle:1:923171)\n    at anonymous (address at index.android.bundle:1:923074)\n    at NativeStackNavigator (address at index.android.bundle:1:1049756)\n    at RootNavigator (<anonymous>)\n    at ThemeProvider (address at index.android.bundle:1:8759
03-14 22:20:32.769  3361  3648 E ReactNativeJS:   isComponentError: true }
03-14 22:20:32.776  3361  3361 I ReactNative: [GESTURE HANDLER] Tearing down gesture handler registered for root view com.facebook.react.runtime.ReactSurfaceView{547a018 V.E...... ......ID 0,0-1080,2400 #1}
03-14 22:20:32.867  3361  3650 D TrafficStats: tagSocket(143) with statsTag=0xffffffff, statsUid=-1
03-14 22:20:32.868  3361  3647 D TrafficStats: tagSocket(146) with statsTag=0xffffffff, statsUid=-1
03-14 22:20:32.984  3361  3649 W unknown:BridgelessReact: ReactHost{0}.handleHostException(message = "Error: Element type is invalid: expected a string (for built-in components) or a class/function (for composite components) but got: object.
03-14 22:20:32.984  3361  3649 W unknown:BridgelessReact: 
03-14 22:20:32.984  3361  3649 W unknown:BridgelessReact: This error is located at:
03-14 22:20:32.984  3361  3649 W unknown:BridgelessReact:     at StaticContainer (address at index.android.bundle:1:927929)
03-14 22:20:32.984  3361  3649 W unknown:BridgelessReact:     at EnsureSingleNavigator (address at index.android.bundle:1:873788)
03-14 22:20:32.984  3361  3649 W unknown:BridgelessReact:     at SceneView (address at index.android.bundle:1:925953)
03-14 22:20:32.984  3361  3649 W unknown:BridgelessReact:     at NavigationProvider (address at index.android.bundle:1:904371)
03-14 22:20:32.984  3361  3649 W unknown:BridgelessReact:     at RCTView (<anonymous>)
03-14 22:20:32.984  3361  3649 W unknown:BridgelessReact:     at View (address at index.android.bundle:1:148692)
03-14 22:20:32.984  3361  3649 W unknown:BridgelessReact:     at RCTView (<anonymous>)
03-14 22:20:32.984  3361  3649 W unknown:BridgelessReact:     at View (address at index.android.bundle:1:148692)
03-14 22:20:32.984  3361  3649 W unknown:BridgelessReact:     at Animated(View) (address at index.android.bundle:1:567439)
03-14 22:20:32.984  3361  3649 W unknown:BridgelessReact:     at Background (address at index.android.bundle:1:968374)
03-14 22:20:32.984  3361  3649 W unknown:BridgelessReact:     at Screen (address at index.android.bundle:1:1010205)
03-14 22:20:32.984  3361  3649 W unknown:BridgelessReact:     at RNSScreen (<anonymous>)
03-14 22:20:32.984  3361  3649 W unknown:BridgelessReact:     at Animated(Anonymous) (address at index.android.bundle:1:567439)
03-14 22:20:32.984  3361  3649 W unknown:BridgelessReact:     at Suspender (address at index.android.bundle:1:1026365)
03-14 22:20:32.984  3361  3649 W unknown:BridgelessReact:     at Suspense (<anonymous>)
03-14 22:20:32.984  3361  3649 W unknown:BridgelessReact:     at Freeze (address at index.android.bundle:1:1026425)
03-14 22:20:32.984  3361  3649 W unknown:BridgelessReact:     at DelayedFreeze (address at index.android.bundle:1:1026007)
03-14 22:20:32.984  3361  3649 W unknown:BridgelessReact:     at InnerScreen (address at index.android.bundle:1:1023395)
03-14 22:20:32.984  3361  3649 W unknown:BridgelessReact:     at anonymous (address at index.android.bundle:1:1025439)
03-14 22:20:32.984  3361  3649 W unknown:BridgelessReact:     at MaybeScreen (address at index.android.bundle:1:1020046)
03-14 22:20:32.984  3361  3649 W unknown:BridgelessReact:     at RNSScreenContainer (<anonymous>)
03-14 22:20:32.984  3361  3649 W unknown:BridgelessReact:     at ScreenContainer (address at index.android.bundle:1:1036269)
03-14 22:20:32.984  3361  3649 W unknown:BridgelessReact:     at MaybeScreenContainer (address at index.android.bundle:1:1020209)
03-14 22:20:32.984  3361  3649 W unknown:BridgelessReact:     at RCTView (<anonymous>)
03-14 22:20:32.984  3361  3649 W unknown:BridgelessReact:     at View (address at index.android.bundle:1:148692)
03-14 22:20:32.984  3361  3649 W unknown:BridgelessReact:     at FrameSizeProvider (address at index.android.bundle:1:998002)
03-14 22:20:32.984  3361  3649 W unknown:BridgelessReact:     at SafeAreaProviderCompat (address at index.android.bundle:1:1009413)
03-14 22:20:32.984  3361  3649 W unknown:BridgelessReact:     at BottomTabView (address at index.android.bundle:1:962842)
03-14 22:20:32.984  3361  3649 W unknown:BridgelessReact:     at PreventRemoveProvider (address at index.android.bundle:1:906668)
03-14 22:20:32.984  3361  3649 W unknown:BridgelessReact:     at NavigationStateListenerProvider (address at index.android.bundle:1:933250)
03-14 22:20:32.984  3361  3649 W unknown:BridgelessReact:     at NavigationContent (address at index.android.bundle:1:923171)
03-14 22:20:32.984  3361  3649 W unknown:BridgelessReact:     at anonymous (address at index.android.bundle:1:923074)
03-14 22:20:32.984  3361  3649 W unknown:BridgelessReact:     at BottomTabNavigator (address at index.android.bundle:1:961923)
03-14 22:20:32.984  3361  3649 W unknown:BridgelessReact:     at TabNavigator (<anonymous>)
03-14 22:20:32.984  3361  3649 W unknown:BridgelessReact:     at StaticContainer (address at index.android.bundle:1:927929)
03-14 22:20:32.984  3361  3649 W unknown:BridgelessReact:     at EnsureSingleNavigator (address at index.android.bundle:1:873788)
03-14 22:20:32.984  3361  3649 W unknown:BridgelessReact:     at SceneView (address at index.android.bundle:1:925953)
03-14 22:20:32.984  3361  3649 W unknown:BridgelessReact:     at NavigationProvider (address at index.android.bundle:1:904371)
03-14 22:20:32.984  3361  3649 W unknown:BridgelessReact:     at RNSScreenContentWrapper (<anonymous>)
03-14 22:20:32.984  3361  3649 W unknown:BridgelessReact:     at ScreenContentWrapper (<anonymous>)
03-14 22:20:32.984  3361  3649 W unknown:BridgelessReact:     at DebugContainer (address at index.android.bundle:1:1040184)
03-14 22:20:32.984  3361  3649 W unknown:BridgelessReact:     at RNSScreen (<anonymous>)
03-14 22:20:32.984  3361  3649 W unknown:BridgelessReact:     at Animated(Anonymous) (address at index.android.bundle:1:567439)
03-14 22:20:32.984  3361  3649 W unknown:BridgelessReact:     at Suspender (address at index.android.bundle:1:1026365)
03-14 22:20:32.984  3361  3649 W unknown:BridgelessReact:     at Suspense (<anonymous>)
03-14 22:20:32.984  3361  3649 W unknown:BridgelessReact:     at Freeze (address at index.android.bundle:1:1026425)
03-14 22:20:32.984  3361  3649 W unknown:BridgelessReact:     at DelayedFreeze (address at index.android.bundle:1:1026007)
03-14 22:20:32.984  3361  3649 W unknown:BridgelessReact:     at InnerScreen (address at index.android.bundle:1:1023395)
03-14 22:20:32.984  3361  3649 W unknown:BridgelessReact:     at anonymous (address at index.android.bundle:1:1025439)
03-14 22:20:32.984  3361  3649 W unknown:BridgelessReact:     at ScreenStackItem (address at index.android.bundle:1:1038934)
03-14 22:20:32.984  3361  3649 W unknown:BridgelessReact:     at NavigationProvider (address at index.android.bundle:1:904371)
03-14 22:20:32.984  3361  3649 W unknown:BridgelessReact:     at SceneView (address at index.android.bundle:1:1052468)
03-14 22:20:32.984  3361  3649 W unknown:BridgelessReact:     at RNSScreenStack (<anonymous>)
03-14 22:20:32.984  3361  3649 W unknown:BridgelessReact:     at anonymous (address at index.android.bundle:1:1038026)
03-14 22:20:32.984  3361  3649 W unknown:BridgelessReact:     at ScreenStack (address at index.android.bundle:1:1037187)
03-14 22:20:32.984  3361  3649 W unknown:BridgelessReact:     at RCTView (<anonymous>)
03-14 22:20:32.984  3361  3649 W unknown:BridgelessReact:     at View (address at index.android.bundle:1:148692)
03-14 22:20:32.984  3361  3649 W unknown:BridgelessReact:     at FrameSizeProvider (address at index.android.bundle:1:998002)
03-14 22:20:32.984  3361  3649 W unknown:BridgelessReact:     at SafeAreaProviderCompat (address at index.android.bundle:1:1009413)
03-14 22:20:32.984  3361  3649 W unknown:BridgelessReact:     at NativeStackView (address at index.android.bundle:1:1051030)
03-14 22:20:32.984  3361  3649 W unknown:BridgelessReact:     at PreventRemoveProvider (address at index.android.bundle:1:906668)
03-14 22:20:32.984  3361  3649 W unknown:BridgelessReact:     at NavigationStateListenerProvider (address at index.android.bundle:1:933250)
03-14 22:20:32.984  3361  3649 W unknown:BridgelessReact:     at NavigationContent (address at index.android.bundle:1:923171)
03-14 22:20:32.984  3361  3649 W unknown:BridgelessReact:     at anonymous (address at index.android.bundle:1:923074)
03-14 22:20:32.990  3361  3649 W unknown:BridgelessReact:     at NativeStackNavigator (address at index.android.bundle:1:1049756)
03-14 22:20:32.990  3361  3649 W unknown:BridgelessReact:     at RootNavigator (<anonymous>)
03-14 22:20:32.990  3361  3649 W unknown:BridgelessReact:     at ThemeProvider (address at index.android.bundle:1:875944)
03-14 22:20:32.990  3361  3649 W unknown:BridgelessReact:     at EnsureSingleNavigator (address at index.android.bundle:1:873788)
03-14 22:20:32.990  3361  3649 W unknown:BridgelessReact:     at BaseNavigationContainer (address at index.android.bundle:1:852528)
03-14 22:20:32.990  3361  3649 W unknown:BridgelessReact:     at NavigationContainerInner (address at index.android.bundle:1:941094)
03-14 22:20:32.990  3361  3649 W unknown:BridgelessReact:     at DatabaseProvider (address at index.android.bundle:1:1073278)
03-14 22:20:32.990  3361  3649 W unknown:BridgelessReact:     at RNCSafeAreaProvider (<anonymous>)
03-14 22:20:32.990  3361  3649 W unknown:BridgelessReact:     at SafeAreaProvider (address at index.android.bundle:1:955840)
03-14 22:20:32.990  3361  3649 W unknown:BridgelessReact:     at RNGestureHandlerRootView (<anonymous>)
03-14 22:20:32.990  3361  3649 W unknown:BridgelessReact:     at GestureHandlerRootView (address at index.android.bundle:1:726780)
03-14 22:20:32.990  3361  3649 W unknown:BridgelessReact:     at App (<anonymous>)
03-14 22:20:32.990  3361  3649 W unknown:BridgelessReact:     at RCTView (<anonymous>)
03-14 22:20:32.990  3361  3649 W unknown:BridgelessReact:     at View (address at index.android.bundle:1:148692)
03-14 22:20:32.990  3361  3649 W unknown:BridgelessReact:     at AppContainer (address at index.android.bundle:1:395561), stack:
03-14 22:20:32.990  3361  3649 W unknown:BridgelessReact: createFiberFromTypeAndProps@1:288631
03-14 22:20:32.990  3361  3649 W unknown:BridgelessReact: reconcileChildFibersImpl@1:238360
03-14 22:20:32.990  3361  3649 W unknown:BridgelessReact: anonymous@1:238528
03-14 22:20:32.990  3361  3649 W unknown:BridgelessReact: reconcileChildren@1:253641
03-14 22:20:32.990  3361  3649 W unknown:BridgelessReact: updateFunctionComponent@1:255605
03-14 22:20:32.990  3361  3649 W unknown:BridgelessReact: beginWork@1:263506
03-14 22:20:32.990  3361  3649 W unknown:BridgelessReact: performUnitOfWork@1:283404
03-14 22:20:32.990  3361  3649 W unknown:BridgelessReact: workLoopSync@1:282412
03-14 22:20:32.990  3361  3649 W unknown:BridgelessReact: renderRootSync@1:282244
03-14 22:20:32.990  3361  3649 W unknown:BridgelessReact: performWorkOnRoot@1:279819
03-14 22:20:32.990  3361  3649 W unknown:BridgelessReact: performWorkOnRootViaSchedulerTask@1:231313
03-14 22:20:32.990  3361  3649 W unknown:BridgelessReact: ")
03-14 22:20:33.000  3361  3649 E unknown:ReactNative: Exception in native call from JS
03-14 22:20:33.000  3361  3649 E unknown:ReactNative: com.facebook.react.common.JavascriptException: Error: Element type is invalid: expected a string (for built-in components) or a class/function (for composite components) but got: object.
03-14 22:20:33.000  3361  3649 E unknown:ReactNative: 
03-14 22:20:33.000  3361  3649 E unknown:ReactNative: This error is located at:
03-14 22:20:33.000  3361  3649 E unknown:ReactNative:     at StaticContainer (address at index.android.bundle:1:927929)
03-14 22:20:33.000  3361  3649 E unknown:ReactNative:     at EnsureSingleNavigator (address at index.android.bundle:1:873788)
03-14 22:20:33.000  3361  3649 E unknown:ReactNative:     at SceneView (address at index.android.bundle:1:925953)
03-14 22:20:33.000  3361  3649 E unknown:ReactNative:     at NavigationProvider (address at index.android.bundle:1:904371)
03-14 22:20:33.000  3361  3649 E unknown:ReactNative:     at RCTView (<anonymous>)
03-14 22:20:33.000  3361  3649 E unknown:ReactNative:     at View (address at index.android.bundle:1:148692)
03-14 22:20:33.000  3361  3649 E unknown:ReactNative:     at RCTView (<anonymous>)
03-14 22:20:33.000  3361  3649 E unknown:ReactNative:     at View (address at index.android.bundle:1:148692)
03-14 22:20:33.000  3361  3649 E unknown:ReactNative:     at Animated(View) (address at index.android.bundle:1:567439)
03-14 22:20:33.000  3361  3649 E unknown:ReactNative:     at Background (address at index.android.bundle:1:968374)
03-14 22:20:33.000  3361  3649 E unknown:ReactNative:     at Screen (address at index.android.bundle:1:1010205)
03-14 22:20:33.000  3361  3649 E unknown:ReactNative:     at RNSScreen (<anonymous>)
03-14 22:20:33.000  3361  3649 E unknown:ReactNative:     at Animated(Anonymous) (address at index.android.bundle:1:567439)
03-14 22:20:33.000  3361  3649 E unknown:ReactNative:     at Suspender (address at index.android.bundle:1:1026365)
03-14 22:20:33.000  3361  3649 E unknown:ReactNative:     at Suspense (<anonymous>)
03-14 22:20:33.000  3361  3649 E unknown:ReactNative:     at Freeze (address at index.android.bundle:1:1026425)
03-14 22:20:33.000  3361  3649 E unknown:ReactNative:     at DelayedFreeze (address at index.android.bundle:1:1026007)
03-14 22:20:33.000  3361  3649 E unknown:ReactNative:     at InnerScreen (address at index.android.bundle:1:1023395)
03-14 22:20:33.000  3361  3649 E unknown:ReactNative:     at anonymous (address at index.android.bundle:1:1025439)
03-14 22:20:33.000  3361  3649 E unknown:ReactNative:     at MaybeScreen (address at index.android.bundle:1:1020046)
03-14 22:20:33.000  3361  3649 E unknown:ReactNative:     at RNSScreenContainer (<anonymous>)
03-14 22:20:33.000  3361  3649 E unknown:ReactNative:     at ScreenContainer (address at index.android.bundle:1:1036269)
03-14 22:20:33.000  3361  3649 E unknown:ReactNative:     at MaybeScreenContainer (address at index.android.bundle:1:1020209)
03-14 22:20:33.000  3361  3649 E unknown:ReactNative:     at RCTView (<anonymous>)
03-14 22:20:33.000  3361  3649 E unknown:ReactNative:     at View (address at index.android.bundle:1:148692)
03-14 22:20:33.000  3361  3649 E unknown:ReactNative:     at FrameSizeProvider (address at index.android.bundle:1:998002)
03-14 22:20:33.000  3361  3649 E unknown:ReactNative:     at SafeAreaProviderCompat (address at index.android.bundle:1:1009413)
03-14 22:20:33.000  3361  3649 E unknown:ReactNative:     at BottomTabView (address at index.android.bundle:1:962842)
03-14 22:20:33.000  3361  3649 E unknown:ReactNative:     at PreventRemoveProvider (address at index.android.bundle:1:906668)
03-14 22:20:33.000  3361  3649 E unknown:ReactNative:     at NavigationStateListenerProvider (address at index.android.bundle:1:933250)
03-14 22:20:33.000  3361  3649 E unknown:ReactNative:     at NavigationContent (address at index.android.bundle:1:923171)
03-14 22:20:33.000  3361  3649 E unknown:ReactNative:     at anonymous (address at index.android.bundle:1:923074)
03-14 22:20:33.000  3361  3649 E unknown:ReactNative:     at BottomTabNavigator (address at index.android.bundle:1:961923)
03-14 22:20:33.000  3361  3649 E unknown:ReactNative:     at TabNavigator (<anonymous>)
03-14 22:20:33.000  3361  3649 E unknown:ReactNative:     at StaticContainer (address at index.android.bundle:1:927929)
03-14 22:20:33.000  3361  3649 E unknown:ReactNative:     at EnsureSingleNavigator (address at index.android.bundle:1:873788)
03-14 22:20:33.000  3361  3649 E unknown:ReactNative:     at SceneView (address at index.android.bundle:1:925953)
03-14 22:20:33.000  3361  3649 E unknown:ReactNative:     at NavigationProvider (address at index.android.bundle:1:904371)
03-14 22:20:33.000  3361  3649 E unknown:ReactNative:     at RNSScreenContentWrapper (<anonymous>)
03-14 22:20:33.000  3361  3649 E unknown:ReactNative:     at ScreenContentWrapper (<anonymous>)
03-14 22:20:33.000  3361  3649 E unknown:ReactNative:     at DebugContainer (address at index.android.bundle:1:1040184)
03-14 22:20:33.000  3361  3649 E unknown:ReactNative:     at RNSScreen (<anonymous>)
03-14 22:20:33.000  3361  3649 E unknown:ReactNative:     at Animated(Anonymous) (address at index.android.bundle:1:567439)
03-14 22:20:33.000  3361  3649 E unknown:ReactNative:     at Suspender (address at index.android.bundle:1:1026365)
03-14 22:20:33.000  3361  3649 E unknown:ReactNative:     at Suspense (<anonymous>)
03-14 22:20:33.000  3361  3649 E unknown:ReactNative:     at Freeze (address at index.android.bundle:1:1026425)
03-14 22:20:33.000  3361  3649 E unknown:ReactNative:     at DelayedFreeze (address at index.android.bundle:1:1026007)
03-14 22:20:33.000  3361  3649 E unknown:ReactNative:     at InnerScreen (address at index.android.bundle:1:1023395)
03-14 22:20:33.000  3361  3649 E unknown:ReactNative:     at anonymous (address at index.android.bundle:1:1025439)
03-14 22:20:33.000  3361  3649 E unknown:ReactNative:     at ScreenStackItem (address at index.android.bundle:1:1038934)
03-14 22:20:33.000  3361  3649 E unknown:ReactNative:     at NavigationProvider (address at index.android.bundle:1:904371)
03-14 22:20:33.000  3361  3649 E unknown:ReactNative:     at SceneView (address at index.android.bundle:1:1052468)
03-14 22:20:33.000  3361  3649 E unknown:ReactNative:     at RNSScreenStack (<anonymous>)
03-14 22:20:33.000  3361  3649 E unknown:ReactNative:     at anonymous (address at index.android.bundle:1:1038026)
03-14 22:20:33.000  3361  3649 E unknown:ReactNative:     at ScreenStack (address at index.android.bundle:1:1037187)
03-14 22:20:33.000  3361  3649 E unknown:ReactNative:     at RCTView (<anonymous>)
03-14 22:20:33.000  3361  3649 E unknown:ReactNative:     at View (address at index.android.bundle:1:148692)
03-14 22:20:33.000  3361  3649 E unknown:ReactNative:     at FrameSizeProvider (address at index.android.bundle:1:998002)
03-14 22:20:33.000  3361  3649 E unknown:ReactNative:     at SafeAreaProviderCompat (address at index.android.bundle:1:1009413)
03-14 22:20:33.000  3361  3649 E unknown:ReactNative:     at NativeStackView (address at index.android.bundle:1:1051030)
03-14 22:20:33.000  3361  3649 E unknown:ReactNative:     at PreventRemoveProvider (address at index.android.bundle:1:906668)
03-14 22:20:33.000  3361  3649 E unknown:ReactNative:     at NavigationStateListenerProvider (address at index.android.bundle:1:933250)
03-14 22:20:33.000  3361  3649 E unknown:ReactNative:     at NavigationContent (address at index.android.bundle:1:923171)
03-14 22:20:33.000  3361  3649 E unknown:ReactNative:     at anonymous (address at index.android.bundle:1:923074)
03-14 22:20:33.011  3361  3649 E unknown:ReactNative:     at NativeStackNavigator (address at index.android.bundle:1:1049756)
03-14 22:20:33.011  3361  3649 E unknown:ReactNative:     at RootNavigator (<anonymous>)
03-14 22:20:33.011  3361  3649 E unknown:ReactNative:     at ThemeProvider (address at index.android.bundle:1:875944)
03-14 22:20:33.011  3361  3649 E unknown:ReactNative:     at EnsureSingleNavigator (address at index.android.bundle:1:873788)
03-14 22:20:33.011  3361  3649 E unknown:ReactNative:     at BaseNavigationContainer (address at index.android.bundle:1:852528)
03-14 22:20:33.011  3361  3649 E unknown:ReactNative:     at NavigationContainerInner (address at index.android.bundle:1:941094)
03-14 22:20:33.011  3361  3649 E unknown:ReactNative:     at DatabaseProvider (address at index.android.bundle:1:1073278)
03-14 22:20:33.011  3361  3649 E unknown:ReactNative:     at RNCSafeAreaProvider (<anonymous>)
03-14 22:20:33.011  3361  3649 E unknown:ReactNative:     at SafeAreaProvider (address at index.android.bundle:1:955840)
03-14 22:20:33.011  3361  3649 E unknown:ReactNative:     at RNGestureHandlerRootView (<anonymous>)
03-14 22:20:33.011  3361  3649 E unknown:ReactNative:     at GestureHandlerRootView (address at index.android.bundle:1:726780)
03-14 22:20:33.011  3361  3649 E unknown:ReactNative:     at App (<anonymous>)
03-14 22:20:33.011  3361  3649 E unknown:ReactNative:     at RCTView (<anonymous>)
03-14 22:20:33.011  3361  3649 E unknown:ReactNative:     at View (address at index.android.bundle:1:148692)
03-14 22:20:33.011  3361  3649 E unknown:ReactNative:     at AppContainer (address at index.android.bundle:1:395561), stack:
03-14 22:20:33.011  3361  3649 E unknown:ReactNative: createFiberFromTypeAndProps@1:288631
03-14 22:20:33.011  3361  3649 E unknown:ReactNative: reconcileChildFibersImpl@1:238360
03-14 22:20:33.011  3361  3649 E unknown:ReactNative: anonymous@1:238528
03-14 22:20:33.011  3361  3649 E unknown:ReactNative: reconcileChildren@1:253641
03-14 22:20:33.011  3361  3649 E unknown:ReactNative: updateFunctionComponent@1:255605
03-14 22:20:33.011  3361  3649 E unknown:ReactNative: beginWork@1:263506
03-14 22:20:33.011  3361  3649 E unknown:ReactNative: performUnitOfWork@1:283404
03-14 22:20:33.011  3361  3649 E unknown:ReactNative: workLoopSync@1:282412
03-14 22:20:33.011  3361  3649 E unknown:ReactNative: renderRootSync@1:282244
03-14 22:20:33.011  3361  3649 E unknown:ReactNative: performWorkOnRoot@1:279819
03-14 22:20:33.011  3361  3649 E unknown:ReactNative: performWorkOnRootViaSchedulerTask@1:231313
03-14 22:20:33.011  3361  3649 E unknown:ReactNative: 
03-14 22:20:33.011  3361  3649 E unknown:ReactNative: 	at com.facebook.react.modules.core.ExceptionsManagerModule.reportException(ExceptionsManagerModule.kt:52)
03-14 22:20:33.011  3361  3649 E unknown:ReactNative: 	at com.facebook.jni.NativeRunnable.run(Native Method)
03-14 22:20:33.011  3361  3649 E unknown:ReactNative: 	at android.os.Handler.handleCallback(Handler.java:959)
03-14 22:20:33.011  3361  3649 E unknown:ReactNative: 	at android.os.Handler.dispatchMessage(Handler.java:100)
03-14 22:20:33.011  3361  3649 E unknown:ReactNative: 	at com.facebook.react.bridge.queue.MessageQueueThreadHandler.dispatchMessage(MessageQueueThreadHandler.kt:21)
03-14 22:20:33.011  3361  3649 E unknown:ReactNative: 	at android.os.Looper.loopOnce(Looper.java:232)
03-14 22:20:33.011  3361  3649 E unknown:ReactNative: 	at android.os.Looper.loop(Looper.java:317)
03-14 22:20:33.011  3361  3649 E unknown:ReactNative: 	at com.facebook.react.bridge.queue.MessageQueueThreadImpl$Companion.startNewBackgroundThread$lambda$0(MessageQueueThreadImpl.kt:152)
03-14 22:20:33.011  3361  3649 E unknown:ReactNative: 	at com.facebook.react.bridge.queue.MessageQueueThreadImpl$Companion.$r8$lambda$YYXYCFexeoKtAeDpeNYkxZZlpbA(Unknown Source:0)
03-14 22:20:33.011  3361  3649 E unknown:ReactNative: 	at com.facebook.react.bridge.queue.MessageQueueThreadImpl$Companion$$ExternalSyntheticLambda0.run(D8$$SyntheticClass:0)
03-14 22:20:33.011  3361  3649 E unknown:ReactNative: 	at java.lang.Thread.run(Thread.java:1012)
03-14 22:20:33.060  3361  3642 W unknown:BridgelessReact: ReactHost{0}.getOrCreateDestroyTask()
03-14 22:20:33.067  3361  3642 W unknown:BridgelessReact: ReactHost{0}.raiseSoftException(getOrCreateDestroyTask()): handleHostException(message = "Error: Element type is invalid: expected a string (for built-in components) or a class/function (for composite components) but got: object.
03-14 22:20:33.067  3361  3642 W unknown:BridgelessReact: 
03-14 22:20:33.067  3361  3642 W unknown:BridgelessReact: This error is located at:
03-14 22:20:33.067  3361  3642 W unknown:BridgelessReact:     at StaticContainer (address at index.android.bundle:1:927929)
03-14 22:20:33.067  3361  3642 W unknown:BridgelessReact:     at EnsureSingleNavigator (address at index.android.bundle:1:873788)
03-14 22:20:33.067  3361  3642 W unknown:BridgelessReact:     at SceneView (address at index.android.bundle:1:925953)
03-14 22:20:33.067  3361  3642 W unknown:BridgelessReact:     at NavigationProvider (address at index.android.bundle:1:904371)
03-14 22:20:33.067  3361  3642 W unknown:BridgelessReact:     at RCTView (<anonymous>)
03-14 22:20:33.067  3361  3642 W unknown:BridgelessReact:     at View (address at index.android.bundle:1:148692)
03-14 22:20:33.067  3361  3642 W unknown:BridgelessReact:     at RCTView (<anonymous>)
03-14 22:20:33.067  3361  3642 W unknown:BridgelessReact:     at View (address at index.android.bundle:1:148692)
03-14 22:20:33.067  3361  3642 W unknown:BridgelessReact:     at Animated(View) (address at index.android.bundle:1:567439)
03-14 22:20:33.067  3361  3642 W unknown:BridgelessReact:     at Background (address at index.android.bundle:1:968374)
03-14 22:20:33.067  3361  3642 W unknown:BridgelessReact:     at Screen (address at index.android.bundle:1:1010205)
03-14 22:20:33.067  3361  3642 W unknown:BridgelessReact:     at RNSScreen (<anonymous>)
03-14 22:20:33.067  3361  3642 W unknown:BridgelessReact:     at Animated(Anonymous) (address at index.android.bundle:1:567439)
03-14 22:20:33.067  3361  3642 W unknown:BridgelessReact:     at Suspender (address at index.android.bundle:1:1026365)
03-14 22:20:33.067  3361  3642 W unknown:BridgelessReact:     at Suspense (<anonymous>)
03-14 22:20:33.067  3361  3642 W unknown:BridgelessReact:     at Freeze (address at index.android.bundle:1:1026425)
03-14 22:20:33.067  3361  3642 W unknown:BridgelessReact:     at DelayedFreeze (address at index.android.bundle:1:1026007)
03-14 22:20:33.067  3361  3642 W unknown:BridgelessReact:     at InnerScreen (address at index.android.bundle:1:1023395)
03-14 22:20:33.067  3361  3642 W unknown:BridgelessReact:     at anonymous (address at index.android.bundle:1:1025439)
03-14 22:20:33.067  3361  3642 W unknown:BridgelessReact:     at MaybeScreen (address at index.android.bundle:1:1020046)
03-14 22:20:33.067  3361  3642 W unknown:BridgelessReact:     at RNSScreenContainer (<anonymous>)
03-14 22:20:33.067  3361  3642 W unknown:BridgelessReact:     at ScreenContainer (address at index.android.bundle:1:1036269)
03-14 22:20:33.067  3361  3642 W unknown:BridgelessReact:     at MaybeScreenContainer (address at index.android.bundle:1:1020209)
03-14 22:20:33.067  3361  3642 W unknown:BridgelessReact:     at RCTView (<anonymous>)
03-14 22:20:33.067  3361  3642 W unknown:BridgelessReact:     at View (address at index.android.bundle:1:148692)
03-14 22:20:33.067  3361  3642 W unknown:BridgelessReact:     at FrameSizeProvider (address at index.android.bundle:1:998002)
03-14 22:20:33.067  3361  3642 W unknown:BridgelessReact:     at SafeAreaProviderCompat (address at index.android.bundle:1:1009413)
03-14 22:20:33.067  3361  3642 W unknown:BridgelessReact:     at BottomTabView (address at index.android.bundle:1:962842)
