03-14 22:20:53.780  4045  4509 E unknown:ReactHost:     at NavigationContainerInner (address at index.android.bundle:1:941094)
03-14 22:20:53.780  4045  4509 E unknown:ReactHost:     at DatabaseProvider (address at index.android.bundle:1:1073278)
03-14 22:20:53.780  4045  4509 E unknown:ReactHost:     at RNCSafeAreaProvider (<anonymous>)
03-14 22:20:53.780  4045  4509 E unknown:ReactHost:     at SafeAreaProvider (address at index.android.bundle:1:955840)
03-14 22:20:53.780  4045  4509 E unknown:ReactHost:     at RNGestureHandlerRootView (<anonymous>)
03-14 22:20:53.780  4045  4509 E unknown:ReactHost:     at GestureHandlerRootView (address at index.android.bundle:1:726780)
03-14 22:20:53.780  4045  4509 E unknown:ReactHost:     at App (<anonymous>)
03-14 22:20:53.780  4045  4509 E unknown:ReactHost:     at RCTView (<anonymous>)
03-14 22:20:53.780  4045  4509 E unknown:ReactHost:     at View (address at index.android.bundle:1:148692)
03-14 22:20:53.780  4045  4509 E unknown:ReactHost:     at AppContainer (address at index.android.bundle:1:395561), stack:
03-14 22:20:53.780  4045  4509 E unknown:ReactHost: createFiberFromTypeAndProps@1:288631
03-14 22:20:53.780  4045  4509 E unknown:ReactHost: reconcileChildFibersImpl@1:238360
03-14 22:20:53.780  4045  4509 E unknown:ReactHost: anonymous@1:238528
03-14 22:20:53.780  4045  4509 E unknown:ReactHost: reconcileChildren@1:253641
03-14 22:20:53.780  4045  4509 E unknown:ReactHost: updateFunctionComponent@1:255605
03-14 22:20:53.780  4045  4509 E unknown:ReactHost: beginWork@1:263506
03-14 22:20:53.780  4045  4509 E unknown:ReactHost: performUnitOfWork@1:283404
03-14 22:20:53.780  4045  4509 E unknown:ReactHost: workLoopSync@1:282412
03-14 22:20:53.780  4045  4509 E unknown:ReactHost: renderRootSync@1:282244
03-14 22:20:53.780  4045  4509 E unknown:ReactHost: performWorkOnRoot@1:279819
03-14 22:20:53.780  4045  4509 E unknown:ReactHost: performWorkOnRootViaSchedulerTask@1:231313
03-14 22:20:53.780  4045  4509 E unknown:ReactHost: ")
03-14 22:20:53.780  4045  4509 E unknown:ReactHost: 	at com.facebook.react.runtime.ReactHostImpl.raiseSoftException(ReactHostImpl.kt:861)
03-14 22:20:53.780  4045  4509 E unknown:ReactHost: 	at com.facebook.react.runtime.ReactHostImpl.getOrCreateDestroyTask(ReactHostImpl.kt:1422)
03-14 22:20:53.780  4045  4509 E unknown:ReactHost: 	at com.facebook.react.runtime.ReactHostImpl.destroy$lambda$11(ReactHostImpl.kt:500)
03-14 22:20:53.780  4045  4509 E unknown:ReactHost: 	at com.facebook.react.runtime.ReactHostImpl.$r8$lambda$RqPT6VdmhA-RKBsb9qAdshHTgug(Unknown Source:0)
03-14 22:20:53.780  4045  4509 E unknown:ReactHost: 	at com.facebook.react.runtime.ReactHostImpl$$ExternalSyntheticLambda35.call(D8$$SyntheticClass:0)
03-14 22:20:53.780  4045  4509 E unknown:ReactHost: 	at com.facebook.react.runtime.internal.bolts.Task$Companion.call$lambda$2(Task.kt:319)
03-14 22:20:53.780  4045  4509 E unknown:ReactHost: 	at com.facebook.react.runtime.internal.bolts.Task$Companion.$r8$lambda$MFqd_-X5KhHmu0hvNE2Bec_4mJM(Unknown Source:0)
03-14 22:20:53.780  4045  4509 E unknown:ReactHost: 	at com.facebook.react.runtime.internal.bolts.Task$Companion$$ExternalSyntheticLambda1.run(D8$$SyntheticClass:0)
03-14 22:20:53.780  4045  4509 E unknown:ReactHost: 	at java.util.concurrent.ThreadPoolExecutor.runWorker(ThreadPoolExecutor.java:1145)
03-14 22:20:53.780  4045  4509 E unknown:ReactHost: 	at java.util.concurrent.ThreadPoolExecutor$Worker.run(ThreadPoolExecutor.java:644)
03-14 22:20:53.780  4045  4509 E unknown:ReactHost: 	at java.lang.Thread.run(Thread.java:1012)
03-14 22:20:53.780  4045  4509 E unknown:ReactHost: Caused by: com.facebook.react.common.JavascriptException: Error: Element type is invalid: expected a string (for built-in components) or a class/function (for composite components) but got: object.
03-14 22:20:53.780  4045  4509 E unknown:ReactHost: 
03-14 22:20:53.780  4045  4509 E unknown:ReactHost: This error is located at:
03-14 22:20:53.780  4045  4509 E unknown:ReactHost:     at StaticContainer (address at index.android.bundle:1:927929)
03-14 22:20:53.780  4045  4509 E unknown:ReactHost:     at EnsureSingleNavigator (address at index.android.bundle:1:873788)
03-14 22:20:53.780  4045  4509 E unknown:ReactHost:     at SceneView (address at index.android.bundle:1:925953)
03-14 22:20:53.780  4045  4509 E unknown:ReactHost:     at NavigationProvider (address at index.android.bundle:1:904371)
03-14 22:20:53.780  4045  4509 E unknown:ReactHost:     at RCTView (<anonymous>)
03-14 22:20:53.780  4045  4509 E unknown:ReactHost:     at View (address at index.android.bundle:1:148692)
03-14 22:20:53.780  4045  4509 E unknown:ReactHost:     at RCTView (<anonymous>)
03-14 22:20:53.780  4045  4509 E unknown:ReactHost:     at View (address at index.android.bundle:1:148692)
03-14 22:20:53.780  4045  4509 E unknown:ReactHost:     at Animated(View) (address at index.android.bundle:1:567439)
03-14 22:20:53.780  4045  4509 E unknown:ReactHost:     at Background (address at index.android.bundle:1:968374)
03-14 22:20:53.780  4045  4509 E unknown:ReactHost:     at Screen (address at index.android.bundle:1:1010205)
03-14 22:20:53.780  4045  4509 E unknown:ReactHost:     at RNSScreen (<anonymous>)
03-14 22:20:53.780  4045  4509 E unknown:ReactHost:     at Animated(Anonymous) (address at index.android.bundle:1:567439)
03-14 22:20:53.780  4045  4509 E unknown:ReactHost:     at Suspender (address at index.android.bundle:1:1026365)
03-14 22:20:53.780  4045  4509 E unknown:ReactHost:     at Suspense (<anonymous>)
03-14 22:20:53.780  4045  4509 E unknown:ReactHost:     at Freeze (address at index.android.bundle:1:1026425)
03-14 22:20:53.780  4045  4509 E unknown:ReactHost:     at DelayedFreeze (address at index.android.bundle:1:1026007)
03-14 22:20:53.780  4045  4509 E unknown:ReactHost:     at InnerScreen (address at index.android.bundle:1:1023395)
03-14 22:20:53.780  4045  4509 E unknown:ReactHost:     at anonymous (address at index.android.bundle:1:1025439)
03-14 22:20:53.780  4045  4509 E unknown:ReactHost:     at MaybeScreen (address at index.android.bundle:1:1020046)
03-14 22:20:53.780  4045  4509 E unknown:ReactHost:     at RNSScreenContainer (<anonymous>)
03-14 22:20:53.780  4045  4509 E unknown:ReactHost:     at ScreenContainer (address at index.android.bundle:1:1036269)
03-14 22:20:53.780  4045  4509 E unknown:ReactHost:     at MaybeScreenContainer (address at index.android.bundle:1:1020209)
03-14 22:20:53.780  4045  4509 E unknown:ReactHost:     at RCTView (<anonymous>)
03-14 22:20:53.780  4045  4509 E unknown:ReactHost:     at View (address at index.android.bundle:1:148692)
03-14 22:20:53.780  4045  4509 E unknown:ReactHost:     at FrameSizeProvider (address at index.android.bundle:1:998002)
03-14 22:20:53.780  4045  4509 E unknown:ReactHost:     at SafeAreaProviderCompat (address at index.android.bundle:1:1009413)
03-14 22:20:53.780  4045  4509 E unknown:ReactHost:     at BottomTabView (address at index.android.bundle:1:962842)
03-14 22:20:53.780  4045  4509 E unknown:ReactHost:     at PreventRemoveProvider (address at index.android.bundle:1:906668)
03-14 22:20:53.780  4045  4509 E unknown:ReactHost:     at NavigationStateListenerProvider (address at index.android.bundle:1:933250)
03-14 22:20:53.780  4045  4509 E unknown:ReactHost:     at NavigationContent (address at index.android.bundle:1:923171)
03-14 22:20:53.780  4045  4509 E unknown:ReactHost:     at anonymous (address at index.android.bundle:1:923074)
03-14 22:20:53.780  4045  4509 E unknown:ReactHost:     at BottomTabNavigator (address at index.android.bundle:1:961923)
03-14 22:20:53.780  4045  4509 E unknown:ReactHost:     at TabNavigator (<anonymous>)
03-14 22:20:53.780  4045  4509 E unknown:ReactHost:     at StaticContainer (address at index.android.bundle:1:927929)
03-14 22:20:53.780  4045  4509 E unknown:ReactHost:     at EnsureSingleNavigator (address at index.android.bundle:1:873788)
03-14 22:20:53.780  4045  4509 E unknown:ReactHost:     at SceneView (address at index.android.bundle:1:925953)
03-14 22:20:53.780  4045  4509 E unknown:ReactHost:     at NavigationProvider (address at index.android.bundle:1:904371)
03-14 22:20:53.780  4045  4509 E unknown:ReactHost:     at RNSScreenContentWrapper (<anonymous>)
03-14 22:20:53.780  4045  4509 E unknown:ReactHost:     at ScreenContentWrapper (<anonymous>)
03-14 22:20:53.780  4045  4509 E unknown:ReactHost:     at DebugContainer (address at index.android.bundle:1:1040184)
03-14 22:20:53.780  4045  4509 E unknown:ReactHost:     at RNSScreen (<anonymous>)
03-14 22:20:53.780  4045  4509 E unknown:ReactHost:     at Animated(Anonymous) (address at index.android.bundle:1:567439)
03-14 22:20:53.780  4045  4509 E unknown:ReactHost:     at Suspender (address at index.android.bundle:1:1026365)
03-14 22:20:53.780  4045  4509 E unknown:ReactHost:     at Suspense (<anonymous>)
03-14 22:20:53.780  4045  4509 E unknown:ReactHost:     at Freeze (address at index.android.bundle:1:1026425)
03-14 22:20:53.780  4045  4509 E unknown:ReactHost:     at DelayedFreeze (address at index.android.bundle:1:1026007)
03-14 22:20:53.780  4045  4509 E unknown:ReactHost:     at InnerScreen (address at index.android.bundle:1:1023395)
03-14 22:20:53.780  4045  4509 E unknown:ReactHost:     at anonymous (address at index.android.bundle:1:1025439)
03-14 22:20:53.780  4045  4509 E unknown:ReactHost:     at ScreenStackItem (address at index.android.bundle:1:1038934)
03-14 22:20:53.780  4045  4509 E unknown:ReactHost:     at NavigationProvider (address at index.android.bundle:1:904371)
03-14 22:20:53.780  4045  4509 E unknown:ReactHost:     at SceneView (address at index.android.bundle:1:1052468)
03-14 22:20:53.780  4045  4509 E unknown:ReactHost:     at RNSScreenStack (<anonymous>)
03-14 22:20:53.780  4045  4509 E unknown:ReactHost:     at anonymous (address at index.android.bundle:1:1038026)
03-14 22:20:53.780  4045  4509 E unknown:ReactHost:     at ScreenStack (address at index.android.bundle:1:1037187)
03-14 22:20:53.780  4045  4509 E unknown:ReactHost:     at RCTView (<anonymous>)
03-14 22:20:53.780  4045  4509 E unknown:ReactHost:     at View (address at index.android.bundle:1:148692)
03-14 22:20:53.780  4045  4509 E unknown:ReactHost:     at FrameSizeProvider (address at index.android.bundle:1:998002)
03-14 22:20:53.780  4045  4509 E unknown:ReactHost:     at SafeAreaProviderCompat (address at index.android.bundle:1:1009413)
03-14 22:20:53.780  4045  4509 E unknown:ReactHost:     at NativeStackView (address at index.android.bundle:1:1051030)
03-14 22:20:53.780  4045  4509 E unknown:ReactHost:     at PreventRemoveProvider (address at index.android.bundle:1:906668)
03-14 22:20:53.780  4045  4509 E unknown:ReactHost:     at NavigationStateListenerProvider (address at index.android.bundle:1:933250)
03-14 22:20:53.780  4045  4509 E unknown:ReactHost:     at NavigationContent (address at index.android.bundle:1:923171)
03-14 22:20:53.780  4045  4509 E unknown:ReactHost:     at anonymous (address at index.android.bundle:1:923074)
03-14 22:20:53.780  4045  4509 E unknown:ReactHost:     at NativeStackNavigator (address at index.android.bundle:1:1049756)
03-14 22:20:53.780  4045  4509 E unknown:ReactHost:     at RootNavigator (<anonymous>)
03-14 22:20:53.780  4045  4509 E unknown:ReactHost:     at ThemeProvider (address at index.android.bundle:1:875944)
03-14 22:20:53.780  4045  4509 E unknown:ReactHost:     at EnsureSingleNavigator (address at index.android.bundle:1:873788)
03-14 22:20:53.780  4045  4509 E unknown:ReactHost:     at BaseNavigationContainer (address at index.android.bundle:1:852528)
03-14 22:20:53.780  4045  4509 E unknown:ReactHost:     at NavigationContainerInner (address at index.android.bundle:1:941094)
03-14 22:20:53.780  4045  4509 E unknown:ReactHost:     at DatabaseProvider (address at index.android.bundle:1:1073278)
03-14 22:20:53.780  4045  4509 E unknown:ReactHost:     at RNCSafeAreaProvider (<anonymous>)
03-14 22:20:53.780  4045  4509 E unknown:ReactHost:     at SafeAreaProvider (address at index.android.bundle:1:955840)
03-14 22:20:53.780  4045  4509 E unknown:ReactHost:     at RNGestureHandlerRootView (<anonymous>)
03-14 22:20:53.780  4045  4509 E unknown:ReactHost:     at GestureHandlerRootView (address at index.android.bundle:1:726780)
03-14 22:20:53.780  4045  4509 E unknown:ReactHost:     at App (<anonymous>)
03-14 22:20:53.780  4045  4509 E unknown:ReactHost:     at RCTView (<anonymous>)
03-14 22:20:53.780  4045  4509 E unknown:ReactHost:     at View (address at index.android.bundle:1:148692)
03-14 22:20:53.780  4045  4509 E unknown:ReactHost:     at AppContainer (address at index.android.bundle:1:395561), stack:
03-14 22:20:53.780  4045  4509 E unknown:ReactHost: createFiberFromTypeAndProps@1:288631
03-14 22:20:53.780  4045  4509 E unknown:ReactHost: reconcileChildFibersImpl@1:238360
03-14 22:20:53.780  4045  4509 E unknown:ReactHost: anonymous@1:238528
03-14 22:20:53.780  4045  4509 E unknown:ReactHost: reconcileChildren@1:253641
03-14 22:20:53.780  4045  4509 E unknown:ReactHost: updateFunctionComponent@1:255605
03-14 22:20:53.780  4045  4509 E unknown:ReactHost: beginWork@1:263506
03-14 22:20:53.780  4045  4509 E unknown:ReactHost: performUnitOfWork@1:283404
03-14 22:20:53.780  4045  4509 E unknown:ReactHost: workLoopSync@1:282412
03-14 22:20:53.780  4045  4509 E unknown:ReactHost: renderRootSync@1:282244
03-14 22:20:53.780  4045  4509 E unknown:ReactHost: performWorkOnRoot@1:279819
03-14 22:20:53.780  4045  4509 E unknown:ReactHost: performWorkOnRootViaSchedulerTask@1:231313
03-14 22:20:53.780  4045  4509 E unknown:ReactHost: 
03-14 22:20:53.780  4045  4509 E unknown:ReactHost: 	at com.facebook.react.modules.core.ExceptionsManagerModule.reportException(ExceptionsManagerModule.kt:52)
03-14 22:20:53.780  4045  4509 E unknown:ReactHost: 	at com.facebook.jni.NativeRunnable.run(Native Method)
03-14 22:20:53.780  4045  4509 E unknown:ReactHost: 	at android.os.Handler.handleCallback(Handler.java:959)
03-14 22:20:53.780  4045  4509 E unknown:ReactHost: 	at android.os.Handler.dispatchMessage(Handler.java:100)
03-14 22:20:53.780  4045  4509 E unknown:ReactHost: 	at com.facebook.react.bridge.queue.MessageQueueThreadHandler.dispatchMessage(MessageQueueThreadHandler.kt:21)
03-14 22:20:53.780  4045  4509 E unknown:ReactHost: 	at android.os.Looper.loopOnce(Looper.java:232)
03-14 22:20:53.780  4045  4509 E unknown:ReactHost: 	at android.os.Looper.loop(Looper.java:317)
03-14 22:20:53.780  4045  4509 E unknown:ReactHost: 	at com.facebook.react.bridge.queue.MessageQueueThreadImpl$Companion.startNewBackgroundThread$lambda$0(MessageQueueThreadImpl.kt:152)
03-14 22:20:53.780  4045  4509 E unknown:ReactHost: 	at com.facebook.react.bridge.queue.MessageQueueThreadImpl$Companion.$r8$lambda$YYXYCFexeoKtAeDpeNYkxZZlpbA(Unknown Source:0)
03-14 22:20:53.780  4045  4509 E unknown:ReactHost: 	at com.facebook.react.bridge.queue.MessageQueueThreadImpl$Companion$$ExternalSyntheticLambda0.run(D8$$SyntheticClass:0)
03-14 22:20:53.780  4045  4509 E unknown:ReactHost: 	... 1 more
03-14 22:20:53.781  4045  4509 W unknown:BridgelessReact: ReactHost{0}.getOrCreateDestroyTask(): Resetting createReactInstance task ref
03-14 22:20:54.288  4045  4045 W unknown:BridgelessReact: ReactHost{0}.getOrCreateDestroyTask(): Starting React Native destruction
03-14 22:20:54.289  4045  4045 W unknown:BridgelessReact: ReactHost{0}.getOrCreateDestroyTask(): DevSupportManager cleanup
03-14 22:20:54.289  4045  4045 W unknown:BridgelessReact: ReactHost{0}.getOrCreateDestroyTask(): Move ReactHost to onHostDestroy()
03-14 22:20:54.289  4045  4045 W unknown:BridgelessReact: ReactHost{0}.ReactContext.onHostPause()
03-14 22:20:54.289  4045  4045 W unknown:BridgelessReact: ReactHost{0}.ReactContext.onHostDestroy()
03-14 22:20:54.372  4045  4045 E unknown:ReactNative: Tried to remove non-existent frame callback
03-14 22:20:54.373  4045  4045 I Choreographer: Skipped 30 frames!  The application may be doing too much work on its main thread.
03-14 22:20:54.385  4045  4509 W unknown:BridgelessReact: ReactHost{0}.getOrCreateDestroyTask(): Stopping all React Native surfaces
03-14 22:20:54.385  4045  4509 E unknown:SurfaceMountingManager: Stopping surface [1]
03-14 22:20:54.389  4045  4504 D TrafficStats: tagSocket(155) with statsTag=0xffffffff, statsUid=-1
03-14 22:20:54.397  4045  4045 E unknown:SurfaceMountingManager: Surface [1] was stopped on SurfaceMountingManager.
03-14 22:20:54.398  4045  4045 W unknown:BridgelessReact: ReactHost{0}.getOrCreateDestroyTask(): Destroying MemoryPressureRouter
03-14 22:20:54.398  4045  4045 W unknown:BridgelessReact: ReactHost{0}.getOrCreateDestroyTask(): Resetting ReactContext ref
03-14 22:20:54.398  4045  4045 W unknown:BridgelessReact: ReactHost{0}.getOrCreateDestroyTask(): Destroying ReactContext
03-14 22:20:54.407  4045  4509 W unknown:BridgelessReact: ReactHost{0}.getOrCreateDestroyTask(): Resetting ReactInstance ptr
03-14 22:20:54.408  4045  4509 W unknown:BridgelessReact: ReactHost{0}.getOrCreateDestroyTask(): Destroying ReactInstance
03-14 22:20:54.435  4045  4509 I ExpoModulesCore: ✅ ModuleRegistry was destroyed
03-14 22:20:54.449  4045  4509 I ExpoModulesCore: ✅ AppContext was destroyed
03-14 22:20:54.449  4045  4509 I ExpoModulesCore: ✅ KotlinInteropModuleRegistry was destroyed
03-14 22:20:54.451  4045  4509 E unknown:ReactNative: Tried to remove non-existent frame callback
03-14 22:20:54.475  4045  4509 W unknown:ReactNative: Tried to enqueue runnable on already finished thread: 'v_native... dropping Runnable.
03-14 22:20:54.487  4045  4509 W unknown:ReactNative: Tried to enqueue runnable on already finished thread: 'v_native... dropping Runnable.
03-14 22:20:54.487  4045  4509 W unknown:ReactNative: Tried to enqueue runnable on already finished thread: 'v_native... dropping Runnable.
03-14 22:20:54.487  4045  4509 W unknown:ReactNative: Tried to enqueue runnable on already finished thread: 'v_native... dropping Runnable.
03-14 22:20:54.487  4045  4509 W unknown:ReactNative: Tried to enqueue runnable on already finished thread: 'v_native... dropping Runnable.
03-14 22:20:54.487  4045  4509 W unknown:ReactNative: Tried to enqueue runnable on already finished thread: 'v_native... dropping Runnable.
03-14 22:20:54.489  4045  4509 W unknown:ReactNative: Tried to enqueue runnable on already finished thread: 'v_native... dropping Runnable.
03-14 22:20:54.489  4045  4509 W unknown:ReactNative: Tried to enqueue runnable on already finished thread: 'v_native... dropping Runnable.
03-14 22:20:54.489  4045  4509 W unknown:ReactNative: Tried to enqueue runnable on already finished thread: 'v_native... dropping Runnable.
03-14 22:20:54.489  4045  4509 W unknown:ReactNative: Tried to enqueue runnable on already finished thread: 'v_native... dropping Runnable.
03-14 22:20:54.489  4045  4509 W unknown:ReactNative: Tried to enqueue runnable on already finished thread: 'v_native... dropping Runnable.
03-14 22:20:54.489  4045  4509 W unknown:ReactNative: Tried to enqueue runnable on already finished thread: 'v_native... dropping Runnable.
03-14 22:20:54.496  4045  4469 D EGL_emulation: app_time_stats: avg=1080.01ms min=100.09ms max=3827.01ms count=5
03-14 22:20:54.538  4045  4045 I ViewInteraction: Checking 'MatchesViewAssertion(Detox){viewMatcher=(view has effective visibility <VISIBLE> and view.getGlobalVisibleRect() covers at least <75> percent of the view's area)}' assertion on view (view.getTag() is "dashboard-add-expense-button" and view has effective visibility <VISIBLE>)
03-14 22:20:54.549  4045  4509 W unknown:BridgelessReact: ReactHost{0}.getOrCreateDestroyTask(): Resetting start/destroy task ref
03-14 22:20:54.582  4045  4045 I ViewInteraction: Checking 'MatchesViewAssertion(Detox){viewMatcher=(view has effective visibility <VISIBLE> and view.getGlobalVisibleRect() covers at least <75> percent of the view's area)}' assertion on view (view.getTag() is "dashboard-add-expense-button" and view has effective visibility <VISIBLE>)
03-14 22:20:54.625  4045  4045 I ViewInteraction: Checking 'MatchesViewAssertion(Detox){viewMatcher=(view has effective visibility <VISIBLE> and view.getGlobalVisibleRect() covers at least <75> percent of the view's area)}' assertion on view (view.getTag() is "dashboard-add-expense-button" and view has effective visibility <VISIBLE>)
03-14 22:20:54.688  4045  4045 I ViewInteraction: Checking 'MatchesViewAssertion(Detox){viewMatcher=(view has effective visibility <VISIBLE> and view.getGlobalVisibleRect() covers at least <75> percent of the view's area)}' assertion on view (view.getTag() is "dashboard-add-expense-button" and view has effective visibility <VISIBLE>)
03-14 22:20:54.737  4045  4045 I ViewInteraction: Checking 'MatchesViewAssertion(Detox){viewMatcher=(view has effective visibility <VISIBLE> and view.getGlobalVisibleRect() covers at least <75> percent of the view's area)}' assertion on view (view.getTag() is "dashboard-add-expense-button" and view has effective visibility <VISIBLE>)
03-14 22:20:54.792  4045  4045 I ViewInteraction: Checking 'MatchesViewAssertion(Detox){viewMatcher=(view has effective visibility <VISIBLE> and view.getGlobalVisibleRect() covers at least <75> percent of the view's area)}' assertion on view (view.getTag() is "dashboard-add-expense-button" and view has effective visibility <VISIBLE>)
03-14 22:20:54.825  4045  4045 I ViewInteraction: Checking 'MatchesViewAssertion(Detox){viewMatcher=(view has effective visibility <VISIBLE> and view.getGlobalVisibleRect() covers at least <75> percent of the view's area)}' assertion on view (view.getTag() is "dashboard-add-expense-button" and view has effective visibility <VISIBLE>)
03-14 22:20:54.863  4045  4045 I ViewInteraction: Checking 'MatchesViewAssertion(Detox){viewMatcher=(view has effective visibility <VISIBLE> and view.getGlobalVisibleRect() covers at least <75> percent of the view's area)}' assertion on view (view.getTag() is "dashboard-add-expense-button" and view has effective visibility <VISIBLE>)
03-14 22:20:54.899  4045  4045 I ViewInteraction: Checking 'MatchesViewAssertion(Detox){viewMatcher=(view has effective visibility <VISIBLE> and view.getGlobalVisibleRect() covers at least <75> percent of the view's area)}' assertion on view (view.getTag() is "dashboard-add-expense-button" and view has effective visibility <VISIBLE>)
03-14 22:20:54.933  4045  4045 I ViewInteraction: Checking 'MatchesViewAssertion(Detox){viewMatcher=(view has effective visibility <VISIBLE> and view.getGlobalVisibleRect() covers at least <75> percent of the view's area)}' assertion on view (view.getTag() is "dashboard-add-expense-button" and view has effective visibility <VISIBLE>)
03-14 22:20:54.964  4045  4045 I ViewInteraction: Checking 'MatchesViewAssertion(Detox){viewMatcher=(view has effective visibility <VISIBLE> and view.getGlobalVisibleRect() covers at least <75> percent of the view's area)}' assertion on view (view.getTag() is "dashboard-add-expense-button" and view has effective visibility <VISIBLE>)
03-14 22:20:54.994  4045  4045 I ViewInteraction: Checking 'MatchesViewAssertion(Detox){viewMatcher=(view has effective visibility <VISIBLE> and view.getGlobalVisibleRect() covers at least <75> percent of the view's area)}' assertion on view (view.getTag() is "dashboard-add-expense-button" and view has effective visibility <VISIBLE>)
03-14 22:20:55.029  4045  4045 I ViewInteraction: Checking 'MatchesViewAssertion(Detox){viewMatcher=(view has effective visibility <VISIBLE> and view.getGlobalVisibleRect() covers at least <75> percent of the view's area)}' assertion on view (view.getTag() is "dashboard-add-expense-button" and view has effective visibility <VISIBLE>)
03-14 22:20:55.069  4045  4045 I ViewInteraction: Checking 'MatchesViewAssertion(Detox){viewMatcher=(view has effective visibility <VISIBLE> and view.getGlobalVisibleRect() covers at least <75> percent of the view's area)}' assertion on view (view.getTag() is "dashboard-add-expense-button" and view has effective visibility <VISIBLE>)
03-14 22:20:55.104  4045  4045 I ViewInteraction: Checking 'MatchesViewAssertion(Detox){viewMatcher=(view has effective visibility <VISIBLE> and view.getGlobalVisibleRect() covers at least <75> percent of the view's area)}' assertion on view (view.getTag() is "dashboard-add-expense-button" and view has effective visibility <VISIBLE>)
03-14 22:20:55.144  4045  4045 I ViewInteraction: Checking 'MatchesViewAssertion(Detox){viewMatcher=(view has effective visibility <VISIBLE> and view.getGlobalVisibleRect() covers at least <75> percent of the view's area)}' assertion on view (view.getTag() is "dashboard-add-expense-button" and view has effective visibility <VISIBLE>)
03-14 22:20:55.178  4045  4045 I ViewInteraction: Checking 'MatchesViewAssertion(Detox){viewMatcher=(view has effective visibility <VISIBLE> and view.getGlobalVisibleRect() covers at least <75> percent of the view's area)}' assertion on view (view.getTag() is "dashboard-add-expense-button" and view has effective visibility <VISIBLE>)
03-14 22:20:55.217  4045  4045 I ViewInteraction: Checking 'MatchesViewAssertion(Detox){viewMatcher=(view has effective visibility <VISIBLE> and view.getGlobalVisibleRect() covers at least <75> percent of the view's area)}' assertion on view (view.getTag() is "dashboard-add-expense-button" and view has effective visibility <VISIBLE>)
03-14 22:20:55.253  4045  4045 I ViewInteraction: Checking 'MatchesViewAssertion(Detox){viewMatcher=(view has effective visibility <VISIBLE> and view.getGlobalVisibleRect() covers at least <75> percent of the view's area)}' assertion on view (view.getTag() is "dashboard-add-expense-button" and view has effective visibility <VISIBLE>)
03-14 22:20:55.285  4045  4045 I ViewInteraction: Checking 'MatchesViewAssertion(Detox){viewMatcher=(view has effective visibility <VISIBLE> and view.getGlobalVisibleRect() covers at least <75> percent of the view's area)}' assertion on view (view.getTag() is "dashboard-add-expense-button" and view has effective visibility <VISIBLE>)
03-14 22:20:55.314  4045  4045 I ViewInteraction: Checking 'MatchesViewAssertion(Detox){viewMatcher=(view has effective visibility <VISIBLE> and view.getGlobalVisibleRect() covers at least <75> percent of the view's area)}' assertion on view (view.getTag() is "dashboard-add-expense-button" and view has effective visibility <VISIBLE>)
03-14 22:20:55.345  4045  4045 I ViewInteraction: Checking 'MatchesViewAssertion(Detox){viewMatcher=(view has effective visibility <VISIBLE> and view.getGlobalVisibleRect() covers at least <75> percent of the view's area)}' assertion on view (view.getTag() is "dashboard-add-expense-button" and view has effective visibility <VISIBLE>)
03-14 22:20:55.383  4045  4045 I ViewInteraction: Checking 'MatchesViewAssertion(Detox){viewMatcher=(view has effective visibility <VISIBLE> and view.getGlobalVisibleRect() covers at least <75> percent of the view's area)}' assertion on view (view.getTag() is "dashboard-add-expense-button" and view has effective visibility <VISIBLE>)
03-14 22:20:55.415  4045  4045 I ViewInteraction: Checking 'MatchesViewAssertion(Detox){viewMatcher=(view has effective visibility <VISIBLE> and view.getGlobalVisibleRect() covers at least <75> percent of the view's area)}' assertion on view (view.getTag() is "dashboard-add-expense-button" and view has effective visibility <VISIBLE>)
03-14 22:20:55.476  4045  4469 D EGL_emulation: app_time_stats: avg=385.80ms min=55.69ms max=1000.01ms count=3
03-14 22:20:55.794  4045  4045 I ViewInteraction: Checking 'MatchesViewAssertion(Detox){viewMatcher=(view has effective visibility <VISIBLE> and view.getGlobalVisibleRect() covers at least <75> percent of the view's area)}' assertion on view (view.getTag() is "dashboard-add-expense-button" and view has effective visibility <VISIBLE>)
03-14 22:20:55.851  4045  4045 I ViewInteraction: Checking 'MatchesViewAssertion(Detox){viewMatcher=(view has effective visibility <VISIBLE> and view.getGlobalVisibleRect() covers at least <75> percent of the view's area)}' assertion on view (view.getTag() is "dashboard-add-expense-button" and view has effective visibility <VISIBLE>)
03-14 22:20:55.884  4045  4045 I ViewInteraction: Checking 'MatchesViewAssertion(Detox){viewMatcher=(view has effective visibility <VISIBLE> and view.getGlobalVisibleRect() covers at least <75> percent of the view's area)}' assertion on view (view.getTag() is "dashboard-add-expense-button" and view has effective visibility <VISIBLE>)
03-14 22:20:55.919  4045  4045 I ViewInteraction: Checking 'MatchesViewAssertion(Detox){viewMatcher=(view has effective visibility <VISIBLE> and view.getGlobalVisibleRect() covers at least <75> percent of the view's area)}' assertion on view (view.getTag() is "dashboard-add-expense-button" and view has effective visibility <VISIBLE>)
03-14 22:20:55.952  4045  4045 I ViewInteraction: Checking 'MatchesViewAssertion(Detox){viewMatcher=(view has effective visibility <VISIBLE> and view.getGlobalVisibleRect() covers at least <75> percent of the view's area)}' assertion on view (view.getTag() is "dashboard-add-expense-button" and view has effective visibility <VISIBLE>)
03-14 22:20:55.991  4045  4045 I ViewInteraction: Checking 'MatchesViewAssertion(Detox){viewMatcher=(view has effective visibility <VISIBLE> and view.getGlobalVisibleRect() covers at least <75> percent of the view's area)}' assertion on view (view.getTag() is "dashboard-add-expense-button" and view has effective visibility <VISIBLE>)
03-14 22:20:56.023  4045  4045 I ViewInteraction: Checking 'MatchesViewAssertion(Detox){viewMatcher=(view has effective visibility <VISIBLE> and view.getGlobalVisibleRect() covers at least <75> percent of the view's area)}' assertion on view (view.getTag() is "dashboard-add-expense-button" and view has effective visibility <VISIBLE>)
03-14 22:20:56.059  4045  4045 I ViewInteraction: Checking 'MatchesViewAssertion(Detox){viewMatcher=(view has effective visibility <VISIBLE> and view.getGlobalVisibleRect() covers at least <75> percent of the view's area)}' assertion on view (view.getTag() is "dashboard-add-expense-button" and view has effective visibility <VISIBLE>)
03-14 22:20:56.097  4045  4045 I ViewInteraction: Checking 'MatchesViewAssertion(Detox){viewMatcher=(view has effective visibility <VISIBLE> and view.getGlobalVisibleRect() covers at least <75> percent of the view's area)}' assertion on view (view.getTag() is "dashboard-add-expense-button" and view has effective visibility <VISIBLE>)
03-14 22:20:56.144  4045  4045 I ViewInteraction: Checking 'MatchesViewAssertion(Detox){viewMatcher=(view has effective visibility <VISIBLE> and view.getGlobalVisibleRect() covers at least <75> percent of the view's area)}' assertion on view (view.getTag() is "dashboard-add-expense-button" and view has effective visibility <VISIBLE>)
03-14 22:20:56.178  4045  4045 I ViewInteraction: Checking 'MatchesViewAssertion(Detox){viewMatcher=(view has effective visibility <VISIBLE> and view.getGlobalVisibleRect() covers at least <75> percent of the view's area)}' assertion on view (view.getTag() is "dashboard-add-expense-button" and view has effective visibility <VISIBLE>)
03-14 22:20:56.213  4045  4045 I ViewInteraction: Checking 'MatchesViewAssertion(Detox){viewMatcher=(view has effective visibility <VISIBLE> and view.getGlobalVisibleRect() covers at least <75> percent of the view's area)}' assertion on view (view.getTag() is "dashboard-add-expense-button" and view has effective visibility <VISIBLE>)
03-14 22:20:56.251  4045  4045 I ViewInteraction: Checking 'MatchesViewAssertion(Detox){viewMatcher=(view has effective visibility <VISIBLE> and view.getGlobalVisibleRect() covers at least <75> percent of the view's area)}' assertion on view (view.getTag() is "dashboard-add-expense-button" and view has effective visibility <VISIBLE>)
03-14 22:20:56.296  4045  4045 I ViewInteraction: Checking 'MatchesViewAssertion(Detox){viewMatcher=(view has effective visibility <VISIBLE> and view.getGlobalVisibleRect() covers at least <75> percent of the view's area)}' assertion on view (view.getTag() is "dashboard-add-expense-button" and view has effective visibility <VISIBLE>)
03-14 22:20:56.333  4045  4045 I ViewInteraction: Checking 'MatchesViewAssertion(Detox){viewMatcher=(view has effective visibility <VISIBLE> and view.getGlobalVisibleRect() covers at least <75> percent of the view's area)}' assertion on view (view.getTag() is "dashboard-add-expense-button" and view has effective visibility <VISIBLE>)
03-14 22:20:56.365  4045  4045 I ViewInteraction: Checking 'MatchesViewAssertion(Detox){viewMatcher=(view has effective visibility <VISIBLE> and view.getGlobalVisibleRect() covers at least <75> percent of the view's area)}' assertion on view (view.getTag() is "dashboard-add-expense-button" and view has effective visibility <VISIBLE>)
03-14 22:20:56.399  4045  4045 I ViewInteraction: Checking 'MatchesViewAssertion(Detox){viewMatcher=(view has effective visibility <VISIBLE> and view.getGlobalVisibleRect() covers at least <75> percent of the view's area)}' assertion on view (view.getTag() is "dashboard-add-expense-button" and view has effective visibility <VISIBLE>)
03-14 22:20:56.410  4045  4504 D TrafficStats: tagSocket(113) with statsTag=0xffffffff, statsUid=-1
03-14 22:20:56.430  4045  4045 I ViewInteraction: Checking 'MatchesViewAssertion(Detox){viewMatcher=(view has effective visibility <VISIBLE> and view.getGlobalVisibleRect() covers at least <75> percent of the view's area)}' assertion on view (view.getTag() is "dashboard-add-expense-button" and view has effective visibility <VISIBLE>)
03-14 22:20:56.464  4045  4045 I ViewInteraction: Checking 'MatchesViewAssertion(Detox){viewMatcher=(view has effective visibility <VISIBLE> and view.getGlobalVisibleRect() covers at least <75> percent of the view's area)}' assertion on view (view.getTag() is "dashboard-add-expense-button" and view has effective visibility <VISIBLE>)
03-14 22:20:56.497  4045  4045 I ViewInteraction: Checking 'MatchesViewAssertion(Detox){viewMatcher=(view has effective visibility <VISIBLE> and view.getGlobalVisibleRect() covers at least <75> percent of the view's area)}' assertion on view (view.getTag() is "dashboard-add-expense-button" and view has effective visibility <VISIBLE>)
03-14 22:20:56.529  4045  4045 I ViewInteraction: Checking 'MatchesViewAssertion(Detox){viewMatcher=(view has effective visibility <VISIBLE> and view.getGlobalVisibleRect() covers at least <75> percent of the view's area)}' assertion on view (view.getTag() is "dashboard-add-expense-button" and view has effective visibility <VISIBLE>)
03-14 22:20:56.562  4045  4045 I ViewInteraction: Checking 'MatchesViewAssertion(Detox){viewMatcher=(view has effective visibility <VISIBLE> and view.getGlobalVisibleRect() covers at least <75> percent of the view's area)}' assertion on view (view.getTag() is "dashboard-add-expense-button" and view has effective visibility <VISIBLE>)
03-14 22:20:56.597  4045  4045 I ViewInteraction: Checking 'MatchesViewAssertion(Detox){viewMatcher=(view has effective visibility <VISIBLE> and view.getGlobalVisibleRect() covers at least <75> percent of the view's area)}' assertion on view (view.getTag() is "dashboard-add-expense-button" and view has effective visibility <VISIBLE>)
03-14 22:20:56.634  4045  4045 I ViewInteraction: Checking 'MatchesViewAssertion(Detox){viewMatcher=(view has effective visibility <VISIBLE> and view.getGlobalVisibleRect() covers at least <75> percent of the view's area)}' assertion on view (view.getTag() is "dashboard-add-expense-button" and view has effective visibility <VISIBLE>)
03-14 22:20:56.666  4045  4045 I ViewInteraction: Checking 'MatchesViewAssertion(Detox){viewMatcher=(view has effective visibility <VISIBLE> and view.getGlobalVisibleRect() covers at least <75> percent of the view's area)}' assertion on view (view.getTag() is "dashboard-add-expense-button" and view has effective visibility <VISIBLE>)
03-14 22:20:56.700  4045  4045 I ViewInteraction: Checking 'MatchesViewAssertion(Detox){viewMatcher=(view has effective visibility <VISIBLE> and view.getGlobalVisibleRect() covers at least <75> percent of the view's area)}' assertion on view (view.getTag() is "dashboard-add-expense-button" and view has effective visibility <VISIBLE>)
03-14 22:20:56.734  4045  4045 I ViewInteraction: Checking 'MatchesViewAssertion(Detox){viewMatcher=(view has effective visibility <VISIBLE> and view.getGlobalVisibleRect() covers at least <75> percent of the view's area)}' assertion on view (view.getTag() is "dashboard-add-expense-button" and view has effective visibility <VISIBLE>)
03-14 22:20:56.766  4045  4045 I ViewInteraction: Checking 'MatchesViewAssertion(Detox){viewMatcher=(view has effective visibility <VISIBLE> and view.getGlobalVisibleRect() covers at least <75> percent of the view's area)}' assertion on view (view.getTag() is "dashboard-add-expense-button" and view has effective visibility <VISIBLE>)
03-14 22:20:56.809  4045  4045 I ViewInteraction: Checking 'MatchesViewAssertion(Detox){viewMatcher=(view has effective visibility <VISIBLE> and view.getGlobalVisibleRect() covers at least <75> percent of the view's area)}' assertion on view (view.getTag() is "dashboard-add-expense-button" and view has effective visibility <VISIBLE>)
03-14 22:20:56.844  4045  4045 I ViewInteraction: Checking 'MatchesViewAssertion(Detox){viewMatcher=(view has effective visibility <VISIBLE> and view.getGlobalVisibleRect() covers at least <75> percent of the view's area)}' assertion on view (view.getTag() is "dashboard-add-expense-button" and view has effective visibility <VISIBLE>)
03-14 22:20:56.876  4045  4045 I ViewInteraction: Checking 'MatchesViewAssertion(Detox){viewMatcher=(view has effective visibility <VISIBLE> and view.getGlobalVisibleRect() covers at least <75> percent of the view's area)}' assertion on view (view.getTag() is "dashboard-add-expense-button" and view has effective visibility <VISIBLE>)
03-14 22:20:56.906  4045  4045 I ViewInteraction: Checking 'MatchesViewAssertion(Detox){viewMatcher=(view has effective visibility <VISIBLE> and view.getGlobalVisibleRect() covers at least <75> percent of the view's area)}' assertion on view (view.getTag() is "dashboard-add-expense-button" and view has effective visibility <VISIBLE>)
03-14 22:20:56.936  4045  4045 I ViewInteraction: Checking 'MatchesViewAssertion(Detox){viewMatcher=(view has effective visibility <VISIBLE> and view.getGlobalVisibleRect() covers at least <75> percent of the view's area)}' assertion on view (view.getTag() is "dashboard-add-expense-button" and view has effective visibility <VISIBLE>)
03-14 22:20:56.975  4045  4045 I ViewInteraction: Checking 'MatchesViewAssertion(Detox){viewMatcher=(view has effective visibility <VISIBLE> and view.getGlobalVisibleRect() covers at least <75> percent of the view's area)}' assertion on view (view.getTag() is "dashboard-add-expense-button" and view has effective visibility <VISIBLE>)
03-14 22:20:57.004  4045  4045 I ViewInteraction: Checking 'MatchesViewAssertion(Detox){viewMatcher=(view has effective visibility <VISIBLE> and view.getGlobalVisibleRect() covers at least <75> percent of the view's area)}' assertion on view (view.getTag() is "dashboard-add-expense-button" and view has effective visibility <VISIBLE>)
03-14 22:20:57.034  4045  4045 I ViewInteraction: Checking 'MatchesViewAssertion(Detox){viewMatcher=(view has effective visibility <VISIBLE> and view.getGlobalVisibleRect() covers at least <75> percent of the view's area)}' assertion on view (view.getTag() is "dashboard-add-expense-button" and view has effective visibility <VISIBLE>)
03-14 22:20:57.068  4045  4045 I ViewInteraction: Checking 'MatchesViewAssertion(Detox){viewMatcher=(view has effective visibility <VISIBLE> and view.getGlobalVisibleRect() covers at least <75> percent of the view's area)}' assertion on view (view.getTag() is "dashboard-add-expense-button" and view has effective visibility <VISIBLE>)
03-14 22:20:57.100  4045  4045 I ViewInteraction: Checking 'MatchesViewAssertion(Detox){viewMatcher=(view has effective visibility <VISIBLE> and view.getGlobalVisibleRect() covers at least <75> percent of the view's area)}' assertion on view (view.getTag() is "dashboard-add-expense-button" and view has effective visibility <VISIBLE>)
03-14 22:20:57.133  4045  4045 I ViewInteraction: Checking 'MatchesViewAssertion(Detox){viewMatcher=(view has effective visibility <VISIBLE> and view.getGlobalVisibleRect() covers at least <75> percent of the view's area)}' assertion on view (view.getTag() is "dashboard-add-expense-button" and view has effective visibility <VISIBLE>)
03-14 22:20:57.163  4045  4045 I ViewInteraction: Checking 'MatchesViewAssertion(Detox){viewMatcher=(view has effective visibility <VISIBLE> and view.getGlobalVisibleRect() covers at least <75> percent of the view's area)}' assertion on view (view.getTag() is "dashboard-add-expense-button" and view has effective visibility <VISIBLE>)
03-14 22:20:57.192  4045  4045 I ViewInteraction: Checking 'MatchesViewAssertion(Detox){viewMatcher=(view has effective visibility <VISIBLE> and view.getGlobalVisibleRect() covers at least <75> percent of the view's area)}' assertion on view (view.getTag() is "dashboard-add-expense-button" and view has effective visibility <VISIBLE>)
03-14 22:20:57.219  4045  4045 I ViewInteraction: Checking 'MatchesViewAssertion(Detox){viewMatcher=(view has effective visibility <VISIBLE> and view.getGlobalVisibleRect() covers at least <75> percent of the view's area)}' assertion on view (view.getTag() is "dashboard-add-expense-button" and view has effective visibility <VISIBLE>)
03-14 22:20:57.247  4045  4045 I ViewInteraction: Checking 'MatchesViewAssertion(Detox){viewMatcher=(view has effective visibility <VISIBLE> and view.getGlobalVisibleRect() covers at least <75> percent of the view's area)}' assertion on view (view.getTag() is "dashboard-add-expense-button" and view has effective visibility <VISIBLE>)
03-14 22:20:57.277  4045  4045 I ViewInteraction: Checking 'MatchesViewAssertion(Detox){viewMatcher=(view has effective visibility <VISIBLE> and view.getGlobalVisibleRect() covers at least <75> percent of the view's area)}' assertion on view (view.getTag() is "dashboard-add-expense-button" and view has effective visibility <VISIBLE>)
03-14 22:20:57.309  4045  4045 I ViewInteraction: Checking 'MatchesViewAssertion(Detox){viewMatcher=(view has effective visibility <VISIBLE> and view.getGlobalVisibleRect() covers at least <75> percent of the view's area)}' assertion on view (view.getTag() is "dashboard-add-expense-button" and view has effective visibility <VISIBLE>)
03-14 22:20:57.340  4045  4045 I ViewInteraction: Checking 'MatchesViewAssertion(Detox){viewMatcher=(view has effective visibility <VISIBLE> and view.getGlobalVisibleRect() covers at least <75> percent of the view's area)}' assertion on view (view.getTag() is "dashboard-add-expense-button" and view has effective visibility <VISIBLE>)
03-14 22:20:57.372  4045  4045 I ViewInteraction: Checking 'MatchesViewAssertion(Detox){viewMatcher=(view has effective visibility <VISIBLE> and view.getGlobalVisibleRect() covers at least <75> percent of the view's area)}' assertion on view (view.getTag() is "dashboard-add-expense-button" and view has effective visibility <VISIBLE>)
03-14 22:20:57.412  4045  4045 I ViewInteraction: Checking 'MatchesViewAssertion(Detox){viewMatcher=(view has effective visibility <VISIBLE> and view.getGlobalVisibleRect() covers at least <75> percent of the view's area)}' assertion on view (view.getTag() is "dashboard-add-expense-button" and view has effective visibility <VISIBLE>)
03-14 22:20:57.445  4045  4045 I ViewInteraction: Checking 'MatchesViewAssertion(Detox){viewMatcher=(view has effective visibility <VISIBLE> and view.getGlobalVisibleRect() covers at least <75> percent of the view's area)}' assertion on view (view.getTag() is "dashboard-add-expense-button" and view has effective visibility <VISIBLE>)
03-14 22:20:57.479  4045  4045 I ViewInteraction: Checking 'MatchesViewAssertion(Detox){viewMatcher=(view has effective visibility <VISIBLE> and view.getGlobalVisibleRect() covers at least <75> percent of the view's area)}' assertion on view (view.getTag() is "dashboard-add-expense-button" and view has effective visibility <VISIBLE>)
03-14 22:20:57.512  4045  4045 I ViewInteraction: Checking 'MatchesViewAssertion(Detox){viewMatcher=(view has effective visibility <VISIBLE> and view.getGlobalVisibleRect() covers at least <75> percent of the view's area)}' assertion on view (view.getTag() is "dashboard-add-expense-button" and view has effective visibility <VISIBLE>)
03-14 22:20:57.545  4045  4045 I ViewInteraction: Checking 'MatchesViewAssertion(Detox){viewMatcher=(view has effective visibility <VISIBLE> and view.getGlobalVisibleRect() covers at least <75> percent of the view's area)}' assertion on view (view.getTag() is "dashboard-add-expense-button" and view has effective visibility <VISIBLE>)
03-14 22:20:57.571  4045  4045 I ViewInteraction: Checking 'MatchesViewAssertion(Detox){viewMatcher=(view has effective visibility <VISIBLE> and view.getGlobalVisibleRect() covers at least <75> percent of the view's area)}' assertion on view (view.getTag() is "dashboard-add-expense-button" and view has effective visibility <VISIBLE>)
03-14 22:20:57.604  4045  4045 I ViewInteraction: Checking 'MatchesViewAssertion(Detox){viewMatcher=(view has effective visibility <VISIBLE> and view.getGlobalVisibleRect() covers at least <75> percent of the view's area)}' assertion on view (view.getTag() is "dashboard-add-expense-button" and view has effective visibility <VISIBLE>)
03-14 22:20:57.638  4045  4045 I ViewInteraction: Checking 'MatchesViewAssertion(Detox){viewMatcher=(view has effective visibility <VISIBLE> and view.getGlobalVisibleRect() covers at least <75> percent of the view's area)}' assertion on view (view.getTag() is "dashboard-add-expense-button" and view has effective visibility <VISIBLE>)
03-14 22:20:57.673  4045  4045 I ViewInteraction: Checking 'MatchesViewAssertion(Detox){viewMatcher=(view has effective visibility <VISIBLE> and view.getGlobalVisibleRect() covers at least <75> percent of the view's area)}' assertion on view (view.getTag() is "dashboard-add-expense-button" and view has effective visibility <VISIBLE>)
03-14 22:20:57.705  4045  4045 I ViewInteraction: Checking 'MatchesViewAssertion(Detox){viewMatcher=(view has effective visibility <VISIBLE> and view.getGlobalVisibleRect() covers at least <75> percent of the view's area)}' assertion on view (view.getTag() is "dashboard-add-expense-button" and view has effective visibility <VISIBLE>)
03-14 22:20:57.738  4045  4045 I ViewInteraction: Checking 'MatchesViewAssertion(Detox){viewMatcher=(view has effective visibility <VISIBLE> and view.getGlobalVisibleRect() covers at least <75> percent of the view's area)}' assertion on view (view.getTag() is "dashboard-add-expense-button" and view has effective visibility <VISIBLE>)
03-14 22:20:57.770  4045  4045 I ViewInteraction: Checking 'MatchesViewAssertion(Detox){viewMatcher=(view has effective visibility <VISIBLE> and view.getGlobalVisibleRect() covers at least <75> percent of the view's area)}' assertion on view (view.getTag() is "dashboard-add-expense-button" and view has effective visibility <VISIBLE>)
03-14 22:20:57.807  4045  4045 I ViewInteraction: Checking 'MatchesViewAssertion(Detox){viewMatcher=(view has effective visibility <VISIBLE> and view.getGlobalVisibleRect() covers at least <75> percent of the view's area)}' assertion on view (view.getTag() is "dashboard-add-expense-button" and view has effective visibility <VISIBLE>)
03-14 22:20:57.842  4045  4045 I ViewInteraction: Checking 'MatchesViewAssertion(Detox){viewMatcher=(view has effective visibility <VISIBLE> and view.getGlobalVisibleRect() covers at least <75> percent of the view's area)}' assertion on view (view.getTag() is "dashboard-add-expense-button" and view has effective visibility <VISIBLE>)
03-14 22:20:57.880  4045  4045 I ViewInteraction: Checking 'MatchesViewAssertion(Detox){viewMatcher=(view has effective visibility <VISIBLE> and view.getGlobalVisibleRect() covers at least <75> percent of the view's area)}' assertion on view (view.getTag() is "dashboard-add-expense-button" and view has effective visibility <VISIBLE>)
03-14 22:20:57.916  4045  4045 I ViewInteraction: Checking 'MatchesViewAssertion(Detox){viewMatcher=(view has effective visibility <VISIBLE> and view.getGlobalVisibleRect() covers at least <75> percent of the view's area)}' assertion on view (view.getTag() is "dashboard-add-expense-button" and view has effective visibility <VISIBLE>)
03-14 22:20:57.946  4045  4045 I ViewInteraction: Checking 'MatchesViewAssertion(Detox){viewMatcher=(view has effective visibility <VISIBLE> and view.getGlobalVisibleRect() covers at least <75> percent of the view's area)}' assertion on view (view.getTag() is "dashboard-add-expense-button" and view has effective visibility <VISIBLE>)
03-14 22:20:57.976  4045  4045 I ViewInteraction: Checking 'MatchesViewAssertion(Detox){viewMatcher=(view has effective visibility <VISIBLE> and view.getGlobalVisibleRect() covers at least <75> percent of the view's area)}' assertion on view (view.getTag() is "dashboard-add-expense-button" and view has effective visibility <VISIBLE>)
03-14 22:20:58.010  4045  4045 I ViewInteraction: Checking 'MatchesViewAssertion(Detox){viewMatcher=(view has effective visibility <VISIBLE> and view.getGlobalVisibleRect() covers at least <75> percent of the view's area)}' assertion on view (view.getTag() is "dashboard-add-expense-button" and view has effective visibility <VISIBLE>)
