--------- beginning of main
03-14 23:01:01.942 14172 14172 I .studentfinance: Late-enabling -Xcheck:jni
03-14 23:01:02.000 14172 14172 I .studentfinance: Using CollectorTypeCMC GC.
03-14 23:01:02.002 14172 14172 W .studentfinance: Unexpected CPU variant for x86: x86_64.
03-14 23:01:02.002 14172 14172 W .studentfinance: Known variants: atom, sandybridge, silvermont, goldmont, goldmont-plus, goldmont-without-sha-xsaves, tremont, kabylake, default
03-14 23:01:02.014 14172 14172 D nativeloader: Load libframework-connectivity-tiramisu-jni.so using APEX ns com_android_tethering for caller /apex/com.android.tethering/javalib/framework-connectivity-t.jar: ok
--------- beginning of system
03-14 23:01:02.043 14172 14172 W ActivityThread: Package uses different ABI(s) than its instrumentation: package[com.mcfuzzysquirrel.studentfinance]: x86_64, null instrumentation[com.mcfuzzysquirrel.studentfinance.test]: null, null
03-14 23:01:02.047 14172 14172 W .studentfinance: ClassLoaderContext shared library size mismatch. Expected=2, found=0 (PCL[]{PCL[/system/framework/android.test.base.jar*724373495]#PCL[/system/framework/android.test.mock.jar*1452759902]} | PCL[])
03-14 23:01:02.049 14172 14172 W .studentfinance: ClassLoaderContext classpath size mismatch. expected=0, found=1 (PCL[] | PCL[/system/framework/android.test.runner.jar*2496447986])
03-14 23:01:02.051 14172 14172 W .studentfinance: ClassLoaderContext classpath size mismatch. expected=0, found=2 (PCL[] | PCL[/system/framework/android.test.runner.jar*2496447986:/system/framework/android.test.mock.jar*1452759902])
03-14 23:01:02.052 14172 14172 W ziparchive: Unable to open '/data/app/~~jlDdMa7YJ2KCcmdo4JHU-Q==/com.mcfuzzysquirrel.studentfinance.test-YiBpcuh5N-ewevoNfoonZg==/base.dm': No such file or directory
03-14 23:01:02.052 14172 14172 W ziparchive: Unable to open '/data/app/~~jlDdMa7YJ2KCcmdo4JHU-Q==/com.mcfuzzysquirrel.studentfinance.test-YiBpcuh5N-ewevoNfoonZg==/base.dm': No such file or directory
03-14 23:01:02.176 14172 14172 W ziparchive: Unable to open '/data/app/~~wRzbvG75nM6MLt9mhOT8kw==/com.mcfuzzysquirrel.studentfinance-JYvgJb_EqJGe5B4qYL6Sfg==/base.dm': No such file or directory
03-14 23:01:02.176 14172 14172 W ziparchive: Unable to open '/data/app/~~wRzbvG75nM6MLt9mhOT8kw==/com.mcfuzzysquirrel.studentfinance-JYvgJb_EqJGe5B4qYL6Sfg==/base.dm': No such file or directory
03-14 23:01:02.599 14172 14172 D nativeloader: Configuring clns-7 for other apk /system/framework/android.test.runner.jar:/system/framework/android.test.mock.jar:/system/framework/android.test.base.jar:/data/app/~~jlDdMa7YJ2KCcmdo4JHU-Q==/com.mcfuzzysquirrel.studentfinance.test-YiBpcuh5N-ewevoNfoonZg==/base.apk:/data/app/~~wRzbvG75nM6MLt9mhOT8kw==/com.mcfuzzysquirrel.studentfinance-JYvgJb_EqJGe5B4qYL6Sfg==/base.apk. target_sdk_version=36, uses_libraries=, library_path=/data/app/~~jlDdMa7YJ2KCcmdo4JHU-Q==/com.mcfuzzysquirrel.studentfinance.test-YiBpcuh5N-ewevoNfoonZg==/lib/x86_64:/data/app/~~wRzbvG75nM6MLt9mhOT8kw==/com.mcfuzzysquirrel.studentfinance-JYvgJb_EqJGe5B4qYL6Sfg==/lib/x86_64:/data/app/~~jlDdMa7YJ2KCcmdo4JHU-Q==/com.mcfuzzysquirrel.studentfinance.test-YiBpcuh5N-ewevoNfoonZg==/base.apk!/lib/x86_64:/data/app/~~wRzbvG75nM6MLt9mhOT8kw==/com.mcfuzzysquirrel.studentfinance-JYvgJb_EqJGe5B4qYL6Sfg==/base.apk!/lib/x86_64, permitted_path=/data:/mnt/expand:/data/user/0/com.mcfuzzysquirrel.studentfinance
03-14 23:01:02.606 14172 14172 V GraphicsEnvironment: Currently set values for:
03-14 23:01:02.606 14172 14172 V GraphicsEnvironment:   angle_gl_driver_selection_pkgs=[]
03-14 23:01:02.606 14172 14172 V GraphicsEnvironment:   angle_gl_driver_selection_values=[]
03-14 23:01:02.607 14172 14172 V GraphicsEnvironment: Global.Settings values are invalid: number of packages: 0, number of values: 0
03-14 23:01:02.607 14172 14172 V GraphicsEnvironment: Neither updatable production driver nor prerelease driver is supported.
03-14 23:01:02.611 14172 14172 D ApplicationLoaders: Returning zygote-cached class loader: /system/framework/android.test.base.jar
03-14 23:01:02.613 14172 14172 D nativeloader: Configuring clns-8 for other apk /system/framework/android.test.mock.jar. target_sdk_version=36, uses_libraries=ALL, library_path=/data/app/~~jlDdMa7YJ2KCcmdo4JHU-Q==/com.mcfuzzysquirrel.studentfinance.test-YiBpcuh5N-ewevoNfoonZg==/lib/x86_64:/data/app/~~wRzbvG75nM6MLt9mhOT8kw==/com.mcfuzzysquirrel.studentfinance-JYvgJb_EqJGe5B4qYL6Sfg==/lib/x86_64, permitted_path=/data:/mnt/expand
03-14 23:01:02.614 14172 14172 D ApplicationLoaders: Returning zygote-cached class loader: /system/framework/android.test.base.jar
03-14 23:01:02.618 14172 14172 D nativeloader: Configuring clns-9 for other apk /system/framework/android.test.runner.jar. target_sdk_version=36, uses_libraries=ALL, library_path=/data/app/~~jlDdMa7YJ2KCcmdo4JHU-Q==/com.mcfuzzysquirrel.studentfinance.test-YiBpcuh5N-ewevoNfoonZg==/lib/x86_64:/data/app/~~wRzbvG75nM6MLt9mhOT8kw==/com.mcfuzzysquirrel.studentfinance-JYvgJb_EqJGe5B4qYL6Sfg==/lib/x86_64, permitted_path=/data:/mnt/expand
03-14 23:01:02.623 14172 14172 W .studentfinance: ClassLoaderContext shared library size mismatch. Expected=2, found=3 (PCL[]{PCL[/system/framework/android.test.base.jar*724373495]#PCL[/system/framework/android.test.mock.jar*1452759902]} | PCL[]{PCL[/system/framework/android.test.base.jar*724373495]#PCL[/system/framework/android.test.mock.jar*1452759902]#PCL[/system/framework/android.test.runner.jar*2496447986]{PCL[/system/framework/android.test.base.jar*724373495]#PCL[/system/framework/android.test.mock.jar*1452759902]}};PCL[/system/framework/android.test.runner.jar*2496447986:/system/framework/android.test.mock.jar*1452759902:/system/framework/android.test.base.jar*724373495:/data/app/~~jlDdMa7YJ2KCcmdo4JHU-Q==/com.mcfuzzysquirrel.studentfinance.test-YiBpcuh5N-ewevoNfoonZg==/base.apk*3224200876:/data/app/~~wRzbvG75nM6MLt9mhOT8kw==/com.mcfuzzysquirrel.studentfinance-JYvgJb_EqJGe5B4qYL6Sfg==/base.apk*2060289533])
03-14 23:01:02.625 14172 14172 W .studentfinance: ClassLoaderContext classpath size mismatch. expected=0, found=1 (PCL[] | PCL[/system/framework/android.test.runner.jar*2496447986]{PCL[/system/framework/android.test.base.jar*724373495]#PCL[/system/framework/android.test.mock.jar*1452759902]#PCL[/system/framework/android.test.runner.jar*2496447986]{PCL[/system/framework/android.test.base.jar*724373495]#PCL[/system/framework/android.test.mock.jar*1452759902]}};PCL[/system/framework/android.test.runner.jar*2496447986:/system/framework/android.test.mock.jar*1452759902:/system/framework/android.test.base.jar*724373495:/data/app/~~jlDdMa7YJ2KCcmdo4JHU-Q==/com.mcfuzzysquirrel.studentfinance.test-YiBpcuh5N-ewevoNfoonZg==/base.apk*3224200876:/data/app/~~wRzbvG75nM6MLt9mhOT8kw==/com.mcfuzzysquirrel.studentfinance-JYvgJb_EqJGe5B4qYL6Sfg==/base.apk*2060289533])
03-14 23:01:02.626 14172 14172 W .studentfinance: ClassLoaderContext classpath size mismatch. expected=0, found=2 (PCL[] | PCL[/system/framework/android.test.runner.jar*2496447986:/system/framework/android.test.mock.jar*1452759902]{PCL[/system/framework/android.test.base.jar*724373495]#PCL[/system/framework/android.test.mock.jar*1452759902]#PCL[/system/framework/android.test.runner.jar*2496447986]{PCL[/system/framework/android.test.base.jar*724373495]#PCL[/system/framework/android.test.mock.jar*1452759902]}};PCL[/system/framework/android.test.runner.jar*2496447986:/system/framework/android.test.mock.jar*1452759902:/system/framework/android.test.base.jar*724373495:/data/app/~~jlDdMa7YJ2KCcmdo4JHU-Q==/com.mcfuzzysquirrel.studentfinance.test-YiBpcuh5N-ewevoNfoonZg==/base.apk*3224200876:/data/app/~~wRzbvG75nM6MLt9mhOT8kw==/com.mcfuzzysquirrel.studentfinance-JYvgJb_EqJGe5B4qYL6Sfg==/base.apk*2060289533])
03-14 23:01:02.627 14172 14172 W ziparchive: Unable to open '/data/app/~~jlDdMa7YJ2KCcmdo4JHU-Q==/com.mcfuzzysquirrel.studentfinance.test-YiBpcuh5N-ewevoNfoonZg==/base.dm': No such file or directory
03-14 23:01:02.627 14172 14172 W ziparchive: Unable to open '/data/app/~~jlDdMa7YJ2KCcmdo4JHU-Q==/com.mcfuzzysquirrel.studentfinance.test-YiBpcuh5N-ewevoNfoonZg==/base.dm': No such file or directory
03-14 23:01:02.719 14172 14172 W ziparchive: Unable to open '/data/app/~~wRzbvG75nM6MLt9mhOT8kw==/com.mcfuzzysquirrel.studentfinance-JYvgJb_EqJGe5B4qYL6Sfg==/base.dm': No such file or directory
03-14 23:01:02.719 14172 14172 W ziparchive: Unable to open '/data/app/~~wRzbvG75nM6MLt9mhOT8kw==/com.mcfuzzysquirrel.studentfinance-JYvgJb_EqJGe5B4qYL6Sfg==/base.dm': No such file or directory
03-14 23:01:03.101 14172 14172 I AndroidJUnitRunner: newApplication com.mcfuzzysquirrel.studentfinance.MainApplication
03-14 23:01:03.132 14172 14172 I AndroidJUnitRunner: onCreate Bundle[mParcelledData.dataSize=312]
03-14 23:01:03.133 14172 14172 D AndroidJUnitRunner: Use the raw file system for managing file I/O.
03-14 23:01:03.248 14172 14172 V TestEventClient: No service name argument was given (testDiscoveryService, testRunEventService or orchestratorService)
03-14 23:01:03.249 14172 14196 D AndroidJUnitRunner: onStart is called.
03-14 23:01:03.256 14172 14172 W SoLoader: Initializing SoLoader: 0
03-14 23:01:03.257 14172 14172 W SoLoader: Recording new base apk path: /data/app/~~wRzbvG75nM6MLt9mhOT8kw==/com.mcfuzzysquirrel.studentfinance-JYvgJb_EqJGe5B4qYL6Sfg==/base.apk
03-14 23:01:03.257 14172 14172 W SoLoader: Previously recorded 0 base apk paths.
03-14 23:01:03.260 14172 14172 I SoLoader: Preparing SO source: DirectorySoSource[root = /vendor/lib64 flags = 2]
03-14 23:01:03.260 14172 14172 I SoLoader: Preparing SO source: DirectorySoSource[root = /system/lib64 flags = 2]
03-14 23:01:03.260 14172 14172 I SoLoader: Preparing SO source: DirectApkSoSource[root = [/data/app/~~wRzbvG75nM6MLt9mhOT8kw==/com.mcfuzzysquirrel.studentfinance-JYvgJb_EqJGe5B4qYL6Sfg==/base.apk!/lib/x86_64]]
03-14 23:01:03.295 14172 14172 I SoLoader: Preparing SO source: ApplicationSoSource[DirectorySoSource[root = /data/app/~~wRzbvG75nM6MLt9mhOT8kw==/com.mcfuzzysquirrel.studentfinance-JYvgJb_EqJGe5B4qYL6Sfg==/lib/x86_64 flags = 0]]
03-14 23:01:03.295 14172 14172 I SoLoader: init finish: 4 SO sources prepared
03-14 23:01:03.296 14172 14172 W SoLoader: SoLoader initialized: 8
03-14 23:01:03.324 14172 14172 D nativeloader: Load /data/app/~~wRzbvG75nM6MLt9mhOT8kw==/com.mcfuzzysquirrel.studentfinance-JYvgJb_EqJGe5B4qYL6Sfg==/base.apk!/lib/x86_64/libc++_shared.so using ns clns-7 from class loader (caller=/data/app/~~wRzbvG75nM6MLt9mhOT8kw==/com.mcfuzzysquirrel.studentfinance-JYvgJb_EqJGe5B4qYL6Sfg==/base.apk): ok
03-14 23:01:03.334 14172 14172 D nativeloader: Load /data/app/~~wRzbvG75nM6MLt9mhOT8kw==/com.mcfuzzysquirrel.studentfinance-JYvgJb_EqJGe5B4qYL6Sfg==/base.apk!/lib/x86_64/libjsi.so using ns clns-7 from class loader (caller=/data/app/~~wRzbvG75nM6MLt9mhOT8kw==/com.mcfuzzysquirrel.studentfinance-JYvgJb_EqJGe5B4qYL6Sfg==/base.apk): ok
03-14 23:01:03.356 14172 14172 D nativeloader: Load /data/app/~~wRzbvG75nM6MLt9mhOT8kw==/com.mcfuzzysquirrel.studentfinance-JYvgJb_EqJGe5B4qYL6Sfg==/base.apk!/lib/x86_64/libfbjni.so using ns clns-7 from class loader (caller=/data/app/~~wRzbvG75nM6MLt9mhOT8kw==/com.mcfuzzysquirrel.studentfinance-JYvgJb_EqJGe5B4qYL6Sfg==/base.apk): ok
03-14 23:01:03.364 14172 14172 D nativeloader: Load /data/app/~~wRzbvG75nM6MLt9mhOT8kw==/com.mcfuzzysquirrel.studentfinance-JYvgJb_EqJGe5B4qYL6Sfg==/base.apk!/lib/x86_64/libreactnative.so using ns clns-7 from class loader (caller=/data/app/~~wRzbvG75nM6MLt9mhOT8kw==/com.mcfuzzysquirrel.studentfinance-JYvgJb_EqJGe5B4qYL6Sfg==/base.apk): ok
03-14 23:01:03.364 14172 14172 D jni_lib_merge: Entering merged library JNI_OnLoad.
03-14 23:01:03.364 14172 14172 D jni_lib_merge: Preparing 12 pre-merged libs (including stub)
03-14 23:01:03.364 14172 14172 D jni_lib_merge: Preparing to register libfabricjni_so.  onload_func: 0x727ce7740730
03-14 23:01:03.364 14172 14172 D jni_lib_merge: Preparing to register libreact_devsupportjni_so.  onload_func: 0x727ce793d190
03-14 23:01:03.364 14172 14172 D jni_lib_merge: Preparing to register libreact_featureflagsjni_so.  onload_func: 0x727ce794e910
03-14 23:01:03.364 14172 14172 D jni_lib_merge: Preparing to register libreact_newarchdefaults_so.  onload_func: 0x727ce79efd20
03-14 23:01:03.364 14172 14172 D jni_lib_merge: Preparing to register libreactnativeblob_so.  onload_func: 0x727ce7bfa2e0
03-14 23:01:03.364 14172 14172 D jni_lib_merge: Preparing to register libreactnativejni_so.  onload_func: 0x727ce7c3a770
03-14 23:01:03.364 14172 14172 D jni_lib_merge: Preparing to register libreactnativejni_common_so.  onload_func: 0x727ce7c4a5d0
03-14 23:01:03.364 14172 14172 D jni_lib_merge: Preparing to register librninstance_so.  onload_func: 0x727ce7c874c0
03-14 23:01:03.364 14172 14172 D jni_lib_merge: Preparing to register libturbomodulejsijni_so.  onload_func: 0x727ce7de8c00
03-14 23:01:03.364 14172 14172 D jni_lib_merge: Preparing to register libuimanagerjni_so.  onload_func: 0x727ce7e00de0
03-14 23:01:03.364 14172 14172 D jni_lib_merge: Preparing to register libyoga_so.  onload_func: 0x727ce7e0fd70
03-14 23:01:03.364 14172 14172 D jni_lib_merge: About to register 11 actual methods.
03-14 23:01:03.416 14172 14172 D nativeloader: Load /data/app/~~wRzbvG75nM6MLt9mhOT8kw==/com.mcfuzzysquirrel.studentfinance-JYvgJb_EqJGe5B4qYL6Sfg==/base.apk!/lib/x86_64/libreact_codegen_rnscreens.so using ns clns-7 from class loader (caller=/data/app/~~wRzbvG75nM6MLt9mhOT8kw==/com.mcfuzzysquirrel.studentfinance-JYvgJb_EqJGe5B4qYL6Sfg==/base.apk): ok
03-14 23:01:03.416 14172 14172 D jni_lib_merge: Entering merged library JNI_OnLoad.
03-14 23:01:03.416 14172 14172 D jni_lib_merge: Preparing 12 pre-merged libs (including stub)
03-14 23:01:03.416 14172 14172 D jni_lib_merge: Preparing to register libfabricjni_so.  onload_func: 0x727ce7740730
03-14 23:01:03.416 14172 14172 D jni_lib_merge: Preparing to register libreact_devsupportjni_so.  onload_func: 0x727ce793d190
03-14 23:01:03.416 14172 14172 D jni_lib_merge: Preparing to register libreact_featureflagsjni_so.  onload_func: 0x727ce794e910
03-14 23:01:03.416 14172 14172 D jni_lib_merge: Preparing to register libreact_newarchdefaults_so.  onload_func: 0x727ce79efd20
03-14 23:01:03.416 14172 14172 D jni_lib_merge: Preparing to register libreactnativeblob_so.  onload_func: 0x727ce7bfa2e0
03-14 23:01:03.416 14172 14172 D jni_lib_merge: Preparing to register libreactnativejni_so.  onload_func: 0x727ce7c3a770
03-14 23:01:03.416 14172 14172 D jni_lib_merge: Preparing to register libreactnativejni_common_so.  onload_func: 0x727ce7c4a5d0
03-14 23:01:03.416 14172 14172 D jni_lib_merge: Preparing to register librninstance_so.  onload_func: 0x727ce7c874c0
03-14 23:01:03.416 14172 14172 D jni_lib_merge: Preparing to register libturbomodulejsijni_so.  onload_func: 0x727ce7de8c00
03-14 23:01:03.416 14172 14172 D jni_lib_merge: Preparing to register libuimanagerjni_so.  onload_func: 0x727ce7e00de0
03-14 23:01:03.416 14172 14172 D jni_lib_merge: Preparing to register libyoga_so.  onload_func: 0x727ce7e0fd70
03-14 23:01:03.416 14172 14172 D jni_lib_merge: About to register 11 actual methods.
03-14 23:01:03.427 14172 14172 D nativeloader: Load /data/app/~~wRzbvG75nM6MLt9mhOT8kw==/com.mcfuzzysquirrel.studentfinance-JYvgJb_EqJGe5B4qYL6Sfg==/base.apk!/lib/x86_64/libreact_codegen_rnsvg.so using ns clns-7 from class loader (caller=/data/app/~~wRzbvG75nM6MLt9mhOT8kw==/com.mcfuzzysquirrel.studentfinance-JYvgJb_EqJGe5B4qYL6Sfg==/base.apk): ok
03-14 23:01:03.427 14172 14172 D jni_lib_merge: Entering merged library JNI_OnLoad.
03-14 23:01:03.427 14172 14172 D jni_lib_merge: Preparing 12 pre-merged libs (including stub)
03-14 23:01:03.427 14172 14172 D jni_lib_merge: Preparing to register libfabricjni_so.  onload_func: 0x727ce7740730
03-14 23:01:03.427 14172 14172 D jni_lib_merge: Preparing to register libreact_devsupportjni_so.  onload_func: 0x727ce793d190
03-14 23:01:03.427 14172 14172 D jni_lib_merge: Preparing to register libreact_featureflagsjni_so.  onload_func: 0x727ce794e910
03-14 23:01:03.427 14172 14172 D jni_lib_merge: Preparing to register libreact_newarchdefaults_so.  onload_func: 0x727ce79efd20
03-14 23:01:03.427 14172 14172 D jni_lib_merge: Preparing to register libreactnativeblob_so.  onload_func: 0x727ce7bfa2e0
03-14 23:01:03.427 14172 14172 D jni_lib_merge: Preparing to register libreactnativejni_so.  onload_func: 0x727ce7c3a770
03-14 23:01:03.427 14172 14172 D jni_lib_merge: Preparing to register libreactnativejni_common_so.  onload_func: 0x727ce7c4a5d0
03-14 23:01:03.427 14172 14172 D jni_lib_merge: Preparing to register librninstance_so.  onload_func: 0x727ce7c874c0
03-14 23:01:03.427 14172 14172 D jni_lib_merge: Preparing to register libturbomodulejsijni_so.  onload_func: 0x727ce7de8c00
03-14 23:01:03.427 14172 14172 D jni_lib_merge: Preparing to register libuimanagerjni_so.  onload_func: 0x727ce7e00de0
03-14 23:01:03.427 14172 14172 D jni_lib_merge: Preparing to register libyoga_so.  onload_func: 0x727ce7e0fd70
03-14 23:01:03.427 14172 14172 D jni_lib_merge: About to register 11 actual methods.
03-14 23:01:03.437 14172 14172 D nativeloader: Load /data/app/~~wRzbvG75nM6MLt9mhOT8kw==/com.mcfuzzysquirrel.studentfinance-JYvgJb_EqJGe5B4qYL6Sfg==/base.apk!/lib/x86_64/libreact_codegen_safeareacontext.so using ns clns-7 from class loader (caller=/data/app/~~wRzbvG75nM6MLt9mhOT8kw==/com.mcfuzzysquirrel.studentfinance-JYvgJb_EqJGe5B4qYL6Sfg==/base.apk): ok
03-14 23:01:03.442 14172 14172 D nativeloader: Load /data/app/~~wRzbvG75nM6MLt9mhOT8kw==/com.mcfuzzysquirrel.studentfinance-JYvgJb_EqJGe5B4qYL6Sfg==/base.apk!/lib/x86_64/libappmodules.so using ns clns-7 from class loader (caller=/data/app/~~wRzbvG75nM6MLt9mhOT8kw==/com.mcfuzzysquirrel.studentfinance-JYvgJb_EqJGe5B4qYL6Sfg==/base.apk): ok
03-14 23:01:03.599 14172 14196 I InstrConnection: Could not send broadcast or register receiver (isolatedProcess?)
03-14 23:01:03.604 14172 14196 D TestRequestBuilder: Using class path scanning to discover tests
03-14 23:01:03.605 14172 14196 I TestRequestBuilder: Scanning classpath to find tests in paths [/data/app/~~jlDdMa7YJ2KCcmdo4JHU-Q==/com.mcfuzzysquirrel.studentfinance.test-YiBpcuh5N-ewevoNfoonZg==/base.apk]
03-14 23:01:03.606 14172 14196 W .studentfinance: Opening an oat file without a class loader. Are you using the deprecated DexFile APIs?
03-14 23:01:04.745 14172 14196 I TestRunner: run started: 1 tests
03-14 23:01:04.747 14172 14196 I TestRunner: started: runDetoxTests(com.mcfuzzysquirrel.studentfinance.DetoxTest)
03-14 23:01:04.773 14172 14196 I Detox   : Detox server connection details: url=ws://localhost:38775, sessionId=081d4e8b-1bbc-5e02-010e-cf73b44d4af1
03-14 23:01:04.788 14172 14196 I Tracing : Tracer added: class androidx.test.platform.tracing.AndroidXTracer
03-14 23:01:04.804 14172 14196 W .studentfinance: Accessing hidden field Ljava/lang/reflect/Field;->accessFlags:I (unsupported, reflection, allowed)
03-14 23:01:04.807 14172 14196 I Detox   : Connecting to server...
03-14 23:01:04.807 14172 14196 I DetoxWSClient: At connectToServer
03-14 23:01:04.902 14172 14202 D TrafficStats: tagSocket(102) with statsTag=0xffffffff, statsUid=-1
03-14 23:01:04.929 14172 14202 D DetoxWSClient: At onOpen
03-14 23:01:04.929 14172 14202 I DetoxWSClient: Sending out action 'login' (ID #0)
03-14 23:01:04.931 14172 14202 I Detox   : Connected to server!
03-14 23:01:04.948 14172 14202 D DetoxWSClient: Received action 'loginSuccess' (ID #0, params={"testerConnected":true,"appConnected":true})
03-14 23:01:04.982 14172 14198 I DetoxDispatcher: Handling action 'loginSuccess' (ID #0)...
03-14 23:01:04.983 14172 14198 I DetoxDispatcher: Done with action 'loginSuccess'
03-14 23:01:04.983 14172 14196 I Detox   : Launching the tested activity!
03-14 23:01:04.986 14172 14202 D DetoxWSClient: Received action 'isReady' (ID #-1000, params={})
03-14 23:01:04.988 14172 14198 I DetoxDispatcher: Handling action 'isReady' (ID #-1000)...
03-14 23:01:05.394 14172 14172 D AppCompatDelegate: Checking for metadata for AppLocalesMetadataHolderService : Service not found
03-14 23:01:05.472 14172 14172 D LifecycleMonitor: Lifecycle status change: com.mcfuzzysquirrel.studentfinance.MainActivity@12dbafa in: PRE_ON_CREATE
03-14 23:01:05.907 14172 14221 D TrafficStats: tagSocket(109) with statsTag=0xffffffff, statsUid=-1
03-14 23:01:05.928 14172 14221 W unknown:ReconnectingWebSocket: Couldn't connect to "ws://10.0.2.2:8081/message?device=sdk_gphone64_x86_64%20-%2015%20-%20API%2035&app=com.mcfuzzysquirrel.studentfinance&clientid=BridgelessDevSupportManager", will silently retry
03-14 23:01:05.932 14172 14172 W unknown:BridgelessReact: ReactHost{0}.startSurface(surfaceId = 0): Schedule
03-14 23:01:05.932 14172 14172 W unknown:BridgelessReact: ReactHost{0}.attachSurface(surfaceId = 0)
03-14 23:01:05.933 14172 14222 W unknown:BridgelessReact: ReactHost{0}.getOrCreateReactInstanceTask()
03-14 23:01:05.934 14172 14222 W unknown:BridgelessReact: ReactHost{0}.getOrCreateReactInstanceTask(): Start
03-14 23:01:05.934 14172 14222 D Detox.RNMarker: REACT_BRIDGELESS_LOADING_START (null)
03-14 23:01:05.934 14172 14222 W unknown:BridgelessReact: ReactHost{0}.getJSBundleLoader()
03-14 23:01:05.934 14172 14222 W unknown:BridgelessReact: ReactHost{0}.isMetroRunning()
03-14 23:01:05.940 14172 14223 D TrafficStats: tagSocket(109) with statsTag=0xffffffff, statsUid=-1
03-14 23:01:05.945 14172 14223 W unknown:ReactNative: The packager does not seem to be running as we got an IOException requesting its status: Failed to connect to /10.0.2.2:8081
03-14 23:01:05.945 14172 14223 W unknown:BridgelessReact: ReactHost{0}.isMetroRunning(): Async result = false
03-14 23:01:05.946 14172 14222 W unknown:BridgelessReact: ReactHost{0}.getOrCreateReactInstanceTask(): Creating BridgelessReactContext
03-14 23:01:05.948 14172 14222 W unknown:BridgelessReact: ReactHost{0}.getOrCreateReactInstanceTask(): Creating ReactInstance
03-14 23:01:05.964 14172 14172 W .studentfinance: Accessing hidden method Landroid/view/ViewGroup;->makeOptionalFitsSystemWindows()V (unsupported, reflection, allowed)
03-14 23:01:05.972 14172 14172 D LifecycleMonitor: Lifecycle status change: com.mcfuzzysquirrel.studentfinance.MainActivity@12dbafa in: CREATED
03-14 23:01:05.974 14172 14172 D LifecycleMonitor: Lifecycle status change: com.mcfuzzysquirrel.studentfinance.MainActivity@12dbafa in: STARTED
03-14 23:01:05.976 14172 14226 D TrafficStats: tagSocket(117) with statsTag=0xffffffff, statsUid=-1
03-14 23:01:05.978 14172 14172 W unknown:BridgelessReact: ReactHost{0}.onHostResume(activity)
03-14 23:01:05.978 14172 14172 W unknown:ReactNative: Packager connection already open, nooping.
03-14 23:01:05.978 14172 14172 W unknown:BridgelessReact: ReactHost{0}.ReactContext.onHostResume()
03-14 23:01:05.979 14172 14172 D LifecycleMonitor: Lifecycle status change: com.mcfuzzysquirrel.studentfinance.MainActivity@12dbafa in: RESUMED
03-14 23:01:05.990 14172 14172 W HWUI    : Unknown dataspace 0
03-14 23:01:05.996 14172 14222 D nativeloader: Load /data/app/~~wRzbvG75nM6MLt9mhOT8kw==/com.mcfuzzysquirrel.studentfinance-JYvgJb_EqJGe5B4qYL6Sfg==/base.apk!/lib/x86_64/libhermesvm.so using ns clns-7 from class loader (caller=/data/app/~~wRzbvG75nM6MLt9mhOT8kw==/com.mcfuzzysquirrel.studentfinance-JYvgJb_EqJGe5B4qYL6Sfg==/base.apk): ok
03-14 23:01:06.003 14172 14222 D nativeloader: Load /data/app/~~wRzbvG75nM6MLt9mhOT8kw==/com.mcfuzzysquirrel.studentfinance-JYvgJb_EqJGe5B4qYL6Sfg==/base.apk!/lib/x86_64/libhermestooling.so using ns clns-7 from class loader (caller=/data/app/~~wRzbvG75nM6MLt9mhOT8kw==/com.mcfuzzysquirrel.studentfinance-JYvgJb_EqJGe5B4qYL6Sfg==/base.apk): ok
03-14 23:01:06.003 14172 14222 D jni_lib_merge: Entering merged library JNI_OnLoad.
03-14 23:01:06.003 14172 14222 D jni_lib_merge: Preparing 4 pre-merged libs (including stub)
03-14 23:01:06.003 14172 14222 D jni_lib_merge: Preparing to register libhermes_executor_so.  onload_func: 0x727cdeb2b050
03-14 23:01:06.003 14172 14222 D jni_lib_merge: Preparing to register libhermesinstancejni_so.  onload_func: 0x727cdeb61680
03-14 23:01:06.003 14172 14222 D jni_lib_merge: Preparing to register libjsijniprofiler_so.  onload_func: 0x727cdeb633f0
03-14 23:01:06.003 14172 14222 D jni_lib_merge: About to register 3 actual methods.
03-14 23:01:06.194 14172 14212 I EGL_emulation: Opening libGLESv1_CM_emulation.so
03-14 23:01:06.195 14172 14212 I EGL_emulation: Opening libGLESv2_emulation.so
03-14 23:01:06.234 14172 14212 W HWUI    : Failed to initialize 101010-2 format, error = EGL_SUCCESS
03-14 23:01:06.291 14172 14212 I Gralloc4: mapper 4.x 