--------- beginning of main
03-14 23:03:55.884 15986 15986 I .studentfinance: Late-enabling -Xcheck:jni
03-14 23:03:55.918 15986 15986 I .studentfinance: Using CollectorTypeCMC GC.
03-14 23:03:55.919 15986 15986 W .studentfinance: Unexpected CPU variant for x86: x86_64.
03-14 23:03:55.919 15986 15986 W .studentfinance: Known variants: atom, sandybridge, silvermont, goldmont, goldmont-plus, goldmont-without-sha-xsaves, tremont, kabylake, default
03-14 23:03:55.930 15986 15986 D nativeloader: Load libframework-connectivity-tiramisu-jni.so using APEX ns com_android_tethering for caller /apex/com.android.tethering/javalib/framework-connectivity-t.jar: ok
--------- beginning of system
03-14 23:03:55.964 15986 15986 W ActivityThread: Package uses different ABI(s) than its instrumentation: package[com.mcfuzzysquirrel.studentfinance]: x86_64, null instrumentation[com.mcfuzzysquirrel.studentfinance.test]: null, null
03-14 23:03:55.968 15986 15986 W .studentfinance: ClassLoaderContext shared library size mismatch. Expected=2, found=0 (PCL[]{PCL[/system/framework/android.test.base.jar*724373495]#PCL[/system/framework/android.test.mock.jar*1452759902]} | PCL[])
03-14 23:03:55.969 15986 15986 W .studentfinance: ClassLoaderContext classpath size mismatch. expected=0, found=1 (PCL[] | PCL[/system/framework/android.test.runner.jar*2496447986])
03-14 23:03:55.970 15986 15986 W .studentfinance: ClassLoaderContext classpath size mismatch. expected=0, found=2 (PCL[] | PCL[/system/framework/android.test.runner.jar*2496447986:/system/framework/android.test.mock.jar*1452759902])
03-14 23:03:55.971 15986 15986 W ziparchive: Unable to open '/data/app/~~z-e5ODmRJeSXci01-De59A==/com.mcfuzzysquirrel.studentfinance.test-lDRizGeMQNbxqkW15zbxYQ==/base.dm': No such file or directory
03-14 23:03:55.971 15986 15986 W ziparchive: Unable to open '/data/app/~~z-e5ODmRJeSXci01-De59A==/com.mcfuzzysquirrel.studentfinance.test-lDRizGeMQNbxqkW15zbxYQ==/base.dm': No such file or directory
03-14 23:03:56.053 15986 15986 W ziparchive: Unable to open '/data/app/~~cba1d6gxlqYJb8ZLs-S8XA==/com.mcfuzzysquirrel.studentfinance-_xUYYeQuiS_gXvwB3l6l2w==/base.dm': No such file or directory
03-14 23:03:56.053 15986 15986 W ziparchive: Unable to open '/data/app/~~cba1d6gxlqYJb8ZLs-S8XA==/com.mcfuzzysquirrel.studentfinance-_xUYYeQuiS_gXvwB3l6l2w==/base.dm': No such file or directory
03-14 23:03:56.341 15986 15986 D nativeloader: Configuring clns-7 for other apk /system/framework/android.test.runner.jar:/system/framework/android.test.mock.jar:/system/framework/android.test.base.jar:/data/app/~~z-e5ODmRJeSXci01-De59A==/com.mcfuzzysquirrel.studentfinance.test-lDRizGeMQNbxqkW15zbxYQ==/base.apk:/data/app/~~cba1d6gxlqYJb8ZLs-S8XA==/com.mcfuzzysquirrel.studentfinance-_xUYYeQuiS_gXvwB3l6l2w==/base.apk. target_sdk_version=36, uses_libraries=, library_path=/data/app/~~z-e5ODmRJeSXci01-De59A==/com.mcfuzzysquirrel.studentfinance.test-lDRizGeMQNbxqkW15zbxYQ==/lib/x86_64:/data/app/~~cba1d6gxlqYJb8ZLs-S8XA==/com.mcfuzzysquirrel.studentfinance-_xUYYeQuiS_gXvwB3l6l2w==/lib/x86_64:/data/app/~~z-e5ODmRJeSXci01-De59A==/com.mcfuzzysquirrel.studentfinance.test-lDRizGeMQNbxqkW15zbxYQ==/base.apk!/lib/x86_64:/data/app/~~cba1d6gxlqYJb8ZLs-S8XA==/com.mcfuzzysquirrel.studentfinance-_xUYYeQuiS_gXvwB3l6l2w==/base.apk!/lib/x86_64, permitted_path=/data:/mnt/expand:/data/user/0/com.mcfuzzysquirrel.studentfinance
03-14 23:03:56.354 15986 15986 V GraphicsEnvironment: Currently set values for:
03-14 23:03:56.354 15986 15986 V GraphicsEnvironment:   angle_gl_driver_selection_pkgs=[]
03-14 23:03:56.354 15986 15986 V GraphicsEnvironment:   angle_gl_driver_selection_values=[]
03-14 23:03:56.354 15986 15986 V GraphicsEnvironment: Global.Settings values are invalid: number of packages: 0, number of values: 0
03-14 23:03:56.354 15986 15986 V GraphicsEnvironment: Neither updatable production driver nor prerelease driver is supported.
03-14 23:03:56.363 15986 15986 D ApplicationLoaders: Returning zygote-cached class loader: /system/framework/android.test.base.jar
03-14 23:03:56.374 15986 15986 D nativeloader: Configuring clns-8 for other apk /system/framework/android.test.mock.jar. target_sdk_version=36, uses_libraries=ALL, library_path=/data/app/~~z-e5ODmRJeSXci01-De59A==/com.mcfuzzysquirrel.studentfinance.test-lDRizGeMQNbxqkW15zbxYQ==/lib/x86_64:/data/app/~~cba1d6gxlqYJb8ZLs-S8XA==/com.mcfuzzysquirrel.studentfinance-_xUYYeQuiS_gXvwB3l6l2w==/lib/x86_64, permitted_path=/data:/mnt/expand
03-14 23:03:56.375 15986 15986 D ApplicationLoaders: Returning zygote-cached class loader: /system/framework/android.test.base.jar
03-14 23:03:56.378 15986 15986 D nativeloader: Configuring clns-9 for other apk /system/framework/android.test.runner.jar. target_sdk_version=36, uses_libraries=ALL, library_path=/data/app/~~z-e5ODmRJeSXci01-De59A==/com.mcfuzzysquirrel.studentfinance.test-lDRizGeMQNbxqkW15zbxYQ==/lib/x86_64:/data/app/~~cba1d6gxlqYJb8ZLs-S8XA==/com.mcfuzzysquirrel.studentfinance-_xUYYeQuiS_gXvwB3l6l2w==/lib/x86_64, permitted_path=/data:/mnt/expand
03-14 23:03:56.380 15986 15986 W .studentfinance: ClassLoaderContext shared library size mismatch. Expected=2, found=3 (PCL[]{PCL[/system/framework/android.test.base.jar*724373495]#PCL[/system/framework/android.test.mock.jar*1452759902]} | PCL[]{PCL[/system/framework/android.test.base.jar*724373495]#PCL[/system/framework/android.test.mock.jar*1452759902]#PCL[/system/framework/android.test.runner.jar*2496447986]{PCL[/system/framework/android.test.base.jar*724373495]#PCL[/system/framework/android.test.mock.jar*1452759902]}};PCL[/system/framework/android.test.runner.jar*2496447986:/system/framework/android.test.mock.jar*1452759902:/system/framework/android.test.base.jar*724373495:/data/app/~~z-e5ODmRJeSXci01-De59A==/com.mcfuzzysquirrel.studentfinance.test-lDRizGeMQNbxqkW15zbxYQ==/base.apk*3224200876:/data/app/~~cba1d6gxlqYJb8ZLs-S8XA==/com.mcfuzzysquirrel.studentfinance-_xUYYeQuiS_gXvwB3l6l2w==/base.apk*2060289533])
03-14 23:03:56.382 15986 15986 W .studentfinance: ClassLoaderContext classpath size mismatch. expected=0, found=1 (PCL[] | PCL[/system/framework/android.test.runner.jar*2496447986]{PCL[/system/framework/android.test.base.jar*724373495]#PCL[/system/framework/android.test.mock.jar*1452759902]#PCL[/system/framework/android.test.runner.jar*2496447986]{PCL[/system/framework/android.test.base.jar*724373495]#PCL[/system/framework/android.test.mock.jar*1452759902]}};PCL[/system/framework/android.test.runner.jar*2496447986:/system/framework/android.test.mock.jar*1452759902:/system/framework/android.test.base.jar*724373495:/data/app/~~z-e5ODmRJeSXci01-De59A==/com.mcfuzzysquirrel.studentfinance.test-lDRizGeMQNbxqkW15zbxYQ==/base.apk*3224200876:/data/app/~~cba1d6gxlqYJb8ZLs-S8XA==/com.mcfuzzysquirrel.studentfinance-_xUYYeQuiS_gXvwB3l6l2w==/base.apk*2060289533])
03-14 23:03:56.383 15986 15986 W .studentfinance: ClassLoaderContext classpath size mismatch. expected=0, found=2 (PCL[] | PCL[/system/framework/android.test.runner.jar*2496447986:/system/framework/android.test.mock.jar*1452759902]{PCL[/system/framework/android.test.base.jar*724373495]#PCL[/system/framework/android.test.mock.jar*1452759902]#PCL[/system/framework/android.test.runner.jar*2496447986]{PCL[/system/framework/android.test.base.jar*724373495]#PCL[/system/framework/android.test.mock.jar*1452759902]}};PCL[/system/framework/android.test.runner.jar*2496447986:/system/framework/android.test.mock.jar*1452759902:/system/framework/android.test.base.jar*724373495:/data/app/~~z-e5ODmRJeSXci01-De59A==/com.mcfuzzysquirrel.studentfinance.test-lDRizGeMQNbxqkW15zbxYQ==/base.apk*3224200876:/data/app/~~cba1d6gxlqYJb8ZLs-S8XA==/com.mcfuzzysquirrel.studentfinance-_xUYYeQuiS_gXvwB3l6l2w==/base.apk*2060289533])
03-14 23:03:56.384 15986 15986 W ziparchive: Unable to open '/data/app/~~z-e5ODmRJeSXci01-De59A==/com.mcfuzzysquirrel.studentfinance.test-lDRizGeMQNbxqkW15zbxYQ==/base.dm': No such file or directory
03-14 23:03:56.384 15986 15986 W ziparchive: Unable to open '/data/app/~~z-e5ODmRJeSXci01-De59A==/com.mcfuzzysquirrel.studentfinance.test-lDRizGeMQNbxqkW15zbxYQ==/base.dm': No such file or directory
03-14 23:03:56.457 15986 15986 W ziparchive: Unable to open '/data/app/~~cba1d6gxlqYJb8ZLs-S8XA==/com.mcfuzzysquirrel.studentfinance-_xUYYeQuiS_gXvwB3l6l2w==/base.dm': No such file or directory
03-14 23:03:56.457 15986 15986 W ziparchive: Unable to open '/data/app/~~cba1d6gxlqYJb8ZLs-S8XA==/com.mcfuzzysquirrel.studentfinance-_xUYYeQuiS_gXvwB3l6l2w==/base.dm': No such file or directory
03-14 23:03:56.708 15986 15986 I AndroidJUnitRunner: newApplication com.mcfuzzysquirrel.studentfinance.MainApplication
03-14 23:03:56.725 15986 15986 I AndroidJUnitRunner: onCreate Bundle[mParcelledData.dataSize=312]
03-14 23:03:56.726 15986 15986 D AndroidJUnitRunner: Use the raw file system for managing file I/O.
03-14 23:03:56.782 15986 15986 V TestEventClient: No service name argument was given (testDiscoveryService, testRunEventService or orchestratorService)
03-14 23:03:56.783 15986 16004 D AndroidJUnitRunner: onStart is called.
03-14 23:03:56.786 15986 15986 W SoLoader: Initializing SoLoader: 0
03-14 23:03:56.787 15986 15986 W SoLoader: Recording new base apk path: /data/app/~~cba1d6gxlqYJb8ZLs-S8XA==/com.mcfuzzysquirrel.studentfinance-_xUYYeQuiS_gXvwB3l6l2w==/base.apk
03-14 23:03:56.787 15986 15986 W SoLoader: Previously recorded 0 base apk paths.
03-14 23:03:56.789 15986 15986 I SoLoader: Preparing SO source: DirectorySoSource[root = /vendor/lib64 flags = 2]
03-14 23:03:56.789 15986 15986 I SoLoader: Preparing SO source: DirectorySoSource[root = /system/lib64 flags = 2]
03-14 23:03:56.789 15986 15986 I SoLoader: Preparing SO source: DirectApkSoSource[root = [/data/app/~~cba1d6gxlqYJb8ZLs-S8XA==/com.mcfuzzysquirrel.studentfinance-_xUYYeQuiS_gXvwB3l6l2w==/base.apk!/lib/x86_64]]
03-14 23:03:56.802 15986 15986 I SoLoader: Preparing SO source: ApplicationSoSource[DirectorySoSource[root = /data/app/~~cba1d6gxlqYJb8ZLs-S8XA==/com.mcfuzzysquirrel.studentfinance-_xUYYeQuiS_gXvwB3l6l2w==/lib/x86_64 flags = 0]]
03-14 23:03:56.802 15986 15986 I SoLoader: init finish: 4 SO sources prepared
03-14 23:03:56.802 15986 15986 W SoLoader: SoLoader initialized: 8
03-14 23:03:56.822 15986 15986 D nativeloader: Load /data/app/~~cba1d6gxlqYJb8ZLs-S8XA==/com.mcfuzzysquirrel.studentfinance-_xUYYeQuiS_gXvwB3l6l2w==/base.apk!/lib/x86_64/libc++_shared.so using ns clns-7 from class loader (caller=/data/app/~~cba1d6gxlqYJb8ZLs-S8XA==/com.mcfuzzysquirrel.studentfinance-_xUYYeQuiS_gXvwB3l6l2w==/base.apk): ok
03-14 23:03:56.831 15986 15986 D nativeloader: Load /data/app/~~cba1d6gxlqYJb8ZLs-S8XA==/com.mcfuzzysquirrel.studentfinance-_xUYYeQuiS_gXvwB3l6l2w==/base.apk!/lib/x86_64/libjsi.so using ns clns-7 from class loader (caller=/data/app/~~cba1d6gxlqYJb8ZLs-S8XA==/com.mcfuzzysquirrel.studentfinance-_xUYYeQuiS_gXvwB3l6l2w==/base.apk): ok
03-14 23:03:56.838 15986 15986 D nativeloader: Load /data/app/~~cba1d6gxlqYJb8ZLs-S8XA==/com.mcfuzzysquirrel.studentfinance-_xUYYeQuiS_gXvwB3l6l2w==/base.apk!/lib/x86_64/libfbjni.so using ns clns-7 from class loader (caller=/data/app/~~cba1d6gxlqYJb8ZLs-S8XA==/com.mcfuzzysquirrel.studentfinance-_xUYYeQuiS_gXvwB3l6l2w==/base.apk): ok
03-14 23:03:56.845 15986 15986 D nativeloader: Load /data/app/~~cba1d6gxlqYJb8ZLs-S8XA==/com.mcfuzzysquirrel.studentfinance-_xUYYeQuiS_gXvwB3l6l2w==/base.apk!/lib/x86_64/libreactnative.so using ns clns-7 from class loader (caller=/data/app/~~cba1d6gxlqYJb8ZLs-S8XA==/com.mcfuzzysquirrel.studentfinance-_xUYYeQuiS_gXvwB3l6l2w==/base.apk): ok
03-14 23:03:56.845 15986 15986 D jni_lib_merge: Entering merged library JNI_OnLoad.
03-14 23:03:56.845 15986 15986 D jni_lib_merge: Preparing 12 pre-merged libs (including stub)
03-14 23:03:56.845 15986 15986 D jni_lib_merge: Preparing to register libfabricjni_so.  onload_func: 0x727ce59b8730
03-14 23:03:56.845 15986 15986 D jni_lib_merge: Preparing to register libreact_devsupportjni_so.  onload_func: 0x727ce5bb5190
03-14 23:03:56.845 15986 15986 D jni_lib_merge: Preparing to register libreact_featureflagsjni_so.  onload_func: 0x727ce5bc6910
03-14 23:03:56.845 15986 15986 D jni_lib_merge: Preparing to register libreact_newarchdefaults_so.  onload_func: 0x727ce5c67d20
03-14 23:03:56.845 15986 15986 D jni_lib_merge: Preparing to register libreactnativeblob_so.  onload_func: 0x727ce5e722e0
03-14 23:03:56.845 15986 15986 D jni_lib_merge: Preparing to register libreactnativejni_so.  onload_func: 0x727ce5eb2770
03-14 23:03:56.845 15986 15986 D jni_lib_merge: Preparing to register libreactnativejni_common_so.  onload_func: 0x727ce5ec25d0
03-14 23:03:56.845 15986 15986 D jni_lib_merge: Preparing to register librninstance_so.  onload_func: 0x727ce5eff4c0
03-14 23:03:56.845 15986 15986 D jni_lib_merge: Preparing to register libturbomodulejsijni_so.  onload_func: 0x727ce6060c00
03-14 23:03:56.845 15986 15986 D jni_lib_merge: Preparing to register libuimanagerjni_so.  onload_func: 0x727ce6078de0
03-14 23:03:56.845 15986 15986 D jni_lib_merge: Preparing to register libyoga_so.  onload_func: 0x727ce6087d70
03-14 23:03:56.845 15986 15986 D jni_lib_merge: About to register 11 actual methods.
03-14 23:03:56.863 15986 15986 D nativeloader: Load /data/app/~~cba1d6gxlqYJb8ZLs-S8XA==/com.mcfuzzysquirrel.studentfinance-_xUYYeQuiS_gXvwB3l6l2w==/base.apk!/lib/x86_64/libreact_codegen_rnscreens.so using ns clns-7 from class loader (caller=/data/app/~~cba1d6gxlqYJb8ZLs-S8XA==/com.mcfuzzysquirrel.studentfinance-_xUYYeQuiS_gXvwB3l6l2w==/base.apk): ok
03-14 23:03:56.863 15986 15986 D jni_lib_merge: Entering merged library JNI_OnLoad.
03-14 23:03:56.863 15986 15986 D jni_lib_merge: Preparing 12 pre-merged libs (including stub)
03-14 23:03:56.863 15986 15986 D jni_lib_merge: Preparing to register libfabricjni_so.  onload_func: 0x727ce59b8730
03-14 23:03:56.863 15986 15986 D jni_lib_merge: Preparing to register libreact_devsupportjni_so.  onload_func: 0x727ce5bb5190
03-14 23:03:56.863 15986 15986 D jni_lib_merge: Preparing to register libreact_featureflagsjni_so.  onload_func: 0x727ce5bc6910
03-14 23:03:56.863 15986 15986 D jni_lib_merge: Preparing to register libreact_newarchdefaults_so.  onload_func: 0x727ce5c67d20
03-14 23:03:56.863 15986 15986 D jni_lib_merge: Preparing to register libreactnativeblob_so.  onload_func: 0x727ce5e722e0
03-14 23:03:56.863 15986 15986 D jni_lib_merge: Preparing to register libreactnativejni_so.  onload_func: 0x727ce5eb2770
03-14 23:03:56.863 15986 15986 D jni_lib_merge: Preparing to register libreactnativejni_common_so.  onload_func: 0x727ce5ec25d0
03-14 23:03:56.863 15986 15986 D jni_lib_merge: Preparing to register librninstance_so.  onload_func: 0x727ce5eff4c0
03-14 23:03:56.863 15986 15986 D jni_lib_merge: Preparing to register libturbomodulejsijni_so.  onload_func: 0x727ce6060c00
03-14 23:03:56.863 15986 15986 D jni_lib_merge: Preparing to register libuimanagerjni_so.  onload_func: 0x727ce6078de0
03-14 23:03:56.863 15986 15986 D jni_lib_merge: Preparing to register libyoga_so.  onload_func: 0x727ce6087d70
03-14 23:03:56.863 15986 15986 D jni_lib_merge: About to register 11 actual methods.
03-14 23:03:56.872 15986 15986 D nativeloader: Load /data/app/~~cba1d6gxlqYJb8ZLs-S8XA==/com.mcfuzzysquirrel.studentfinance-_xUYYeQuiS_gXvwB3l6l2w==/base.apk!/lib/x86_64/libreact_codegen_rnsvg.so using ns clns-7 from class loader (caller=/data/app/~~cba1d6gxlqYJb8ZLs-S8XA==/com.mcfuzzysquirrel.studentfinance-_xUYYeQuiS_gXvwB3l6l2w==/base.apk): ok
03-14 23:03:56.872 15986 15986 D jni_lib_merge: Entering merged library JNI_OnLoad.
03-14 23:03:56.872 15986 15986 D jni_lib_merge: Preparing 12 pre-merged libs (including stub)
03-14 23:03:56.872 15986 15986 D jni_lib_merge: Preparing to register libfabricjni_so.  onload_func: 0x727ce59b8730
03-14 23:03:56.872 15986 15986 D jni_lib_merge: Preparing to register libreact_devsupportjni_so.  onload_func: 0x727ce5bb5190
03-14 23:03:56.872 15986 15986 D jni_lib_merge: Preparing to register libreact_featureflagsjni_so.  onload_func: 0x727ce5bc6910
03-14 23:03:56.872 15986 15986 D jni_lib_merge: Preparing to register libreact_newarchdefaults_so.  onload_func: 0x727ce5c67d20
03-14 23:03:56.872 15986 15986 D jni_lib_merge: Preparing to register libreactnativeblob_so.  onload_func: 0x727ce5e722e0
03-14 23:03:56.872 15986 15986 D jni_lib_merge: Preparing to register libreactnativejni_so.  onload_func: 0x727ce5eb2770
03-14 23:03:56.872 15986 15986 D jni_lib_merge: Preparing to register libreactnativejni_common_so.  onload_func: 0x727ce5ec25d0
03-14 23:03:56.872 15986 15986 D jni_lib_merge: Preparing to register librninstance_so.  onload_func: 0x727ce5eff4c0
03-14 23:03:56.872 15986 15986 D jni_lib_merge: Preparing to register libturbomodulejsijni_so.  onload_func: 0x727ce6060c00
03-14 23:03:56.872 15986 15986 D jni_lib_merge: Preparing to register libuimanagerjni_so.  onload_func: 0x727ce6078de0
03-14 23:03:56.872 15986 15986 D jni_lib_merge: Preparing to register libyoga_so.  onload_func: 0x727ce6087d70
03-14 23:03:56.872 15986 15986 D jni_lib_merge: About to register 11 actual methods.
03-14 23:03:56.883 15986 15986 D nativeloader: Load /data/app/~~cba1d6gxlqYJb8ZLs-S8XA==/com.mcfuzzysquirrel.studentfinance-_xUYYeQuiS_gXvwB3l6l2w==/base.apk!/lib/x86_64/libreact_codegen_safeareacontext.so using ns clns-7 from class loader (caller=/data/app/~~cba1d6gxlqYJb8ZLs-S8XA==/com.mcfuzzysquirrel.studentfinance-_xUYYeQuiS_gXvwB3l6l2w==/base.apk): ok
03-14 23:03:56.887 15986 15986 D nativeloader: Load /data/app/~~cba1d6gxlqYJb8ZLs-S8XA==/com.mcfuzzysquirrel.studentfinance-_xUYYeQuiS_gXvwB3l6l2w==/base.apk!/lib/x86_64/libappmodules.so using ns clns-7 from class loader (caller=/data/app/~~cba1d6gxlqYJb8ZLs-S8XA==/com.mcfuzzysquirrel.studentfinance-_xUYYeQuiS_gXvwB3l6l2w==/base.apk): ok
03-14 23:03:56.941 15986 16004 I InstrConnection: Could not send broadcast or register receiver (isolatedProcess?)
03-14 23:03:56.943 15986 16004 D TestRequestBuilder: Using class path scanning to discover tests
03-14 23:03:56.944 15986 16004 I TestRequestBuilder: Scanning classpath to find tests in paths [/data/app/~~z-e5ODmRJeSXci01-De59A==/com.mcfuzzysquirrel.studentfinance.test-lDRizGeMQNbxqkW15zbxYQ==/base.apk]
03-14 23:03:56.944 15986 16004 W .studentfinance: Opening an oat file without a class loader. Are you using the deprecated DexFile APIs?
03-14 23:03:57.335 15986 16004 I TestRunner: run started: 1 tests
03-14 23:03:57.335 15986 16004 I TestRunner: started: runDetoxTests(com.mcfuzzysquirrel.studentfinance.DetoxTest)
03-14 23:03:57.340 15986 16004 I Detox   : Detox server connection details: url=ws://localhost:45795, sessionId=81c6ac86-a2ae-2f83-447d-5f73a70fb0ae
03-14 23:03:57.348 15986 16004 I Tracing : Tracer added: class androidx.test.platform.tracing.AndroidXTracer
03-14 23:03:57.358 15986 16004 W .studentfinance: Accessing hidden field Ljava/lang/reflect/Field;->accessFlags:I (unsupported, reflection, allowed)
03-14 23:03:57.360 15986 16004 I Detox   : Connecting to server...
03-14 23:03:57.360 15986 16004 I DetoxWSClient: At connectToServer
03-14 23:03:57.400 15986 16020 D TrafficStats: tagSocket(102) with statsTag=0xffffffff, statsUid=-1
03-14 23:03:57.413 15986 16020 D DetoxWSClient: At onOpen
03-14 23:03:57.413 15986 16020 I DetoxWSClient: Sending out action 'login' (ID #0)
03-14 23:03:57.414 15986 16020 I Detox   : Connected to server!
03-14 23:03:57.417 15986 16020 D DetoxWSClient: Received action 'loginSuccess' (ID #0, params={"testerConnected":true,"appConnected":true})
03-14 23:03:57.417 15986 16016 I DetoxDispatcher: Handling action 'loginSuccess' (ID #0)...
03-14 23:03:57.418 15986 16004 I Detox   : Launching the tested activity!
03-14 23:03:57.418 15986 16016 I DetoxDispatcher: Done with action 'loginSuccess'
03-14 23:03:57.462 15986 16020 D DetoxWSClient: Received action 'isReady' (ID #-1000, params={})
03-14 23:03:57.462 15986 16016 I DetoxDispatcher: Handling action 'isReady' (ID #-1000)...
03-14 23:03:57.627 15986 15986 D AppCompatDelegate: Checking for metadata for AppLocalesMetadataHolderService : Service not found
03-14 23:03:57.665 15986 15986 D LifecycleMonitor: Lifecycle status change: com.mcfuzzysquirrel.studentfinance.MainActivity@340991c in: PRE_ON_CREATE
03-14 23:03:57.832 15986 16036 D TrafficStats: tagSocket(109) with statsTag=0xffffffff, statsUid=-1
03-14 23:03:57.845 15986 16036 W unknown:ReconnectingWebSocket: Couldn't connect to "ws://10.0.2.2:8081/message?device=sdk_gphone64_x86_64%20-%2015%20-%20API%2035&app=com.mcfuzzysquirrel.studentfinance&clientid=BridgelessDevSupportManager", will silently retry
03-14 23:03:57.872 15986 15986 W unknown:BridgelessReact: ReactHost{0}.startSurface(surfaceId = 0): Schedule
03-14 23:03:57.872 15986 15986 W unknown:BridgelessReact: ReactHost{0}.attachSurface(surfaceId = 0)
03-14 23:03:57.873 15986 16037 W unknown:BridgelessReact: ReactHost{0}.getOrCreateReactInstanceTask()
03-14 23:03:57.874 15986 16037 W unknown:BridgelessReact: ReactHost{0}.getOrCreateReactInstanceTask(): Start
03-14 23:03:57.874 15986 16037 D Detox.RNMarker: REACT_BRIDGELESS_LOADING_START (null)
03-14 23:03:57.875 15986 16037 W unknown:BridgelessReact: ReactHost{0}.getJSBundleLoader()
03-14 23:03:57.875 15986 16037 W unknown:BridgelessReact: ReactHost{0}.isMetroRunning()
03-14 23:03:57.879 15986 16038 D TrafficStats: tagSocket(109) with statsTag=0xffffffff, statsUid=-1
03-14 23:03:57.881 15986 16038 W unknown:ReactNative: The packager does not seem to be running as we got an IOException requesting its status: Failed to connect to /10.0.2.2:8081
03-14 23:03:57.881 15986 16038 W unknown:BridgelessReact: ReactHost{0}.isMetroRunning(): Async result = false
03-14 23:03:57.882 15986 16037 W unknown:BridgelessReact: ReactHost{0}.getOrCreateReactInstanceTask(): Creating BridgelessReactContext
03-14 23:03:57.884 15986 16037 W unknown:BridgelessReact: ReactHost{0}.getOrCreateReactInstanceTask(): Creating ReactInstance
03-14 23:03:57.899 15986 15986 W .studentfinance: Accessing hidden method Landroid/view/ViewGroup;->makeOptionalFitsSystemWindows()V (unsupported, reflection, allowed)
03-14 23:03:57.899 15986 16041 D TrafficStats: tagSocket(116) with statsTag=0xffffffff, statsUid=-1
03-14 23:03:57.903 15986 15986 D LifecycleMonitor: Lifecycle status change: com.mcfuzzysquirrel.studentfinance.MainActivity@340991c in: CREATED
03-14 23:03:57.905 15986 15986 D LifecycleMonitor: Lifecycle status change: com.mcfuzzysquirrel.studentfinance.MainActivity@340991c in: STARTED
03-14 23:03:57.907 15986 15986 W unknown:BridgelessReact: ReactHost{0}.onHostResume(activity)
03-14 23:03:57.907 15986 15986 W unknown:ReactNative: Packager connection already open, nooping.
03-14 23:03:57.907 15986 15986 W unknown:BridgelessReact: ReactHost{0}.ReactContext.onHostResume()
03-14 23:03:57.907 15986 15986 D LifecycleMonitor: Lifecycle status change: com.mcfuzzysquirrel.studentfinance.MainActivity@340991c in: RESUMED
03-14 23:03:57.916 15986 15986 W HWUI    : Unknown dataspace 0
03-14 23:03:57.928 15986 16037 D nativeloader: Load /data/app/~~cba1d6gxlqYJb8ZLs-S8XA==/com.mcfuzzysquirrel.studentfinance-_xUYYeQuiS_gXvwB3l6l2w==/base.apk!/lib/x86_64/libhermesvm.so using ns clns-7 from class loader (caller=/data/app/~~cba1d6gxlqYJb8ZLs-S8XA==/com.mcfuzzysquirrel.studentfinance-_xUYYeQuiS_gXvwB3l6l2w==/base.apk): ok
03-14 23:03:57.930 15986 16037 D nativeloader: Load /data/app/~~cba1d6gxlqYJb8ZLs-S8XA==/com.mcfuzzysquirrel.studentfinance-_xUYYeQuiS_gXvwB3l6l2w==/base.apk!/lib/x86_64/libhermestooling.so using ns clns-7 from class loader (caller=/data/app/~~cba1d6gxlqYJb8ZLs-S8XA==/com.mcfuzzysquirrel.studentfinance-_xUYYeQuiS_gXvwB3l6l2w==/base.apk): ok
03-14 23:03:57.930 15986 16037 D jni_lib_merge: Entering merged library JNI_OnLoad.
03-14 23:03:57.930 15986 16037 D jni_lib_merge: Preparing 4 pre-merged libs (including stub)
03-14 23:03:57.930 15986 16037 D jni_lib_merge: Preparing to register libhermes_executor_so.  onload_func: 0x727cdf72d050
03-14 23:03:57.930 15986 16037 D jni_lib_merge: Preparing to register libhermesinstancejni_so.  onload_func: 0x727cdf763680
03-14 23:03:57.930 15986 16037 D jni_lib_merge: Preparing to register libjsijniprofiler_so.  onload_func: 0x727cdf7653f0
03-14 23:03:57.930 15986 16037 D jni_lib_merge: About to register 3 actual methods.
03-14 23:03:57.949 15986 16027 I EGL_emulation: Opening libGLESv1_CM_emulation.so
03-14 23:03:57.949 15986 16027 I EGL_emulation: Opening libGLESv2_emulation.so
03-14 23:03:57.980 15986 16027 W HWUI    : Failed to initialize 101010-2 format, error = EGL_SUCCESS
03-14 23:03:58.004 15986 16027 I Gralloc4: mapper 4.x 