--------- beginning of main
03-14 22:46:04.339  6272  6272 I .studentfinance: Late-enabling -Xcheck:jni
03-14 22:46:04.389  6272  6272 I .studentfinance: Using CollectorTypeCMC GC.
03-14 22:46:04.394  6272  6272 W .studentfinance: Unexpected CPU variant for x86: x86_64.
03-14 22:46:04.394  6272  6272 W .studentfinance: Known variants: atom, sandybridge, silvermont, goldmont, goldmont-plus, goldmont-without-sha-xsaves, tremont, kabylake, default
03-14 22:46:04.414  6272  6272 D nativeloader: Load libframework-connectivity-tiramisu-jni.so using APEX ns com_android_tethering for caller /apex/com.android.tethering/javalib/framework-connectivity-t.jar: ok
--------- beginning of system
03-14 22:46:04.464  6272  6272 W ActivityThread: Package uses different ABI(s) than its instrumentation: package[com.mcfuzzysquirrel.studentfinance]: x86_64, null instrumentation[com.mcfuzzysquirrel.studentfinance.test]: null, null
03-14 22:46:04.470  6272  6272 W .studentfinance: ClassLoaderContext shared library size mismatch. Expected=2, found=0 (PCL[]{PCL[/system/framework/android.test.base.jar*724373495]#PCL[/system/framework/android.test.mock.jar*1452759902]} | PCL[])
03-14 22:46:04.472  6272  6272 W .studentfinance: ClassLoaderContext classpath size mismatch. expected=0, found=1 (PCL[] | PCL[/system/framework/android.test.runner.jar*2496447986])
03-14 22:46:04.476  6272  6272 W .studentfinance: ClassLoaderContext classpath size mismatch. expected=0, found=2 (PCL[] | PCL[/system/framework/android.test.runner.jar*2496447986:/system/framework/android.test.mock.jar*1452759902])
03-14 22:46:04.477  6272  6272 W ziparchive: Unable to open '/data/app/~~iQlUTSSRDXJswpF_nJkn0g==/com.mcfuzzysquirrel.studentfinance.test-wH5RmtktQTpJlYTVl2FeTQ==/base.dm': No such file or directory
03-14 22:46:04.477  6272  6272 W ziparchive: Unable to open '/data/app/~~iQlUTSSRDXJswpF_nJkn0g==/com.mcfuzzysquirrel.studentfinance.test-wH5RmtktQTpJlYTVl2FeTQ==/base.dm': No such file or directory
03-14 22:46:04.643  6272  6272 W ziparchive: Unable to open '/data/app/~~9rWWwtrYnZOxTSYf9qhrwg==/com.mcfuzzysquirrel.studentfinance-uRqTEwpxQYKTGXQx112snA==/base.dm': No such file or directory
03-14 22:46:04.643  6272  6272 W ziparchive: Unable to open '/data/app/~~9rWWwtrYnZOxTSYf9qhrwg==/com.mcfuzzysquirrel.studentfinance-uRqTEwpxQYKTGXQx112snA==/base.dm': No such file or directory
03-14 22:46:05.167  6272  6272 D nativeloader: Configuring clns-7 for other apk /system/framework/android.test.runner.jar:/system/framework/android.test.mock.jar:/system/framework/android.test.base.jar:/data/app/~~iQlUTSSRDXJswpF_nJkn0g==/com.mcfuzzysquirrel.studentfinance.test-wH5RmtktQTpJlYTVl2FeTQ==/base.apk:/data/app/~~9rWWwtrYnZOxTSYf9qhrwg==/com.mcfuzzysquirrel.studentfinance-uRqTEwpxQYKTGXQx112snA==/base.apk. target_sdk_version=36, uses_libraries=, library_path=/data/app/~~iQlUTSSRDXJswpF_nJkn0g==/com.mcfuzzysquirrel.studentfinance.test-wH5RmtktQTpJlYTVl2FeTQ==/lib/x86_64:/data/app/~~9rWWwtrYnZOxTSYf9qhrwg==/com.mcfuzzysquirrel.studentfinance-uRqTEwpxQYKTGXQx112snA==/lib/x86_64:/data/app/~~iQlUTSSRDXJswpF_nJkn0g==/com.mcfuzzysquirrel.studentfinance.test-wH5RmtktQTpJlYTVl2FeTQ==/base.apk!/lib/x86_64:/data/app/~~9rWWwtrYnZOxTSYf9qhrwg==/com.mcfuzzysquirrel.studentfinance-uRqTEwpxQYKTGXQx112snA==/base.apk!/lib/x86_64, permitted_path=/data:/mnt/expand:/data/user/0/com.mcfuzzysquirrel.studentfinance
03-14 22:46:05.180  6272  6272 V GraphicsEnvironment: Currently set values for:
03-14 22:46:05.180  6272  6272 V GraphicsEnvironment:   angle_gl_driver_selection_pkgs=[]
03-14 22:46:05.180  6272  6272 V GraphicsEnvironment:   angle_gl_driver_selection_values=[]
03-14 22:46:05.180  6272  6272 V GraphicsEnvironment: Global.Settings values are invalid: number of packages: 0, number of values: 0
03-14 22:46:05.181  6272  6272 V GraphicsEnvironment: Neither updatable production driver nor prerelease driver is supported.
03-14 22:46:05.184  6272  6272 D ApplicationLoaders: Returning zygote-cached class loader: /system/framework/android.test.base.jar
03-14 22:46:05.186  6272  6272 D nativeloader: Configuring clns-8 for other apk /system/framework/android.test.mock.jar. target_sdk_version=36, uses_libraries=ALL, library_path=/data/app/~~iQlUTSSRDXJswpF_nJkn0g==/com.mcfuzzysquirrel.studentfinance.test-wH5RmtktQTpJlYTVl2FeTQ==/lib/x86_64:/data/app/~~9rWWwtrYnZOxTSYf9qhrwg==/com.mcfuzzysquirrel.studentfinance-uRqTEwpxQYKTGXQx112snA==/lib/x86_64, permitted_path=/data:/mnt/expand
03-14 22:46:05.187  6272  6272 D ApplicationLoaders: Returning zygote-cached class loader: /system/framework/android.test.base.jar
03-14 22:46:05.189  6272  6272 D nativeloader: Configuring clns-9 for other apk /system/framework/android.test.runner.jar. target_sdk_version=36, uses_libraries=ALL, library_path=/data/app/~~iQlUTSSRDXJswpF_nJkn0g==/com.mcfuzzysquirrel.studentfinance.test-wH5RmtktQTpJlYTVl2FeTQ==/lib/x86_64:/data/app/~~9rWWwtrYnZOxTSYf9qhrwg==/com.mcfuzzysquirrel.studentfinance-uRqTEwpxQYKTGXQx112snA==/lib/x86_64, permitted_path=/data:/mnt/expand
03-14 22:46:05.192  6272  6272 W .studentfinance: ClassLoaderContext shared library size mismatch. Expected=2, found=3 (PCL[]{PCL[/system/framework/android.test.base.jar*724373495]#PCL[/system/framework/android.test.mock.jar*1452759902]} | PCL[]{PCL[/system/framework/android.test.base.jar*724373495]#PCL[/system/framework/android.test.mock.jar*1452759902]#PCL[/system/framework/android.test.runner.jar*2496447986]{PCL[/system/framework/android.test.base.jar*724373495]#PCL[/system/framework/android.test.mock.jar*1452759902]}};PCL[/system/framework/android.test.runner.jar*2496447986:/system/framework/android.test.mock.jar*1452759902:/system/framework/android.test.base.jar*724373495:/data/app/~~iQlUTSSRDXJswpF_nJkn0g==/com.mcfuzzysquirrel.studentfinance.test-wH5RmtktQTpJlYTVl2FeTQ==/base.apk*3224200876:/data/app/~~9rWWwtrYnZOxTSYf9qhrwg==/com.mcfuzzysquirrel.studentfinance-uRqTEwpxQYKTGXQx112snA==/base.apk*2060289533])
03-14 22:46:05.194  6272  6272 W .studentfinance: ClassLoaderContext classpath size mismatch. expected=0, found=1 (PCL[] | PCL[/system/framework/android.test.runner.jar*2496447986]{PCL[/system/framework/android.test.base.jar*724373495]#PCL[/system/framework/android.test.mock.jar*1452759902]#PCL[/system/framework/android.test.runner.jar*2496447986]{PCL[/system/framework/android.test.base.jar*724373495]#PCL[/system/framework/android.test.mock.jar*1452759902]}};PCL[/system/framework/android.test.runner.jar*2496447986:/system/framework/android.test.mock.jar*1452759902:/system/framework/android.test.base.jar*724373495:/data/app/~~iQlUTSSRDXJswpF_nJkn0g==/com.mcfuzzysquirrel.studentfinance.test-wH5RmtktQTpJlYTVl2FeTQ==/base.apk*3224200876:/data/app/~~9rWWwtrYnZOxTSYf9qhrwg==/com.mcfuzzysquirrel.studentfinance-uRqTEwpxQYKTGXQx112snA==/base.apk*2060289533])
03-14 22:46:05.196  6272  6272 W .studentfinance: ClassLoaderContext classpath size mismatch. expected=0, found=2 (PCL[] | PCL[/system/framework/android.test.runner.jar*2496447986:/system/framework/android.test.mock.jar*1452759902]{PCL[/system/framework/android.test.base.jar*724373495]#PCL[/system/framework/android.test.mock.jar*1452759902]#PCL[/system/framework/android.test.runner.jar*2496447986]{PCL[/system/framework/android.test.base.jar*724373495]#PCL[/system/framework/android.test.mock.jar*1452759902]}};PCL[/system/framework/android.test.runner.jar*2496447986:/system/framework/android.test.mock.jar*1452759902:/system/framework/android.test.base.jar*724373495:/data/app/~~iQlUTSSRDXJswpF_nJkn0g==/com.mcfuzzysquirrel.studentfinance.test-wH5RmtktQTpJlYTVl2FeTQ==/base.apk*3224200876:/data/app/~~9rWWwtrYnZOxTSYf9qhrwg==/com.mcfuzzysquirrel.studentfinance-uRqTEwpxQYKTGXQx112snA==/base.apk*2060289533])
03-14 22:46:05.197  6272  6272 W ziparchive: Unable to open '/data/app/~~iQlUTSSRDXJswpF_nJkn0g==/com.mcfuzzysquirrel.studentfinance.test-wH5RmtktQTpJlYTVl2FeTQ==/base.dm': No such file or directory
03-14 22:46:05.197  6272  6272 W ziparchive: Unable to open '/data/app/~~iQlUTSSRDXJswpF_nJkn0g==/com.mcfuzzysquirrel.studentfinance.test-wH5RmtktQTpJlYTVl2FeTQ==/base.dm': No such file or directory
03-14 22:46:05.286  6272  6272 W ziparchive: Unable to open '/data/app/~~9rWWwtrYnZOxTSYf9qhrwg==/com.mcfuzzysquirrel.studentfinance-uRqTEwpxQYKTGXQx112snA==/base.dm': No such file or directory
03-14 22:46:05.286  6272  6272 W ziparchive: Unable to open '/data/app/~~9rWWwtrYnZOxTSYf9qhrwg==/com.mcfuzzysquirrel.studentfinance-uRqTEwpxQYKTGXQx112snA==/base.dm': No such file or directory
03-14 22:46:05.665  6272  6272 I AndroidJUnitRunner: newApplication com.mcfuzzysquirrel.studentfinance.MainApplication
03-14 22:46:05.683  6272  6272 I AndroidJUnitRunner: onCreate Bundle[mParcelledData.dataSize=312]
03-14 22:46:05.683  6272  6272 D AndroidJUnitRunner: Use the raw file system for managing file I/O.
03-14 22:46:05.744  6272  6272 V TestEventClient: No service name argument was given (testDiscoveryService, testRunEventService or orchestratorService)
03-14 22:46:05.744  6272  6301 D AndroidJUnitRunner: onStart is called.
03-14 22:46:05.748  6272  6272 W SoLoader: Initializing SoLoader: 0
03-14 22:46:05.749  6272  6272 W SoLoader: Recording new base apk path: /data/app/~~9rWWwtrYnZOxTSYf9qhrwg==/com.mcfuzzysquirrel.studentfinance-uRqTEwpxQYKTGXQx112snA==/base.apk
03-14 22:46:05.749  6272  6272 W SoLoader: Previously recorded 0 base apk paths.
03-14 22:46:05.751  6272  6272 I SoLoader: Preparing SO source: DirectorySoSource[root = /vendor/lib64 flags = 2]
03-14 22:46:05.752  6272  6272 I SoLoader: Preparing SO source: DirectorySoSource[root = /system/lib64 flags = 2]
03-14 22:46:05.752  6272  6272 I SoLoader: Preparing SO source: DirectApkSoSource[root = [/data/app/~~9rWWwtrYnZOxTSYf9qhrwg==/com.mcfuzzysquirrel.studentfinance-uRqTEwpxQYKTGXQx112snA==/base.apk!/lib/x86_64]]
03-14 22:46:05.766  6272  6272 I SoLoader: Preparing SO source: ApplicationSoSource[DirectorySoSource[root = /data/app/~~9rWWwtrYnZOxTSYf9qhrwg==/com.mcfuzzysquirrel.studentfinance-uRqTEwpxQYKTGXQx112snA==/lib/x86_64 flags = 0]]
03-14 22:46:05.766  6272  6272 I SoLoader: init finish: 4 SO sources prepared
03-14 22:46:05.766  6272  6272 W SoLoader: SoLoader initialized: 8
03-14 22:46:05.807  6272  6272 D nativeloader: Load /data/app/~~9rWWwtrYnZOxTSYf9qhrwg==/com.mcfuzzysquirrel.studentfinance-uRqTEwpxQYKTGXQx112snA==/base.apk!/lib/x86_64/libc++_shared.so using ns clns-7 from class loader (caller=/data/app/~~9rWWwtrYnZOxTSYf9qhrwg==/com.mcfuzzysquirrel.studentfinance-uRqTEwpxQYKTGXQx112snA==/base.apk): ok
03-14 22:46:05.824  6272  6272 D nativeloader: Load /data/app/~~9rWWwtrYnZOxTSYf9qhrwg==/com.mcfuzzysquirrel.studentfinance-uRqTEwpxQYKTGXQx112snA==/base.apk!/lib/x86_64/libjsi.so using ns clns-7 from class loader (caller=/data/app/~~9rWWwtrYnZOxTSYf9qhrwg==/com.mcfuzzysquirrel.studentfinance-uRqTEwpxQYKTGXQx112snA==/base.apk): ok
03-14 22:46:05.833  6272  6272 D nativeloader: Load /data/app/~~9rWWwtrYnZOxTSYf9qhrwg==/com.mcfuzzysquirrel.studentfinance-uRqTEwpxQYKTGXQx112snA==/base.apk!/lib/x86_64/libfbjni.so using ns clns-7 from class loader (caller=/data/app/~~9rWWwtrYnZOxTSYf9qhrwg==/com.mcfuzzysquirrel.studentfinance-uRqTEwpxQYKTGXQx112snA==/base.apk): ok
03-14 22:46:05.845  6272  6272 D nativeloader: Load /data/app/~~9rWWwtrYnZOxTSYf9qhrwg==/com.mcfuzzysquirrel.studentfinance-uRqTEwpxQYKTGXQx112snA==/base.apk!/lib/x86_64/libreactnative.so using ns clns-7 from class loader (caller=/data/app/~~9rWWwtrYnZOxTSYf9qhrwg==/com.mcfuzzysquirrel.studentfinance-uRqTEwpxQYKTGXQx112snA==/base.apk): ok
03-14 22:46:05.845  6272  6272 D jni_lib_merge: Entering merged library JNI_OnLoad.
03-14 22:46:05.845  6272  6272 D jni_lib_merge: Preparing 12 pre-merged libs (including stub)
03-14 22:46:05.845  6272  6272 D jni_lib_merge: Preparing to register libfabricjni_so.  onload_func: 0x727ce59af730
03-14 22:46:05.845  6272  6272 D jni_lib_merge: Preparing to register libreact_devsupportjni_so.  onload_func: 0x727ce5bac190
03-14 22:46:05.845  6272  6272 D jni_lib_merge: Preparing to register libreact_featureflagsjni_so.  onload_func: 0x727ce5bbd910
03-14 22:46:05.845  6272  6272 D jni_lib_merge: Preparing to register libreact_newarchdefaults_so.  onload_func: 0x727ce5c5ed20
03-14 22:46:05.845  6272  6272 D jni_lib_merge: Preparing to register libreactnativeblob_so.  onload_func: 0x727ce5e692e0
03-14 22:46:05.845  6272  6272 D jni_lib_merge: Preparing to register libreactnativejni_so.  onload_func: 0x727ce5ea9770
03-14 22:46:05.845  6272  6272 D jni_lib_merge: Preparing to register libreactnativejni_common_so.  onload_func: 0x727ce5eb95d0
03-14 22:46:05.845  6272  6272 D jni_lib_merge: Preparing to register librninstance_so.  onload_func: 0x727ce5ef64c0
03-14 22:46:05.845  6272  6272 D jni_lib_merge: Preparing to register libturbomodulejsijni_so.  onload_func: 0x727ce6057c00
03-14 22:46:05.845  6272  6272 D jni_lib_merge: Preparing to register libuimanagerjni_so.  onload_func: 0x727ce606fde0
03-14 22:46:05.845  6272  6272 D jni_lib_merge: Preparing to register libyoga_so.  onload_func: 0x727ce607ed70
03-14 22:46:05.845  6272  6272 D jni_lib_merge: About to register 11 actual methods.
03-14 22:46:05.873  6272  6272 D nativeloader: Load /data/app/~~9rWWwtrYnZOxTSYf9qhrwg==/com.mcfuzzysquirrel.studentfinance-uRqTEwpxQYKTGXQx112snA==/base.apk!/lib/x86_64/libreact_codegen_rnscreens.so using ns clns-7 from class loader (caller=/data/app/~~9rWWwtrYnZOxTSYf9qhrwg==/com.mcfuzzysquirrel.studentfinance-uRqTEwpxQYKTGXQx112snA==/base.apk): ok
03-14 22:46:05.873  6272  6272 D jni_lib_merge: Entering merged library JNI_OnLoad.
03-14 22:46:05.873  6272  6272 D jni_lib_merge: Preparing 12 pre-merged libs (including stub)
03-14 22:46:05.873  6272  6272 D jni_lib_merge: Preparing to register libfabricjni_so.  onload_func: 0x727ce59af730
03-14 22:46:05.873  6272  6272 D jni_lib_merge: Preparing to register libreact_devsupportjni_so.  onload_func: 0x727ce5bac190
03-14 22:46:05.873  6272  6272 D jni_lib_merge: Preparing to register libreact_featureflagsjni_so.  onload_func: 0x727ce5bbd910
03-14 22:46:05.873  6272  6272 D jni_lib_merge: Preparing to register libreact_newarchdefaults_so.  onload_func: 0x727ce5c5ed20
03-14 22:46:05.873  6272  6272 D jni_lib_merge: Preparing to register libreactnativeblob_so.  onload_func: 0x727ce5e692e0
03-14 22:46:05.873  6272  6272 D jni_lib_merge: Preparing to register libreactnativejni_so.  onload_func: 0x727ce5ea9770
03-14 22:46:05.873  6272  6272 D jni_lib_merge: Preparing to register libreactnativejni_common_so.  onload_func: 0x727ce5eb95d0
03-14 22:46:05.873  6272  6272 D jni_lib_merge: Preparing to register librninstance_so.  onload_func: 0x727ce5ef64c0
03-14 22:46:05.873  6272  6272 D jni_lib_merge: Preparing to register libturbomodulejsijni_so.  onload_func: 0x727ce6057c00
03-14 22:46:05.873  6272  6272 D jni_lib_merge: Preparing to register libuimanagerjni_so.  onload_func: 0x727ce606fde0
03-14 22:46:05.873  6272  6272 D jni_lib_merge: Preparing to register libyoga_so.  onload_func: 0x727ce607ed70
03-14 22:46:05.873  6272  6272 D jni_lib_merge: About to register 11 actual methods.
03-14 22:46:05.885  6272  6272 D nativeloader: Load /data/app/~~9rWWwtrYnZOxTSYf9qhrwg==/com.mcfuzzysquirrel.studentfinance-uRqTEwpxQYKTGXQx112snA==/base.apk!/lib/x86_64/libreact_codegen_rnsvg.so using ns clns-7 from class loader (caller=/data/app/~~9rWWwtrYnZOxTSYf9qhrwg==/com.mcfuzzysquirrel.studentfinance-uRqTEwpxQYKTGXQx112snA==/base.apk): ok
03-14 22:46:05.885  6272  6272 D jni_lib_merge: Entering merged library JNI_OnLoad.
03-14 22:46:05.885  6272  6272 D jni_lib_merge: Preparing 12 pre-merged libs (including stub)
03-14 22:46:05.885  6272  6272 D jni_lib_merge: Preparing to register libfabricjni_so.  onload_func: 0x727ce59af730
03-14 22:46:05.885  6272  6272 D jni_lib_merge: Preparing to register libreact_devsupportjni_so.  onload_func: 0x727ce5bac190
03-14 22:46:05.885  6272  6272 D jni_lib_merge: Preparing to register libreact_featureflagsjni_so.  onload_func: 0x727ce5bbd910
03-14 22:46:05.885  6272  6272 D jni_lib_merge: Preparing to register libreact_newarchdefaults_so.  onload_func: 0x727ce5c5ed20
03-14 22:46:05.885  6272  6272 D jni_lib_merge: Preparing to register libreactnativeblob_so.  onload_func: 0x727ce5e692e0
03-14 22:46:05.885  6272  6272 D jni_lib_merge: Preparing to register libreactnativejni_so.  onload_func: 0x727ce5ea9770
03-14 22:46:05.885  6272  6272 D jni_lib_merge: Preparing to register libreactnativejni_common_so.  onload_func: 0x727ce5eb95d0
03-14 22:46:05.885  6272  6272 D jni_lib_merge: Preparing to register librninstance_so.  onload_func: 0x727ce5ef64c0
03-14 22:46:05.885  6272  6272 D jni_lib_merge: Preparing to register libturbomodulejsijni_so.  onload_func: 0x727ce6057c00
03-14 22:46:05.885  6272  6272 D jni_lib_merge: Preparing to register libuimanagerjni_so.  onload_func: 0x727ce606fde0
03-14 22:46:05.885  6272  6272 D jni_lib_merge: Preparing to register libyoga_so.  onload_func: 0x727ce607ed70
03-14 22:46:05.885  6272  6272 D jni_lib_merge: About to register 11 actual methods.
03-14 22:46:05.897  6272  6272 D nativeloader: Load /data/app/~~9rWWwtrYnZOxTSYf9qhrwg==/com.mcfuzzysquirrel.studentfinance-uRqTEwpxQYKTGXQx112snA==/base.apk!/lib/x86_64/libreact_codegen_safeareacontext.so using ns clns-7 from class loader (caller=/data/app/~~9rWWwtrYnZOxTSYf9qhrwg==/com.mcfuzzysquirrel.studentfinance-uRqTEwpxQYKTGXQx112snA==/base.apk): ok
03-14 22:46:05.904  6272  6272 D nativeloader: Load /data/app/~~9rWWwtrYnZOxTSYf9qhrwg==/com.mcfuzzysquirrel.studentfinance-uRqTEwpxQYKTGXQx112snA==/base.apk!/lib/x86_64/libappmodules.so using ns clns-7 from class loader (caller=/data/app/~~9rWWwtrYnZOxTSYf9qhrwg==/com.mcfuzzysquirrel.studentfinance-uRqTEwpxQYKTGXQx112snA==/base.apk): ok
03-14 22:46:05.972  6272  6301 I InstrConnection: Could not send broadcast or register receiver (isolatedProcess?)
03-14 22:46:05.977  6272  6301 D TestRequestBuilder: Using class path scanning to discover tests
03-14 22:46:05.977  6272  6301 I TestRequestBuilder: Scanning classpath to find tests in paths [/data/app/~~iQlUTSSRDXJswpF_nJkn0g==/com.mcfuzzysquirrel.studentfinance.test-wH5RmtktQTpJlYTVl2FeTQ==/base.apk]
03-14 22:46:05.978  6272  6301 W .studentfinance: Opening an oat file without a class loader. Are you using the deprecated DexFile APIs?
03-14 22:46:06.427  6272  6301 I TestRunner: run started: 1 tests
03-14 22:46:06.427  6272  6301 I TestRunner: started: runDetoxTests(com.mcfuzzysquirrel.studentfinance.DetoxTest)
03-14 22:46:06.434  6272  6301 I Detox   : Detox server connection details: url=ws://localhost:36931, sessionId=5a768b26-d324-b11a-d215-c9a8105e1c3a
03-14 22:46:06.442  6272  6301 I Tracing : Tracer added: class androidx.test.platform.tracing.AndroidXTracer
03-14 22:46:06.455  6272  6301 W .studentfinance: Accessing hidden field Ljava/lang/reflect/Field;->accessFlags:I (unsupported, reflection, allowed)
03-14 22:46:06.457  6272  6301 I Detox   : Connecting to server...
03-14 22:46:06.457  6272  6301 I DetoxWSClient: At connectToServer
03-14 22:46:06.510  6272  6307 D TrafficStats: tagSocket(102) with statsTag=0xffffffff, statsUid=-1
03-14 22:46:06.525  6272  6307 D DetoxWSClient: At onOpen
03-14 22:46:06.525  6272  6307 I DetoxWSClient: Sending out action 'login' (ID #0)
03-14 22:46:06.526  6272  6307 I Detox   : Connected to server!
03-14 22:46:06.529  6272  6307 D DetoxWSClient: Received action 'loginSuccess' (ID #0, params={"testerConnected":true,"appConnected":true})
03-14 22:46:06.529  6272  6303 I DetoxDispatcher: Handling action 'loginSuccess' (ID #0)...
03-14 22:46:06.530  6272  6303 I DetoxDispatcher: Done with action 'loginSuccess'
03-14 22:46:06.530  6272  6301 I Detox   : Launching the tested activity!
03-14 22:46:06.580  6272  6307 D DetoxWSClient: Received action 'isReady' (ID #-1000, params={})
03-14 22:46:06.583  6272  6303 I DetoxDispatcher: Handling action 'isReady' (ID #-1000)...
03-14 22:46:06.715  6272  6272 D AppCompatDelegate: Checking for metadata for AppLocalesMetadataHolderService : Service not found
03-14 22:46:06.813  6272  6272 D LifecycleMonitor: Lifecycle status change: com.mcfuzzysquirrel.studentfinance.MainActivity@340991c in: PRE_ON_CREATE
03-14 22:46:07.486  6272  6272 W unknown:BridgelessReact: ReactHost{0}.startSurface(surfaceId = 0): Schedule
03-14 22:46:07.487  6272  6272 W unknown:BridgelessReact: ReactHost{0}.attachSurface(surfaceId = 0)
03-14 22:46:07.496  6272  6328 W unknown:BridgelessReact: ReactHost{0}.getOrCreateReactInstanceTask()
03-14 22:46:07.497  6272  6328 W unknown:BridgelessReact: ReactHost{0}.getOrCreateReactInstanceTask(): Start
03-14 22:46:07.497  6272  6328 D Detox.RNMarker: REACT_BRIDGELESS_LOADING_START (null)
03-14 22:46:07.497  6272  6328 W unknown:BridgelessReact: ReactHost{0}.getJSBundleLoader()
03-14 22:46:07.497  6272  6328 W unknown:BridgelessReact: ReactHost{0}.isMetroRunning()
03-14 22:46:07.519  6272  6330 D TrafficStats: tagSocket(109) with statsTag=0xffffffff, statsUid=-1
03-14 22:46:07.522  6272  6272 W .studentfinance: Accessing hidden method Landroid/view/ViewGroup;->makeOptionalFitsSystemWindows()V (unsupported, reflection, allowed)
03-14 22:46:07.524  6272  6330 W unknown:ReactNative: The packager does not seem to be running as we got an IOException requesting its status: Failed to connect to /10.0.2.2:8081
03-14 22:46:07.525  6272  6330 W unknown:BridgelessReact: ReactHost{0}.isMetroRunning(): Async result = false
03-14 22:46:07.527  6272  6272 D LifecycleMonitor: Lifecycle status change: com.mcfuzzysquirrel.studentfinance.MainActivity@340991c in: CREATED
03-14 22:46:07.530  6272  6272 D LifecycleMonitor: Lifecycle status change: com.mcfuzzysquirrel.studentfinance.MainActivity@340991c in: STARTED
03-14 22:46:07.531  6272  6328 W unknown:BridgelessReact: ReactHost{0}.getOrCreateReactInstanceTask(): Creating BridgelessReactContext
03-14 22:46:07.533  6272  6328 W unknown:BridgelessReact: ReactHost{0}.getOrCreateReactInstanceTask(): Creating ReactInstance
03-14 22:46:07.533  6272  6272 W unknown:BridgelessReact: ReactHost{0}.onHostResume(activity)
03-14 22:46:07.533  6272  6272 W unknown:BridgelessReact: ReactHost{0}.ReactContext.onHostResume()
03-14 22:46:07.533  6272  6272 D LifecycleMonitor: Lifecycle status change: com.mcfuzzysquirrel.studentfinance.MainActivity@340991c in: RESUMED
03-14 22:46:07.543  6272  6332 D TrafficStats: tagSocket(111) with statsTag=0xffffffff, statsUid=-1
03-14 22:46:07.544  6272  6272 W HWUI    : Unknown dataspace 0
03-14 22:46:07.544  6272  6329 D TrafficStats: tagSocket(113) with statsTag=0xffffffff, statsUid=-1
03-14 22:46:07.547  6272  6329 W unknown:ReconnectingWebSocket: Couldn't connect to "ws://10.0.2.2:8081/message?device=sdk_gphone64_x86_64%20-%2015%20-%20API%2035&app=com.mcfuzzysquirrel.studentfinance&clientid=BridgelessDevSupportManager", will silently retry
03-14 22:46:07.549  6272  6332 W unknown:ReconnectingWebSocket: Couldn't connect to "ws://10.0.2.2:8081/message?device=sdk_gphone64_x86_64%20-%2015%20-%20API%2035&app=com.mcfuzzysquirrel.studentfinance&clientid=BridgelessDevSupportManager", will silently retry
03-14 22:46:07.581  6272  6313 I EGL_emulation: Opening libGLESv1_CM_emulation.so
03-14 22:46:07.582  6272  6313 I EGL_emulation: Opening libGLESv2_emulation.so
03-14 22:46:07.635  6272  6313 W HWUI    : Failed to initialize 101010-2 format, error = EGL_SUCCESS
03-14 22:46:07.661  6272  6313 I Gralloc4: mapper 4.x is not supported
03-14 22:46:07.715  6272  6328 D nativeloader: Load /data/app/~~9rWWwtrYnZOxTSYf9qhrwg==/com.mcfuzzysquirrel.studentfinance-uRqTEwpxQYKTGXQx112snA==/base.apk!/lib/x86_64/libhermesvm.so using ns clns-7 from class loader (caller=/data/app/~~9rWWwtrYnZOxTSYf9qhrwg==/com.mcfuzzysquirrel.studentfinance-uRqTEwpxQYKTGXQx112snA==/base.apk): ok
03-14 22:46:07.719  6272  6328 D nativeloader: Load /data/app/~~9rWWwtrYnZOxTSYf9qhrwg==/com.mcfuzzysquirrel.studentfinance-uRqTEwpxQYKTGXQx112snA==/base.apk!/lib/x86_64/libhermestooling.so using ns clns-7 from class loader (caller=/data/app/~~9rWWwtrYnZOxTSYf9qhrwg==/com.mcfuzzysquirrel.studentfinance-uRqTEwpxQYKTGXQx112snA==/base.apk): ok
03-14 22:46:07.720  6272  6328 D jni_lib_merge: Entering merged library JNI_OnLoad.
03-14 22:46:07.720  6272  6328 D jni_lib_merge: Preparing 4 pre-merged libs (including stub)
03-14 22:46:07.720  6272  6328 D jni_lib_merge: Preparing to register libhermes_executor_so.  onload_func: 0x727cd95ab050
03-14 22:46:07.720  6272  6328 D jni_lib_merge: Preparing to register libhermesinstancejni_so.  onload_func: 0x727cd95e1680
03-14 22:46:07.720  6272  6328 D jni_lib_merge: Preparing to register libjsijniprofiler_so.  onload_func: 0x727cd95e33f0
03-14 22:46:07.720  6272  6328 D jni_lib_merge: About to register 3 actual methods.
03-14 22:46:07.739  6272  6342 D TrafficStats: tagSocket(115) with statsTag=0xffffffff, statsUid=-1
03-14 22:46:08.250  6272  6328 I ExpoModulesCore: ✅ AppContext was initialized
03-14 22:46:08.371  6272  6328 W unknown:BridgelessReact: ReactHost{0}.getOrCreateReactInstanceTask(): Loading JS Bundle
03-14 22:46:08.372  6272  6336 D Detox.RNMarker: RUN_JS_BUNDLE_START (index.android.bundle)
03-14 22:46:08.379  6272  6328 W unknown:BridgelessReact: ReactHost{0}.getOrCreateReactInstanceTask(): DevSupportManager.onNewReactContextCreated()
03-14 22:46:08.394  6272  6272 W unknown:ReactNative: Packager connection already open, nooping.
03-14 22:46:08.396  6272  6272 W unknown:BridgelessReact: ReactHost{0}.ReactContext.onHostResume()
03-14 22:46:08.396  6272  6272 W unknown:BridgelessReact: ReactHost{0}.getOrCreateReactInstanceTask(): Executing ReactInstanceEventListeners
03-14 22:46:08.396  6272  6272 I DetoxRNLoading: Got new RN-context through listener
03-14 22:46:08.397  6272  6328 W unknown:BridgelessReact: ReactHost{0}.startSurface(surfaceId = 0): Execute
03-14 22:46:08.406  6272  6303 W .studentfinance: Long monitor contention with owner Instr: androidx.test.runner.AndroidJUnitRunner (6301) at void com.wix.detox.DetoxMain.launchActivityOnCue(android.content.Context, com.wix.detox.ActivityLaunchHelper)(DetoxMain.kt:53) waiters=0 in void com.wix.detox.DetoxMain$setupActionHandlers$SynchronizedActionHandler.handle(java.lang.String, long) for 1.822s
03-14 22:46:08.409  6272  6272 W .studentfinance: Accessing hidden method Landroid/os/MessageQueue;->next()Landroid/os/Message; (unsupported, reflection, allowed)
03-14 22:46:08.409  6272  6272 W .studentfinance: Accessing hidden field Landroid/os/MessageQueue;->mMessages:Landroid/os/Message; (unsupported, reflection, allowed)
03-14 22:46:08.410  6272  6272 W .studentfinance: Accessing hidden method Landroid/os/Message;->recycleUnchecked()V (unsupported, reflection, allowed)
03-14 22:46:08.410  6272  6272 I Detox   : Wait is over: App is now idle!
03-14 22:46:08.411  6272  6303 I DetoxWSClient: Sending out action 'ready' (ID #-1000)
03-14 22:46:08.411  6272  6303 I DetoxDispatcher: Done with action 'isReady'
03-14 22:46:08.428  6272  6307 D DetoxWSClient: Received action 'invoke' (ID #3, params={"target":{"type":"Class","value":"com.wix.detox.espresso.DetoxAssertion"},"method":"waitForAssertMatcher","args":[{"type":"Invocation","value":{"target":{"type":"Class","value":"androidx.test.espresso.Espresso"},"method":"onView","args":[{"type":"Invocation","value":{"target":{"type":"Class","value":"com.wix.detox.espresso.DetoxMatcher"},"method":"matcherForTestId","args":["dashboard-add-expense-button",{"type":"boolean","value":false}]}}]}},{"type":"Invocation","value":{"target":{"type":"Class","value":"com.wix.detox.espresso.DetoxMatcher"},"method":"matcherForSufficientlyVisible","args":[{"type":"Integer","value":75}]}},{"type":"Double","value":10}]})
03-14 22:46:08.436  6272  6303 I DetoxDispatcher: Handling action 'invoke' (ID #3)...
03-14 22:46:08.440  6272  6303 D Detox   : class com.wix.detox.espresso.DetoxMatcher, matcherForTestId, [dashboard-add-expense-button, false]
03-14 22:46:08.446  6272  6303 D Detox   : class androidx.test.espresso.Espresso, onView, [(view.getTag() is "dashboard-add-expense-button" and view has effective visibility <VISIBLE>)]
03-14 22:46:08.447  6272  6303 D Detox   : class com.wix.detox.espresso.DetoxMatcher, matcherForSufficientlyVisible, [75]
03-14 22:46:08.449  6272  6303 D Detox   : class com.wix.detox.espresso.DetoxAssertion, waitForAssertMatcher, [androidx.test.espresso.ViewInteraction@bdd4aea, (view has effective visibility <VISIBLE> and view.getGlobalVisibleRect() covers at least <75> percent of the view's area), 10.0]
03-14 22:46:08.454  6272  6336 D nativeloader: Load /data/app/~~9rWWwtrYnZOxTSYf9qhrwg==/com.mcfuzzysquirrel.studentfinance-uRqTEwpxQYKTGXQx112snA==/base.apk!/lib/x86_64/libexpo-modules-core.so using ns clns-7 from class loader (caller=/data/app/~~9rWWwtrYnZOxTSYf9qhrwg==/com.mcfuzzysquirrel.studentfinance-uRqTEwpxQYKTGXQx112snA==/base.apk): ok
03-14 22:46:08.467  6272  6272 I ViewInteraction: Checking 'MatchesViewAssertion(Detox){viewMatcher=(view has effective visibility <VISIBLE> and view.getGlobalVisibleRect() covers at least <75> percent of the view's area)}' assertion on view (view.getTag() is "dashboard-add-expense-button" and view has effective visibility <VISIBLE>)
03-14 22:46:08.507  6272  6272 I ViewInteraction: Checking 'MatchesViewAssertion(Detox){viewMatcher=(view has effective visibility <VISIBLE> and view.getGlobalVisibleRect() covers at least <75> percent of the view's area)}' assertion on view (view.getTag() is "dashboard-add-expense-button" and view has effective visibility <VISIBLE>)
03-14 22:46:08.528  6272  6279 I .studentfinance: Compiler allocated 5174KB to compile void android.view.ViewRootImpl.performTraversals()
03-14 22:46:08.544  6272  6336 W unknown:ViewManagerPropertyUpdater: Could not find generated setter for class com.th3rdwave.safeareacontext.SafeAreaProviderManager
03-14 22:46:08.550  6272  6272 I ViewInteraction: Checking 'MatchesViewAssertion(Detox){viewMatcher=(view has effective visibility <VISIBLE> and view.getGlobalVisibleRect() covers at least <75> percent of the view's area)}' assertion on view (view.getTag() is "dashboard-add-expense-button" and view has effective visibility <VISIBLE>)
03-14 22:46:08.559  6272  6336 W unknown:ViewManagerPropertyUpdater: Could not find generated setter for class com.facebook.react.uimanager.LayoutShadowNode
03-14 22:46:08.563  6272  6336 W unknown:ViewManagerPropertyUpdater: Could not find generated setter for class com.swmansion.rnscreens.SearchBarManager
03-14 22:46:08.565  6272  6336 W unknown:ViewManagerPropertyUpdater: Could not find generated setter for class com.swmansion.rnscreens.ScreenFooterManager
03-14 22:46:08.566  6272  6336 W unknown:ViewManagerPropertyUpdater: Could not find generated setter for class com.swmansion.rnscreens.gamma.tabs.TabScreenViewManager
03-14 22:46:08.568  6272  6336 W unknown:ViewManagerPropertyUpdater: Could not find generated setter for class expo.modules.kotlin.views.GroupViewManagerWrapper
03-14 22:46:08.570  6272  6336 W unknown:ViewManagerPropertyUpdater: Could not find generated setter for class com.swmansion.rnscreens.ScreenContainerViewManager
03-14 22:46:08.572  6272  6336 W unknown:ViewManagerPropertyUpdater: Could not find generated setter for class com.swmansion.rnscreens.gamma.tabs.TabsHostViewManager
03-14 22:46:08.585  6272  6336 W unknown:ViewManagerPropertyUpdater: Could not find generated setter for class com.swmansion.rnscreens.ModalScreenViewManager
03-14 22:46:08.588  6272  6336 W unknown:ViewManagerPropertyUpdater: Could not find generated setter for class com.swmansion.rnscreens.ScreenStackHeaderConfigViewManager
03-14 22:46:08.591  6272  6336 W unknown:ViewManagerPropertyUpdater: Could not find generated setter for class com.swmansion.rnscreens.ScreenContentWrapperManager
03-14 22:46:08.592  6272  6272 I ViewInteraction: Checking 'MatchesViewAssertion(Detox){viewMatcher=(view has effective visibility <VISIBLE> and view.getGlobalVisibleRect() covers at least <75> percent of the view's area)}' assertion on view (view.getTag() is "dashboard-add-expense-button" and view has effective visibility <VISIBLE>)
03-14 22:46:08.593  6272  6336 W unknown:ViewManagerPropertyUpdater: Could not find generated setter for class com.th3rdwave.safeareacontext.SafeAreaViewManager
03-14 22:46:08.595  6272  6336 W unknown:ViewManagerPropertyUpdater: Could not find generated setter for class com.th3rdwave.safeareacontext.SafeAreaViewShadowNode
03-14 22:46:08.599  6272  6336 W unknown:ViewManagerPropertyUpdater: Could not find generated setter for class com.swmansion.rnscreens.safearea.SafeAreaViewManager
03-14 22:46:08.599  6272  6336 W unknown:ViewManagerPropertyUpdater: Could not find generated setter for class com.swmansion.rnscreens.safearea.paper.SafeAreaViewShadowNode
03-14 22:46:08.600  6272  6336 W unknown:ViewManagerPropertyUpdater: Could not find generated setter for class com.swmansion.rnscreens.ScreenViewManager
03-14 22:46:08.601  6272  6336 W unknown:ViewManagerPropertyUpdater: Could not find generated setter for class com.swmansion.rnscreens.gamma.stack.host.StackHostViewManager
03-14 22:46:08.602  6272  6336 W unknown:ViewManagerPropertyUpdater: Could not find generated setter for class com.swmansion.rnscreens.ScreenStackHeaderSubviewManager
03-14 22:46:08.603  6272  6336 W unknown:ViewManagerPropertyUpdater: Could not find generated setter for class com.swmansion.rnscreens.gamma.stack.screen.StackScreenViewManager
03-14 22:46:08.604  6272  6336 W unknown:ViewManagerPropertyUpdater: Could not find generated setter for class com.swmansion.rnscreens.ScreenStackViewManager
03-14 22:46:08.626  6272  6272 I ViewInteraction: Checking 'MatchesViewAssertion(Detox){viewMatcher=(view has effective visibility <VISIBLE> and view.getGlobalVisibleRect() covers at least <75> percent of the view's area)}' assertion on view (view.getTag() is "dashboard-add-expense-button" and view has effective visibility <VISIBLE>)
03-14 22:46:08.655  6272  6272 I ViewInteraction: Checking 'MatchesViewAssertion(Detox){viewMatcher=(view has effective visibility <VISIBLE> and view.getGlobalVisibleRect() covers at least <75> percent of the view's area)}' assertion on view (view.getTag() is "dashboard-add-expense-button" and view has effective visibility <VISIBLE>)
03-14 22:46:08.692  6272  6272 I ViewInteraction: Checking 'MatchesViewAssertion(Detox){viewMatcher=(view has effective visibility <VISIBLE> and view.getGlobalVisibleRect() covers at least <75> percent of the view's area)}' assertion on view (view.getTag() is "dashboard-add-expense-button" and view has effective visibility <VISIBLE>)
03-14 22:46:08.733  6272  6272 I ViewInteraction: Checking 'MatchesViewAssertion(Detox){viewMatcher=(view has effective visibility <VISIBLE> and view.getGlobalVisibleRect() covers at least <75> percent of the view's area)}' assertion on view (view.getTag() is "dashboard-add-expense-button" and view has effective visibility <VISIBLE>)
03-14 22:46:08.771  6272  6272 I ViewInteraction: Checking 'MatchesViewAssertion(Detox){viewMatcher=(view has effective visibility <VISIBLE> and view.getGlobalVisibleRect() covers at least <75> percent of the view's area)}' assertion on view (view.getTag() is "dashboard-add-expense-button" and view has effective visibility <VISIBLE>)
03-14 22:46:08.786  6272  6336 W unknown:ViewManagerPropertyUpdater: Could not find generated setter for class com.horcrux.svg.RenderableViewManager$DefsViewManager
03-14 22:46:08.789  6272  6336 W unknown:ViewManagerPropertyUpdater: Could not find generated setter for class com.horcrux.svg.VirtualViewManager$RenderableShadowNode
03-14 22:46:08.797  6272  6336 W unknown:ViewManagerPropertyUpdater: Could not find generated setter for class com.facebook.react.views.debuggingoverlay.DebuggingOverlayManager
03-14 22:46:08.804  6272  6336 W unknown:ViewManagerPropertyUpdater: Could not find generated setter for class com.horcrux.svg.RenderableViewManager$FeMergeManager
03-14 22:46:08.807  6272  6272 I ViewInteraction: Checking 'MatchesViewAssertion(Detox){viewMatcher=(view has effective visibility <VISIBLE> and view.getGlobalVisibleRect() covers at least <75> percent of the view's area)}' assertion on view (view.getTag() is "dashboard-add-expense-button" and view has effective visibility <VISIBLE>)
03-14 22:46:08.816  6272  6336 W unknown:ViewManagerPropertyUpdater: Could not find generated setter for class com.facebook.react.views.safeareaview.ReactSafeAreaViewManager
03-14 22:46:08.827  6272  6336 W unknown:ViewManagerPropertyUpdater: Could not find generated setter for class com.horcrux.svg.RenderableViewManager$LinearGradientManager
03-14 22:46:08.844  6272  6272 I ViewInteraction: Checking 'MatchesViewAssertion(Detox){viewMatcher=(view has effective visibility <VISIBLE> and view.getGlobalVisibleRect() covers at least <75> percent of the view's area)}' assertion on view (view.getTag() is "dashboard-add-expense-button" and view has effective visibility <VISIBLE>)
03-14 22:46:08.845  6272  6336 W unknown:ViewManagerPropertyUpdater: Could not find generated setter for class com.horcrux.svg.RenderableViewManager$FeGaussianBlurManager
03-14 22:46:08.859  6272  6336 W unknown:ViewManagerPropertyUpdater: Could not find generated setter for class com.facebook.react.views.progressbar.ReactProgressBarViewManager
03-14 22:46:08.860  6272  6336 W unknown:ViewManagerPropertyUpdater: Could not find generated setter for class com.facebook.react.views.progressbar.ProgressBarShadowNode
03-14 22:46:08.877  6272  6336 W unknown:ViewManagerPropertyUpdater: Could not find generated setter for class com.facebook.react.views.scroll.ReactHorizontalScrollViewManager
03-14 22:46:08.904  6272  6272 I ViewInteraction: Checking 'MatchesViewAssertion(Detox){viewMatcher=(view has effective visibility <VISIBLE> and view.getGlobalVisibleRect() covers at least <75> percent of the view's area)}' assertion on view (view.getTag() is "dashboard-add-expense-button" and view has effective visibility <VISIBLE>)
03-14 22:46:08.904  6272  6336 W unknown:ViewManagerPropertyUpdater: Could not find generated setter for class com.facebook.react.views.text.ReactTextViewManager
03-14 22:46:08.908  6272  6336 W unknown:ViewManagerPropertyUpdater: Could not find generated setter for class com.facebook.react.views.text.ReactTextShadowNode
03-14 22:46:08.932  6272  6336 W unknown:ViewManagerPropertyUpdater: Could not find generated setter for class com.horcrux.svg.RenderableViewManager$FeColorMatrixManager
03-14 22:46:08.941  6272  6272 I ViewInteraction: Checking 'MatchesViewAssertion(Detox){viewMatcher=(view has effective visibility <VISIBLE> and view.getGlobalVisibleRect() covers at least <75> percent of the view's area)}' assertion on view (view.getTag() is "dashboard-add-expense-button" and view has effective visibility <VISIBLE>)
03-14 22:46:08.944  6272  6336 W unknown:ViewManagerPropertyUpdater: Could not find generated setter for class com.facebook.react.views.scroll.ReactHorizontalScrollContainerViewManager
03-14 22:46:08.952  6272  6336 W unknown:ViewManagerPropertyUpdater: Could not find generated setter for class com.horcrux.svg.RenderableViewManager$ClipPathViewManager
03-14 22:46:08.966  6272  6336 W unknown:ViewManagerPropertyUpdater: Could not find generated setter for class com.horcrux.svg.RenderableViewManager$SymbolManager
03-14 22:46:08.979  6272  6272 I ViewInteraction: Checking 'MatchesViewAssertion(Detox){viewMatcher=(view has effective visibility <VISIBLE> and view.getGlobalVisibleRect() covers at least <75> percent of the view's area)}' assertion on view (view.getTag() is "dashboard-add-expense-button" and view has effective visibility <VISIBLE>)
03-14 22:46:08.983  6272  6336 W unknown:ViewManagerPropertyUpdater: Could not find generated setter for class com.horcrux.svg.RenderableViewManager$PatternManager
03-14 22:46:08.999  6272  6336 W unknown:ViewManagerPropertyUpdater: Could not find generated setter for class com.horcrux.svg.RenderableViewManager$FeBlendManager
03-14 22:46:09.009  6272  6336 W unknown:ViewManagerPropertyUpdater: Could not find generated setter for class com.facebook.react.views.view.ReactViewManager
03-14 22:46:09.018  6272  6336 W unknown:ViewManagerPropertyUpdater: Could not find generated setter for class com.horcrux.svg.SvgViewManager
03-14 22:46:09.021  6272  6272 I ViewInteraction: Checking 'MatchesViewAssertion(Detox){viewMatcher=(view has effective visibility <VISIBLE> and view.getGlobalVisibleRect() covers at least <75> percent of the view's area)}' assertion on view (view.getTag() is "dashboard-add-expense-button" and view has effective visibility <VISIBLE>)
03-14 22:46:09.030  6272  6336 W unknown:ViewManagerPropertyUpdater: Could not find generated setter for class com.facebook.react.views.switchview.ReactSwitchManager
03-14 22:46:09.033  6272  6336 W unknown:ViewManagerPropertyUpdater: Could not find generated setter for class com.facebook.react.views.switchview.ReactSwitchShadowNode
03-14 22:46:09.045  6272  6336 W unknown:ViewManagerPropertyUpdater: Could not find generated setter for class com.horcrux.svg.RenderableViewManager$UseViewManager
03-14 22:46:09.057  6272  6279 I .studentfinance: Compiler allocated 4219KB to compile void android.widget.TextView.<init>(android.content.Context, android.util.AttributeSet, int, int)
03-14 22:46:09.057  6272  6272 I ViewInteraction: Checking 'MatchesViewAssertion(Detox){viewMatcher=(view has effective visibility <VISIBLE> and view.getGlobalVisibleRect() covers at least <75> percent of the view's area)}' assertion on view (view.getTag() is "dashboard-add-expense-button" and view has effective visibility <VISIBLE>)
03-14 22:46:09.058  6272  6336 W unknown:ViewManagerPropertyUpdater: Could not find generated setter for class com.horcrux.svg.RenderableViewManager$CircleViewManager
03-14 22:46:09.071  6272  6336 W unknown:ViewManagerPropertyUpdater: Could not find generated setter for class com.horcrux.svg.RenderableViewManager$TSpanViewManager
03-14 22:46:09.087  6272  6336 W unknown:ViewManagerPropertyUpdater: Could not find generated setter for class com.horcrux.svg.RenderableViewManager$FilterManager
03-14 22:46:09.096  6272  6336 W unknown:ViewManagerPropertyUpdater: Could not find generated setter for class com.horcrux.svg.RenderableViewManager$MarkerManager
03-14 22:46:09.098  6272  6272 I ViewInteraction: Checking 'MatchesViewAssertion(Detox){viewMatcher=(view has effective visibility <VISIBLE> and view.getGlobalVisibleRect() covers at least <75> percent of the view's area)}' assertion on view (view.getTag() is "dashboard-add-expense-button" and view has effective visibility <VISIBLE>)
03-14 22:46:09.109  6272  6336 W unknown:ViewManagerPropertyUpdater: Could not find generated setter for class com.swmansion.gesturehandler.react.RNGestureHandlerButtonViewManager
03-14 22:46:09.119  6272  6336 W unknown:ViewManagerPropertyUpdater: Could not find generated setter for class com.facebook.react.views.modal.ReactModalHostManager
03-14 22:46:09.127  6272  6336 W unknown:ViewManagerPropertyUpdater: Could not find generated setter for class com.horcrux.svg.RenderableViewManager$ForeignObjectManager
03-14 22:46:09.136  6272  6336 W unknown:ViewManagerPropertyUpdater: Could not find generated setter for class com.horcrux.svg.RenderableViewManager$EllipseViewManager
03-14 22:46:09.146  6272  6272 I ViewInteraction: Checking 'MatchesViewAssertion(Detox){viewMatcher=(view has effective visibility <VISIBLE> and view.getGlobalVisibleRect() covers at least <75> percent of the view's area)}' assertion on view (view.getTag() is "dashboard-add-expense-button" and view has effective visibility <VISIBLE>)
03-14 22:46:09.147  6272  6336 W unknown:ViewManagerPropertyUpdater: Could not find generated setter for class com.horcrux.svg.RenderableViewManager$LineViewManager
03-14 22:46:09.155  6272  6336 W unknown:ViewManagerPropertyUpdater: Could not find generated setter for class com.facebook.react.views.text.frescosupport.FrescoBasedReactTextInlineImageViewManager
03-14 22:46:09.156  6272  6336 W unknown:ViewManagerPropertyUpdater: Could not find generated setter for class com.facebook.react.views.text.frescosupport.FrescoBasedReactTextInlineImageShadowNode
03-14 22:46:09.164  6272  6336 W unknown:ViewManagerPropertyUpdater: Could not find generated setter for class com.horcrux.svg.RenderableViewManager$FeFloodManager
03-14 22:46:09.171  6272  6336 W unknown:ViewManagerPropertyUpdater: Could not find generated setter for class com.horcrux.svg.RenderableViewManager$GroupViewManager
03-14 22:46:09.174  6272  6272 I ViewInteraction: Checking 'MatchesViewAssertion(Detox){viewMatcher=(view has effective visibility <VISIBLE> and view.getGlobalVisibleRect() covers at least <75> percent of the view's area)}' assertion on view (view.getTag() is "dashboard-add-expense-button" and view has effective visibility <VISIBLE>)
03-14 22:46:09.180  6272  6336 W unknown:ViewManagerPropertyUpdater: Could not find generated setter for class com.horcrux.svg.RenderableViewManager$TextViewManager
03-14 22:46:09.188  6272  6336 W unknown:ViewManagerPropertyUpdater: Could not find generated setter for class com.horcrux.svg.RenderableViewManager$ImageViewManager
03-14 22:46:09.197  6272  6336 W unknown:ViewManagerPropertyUpdater: Could not find generated setter for class com.horcrux.svg.RenderableViewManager$FeCompositeManager
03-14 22:46:09.205  6272  6336 W unknown:ViewManagerPropertyUpdater: Could not find generated setter for class com.facebook.react.views.image.ReactImageManager
03-14 22:46:09.206  6272  6272 I ViewInteraction: Checking 'MatchesViewAssertion(Detox){viewMatcher=(view has effective visibility <VISIBLE> and view.getGlobalVisibleRect() covers at least <75> percent of the view's area)}' assertion on view (view.getTag() is "dashboard-add-expense-button" and view has effective visibility <VISIBLE>)
03-14 22:46:09.214  6272  6336 W unknown:ViewManagerPropertyUpdater: Could not find generated setter for class com.horcrux.svg.RenderableViewManager$RadialGradientManager
03-14 22:46:09.222  6272  6336 W unknown:ViewManagerPropertyUpdater: Could not find generated setter for class com.horcrux.svg.RenderableViewManager$MaskManager
03-14 22:46:09.231  6272  6336 W unknown:ViewManagerPropertyUpdater: Could not find generated setter for class com.facebook.react.views.unimplementedview.ReactUnimplementedViewManager
03-14 22:46:09.236  6272  6272 I ViewInteraction: Checking 'MatchesViewAssertion(Detox){viewMatcher=(view has effective visibility <VISIBLE> and view.getGlobalVisibleRect() covers at least <75> percent of the view's area)}' assertion on view (view.getTag() is "dashboard-add-expense-button" and view has effective visibility <VISIBLE>)
03-14 22:46:09.237  6272  6336 W unknown:ViewManagerPropertyUpdater: Could not find generated setter for class com.horcrux.svg.RenderableViewManager$RectViewManager
03-14 22:46:09.246  6272  6336 W unknown:ViewManagerPropertyUpdater: Could not find generated setter for class com.horcrux.svg.RenderableViewManager$TextPathViewManager
03-14 22:46:09.255  6272  6336 W unknown:ViewManagerPropertyUpdater: Could not find generated setter for class com.facebook.react.views.scroll.ReactScrollViewManager
03-14 22:46:09.264  6272  6336 W unknown:ViewManagerPropertyUpdater: Could not find generated setter for class com.horcrux.svg.RenderableViewManager$FeOffsetManager
03-14 22:46:09.267  6272  6272 I ViewInteraction: Checking 'MatchesViewAssertion(Detox){viewMatcher=(view has effective visibility <VISIBLE> and view.getGlobalVisibleRect() covers at least <75> percent of the view's area)}' assertion on view (view.getTag() is "dashboard-add-expense-button" and view has effective visibility <VISIBLE>)
03-14 22:46:09.270  6272  6336 W unknown:ViewManagerPropertyUpdater: Could not find generated setter for class com.horcrux.svg.RenderableViewManager$PathViewManager
03-14 22:46:09.279  6272  6336 W unknown:ViewManagerPropertyUpdater: Could not find generated setter for class com.facebook.react.views.drawer.ReactDrawerLayoutManager
03-14 22:46:09.286  6272  6336 W unknown:ViewManagerPropertyUpdater: Could not find generated setter for class com.facebook.react.views.swiperefresh.SwipeRefreshLayoutManager
03-14 22:46:09.294  6272  6272 I ViewInteraction: Checking 'MatchesViewAssertion(Detox){viewMatcher=(view has effective visibility <VISIBLE> and view.getGlobalVisibleRect() covers at least <75> percent of the view's area)}' assertion on view (view.getTag() is "dashboard-add-expense-button" and view has effective visibility <VISIBLE>)
03-14 22:46:09.296  6272  6336 W unknown:ViewManagerPropertyUpdater: Could not find generated setter for class com.facebook.react.views.textinput.ReactTextInputManager
03-14 22:46:09.298  6272  6336 W unknown:ViewManagerPropertyUpdater: Could not find generated setter for class com.facebook.react.views.textinput.ReactTextInputShadowNode
03-14 22:46:09.306  6272  6336 W unknown:ViewManagerPropertyUpdater: Could not find generated setter for class com.swmansion.gesturehandler.react.RNGestureHandlerRootViewManager
03-14 22:46:09.321  6272  6272 I ViewInteraction: Checking 'MatchesViewAssertion(Detox){viewMatcher=(view has effective visibility <VISIBLE> and view.getGlobalVisibleRect() covers at least <75> percent of the view's area)}' assertion on view (view.getTag() is "dashboard-add-expense-button" and view has effective visibility <VISIBLE>)
03-14 22:46:09.328  6272  6336 W BridgelessReactContext: [WARNING] Bridgeless doesn't support CatalystInstance. Accessing an API that's not part of the new architecture is not encouraged usage.
03-14 22:46:09.339  6272  6336 I ExpoModulesCore: ✅ JSI interop was installed
03-14 22:46:09.343  6272  6336 I ExpoModulesCore: ✅ Constants were exported
