03-14 22:46:09.352  6272  6272 I ViewInteraction: Checking 'MatchesViewAssertion(Detox){viewMatcher=(view has effective visibility <VISIBLE> and view.getGlobalVisibleRect() covers at least <75> percent of the view's area)}' assertion on view (view.getTag() is "dashboard-add-expense-button" and view has effective visibility <VISIBLE>)
03-14 22:46:09.379  6272  6272 I ViewInteraction: Checking 'MatchesViewAssertion(Detox){viewMatcher=(view has effective visibility <VISIBLE> and view.getGlobalVisibleRect() covers at least <75> percent of the view's area)}' assertion on view (view.getTag() is "dashboard-add-expense-button" and view has effective visibility <VISIBLE>)
03-14 22:46:09.383  6272  6336 D nativeloader: Load /data/app/~~9rWWwtrYnZOxTSYf9qhrwg==/com.mcfuzzysquirrel.studentfinance-uRqTEwpxQYKTGXQx112snA==/base.apk!/lib/x86_64/librnscreens.so using ns clns-7 from class loader (caller=/data/app/~~9rWWwtrYnZOxTSYf9qhrwg==/com.mcfuzzysquirrel.studentfinance-uRqTEwpxQYKTGXQx112snA==/base.apk!classes16.dex): ok
03-14 22:46:09.449  6272  6272 I ViewInteraction: Checking 'MatchesViewAssertion(Detox){viewMatcher=(view has effective visibility <VISIBLE> and view.getGlobalVisibleRect() covers at least <75> percent of the view's area)}' assertion on view (view.getTag() is "dashboard-add-expense-button" and view has effective visibility <VISIBLE>)
03-14 22:46:09.519  6272  6272 I ViewInteraction: Checking 'MatchesViewAssertion(Detox){viewMatcher=(view has effective visibility <VISIBLE> and view.getGlobalVisibleRect() covers at least <75> percent of the view's area)}' assertion on view (view.getTag() is "dashboard-add-expense-button" and view has effective visibility <VISIBLE>)
03-14 22:46:09.551  6272  6329 D TrafficStats: tagSocket(132) with statsTag=0xffffffff, statsUid=-1
03-14 22:46:09.568  6272  6332 D TrafficStats: tagSocket(135) with statsTag=0xffffffff, statsUid=-1
03-14 22:46:09.643  6272  6272 I ViewInteraction: Checking 'MatchesViewAssertion(Detox){viewMatcher=(view has effective visibility <VISIBLE> and view.getGlobalVisibleRect() covers at least <75> percent of the view's area)}' assertion on view (view.getTag() is "dashboard-add-expense-button" and view has effective visibility <VISIBLE>)
03-14 22:46:09.704  6272  6272 I ViewInteraction: Checking 'MatchesViewAssertion(Detox){viewMatcher=(view has effective visibility <VISIBLE> and view.getGlobalVisibleRect() covers at least <75> percent of the view's area)}' assertion on view (view.getTag() is "dashboard-add-expense-button" and view has effective visibility <VISIBLE>)
03-14 22:46:09.742  6272  6272 I ViewInteraction: Checking 'MatchesViewAssertion(Detox){viewMatcher=(view has effective visibility <VISIBLE> and view.getGlobalVisibleRect() covers at least <75> percent of the view's area)}' assertion on view (view.getTag() is "dashboard-add-expense-button" and view has effective visibility <VISIBLE>)
03-14 22:46:09.823  6272  6272 I ViewInteraction: Checking 'MatchesViewAssertion(Detox){viewMatcher=(view has effective visibility <VISIBLE> and view.getGlobalVisibleRect() covers at least <75> percent of the view's area)}' assertion on view (view.getTag() is "dashboard-add-expense-button" and view has effective visibility <VISIBLE>)
03-14 22:46:09.884  6272  6342 D TrafficStats: tagSocket(132) with statsTag=0xffffffff, statsUid=-1
03-14 22:46:09.925  6272  6272 I ViewInteraction: Checking 'MatchesViewAssertion(Detox){viewMatcher=(view has effective visibility <VISIBLE> and view.getGlobalVisibleRect() covers at least <75> percent of the view's area)}' assertion on view (view.getTag() is "dashboard-add-expense-button" and view has effective visibility <VISIBLE>)
03-14 22:46:09.956  6272  6272 I ViewInteraction: Checking 'MatchesViewAssertion(Detox){viewMatcher=(view has effective visibility <VISIBLE> and view.getGlobalVisibleRect() covers at least <75> percent of the view's area)}' assertion on view (view.getTag() is "dashboard-add-expense-button" and view has effective visibility <VISIBLE>)
03-14 22:46:10.016  6272  6272 I ViewInteraction: Checking 'MatchesViewAssertion(Detox){viewMatcher=(view has effective visibility <VISIBLE> and view.getGlobalVisibleRect() covers at least <75> percent of the view's area)}' assertion on view (view.getTag() is "dashboard-add-expense-button" and view has effective visibility <VISIBLE>)
03-14 22:46:10.111  6272  6272 I ViewInteraction: Checking 'MatchesViewAssertion(Detox){viewMatcher=(view has effective visibility <VISIBLE> and view.getGlobalVisibleRect() covers at least <75> percent of the view's area)}' assertion on view (view.getTag() is "dashboard-add-expense-button" and view has effective visibility <VISIBLE>)
03-14 22:46:10.140  6272  6272 I ViewInteraction: Checking 'MatchesViewAssertion(Detox){viewMatcher=(view has effective visibility <VISIBLE> and view.getGlobalVisibleRect() covers at least <75> percent of the view's area)}' assertion on view (view.getTag() is "dashboard-add-expense-button" and view has effective visibility <VISIBLE>)
03-14 22:46:10.169  6272  6272 I ViewInteraction: Checking 'MatchesViewAssertion(Detox){viewMatcher=(view has effective visibility <VISIBLE> and view.getGlobalVisibleRect() covers at least <75> percent of the view's area)}' assertion on view (view.getTag() is "dashboard-add-expense-button" and view has effective visibility <VISIBLE>)
03-14 22:46:10.232  6272  6336 D Detox.RNMarker: RUN_JS_BUNDLE_END (index.android.bundle)
03-14 22:46:10.244  6272  6336 I ReactNativeJS: Running "main"
03-14 22:46:10.264  6272  6272 I ViewInteraction: Checking 'MatchesViewAssertion(Detox){viewMatcher=(view has effective visibility <VISIBLE> and view.getGlobalVisibleRect() covers at least <75> percent of the view's area)}' assertion on view (view.getTag() is "dashboard-add-expense-button" and view has effective visibility <VISIBLE>)
03-14 22:46:10.272  6272  6336 D Detox.RNMarker: REACT_BRIDGELESS_LOADING_END (null)
03-14 22:46:10.287  6272  6336 D nativeloader: Load /data/app/~~9rWWwtrYnZOxTSYf9qhrwg==/com.mcfuzzysquirrel.studentfinance-uRqTEwpxQYKTGXQx112snA==/base.apk!/lib/x86_64/libgesturehandler.so using ns clns-7 from class loader (caller=/data/app/~~9rWWwtrYnZOxTSYf9qhrwg==/com.mcfuzzysquirrel.studentfinance-uRqTEwpxQYKTGXQx112snA==/base.apk): ok
03-14 22:46:10.287  6272  6336 D jni_lib_merge: Entering merged library JNI_OnLoad.
03-14 22:46:10.287  6272  6336 D jni_lib_merge: Preparing 12 pre-merged libs (including stub)
03-14 22:46:10.287  6272  6336 D jni_lib_merge: Preparing to register libfabricjni_so.  onload_func: 0x727ce59af730
03-14 22:46:10.287  6272  6336 D jni_lib_merge: Preparing to register libreact_devsupportjni_so.  onload_func: 0x727ce5bac190
03-14 22:46:10.287  6272  6336 D jni_lib_merge: Preparing to register libreact_featureflagsjni_so.  onload_func: 0x727ce5bbd910
03-14 22:46:10.287  6272  6336 D jni_lib_merge: Preparing to register libreact_newarchdefaults_so.  onload_func: 0x727ce5c5ed20
03-14 22:46:10.287  6272  6336 D jni_lib_merge: Preparing to register libreactnativeblob_so.  onload_func: 0x727ce5e692e0
03-14 22:46:10.287  6272  6336 D jni_lib_merge: Preparing to register libreactnativejni_so.  onload_func: 0x727ce5ea9770
03-14 22:46:10.287  6272  6336 D jni_lib_merge: Preparing to register libreactnativejni_common_so.  onload_func: 0x727ce5eb95d0
03-14 22:46:10.288  6272  6336 D jni_lib_merge: Preparing to register librninstance_so.  onload_func: 0x727ce5ef64c0
03-14 22:46:10.288  6272  6336 D jni_lib_merge: Preparing to register libturbomodulejsijni_so.  onload_func: 0x727ce6057c00
03-14 22:46:10.288  6272  6336 D jni_lib_merge: Preparing to register libuimanagerjni_so.  onload_func: 0x727ce606fde0
03-14 22:46:10.288  6272  6336 D jni_lib_merge: Preparing to register libyoga_so.  onload_func: 0x727ce607ed70
03-14 22:46:10.288  6272  6336 D jni_lib_merge: About to register 11 actual methods.
03-14 22:46:10.296  6272  6272 I ReactNative: [GESTURE HANDLER] Initialize gesture handler for root view com.facebook.react.runtime.ReactSurfaceView{ae84d42 V.E...... ......ID 0,0-1080,2400 #1}
03-14 22:46:10.301  6272  6272 D Detox.RNMarker: CONTENT_APPEARED (main)
03-14 22:46:10.323  6272  6272 I ViewInteraction: Checking 'MatchesViewAssertion(Detox){viewMatcher=(view has effective visibility <VISIBLE> and view.getGlobalVisibleRect() covers at least <75> percent of the view's area)}' assertion on view (view.getTag() is "dashboard-add-expense-button" and view has effective visibility <VISIBLE>)
03-14 22:46:10.575  6272  6272 I ViewInteraction: Checking 'MatchesViewAssertion(Detox){viewMatcher=(view has effective visibility <VISIBLE> and view.getGlobalVisibleRect() covers at least <75> percent of the view's area)}' assertion on view (view.getTag() is "dashboard-add-expense-button" and view has effective visibility <VISIBLE>)
03-14 22:46:10.610  6272  6272 I ViewInteraction: Checking 'MatchesViewAssertion(Detox){viewMatcher=(view has effective visibility <VISIBLE> and view.getGlobalVisibleRect() covers at least <75> percent of the view's area)}' assertion on view (view.getTag() is "dashboard-add-expense-button" and view has effective visibility <VISIBLE>)
03-14 22:46:10.689  6272  6272 I ViewInteraction: Checking 'MatchesViewAssertion(Detox){viewMatcher=(view has effective visibility <VISIBLE> and view.getGlobalVisibleRect() covers at least <75> percent of the view's area)}' assertion on view (view.getTag() is "dashboard-add-expense-button" and view has effective visibility <VISIBLE>)
03-14 22:46:10.728  6272  6272 I ViewInteraction: Checking 'MatchesViewAssertion(Detox){viewMatcher=(view has effective visibility <VISIBLE> and view.getGlobalVisibleRect() covers at least <75> percent of the view's area)}' assertion on view (view.getTag() is "dashboard-add-expense-button" and view has effective visibility <VISIBLE>)
03-14 22:46:10.762  6272  6272 I ViewInteraction: Checking 'MatchesViewAssertion(Detox){viewMatcher=(view has effective visibility <VISIBLE> and view.getGlobalVisibleRect() covers at least <75> percent of the view's area)}' assertion on view (view.getTag() is "dashboard-add-expense-button" and view has effective visibility <VISIBLE>)
03-14 22:46:10.935  6272  6336 D nativeloader: Load /data/app/~~9rWWwtrYnZOxTSYf9qhrwg==/com.mcfuzzysquirrel.studentfinance-uRqTEwpxQYKTGXQx112snA==/base.apk!/lib/x86_64/libexpo-sqlite.so using ns clns-7 from class loader (caller=/data/app/~~9rWWwtrYnZOxTSYf9qhrwg==/com.mcfuzzysquirrel.studentfinance-uRqTEwpxQYKTGXQx112snA==/base.apk!classes20.dex): ok
03-14 22:46:10.948  6272  6272 I ViewInteraction: Checking 'MatchesViewAssertion(Detox){viewMatcher=(view has effective visibility <VISIBLE> and view.getGlobalVisibleRect() covers at least <75> percent of the view's area)}' assertion on view (view.getTag() is "dashboard-add-expense-button" and view has effective visibility <VISIBLE>)
03-14 22:46:11.002  6272  6272 I ViewInteraction: Checking 'MatchesViewAssertion(Detox){viewMatcher=(view has effective visibility <VISIBLE> and view.getGlobalVisibleRect() covers at least <75> percent of the view's area)}' assertion on view (view.getTag() is "dashboard-add-expense-button" and view has effective visibility <VISIBLE>)
03-14 22:46:11.044  6272  6272 I ViewInteraction: Checking 'MatchesViewAssertion(Detox){viewMatcher=(view has effective visibility <VISIBLE> and view.getGlobalVisibleRect() covers at least <75> percent of the view's area)}' assertion on view (view.getTag() is "dashboard-add-expense-button" and view has effective visibility <VISIBLE>)
03-14 22:46:11.104  6272  6272 I ViewInteraction: Checking 'MatchesViewAssertion(Detox){viewMatcher=(view has effective visibility <VISIBLE> and view.getGlobalVisibleRect() covers at least <75> percent of the view's area)}' assertion on view (view.getTag() is "dashboard-add-expense-button" and view has effective visibility <VISIBLE>)
03-14 22:46:11.142  6272  6272 I ViewInteraction: Checking 'MatchesViewAssertion(Detox){viewMatcher=(view has effective visibility <VISIBLE> and view.getGlobalVisibleRect() covers at least <75> percent of the view's area)}' assertion on view (view.getTag() is "dashboard-add-expense-button" and view has effective visibility <VISIBLE>)
03-14 22:46:11.185  6272  6272 I ViewInteraction: Checking 'MatchesViewAssertion(Detox){viewMatcher=(view has effective visibility <VISIBLE> and view.getGlobalVisibleRect() covers at least <75> percent of the view's area)}' assertion on view (view.getTag() is "dashboard-add-expense-button" and view has effective visibility <VISIBLE>)
03-14 22:46:11.235  6272  6272 I ViewInteraction: Checking 'MatchesViewAssertion(Detox){viewMatcher=(view has effective visibility <VISIBLE> and view.getGlobalVisibleRect() covers at least <75> percent of the view's area)}' assertion on view (view.getTag() is "dashboard-add-expense-button" and view has effective visibility <VISIBLE>)
03-14 22:46:11.259  6272  6272 W .studentfinance: Accessing hidden field Landroid/widget/ScrollView;->mScroller:Landroid/widget/OverScroller; (unsupported, reflection, allowed)
03-14 22:46:11.272  6272  6272 I ViewInteraction: Checking 'MatchesViewAssertion(Detox){viewMatcher=(view has effective visibility <VISIBLE> and view.getGlobalVisibleRect() covers at least <75> percent of the view's area)}' assertion on view (view.getTag() is "dashboard-add-expense-button" and view has effective visibility <VISIBLE>)
03-14 22:46:11.329  6272  6272 W [RNScreens]: backTitleFontFamily prop is not available on Android
03-14 22:46:11.329  6272  6272 W [RNScreens]: disableBackButtonMenu prop is not available on Android
03-14 22:46:11.329  6272  6272 W [RNScreens]: backTitleVisible prop is not available on Android
03-14 22:46:11.330  6272  6272 W [RNScreens]: topInsetEnabled prop is not available on Android
03-14 22:46:11.330  6272  6272 W [RNScreens]: largeTitleHideShadow prop is not available on Android
03-14 22:46:11.330  6272  6272 W [RNScreens]: largeTitleFontWeight prop is not available on Android
03-14 22:46:11.330  6272  6272 W [RNScreens]: userInterfaceStyle prop is not available on Android
03-14 22:46:11.331  6272  6272 W [RNScreens]: largeTitleFontFamily prop is not available on Android
03-14 22:46:11.962  6272  6313 D EGL_emulation: app_time_stats: avg=1035.90ms min=116.47ms max=2498.79ms count=4
03-14 22:46:11.997  6272  6329 D TrafficStats: tagSocket(143) with statsTag=0xffffffff, statsUid=-1
03-14 22:46:12.069  6272  6332 D TrafficStats: tagSocket(146) with statsTag=0xffffffff, statsUid=-1
03-14 22:46:12.072  6272  6428 D ProfileInstaller: Installing profile for com.mcfuzzysquirrel.studentfinance
03-14 22:46:12.080  6272  6342 D TrafficStats: tagSocket(148) with statsTag=0xffffffff, statsUid=-1
03-14 22:46:12.142  6272  6272 I ViewInteraction: Checking 'MatchesViewAssertion(Detox){viewMatcher=(view has effective visibility <VISIBLE> and view.getGlobalVisibleRect() covers at least <75> percent of the view's area)}' assertion on view (view.getTag() is "dashboard-add-expense-button" and view has effective visibility <VISIBLE>)
03-14 22:46:12.160  6272  6303 I DetoxWSClient: Sending out action 'invokeResult' (ID #3)
03-14 22:46:12.162  6272  6303 I DetoxDispatcher: Done with action 'invoke'
03-14 22:46:12.193  6272  6307 D DetoxWSClient: Received action 'invoke' (ID #4, params={"target":{"type":"Class","value":"com.wix.detox.espresso.EspressoDetox"},"method":"perform","args":[{"type":"Invocation","value":{"target":{"type":"Class","value":"com.wix.detox.espresso.DetoxMatcher"},"method":"matcherForTestId","args":["dashboard-add-expense-button",{"type":"boolean","value":false}]}},{"type":"Invocation","value":{"target":{"type":"Class","value":"com.wix.detox.espresso.DetoxViewActions"},"method":"click","args":[]}}]})
03-14 22:46:12.194  6272  6303 I DetoxDispatcher: Handling action 'invoke' (ID #4)...
03-14 22:46:12.195  6272  6303 D Detox   : class com.wix.detox.espresso.DetoxMatcher, matcherForTestId, [dashboard-add-expense-button, false]
03-14 22:46:12.195  6272  6303 D Detox   : class com.wix.detox.espresso.DetoxViewActions, click, []
03-14 22:46:12.198  6272  6303 W .studentfinance: Accessing hidden method Landroid/view/ViewConfiguration;->getDoubleTapMinTime()I (unsupported, reflection, allowed)
03-14 22:46:12.200  6272  6303 D Detox   : class com.wix.detox.espresso.EspressoDetox, perform, [(view.getTag() is "dashboard-add-expense-button" and view has effective visibility <VISIBLE>), com.wix.detox.espresso.action.RNClickAction@e4311cd]
03-14 22:46:12.204  6272  6272 I ViewInteraction: Performing 'com.wix.detox.espresso.action.detoxsingletap@3893a82 click' action on view (view.getTag() is "dashboard-add-expense-button" and view has effective visibility <VISIBLE>)
03-14 22:46:12.227  6272  6429 W .studentfinance: Accessing hidden method Landroid/hardware/input/InputManager;->injectInputEvent(Landroid/view/InputEvent;I)Z (unsupported, reflection, allowed)
03-14 22:46:12.485  6272  6272 W [RNScreens]: backTitleFontFamily prop is not available on Android
03-14 22:46:12.485  6272  6272 W [RNScreens]: disableBackButtonMenu prop is not available on Android
03-14 22:46:12.485  6272  6272 W [RNScreens]: backTitleVisible prop is not available on Android
03-14 22:46:12.485  6272  6272 W [RNScreens]: topInsetEnabled prop is not available on Android
03-14 22:46:12.485  6272  6272 W [RNScreens]: largeTitleHideShadow prop is not available on Android
03-14 22:46:12.485  6272  6272 W [RNScreens]: largeTitleFontWeight prop is not available on Android
03-14 22:46:12.485  6272  6272 W [RNScreens]: userInterfaceStyle prop is not available on Android
03-14 22:46:12.485  6272  6272 W [RNScreens]: largeTitleFontFamily prop is not available on Android
03-14 22:46:12.558  6272  6272 I ImeTracker: com.mcfuzzysquirrel.studentfinance:4d2224b5: onRequestShow at ORIGIN_CLIENT reason SHOW_SOFT_INPUT fromUser false
03-14 22:46:12.578  6272  6272 D InputMethodManager: showSoftInput() view=com.facebook.react.views.textinput.ReactEditText{226dfa5 VFED..CL. .F....ID 47,130-1033,331 #188 aid=1073741825} flags=0 reason=SHOW_SOFT_INPUT
03-14 22:46:13.453  6272  6313 D EGL_emulation: app_time_stats: avg=209.30ms min=26.84ms max=651.62ms count=7
03-14 22:46:13.457  6272  6272 I Choreographer: Skipped 33 frames!  The application may be doing too much work on its main thread.
03-14 22:46:13.484  6272  6286 I HWUI    : Davey! duration=739ms; Flags=0, FrameTimelineVsyncId=61382, IntendedVsync=784373318832, Vsync=784473318828, InputEventId=0, HandleInputStart=784485006738, AnimationStart=784485008525, PerformTraversalsStart=784495834354, DrawStart=784506997873, FrameDeadline=784489985494, FrameInterval=784481563292, FrameStartTime=16666666, SyncQueued=784517506192, SyncStart=784529519104, IssueDrawCommandsStart=784529805434, SwapBuffers=784937200283, FrameCompleted=785125157360, DequeueBufferDuration=4199, QueueBufferDuration=433051, GpuCompleted=785125157360, SwapBuffersCompleted=785113284083, DisplayPresentTime=0, CommandSubmissionCompleted=784937200283, 
03-14 22:46:13.725  6272  6280 I .studentfinance: Background concurrent mark compact GC freed 35MB AllocSpace bytes, 34(1876KB) LOS objects, 49% free, 11MB/22MB, paused 854us,13.039ms total 1.384s
03-14 22:46:13.753  6272  6303 I DetoxWSClient: Sending out action 'invokeResult' (ID #4)
03-14 22:46:13.768  6272  6303 I DetoxDispatcher: Done with action 'invoke'
03-14 22:46:13.777  6272  6307 D DetoxWSClient: Received action 'invoke' (ID #5, params={"target":{"type":"Class","value":"com.wix.detox.espresso.DetoxAssertion"},"method":"waitForAssertMatcher","args":[{"type":"Invocation","value":{"target":{"type":"Class","value":"androidx.test.espresso.Espresso"},"method":"onView","args":[{"type":"Invocation","value":{"target":{"type":"Class","value":"com.wix.detox.espresso.DetoxMatcher"},"method":"matcherForTestId","args"