--------- beginning of main
03-14 22:46:13.453  6272  6313 D EGL_emulation: app_time_stats: avg=209.30ms min=26.84ms max=651.62ms count=7
03-14 22:46:13.457  6272  6272 I Choreographer: Skipped 33 frames!  The application may be doing too much work on its main thread.
03-14 22:46:13.484  6272  6286 I HWUI    : Davey! duration=739ms; Flags=0, FrameTimelineVsyncId=61382, IntendedVsync=784373318832, Vsync=784473318828, InputEventId=0, HandleInputStart=784485006738, AnimationStart=784485008525, PerformTraversalsStart=784495834354, DrawStart=784506997873, FrameDeadline=784489985494, FrameInterval=784481563292, FrameStartTime=16666666, SyncQueued=784517506192, SyncStart=784529519104, IssueDrawCommandsStart=784529805434, SwapBuffers=784937200283, FrameCompleted=785125157360, DequeueBufferDuration=4199, QueueBufferDuration=433051, GpuCompleted=785125157360, SwapBuffersCompleted=785113284083, DisplayPresentTime=0, CommandSubmissionCompleted=784937200283, 
03-14 22:46:13.725  6272  6280 I .studentfinance: Background concurrent mark compact GC freed 35MB AllocSpace bytes, 34(1876KB) LOS objects, 49% free, 11MB/22MB, paused 854us,13.039ms total 1.384s
03-14 22:46:13.753  6272  6303 I DetoxWSClient: Sending out action 'invokeResult' (ID #4)
03-14 22:46:13.768  6272  6303 I DetoxDispatcher: Done with action 'invoke'
03-14 22:46:13.777  6272  6307 D DetoxWSClient: Received action 'invoke' (ID #5, params={"target":{"type":"Class","value":"com.wix.detox.espresso.DetoxAssertion"},"method":"waitForAssertMatcher","args":[{"type":"Invocation","value":{"target":{"type":"Class","value":"androidx.test.espresso.Espresso"},"method":"onView","args":[{"type":"Invocation","value":{"target":{"type":"Class","value":"com.wix.detox.espresso.DetoxMatcher"},"method":"matcherForTestId","args":["add-expense-amount-input",{"type":"boolean","value":false}]}}]}},{"type":"Invocation","value":{"target":{"type":"Class","value":"com.wix.detox.espresso.DetoxMatcher"},"method":"matcherForSufficientlyVisible","args":[{"type":"Integer","value":75}]}},{"type":"Double","value":10}]})
03-14 22:46:13.779  6272  6303 I DetoxDispatcher: Handling action 'invoke' (ID #5)...
03-14 22:46:13.779  6272  6303 D Detox   : class com.wix.detox.espresso.DetoxMatcher, matcherForTestId, [add-expense-amount-input, false]
03-14 22:46:13.782  6272  6303 D Detox   : class androidx.test.espresso.Espresso, onView, [(view.getTag() is "add-expense-amount-input" and view has effective visibility <VISIBLE>)]
03-14 22:46:13.783  6272  6303 D Detox   : class com.wix.detox.espresso.DetoxMatcher, matcherForSufficientlyVisible, [75]
03-14 22:46:13.783  6272  6303 D Detox   : class com.wix.detox.espresso.DetoxAssertion, waitForAssertMatcher, [androidx.test.espresso.ViewInteraction@46b70a4, (view has effective visibility <VISIBLE> and view.getGlobalVisibleRect() covers at least <75> percent of the view's area), 10.0]
03-14 22:46:13.788  6272  6272 I ViewInteraction: Checking 'MatchesViewAssertion(Detox){viewMatcher=(view has effective visibility <VISIBLE> and view.getGlobalVisibleRect() covers at least <75> percent of the view's area)}' assertion on view (view.getTag() is "add-expense-amount-input" and view has effective visibility <VISIBLE>)
03-14 22:46:13.829  6272  6303 I DetoxWSClient: Sending out action 'invokeResult' (ID #5)
03-14 22:46:13.831  6272  6303 I DetoxDispatcher: Done with action 'invoke'
03-14 22:46:14.020  6272  6329 D TrafficStats: tagSocket(6) with statsTag=0xffffffff, statsUid=-1
03-14 22:46:14.108  6272  6332 D TrafficStats: tagSocket(133) with statsTag=0xffffffff, statsUid=-1
03-14 22:46:14.130  6272  6342 D TrafficStats: tagSocket(133) with statsTag=0xffffffff, statsUid=-1
03-14 22:46:14.467  6272  6313 D EGL_emulation: app_time_stats: avg=90.24ms min=15.34ms max=352.91ms count=11
03-14 22:46:14.718  6272  6272 D InsetsController: show(ime(), fromIme=true)
03-14 22:46:14.840  6272  6510 W InteractionJankMonitor: Initializing without READ_DEVICE_CONFIG permission. enabled=true, interval=1, missedFrameThreshold=3, frameTimeThreshold=64, package=com.mcfuzzysquirrel.studentfinance
0--------- beginning of main
03-14 22:46:20.228  6627  6627 D nativeloader: Configuring clns-7 for other apk /system/framework/android.test.runner.jar:/system/framework/android.test.mock.jar:/system/framework/android.test.base.jar:/data/app/~~iQlUTSSRDXJswpF_nJkn0g==/com.mcfuzzysquirrel.studentfinance.test-wH5RmtktQTpJlYTVl2FeTQ==/base.apk:/data/app/~~9rWWwtrYnZOxTSYf9qhrwg==/com.mcfuzzysquirrel.studentfinance-uRqTEwpxQYKTGXQx112snA==/base.apk. target_sdk_version=36, uses_libraries=, library_path=/data/app/~~iQlUTSSRDXJswpF_nJkn0g==/com.mcfuzzysquirrel.studentfinance.test-wH5RmtktQTpJlYTVl2FeTQ==/lib/x86_64:/data/app/~~9rWWwtrYnZOxTSYf9qhrwg==/com.mcfuzzysquirrel.studentfinance-uRqTEwpxQYKTGXQx112snA==/lib/x86_64:/data/app/~~iQlUTSSRDXJswpF_nJkn0g==/com.mcfuzzysquirrel.studentfinance.test-wH5RmtktQTpJlYTVl2FeTQ==/base.apk!/lib/x86_64:/data/app/~~9rWWwtrYnZOxTSYf9qhrwg==/com.mcfuzzysquirrel.studentfinance-uRqTEwpxQYKTGXQx112snA==/base.apk!/lib/x86_64, permitted_path=/data:/mnt/expand:/data/user/0/com.mcfuzzysquirrel.studentfinance
03-14 22:46:20.240  6627  6627 V GraphicsEnvironment: Currently set values for:
03-14 22:46:20.240  6627  6627 V GraphicsEnvironment:   angle_gl_driver_selection_pkgs=[]
03-14 22:46:20.240  6627  6627 V GraphicsEnvironment:   angle_gl_driver_selection_values=[]
03-14 22:46:20.240  6627  6627 V GraphicsEnvironment: Global.Settings values are invalid: number of packages: 0, number of values: 0
03-14 22:46:20.240  6627  6627 V GraphicsEnvironment: Neither updatable production driver nor prerelease driver is supported.
03-14 22:46:20.243  6627  6627 D ApplicationLoaders: Returning zygote-cached class loader: /system/framework/android.test.base.jar
03-14 22:46:20.245  6627  6627 D nativeloader: Configuring clns-8 for other apk /system/framework/android.test.mock.jar. target_sdk_version=36, uses_libraries=ALL, library_path=/data/app/~~iQlUTSSRDXJswpF_nJkn0g==/com.mcfuzzysquirrel.studentfinance.test-wH5RmtktQTpJlYTVl2FeTQ==/lib/x86_64:/data/app/~~9rWWwtrYnZOxTSYf9qhrwg==/com.mcfuzzysquirrel.studentfinance-uRqTEwpxQYKTGXQx112snA==/lib/x86_64, permitted_path=/data:/mnt/expand
03-14 22:46:20.246  6627  6627 D ApplicationLoaders: Returning zygote-cached class loader: /system/framework/android.test.base.jar
03-14 22:46:20.247  6627  6627 D nativeloader: Configuring clns-9 for other apk /system/framework/android.test.runner.jar. target_sdk_version=36, uses_libraries=ALL, library_path=/data/app/~~iQlUTSSRDXJswpF_nJkn0g==/com.mcfuzzysquirrel.studentfinance.test-wH5RmtktQTpJlYTVl2FeTQ==/lib/x86_64:/data/app/~~9rWWwtrYnZOxTSYf9qhrwg==/com.mcfuzzysquirrel.studentfinance-uRqTEwpxQYKTGXQx112snA==/lib/x86_64, permitted_path=/data:/mnt/expand
03-14 22:46:20.248  6627  6627 W .studentfinance: ClassLoaderContext shared library size mismatch. Expected=2, found=3 (PCL[]{PCL[/system/framework/android.test.base.jar*724373495]#PCL[/system/framework/android.test.mock.jar*1452759902]} | PCL[]{PCL[/system/framework/android.test.base.jar*724373495]#PCL[/system/framework/android.test.mock.jar*1452759902]#PCL[/system/framework/android.test.runner.jar*2496447986]{PCL[/system/framework/android.test.base.jar*724373495]#PCL[/system/framework/android.test.mock.jar*1452759902]}};PCL[/system/framework/android.test.runner.jar*2496447986:/system/framework/android.test.mock.jar*1452759902:/system/framework/android.test.base.jar*724373495:/data/app/~~iQlUTSSRDXJswpF_nJkn0g==/com.mcfuzzysquirrel.studentfinance.test-wH5RmtktQTpJlYTVl2FeTQ==/base.apk*3224200876:/data/app/~~9rWWwtrYnZOxTSYf9qhrwg==/com.mcfuzzysquirrel.studentfinance-uRqTEwpxQYKTGXQx112snA==/base.apk*2060289533])
03-14 22:46:20.250  6627  6627 W .studentfinance: ClassLoaderContext classpath size mismatch. expected=0, found=1 (PCL[] | PCL[/system/framework/android.test.runner.jar*2496447986]{PCL[/system/framework/android.test.base.jar*724373495]#PCL[/system/framework/android.test.mock.jar*1452759902]#PCL[/system/framework/android.test.runner.jar*2496447986]{PCL[/system/framework/android.test.base.jar*724373495]#PCL[/system/framework/android.test.mock.jar*1452759902]}};PCL[/system/framework/android.test.runner.jar*2496447986:/system/framework/android.test.mock.jar*1452759902:/system/framework/android.test.base.jar*724373495:/data/app/~~iQlUTSSRDXJswpF_nJkn0g==/com.mcfuzzysquirrel.studentfinance.test-wH5RmtktQTpJlYTVl2FeTQ==/base.apk*3224200876:/data/app/~~9rWWwtrYnZOxTSYf9qhrwg==/com.mcfuzzysquirrel.studentfinance-uRqTEwpxQYKTGXQx112snA==/base.apk*2060289533])
03-14 22:46:20.252  6627  6627 W .studentfinance: ClassLoaderContext classpath size mismatch. expected=0, found=2 (PCL[] | PCL[/system/framework/android.test.runner.jar*2496447986:/system/framework/android.test.mock.jar*1452759902]{PCL[/system/framework/android.test.base.jar*724373495]#PCL[/system/framework/android.test.mock.jar*1452759902]#PCL[/system/framework/android.test.runner.jar*2496447986]{PCL[/system/framework/android.test.base.jar*724373495]#PCL[/system/framework/android.test.mock.jar*1452759902]}};PCL[/system/framework/android.test.runner.jar*2496447986:/system/framework/android.test.mock.jar*1452759902:/system/framework/android.test.base.jar*724373495:/data/app/~~iQlUTSSRDXJswpF_nJkn0g==/com.mcfuzzysquirrel.studentfinance.test-wH5RmtktQTpJlYTVl2FeTQ==/base.apk*3224200876:/data/app/~~9rWWwtrYnZOxTSYf9qhrwg==/com.mcfuzzysquirrel.studentfinance-uRqTEwpxQYKTGXQx112snA==/base.apk*2060289533])
03-14 22:46:20.253  6627  6627 W ziparchive: Unable to open '/data/app/~~iQlUTSSRDXJswpF_nJkn0g==/com.mcfuzzysquirrel.studentfinance.test-wH5RmtktQTpJlYTVl2FeTQ==/base.dm': No such file or directory
03-14 22:46:20.253  6627  6627 W ziparchive: Unable to open '/data/app/~~iQlUTSSRDXJswpF_nJkn0g==/com.mcfuzzysquirrel.studentfinance.test-wH5RmtktQTpJlYTVl2FeTQ==/base.dm': No such file or directory
03-14 22:46:20.366  6627  6627 W ziparchive: Unable to open '/data/app/~~9rWWwtrYnZOxTSYf9qhrwg==/com.mcfuzzysquirrel.studentfinance-uRqTEwpxQYKTGXQx112snA==/base.dm': No such file or directory
03-14 22:46:20.366  6627  6627 W ziparchive: Unable to open '/data/app/~~9rWWwtrYnZOxTSYf9qhrwg==/com.mcfuzzysquirrel.studentfinance-uRqTEwpxQYKTGXQx112snA==/base.dm': No such file or directory
03-14 22:46:20.782  6627  6627 I AndroidJUnitRunner: newApplication com.mcfuzzysquirrel.studentfinance.MainApplication
03-14 22:46:20.807  6627  6627 I AndroidJUnitRunner: onCreate Bundle[mParcelledData.dataSize=312]
03-14 22:46:20.808  6627  6627 D AndroidJUnitRunner: Use the raw file system for managing file I/O.
03-14 22:46:20.899  6627  6627 V TestEventClient: No service name argument was given (testDiscoveryService, testRunEventService or orchestratorService)
03-14 22:46:20.900  6627  6714 D AndroidJUnitRunner: onStart is called.
03-14 22:46:20.905  6627  6627 W SoLoader: Initializing SoLoader: 0
03-14 22:46:20.906  6627  6627 W SoLoader: Recording new base apk path: /data/app/~~9rWWwtrYnZOxTSYf9qhrwg==/com.mcfuzzysquirrel.studentfinance-uRqTEwpxQYKTGXQx112snA==/base.apk
03-14 22:46:20.906  6627  6627 W SoLoader: Previously recorded 0 base apk paths.
03-14 22:46:20.908  6627  6627 I SoLoader: Preparing SO source: DirectorySoSource[root = /vendor/lib64 flags = 2]
03-14 22:46:20.908  6627  6627 I SoLoader: Preparing SO source: DirectorySoSource[root = /system/lib64 flags = 2]
03-14 22:46:20.908  6627  6627 I SoLoader: Preparing SO source: DirectApkSoSource[root = [/data/app/~~9rWWwtrYnZOxTSYf9qhrwg==/com.mcfuzzysquirrel.studentfinance-uRqTEwpxQYKTGXQx112snA==/base.apk!/lib/x86_64]]
03-14 22:46:20.923  6627  6627 I SoLoader: Preparing SO source: ApplicationSoSource[DirectorySoSource[root = /data/app/~~9rWWwtrYnZOxTSYf9qhrwg==/com.mcfuzzysquirrel.studentfinance-uRqTEwpxQYKTGXQx112snA==/lib/x86_64 flags = 0]]
03-14 22:46:20.924  6627  6627 I SoLoader: init finish: 4 SO sources prepared
03-14 22:46:20.924  6627  6627 W SoLoader: SoLoader initialized: 8
03-14 22:46:20.946  6627  6627 D nativeloader: Load /data/app/~~9rWWwtrYnZOxTSYf9qhrwg==/com.mcfuzzysquirrel.studentfinance-uRqTEwpxQYKTGXQx112snA==/base.apk!/lib/x86_64/libc++_shared.so using ns clns-7 from class loader (caller=/data/app/~~9rWWwtrYnZOxTSYf9qhrwg==/com.mcfuzzysquirrel.studentfinance-uRqTEwpxQYKTGXQx112snA==/base.apk): ok
03-14 22:46:20.957  6627  6627 D nativeloader: Load /data/app/~~9rWWwtrYnZOxTSYf9qhrwg==/com.mcfuzzysquirrel.studentfinance-uRqTEwpxQYKTGXQx112snA==/base.apk!/lib/x86_64/libjsi.so using ns clns-7 from class loader (caller=/data/app/~~9rWWwtrYnZOxTSYf9qhrwg==/com.mcfuzzysquirrel.studentfinance-uRqTEwpxQYKTGXQx112snA==/base.apk): ok
03-14 22:46:20.967  6627  6627 D nativeloader: Load /data/app/~~9rWWwtrYnZOxTSYf9qhrwg==/com.mcfuzzysquirrel.studentfinance-uRqTEwpxQYKTGXQx112snA==/base.apk!/lib/x86_64/libfbjni.so using ns clns-7 from class loader (caller=/data/app/~~9rWWwtrYnZOxTSYf9qhrwg==/com.mcfuzzysquirrel.studentfinance-uRqTEwpxQYKTGXQx112snA==/base.apk): ok
03-14 22:46:20.979  6627  6627 D nativeloader: Load /data/app/~~9rWWwtrYnZOxTSYf9qhrwg==/com.mcfuzzysquirrel.studentfinance-uRqTEwpxQYKTGXQx112snA==/base.apk!/lib/x86_64/libreactnative.so using ns clns-7 from class loader (caller=/data/app/~~9rWWwtrYnZOxTSYf9qhrwg==/com.mcfuzzysquirrel.studentfinance-uRqTEwpxQYKTGXQx112snA==/base.apk): ok
03-14 22:46:20.979  6627  6627 D jni_lib_merge: Entering merged library JNI_OnLoad.
03-14 22:46:20.980  6627  6627 D jni_lib_merge: Preparing 12 pre-merged libs (including stub)
03-14 22:46:20.980  6627  6627 D jni_lib_merge: Preparing to register libfabricjni_so.  onload_func: 0x727ce6fb2730
03-14 22:46:20.980  6627  6627 D jni_lib_merge: Preparing to register libreact_devsupportjni_so.  onload_func: 0x727ce71af190
03-14 22:46:20.980  6627  6627 D jni_lib_merge: Preparing to register libreact_featureflagsjni_so.  onload_func: 0x727ce71c0910
03-14 22:46:20.980  6627  6627 D jni_lib_merge: Preparing to register libreact_newarchdefaults_so.  onload_func: 0x727ce7261d20
03-14 22:46:20.980  6627  6627 D jni_lib_merge: Preparing to register libreactnativeblob_so.  onload_func: 0x727ce746c2e0
03-14 22:46:20.980  6627  6627 D jni_lib_merge: Preparing to register libreactnativejni_so.  onload_func: 0x727ce74ac770
03-14 22:46:20.980  6627  6627 D jni_lib_merge: Preparing to register libreactnativejni_common_so.  onload_func: 0x727ce74bc5d0
03-14 22:46:20.980  6627  6627 D jni_lib_merge: Preparing to register librninstance_so.  onload_func: 0x727ce74f94c0
03-14 22:46:20.980  6627  6627 D jni_lib_merge: Preparing to register libturbomodulejsijni_so.  onload_func: 0x727ce765ac00
03-14 22:46:20.980  6627  6627 D jni_lib_merge: Preparing to register libuimanagerjni_so.  onload_func: 0x727ce7672de0
03-14 22:46:20.980  6627  6627 D jni_lib_merge: Preparing to register libyoga_so.  onload_func: 0x727ce7681d70
03-14 22:46:20.980  6627  6627 D jni_lib_merge: About to register 11 actual methods.
03-14 22:46:21.005  6627  6627 D nativeloader: Load /data/app/~~9rWWwtrYnZOxTSYf9qhrwg==/com.mcfuzzysquirrel.studentfinance-uRqTEwpxQYKTGXQx112snA==/base.apk!/lib/x86_64/libreact_codegen_rnscreens.so using ns clns-7 from class loader (caller=/data/app/~~9rWWwtrYnZOxTSYf9qhrwg==/com.mcfuzzysquirrel.studentfinance-uRqTEwpxQYKTGXQx112snA==/base.apk): ok
03-14 22:46:21.006  6627  6627 D jni_lib_merge: Entering merged library JNI_OnLoad.
03-14 22:46:21.006  6627  6627 D jni_lib_merge: Preparing 12 pre-merged libs (including stub)
03-14 22:46:21.006  6627  6627 D jni_lib_merge: Preparing to register libfabricjni_so.  onload_func: 0x727ce6fb2730
03-14 22:46:21.006  6627  6627 D jni_lib_merge: Preparing to register libreact_devsupportjni_so.  onload_func: 0x727ce71af190
03-14 22:46:21.006  6627  6627 D jni_lib_merge: Preparing to register libreact_featureflagsjni_so.  onload_func: 0x727ce71c0910
03-14 22:46:21.006  6627  6627 D jni_lib_merge: Preparing to register libreact_newarchdefaults_so.  onload_func: 0x727ce7261d20
03-14 22:46:21.006  6627  6627 D jni_lib_merge: Preparing to register libreactnativeblob_so.  onload_func: 0x727ce746c2e0
03-14 22:46:21.006  6627  6627 D jni_lib_merge: Preparing to register libreactnativejni_so.  onload_func: 0x727ce74ac770
03-14 22:46:21.006  6627  6627 D jni_lib_merge: Preparing to register libreactnativejni_common_so.  onload_func: 0x727ce74bc5d0
03-14 22:46:21.006  6627  6627 D jni_lib_merge: Preparing to register librninstance_so.  onload_func: 0x727ce74f94c0
03-14 22:46:21.006  6627  6627 D jni_lib_merge: Preparing to register libturbomodulejsijni_so.  onload_func: 0x727ce765ac00
03-14 22:46:21.006  6627  6627 D jni_lib_merge: Preparing to register libuimanagerjni_so.  onload_func: 0x727ce7672de0
03-14 22:46:21.006  6627  6627 D jni_lib_merge: Preparing to register libyoga_so.  onload_func: 0x727ce7681d70
03-14 22:46:21.006  6627  6627 D jni_lib_merge: About to register 11 actual methods.
03-14 22:46:21.015  6627  6627 D nativeloader: Load /data/app/~~9rWWwtrYnZOxTSYf9qhrwg==/com.mcfuzzysquirrel.studentfinance-uRqTEwpxQYKTGXQx112snA==/base.apk!/lib/x86_64/libreact_codegen_rnsvg.so using ns clns-7 from class loader (caller=/data/app/~~9rWWwtrYnZOxTSYf9qhrwg==/com.mcfuzzysquirrel.studentfinance-uRqTEwpxQYKTGXQx112snA==/base.apk): ok
03-14 22:46:21.016  6627  6627 D jni_lib_merge: Entering merged library JNI_OnLoad.
03-14 22:46:21.016  6627  6627 D jni_lib_merge: Preparing 12 pre-merged libs (including stub)
03-14 22:46:21.016  6627  6627 D jni_lib_merge: Preparing to register libfabricjni_so.  onload_func: 0x727ce6fb2730
03-14 22:46:21.016  6627  6627 D jni_lib_merge: Preparing to register libreact_devsupportjni_so.  onload_func: 0x727ce71af190
03-14 22:46:21.016  6627  6627 D jni_lib_merge: Preparing to register libreact_featureflagsjni_so.  onload_func: 0x727ce71c0910
03-14 22:46:21.016  6627  6627 D jni_lib_merge: Preparing to register libreact_newarchdefaults_so.  onload_func: 0x727ce7261d20
03-14 22:46:21.016  6627  6627 D jni_lib_merge: Preparing to register libreactnativeblob_so.  onload_func: 0x727ce746c2e0
03-14 22:46:21.016  6627  6627 D jni_lib_merge: Preparing to register libreactnativejni_so.  onload_func: 0x727ce74ac770
03-14 22:46:21.016  6627  6627 D jni_lib_merge: Preparing to register libreactnativejni_common_so.  onload_func: 0x727ce74bc5d0
03-14 22:46:21.016  6627  6627 D jni_lib_merge: Preparing to register librninstance_so.  onload_func: 0x727ce74f94c0
03-14 22:46:21.016  6627  6627 D jni_lib_merge: Preparing to register libturbomodulejsijni_so.  onload_func: 0x727ce765ac00
03-14 22:46:21.016  6627  6627 D jni_lib_merge: Preparing to register libuimanagerjni_so.  onload_func: 0x727ce7672de0
03-14 22:46:21.016  6627  6627 D jni_lib_merge: Preparing to register libyoga_so.  onload_func: 0x727ce7681d70
03-14 22:46:21.016  6627  6627 D jni_lib_merge: About to register 11 actual methods.
03-14 22:46:21.026  6627  6627 D nativeloader: Load /data/app/~~9rWWwtrYnZOxTSYf9qhrwg==/com.mcfuzzysquirrel.studentfinance-uRqTEwpxQYKTGXQx112snA==/base.apk!/lib/x86_64/libreact_codegen_safeareacontext.so using ns clns-7 from class loader (caller=/data/app/~~9rWWwtrYnZOxTSYf9qhrwg==/com.mcfuzzysquirrel.studentfinance-uRqTEwpxQYKTGXQx112snA==/base.apk): ok
03-14 22:46:21.033  6627  6627 D nativeloader: Load /data/app/~~9rWWwtrYnZOxTSYf9qhrwg==/com.mcfuzzysquirrel.studentfinance-uRqTEwpxQYKTGXQx112snA==/base.apk!/lib/x86_64/libappmodules.so using ns clns-7 from class loader (caller=/data/app/~~9rWWwtrYnZOxTSYf9qhrwg==/com.mcfuzzysquirrel.studentfinance-uRqTEwpxQYKTGXQx112snA==/base.apk): ok
03-14 22:46:21.114  6627  6714 I InstrConnection: Could not send broadcast or register receiver (isolatedProcess?)
03-14 22:46:21.118  6627  6714 D TestRequestBuilder: Using class path scanning to discover tests
03-14 22:46:21.118  6627  6714 I TestRequestBuilder: Scanning classpath to find tests in paths [/data/app/~~iQlUTSSRDXJswpF_nJkn0g==/com.mcfuzzysquirrel.studentfinance.test-wH5RmtktQTpJlYTVl2FeTQ==/base.apk]
03-14 22:46:21.119  6627  6714 W .studentfinance: Opening an oat file without a class loader. Are you using the deprecated DexFile APIs?
03-14 22:46:21.617  6627  6714 I TestRunner: run started: 1 tests
03-14 22:46:21.618  6627  6714 I TestRunner: started: runDetoxTests(com.mcfuzzysquirrel.studentfinance.DetoxTest)
03-14 22:46:21.643  6627  6714 I Detox   : Detox server connection details: url=ws://localhost:36931, sessionId=5a768b26-d324-b11a-d215-c9a8105e1c3a
03-14 22:46:21.659  6627  6714 I Tracing : Tracer added: class androidx.test.platform.tracing.AndroidXTracer
03-14 22:46:21.678  6627  6714 W .studentfinance: Accessing hidden field Ljava/lang/reflect/Field;->accessFlags:I (unsupported, reflection, allowed)
03-14 22:46:21.681  6627  6714 I Detox   : Connecting to server...
03-14 22:46:21.681  6627  6714 I DetoxWSClient: At connectToServer
03-14 22:46:21.780  6627  6720 D TrafficStats: tagSocket(102) with statsTag=0xffffffff, statsUid=-1
03-14 22:46:21.820  6627  6720 D DetoxWSClient: At onOpen
03-14 22:46:21.820  6627  6720 I DetoxWSClient: Sending out action 'login' (ID #0)
03-14 22:46:21.821  6627  6720 I Detox   : Connected to server!
03-14 22:46:21.827  6627  6720 D DetoxWSClient: Received action 'loginSuccess' (ID #0, params={"testerConnected":true,"appConnected":true})
03-14 22:46:21.830  6627  6716 I DetoxDispatcher: Handling action 'loginSuccess' (ID #0)...
03-14 22:46:21.833  6627  6716 I DetoxDispatcher: Done with action 'loginSuccess'
03-14 22:46:21.833  6627  6714 I Detox   : Launching the tested activity!
03-14 22:46:21.874  6627  6720 D DetoxWSClient: Received action 'isReady' (ID #-1000, params={})
03-14 22:46:21.874  6627  6716 I DetoxDispatcher: Handling action 'isReady' (ID #-1000)...
03-14 22:46:22.163  6627  6627 D AppCompatDelegate: Checking for metadata for AppLocalesMetadataHolderService : Service not found
03-14 22:46:22.212  6627  6627 D LifecycleMonitor: Lifecycle status change: com.mcfuzzysquirrel.studentfinance.MainActivity@340991c in: PRE_ON_CREATE
03-14 22:46:22.489  6627  6741 D TrafficStats: tagSocket(109) with statsTag=0xffffffff, statsUid=-1
03-14 22:46:22.523  6627  6741 W unknown:ReconnectingWebSocket: Couldn't connect to "ws://10.0.2.2:8081/message?device=sdk_gphone64_x86_64%20-%2015%20-%20API%2035&app=com.mcfuzzysquirrel.studentfinance&clientid=BridgelessDevSupportManager", will silently retry
03-14 22:46:22.546  6627  6627 W unknown:BridgelessReact: ReactHost{0}.startSurface(surfaceId = 0): Schedule
03-14 22:46:22.546  6627  6627 W unknown:BridgelessReact: ReactHost{0}.attachSurface(surfaceId = 0)
03-14 22:46:22.552  6627  6745 W unknown:BridgelessReact: ReactHost{0}.getOrCreateReactInstanceTask()
03-14 22:46:22.552  6627  6745 W unknown:BridgelessReact: ReactHost{0}.getOrCreateReactInstanceTask(): Start
03-14 22:46:22.552  6627  6745 D Detox.RNMarker: REACT_BRIDGELESS_LOADING_START (null)
03-14 22:46:22.552  6627  6745 W unknown:BridgelessReact: ReactHost{0}.getJSBundleLoader()
03-14 22:46:22.552  6627  6745 W unknown:BridgelessReact: ReactHost{0}.isMetroRunning()
03-14 22:46:22.559  6627  6746 D TrafficStats: tagSocket(109) with statsTag=0xffffffff, statsUid=-1
03-14 22:46:22.575  6627  6627 W .studentfinance: Accessing hidden method Landroid/view/ViewGroup;->makeOptionalFitsSystemWindows()V (unsupported, reflection, allowed)
03-14 22:46:22.576  6627  6746 W unknown:ReactNative: The packager does not seem to be running as we got an IOException requesting its status: Failed to connect to /10.0.2.2:8081
03-14 22:46:22.576  6627  6746 W unknown:BridgelessReact: ReactHost{0}.isMetroRunning(): Async result = false
03-14 22:46:22.578  6627  6627 D LifecycleMonitor: Lifecycle status change: com.mcfuzzysquirrel.studentfinance.MainActivity@340991c in: CREATED
03-14 22:46:22.579  6627  6745 W unknown:BridgelessReact: ReactHost{0}.getOrCreateReactInstanceTask(): Creating BridgelessReactContext
03-14 22:46:22.580  6627  6627 D LifecycleMonitor: Lifecycle status change: com.mcfuzzysquirrel.studentfinance.MainActivity@340991c in: STARTED
03-14 22:46:22.583  6627  6627 W unknown:BridgelessReact: ReactHost{0}.onHostResume(activity)
03-14 22:46:22.583  6627  6745 W unknown:BridgelessReact: ReactHost{0}.getOrCreateReactInstanceTask(): Creating ReactInstance
03-14 22:46:22.584  6627  6627 W unknown:ReactNative: Packager connection already open, nooping.
03-14 22:46:22.585  6627  6627 W unknown:BridgelessReact: ReactHost{0}.ReactContext.onHostResume()
03-14 22:46:22.585  6627  6627 D LifecycleMonitor: Lifecycle status change: com.mcfuzzysquirrel.studentfinance.MainActivity@340991c in: RESUMED
03-14 22:46:22.591  6627  6627 W HWUI    : Unknown dataspace 0
03-14 22:46:22.626  6627  6729 I EGL_emulation: Opening libGLESv1_CM_emulation.so
03-14 22:46:22.626  6627  6729 I EGL_emulation: Opening libGLESv2_emulation.so
03-14 22:46:22.640  6627  6753 D TrafficStats: tagSocket(123) with statsTag=0xffffffff, statsUid=-1
03-14 22:46:22.669  6627  6729 W HWUI    : Failed to initialize 101010-2 format, error = EGL_SUCCESS
03-14 22:46:22.702  6627  6729 I Gralloc4: mapper 4.x is not supported
03-14 22:46:22.706  6627  6745 D nativeloader: Load /data/app/~~9rWWwtrYnZOxTSYf9qhrwg==/com.mcfuzzysquirrel.studentfinance-uRqTEwpxQYKTGXQx112snA==/base.apk!/lib/x86_64/libhermesvm.so using ns clns-7 from class loader (caller=/data/app/~~9rWWwtrYnZOxTSYf9qhrwg==/com.mcfuzzysquirrel.studentfinance-uRqTEwpxQYKTGXQx112snA==/base.apk): ok
03-14 22:46:22.739  6627  6745 D nativeloader: Load /data/app/~~9rWWwtrYnZOxTSYf9qhrwg==/com.mcfuzzysquirrel.studentfinance-uRqTEwpxQYKTGXQx112snA==/base.apk!/lib/x86_64/libhermestooling.so using ns clns-7 from class loader (caller=/data/app/~~9rWWwtrYnZOxTSYf9qhrwg==/com.mcfuzzysquirrel.studentfinance-uRqTEwpxQYKTGXQx112snA==/base.apk): ok
03-14 22:46:22.740  6627  6745 D jni_lib_merge: Entering merged library JNI_OnLoad.
03-14 22:46:22.740  6627  6745 D jni_lib_merge: Preparing 4 pre-merged libs (including stub)
03-14 22:46:22.740  6627  6745 D jni_lib_merge: Preparing to register libhermes_executor_so.  onload_func: 0x727ce32f0050
03-14 22:46:22.740  6627  6745 D jni_lib_merge: Preparing to register libhermesinstancejni_so.  onload_func: 0x727ce3326680
03-14 22:46:22.740  6627  6745 D jni_lib_merge: Preparing to register libjsijniprofiler_so.  onload_func: 0x727ce33283f0
03-14 22:46:22.740  6627  6745 D jni_lib_merge: About to register 3 actual methods.
03-14 22:46:23.231  6627  6745 I ExpoModulesCore: ✅ AppContext was initialized
03-14 22:46:23.382  6627  6745 W unknown:BridgelessReact: ReactHost{0}.getOrCreateReactInstanceTask(): Loading JS Bundle
03-14 22:46:23.384  6627  6747 D Detox.RNMarker: RUN_JS_BUNDLE_START (index.android.bundle)
03-14 22:46:23.390  6627  6745 W unknown:BridgelessReact: ReactHost{0}.getOrCreateReactInstanceTask(): DevSupportManager.onNewReactContextCreated()
03-14 22:46:23.405  6627  6627 W unknown:ReactNative: Packager connection already open, nooping.
03-14 22:46:23.410  6627  6627 W unknown:BridgelessReact: ReactHost{0}.ReactContext.onHostResume()
03-14 22:46:23.410  6627  6745 W unknown:BridgelessReact: ReactHost{0}.startSurface(surfaceId = 0): Execute
03-14 22:46:23.411  6627  6627 W unknown:BridgelessReact: ReactHost{0}.getOrCreateReactInstanceTask(): Executing ReactInstanceEventListeners
03-14 22:46:23.411  6627  6627 I DetoxRNLoading: Got new RN-context through listener
03-14 22:46:23.413  6627  6716 W .studentfinance: Long monitor contention with owner Instr: androidx.test.runner.AndroidJUnitRunner (6714) at void com.wix.detox.DetoxMain.launchActivityOnCue(android.content.Context, com.wix.detox.ActivityLaunchHelper)(DetoxMain.kt:53) waiters=0 in void com.wix.detox.DetoxMain$setupActionHandlers$SynchronizedActionHandler.handle(java.lang.String, long) for 1.539s
03-14 22:46:23.414  6627  6627 W .studentfinance: Accessing hidden method Landroid/os/MessageQueue;->next()Landroid/os/Message; (unsupported, reflection, allowed)
03-14 22:46:23.414  6627  6627 W .studentfinance: Accessing hidden field Landroid/os/MessageQueue;->mMessages:Landroid/os/Message; (unsupported, reflection, allowed)
03-14 22:46:23.416  6627  6627 W .studentfinance: Accessing hidden method Landroid/os/Message;->recycleUnchecked()V (unsupported, reflection, allowed)
03-14 22:46:23.420  6627  6627 I Detox   : Wait is over: App is now idle!
03-14 22:46:23.421  6627  6716 I DetoxWSClient: Sending out action 'ready' (ID #-1000)
03-14 22:46:23.421  6627  6716 I DetoxDispatcher: Done with action 'isReady'
03-14 22:46:23.427  6627  6720 D DetoxWSClient: Received action 'invoke' (ID #6, params={"target":{"type":"Class","value":"com.wix.detox.espresso.DetoxAssertion"},"method":"waitForAssertMatcher","args":[{"type":"Invocation","value":{"target":{"type":"Class","value":"androidx.test.espresso.Espresso"},"method":"onView","args":[{"type":"Invocation","value":{"target":{"type":"Class","value":"com.wix.detox.espresso.DetoxMatcher"},"method":"matcherForTestId","args":["dashboard-view-transactions-button",{"type":"boolean","value":false}]}}]}},{"type":"Invocation","value":{"target":{"type":"Class","value":"com.wix.detox.espresso.DetoxMatcher"},"method":"matcherForSufficientlyVisible","args":[{"type":"Integer","value":75}]}},{"type":"Double","value":10}]})
03-14 22:46:23.430  6627  6716 I DetoxDispatcher: Handling action 'invoke' (ID #6)...
03-14 22:46:23.441  6627  6747 D nativeloader: Load /data/app/~~9rWWwtrYnZOxTSYf9qhrwg==/com.mcfuzzysquirrel.studentfinance-uRqTEwpxQYKTGXQx112snA==/base.apk!/lib/x86_64/libexpo-modules-core.so using ns clns-7 from class loader (caller=/data/app/~~9rWWwtrYnZOxTSYf9qhrwg==/com.mcfuzzysquirrel.studentfinance-uRqTEwpxQYKTGXQx112snA==/base.apk): ok
03-14 22:46:23.460  6627  6716 D Detox   : class com.wix.detox.espresso.DetoxMatcher, matcherForTestId, [dashboard-view-transactions-button, false]
03-14 22:46:23.493  6627  6716 D Detox   : class androidx.test.espresso.Espresso, onView, [(view.getTag() is "dashboard-view-transactions-button" and view has effective visibility <VISIBLE>)]
03-14 22:46:23.499  6627  6716 D Detox   : class com.wix.detox.espresso.DetoxMatcher, matcherForSufficientlyVisible, [75]
03-14 22:46:23.500  6627  6716 D Detox   : class com.wix.detox.espresso.DetoxAssertion, waitForAssertMatcher, [androidx.test.espresso.ViewInteraction@1bff751, (view has effective visibility <VISIBLE> and view.getGlobalVisibleRect() covers at least <75> percent of the view's area), 10.0]
03-14 22:46:23.506  6627  6747 W unknown:ViewManagerPropertyUpdater: Could not find generated setter for class com.th3rdwave.safeareacontext.SafeAreaProviderManager
03-14 22:46:23.509  6627  6747 W unknown:ViewManagerPropertyUpdater: Could not find generated setter for class com.facebook.react.uimanager.LayoutShadowNode
03-14 22:46:23.512  6627  6747 W unknown:ViewManagerPropertyUpdater: Could not find generated setter for class com.swmansion.rnscreens.SearchBarManager
03-14 22:46:23.513  6627  6747 W unknown:ViewManagerPropertyUpdater: Could not find generated setter for class com.swmansion.rnscreens.ScreenFooterManager
03-14 22:46:23.527  6627  6627 I ViewInteraction: Checking 'MatchesViewAssertion(Detox){viewMatcher=(view has effective visibility <VISIBLE> and view.getGlobalVisibleRect() covers at least <75> percent of the view's area)}' assertion on view (view.getTag() is "dashboard-view-transactions-button" and view has effective visibility <VISIBLE>)
03-14 22:46:23.530  6627  6747 W unknown:ViewManagerPropertyUpdater: Could not find generated setter for class com.swmansion.rnscreens.gamma.tabs.TabScreenViewManager
03-14 22:46:23.532  6627  6747 W unknown:ViewManagerPropertyUpdater: Could not find generated setter for class expo.modules.kotlin.views.GroupViewManagerWrapper
03-14 22:46:23.536  6627  6747 W unknown:ViewManagerPropertyUpdater: Could not find generated setter for class com.swmansion.rnscreens.ScreenContainerViewManager
03-14 22:46:23.537  6627  6747 W unknown:ViewManagerPropertyUpdater: Could not find generated setter for class com.swmansion.rnscreens.gamma.tabs.TabsHostViewManager
03-14 22:46:23.540  6627  6747 W unknown:ViewManagerPropertyUpdater: Could not find generated setter for class com.swmansion.rnscreens.ModalScreenViewManager
03-14 22:46:23.541  6627  6747 W unknown:ViewManagerPropertyUpdater: Could not find generated setter for class com.swmansion.rnscreens.ScreenStackHeaderConfigViewManager
03-14 22:46:23.543  6627  6747 W unknown:ViewManagerPropertyUpdater: Could not find generated setter for class com.swmansion.rnscreens.ScreenContentWrapperManager
03-14 22:46:23.543  6627  6747 W unknown:ViewManagerPropertyUpdater: Could not find generated setter for class com.th3rdwave.safeareacontext.SafeAreaViewManager
03-14 22:46:23.545  6627  6747 W unknown:ViewManagerPropertyUpdater: Could not find generated setter for class com.th3rdwave.safeareacontext.SafeAreaViewShadowNode
03-14 22:46:23.545  6627  6747 W unknown:ViewManagerPropertyUpdater: Could not find generated setter for class com.swmansion.rnscreens.safearea.SafeAreaViewManager
03-14 22:46:23.546  6627  6747 W unknown:ViewManagerPropertyUpdater: Could not find generated setter for class com.swmansion.rnscreens.safearea.paper.SafeAreaViewShadowNode
03-14 22:46:23.546  6627  6747 W unknown:ViewManagerPropertyUpdater: Could not find generated setter for class com.swmansion.rnscreens.ScreenViewManager
03-14 22:46:23.547  6627  6747 W unknown:ViewManagerPropertyUpdater: Could not find generated setter for class com.swmansion.rnscreens.gamma.stack.host.StackHostViewManager
03-14 22:46:23.548  6627  6747 W unknown:ViewManagerPropertyUpdater: Could not find generated setter for class com.swmansion.rnscreens.ScreenStackHeaderSubviewManager
03-14 22:46:23.549  6627  6747 W unknown:ViewManagerPropertyUpdater: Could not find generated setter for class com.swmansion.rnscreens.gamma.stack.screen.StackScreenViewManager
03-14 22:46:23.549  6627  6747 W unknown:ViewManagerPropertyUpdater: Could not find generated setter for class com.swmansion.rnscreens.ScreenStackViewManager
03-14 22:46:23.573  6627  6627 I ViewInteraction: Checking 'MatchesViewAssertion(Detox){viewMatcher=(view has effective visibility <VISIBLE> and view.getGlobalVisibleRect() covers at least <75> percent of the view's area)}' assertion on view (view.getTag() is "dashboard-view-transactions-button" and view has effective visibility <VISIBLE>)
03-14 22:46:23.589  6627  6652 I .studentfinance: Compiler allocated 5174KB to compile void android.view.ViewRootImpl.performTraversals()
03-14 22:46:23.607  6627  6627 I ViewInteraction: Checking 'MatchesViewAssertion(Detox){viewMatcher=(view has effective visibility <VISIBLE> and view.getGlobalVisibleRect() covers at least <75> percent of the view's area)}' assertion on view (view.getTag() is "dashboard-view-transactions-button" and view has effective visibility <VISIBLE>)
03-14 22:46:23.650  6627  6627 I ViewInteraction: Checking 'MatchesViewAssertion(Detox){viewMatcher=(view has effective visibility <VISIBLE> and view.getGlobalVisibleRect() covers at least <75> percent of the view's area)}' assertion on view (view.getTag() is "dashboard-view-transactions-button" and view has effective visibility <VISIBLE>)
03-14 22:46:23.682  6627  6627 I ViewInteraction: Checking 'MatchesViewAssertion(Detox){viewMatcher=(view has effective visibility <VISIBLE> and view.getGlobalVisibleRect() covers at least <75> percent of the view's area)}' assertion on view (view.getTag() is "dashboard-view-transactions-button" and view has effective visibility <VISIBLE>)
03-14 22:46:23.715  6627  6627 I ViewInteraction: Checking 'MatchesViewAssertion(Detox){viewMatcher=(view has effective visibility <VISIBLE> and view.getGlobalVisibleRect() covers at least <75> percent of the view's area)}' assertion on view (view.getTag() is "dashboard-view-transactions-button" and view has effective visibility <VISIBLE>)
03-14 22:46:23.727  6627  6747 W unknown:ViewManagerPropertyUpdater: Could not find generated setter for class com.horcrux.svg.RenderableViewManager$DefsViewManager
03-14 22:46:23.745  6627  6747 W unknown:ViewManagerPropertyUpdater: Could not find generated setter for class com.horcrux.svg.VirtualViewManager$RenderableShadowNode
03-14 22:46:23.755  6627  6627 I ViewInteraction: Checking 'MatchesViewAssertion(Detox){viewMatcher=(view has effective visibility <VISIBLE> and view.getGlobalVisibleRect() covers at least <75> percent of the view's area)}' assertion on view (view.getTag() is "dashboard-view-transactions-button" and view has effective visibility <VISIBLE>)
03-14 22:46:23.756  6627  6747 W unknown:ViewManagerPropertyUpdater: Could not find generated setter for class com.facebook.react.views.debuggingoverlay.DebuggingOverlayManager
03-14 22:46:23.764  6627  6747 W unknown:ViewManagerPropertyUpdater: Could not find generated setter for class com.horcrux.svg.RenderableViewManager$FeMergeManager
03-14 22:46:23.772  6627  6747 W unknown:ViewManagerPropertyUpdater: Could not find generated setter for class com.facebook.react.views.safeareaview.ReactSafeAreaViewManager
03-14 22:46:23.779  6627  6747 W unknown:ViewManagerPropertyUpdater: Could not find generated setter for class com.horcrux.svg.RenderableViewManager$LinearGradientManager
03-14 22:46:23.787  6627  6627 I ViewInteraction: Checking 'MatchesViewAssertion(Detox){viewMatcher=(view has effective visibility <VISIBLE> and view.getGlobalVisibleRect() covers at least <75> percent of the view's area)}' assertion on view (view.getTag() is "dashboard-view-transactions-button" and view has effective visibility <VISIBLE>)
03-14 22:46:23.788  6627  6747 W unknown:ViewManagerPropertyUpdater: Could not find generated setter for class com.horcrux.svg.RenderableViewManager$FeGaussianBlurManager
03-14 22:46:23.801  6627  6747 W unknown:ViewManagerPropertyUpdater: Could not find generated setter for class com.facebook.react.views.progressbar.ReactProgressBarViewManager
03-14 22:46:23.804  6627  6747 W unknown:ViewManagerPropertyUpdater: Could not find generated setter for class com.facebook.react.views.progressbar.ProgressBarShadowNode
03-14 22:46:23.815  6627  6627 I ViewInteraction: Checking 'MatchesViewAssertion(Detox){viewMatcher=(view has effective visibility <VISIBLE> and view.getGlobalVisibleRect() covers at least <75> percent of the view's area)}' assertion on view (view.getTag() is "dashboard-view-transactions-button" and view has effective visibility <VISIBLE>)
03-14 22:46:23.818  6627  6747 W unknown:ViewManagerPropertyUpdater: Could not find generated setter for class com.facebook.react.views.scroll.ReactHorizontalScrollViewManager
03-14 22:46:23.835  6627  6747 W unknown:ViewManagerPropertyUpdater: Could not find generated setter for class com.facebook.react.views.text.ReactTextViewManager
03-14 22:46:23.838  6627  6747 W unknown:ViewManagerPropertyUpdater: Could not find generated setter for class com.facebook.react.views.text.ReactTextShadowNode
03-14 22:46:23.843  6627  6627 I ViewInteraction: Checking 'MatchesViewAssertion(Detox){viewMatcher=(view has effective visibility <VISIBLE> and view.getGlobalVisibleRect() covers at least <75> percent of the view's area)}' assertion on view (view.getTag() is "dashboard-view-transactions-button" and view has effective visibility <VISIBLE>)
03-14 22:46:23.850  6627  6747 W unknown:ViewManagerPropertyUpdater: Could not find generated setter for class com.horcrux.svg.RenderableViewManager$FeColorMatrixManager
03-14 22:46:23.864  6627  6747 W unknown:ViewManagerPropertyUpdater: Could not find generated setter for class com.facebook.react.views.scroll.ReactHorizontalScrollContainerViewManager
03-14 22:46:23.876  6627  6627 I ViewInteraction: Checking 'MatchesViewAssertion(Detox){viewMatcher=(view has effective visibility <VISIBLE> and view.getGlobalVisibleRect() covers at least <75> percent of the view's area)}' assertion on view (view.getTag() is "dashboard-view-transactions-button" and view has effective visibility <VISIBLE>)
03-14 22:46:23.879  6627  6747 W unknown:ViewManagerPropertyUpdater: Could not find generated setter for class com.horcrux.svg.RenderableViewManager$ClipPathViewManager
03-14 22:46:23.902  6627  6747 W unknown:ViewManagerPropertyUpdater: Could not find generated setter for class com.horcrux.svg.RenderableViewManager$SymbolManager
03-14 22:46:23.909  6627  6627 I ViewInteraction: Checking 'MatchesViewAssertion(Detox){viewMatcher=(view has effective visibility <VISIBLE> and view.getGlobalVisibleRect() covers at least <75> percent of the view's area)}' assertion on view (view.getTag() is "dashboard-view-transactions-button" and view has effective visibility <VISIBLE>)
03-14 22:46:23.920  6627  6747 W unknown:ViewManagerPropertyUpdater: Could not find generated setter for class com.horcrux.svg.RenderableViewManager$PatternManager
03-14 22:46:23.937  6627  6747 W unknown:ViewManagerPropertyUpdater: Could not find generated setter for class com.horcrux.svg.RenderableViewManager$FeBlendManager
03-14 22:46:23.943  6627  6627 I ViewInteraction: Checking 'MatchesViewAssertion(Detox){viewMatcher=(view has effective visibility <VISIBLE> and view.getGlobalVisibleRect() covers at least <75> percent of the view's area)}' assertion on view (view.getTag() is "dashboard-view-transactions-button" and view has effective visibility <VISIBLE>)
03-14 22:46:23.948  6627  6747 W unknown:ViewManagerPropertyUpdater: Could not find generated setter for class com.facebook.react.views.view.ReactViewManager
03-14 22:46:23.973  6627  6747 W unknown:ViewManagerPropertyUpdater: Could not find generated setter for class com.horcrux.svg.SvgViewManager
03-14 22:46:23.983  6627  6627 I ViewInteraction: Checking 'MatchesViewAssertion(Detox){viewMatcher=(view has effective visibility <VISIBLE> and view.getGlobalVisibleRect() covers at least <75> percent of the view's area)}' assertion on view (view.getTag() is "dashboard-view-transactions-button" and view has effective visibility <VISIBLE>)
03-14 22:46:23.989  6627  6747 W unknown:ViewManagerPropertyUpdater: Could not find generated setter for class com.facebook.react.views.switchview.ReactSwitchManager
03-14 22:46:23.990  6627  6747 W unknown:ViewManagerPropertyUpdater: Could not find generated setter for class com.facebook.react.views.switchview.ReactSwitchShadowNode
03-14 22:46:23.998  6627  6747 W unknown:ViewManagerPropertyUpdater: Could not find generated setter for class com.horcrux.svg.RenderableViewManager$UseViewManager
03-14 22:46:24.013  6627  6627 I ViewInteraction: Checking 'MatchesViewAssertion(Detox){viewMatcher=(view has effective visibility <VISIBLE> and view.getGlobalVisibleRect() covers at least <75> percent of the view's area)}' assertion on view (view.getTag() is "dashboard-view-transactions-button" and view has effective visibility <VISIBLE>)
03-14 22:46:24.017  6627  6747 W unknown:ViewManagerPropertyUpdater: Could not find generated setter for class com.horcrux.svg.RenderableViewManager$CircleViewManager
03-14 22:46:24.028  6627  6747 W unknown:ViewManagerPropertyUpdater: Could not find generated setter for class com.horcrux.svg.RenderableViewManager$TSpanViewManager
03-14 22:46:24.042  6627  6747 W unknown:ViewManagerPropertyUpdater: Could not find generated setter for class com.horcrux.svg.RenderableViewManager$FilterManager
03-14 22:46:24.047  6627  6627 I ViewInteraction: Checking 'MatchesViewAssertion(Detox){viewMatcher=(view has effective visibility <VISIBLE> and view.getGlobalVisibleRect() covers at least <75> percent of the view's area)}' assertion on view (view.getTag() is "dashboard-view-transactions-button" and view has effective visibility <VISIBLE>)
03-14 22:46:24.056  6627  6747 W unknown:ViewManagerPropertyUpdater: Could not find generated setter for class com.horcrux.svg.RenderableViewManager$MarkerManager
03-14 22:46:24.070  6627  6747 W unknown:ViewManagerPropertyUpdater: Could not find generated setter for class com.swmansion.gesturehandler.react.RNGestureHandlerButtonViewManager
03-14 22:46:24.071  6627  6652 I .studentfinance: Compiler allocated 4219KB to compile void android.widget.TextView.<init>(android.content.Context, android.util.AttributeSet, int, int)
03-14 22:46:24.082  6627  6747 W unknown:ViewManagerPropertyUpdater: Could not find generated setter for class com.facebook.react.views.modal.ReactModalHostManager
03-14 22:46:24.082  6627  6627 I ViewInteraction: Checking 'MatchesViewAssertion(Detox){viewMatcher=(view has effective visibility <VISIBLE> and view.getGlobalVisibleRect() covers at least <75> percent of the view's area)}' assertion on view (view.getTag() is "dashboard-view-transactions-button" and view has effective visibility <VISIBLE>)
03-14 22:46:24.094  6627  6747 W unknown:ViewManagerPropertyUpdater: Could not find generated setter for class com.horcrux.svg.RenderableViewManager$ForeignObjectManager
03-14 22:46:24.105  6627  6747 W unknown:ViewManagerPropertyUpdater: Could not find generated setter for class com.horcrux.svg.RenderableViewManager$EllipseViewManager
03-14 22:46:24.116  6627  6627 I ViewInteraction: Checking 'MatchesViewAssertion(Detox){viewMatcher=(view has effective visibility <VISIBLE> and view.getGlobalVisibleRect() covers at least <75> percent of the view's area)}' assertion on view (view.getTag() is "dashboard-view-transactions-button" and view has effective visibility <VISIBLE>)
03-14 22:46:24.118  6627  6747 W unknown:ViewManagerPropertyUpdater: Could not find generated setter for class com.horcrux.svg.RenderableViewManager$LineViewManager
03-14 22:46:24.129  6627  6747 W unknown:ViewManagerPropertyUpdater: Could not find generated setter for class com.facebook.react.views.text.frescosupport.FrescoBasedReactTextInlineImageViewManager
03-14 22:46:24.130  6627  6747 W unknown:ViewManagerPropertyUpdater: Could not find generated setter for class com.facebook.react.views.text.frescosupport.FrescoBasedReactTextInlineImageShadowNode
03-14 22:46:24.139  6627  6747 W unknown:ViewManagerPropertyUpdater: Could not find generated setter for class com.horcrux.svg.RenderableViewManager$FeFloodManager
03-14 22:46:24.145  6627  6627 I ViewInteraction: Checking 'MatchesViewAssertion(Detox){viewMatcher=(view has effective visibility <VISIBLE> and view.getGlobalVisibleRect() covers at least <75> percent of the view's area)}' assertion on view (view.getTag() is "dashboard-view-transactions-button" and view has effective visibility <VISIBLE>)
03-14 22:46:24.147  6627  6747 W unknown:ViewManagerPropertyUpdater: Could not find generated setter for class com.horcrux.svg.RenderableViewManager$GroupViewManager
03-14 22:46:24.157  6627  6747 W unknown:ViewManagerPropertyUpdater: Could not find generated setter for class com.horcrux.svg.RenderableViewManager$TextViewManager
03-14 22:46:24.168  6627  6747 W unknown:ViewManagerPropertyUpdater: Could not find generated setter for class com.horcrux.svg.RenderableViewManager$ImageViewManager
03-14 22:46:24.178  6627  6747 W unknown:ViewManagerPropertyUpdater: Could not find generated setter for class com.horcrux.svg.RenderableViewManager$FeCompositeManager
03-14 22:46:24.189  6627  6627 I ViewInteraction: Checking 'MatchesViewAssertion(Detox){viewMatcher=(view has effective visibility <VISIBLE> and view.getGlobalVisibleRect() covers at least <75> percent of the view's area)}' assertion on view (view.getTag() is "dashboard-view-transactions-button" and view has effective visibility <VISIBLE>)
03-14 22:46:24.189  6627  6747 W unknown:ViewManagerPropertyUpdater: Could not find generated setter for class com.facebook.react.views.image.ReactImageManager
03-14 22:46:24.199  6627  6747 W unknown:ViewManagerPropertyUpdater: Could not find generated setter for class com.horcrux.svg.RenderableViewManager$RadialGradientManager
03-14 22:46:24.212  6627  6747 W unknown:ViewManagerPropertyUpdater: Could not find generated setter for class com.horcrux.svg.RenderableViewManager$MaskManager
03-14 22:46:24.215  6627  6627 I ViewInteraction: Checking 'MatchesViewAssertion(Detox){viewMatcher=(view has effective visibility <VISIBLE> and view.getGlobalVisibleRect() covers at least <75> percent of the view's area)}' assertion on view (view.getTag() is "dashboard-view-transactions-button" and view has effective visibility <VISIBLE>)
03-14 22:46:24.223  6627  6747 W unknown:ViewManagerPropertyUpdater: Could not find generated setter for class com.facebook.react.views.unimplementedview.ReactUnimplementedViewManager
03-14 22:46:24.240  6627  6747 W unknown:ViewManagerPropertyUpdater: Could not find generated setter for class com.horcrux.svg.RenderableViewManager$RectViewManager
03-14 22:46:24.266  6627  6627 I ViewInteraction: Checking 'MatchesViewAssertion(Detox){viewMatcher=(view has effective visibility <VISIBLE> and view.getGlobalVisibleRect() covers at least <75> percent of the view's area)}' assertion on view (view.getTag() is "dashboard-view-transactions-button" and view has effective visibility <VISIBLE>)
03-14 22:46:24.272  6627  6747 W unknown:ViewManagerPropertyUpdater: Could not find generated setter for class com.horcrux.svg.RenderableViewManager$TextPathViewManager
03-14 22:46:24.282  6627  6747 W unknown:ViewManagerPropertyUpdater: Could not find generated setter for class com.facebook.react.views.scroll.ReactScrollViewManager
03-14 22:46:24.291  6627  6747 W unknown:ViewManagerPropertyUpdater: Could not find generated setter for class com.horcrux.svg.RenderableViewManager$FeOffsetManager
03-14 22:46:24.298  6627  6747 W unknown:ViewManagerPropertyUpdater: Could not find generated setter for class com.horcrux.svg.RenderableViewManager$PathViewManager
03-14 22:46:24.307  6627  6747 W unknown:ViewManagerPropertyUpdater: Could not find generated setter for class com.facebook.react.views.drawer.ReactDrawerLayoutManager
03-14 22:46:24.315  6627  6747 W unknown:ViewManagerPropertyUpdater: Could not find generated setter for class com.facebook.react.views.swiperefresh.SwipeRefreshLayoutManager
