--------- beginning of main
03-14 22:48:41.699  7853  7853 I .studentfinance: Late-enabling -Xcheck:jni
03-14 22:48:41.727  7853  7853 I .studentfinance: Using CollectorTypeCMC GC.
03-14 22:48:41.728  7853  7853 W .studentfinance: Unexpected CPU variant for x86: x86_64.
03-14 22:48:41.728  7853  7853 W .studentfinance: Known variants: atom, sandybridge, silvermont, goldmont, goldmont-plus, goldmont-without-sha-xsaves, tremont, kabylake, default
03-14 22:48:41.737  7853  7853 D nativeloader: Load libframework-connectivity-tiramisu-jni.so using APEX ns com_android_tethering for caller /apex/com.android.tethering/javalib/framework-connectivity-t.jar: ok
--------- beginning of system
03-14 22:48:41.768  7853  7853 W ActivityThread: Package uses different ABI(s) than its instrumentation: package[com.mcfuzzysquirrel.studentfinance]: x86_64, null instrumentation[com.mcfuzzysquirrel.studentfinance.test]: null, null
03-14 22:48:41.772  7853  7853 W .studentfinance: ClassLoaderContext shared library size mismatch. Expected=2, found=0 (PCL[]{PCL[/system/framework/android.test.base.jar*724373495]#PCL[/system/framework/android.test.mock.jar*1452759902]} | PCL[])
03-14 22:48:41.774  7853  7853 W .studentfinance: ClassLoaderContext classpath size mismatch. expected=0, found=1 (PCL[] | PCL[/system/framework/android.test.runner.jar*2496447986])
03-14 22:48:41.776  7853  7853 W .studentfinance: ClassLoaderContext classpath size mismatch. expected=0, found=2 (PCL[] | PCL[/system/framework/android.test.runner.jar*2496447986:/system/framework/android.test.mock.jar*1452759902])
03-14 22:48:41.777  7853  7853 W ziparchive: Unable to open '/data/app/~~5KDBf6V0p2G7sfk1DM_CrA==/com.mcfuzzysquirrel.studentfinance.test-oYqvuGdF-xVQ0PCCm4etvw==/base.dm': No such file or directory
03-14 22:48:41.777  7853  7853 W ziparchive: Unable to open '/data/app/~~5KDBf6V0p2G7sfk1DM_CrA==/com.mcfuzzysquirrel.studentfinance.test-oYqvuGdF-xVQ0PCCm4etvw==/base.dm': No such file or directory
03-14 22:48:41.842  7853  7853 W ziparchive: Unable to open '/data/app/~~j-MQcP8fUlfgQr47MmNyhQ==/com.mcfuzzysquirrel.studentfinance-PON3sxRnAMnwQYFDWuAtJA==/base.dm': No such file or directory
03-14 22:48:41.842  7853  7853 W ziparchive: Unable to open '/data/app/~~j-MQcP8fUlfgQr47MmNyhQ==/com.mcfuzzysquirrel.studentfinance-PON3sxRnAMnwQYFDWuAtJA==/base.dm': No such file or directory
03-14 22:48:42.085  7853  7853 D nativeloader: Configuring clns-7 for other apk /system/framework/android.test.runner.jar:/system/framework/android.test.mock.jar:/system/framework/android.test.base.jar:/data/app/~~5KDBf6V0p2G7sfk1DM_CrA==/com.mcfuzzysquirrel.studentfinance.test-oYqvuGdF-xVQ0PCCm4etvw==/base.apk:/data/app/~~j-MQcP8fUlfgQr47MmNyhQ==/com.mcfuzzysquirrel.studentfinance-PON3sxRnAMnwQYFDWuAtJA==/base.apk. target_sdk_version=36, uses_libraries=, library_path=/data/app/~~5KDBf6V0p2G7sfk1DM_CrA==/com.mcfuzzysquirrel.studentfinance.test-oYqvuGdF-xVQ0PCCm4etvw==/lib/x86_64:/data/app/~~j-MQcP8fUlfgQr47MmNyhQ==/com.mcfuzzysquirrel.studentfinance-PON3sxRnAMnwQYFDWuAtJA==/lib/x86_64:/data/app/~~5KDBf6V0p2G7sfk1DM_CrA==/com.mcfuzzysquirrel.studentfinance.test-oYqvuGdF-xVQ0PCCm4etvw==/base.apk!/lib/x86_64:/data/app/~~j-MQcP8fUlfgQr47MmNyhQ==/com.mcfuzzysquirrel.studentfinance-PON3sxRnAMnwQYFDWuAtJA==/base.apk!/lib/x86_64, permitted_path=/data:/mnt/expand:/data/user/0/com.mcfuzzysquirrel.studentfinance
03-14 22:48:42.099  7853  7853 V GraphicsEnvironment: Currently set values for:
03-14 22:48:42.099  7853  7853 V GraphicsEnvironment:   angle_gl_driver_selection_pkgs=[]
03-14 22:48:42.099  7853  7853 V GraphicsEnvironment:   angle_gl_driver_selection_values=[]
03-14 22:48:42.099  7853  7853 V GraphicsEnvironment: Global.Settings values are invalid: number of packages: 0, number of values: 0
03-14 22:48:42.099  7853  7853 V GraphicsEnvironment: Neither updatable production driver nor prerelease driver is supported.
03-14 22:48:42.104  7853  7853 D ApplicationLoaders: Returning zygote-cached class loader: /system/framework/android.test.base.jar
03-14 22:48:42.106  7853  7853 D nativeloader: Configuring clns-8 for other apk /system/framework/android.test.mock.jar. target_sdk_version=36, uses_libraries=ALL, library_path=/data/app/~~5KDBf6V0p2G7sfk1DM_CrA==/com.mcfuzzysquirrel.studentfinance.test-oYqvuGdF-xVQ0PCCm4etvw==/lib/x86_64:/data/app/~~j-MQcP8fUlfgQr47MmNyhQ==/com.mcfuzzysquirrel.studentfinance-PON3sxRnAMnwQYFDWuAtJA==/lib/x86_64, permitted_path=/data:/mnt/expand
03-14 22:48:42.106  7853  7853 D ApplicationLoaders: Returning zygote-cached class loader: /system/framework/android.test.base.jar
03-14 22:48:42.109  7853  7853 D nativeloader: Configuring clns-9 for other apk /system/framework/android.test.runner.jar. target_sdk_version=36, uses_libraries=ALL, library_path=/data/app/~~5KDBf6V0p2G7sfk1DM_CrA==/com.mcfuzzysquirrel.studentfinance.test-oYqvuGdF-xVQ0PCCm4etvw==/lib/x86_64:/data/app/~~j-MQcP8fUlfgQr47MmNyhQ==/com.mcfuzzysquirrel.studentfinance-PON3sxRnAMnwQYFDWuAtJA==/lib/x86_64, permitted_path=/data:/mnt/expand
03-14 22:48:42.111  7853  7853 W .studentfinance: ClassLoaderContext shared library size mismatch. Expected=2, found=3 (PCL[]{PCL[/system/framework/android.test.base.jar*724373495]#PCL[/system/framework/android.test.mock.jar*1452759902]} | PCL[]{PCL[/system/framework/android.test.base.jar*724373495]#PCL[/system/framework/android.test.mock.jar*1452759902]#PCL[/system/framework/android.test.runner.jar*2496447986]{PCL[/system/framework/android.test.base.jar*724373495]#PCL[/system/framework/android.test.mock.jar*1452759902]}};PCL[/system/framework/android.test.runner.jar*2496447986:/system/framework/android.test.mock.jar*1452759902:/system/framework/android.test.base.jar*724373495:/data/app/~~5KDBf6V0p2G7sfk1DM_CrA==/com.mcfuzzysquirrel.studentfinance.test-oYqvuGdF-xVQ0PCCm4etvw==/base.apk*3224200876:/data/app/~~j-MQcP8fUlfgQr47MmNyhQ==/com.mcfuzzysquirrel.studentfinance-PON3sxRnAMnwQYFDWuAtJA==/base.apk*2060289533])
03-14 22:48:42.113  7853  7853 W .studentfinance: ClassLoaderContext classpath size mismatch. expected=0, found=1 (PCL[] | PCL[/system/framework/android.test.runner.jar*2496447986]{PCL[/system/framework/android.test.base.jar*724373495]#PCL[/system/framework/android.test.mock.jar*1452759902]#PCL[/system/framework/android.test.runner.jar*2496447986]{PCL[/system/framework/android.test.base.jar*724373495]#PCL[/system/framework/android.test.mock.jar*1452759902]}};PCL[/system/framework/android.test.runner.jar*2496447986:/system/framework/android.test.mock.jar*1452759902:/system/framework/android.test.base.jar*724373495:/data/app/~~5KDBf6V0p2G7sfk1DM_CrA==/com.mcfuzzysquirrel.studentfinance.test-oYqvuGdF-xVQ0PCCm4etvw==/base.apk*3224200876:/data/app/~~j-MQcP8fUlfgQr47MmNyhQ==/com.mcfuzzysquirrel.studentfinance-PON3sxRnAMnwQYFDWuAtJA==/base.apk*2060289533])
03-14 22:48:42.115  7853  7853 W .studentfinance: ClassLoaderContext classpath size mismatch. expected=0, found=2 (PCL[] | PCL[/system/framework/android.test.runner.jar*2496447986:/system/framework/android.test.mock.jar*1452759902]{PCL[/system/framework/android.test.base.jar*724373495]#PCL[/system/framework/android.test.mock.jar*1452759902]#PCL[/system/framework/android.test.runner.jar*2496447986]{PCL[/system/framework/android.test.base.jar*724373495]#PCL[/system/framework/android.test.mock.jar*1452759902]}};PCL[/system/framework/android.test.runner.jar*2496447986:/system/framework/android.test.mock.jar*1452759902:/system/framework/android.test.base.jar*724373495:/data/app/~~5KDBf6V0p2G7sfk1DM_CrA==/com.mcfuzzysquirrel.studentfinance.test-oYqvuGdF-xVQ0PCCm4etvw==/base.apk*3224200876:/data/app/~~j-MQcP8fUlfgQr47MmNyhQ==/com.mcfuzzysquirrel.studentfinance-PON3sxRnAMnwQYFDWuAtJA==/base.apk*2060289533])
03-14 22:48:42.116  7853  7853 W ziparchive: Unable to open '/data/app/~~5KDBf6V0p2G7sfk1DM_CrA==/com.mcfuzzysquirrel.studentfinance.test-oYqvuGdF-xVQ0PCCm4etvw==/base.dm': No such file or directory
03-14 22:48:42.116  7853  7853 W ziparchive: Unable to open '/data/app/~~5KDBf6V0p2G7sfk1DM_CrA==/com.mcfuzzysquirrel.studentfinance.test-oYqvuGdF-xVQ0PCCm4etvw==/base.dm': No such file or directory
03-14 22:48:42.188  7853  7853 W ziparchive: Unable to open '/data/app/~~j-MQcP8fUlfgQr47MmNyhQ==/com.mcfuzzysquirrel.studentfinance-PON3sxRnAMnwQYFDWuAtJA==/base.dm': No such file or directory
03-14 22:48:42.188  7853  7853 W ziparchive: Unable to open '/data/app/~~j-MQcP8fUlfgQr47MmNyhQ==/com.mcfuzzysquirrel.studentfinance-PON3sxRnAMnwQYFDWuAtJA==/base.dm': No such file or directory
03-14 22:48:42.417  7853  7853 I AndroidJUnitRunner: newApplication com.mcfuzzysquirrel.studentfinance.MainApplication
03-14 22:48:42.434  7853  7853 I AndroidJUnitRunner: onCreate Bundle[mParcelledData.dataSize=312]
03-14 22:48:42.435  7853  7853 D AndroidJUnitRunner: Use the raw file system for managing file I/O.
03-14 22:48:42.514  7853  7853 V TestEventClient: No service name argument was given (testDiscoveryService, testRunEventService or orchestratorService)
03-14 22:48:42.518  7853  7871 D AndroidJUnitRunner: onStart is called.
03-14 22:48:42.526  7853  7853 W SoLoader: Initializing SoLoader: 0
03-14 22:48:42.529  7853  7853 W SoLoader: Recording new base apk path: /data/app/~~j-MQcP8fUlfgQr47MmNyhQ==/com.mcfuzzysquirrel.studentfinance-PON3sxRnAMnwQYFDWuAtJA==/base.apk
03-14 22:48:42.529  7853  7853 W SoLoader: Previously recorded 0 base apk paths.
03-14 22:48:42.532  7853  7853 I SoLoader: Preparing SO source: DirectorySoSource[root = /vendor/lib64 flags = 2]
03-14 22:48:42.533  7853  7853 I SoLoader: Preparing SO source: DirectorySoSource[root = /system/lib64 flags = 2]
03-14 22:48:42.533  7853  7853 I SoLoader: Preparing SO source: DirectApkSoSource[root = [/data/app/~~j-MQcP8fUlfgQr47MmNyhQ==/com.mcfuzzysquirrel.studentfinance-PON3sxRnAMnwQYFDWuAtJA==/base.apk!/lib/x86_64]]
03-14 22:48:42.572  7853  7853 I SoLoader: Preparing SO source: ApplicationSoSource[DirectorySoSource[root = /data/app/~~j-MQcP8fUlfgQr47MmNyhQ==/com.mcfuzzysquirrel.studentfinance-PON3sxRnAMnwQYFDWuAtJA==/lib/x86_64 flags = 0]]
03-14 22:48:42.572  7853  7853 I SoLoader: init finish: 4 SO sources prepared
03-14 22:48:42.572  7853  7853 W SoLoader: SoLoader initialized: 8
03-14 22:48:42.617  7853  7853 D nativeloader: Load /data/app/~~j-MQcP8fUlfgQr47MmNyhQ==/com.mcfuzzysquirrel.studentfinance-PON3sxRnAMnwQYFDWuAtJA==/base.apk!/lib/x86_64/libc++_shared.so using ns clns-7 from class loader (caller=/data/app/~~j-MQcP8fUlfgQr47MmNyhQ==/com.mcfuzzysquirrel.studentfinance-PON3sxRnAMnwQYFDWuAtJA==/base.apk): ok
03-14 22:48:42.668  7853  7853 D nativeloader: Load /data/app/~~j-MQcP8fUlfgQr47MmNyhQ==/com.mcfuzzysquirrel.studentfinance-PON3sxRnAMnwQYFDWuAtJA==/base.apk!/lib/x86_64/libjsi.so using ns clns-7 from class loader (caller=/data/app/~~j-MQcP8fUlfgQr47MmNyhQ==/com.mcfuzzysquirrel.studentfinance-PON3sxRnAMnwQYFDWuAtJA==/base.apk): ok
03-14 22:48:42.679  7853  7853 D nativeloader: Load /data/app/~~j-MQcP8fUlfgQr47MmNyhQ==/com.mcfuzzysquirrel.studentfinance-PON3sxRnAMnwQYFDWuAtJA==/base.apk!/lib/x86_64/libfbjni.so using ns clns-7 from class loader (caller=/data/app/~~j-MQcP8fUlfgQr47MmNyhQ==/com.mcfuzzysquirrel.studentfinance-PON3sxRnAMnwQYFDWuAtJA==/base.apk): ok
03-14 22:48:42.687  7853  7853 D nativeloader: Load /data/app/~~j-MQcP8fUlfgQr47MmNyhQ==/com.mcfuzzysquirrel.studentfinance-PON3sxRnAMnwQYFDWuAtJA==/base.apk!/lib/x86_64/libreactnative.so using ns clns-7 from class loader (caller=/data/app/~~j-MQcP8fUlfgQr47MmNyhQ==/com.mcfuzzysquirrel.studentfinance-PON3sxRnAMnwQYFDWuAtJA==/base.apk): ok
03-14 22:48:42.687  7853  7853 D jni_lib_merge: Entering merged library JNI_OnLoad.
03-14 22:48:42.687  7853  7853 D jni_lib_merge: Preparing 12 pre-merged libs (including stub)
03-14 22:48:42.687  7853  7853 D jni_lib_merge: Preparing to register libfabricjni_so.  onload_func: 0x727ce3aae730
03-14 22:48:42.687  7853  7853 D jni_lib_merge: Preparing to register libreact_devsupportjni_so.  onload_func: 0x727ce3cab190
03-14 22:48:42.687  7853  7853 D jni_lib_merge: Preparing to register libreact_featureflagsjni_so.  onload_func: 0x727ce3cbc910
03-14 22:48:42.687  7853  7853 D jni_lib_merge: Preparing to register libreact_newarchdefaults_so.  onload_func: 0x727ce3d5dd20
03-14 22:48:42.687  7853  7853 D jni_lib_merge: Preparing to register libreactnativeblob_so.  onload_func: 0x727ce3f682e0
03-14 22:48:42.687  7853  7853 D jni_lib_merge: Preparing to register libreactnativejni_so.  onload_func: 0x727ce3fa8770
03-14 22:48:42.687  7853  7853 D jni_lib_merge: Preparing to register libreactnativejni_common_so.  onload_func: 0x727ce3fb85d0
03-14 22:48:42.687  7853  7853 D jni_lib_merge: Preparing to register librninstance_so.  onload_func: 0x727ce3ff54c0
03-14 22:48:42.687  7853  7853 D jni_lib_merge: Preparing to register libturbomodulejsijni_so.  onload_func: 0x727ce4156c00
03-14 22:48:42.687  7853  7853 D jni_lib_merge: Preparing to register libuimanagerjni_so.  onload_func: 0x727ce416ede0
03-14 22:48:42.687  7853  7853 D jni_lib_merge: Preparing to register libyoga_so.  onload_func: 0x727ce417dd70
03-14 22:48:42.687  7853  7853 D jni_lib_merge: About to register 11 actual methods.
03-14 22:48:42.709  7853  7853 D nativeloader: Load /data/app/~~j-MQcP8fUlfgQr47MmNyhQ==/com.mcfuzzysquirrel.studentfinance-PON3sxRnAMnwQYFDWuAtJA==/base.apk!/lib/x86_64/libreact_codegen_rnscreens.so using ns clns-7 from class loader (caller=/data/app/~~j-MQcP8fUlfgQr47MmNyhQ==/com.mcfuzzysquirrel.studentfinance-PON3sxRnAMnwQYFDWuAtJA==/base.apk): ok
03-14 22:48:42.709  7853  7853 D jni_lib_merge: Entering merged library JNI_OnLoad.
03-14 22:48:42.709  7853  7853 D jni_lib_merge: Preparing 12 pre-merged libs (including stub)
03-14 22:48:42.709  7853  7853 D jni_lib_merge: Preparing to register libfabricjni_so.  onload_func: 0x727ce3aae730
03-14 22:48:42.709  7853  7853 D jni_lib_merge: Preparing to register libreact_devsupportjni_so.  onload_func: 0x727ce3cab190
03-14 22:48:42.709  7853  7853 D jni_lib_merge: Preparing to register libreact_featureflagsjni_so.  onload_func: 0x727ce3cbc910
03-14 22:48:42.709  7853  7853 D jni_lib_merge: Preparing to register libreact_newarchdefaults_so.  onload_func: 0x727ce3d5dd20
03-14 22:48:42.709  7853  7853 D jni_lib_merge: Preparing to register libreactnativeblob_so.  onload_func: 0x727ce3f682e0
03-14 22:48:42.709  7853  7853 D jni_lib_merge: Preparing to register libreactnativejni_so.  onload_func: 0x727ce3fa8770
03-14 22:48:42.709  7853  7853 D jni_lib_merge: Preparing to register libreactnativejni_common_so.  onload_func: 0x727ce3fb85d0
03-14 22:48:42.709  7853  7853 D jni_lib_merge: Preparing to register librninstance_so.  onload_func: 0x727ce3ff54c0
03-14 22:48:42.709  7853  7853 D jni_lib_merge: Preparing to register libturbomodulejsijni_so.  onload_func: 0x727ce4156c00
03-14 22:48:42.709  7853  7853 D jni_lib_merge: Preparing to register libuimanagerjni_so.  onload_func: 0x727ce416ede0
03-14 22:48:42.709  7853  7853 D jni_lib_merge: Preparing to register libyoga_so.  onload_func: 0x727ce417dd70
03-14 22:48:42.709  7853  7853 D jni_lib_merge: About to register 11 actual methods.
03-14 22:48:42.718  7853  7853 D nativeloader: Load /data/app/~~j-MQcP8fUlfgQr47MmNyhQ==/com.mcfuzzysquirrel.studentfinance-PON3sxRnAMnwQYFDWuAtJA==/base.apk!/lib/x86_64/libreact_codegen_rnsvg.so using ns clns-7 from class loader (caller=/data/app/~~j-MQcP8fUlfgQr47MmNyhQ==/com.mcfuzzysquirrel.studentfinance-PON3sxRnAMnwQYFDWuAtJA==/base.apk): ok
03-14 22:48:42.718  7853  7853 D jni_lib_merge: Entering merged library JNI_OnLoad.
03-14 22:48:42.718  7853  7853 D jni_lib_merge: Preparing 12 pre-merged libs (including stub)
03-14 22:48:42.718  7853  7853 D jni_lib_merge: Preparing to register libfabricjni_so.  onload_func: 0x727ce3aae730
03-14 22:48:42.718  7853  7853 D jni_lib_merge: Preparing to register libreact_devsupportjni_so.  onload_func: 0x727ce3cab190
03-14 22:48:42.718  7853  7853 D jni_lib_merge: Preparing to register libreact_featureflagsjni_so.  onload_func: 0x727ce3cbc910
03-14 22:48:42.718  7853  7853 D jni_lib_merge: Preparing to register libreact_newarchdefaults_so.  onload_func: 0x727ce3d5dd20
03-14 22:48:42.718  7853  7853 D jni_lib_merge: Preparing to register libreactnativeblob_so.  onload_func: 0x727ce3f682e0
03-14 22:48:42.718  7853  7853 D jni_lib_merge: Preparing to register libreactnativejni_so.  onload_func: 0x727ce3fa8770
03-14 22:48:42.718  7853  7853 D jni_lib_merge: Preparing to register libreactnativejni_common_so.  onload_func: 0x727ce3fb85d0
03-14 22:48:42.718  7853  7853 D jni_lib_merge: Preparing to register librninstance_so.  onload_func: 0x727ce3ff54c0
03-14 22:48:42.718  7853  7853 D jni_lib_merge: Preparing to register libturbomodulejsijni_so.  onload_func: 0x727ce4156c00
03-14 22:48:42.718  7853  7853 D jni_lib_merge: Preparing to register libuimanagerjni_so.  onload_func: 0x727ce416ede0
03-14 22:48:42.718  7853  7853 D jni_lib_merge: Preparing to register libyoga_so.  onload_func: 0x727ce417dd70
03-14 22:48:42.718  7853  7853 D jni_lib_merge: About to register 11 actual methods.
03-14 22:48:42.725  7853  7853 D nativeloader: Load /data/app/~~j-MQcP8fUlfgQr47MmNyhQ==/com.mcfuzzysquirrel.studentfinance-PON3sxRnAMnwQYFDWuAtJA==/base.apk!/lib/x86_64/libreact_codegen_safeareacontext.so using ns clns-7 from class loader (caller=/data/app/~~j-MQcP8fUlfgQr47MmNyhQ==/com.mcfuzzysquirrel.studentfinance-PON3sxRnAMnwQYFDWuAtJA==/base.apk): ok
03-14 22:48:42.728  7853  7853 D nativeloader: Load /data/app/~~j-MQcP8fUlfgQr47MmNyhQ==/com.mcfuzzysquirrel.studentfinance-PON3sxRnAMnwQYFDWuAtJA==/base.apk!/lib/x86_64/libappmodules.so using ns clns-7 from class loader (caller=/data/app/~~j-MQcP8fUlfgQr47MmNyhQ==/com.mcfuzzysquirrel.studentfinance-PON3sxRnAMnwQYFDWuAtJA==/base.apk): ok
03-14 22:48:42.783  7853  7871 I InstrConnection: Could not send broadcast or register receiver (isolatedProcess?)
03-14 22:48:42.786  7853  7871 D TestRequestBuilder: Using class path scanning to discover tests
03-14 22:48:42.787  7853  7871 I TestRequestBuilder: Scanning classpath to find tests in paths [/data/app/~~5KDBf6V0p2G7sfk1DM_CrA==/com.mcfuzzysquirrel.studentfinance.test-oYqvuGdF-xVQ0PCCm4etvw==/base.apk]
03-14 22:48:42.787  7853  7871 W .studentfinance: Opening an oat file without a class loader. Are you using the deprecated DexFile APIs?
03-14 22:48:43.217  7853  7871 I TestRunner: run started: 1 tests
03-14 22:48:43.218  7853  7871 I TestRunner: started: runDetoxTests(com.mcfuzzysquirrel.studentfinance.DetoxTest)
03-14 22:48:43.223  7853  7871 I Detox   : Detox server connection details: url=ws://localhost:33803, sessionId=153453a9-810b-d074-3e8e-d21d8148dd3c
03-14 22:48:43.230  7853  7871 I Tracing : Tracer added: class androidx.test.platform.tracing.AndroidXTracer
03-14 22:48:43.240  7853  7871 W .studentfinance: Accessing hidden field Ljava/lang/reflect/Field;->accessFlags:I (unsupported, reflection, allowed)
03-14 22:48:43.242  7853  7871 I Detox   : Connecting to server...
03-14 22:48:43.242  7853  7871 I DetoxWSClient: At connectToServer
03-14 22:48:43.296  7853  7884 D TrafficStats: tagSocket(102) with statsTag=0xffffffff, statsUid=-1
03-14 22:48:43.309  7853  7884 D DetoxWSClient: At onOpen
03-14 22:48:43.309  7853  7884 I DetoxWSClient: Sending out action 'login' (ID #0)
03-14 22:48:43.309  7853  7884 I Detox   : Connected to server!
03-14 22:48:43.313  7853  7884 D DetoxWSClient: Received action 'loginSuccess' (ID #0, params={"testerConnected":true,"appConnected":true})
03-14 22:48:43.313  7853  7880 I DetoxDispatcher: Handling action 'loginSuccess' (ID #0)...
03-14 22:48:43.313  7853  7880 I DetoxDispatcher: Done with action 'loginSuccess'
03-14 22:48:43.313  7853  7871 I Detox   : Launching the tested activity!
03-14 22:48:43.357  7853  7884 D DetoxWSClient: Received action 'isReady' (ID #-1000, params={})
03-14 22:48:43.358  7853  7880 I DetoxDispatcher: Handling action 'isReady' (ID #-1000)...
03-14 22:48:43.522  7853  7853 D AppCompatDelegate: Checking for metadata for AppLocalesMetadataHolderService : Service not found
03-14 22:48:43.556  7853  7853 D LifecycleMonitor: Lifecycle status change: com.mcfuzzysquirrel.studentfinance.MainActivity@340991c in: PRE_ON_CREATE
03-14 22:48:43.764  7853  7900 D TrafficStats: tagSocket(109) with statsTag=0xffffffff, statsUid=-1
03-14 22:48:43.770  7853  7900 W unknown:ReconnectingWebSocket: Couldn't connect to "ws://10.0.2.2:8081/message?device=sdk_gphone64_x86_64%20-%2015%20-%20API%2035&app=com.mcfuzzysquirrel.studentfinance&clientid=BridgelessDevSupportManager", will silently retry
03-14 22:48:43.854  7853  7853 W unknown:BridgelessReact: ReactHost{0}.startSurface(surfaceId = 0): Schedule
03-14 22:48:43.854  7853  7853 W unknown:BridgelessReact: ReactHost{0}.attachSurface(surfaceId = 0)
03-14 22:48:43.855  7853  7901 W unknown:BridgelessReact: ReactHost{0}.getOrCreateReactInstanceTask()
03-14 22:48:43.855  7853  7901 W unknown:BridgelessReact: ReactHost{0}.getOrCreateReactInstanceTask(): Start
03-14 22:48:43.856  7853  7901 D Detox.RNMarker: REACT_BRIDGELESS_LOADING_START (null)
03-14 22:48:43.856  7853  7901 W unknown:BridgelessReact: ReactHost{0}.getJSBundleLoader()
03-14 22:48:43.856  7853  7901 W unknown:BridgelessReact: ReactHost{0}.isMetroRunning()
03-14 22:48:43.859  7853  7902 D TrafficStats: tagSocket(109) with statsTag=0xffffffff, statsUid=-1
03-14 22:48:43.861  7853  7902 W unknown:ReactNative: The packager does not seem to be running as we got an IOException requesting its status: Failed to connect to /10.0.2.2:8081
03-14 22:48:43.861  7853  7902 W unknown:BridgelessReact: ReactHost{0}.isMetroRunning(): Async result = false
03-14 22:48:43.862  7853  7901 W unknown:BridgelessReact: ReactHost{0}.getOrCreateReactInstanceTask(): Creating BridgelessReactContext
03-14 22:48:43.863  7853  7901 W unknown:BridgelessReact: ReactHost{0}.getOrCreateReactInstanceTask(): Creating ReactInstance
03-14 22:48:43.880  7853  7905 D TrafficStats: tagSocket(116) with statsTag=0xffffffff, statsUid=-1
03-14 22:48:43.882  7853  7853 W .studentfinance: Accessing hidden method Landroid/view/ViewGroup;->makeOptionalFitsSystemWindows()V (unsupported, reflection, allowed)
03-14 22:48:43.887  7853  7853 D LifecycleMonitor: Lifecycle status change: com.mcfuzzysquirrel.studentfinance.MainActivity@340991c in: CREATED
03-14 22:48:43.889  7853  7853 D LifecycleMonitor: Lifecycle status change: com.mcfuzzysquirrel.studentfinance.MainActivity@340991c in: STARTED
03-14 22:48:43.891  7853  7901 D nativeloader: Load /data/app/~~j-MQcP8fUlfgQr47MmNyhQ==/com.mcfuzzysquirrel.studentfinance-PON3sxRnAMnwQYFDWuAtJA==/base.apk!/lib/x86_64/libhermesvm.so using ns clns-7 from class loader (caller=/data/app/~~j-MQcP8fUlfgQr47MmNyhQ==/com.mcfuzzysquirrel.studentfinance-PON3sxRnAMnwQYFDWuAtJA==/base.apk): ok
03-14 22:48:43.891  7853  7853 W unknown:BridgelessReact: ReactHost{0}.onHostResume(activity)
03-14 22:48:43.891  7853  7853 W unknown:ReactNative: Packager connection already open, nooping.
03-14 22:48:43.891  7853  7853 W unknown:BridgelessReact: ReactHost{0}.ReactContext.onHostResume()
03-14 22:48:43.891  7853  7853 D LifecycleMonitor: Lifecycle status change: com.mcfuzzysquirrel.studentfinance.MainActivity@340991c in: RESUMED
03-14 22:48:43.893  7853  7901 D nativeloader: Load /data/app/~~j-MQcP8fUlfgQr47MmNyhQ==/com.mcfuzzysquirrel.studentfinance-PON3sxRnAMnwQYFDWuAtJA==/base.apk!/lib/x86_64/libhermestooling.so using ns clns-7 from class loader (caller=/data/app/~~j-MQcP8fUlfgQr47MmNyhQ==/com.mcfuzzysquirrel.studentfinance-PON3sxRnAMnwQYFDWuAtJA==/base.apk): ok
03-14 22:48:43.893  7853  7901 D jni_lib_merge: Entering merged library JNI_OnLoad.
03-14 22:48:43.893  7853  7901 D jni_lib_merge: Preparing 4 pre-merged libs (including stub)
03-14 22:48:43.893  7853  7901 D jni_lib_merge: Preparing to register libhermes_executor_so.  onload_func: 0x727cdeeb7050
03-14 22:48:43.893  7853  7901 D jni_lib_merge: Preparing to register libhermesinstancejni_so.  onload_func: 0x727cdeeed680
03-14 22:48:43.893  7853  7901 D jni_lib_merge: Preparing to register libjsijniprofiler_so.  onload_func: 0x727cdeeef3f0
03-14 22:48:43.893  7853  7901 D jni_lib_merge: About to register 3 actual methods.
03-14 22:48:43.898  7853  7853 W HWUI    : Unknown dataspace 0
03-14 22:48:43.923  7853  7891 I EGL_emulation: Opening libGLESv1_CM_emulation.so
03-14 22:48:43.926  7853  7891 I EGL_emulation: Opening libGLESv2_emulation.so
03-14 22:48:43.960  7853  7891 W HWUI    : Failed to initialize 101010-2 format, error = EGL_SUCCESS
03-14 22:48:44.022  7853  7891 I Gralloc4: mapper 4.x is not supported
03-14 22:48:44.183  7853  7901 I ExpoModulesCore: ✅ AppContext was initialized
03-14 22:48:44.294  7853  7857 I .studentfinance: Compiler allocated 5174KB to compile void android.view.ViewRootImpl.performTraversals()
03-14 22:48:44.305  7853  7901 W unknown:BridgelessReact: ReactHost{0}.getOrCreateReactInstanceTask(): Loading JS Bundle
03-14 22:48:44.307  7853  7853 D DetoxRNLoading: Got new RN-context directly and immediately
03-14 22:48:44.307  7853  7880 W .studentfinance: Long monitor contention with owner Instr: androidx.test.runner.AndroidJUnitRunner (7871) at void com.wix.detox.DetoxMain.launchActivityOnCue(android.content.Context, com.wix.detox.ActivityLaunchHelper)(DetoxMain.kt:53) waiters=0 in void com.wix.detox.DetoxMain$setupActionHandlers$SynchronizedActionHandler.handle(java.lang.String, long) for 949ms
03-14 22:48:44.308  7853  7901 W unknown:BridgelessReact: ReactHost{0}.getOrCreateReactInstanceTask(): DevSupportManager.onNewReactContextCreated()
03-14 22:48:44.309  7853  7853 W .studentfinance: Accessing hidden method Landroid/os/MessageQueue;->next()Landroid/os/Message; (unsupported, reflection, allowed)
03-14 22:48:44.309  7853  7853 W .studentfinance: Accessing hidden field Landroid/os/MessageQueue;->mMessages:Landroid/os/Message; (unsupported, reflection, allowed)
03-14 22:48:44.309  7853  7853 W .studentfinance: Accessing hidden method Landroid/os/Message;->recycleUnchecked()V (unsupported, reflection, allowed)
03-14 22:48:44.310  7853  7853 I Detox   : Wait is over: App is now idle!
03-14 22:48:44.311  7853  7903 D Detox.RNMarker: RUN_JS_BUNDLE_START (index.android.bundle)
03-14 22:48:44.311  7853  7880 I DetoxWSClient: Sending out action 'ready' (ID #-1000)
03-14 22:48:44.312  7853  7880 I DetoxDispatcher: Done with action 'isReady'
03-14 22:48:44.341  7853  7853 W unknown:ReactNative: Packager connection already open, nooping.
03-14 22:48:44.347  7853  7853 W unknown:BridgelessReact: ReactHost{0}.ReactContext.onHostResume()
03-14 22:48:44.347  7853  7853 W unknown:BridgelessReact: ReactHost{0}.getOrCreateReactInstanceTask(): Executing ReactInstanceEventListeners
03-14 22:48:44.348  7853  7901 W unknown:BridgelessReact: ReactHost{0}.startSurface(surfaceId = 0): Execute
03-14 22:48:44.361  7853  7903 D nativeloader: Load /data/app/~~j-MQcP8fUlfgQr47MmNyhQ==/com.mcfuzzysquirrel.studentfinance-PON3sxRnAMnwQYFDWuAtJA==/base.apk!/lib/x86_64/libexpo-modules-core.so using ns clns-7 from class loader (caller=/data/app/~~j-MQcP8fUlfgQr47MmNyhQ==/com.mcfuzzysquirrel.studentfinance-PON3sxRnAMnwQYFDWuAtJA==/base.apk): ok
03-14 22:48:44.557  7853  7903 W unknown:ViewManagerPropertyUpdater: Could not find generated setter for class com.th3rdwave.safeareacontext.SafeAreaProviderManager
03-14 22:48:44.572  7853  7903 W unknown:ViewManagerPropertyUpdater: Could not find generated setter for class com.facebook.react.uimanager.LayoutShadowNode
03-14 22:48:44.582  7853  7903 W unknown:ViewManagerPropertyUpdater: Could not find generated setter for class com.swmansion.rnscreens.SearchBarManager
03-14 22:48:44.593  7853  7903 W unknown:ViewManagerPropertyUpdater: Could not find generated setter for class com.swmansion.rnscreens.ScreenFooterManager
03-14 22:48:44.598  7853  7903 W unknown:ViewManagerPropertyUpdater: Could not find generated setter for class com.swmansion.rnscreens.gamma.tabs.TabScreenViewManager
03-14 22:48:44.604  7853  7903 W unknown:ViewManagerPropertyUpdater: Could not find generated setter for class expo.modules.kotlin.views.GroupViewManagerWrapper
03-14 22:48:44.613  7853  7903 W unknown:ViewManagerPropertyUpdater: Could not find generated setter for class com.swmansion.rnscreens.ScreenContainerViewManager
03-14 22:48:44.617  7853  7903 W unknown:ViewManagerPropertyUpdater: Could not find generated setter for class com.swmansion.rnscreens.gamma.tabs.TabsHostViewManager
03-14 22:48:44.624  7853  7903 W unknown:ViewManagerPropertyUpdater: Could not find generated setter for class com.swmansion.rnscreens.ModalScreenViewManager
03-14 22:48:44.627  7853  7903 W unknown:ViewManagerPro