--------- beginning of main
03-14 22:59:36.297 13210 13210 W ziparchive: Unable to open '/data/app/~~YsZ1q7ZJ7Iubjw5Ubx_m7A==/com.mcfuzzysquirrel.studentfinance-syuDUGtJ_YuI1ZMwWaAgPA==/base.dm': No such file or directory
03-14 22:59:36.297 13210 13210 W ziparchive: Unable to open '/data/app/~~YsZ1q7ZJ7Iubjw5Ubx_m7A==/com.mcfuzzysquirrel.studentfinance-syuDUGtJ_YuI1ZMwWaAgPA==/base.dm': No such file or directory
03-14 22:59:36.916 13210 13210 D nativeloader: Configuring clns-7 for other apk /system/framework/android.test.runner.jar:/system/framework/android.test.mock.jar:/system/framework/android.test.base.jar:/data/app/~~I7GwO298usEUNamwuljAbA==/com.mcfuzzysquirrel.studentfinance.test-GO1f0rqwZRk52sJBE2qCnw==/base.apk:/data/app/~~YsZ1q7ZJ7Iubjw5Ubx_m7A==/com.mcfuzzysquirrel.studentfinance-syuDUGtJ_YuI1ZMwWaAgPA==/base.apk. target_sdk_version=36, uses_libraries=, library_path=/data/app/~~I7GwO298usEUNamwuljAbA==/com.mcfuzzysquirrel.studentfinance.test-GO1f0rqwZRk52sJBE2qCnw==/lib/x86_64:/data/app/~~YsZ1q7ZJ7Iubjw5Ubx_m7A==/com.mcfuzzysquirrel.studentfinance-syuDUGtJ_YuI1ZMwWaAgPA==/lib/x86_64:/data/app/~~I7GwO298usEUNamwuljAbA==/com.mcfuzzysquirrel.studentfinance.test-GO1f0rqwZRk52sJBE2qCnw==/base.apk!/lib/x86_64:/data/app/~~YsZ1q7ZJ7Iubjw5Ubx_m7A==/com.mcfuzzysquirrel.studentfinance-syuDUGtJ_YuI1ZMwWaAgPA==/base.apk!/lib/x86_64, permitted_path=/data:/mnt/expand:/data/user/0/com.mcfuzzysquirrel.studentfinance
03-14 22:59:36.931 13210 13210 V GraphicsEnvironment: Currently set values for:
03-14 22:59:36.931 13210 13210 V GraphicsEnvironment:   angle_gl_driver_selection_pkgs=[]
03-14 22:59:36.931 13210 13210 V GraphicsEnvironment:   angle_gl_driver_selection_values=[]
03-14 22:59:36.931 13210 13210 V GraphicsEnvironment: Global.Settings values are invalid: number of packages: 0, number of values: 0
03-14 22:59:36.931 13210 13210 V GraphicsEnvironment: Neither updatable production driver nor prerelease driver is supported.
03-14 22:59:36.938 13210 13210 D ApplicationLoaders: Returning zygote-cached class loader: /system/framework/android.test.base.jar
03-14 22:59:36.941 13210 13210 D nativeloader: Configuring clns-8 for other apk /system/framework/android.test.mock.jar. target_sdk_version=36, uses_libraries=ALL, library_path=/data/app/~~I7GwO298usEUNamwuljAbA==/com.mcfuzzysquirrel.studentfinance.test-GO1f0rqwZRk52sJBE2qCnw==/lib/x86_64:/data/app/~~YsZ1q7ZJ7Iubjw5Ubx_m7A==/com.mcfuzzysquirrel.studentfinance-syuDUGtJ_YuI1ZMwWaAgPA==/lib/x86_64, permitted_path=/data:/mnt/expand
03-14 22:59:36.944 13210 13210 D ApplicationLoaders: Returning zygote-cached class loader: /system/framework/android.test.base.jar
03-14 22:59:36.947 13210 13210 D nativeloader: Configuring clns-9 for other apk /system/framework/android.test.runner.jar. target_sdk_version=36, uses_libraries=ALL, library_path=/data/app/~~I7GwO298usEUNamwuljAbA==/com.mcfuzzysquirrel.studentfinance.test-GO1f0rqwZRk52sJBE2qCnw==/lib/x86_64:/data/app/~~YsZ1q7ZJ7Iubjw5Ubx_m7A==/com.mcfuzzysquirrel.studentfinance-syuDUGtJ_YuI1ZMwWaAgPA==/lib/x86_64, permitted_path=/data:/mnt/expand
03-14 22:59:36.953 13210 13210 W .studentfinance: ClassLoaderContext shared library size mismatch. Expected=2, found=3 (PCL[]{PCL[/system/framework/android.test.base.jar*724373495]#PCL[/system/framework/android.test.mock.jar*1452759902]} | PCL[]{PCL[/system/framework/android.test.base.jar*724373495]#PCL[/system/framework/android.test.mock.jar*1452759902]#PCL[/system/framework/android.test.runner.jar*2496447986]{PCL[/system/framework/android.test.base.jar*724373495]#PCL[/system/framework/android.test.mock.jar*1452759902]}};PCL[/system/framework/android.test.runner.jar*2496447986:/system/framework/android.test.mock.jar*1452759902:/system/framework/android.test.base.jar*724373495:/data/app/~~I7GwO298usEUNamwuljAbA==/com.mcfuzzysquirrel.studentfinance.test-GO1f0rqwZRk52sJBE2qCnw==/base.apk*3224200876:/data/app/~~YsZ1q7ZJ7Iubjw5Ubx_m7A==/com.mcfuzzysquirrel.studentfinance-syuDUGtJ_YuI1ZMwWaAgPA==/base.apk*2060289533])
03-14 22:59:36.956 13210 13210 W .studentfinance: ClassLoaderContext classpath size mismatch. expected=0, found=1 (PCL[] | PCL[/system/framework/android.test.runner.jar*2496447986]{PCL[/system/framework/android.test.base.jar*724373495]#PCL[/system/framework/android.test.mock.jar*1452759902]#PCL[/system/framework/android.test.runner.jar*2496447986]{PCL[/system/framework/android.test.base.jar*724373495]#PCL[/system/framework/android.test.mock.jar*1452759902]}};PCL[/system/framework/android.test.runner.jar*2496447986:/system/framework/android.test.mock.jar*1452759902:/system/framework/android.test.base.jar*724373495:/data/app/~~I7GwO298usEUNamwuljAbA==/com.mcfuzzysquirrel.studentfinance.test-GO1f0rqwZRk52sJBE2qCnw==/base.apk*3224200876:/data/app/~~YsZ1q7ZJ7Iubjw5Ubx_m7A==/com.mcfuzzysquirrel.studentfinance-syuDUGtJ_YuI1ZMwWaAgPA==/base.apk*2060289533])
03-14 22:59:36.958 13210 13210 W .studentfinance: ClassLoaderContext classpath size mismatch. expected=0, found=2 (PCL[] | PCL[/system/framework/android.test.runner.jar*2496447986:/system/framework/android.test.mock.jar*1452759902]{PCL[/system/framework/android.test.base.jar*724373495]#PCL[/system/framework/android.test.mock.jar*1452759902]#PCL[/system/framework/android.test.runner.jar*2496447986]{PCL[/system/framework/android.test.base.jar*724373495]#PCL[/system/framework/android.test.mock.jar*1452759902]}};PCL[/system/framework/android.test.runner.jar*2496447986:/system/framework/android.test.mock.jar*1452759902:/system/framework/android.test.base.jar*724373495:/data/app/~~I7GwO298usEUNamwuljAbA==/com.mcfuzzysquirrel.studentfinance.test-GO1f0rqwZRk52sJBE2qCnw==/base.apk*3224200876:/data/app/~~YsZ1q7ZJ7Iubjw5Ubx_m7A==/com.mcfuzzysquirrel.studentfinance-syuDUGtJ_YuI1ZMwWaAgPA==/base.apk*2060289533])
03-14 22:59:36.960 13210 13210 W ziparchive: Unable to open '/data/app/~~I7GwO298usEUNamwuljAbA==/com.mcfuzzysquirrel.studentfinance.test-GO1f0rqwZRk52sJBE2qCnw==/base.dm': No such file or directory
03-14 22:59:36.960 13210 13210 W ziparchive: Unable to open '/data/app/~~I7GwO298usEUNamwuljAbA==/com.mcfuzzysquirrel.studentfinance.test-GO1f0rqwZRk52sJBE2qCnw==/base.dm': No such file or directory
03-14 22:59:37.059 13210 13210 W ziparchive: Unable to open '/data/app/~~YsZ1q7ZJ7Iubjw5Ubx_m7A==/com.mcfuzzysquirrel.studentfinance-syuDUGtJ_YuI1ZMwWaAgPA==/base.dm': No such file or directory
03-14 22:59:37.059 13210 13210 W ziparchive: Unable to open '/data/app/~~YsZ1q7ZJ7Iubjw5Ubx_m7A==/com.mcfuzzysquirrel.studentfinance-syuDUGtJ_YuI1ZMwWaAgPA==/base.dm': No such file or directory
03-14 22:59:37.477 13210 13210 I AndroidJUnitRunner: newApplication com.mcfuzzysquirrel.studentfinance.MainApplication
03-14 22:59:37.510 13210 13210 I AndroidJUnitRunner: onCreate Bundle[mParcelledData.dataSize=312]
03-14 22:59:37.511 13210 13210 D AndroidJUnitRunner: Use the raw file system for managing file I/O.
03-14 22:59:37.604 13210 13210 V TestEventClient: No service name argument was given (testDiscoveryService, testRunEventService or orchestratorService)
03-14 22:59:37.606 13210 13264 D AndroidJUnitRunner: onStart is called.
03-14 22:59:37.612 13210 13210 W SoLoader: Initializing SoLoader: 0
03-14 22:59:37.614 13210 13210 W SoLoader: Recording new base apk path: /data/app/~~YsZ1q7ZJ7Iubjw5Ubx_m7A==/com.mcfuzzysquirrel.studentfinance-syuDUGtJ_YuI1ZMwWaAgPA==/base.apk
03-14 22:59:37.614 13210 13210 W SoLoader: Previously recorded 0 base apk paths.
03-14 22:59:37.617 13210 13210 I SoLoader: Preparing SO source: DirectorySoSource[root = /vendor/lib64 flags = 2]
03-14 22:59:37.621 13210 13210 I SoLoader: Preparing SO source: DirectorySoSource[root = /system/lib64 flags = 2]
03-14 22:59:37.621 13210 13210 I SoLoader: Preparing SO source: DirectApkSoSource[root = [/data/app/~~YsZ1q7ZJ7Iubjw5Ubx_m7A==/com.mcfuzzysquirrel.studentfinance-syuDUGtJ_YuI1ZMwWaAgPA==/base.apk!/lib/x86_64]]
03-14 22:59:37.659 13210 13210 I SoLoader: Preparing SO source: ApplicationSoSource[DirectorySoSource[root = /data/app/~~YsZ1q7ZJ7Iubjw5Ubx_m7A==/com.mcfuzzysquirrel.studentfinance-syuDUGtJ_YuI1ZMwWaAgPA==/lib/x86_64 flags = 0]]
03-14 22:59:37.661 13210 13210 I SoLoader: init finish: 4 SO sources prepared
03-14 22:59:37.661 13210 13210 W SoLoader: SoLoader initialized: 8
03-14 22:59:37.698 13210 13210 D nativeloader: Load /data/app/~~YsZ1q7ZJ7Iubjw5Ubx_m7A==/com.mcfuzzysquirrel.studentfinance-syuDUGtJ_YuI1ZMwWaAgPA==/base.apk!/lib/x86_64/libc++_shared.so using ns clns-7 from class loader (caller=/data/app/~~YsZ1q7ZJ7Iubjw5Ubx_m7A==/com.mcfuzzysquirrel.studentfinance-syuDUGtJ_YuI1ZMwWaAgPA==/base.apk): ok
03-14 22:59:37.716 13210 13210 D nativeloader: Load /data/app/~~YsZ1q7ZJ7Iubjw5Ubx_m7A==/com.mcfuzzysquirrel.studentfinance-syuDUGtJ_YuI1ZMwWaAgPA==/base.apk!/lib/x86_64/libjsi.so using ns clns-7 from class loader (caller=/data/app/~~YsZ1q7ZJ7Iubjw5Ubx_m7A==/com.mcfuzzysquirrel.studentfinance-syuDUGtJ_YuI1ZMwWaAgPA==/base.apk): ok
03-14 22:59:37.736 13210 13210 D nativeloader: Load /data/app/~~YsZ1q7ZJ7Iubjw5Ubx_m7A==/com.mcfuzzysquirrel.studentfinance-syuDUGtJ_YuI1ZMwWaAgPA==/base.apk!/lib/x86_64/libfbjni.so using ns clns-7 from class loader (caller=/data/app/~~YsZ1q7ZJ7Iubjw5Ubx_m7A==/com.mcfuzzysquirrel.studentfinance-syuDUGtJ_YuI1ZMwWaAgPA==/base.apk): ok
03-14 22:59:37.747 13210 13210 D nativeloader: Load /data/app/~~YsZ1q7ZJ7Iubjw5Ubx_m7A==/com.mcfuzzysquirrel.studentfinance-syuDUGtJ_YuI1ZMwWaAgPA==/base.apk!/lib/x86_64/libreactnative.so using ns clns-7 from class loader (caller=/data/app/~~YsZ1q7ZJ7Iubjw5Ubx_m7A==/com.mcfuzzysquirrel.studentfinance-syuDUGtJ_YuI1ZMwWaAgPA==/base.apk): ok
03-14 22:59:37.747 13210 13210 D jni_lib_merge: Entering merged library JNI_OnLoad.
03-14 22:59:37.747 13210 13210 D jni_lib_merge: Preparing 12 pre-merged libs (including stub)
03-14 22:59:37.747 13210 13210 D jni_lib_merge: Preparing to register libfabricjni_so.  onload_func: 0x727ce68c0730
03-14 22:59:37.748 13210 13210 D jni_lib_merge: Preparing to register libreact_devsupportjni_so.  onload_func: 0x727ce6abd190
03-14 22:59:37.748 13210 13210 D jni_lib_merge: Preparing to register libreact_featureflagsjni_so.  onload_func: 0x727ce6ace910
03-14 22:59:37.748 13210 13210 D jni_lib_merge: Preparing to register libreact_newarchdefaults_so.  onload_func: 0x727ce6b6fd20
03-14 22:59:37.748 13210 13210 D jni_lib_merge: Preparing to register libreactnativeblob_so.  onload_func: 0x727ce6d7a2e0
03-14 22:59:37.748 13210 13210 D jni_lib_merge: Preparing to register libreactnativejni_so.  onload_func: 0x727ce6dba770
03-14 22:59:37.748 13210 13210 D jni_lib_merge: Preparing to register libreactnativejni_common_so.  onload_func: 0x727ce6dca5d0
03-14 22:59:37.748 13210 13210 D jni_lib_merge: Preparing to register librninstance_so.  onload_func: 0x727ce6e074c0
03-14 22:59:37.748 13210 13210 D jni_lib_merge: Preparing to register libturbomodulejsijni_so.  onload_func: 0x727ce6f68c00
03-14 22:59:37.748 13210 13210 D jni_lib_merge: Preparing to register libuimanagerjni_so.  onload_func: 0x727ce6f80de0
03-14 22:59:37.748 13210 13210 D jni_lib_merge: Preparing to register libyoga_so.  onload_func: 0x727ce6f8fd70
03-14 22:59:37.748 13210 13210 D jni_lib_merge: About to register 11 actual methods.
03-14 22:59:37.769 13210 13210 D nativeloader: Load /data/app/~~YsZ1q7ZJ7Iubjw5Ubx_m7A==/com.mcfuzzysquirrel.studentfinance-syuDUGtJ_YuI1ZMwWaAgPA==/base.apk!/lib/x86_64/libreact_codegen_rnscreens.so using ns clns-7 from class loader (caller=/data/app/~~YsZ1q7ZJ7Iubjw5Ubx_m7A==/com.mcfuzzysquirrel.studentfinance-syuDUGtJ_YuI1ZMwWaAgPA==/base.apk): ok
03-14 22:59:37.769 13210 13210 D jni_lib_merge: Entering merged library JNI_OnLoad.
03-14 22:59:37.769 13210 13210 D jni_lib_merge: Preparing 12 pre-merged libs (including stub)
03-14 22:59:37.769 13210 13210 D jni_lib_merge: Preparing to register libfabricjni_so.  onload_func: 0x727ce68c0730
03-14 22:59:37.769 13210 13210 D jni_lib_merge: Preparing to register libreact_devsupportjni_so.  onload_func: 0x727ce6abd190
03-14 22:59:37.769 13210 13210 D jni_lib_merge: Preparing to register libreact_featureflagsjni_so.  onload_func: 0x727ce6ace910
03-14 22:59:37.769 13210 13210 D jni_lib_merge: Preparing to register libreact_newarchdefaults_so.  onload_func: 0x727ce6b6fd20
03-14 22:59:37.769 13210 13210 D jni_lib_merge: Preparing to register libreactnativeblob_so.  onload_func: 0x727ce6d7a2e0
03-14 22:59:37.769 13210 13210 D jni_lib_merge: Preparing to register libreactnativejni_so.  onload_func: 0x727ce6dba770
03-14 22:59:37.769 13210 13210 D jni_lib_merge: Preparing to register libreactnativejni_common_so.  onload_func: 0x727ce6dca5d0
03-14 22:59:37.769 13210 13210 D jni_lib_merge: Preparing to register librninstance_so.  onload_func: 0x727ce6e074c0
03-14 22:59:37.769 13210 13210 D jni_lib_merge: Preparing to register libturbomodulejsijni_so.  onload_func: 0x727ce6f68c00
03-14 22:59:37.769 13210 13210 D jni_lib_merge: Preparing to register libuimanagerjni_so.  onload_func: 0x727ce6f80de0
03-14 22:59:37.769 13210 13210 D jni_lib_merge: Preparing to register libyoga_so.  onload_func: 0x727ce6f8fd70
03-14 22:59:37.770 13210 13210 D jni_lib_merge: About to register 11 actual methods.
03-14 22:59:37.779 13210 13210 D nativeloader: Load /data/app/~~YsZ1q7ZJ7Iubjw5Ubx_m7A==/com.mcfuzzysquirrel.studentfinance-syuDUGtJ_YuI1ZMwWaAgPA==/base.apk!/lib/x86_64/libreact_codegen_rnsvg.so using ns clns-7 from class loader (caller=/data/app/~~YsZ1q7ZJ7Iubjw5Ubx_m7A==/com.mcfuzzysquirrel.studentfinance-syuDUGtJ_YuI1ZMwWaAgPA==/base.apk): ok
03-14 22:59:37.779 13210 13210 D jni_lib_merge: Entering merged library JNI_OnLoad.
03-14 22:59:37.779 13210 13210 D jni_lib_merge: Preparing 12 pre-merged libs (including stub)
03-14 22:59:37.779 13210 13210 D jni_lib_merge: Preparing to register libfabricjni_so.  onload_func: 0x727ce68c0730
03-14 22:59:37.779 13210 13210 D jni_lib_merge: Preparing to register libreact_devsupportjni_so.  onload_func: 0x727ce6abd190
03-14 22:59:37.779 13210 13210 D jni_lib_merge: Preparing to register libreact_featureflagsjni_so.  onload_func: 0x727ce6ace910
03-14 22:59:37.779 13210 13210 D jni_lib_merge: Preparing to register libreact_newarchdefaults_so.  onload_func: 0x727ce6b6fd20
03-14 22:59:37.779 13210 13210 D jni_lib_merge: Preparing to register libreactnativeblob_so.  onload_func: 0x727ce6d7a2e0
03-14 22:59:37.779 13210 13210 D jni_lib_merge: Preparing to register libreactnativejni_so.  onload_func: 0x727ce6dba770
03-14 22:59:37.779 13210 13210 D jni_lib_merge: Preparing to register libreactnativejni_common_so.  onload_func: 0x727ce6dca5d0
03-14 22:59:37.779 13210 13210 D jni_lib_merge: Preparing to register librninstance_so.  onload_func: 0x727ce6e074c0
03-14 22:59:37.779 13210 13210 D jni_lib_merge: Preparing to register libturbomodulejsijni_so.  onload_func: 0x727ce6f68c00
03-14 22:59:37.779 13210 13210 D jni_lib_merge: Preparing to register libuimanagerjni_so.  onload_func: 0x727ce6f80de0
03-14 22:59:37.780 13210 13210 D jni_lib_merge: Preparing to register libyoga_so.  onload_func: 0x727ce6f8fd70
03-14 22:59:37.780 13210 13210 D jni_lib_merge: About to register 11 actual methods.
03-14 22:59:37.790 13210 13210 D nativeloader: Load /data/app/~~YsZ1q7ZJ7Iubjw5Ubx_m7A==/com.mcfuzzysquirrel.studentfinance-syuDUGtJ_YuI1ZMwWaAgPA==/base.apk!/lib/x86_64/libreact_codegen_safeareacontext.so using ns clns-7 from class loader (caller=/data/app/~~YsZ1q7ZJ7Iubjw5Ubx_m7A==/com.mcfuzzysquirrel.studentfinance-syuDUGtJ_YuI1ZMwWaAgPA==/base.apk): ok
03-14 22:59:37.798 13210 13210 D nativeloader: Load /data/app/~~YsZ1q7ZJ7Iubjw5Ubx_m7A==/com.mcfuzzysquirrel.studentfinance-syuDUGtJ_YuI1ZMwWaAgPA==/base.apk!/lib/x86_64/libappmodules.so using ns clns-7 from class loader (caller=/data/app/~~YsZ1q7ZJ7Iubjw5Ubx_m7A==/com.mcfuzzysquirrel.studentfinance-syuDUGtJ_YuI1ZMwWaAgPA==/base.apk): ok
03-14 22:59:37.880 13210 13264 I InstrConnection: Could not send broadcast or register receiver (isolatedProcess?)
03-14 22:59:37.884 13210 13264 D TestRequestBuilder: Using class path scanning to discover tests
03-14 22:59:37.885 13210 13264 I TestRequestBuilder: Scanning classpath to find tests in paths [/data/app/~~I7GwO298usEUNamwuljAbA==/com.mcfuzzysquirrel.studentfinance.test-GO1f0rqwZRk52sJBE2qCnw==/base.apk]
03-14 22:59:37.886 13210 13264 W .studentfinance: Opening an oat file without a class loader. Are you using the deprecated DexFile APIs?
03-14 22:59:38.384 13210 13264 I TestRunner: run started: 1 tests
03-14 22:59:38.385 13210 13264 I TestRunner: started: runDetoxTests(com.mcfuzzysquirrel.studentfinance.DetoxTest)
03-14 22:59:38.395 13210 13264 I Detox   : Detox server connection details: url=ws://localhost:41963, sessionId=325c6741-a446-e39b-f7f1-35d30311af64
03-14 22:59:38.407 13210 13264 I Tracing : Tracer added: class androidx.test.platform.tracing.AndroidXTracer
03-14 22:59:38.419 13210 13264 W .studentfinance: Accessing hidden field Ljava/lang/reflect/Field;->accessFlags:I (unsupported, reflection, allowed)
03-14 22:59:38.421 13210 13264 I Detox   : Connecting to server...
03-14 22:59:38.421 13210 13264 I DetoxWSClient: At connectToServer
03-14 22:59:38.473 13210 13270 D TrafficStats: tagSocket(102) with statsTag=0xffffffff, statsUid=-1
03-14 22:59:38.487 13210 13270 D DetoxWSClient: At onOpen
03-14 22:59:38.488 13210 13270 I DetoxWSClient: Sending out action 'login' (ID #0)
03-14 22:59:38.488 13210 13270 I Detox   : Connected to server!
03-14 22:59:38.490 13210 13270 D DetoxWSClient: Received action 'loginSuccess' (ID #0, params={"testerConnected":true,"appConnected":true})
03-14 22:59:38.491 13210 13266 I DetoxDispatcher: Handling action 'loginSuccess' (ID #0)...
03-14 22:59:38.491 13210 13266 I DetoxDispatcher: Done with action 'loginSuccess'
03-14 22:59:38.491 13210 13264 I Detox   : Launching the tested activity!
03-14 22:59:38.534 13210 13270 D DetoxWSClient: Received action 'isReady' (ID #-1000, params={})
03-14 22:59:38.534 13210 13266 I DetoxDispatcher: Handling action 'isReady' (ID #-1000)...
03-14 22:59:38.730 13210 13210 D AppCompatDelegate: Checking for metadata for AppLocalesMetadataHolderService : Service not found
03-14 22:59:38.925 13210 13210 D LifecycleMonitor: Lifecycle status change: com.mcfuzzysquirrel.studentfinance.MainActivity@340991c in: PRE_ON_CREATE
03-14 22:59:39.276 13210 13294 D TrafficStats: tagSocket(109) with statsTag=0xffffffff, statsUid=-1
03-14 22:59:39.287 13210 13294 W unknown:ReconnectingWebSocket: Couldn't connect to "ws://10.0.2.2:8081/message?device=sdk_gphone64_x86_64%20-%2015%20-%20API%2035&app=com.mcfuzzysquirrel.studentfinance&clientid=BridgelessDevSupportManager", will silently retry
03-14 22:59:39.364 13210 13210 W unknown:BridgelessReact: ReactHost{0}.startSurface(surfaceId = 0): Schedule
03-14 22:59:39.364 13210 13210 W unknown:BridgelessReact: ReactHost{0}.attachSurface(surfaceId = 0)
03-14 22:59:39.365 13210 13295 W unknown:BridgelessReact: ReactHost{0}.getOrCreateReactInstanceTask()
03-14 22:59:39.366 13210 13295 W unknown:BridgelessReact: ReactHost{0}.getOrCreateReactInstanceTask(): Start
03-14 22:59:39.366 13210 13295 D Detox.RNMarker: REACT_BRIDGELESS_LOADING_START (null)
03-14 22:59:39.366 13210 13295 W unknown:BridgelessReact: ReactHost{0}.getJSBundleLoader()
03-14 22:59:39.366 13210 13295 W unknown:BridgelessReact: ReactHost{0}.isMetroRunning()
03-14 22:59:39.369 13210 13296 D TrafficStats: tagSocket(109) with statsTag=0xffffffff, statsUid=-1
03-14 22:59:39.373 13210 13296 W unknown:ReactNative: The packager does not seem to be running as we got an IOException requesting its status: Failed to connect to /10.0.2.2:8081
03-14 22:59:39.373 13210 13296 W unknown:BridgelessReact: ReactHost{0}.isMetroRunning(): Async result = false
03-14 22:59:39.374 13210 13295 W unknown:BridgelessReact: ReactHost{0}.getOrCreateReactInstanceTask(): Creating BridgelessReactContext
03-14 22:59:39.376 13210 13295 W unknown:BridgelessReact: ReactHost{0}.getOrCreateReactInstanceTask(): Creating ReactInstance
03-14 22:59:39.388 13210 13210 W .studentfinance: Accessing hidden method Landroid/view/ViewGroup;->makeOptionalFitsSystemWindows()V (unsupported, reflection, allowed)
03-14 22:59:39.391 13210 13210 D LifecycleMonitor: Lifecycle status change: com.mcfuzzysquirrel.studentfinance.MainActivity@340991c in: CREATED
03-14 22:59:39.393 13210 13210 D LifecycleMonitor: Lifecycle status change: com.mcfuzzysquirrel.studentfinance.MainActivity@340991c in: STARTED
03-14 22:59:39.397 13210 13210 W unknown:BridgelessReact: ReactHost{0}.onHostResume(activity)
03-14 22:59:39.397 13210 13210 W unknown:ReactNative: Packager connection already open, nooping.
03-14 22:59:39.397 13210 13210 W unknown:BridgelessReact: ReactHost{0}.ReactContext.onHostResume()
03-14 22:59:39.397 13210 13210 D LifecycleMonitor: Lifecycle status change: com.mcfuzzysquirrel.studentfinance.MainActivity@340991c in: RESUMED
03-14 22:59:39.404 13210 13210 W HWUI    : Unknown dataspace 0
03-14 22:59:39.440 13210 13276 I EGL_emulation: Opening libGLESv1_CM_emulation.so
03-14 22:59:39.441 13210 13276 I EGL_emulation: Opening libGLESv2_emulation.so
03-14 22:59:39.469 13210 13303 D TrafficStats: tagSocket(123) with statsTag=0xffffffff, statsUid=-1
03-14 22:59:39.491 13210 13295 D nativeloader: Load /data/app/~~YsZ1q7ZJ7Iubjw5Ubx_m7A==/com.mcfuzzysquirrel.studentfinance-syuDUGtJ_YuI1ZMwWaAgPA==/base.apk!/lib/x86_64/libhermesvm.so using ns clns-7 from class loader (caller=/data/app/~~YsZ1q7ZJ7Iubjw5Ubx_m7A==/com.mcfuzzysquirrel.studentfinance-syuDUGtJ_YuI1ZMwWaAgPA==/base.apk): ok
03-14 22:59:39.496 13210 13276 W HWUI    : Failed to initialize 101010-2 format, error = EGL_SUCCESS
03-14 22:59:39.510 13210 13295 D nativeloader: Load /data/app/~~YsZ1q7ZJ7Iubjw5Ubx_m7A==/com.mcfuzzysquirrel.studentfinance-syuDUGtJ_YuI1ZMwWaAgPA==/base.apk!/lib/x86_64/libhermestooling.so using ns clns-7 from class loader (caller=/data/app/~~YsZ1q7ZJ7Iubjw5Ubx_m7A==/com.mcfuzzysquirrel.studentfinance-syuDUGtJ_YuI1ZMwWaAgPA==/base.apk): ok
03-14 22:59:39.510 13210 13295 D jni_lib_merge: Entering merged library JNI_OnLoad.
03-14 22:59:39.510 13210 13295 D jni_lib_merge: Preparing 4 pre-merged libs (including stub)
03-14 22:59:39.510 13210 13295 D jni_lib_merge: Preparing to register libhermes_executor_so.  onload_func: 0x727cd653f050
03-14 22:59:39.510 13210 13295 D jni_lib_merge: Preparing to register libhermesinstancejni_so.  onload_func: 0x727cd6575680
03-14 22:59:39.510 13210 13295 D jni_lib_merge: Preparing to register libjsijniprofiler_so.  onload_func: 0x727cd65773f0
03-14 22:59:39.510 13210 13295 D jni_lib_merge: About to register 3 actual methods.
03-14 22:59:39.525 13210 13276 I Gralloc4: mapper 4.x is not supported
03-14 22:59:40.121 13210 13295 I ExpoModulesCore: ✅ AppContext was initialized
03-14 22:59:40.235 13210 13295 W unknown:BridgelessReact: ReactHost{0}.getOrCreateReactInstanceTask(): Loading JS Bundle
03-14 22:59:40.236 13210 13295 W unknown:BridgelessReact: ReactHost{0}.getOrCreateReactInstanceTask(): DevSupportManager.onNewReactContextCreated()
03-14 22:59:40.237 13210 13297 D Detox.RNMarker: RUN_JS_BUNDLE_START (index.android.bundle)
03-14 22:59:40.244 13210 13210 W unknown:ReactNative: Packager connection already open, nooping.
03-14 22:59:40.245 13210 13210 W unknown:BridgelessReact: ReactHost{0}.ReactContext.onHostResume()
03-14 22:59:40.245 13210 13210 W unknown:BridgelessReact: ReactHost{0}.getOrCreateReactInstanceTask(): Executing ReactInstanceEventListeners
03-14 22:59:40.246 13210 13210 I DetoxRNLoading: Got new RN-context through listener
03-14 22:59:40.246 13210 13266 W .studentfinance: Long monitor contention with owner Instr: androidx.test.runner.AndroidJUnitRunner (13264) at void com.wix.detox.DetoxMain.launchActivityOnCue(android.content.Context, com.wix.detox.ActivityLaunchHelper)(DetoxMain.kt:53) waiters=0 in void com.wix.detox.DetoxMain$setupActionHandlers$SynchronizedActionHandler.handle(java.lang.String, long) for 1.711s
03-14 22:59:40.246 13210 13295 W unknown:BridgelessReact: ReactHost{0}.startSurface(surfaceId = 0): Execute
03-14 22:59:40.255 13210 13210 W .studentfinance: Accessing hidden method Landroid/os/MessageQueue;->next()Landroid/os/Message; (unsupported, reflection, allowed)
03-14 22:59:40.255 13210 13210 W .studentfinance: Accessing hidden field Landroid/os/MessageQueue;->mMessages:Landroid/os/Message; (unsupported, reflection, allowed)
03-14 22:59:40.255 13210 13210 W .studentfinance: Accessing hidden method Landroid/os/Message;->recycleUnchecked()V (unsupported, reflection, allowed)
03-14 22:59:40.256 13210 13210 I Detox   : Wait is over: App is now idle!
03-14 22:59:40.257 13210 13266 I DetoxWSClient: Sending out action 'ready' (ID #-1000)
03-14 22:59:40.257 13210 13266 I DetoxDispatcher: Done with action 'isReady'
03-14 22:59:40.275 13210 13270 D DetoxWSClient: Received action 'invoke' (ID #6, params={"target":{"type":"Class","value":"com.wix.detox.espresso.EspressoDetox"},"method":"perform","args":[{"type":"Invocation","value":{"target":{"type":"Class","value":"com.wix.detox.espresso.DetoxMatcher"},"method":"matcherForTestId","args":["dashboard-summary-spent-card",{"type":"boolean","value":false}]}},{"type":"Invocation","value":{"target":{"type":"Class","value":"com.wix.detox.espresso.DetoxAction"},"method":"swipeInDirection","args":[{"type":"Integer","value":3},{"type":"boolean","value":false},{"type":"Double","value":0.5},{"type":"Double","value":null},{"type":"Double","value":null}]}}]})
03-14 22:59:40.280 13210 13266 I DetoxDispatcher: Handling action 'invoke' (ID #6)...
03-14 22:59:40.289 13210 13266 D Detox   : class com.wix.detox.espresso.DetoxMatcher, matcherForTestId, [dashboard-summary-spent-card, false]
03-14 22:59:40.310 13210 13266 D Detox   : class com.wix.detox.espresso.DetoxAction, swipeInDirection, [3, false, 0.5, NaN, NaN]
03-14 22:59:40.312 13210 13266 D Detox   : class com.wix.detox.espresso.EspressoDetox, perform, [(view.getTag() is "dashboard-summary-spent-card" and view has effective visibility <VISIBLE>), androidx.test.espresso.action.GeneralSwipeAction@abcb1f4]
03-14 22:59:40.320 13210 13297 D nativeloader: Load /data/app/~~YsZ1q7ZJ7Iubjw5Ubx_m7A==/com.mcfuzzysquirrel.studentfinance-syuDUGtJ_YuI1ZMwWaAgPA==/base.apk!/lib/x86_64/libexpo-modules-core.so using ns clns-7 from class loader (caller=/data/app/~~YsZ1q7ZJ7Iubjw5Ubx_m7A==/com.mcfuzzysquirrel.studentfinance-syuDUGtJ_YuI1ZMwWaAgPA==/base.apk): ok
03-14 22:59:40.375 13210 13297 W unknown:ViewManagerPropertyUpdater: Could not find generated setter for class com.th3rdwave.safeareacontext.SafeAreaProviderManager
03-14 22:59:40.375 13210 13266 I DetoxActionHandlers: Test exception
03-14 22:59:40.375 13210 13266 I DetoxActionHandlers: java.lang.reflect.InvocationTargetException
03-14 22:59:40.375 13210 13266 I DetoxActionHandlers: 	at java.lang.reflect.Method.invoke(Native Method)
03-14 22:59:40.375 13210 13266 I DetoxActionHandlers: 	at org.apache.commons.lang3.reflect.MethodUtils.invokeStaticMethod(MethodUtils.java:443)
03-14 22:59:40.375 13210 13266 I DetoxActionHandlers: 	at org.apache.commons.lang3.reflect.MethodUtils.invokeStaticMethod(MethodUtils.java:405)
03-14 22:59:40.375 13210 13266 I DetoxActionHandlers: 	at com.wix.invoke.types.ClassTarget.execute(ClassTarget.java:23)
03-14 22:59:40.375 13210 13266 I DetoxActionHandlers: 	at com.wix.invoke.types.Target.invoke(Target.java:59)
03-14 22:59:40.375 13210 13266 I DetoxActionHandlers: 	at com.wix.invoke.MethodInvocation.invoke(MethodInvocation.java:35)
03-14 22:59:40.375 13210 13266 I DetoxActionHandlers: 	at com.wix.invoke.MethodInvocation.invoke(MethodInvocation.java:26)
03-14 22:59:40.375 13210 13266 I DetoxActionHandlers: 	at com.wix.invoke.MethodInvocation.invoke(MethodInvocation.java:20)
03-14 22:59:40.375 13210 13266 I DetoxActionHandlers: 	at com.wix.detox.adapters.server.InvokeActionHandler.handle(DetoxActionHandlers.kt:54)
03-14 22:59:40.375 13210 13266 I DetoxActionHandlers: 	at com.wix.detox.adapters.server.ActionsExecutor.executeAction$lambda$2$lambda$1(DetoxActionsDispatcher.kt:76)
03-14 22:59:40.375 13210 13266 I DetoxActionHandlers: 	at com.wix.detox.adapters.server.ActionsExecutor.$r8$lambda$GVbB7LHtBHxNHGbgYnHJ6YrwCqs(Unknown Source:0)
03-14 22:59:40.375 13210 13266 I DetoxActionHandlers: 	at com.wix.detox.adapters.server.ActionsExecutor$$ExternalSyntheticLambda0.run(D8$$SyntheticClass:0)
03-14 22:59:40.375 13210 13266 I DetoxActionHandlers: 	at android.os.Handler.handleCallback(Handler.java:959)
03-14 22:59:40.375 13210 13266 I DetoxActionHandlers: 	at android.os.Handler.dispatchMessage(Handler.java:100)
03-14 22:59:40.375 13210 13266 I DetoxActionHandlers: 	at android.os.Looper.loopOnce(Looper.java:232)
03-14 22:59:40.375 13210 13266 I DetoxActionHandlers: 	at android.os.Looper.loop(Looper.java:317)
03-14 22:59:40.375 13210 13266 I DetoxActionHandlers: 	at com.wix.detox.adapters.server.ActionsExecutor._init_$lambda$0(DetoxActionsDispatcher.kt:62)
03-14 22:59:40.375 13210 13266 I DetoxActionHandlers: 	at com.wix.detox.adapters.server.ActionsExecutor.$r8$lambda$xlgL0CQim6vNM0wWEqM8JIDgZUE(Unknown Source:0)
03-14 22:59:40.375 13210 13266 I DetoxActionHandlers: 	at com.wix.detox.adapters.server.ActionsExecutor$$ExternalSyntheticLambda1.run(D8$$SyntheticClass:0)
03-14 22:59:40.375 13210 13266 I DetoxActionHandlers: 	at java.lang.Thread.run(Thread.java:1012)
03-14 22:59:40.375 13210 13266 I DetoxActionHandlers: Caused by: com.wix.detox.espresso.errors.DetoxNoMatchingViewException: No views in hierarchy found matching: (view.getTag() is "dashboard-summary-spent-card" and view has effective visibility <VISIBLE>)
03-14 22:59:40.375 13210 13266 I DetoxActionHandlers: 	at com.wix.detox.espresso.DetoxFailureHandler.handle(DetoxFailureHandler.kt:26)
03-14 22:59:40.375 13210 13266 I DetoxActionHandlers: 	at androidx.test.espresso.ViewInteraction.waitForAndHandleInteractionResults(ViewInteraction.java:385)
03-14 22:59:40.375 13210 13266 I DetoxActionHandlers: 	at androidx.test.espresso.ViewInteraction.desugaredPerform(ViewInteraction.java:212)
03-14 22:59:40.375 13210 13266 I DetoxActionHandlers: 	at androidx.test.espresso.ViewInteraction.perform(ViewInteraction.java:140)
03-14 22:59:40.375 13210 13266 I DetoxActionHandlers: 	at com.wix.detox.espresso.performer.SingleViewActionPerformer.performOn(SingleViewActionPerformer.kt:15)
03-14 22:59:40.375 13210 13266 I DetoxActionHandlers: 	at com.wix.detox.espresso.EspressoDetox.perform(EspressoDetox.java:42)
03-14 22:59:40.375 13210 13266 I DetoxActionHandlers: 	... 20 more
03-14 22:59:40.375 13210 13266 I DetoxWSClient: Sending out action 'testFailed' (ID #6)
03-14 22:59:40.379 13210 13266 I DetoxDispatcher: Done with action 'invoke'
03-14 22:59:40.380 13210 13297 W unknown:ViewManagerPropertyUpdater: Could not find generated setter for class com.facebook.react.uimanager.LayoutShadowNode
03-14 22:59:40.390 13210 13297 W unknown:ViewManagerPropertyUpdater: Could not find generated setter for class com.swmansion.rnscreens.SearchBarManager
03-14 22:59:40.391 13210 13297 W unknown:ViewManagerPropertyUpdater: Could not find generated setter for class com.swmansion.rnscreens.ScreenFooterManager
03-14 22:59:40.393 13210 13297 W unknown:ViewManagerPropertyUpdater: Could not find generated setter for class com.swmansion.rnscreens.gamma.tabs.TabScreenViewManager
03-14 22:59:40.394 13210 13297 W unknown:ViewManagerPropertyUpdater: Could not find generated setter for class expo.modules.kotlin.views.GroupViewManagerWrapper
03-14 22:59:40.396 13210 13297 W unknown:ViewManagerPropertyUpdater: Could not find generated setter for class com.swmansion.rnscreens.ScreenContainerViewManager
03-14 22:59:40.402 13210 13297 W unknown:ViewManagerPropertyUpdater: Could not find generated setter for class com.swmansion.rnscreens.gamma.tabs.TabsHostViewManager
03-14 22:59:40.409 13210 13297 W unknown:ViewManagerPropertyUpdater: Could not find generated setter for class com.swmansion.rnscreens.ModalScreenViewManager
03-14 22:59:40.410 13210 13297 W unknown:ViewManagerPropertyUpdater: Could not find generated setter for class com.swmansion.rnscreens.ScreenStackHeaderConfigViewManager
03-14 22:59:40.412 13210 13297 W unknown:ViewManagerPropertyUpdater: Could not find generated setter for class com.swmansion.rnscreens.ScreenContentWrapperManager
03-14 22:59:40.412 13210 13297 W unknown:ViewManagerPropertyUpdater: Could not find generated setter for class com.th3rdwave.safeareacontext.SafeAreaViewManager
03-14 22:59:40.424 13210 13297 W unknown:ViewManagerPropertyUpdater: Could not find generated setter for class com.th3rdwave.safeareacontext.SafeAreaViewShadowNode
03-14 22:59:40.425 13210 13297 W unknown:ViewManagerPropertyUpdater: Could not find generated setter for class com.swmansion.rnscreens.safearea.SafeAreaViewManager
03-14 22:59:40.425 13210 13297 W unknown:ViewManagerPropertyUpdater: Could not find generated setter for class com.swmansion.rnscreens.safearea.paper.SafeAreaViewShadowNode
03-14 22:59:40.428 13210 13297 W unknown:ViewManagerPropertyUpdater: Could not find generated setter for class com.swmansion.rnscreens.ScreenViewManager
03-14 22:59:40.429 13210 13297 W unknown:ViewManagerPropertyUpdater: Could not find generated setter for class com.swmansion.rnscreens.gamma.stack.host.StackHostViewManager
03-14 22:59:40.429 13210 13297 W unknown:ViewManagerPropertyUpdater: Could not find generated setter for class com.swmansion.rnscreens.ScreenStackHeaderSubviewManager
03-14 22:59:40.430 13210 13297 W unknown:ViewManagerPropertyUpdater: Could not find generated setter for class com.swmansion.rnscreens.gamma.stack.screen.StackScreenViewManager
03-14 22:59:40.431 13210 13297 W unknown:ViewManagerPropertyUpdater: Could not find generated setter for class com.swmansion.rnscreens.ScreenStackViewManager
03-14 22:59:40.711 13210 13297 W unknown:ViewManagerPropertyUpdater: Could not find generated setter for class com.horcrux.svg.RenderableViewManager$DefsViewManager
03-14 22:59:40.715 13210 13297 W unknown:ViewManagerPropertyUpdater: Could not find generated setter for class com.horcrux.svg.VirtualViewManager$RenderableShadowNode
03-14 22:59:40.731 13210 13217 I .studentfinance: Compiler allocated 5174KB to compile void android.view.ViewRootImpl.performTraversals()
03-14 22:59:40.731 13210 13297 W unknown:ViewManagerPropertyUpdater: Could not find generated setter for class com.facebook.react.views.debuggingoverlay.DebuggingOverlayManager
03-14 22:59:40.738 13210 13297 W unknown:ViewManagerPropertyUpdater: Could not find generated setter for class com.horcrux.svg.RenderableViewManager$FeMergeManager
03-14 22:59:40.748 13210 13297 W unknown:ViewManagerPropertyUpdater: Could not find generated setter for class com.facebook.react.views.safeareaview.ReactSafeAreaViewManager
03-14 22:59:40.758 13210 13297 W unknown:ViewManagerPropertyUpdater: Could not find generated setter for class com.horcrux.svg.RenderableViewManager$LinearGradientManager
03-14 22:59:40.769 13210 13297 W unknown:ViewManagerPropertyUpdater: Could not find generated setter for class com.horcrux.svg.RenderableViewManager$FeGaussianBlurManager
03-14 22:59:40.782 13210 13297 W unknown:ViewManagerPropertyUpdater: Could not find generated setter for class com.facebook.react.views.progressbar.ReactProgressBarViewManager
03-14 22:59:40.784 13210 13297 W unknown:ViewManagerPropertyUpdater: Could not find generated setter for class com.facebook.react.views.progressbar.ProgressBarShadowNode
03-14 22:59:40.794 13210 13297 W unknown:ViewManagerPropertyUpdater: Could not find generated setter for class com.facebook.react.views.scroll.ReactHorizontalScrollViewManager
03-14 22:59:40.806 13210 13297 W unknown:ViewManagerPropertyUpdater: Could not find generated setter for class com.facebook.react.views.text.ReactTextViewManager
03-14 22:59:40.808 13210 13297 W unknown:ViewManagerPropertyUpdater: Could not find generated setter for class com.facebook.react.views.text.ReactTextShadowNode
03-14 22:59:40.821 13210 13297 W unknown:ViewManagerPropertyUpdater: Could not find generated setter for class com.horcrux.svg.RenderableViewManager$FeColorMatrixManager
03-14 22:59:40.829 13210 13297 W unknown:ViewManagerPropertyUpdater: Could not find generated setter for class com.facebook.react.views.scroll.ReactHorizontalScrollContainerViewManager
03-14 22:59:40.842 13210 13297 W unknown:ViewManagerPropertyUpdater: Could not find generated setter for class com.horcrux.svg.RenderableViewManager$ClipPathViewManager
03-14 22:59:40.862 13210 13297 W unknown:ViewManagerPropertyUpdater: Could not find generated setter for class com.horcrux.svg.RenderableViewManager$SymbolManager
03-14 22:59:40.874 13210 13297 W unknown:ViewManagerPropertyUpdater: Could not find generated setter for class com.horcrux.svg.RenderableViewManager$PatternManager
03-14 22:59:40.886 13210 13297 W unknown:ViewManagerPropertyUpdater: Could not find generated setter for class com.horcrux.svg.RenderableViewManager$FeBlendManager
03-14 22:59:40.895 13210 13297 W unknown:ViewManagerPropertyUpdater: Could not find generated setter for class com.facebook.react.views.view.ReactViewManager
03-14 22:59:40.908 13210 13297 W unknown:ViewManagerPropertyUpdater: Could not find generated setter for class com.horcrux.svg.SvgViewManager
03-14 22:59:40.922 13210 13297 W unknown:ViewManagerPropertyUpdater: Could not find generated setter for class com.facebook.react.views.switchview.ReactSwitchManager
03-14 22:59:40.923 13210 13297 W unknown:ViewManagerPropertyUpdater: Could not find generated setter for class com.facebook.react.views.switchview.ReactSwitchShadowNode
03-14 22:59:40.932 13210 13297 W unknown:ViewManagerPropertyUpdater: Could not find generated setter for class com.horcrux.svg.RenderableViewManager$UseViewManager
03-14 22:59:40.942 13210 13297 W unknown:ViewManagerPropertyUpdater: Could not find generated setter for class com.horcrux.svg.RenderableViewManager$CircleViewManager
03-14 22:59:40.953 13210 13297 W unknown:ViewManagerPropertyUpdater: Could not find generated setter for class com.horcrux.svg.RenderableViewManager$TSpanViewManager
03-14 22:59:40.966 13210 13297 W unknown:ViewManagerPropertyUpdater: Could not find generated setter for class com.horcrux.svg.RenderableViewManager$FilterManager
03-14 22:59:40.975 13210 13297 W unknown:ViewManagerPropertyUpdater: Could not find generated setter for class com.horcrux.svg.RenderableViewManager$MarkerManager
03-14 22:59:40.988 13210 13297 W unknown:ViewManagerPropertyUpdater: Could not find generated setter for class com.swmansion.gesturehandler.react.RNGestureHandlerButtonViewManager
03-14 22:59:41.003 13210 13297 W unknown:ViewManagerPropertyUpdater: Could not find generated setter for class com.facebook.react.views.modal.ReactModalHostManager
03-14 22:59:41.014 13210 13297 W unknown:ViewManagerPropertyUpdater: Could not find generated setter for class com.horcrux.svg.RenderableViewManager$ForeignObjectManager
03-14 22:59:41.025 13210 13297 W unknown:ViewManagerPropertyUpdater: Could not find generated setter for class com.horcrux.svg.RenderableViewManager$EllipseViewManager
03-14 22:59:41.037 13210 13297 W unknown:ViewManagerPropertyUpdater: Could not find generated setter for class com.horcrux.svg.RenderableViewManager$LineViewManager
03-14 22:59:41.051 13210 13297 W unknown:ViewManagerPropertyUpdater: Could not find generated setter for class com.facebook.react.views.text.frescosupport.FrescoBasedReactTextInlineImageViewManager
03-14 22:59:41.052 13210 13297 W unknown:ViewManagerPropertyUpdater: Could not find generated setter for class com.facebook.react.views.text.frescosupport.FrescoBasedReactTextInlineImageShadowNode
03-14 22:59:41.086 13210 13297 W unknown:ViewManagerPropertyUpdater: Could not find generated setter for class com.horcrux.svg.RenderableViewManager$FeFloodManager
03-14 22:59:41.101 13210 13297 W unknown:ViewManagerPropertyUpdater: Could not find generated setter for class com.horcrux.svg.RenderableViewManager$GroupViewManager
03-14 22:59:41.118 13210 13297 W unknown:ViewManagerPropertyUpdater: Could not find generated setter for class com.horcrux.svg.RenderableViewManager$TextViewManager
03-14 22:59:41.142 13210 13297 W unknown:ViewManagerPropertyUpdater: Could not find generated setter for class com.horcrux.svg.RenderableViewManager$ImageViewManager
03-14 22:59:41.204 13210 13297 W unknown:ViewManagerPropertyUpdater: Could not find generated setter for class com.horcrux.svg.RenderableViewManager$FeCompositeManager
03-14 22:59:41.272 13210 13297 W unknown:ViewManagerPropertyUpdater: Could not find generated setter for class com.facebook.react.views.image.ReactImageManager
03-14 22:59:41.303 13210 13297 W unknown:ViewManagerPropertyUpdater: Could not find generated setter for class com.horcrux.svg.RenderableViewManager$RadialGradientManager
03-14 22:59:41.305 13210 13294 D TrafficStats: tagSocket(132) with statsTag=0xffffffff, statsUid=-1
03-14 22:59:41.319 13210 13297 W unknown:ViewManagerPropertyUpdate