--------- beginning of main
03-14 22:21:10.174  5281  5281 I .studentfinance: Late-enabling -Xcheck:jni
03-14 22:21:10.252  5281  5281 I .studentfinance: Using CollectorTypeCMC GC.
03-14 22:21:10.253  5281  5281 W .studentfinance: Unexpected CPU variant for x86: x86_64.
03-14 22:21:10.253  5281  5281 W .studentfinance: Known variants: atom, sandybridge, silvermont, goldmont, goldmont-plus, goldmont-without-sha-xsaves, tremont, kabylake, default
03-14 22:21:10.501  5281  5281 D nativeloader: Load libframework-connectivity-tiramisu-jni.so using APEX ns com_android_tethering for caller /apex/com.android.tethering/javalib/framework-connectivity-t.jar: ok
--------- beginning of system
03-14 22:21:11.052  5281  5281 W ActivityThread: Package uses different ABI(s) than its instrumentation: package[com.mcfuzzysquirrel.studentfinance]: x86_64, null instrumentation[com.mcfuzzysquirrel.studentfinance.test]: null, null
03-14 22:21:11.137  5281  5281 W .studentfinance: ClassLoaderContext shared library size mismatch. Expected=2, found=0 (PCL[]{PCL[/system/framework/android.test.base.jar*724373495]#PCL[/system/framework/android.test.mock.jar*1452759902]} | PCL[])
03-14 22:21:11.141  5281  5281 W .studentfinance: ClassLoaderContext classpath size mismatch. expected=0, found=1 (PCL[] | PCL[/system/framework/android.test.runner.jar*2496447986])
03-14 22:21:11.147  5281  5281 W .studentfinance: ClassLoaderContext classpath size mismatch. expected=0, found=2 (PCL[] | PCL[/system/framework/android.test.runner.jar*2496447986:/system/framework/android.test.mock.jar*1452759902])
03-14 22:21:11.149  5281  5281 W ziparchive: Unable to open '/data/app/~~9o_ymyW4LoL2TyI4HgxlJA==/com.mcfuzzysquirrel.studentfinance.test-HoleTmH_8bLEFbKDLZRc1w==/base.dm': No such file or directory
03-14 22:21:11.149  5281  5281 W ziparchive: Unable to open '/data/app/~~9o_ymyW4LoL2TyI4HgxlJA==/com.mcfuzzysquirrel.studentfinance.test-HoleTmH_8bLEFbKDLZRc1w==/base.dm': No such file or directory
03-14 22:21:11.372  5281  5281 W ziparchive: Unable to open '/data/app/~~6XK6r8rcT6Xy3dmd6zCA2g==/com.mcfuzzysquirrel.studentfinance-e6TL2QNayJvaVmbb23ERbw==/base.dm': No such file or directory
03-14 22:21:11.372  5281  5281 W ziparchive: Unable to open '/data/app/~~6XK6r8rcT6Xy3dmd6zCA2g==/com.mcfuzzysquirrel.studentfinance-e6TL2QNayJvaVmbb23ERbw==/base.dm': No such file or directory
03-14 22:21:11.998  5281  5281 D nativeloader: Configuring clns-7 for other apk /system/framework/android.test.runner.jar:/system/framework/android.test.mock.jar:/system/framework/android.test.base.jar:/data/app/~~9o_ymyW4LoL2TyI4HgxlJA==/com.mcfuzzysquirrel.studentfinance.test-HoleTmH_8bLEFbKDLZRc1w==/base.apk:/data/app/~~6XK6r8rcT6Xy3dmd6zCA2g==/com.mcfuzzysquirrel.studentfinance-e6TL2QNayJvaVmbb23ERbw==/base.apk. target_sdk_version=36, uses_libraries=, library_path=/data/app/~~9o_ymyW4LoL2TyI4HgxlJA==/com.mcfuzzysquirrel.studentfinance.test-HoleTmH_8bLEFbKDLZRc1w==/lib/x86_64:/data/app/~~6XK6r8rcT6Xy3dmd6zCA2g==/com.mcfuzzysquirrel.studentfinance-e6TL2QNayJvaVmbb23ERbw==/lib/x86_64:/data/app/~~9o_ymyW4LoL2TyI4HgxlJA==/com.mcfuzzysquirrel.studentfinance.test-HoleTmH_8bLEFbKDLZRc1w==/base.apk!/lib/x86_64:/data/app/~~6XK6r8rcT6Xy3dmd6zCA2g==/com.mcfuzzysquirrel.studentfinance-e6TL2QNayJvaVmbb23ERbw==/base.apk!/lib/x86_64, permitted_path=/data:/mnt/expand:/data/user/0/com.mcfuzzysquirrel.studentfinance
03-14 22:21:12.040  5281  5281 V GraphicsEnvironment: Currently set values for:
03-14 22:21:12.040  5281  5281 V GraphicsEnvironment:   angle_gl_driver_selection_pkgs=[]
03-14 22:21:12.040  5281  5281 V GraphicsEnvironment:   angle_gl_driver_selection_values=[]
03-14 22:21:12.040  5281  5281 V GraphicsEnvironment: Global.Settings values are invalid: number of packages: 0, number of values: 0
03-14 22:21:12.040  5281  5281 V GraphicsEnvironment: Neither updatable production driver nor prerelease driver is supported.
03-14 22:21:12.086  5281  5281 D ApplicationLoaders: Returning zygote-cached class loader: /system/framework/android.test.base.jar
03-14 22:21:12.120  5281  5281 D nativeloader: Configuring clns-8 for other apk /system/framework/android.test.mock.jar. target_sdk_version=36, uses_libraries=ALL, library_path=/data/app/~~9o_ymyW4LoL2TyI4HgxlJA==/com.mcfuzzysquirrel.studentfinance.test-HoleTmH_8bLEFbKDLZRc1w==/lib/x86_64:/data/app/~~6XK6r8rcT6Xy3dmd6zCA2g==/com.mcfuzzysquirrel.studentfinance-e6TL2QNayJvaVmbb23ERbw==/lib/x86_64, permitted_path=/data:/mnt/expand
03-14 22:21:12.153  5281  5281 D ApplicationLoaders: Returning zygote-cached class loader: /system/framework/android.test.base.jar
03-14 22:21:12.164  5281  5281 D nativeloader: Configuring clns-9 for other apk /system/framework/android.test.runner.jar. target_sdk_version=36, uses_libraries=ALL, library_path=/data/app/~~9o_ymyW4LoL2TyI4HgxlJA==/com.mcfuzzysquirrel.studentfinance.test-HoleTmH_8bLEFbKDLZRc1w==/lib/x86_64:/data/app/~~6XK6r8rcT6Xy3dmd6zCA2g==/com.mcfuzzysquirrel.studentfinance-e6TL2QNayJvaVmbb23ERbw==/lib/x86_64, permitted_path=/data:/mnt/expand
03-14 22:21:12.166  5281  5281 W .studentfinance: ClassLoaderContext shared library size mismatch. Expected=2, found=3 (PCL[]{PCL[/system/framework/android.test.base.jar*724373495]#PCL[/system/framework/android.test.mock.jar*1452759902]} | PCL[]{PCL[/system/framework/android.test.base.jar*724373495]#PCL[/system/framework/android.test.mock.jar*1452759902]#PCL[/system/framework/android.test.runner.jar*2496447986]{PCL[/system/framework/android.test.base.jar*724373495]#PCL[/system/framework/android.test.mock.jar*1452759902]}};PCL[/system/framework/android.test.runner.jar*2496447986:/system/framework/android.test.mock.jar*1452759902:/system/framework/android.test.base.jar*724373495:/data/app/~~9o_ymyW4LoL2TyI4HgxlJA==/com.mcfuzzysquirrel.studentfinance.test-HoleTmH_8bLEFbKDLZRc1w==/base.apk*3224200876:/data/app/~~6XK6r8rcT6Xy3dmd6zCA2g==/com.mcfuzzysquirrel.studentfinance-e6TL2QNayJvaVmbb23ERbw==/base.apk*3383818782])
03-14 22:21:12.168  5281  5281 W .studentfinance: ClassLoaderContext classpath size mismatch. expected=0, found=1 (PCL[] | PCL[/system/framework/android.test.runner.jar*2496447986]{PCL[/system/framework/android.test.base.jar*724373495]#PCL[/system/framework/android.test.mock.jar*1452759902]#PCL[/system/framework/android.test.runner.jar*2496447986]{PCL[/system/framework/android.test.base.jar*724373495]#PCL[/system/framework/android.test.mock.jar*1452759902]}};PCL[/system/framework/android.test.runner.jar*2496447986:/system/framework/android.test.mock.jar*1452759902:/system/framework/android.test.base.jar*724373495:/data/app/~~9o_ymyW4LoL2TyI4HgxlJA==/com.mcfuzzysquirrel.studentfinance.test-HoleTmH_8bLEFbKDLZRc1w==/base.apk*3224200876:/data/app/~~6XK6r8rcT6Xy3dmd6zCA2g==/com.mcfuzzysquirrel.studentfinance-e6TL2QNayJvaVmbb23ERbw==/base.apk*3383818782])
03-14 22:21:12.177  5281  5281 W .studentfinance: ClassLoaderContext classpath size mismatch. expected=0, found=2 (PCL[] | PCL[/system/framework/android.test.runner.jar*2496447986:/system/framework/android.test.mock.jar*1452759902]{PCL[/system/framework/android.test.base.jar*724373495]#PCL[/system/framework/android.test.mock.jar*1452759902]#PCL[/system/framework/android.test.runner.jar*2496447986]{PCL[/system/framework/android.test.base.jar*724373495]#PCL[/system/framework/android.test.mock.jar*1452759902]}};PCL[/system/framework/android.test.runner.jar*2496447986:/system/framework/android.test.mock.jar*1452759902:/system/framework/android.test.base.jar*724373495:/data/app/~~9o_ymyW4LoL2TyI4HgxlJA==/com.mcfuzzysquirrel.studentfinance.test-HoleTmH_8bLEFbKDLZRc1w==/base.apk*3224200876:/data/app/~~6XK6r8rcT6Xy3dmd6zCA2g==/com.mcfuzzysquirrel.studentfinance-e6TL2QNayJvaVmbb23ERbw==/base.apk*3383818782])
03-14 22:21:12.178  5281  5281 W ziparchive: Unable to open '/data/app/~~9o_ymyW4LoL2TyI4HgxlJA==/com.mcfuzzysquirrel.studentfinance.test-HoleTmH_8bLEFbKDLZRc1w==/base.dm': No such file or directory
03-14 22:21:12.178  5281  5281 W ziparchive: Unable to open '/data/app/~~9o_ymyW4LoL2TyI4HgxlJA==/com.mcfuzzysquirrel.studentfinance.test-HoleTmH_8bLEFbKDLZRc1w==/base.dm': No such file or directory
03-14 22:21:12.640  5281  5281 W ziparchive: Unable to open '/data/app/~~6XK6r8rcT6Xy3dmd6zCA2g==/com.mcfuzzysquirrel.studentfinance-e6TL2QNayJvaVmbb23ERbw==/base.dm': No such file or directory
03-14 22:21:12.640  5281  5281 W ziparchive: Unable to open '/data/app/~~6XK6r8rcT6Xy3dmd6zCA2g==/com.mcfuzzysquirrel.studentfinance-e6TL2QNayJvaVmbb23ERbw==/base.dm': No such file or directory
03-14 22:21:13.578  5281  5281 I AndroidJUnitRunner: newApplication com.mcfuzzysquirrel.studentfinance.MainApplication
03-14 22:21:13.797  5281  5281 I AndroidJUnitRunner: onCreate Bundle[mParcelledData.dataSize=312]
03-14 22:21:13.802  5281  5281 D AndroidJUnitRunner: Use the raw file system for managing file I/O.
03-14 22:21:14.013  5281  5281 V TestEventClient: No service name argument was given (testDiscoveryService, testRunEventService or orchestratorService)
03-14 22:21:14.020  5281  5403 D AndroidJUnitRunner: onStart is called.
03-14 22:21:14.033  5281  5281 W SoLoader: Initializing SoLoader: 0
03-14 22:21:14.035  5281  5281 W SoLoader: Recording new base apk path: /data/app/~~6XK6r8rcT6Xy3dmd6zCA2g==/com.mcfuzzysquirrel.studentfinance-e6TL2QNayJvaVmbb23ERbw==/base.apk
03-14 22:21:14.035  5281  5281 W SoLoader: Previously recorded 0 base apk paths.
03-14 22:21:14.038  5281  5281 I SoLoader: Preparing SO source: DirectorySoSource[root = /vendor/lib64 flags = 2]
03-14 22:21:14.038  5281  5281 I SoLoader: Preparing SO source: DirectorySoSource[root = /system/lib64 flags = 2]
03-14 22:21:14.038  5281  5281 I SoLoader: Preparing SO source: DirectApkSoSource[root = [/data/app/~~6XK6r8rcT6Xy3dmd6zCA2g==/com.mcfuzzysquirrel.studentfinance-e6TL2QNayJvaVmbb23ERbw==/base.apk!/lib/x86_64]]
03-14 22:21:14.127  5281  5281 I SoLoader: Preparing SO source: ApplicationSoSource[DirectorySoSource[root = /data/app/~~6XK6r8rcT6Xy3dmd6zCA2g==/com.mcfuzzysquirrel.studentfinance-e6TL2QNayJvaVmbb23ERbw==/lib/x86_64 flags = 0]]
03-14 22:21:14.127  5281  5281 I SoLoader: init finish: 4 SO sources prepared
03-14 22:21:14.127  5281  5281 W SoLoader: SoLoader initialized: 8
03-14 22:21:14.636  5281  5281 D nativeloader: Load /data/app/~~6XK6r8rcT6Xy3dmd6zCA2g==/com.mcfuzzysquirrel.studentfinance-e6TL2QNayJvaVmbb23ERbw==/base.apk!/lib/x86_64/libc++_shared.so using ns clns-7 from class loader (caller=/data/app/~~6XK6r8rcT6Xy3dmd6zCA2g==/com.mcfuzzysquirrel.studentfinance-e6TL2QNayJvaVmbb23ERbw==/base.apk): ok
03-14 22:21:15.069  5281  5281 D nativeloader: Load /data/app/~~6XK6r8rcT6Xy3dmd6zCA2g==/com.mcfuzzysquirrel.studentfinance-e6TL2QNayJvaVmbb23ERbw==/base.apk!/lib/x86_64/libjsi.so using ns clns-7 from class loader (caller=/data/app/~~6XK6r8rcT6Xy3dmd6zCA2g==/com.mcfuzzysquirrel.studentfinance-e6TL2QNayJvaVmbb23ERbw==/base.apk): ok
03-14 22:21:15.227  5281  5281 D nativeloader: Load /data/app/~~6XK6r8rcT6Xy3dmd6zCA2g==/com.mcfuzzysquirrel.studentfinance-e6TL2QNayJvaVmbb23ERbw==/base.apk!/lib/x86_64/libfbjni.so using ns clns-7 from class loader (caller=/data/app/~~6XK6r8rcT6Xy3dmd6zCA2g==/com.mcfuzzysquirrel.studentfinance-e6TL2QNayJvaVmbb23ERbw==/base.apk): ok
03-14 22:21:15.295  5281  5281 D nativeloader: Load /data/app/~~6XK6r8rcT6Xy3dmd6zCA2g==/com.mcfuzzysquirrel.studentfinance-e6TL2QNayJvaVmbb23ERbw==/base.apk!/lib/x86_64/libreactnative.so using ns clns-7 from class loader (caller=/data/app/~~6XK6r8rcT6Xy3dmd6zCA2g==/com.mcfuzzysquirrel.studentfinance-e6TL2QNayJvaVmbb23ERbw==/base.apk): ok
03-14 22:21:15.295  5281  5281 D jni_lib_merge: Entering merged library JNI_OnLoad.
03-14 22:21:15.295  5281  5281 D jni_lib_merge: Preparing 12 pre-merged libs (including stub)
03-14 22:21:15.295  5281  5281 D jni_lib_merge: Preparing to register libfabricjni_so.  onload_func: 0x7f2caa75d730
03-14 22:21:15.295  5281  5281 D jni_lib_merge: Preparing to register libreact_devsupportjni_so.  onload_func: 0x7f2caa95a190
03-14 22:21:15.295  5281  5281 D jni_lib_merge: Preparing to register libreact_featureflagsjni_so.  onload_func: 0x7f2caa96b910
03-14 22:21:15.295  5281  5281 D jni_lib_merge: Preparing to register libreact_newarchdefaults_so.  onload_func: 0x7f2caaa0cd20
03-14 22:21:15.295  5281  5281 D jni_lib_merge: Preparing to register libreactnativeblob_so.  onload_func: 0x7f2caac172e0
03-14 22:21:15.295  5281  5281 D jni_lib_merge: Preparing to register libreactnativejni_so.  onload_func: 0x7f2caac57770
03-14 22:21:15.295  5281  5281 D jni_lib_merge: Preparing to register libreactnativejni_common_so.  onload_func: 0x7f2caac675d0
03-14 22:21:15.295  5281  5281 D jni_lib_merge: Preparing to register librninstance_so.  onload_func: 0x7f2caaca44c0
03-14 22:21:15.295  5281  5281 D jni_lib_merge: Preparing to register libturbomodulejsijni_so.  onload_func: 0x7f2caae05c00
03-14 22:21:15.295  5281  5281 D jni_lib_merge: Preparing to register libuimanagerjni_so.  onload_func: 0x7f2caae1dde0
03-14 22:21:15.295  5281  5281 D jni_lib_merge: Preparing to register libyoga_so.  onload_func: 0x7f2caae2cd70
03-14 22:21:15.296  5281  5281 D jni_lib_merge: About to register 11 actual methods.
03-14 22:21:15.659  5281  5281 D nativeloader: Load /data/app/~~6XK6r8rcT6Xy3dmd6zCA2g==/com.mcfuzzysquirrel.studentfinance-e6TL2QNayJvaVmbb23ERbw==/base.apk!/lib/x86_64/libreact_codegen_rnscreens.so using ns clns-7 from class loader (caller=/data/app/~~6XK6r8rcT6Xy3dmd6zCA2g==/com.mcfuzzysquirrel.studentfinance-e6TL2QNayJvaVmbb23ERbw==/base.apk): ok
03-14 22:21:15.659  5281  5281 D jni_lib_merge: Entering merged library JNI_OnLoad.
03-14 22:21:15.659  5281  5281 D jni_lib_merge: Preparing 12 pre-merged libs (including stub)
03-14 22:21:15.659  5281  5281 D jni_lib_merge: Preparing to register libfabricjni_so.  onload_func: 0x7f2caa75d730
03-14 22:21:15.659  5281  5281 D jni_lib_merge: Preparing to register libreact_devsupportjni_so.  onload_func: 0x7f2caa95a190
03-14 22:21:15.659  5281  5281 D jni_lib_merge: Preparing to register libreact_featureflagsjni_so.  onload_func: 0x7f2caa96b910
03-14 22:21:15.659  5281  5281 D jni_lib_merge: Preparing to register libreact_newarchdefaults_so.  onload_func: 0x7f2caaa0cd20
03-14 22:21:15.659  5281  5281 D jni_lib_merge: Preparing to register libreactnativeblob_so.  onload_func: 0x7f2caac172e0
03-14 22:21:15.659  5281  5281 D jni_lib_merge: Preparing to register libreactnativejni_so.  onload_func: 0x7f2caac57770
03-14 22:21:15.659  5281  5281 D jni_lib_merge: Preparing to register libreactnativejni_common_so.  onload_func: 0x7f2caac675d0
03-14 22:21:15.659  5281  5281 D jni_lib_merge: Preparing to register librninstance_so.  onload_func: 0x7f2caaca44c0
03-14 22:21:15.659  5281  5281 D jni_lib_merge: Preparing to register libturbomodulejsijni_so.  onload_func: 0x7f2caae05c00
03-14 22:21:15.659  5281  5281 D jni_lib_merge: Preparing to register libuimanagerjni_so.  onload_func: 0x7f2caae1dde0
03-14 22:21:15.659  5281  5281 D jni_lib_merge: Preparing to register libyoga_so.  onload_func: 0x7f2caae2cd70
03-14 22:21:15.659  5281  5281 D jni_lib_merge: About to register 11 actual methods.
03-14 22:21:15.842  5281  5281 D nativeloader: Load /data/app/~~6XK6r8rcT6Xy3dmd6zCA2g==/com.mcfuzzysquirrel.studentfinance-e6TL2QNayJvaVmbb23ERbw==/base.apk!/lib/x86_64/libreact_codegen_rnsvg.so using ns clns-7 from class loader (caller=/data/app/~~6XK6r8rcT6Xy3dmd6zCA2g==/com.mcfuzzysquirrel.studentfinance-e6TL2QNayJvaVmbb23ERbw==/base.apk): ok
03-14 22:21:15.843  5281  5281 D jni_lib_merge: Entering merged library JNI_OnLoad.
03-14 22:21:15.843  5281  5281 D jni_lib_merge: Preparing 12 pre-merged libs (including stub)
03-14 22:21:15.843  5281  5281 D jni_lib_merge: Preparing to register libfabricjni_so.  onload_func: 0x7f2caa75d730
03-14 22:21:15.843  5281  5281 D jni_lib_merge: Preparing to register libreact_devsupportjni_so.  onload_func: 0x7f2caa95a190
03-14 22:21:15.843  5281  5281 D jni_lib_merge: Preparing to register libreact_featureflagsjni_so.  onload_func: 0x7f2caa96b910
03-14 22:21:15.843  5281  5281 D jni_lib_merge: Preparing to register libreact_newarchdefaults_so.  onload_func: 0x7f2caaa0cd20
03-14 22:21:15.843  5281  5281 D jni_lib_merge: Preparing to register libreactnativeblob_so.  onload_func: 0x7f2caac172e0
03-14 22:21:15.843  5281  5281 D jni_lib_merge: Preparing to register libreactnativejni_so.  onload_func: 0x7f2caac57770
03-14 22:21:15.843  5281  5281 D jni_lib_merge: Preparing to register libreactnativejni_common_so.  onload_func: 0x7f2caac675d0
03-14 22:21:15.843  5281  5281 D jni_lib_merge: Preparing to register librninstance_so.  onload_func: 0x7f2caaca44c0
03-14 22:21:15.843  5281  5281 D jni_lib_merge: Preparing to register libturbomodulejsijni_so.  onload_func: 0x7f2caae05c00
03-14 22:21:15.843  5281  5281 D jni_lib_merge: Preparing to register libuimanagerjni_so.  onload_func: 0x7f2caae1dde0
03-14 22:21:15.843  5281  5281 D jni_lib_merge: Preparing to register libyoga_so.  onload_func: 0x7f2caae2cd70
03-14 22:21:15.843  5281  5281 D jni_lib_merge: About to register 11 actual methods.
03-14 22:21:15.860  5281  5281 D nativeloader: Load /data/app/~~6XK6r8rcT6Xy3dmd6zCA2g==/com.mcfuzzysquirrel.studentfinance-e6TL2QNayJvaVmbb23ERbw==/base.apk!/lib/x86_64/libreact_codegen_safeareacontext.so using ns clns-7 from class loader (caller=/data/app/~~6XK6r8rcT6Xy3dmd6zCA2g==/com.mcfuzzysquirrel.studentfinance-e6TL2QNayJvaVmbb23ERbw==/base.apk): ok
03-14 22:21:15.869  5281  5281 D nativeloader: Load /data/app/~~6XK6r8rcT6Xy3dmd6zCA2g==/com.mcfuzzysquirrel.studentfinance-e6TL2QNayJvaVmbb23ERbw==/base.apk!/lib/x86_64/libappmodules.so using ns clns-7 from class loader (caller=/data/app/~~6XK6r8rcT6Xy3dmd6zCA2g==/com.mcfuzzysquirrel.studentfinance-e6TL2QNayJvaVmbb23ERbw==/base.apk): ok
03-14 22:21:15.933  5281  5281 I Choreographer: Skipped 128 frames!  The application may be doing too much work on its main thread.
03-14 22:21:15.999  5281  5403 I InstrConnection: Could not send broadcast or register receiver (isolatedProcess?)
03-14 22:21:16.007  5281  5403 D TestRequestBuilder: Using class path scanning to discover tests
03-14 22:21:16.008  5281  5403 I TestRequestBuilder: Scanning classpath to find tests in paths [/data/app/~~9o_ymyW4LoL2TyI4HgxlJA==/com.mcfuzzysquirrel.studentfinance.test-HoleTmH_8bLEFbKDLZRc1w==/base.apk]
03-14 22:21:16.008  5281  5403 W .studentfinance: Opening an oat file without a class loader. Are you using the deprecated DexFile APIs?
03-14 22:21:17.500  5281  5403 I TestRunner: run started: 1 tests
03-14 22:21:17.501  5281  5403 I TestRunner: started: runDetoxTests(com.mcfuzzysquirrel.studentfinance.DetoxTest)
03-14 22:21:17.547  5281  5403 I Detox   : Detox server connection details: url=ws://localhost:32853, sessionId=28ffbbac-a381-3279-84c8-88dd301ab61a
03-14 22:21:17.562  5281  5403 I Tracing : Tracer added: class androidx.test.platform.tracing.AndroidXTracer
03-14 22:21:17.607  5281  5403 W .studentfinance: Accessing hidden field Ljava/lang/reflect/Field;->accessFlags:I (unsupported, reflection, allowed)
03-14 22:21:17.609  5281  5403 I Detox   : Connecting to server...
03-14 22:21:17.609  5281  5403 I DetoxWSClient: At connectToServer
03-14 22:21:17.826  5281  5557 D TrafficStats: tagSocket(102) with statsTag=0xffffffff, statsUid=-1
03-14 22:21:17.844  5281  5557 D DetoxWSClient: At onOpen
03-14 22:21:17.844  5281  5557 I DetoxWSClient: Sending out action 'login' (ID #0)
03-14 22:21:17.845  5281  5557 I Detox   : Connected to server!
03-14 22:21:17.849  5281  5557 D DetoxWSClient: Received action 'loginSuccess' (ID #0, params={"testerConnected":true,"appConnected":true})
03-14 22:21:17.849  5281  5549 I DetoxDispatcher: Handling action 'loginSuccess' (ID #0)...
03-14 22:21:17.850  5281  5403 I Detox   : Launching the tested activity!
03-14 22:21:17.850  5281  5549 I DetoxDispatcher: Done with action 'loginSuccess'
03-14 22:21:17.891  5281  5557 D DetoxWSClient: Received action 'isReady' (ID #-1000, params={})
03-14 22:21:17.891  5281  5549 I DetoxDispatcher: Handling action 'isReady' (ID #-1000)...
03-14 22:21:18.184  5281  5281 D AppCompatDelegate: Checking for metadata for AppLocalesMetadataHolderService : Service not found
03-14 22:21:18.327  5281  5281 D LifecycleMonitor: Lifecycle status change: com.mcfuzzysquirrel.studentfinance.MainActivity@ed28750 in: PRE_ON_CREATE
03-14 22:21:18.783  5281  5595 D TrafficStats: tagSocket(109) with statsTag=0xffffffff, statsUid=-1
03-14 22:21:18.838  5281  5595 W unknown:ReconnectingWebSocket: Couldn't connect to "ws://10.0.2.2:8081/message?device=sdk_gphone64_x86_64%20-%2015%20-%20API%2035&app=com.mcfuzzysquirrel.studentfinance&clientid=BridgelessDevSupportManager", will silently retry
03-14 22:21:18.872  5281  5281 W unknown:BridgelessReact: ReactHost{0}.startSurface(surfaceId = 0): Schedule
03-14 22:21:18.872  5281  5281 W unknown:BridgelessReact: ReactHost{0}.attachSurface(surfaceId = 0)
03-14 22:21:18.874  5281  5599 W unknown:BridgelessReact: ReactHost{0}.getOrCreateReactInstanceTask()
03-14 22:21:18.876  5281  5599 W unknown:BridgelessReact: ReactHost{0}.getOrCreateReactInstanceTask(): Start
03-14 22:21:18.876  5281  5599 D Detox.RNMarker: REACT_BRIDGELESS_LOADING_START (null)
03-14 22:21:18.876  5281  5599 W unknown:BridgelessReact: ReactHost{0}.getJSBundleLoader()
03-14 22:21:18.876  5281  5599 W unknown:BridgelessReact: ReactHost{0}.isMetroRunning()
03-14 22:21:18.885  5281  5600 D TrafficStats: tagSocket(109) with statsTag=0xffffffff, statsUid=-1
03-14 22:21:18.893  5281  5600 W unknown:ReactNative: The packager does not seem to be running as we got an IOException requesting its status: Failed to connect to /10.0.2.2:8081
03-14 22:21:18.894  5281  5600 W unknown:BridgelessReact: ReactHost{0}.isMetroRunning(): Async result = false
03-14 22:21:18.898  5281  5599 W unknown:BridgelessReact: ReactHost{0}.getOrCreateReactInstanceTask(): Creating BridgelessReactContext
03-14 22:21:18.900  5281  5599 W unknown:BridgelessReact: ReactHost{0}.getOrCreateReactInstanceTask(): Creating ReactInstance
03-14 22:21:18.967  5281  5281 W .studentfinance: Accessing hidden method Landroid/view/ViewGroup;->makeOptionalFitsSystemWindows()V (unsupported, reflection, allowed)
03-14 22:21:18.998  5281  5281 D LifecycleMonitor: Lifecycle status change: com.mcfuzzysquirrel.studentfinance.MainActivity@ed28750 in: CREATED
03-14 22:21:19.005  5281  5281 D LifecycleMonitor: Lifecycle status change: com.mcfuzzysquirrel.studentfinance.MainActivity@ed28750 in: STARTED
03-14 22:21:19.015  5281  5281 W unknown:BridgelessReact: ReactHost{0}.onHostResume(activity)
03-14 22:21:19.015  5281  5281 W unknown:ReactNative: Packager connection already open, nooping.
03-14 22:21:19.016  5281  5281 W unknown:BridgelessReact: ReactHost{0}.ReactContext.onHostResume()
03-14 22:21:19.016  5281  5281 D LifecycleMonitor: Lifecycle status change: com.mcfuzzysquirrel.studentfinance.MainActivity@ed28750 in: RESUMED
03-14 22:21:19.028  5281  5281 W HWUI    : Unknown dataspace 0
03-14 22:21:19.032  5281  5606 D TrafficStats: tagSocket(117) with statsTag=0xffffffff, statsUid=-1
03-14 22:21:19.104  5281  5599 D nativeloader: Load /data/app/~~6XK6r8rcT6Xy3dmd6zCA2g==/com.mcfuzzysquirrel.studentfinance-e6TL2QNayJvaVmbb23ERbw==/base.apk!/lib/x86_64/libhermesvm.so using ns clns-7 from class loader (caller=/data/app/~~6XK6r8rcT6Xy3dmd6zCA2g==/com.mcfuzzysquirrel.studentfinance-e6TL2QNayJvaVmbb23ERbw==/base.apk): ok
03-14 22:21:19.111  5281  5599 D nativeloader: Load /data/app/~~6XK6r8rcT6Xy3dmd6zCA2g==/com.mcfuzzysquirrel.studentfinance-e6TL2QNayJvaVmbb23ERbw==/base.apk!/lib/x86_64/libhermestooling.so using ns clns-7 from class loader (caller=/data/app/~~6XK6r8rcT6Xy3dmd6zCA2g==/com.mcfuzzysquirrel.studentfinance-e6TL2QNayJvaVmbb23ERbw==/base.apk): ok
03-14 22:21:19.112  5281  5599 D jni_lib_merge: Entering merged library JNI_OnLoad.
03-14 22:21:19.112  5281  5599 D jni_lib_merge: Preparing 4 pre-merged libs (including stub)
03-14 22:21:19.113  5281  5599 D jni_lib_merge: Preparing to register libhermes_executor_so.  onload_func: 0x7f2c9c133050
03-14 22:21:19.113  5281  5599 D jni_lib_merge: Preparing to register libhermesinstancejni_so.  onload_func: 0x7f2c9c169680
03-14 22:21:19.113  5281  5599 D jni_lib_merge: Preparing to register libjsijniprofiler_so.  onload_func: 0x7f2c9c16b3f0
03-14 22:21:19.113  5281  5599 D jni_lib_merge: About to register 3 actual methods.
03-14 22:21:19.116  5281  5579 I EGL_emulation: Opening libGLESv1_CM_emulation.so
03-14 22:21:19.116  5281  5579 I EGL_emulation: Opening libGLESv2_emulation.so
03-14 22:21:19.152  5281  5579 W HWUI    : Failed to initialize 101010-2 format, error = EGL_SUCCESS
03-14 22:21:19.227  5281  5579 I Gralloc4: mapper 4.x is not supported
03-14 22:21:20.021  5281  5599 I ExpoModulesCore: ✅ AppContext was initialized
03-14 22:21:20.169  5281  5599 W unknown:BridgelessReact: ReactHost{0}.getOrCreateReactInstanceTask(): Loading JS Bundle
03-14 22:21:20.172  5281  5601 D Detox.RNMarker: RUN_JS_BUNDLE_START (index.android.bundle)
03-14 22:21:20.187  5281  5599 W unknown:BridgelessReact: ReactHost{0}.getOrCreateReactInstanceTask(): DevSupportManager.onNewReactContextCreated()
03-14 22:21:20.206  5281  5281 W unknown:ReactNative: Packager connection already open, nooping.
03-14 22:21:20.207  5281  5281 W unknown:BridgelessReact: ReactHost{0}.ReactContext.onHostResume()
03-14 22:21:20.207  5281  5281 W unknown:BridgelessReact: ReactHost{0}.getOrCreateReactInstanceTask(): Executing ReactInstanceEventListeners
03-14 22:21:20.207  5281  5281 I DetoxRNLoading: Got new RN-context through listener
03-14 22:21:20.211  5281  5549 W .studentfinance: Long monitor contention with owner Instr: androidx.test.runner.AndroidJUnitRunner (5403) at void com.wix.detox.DetoxMain.launchActivityOnCue(android.content.Context, com.wix.detox.ActivityLaunchHelper)(DetoxMain.kt:53) waiters=0 in void com.wix.detox.DetoxMain$setupActionHandlers$SynchronizedActionHandler.handle(java.lang.String, long) for 2.313s
03-14 22:21:20.215  5281  5599 W unknown:BridgelessReact: ReactHost{0}.startSurface(surfaceId = 0): Execute
03-14 22:21:20.215  5281  5281 W .studentfinance: Accessing hidden method Landroid/os/MessageQueue;->next()Landroid/os/Message; (unsupported, reflection, allowed)
03-14 22:21:20.215  5281  5281 W .studentfinance: Accessing hidden field Landroid/os/MessageQueue;->mMessages:Landroid/os/Message; (unsupported, reflection, allowed)
03-14 22:21:20.219  5281  5281 W .studentfinance: Accessing hidden method Landroid/os/Message;->recycleUnchecked()V (unsupported, reflection, allowed)
03-14 22:21:20.222  5281  5281 I Detox   : Wait is over: App is now idle!
03-14 22:21:20.223  5281  5549 I DetoxWSClient: Sending out action 'ready' (ID #-1000)
03-14 22:21:20.225  5281  5549 I DetoxDispatcher: Done with action 'isReady'
03-14 22:21:20.237  5281  5557 D DetoxWSClient: Received action 'invoke' (ID #3, params={"target":{"type":"Class","value":"com.wix.detox.espresso.DetoxAssertion"},"method":"waitForAssertMatcher","args":[{"type":"Invocation","value":{"target":{"type":"Class","value":"androidx.test.espresso.Espresso"},"method":"onView","args":[{"type":"Invocation","value":{"target":{"type":"Class","value":"com.wix.detox.espresso.DetoxMatcher"},"method":"matcherForTestId","args":["dashboard-add-expense-button",{"type":"boolean","value":false}]}}]}},{"type":"Invocation","value":{"target":{"type":"Class","value":"com.wix.detox.espresso.DetoxMatcher"},"method":"matcherForSufficientlyVisible","args":[{"type":"Integer","value":75}]}},{"type":"Double","value":10}]})
03-14 22:21:20.238  5281  5549 I DetoxDispatcher: Handling action 'invoke' (ID #3)...
03-14 22:21:20.256  5281  5549 D Detox   : class com.wix.detox.espresso.DetoxMatcher, matcherForTestId, [dashboard-add-expense-button, false]
03-14 22:21:20.261  5281  5601 D nativeloader: Load /data/app/~~6XK6r8rcT6Xy3dmd6zCA2g==/com.mcfuzzysquirrel.studentfinance-e6TL2QNayJvaVmbb23ERbw==/base.apk!/lib/x86_64/libexpo-modules-core.so using ns clns-7 from class loader (caller=/data/app/~~6XK6r8rcT6Xy3dmd6zCA2g==/com.mcfuzzysquirrel.studentfinance-e6TL2QNayJvaVmbb23ERbw==/base.apk): ok
03-14 22:21:20.273  5281  5549 D Detox   : class androidx.test.espresso.Espresso, onView, [(view.getTag() is "dashboard-add-expense-button" and view has effective visibility <VISIBLE>)]
03-14 22:21:20.283  5281  5549 D Detox   : class com.wix.detox.espresso.DetoxMatcher, matcherForSufficientlyVisible, [75]
03-14 22:21:20.286  5281  5549 D Detox   : class com.wix.detox.espresso.DetoxAssertion, waitForAssertMatcher, [androidx.test.espresso.ViewInteraction@8bde3f9, (view has effective visibility <VISIBLE> and view.getGlobalVisibleRect() covers at least <75> percent of the view's area), 10.0]
03-14 22:21:20.314  5281  5281 I ViewInteraction: Checking 'MatchesViewAssertion(Detox){viewMatcher=(view has effective visibility <VISIBLE> and view.getGlobalVisibleRect() covers at least <75> percent of the view's area)}' assertion on view (view.getTag() is "dashboard-add-expense-button" and view has effective visibility <VISIBLE>)
03-14 22:21:20.360  5281  5281 I ViewInteraction: Checking 'MatchesViewAssertion(Detox){viewMatcher=(view has effective visibility <VISIBLE> and view.getGlobalVisibleRect() covers at least <75> percent of the view's area)}' assertion on view (view.getTag() is "dashboard-add-expense-button" and view has effective visibility <VISIBLE>)
03-14 22:21:20.372  5281  5601 W unknown:ViewManagerPropertyUpdater: Could not find generated setter for class com.th3rdwave.safeareacontext.SafeAreaProviderManager
03-14 22:21:20.380  5281  5601 W unknown:ViewManagerPropertyUpdater: Could not find generated setter for class com.facebook.react.uimanager.LayoutShadowNode
03-14 22:21:20.400  5281  5281 I ViewInteraction: Checking 'MatchesViewAssertion(Detox){viewMatcher=(view has effective visibility <VISIBLE> and view.getGlobalVisibleRect() covers at least <75> percent of the view's area)}' assertion on view (view.getTag() is "dashboard-add-expense-button" and view has effective visibility <VISIBLE>)
03-14 22:21:20.405  5281  5601 W unknown:ViewManagerPropertyUpdater: Could not find generated setter for class com.swmansion.rnscreens.SearchBarManager
03-14 22:21:20.407  5281  5601 W unknown:ViewManagerPropertyUpdater: Could not find generated setter for class com.swmansion.rnscreens.ScreenFooterManager
03-14 22:21:20.409  5281  5601 W unknown:ViewManagerPropertyUpdater: Could not find generated setter for class expo.modules.kotlin.views.GroupViewManagerWrapper
03-14 22:21:20.413  5281  5601 W unknown:ViewManagerPropertyUpdater: Could not find generated setter for class com.swmansion.rnscreens.ScreenContainerViewManager
03-14 22:21:20.416  5281  5601 W unknown:ViewManagerPropertyUpdater: Could not find generated setter for class com.swmansion.rnscreens.ModalScreenViewManager
03-14 22:21:20.418  5281  5601 W unknown:ViewManagerPropertyUpdater: Could not find generated setter for class com.swmansion.rnscreens.ScreenStackHeaderConfigViewManager
03-14 22:21:20.420  5281  5601 W unknown:ViewManagerPropertyUpdater: Could not find generated setter for class com.swmansion.rnscreens.ScreenContentWrapperManager
03-14 22:21:20.421  5281  5601 W unknown:ViewManagerPropertyUpdater: Could not find generated setter for class com.swmansion.rnscreens.gamma.tabs.TabsScreenViewManager
03-14 22:21:20.428  5281  5601 W unknown:ViewManagerPropertyUpdater: Could not find generated setter for class com.th3rdwave.safeareacontext.SafeAreaViewManager
03-14 22:21:20.430  5281  5601 W unknown:ViewManagerPropertyUpdater: Could not find generated setter for class com.th3rdwave.safeareacontext.SafeAreaViewShadowNode
03-14 22:21:20.439  5281  5281 I ViewInteraction: Checking 'MatchesViewAssertion(Detox){viewMatcher=(view has effective visibility <VISIBLE> and view.getGlobalVisibleRect() covers at least <75> percent of the view's area)}' assertion on view (view.getTag() is "dashboard-add-expense-button" and view has effective visibility <VISIBLE>)
03-14 22:21:20.440  5281  5601 W unknown:ViewManagerPropertyUpdater: Could not find generated setter for class com.swmansion.rnscreens.safearea.SafeAreaViewManager
03-14 22:21:20.442  5281  5601 W unknown:ViewManagerPropertyUpdater: Could not find generated setter for class com.swmansion.rnscreens.safearea.paper.SafeAreaViewShadowNode
03-14 22:21:20.443  5281  5601 W unknown:ViewManagerPropertyUpdater: Could not find generated setter for class com.swmansion.rnscreens.ScreenViewManager
03-14 22:21:20.444  5281  5601 W unknown:ViewManagerPropertyUpdater: Could not find generated setter for class com.swmansion.rnscreens.gamma.stack.host.StackHostViewManager
03-14 22:21:20.444  5281  5601 W unknown:ViewManagerPropertyUpdater: Could not find generated setter for class com.swmansion.rnscreens.ScreenStackHeaderSubviewManager
03-14 22:21:20.446  5281  5601 W unknown:ViewManagerPropertyUpdater: Could not find generated setter for class com.swmansion.rnscreens.gamma.stack.screen.StackScreenViewManager
03-14 22:21:20.447  5281  5601 W unknown:ViewManagerPropertyUpdater: Could not find generated setter for class com.swmansion.rnscreens.ScreenStackViewManager
03-14 22:21:20.449  5281  5601 W unknown:ViewManagerPropertyUpdater: Could not find generated setter for class com.swmansion.rnscreens.gamma.tabs.TabsHostViewManager
03-14 22:21:20.472  5281  5281 I ViewInteraction: Checking 'MatchesViewAssertion(Detox){viewMatcher=(view has effective visibility <VISIBLE> and view.getGlobalVisibleRect() covers at least <75> percent of the view's area)}' assertion on view (view.getTag() is "dashboard-add-expense-button" and view has effective visibility <VISIBLE>)
03-14 22:21:20.511  5281  5281 I ViewInteraction: Checking 'MatchesViewAssertion(Detox){viewMatcher=(view has effective visibility <VISIBLE> and view.getGlobalVisibleRect() covers at least <75> percent of the view's area)}' assertion on view (view.getTag() is "dashboard-add-expense-button" and view has effective visibility <VISIBLE>)
03-14 22:21:20.545  5281  5281 I ViewInteraction: Checking 'MatchesViewAssertion(Detox){viewMatcher=(view has effective visibility <VISIBLE> and view.getGlobalVisibleRect() covers at least <75> percent of the view's area)}' assertion on view (view.getTag() is "dashboard-add-expense-button" and view has effective visibility <VISIBLE>)
03-14 22:21:20.585  5281  5281 I ViewInteraction: Checking 'MatchesViewAssertion(Detox){viewMatcher=(view has effective visibility <VISIBLE> and view.getGlobalVisibleRect() covers at least <75> percent of the view's area)}' assertion on view (view.getTag() is "dashboard-add-expense-button" and view has effective visibility <VISIBLE>)
03-14 22:21:20.617  5281  5281 I ViewInteraction: Checking 'MatchesViewAssertion(Detox){viewMatcher=(view has effective visibility <VISIBLE> and view.getGlobalVisibleRect() covers at least <75> percent of the view's area)}' assertion on view (view.getTag() is "dashboard-add-expense-button" and view has effective visibility <VISIBLE>)
03-14 22:21:20.658  5281  5281 I ViewInteraction: Checking 'MatchesViewAssertion(Detox){viewMatcher=(view has effective visibility <VISIBLE> and view.getGlobalVisibleRect() covers at least <75> percent of the view's area)}' assertion on view (view.getTag() is "dashboard-add-expense-button" and view has effective visibility <VISIBLE>)
03-14 22:21:20.691  5281  5281 I ViewInteraction: Checking 'MatchesViewAssertion(Detox){viewMatcher=(view has effective visibility <VISIBLE> and view.getGlobalVisibleRect() covers at least <75> percent of the view's area)}' assertion on view (view.getTag() is "dashboard-add-expense-button" and view has effective visibility <VISIBLE>)
03-14 22:21:20.729  5281  5281 I ViewInteraction: Checking 'MatchesViewAssertion(Detox){viewMatcher=(view has effective visibility <VISIBLE> and view.getGlobalVisibleRect() covers at least <75> percent of the view's area)}' assertion on view (view.getTag() is "dashboard-add-expense-button" and view has effective visibility <VISIBLE>)
03-14 22:21:20.746  5281  5601 W unknown:ViewManagerPropertyUpdater: Could not find generated setter for class com.horcrux.svg.RenderableViewManager$DefsViewManager
03-14 22:21:20.749  5281  5601 W unknown:ViewManagerPropertyUpdater: Could not find generated setter for class com.horcrux.svg.VirtualViewManager$RenderableShadowNode
03-14 22:21:20.768  5281  5281 I ViewInteraction: Checking 'MatchesViewAssertion(Detox){viewMatcher=(view has effective visibility <VISIBLE> and view.getGlobalVisibleRect() covers at least <75> percent of the view's area)}' assertion on view (view.getTag() is "dashboard-add-expense-button" and view has effective visibility <VISIBLE>)
03-14 22:21:20.782  5281  5601 W unknown:ViewManagerPropertyUpdater: Could not find generated setter for class com.facebook.react.views.debuggingoverlay.DebuggingOverlayManager
03-14 22:21:20.792  5281  5601 W unknown:ViewManagerPropertyUpdater: Could not find generated setter for class com.horcrux.svg.RenderableViewManager$FeMergeManager
03-14 22:21:20.800  5281  5281 I ViewInteraction: Checking 'MatchesViewAssertion(Detox){viewMatcher=(view has effective visibility <VISIBLE> and view.getGlobalVisibleRect() covers at least <75> percent of the view's area)}' assertion on view (view.getTag() is "dashboard-add-expense-button" and view has effective visibility <VISIBLE>)
03-14 22:21:20.807  5281  5601 W unknown:ViewManagerPropertyUpdater: Could not find generated setter for class com.facebook.react.views.safeareaview.ReactSafeAreaViewManager
03-14 22:21:20.813  5281  5601 W unknown:ViewManagerPropertyUpdater: Could not find generated setter for class com.horcrux.svg.RenderableViewManager$LinearGradientManager
03-14 22:21:20.820  5281  5601 W unknown:ViewManagerPropertyUpdater: Could not find generated setter for class com.horcrux.svg.RenderableViewManager$FeGaussianBlurManager
03-14 22:21:20.831  5281  5601 W unknown:ViewManagerPropertyUpdater: Could not find generated setter for class com.facebook.react.views.progressbar.ReactProgressBarViewManager
03-14 22:21:20.836  5281  5601 W unknown:ViewManagerPropertyUpdater: Could not find generated setter for class com.facebook.react.views.progressbar.ProgressBarShadowNode
03-14 22:21:20.846  5281  5595 D TrafficStats: tagSocket(6) with statsTag=0xffffffff, statsUid=-1
03-14 22:21:20.855  5281  5601 W unknown:ViewManagerPropertyUpdater: Could not find generated setter for class com.facebook.react.views.scroll.ReactHorizontalScrollViewManager
03-14 22:21:20.877  5281  5601 W unknown:ViewManagerPropertyUpdater: Could not find generated setter for class com.facebook.react.views.text.ReactTextViewManager
03-14 22:21:20.879  5281  5281 I ViewInteraction: Checking 'MatchesViewAssertion(Detox){viewMatcher=(view has effective visibility <VISIBLE> and view.getGlobalVisibleRect() covers at least <75> percent of the view's area)}' assertion on view (view.getTag() is "dashboard-add-expense-button" and view has effective visibility <VISIBLE>)
03-14 22:21:20.881  5281  5601 W unknown:ViewManagerPropertyUpdater: Could not find generated setter for class com.facebook.react.views.text.ReactTextShadowNode
03-14 22:21:20.900  5281  5601 W unknown:ViewManagerPropertyUpdater: Could not find generated setter for class com.horcrux.svg.RenderableViewManager$FeColorMatrixManager
03-14 22:21:20.914  5281  5281 I ViewInteraction: Checking 'MatchesViewAssertion(Detox){viewMatcher=(view has effective visibility <VISIBLE> and view.getGlobalVisibleRect() covers at least <75> percent of the view's area)}' assertion on view (view.getTag() is "dashboard-add-expense-button" and view has effective visibility <VISIBLE>)
03-14 22:21:20.917  5281  5601 W unknown:ViewManagerPropertyUpdater: Could not find generated setter for class com.facebook.react.views.scroll.ReactHorizontalScrollContainerViewManager
03-14 22:21:20.943  5281  5601 W unknown:ViewManagerPropertyUpdater: Could not find generated setter for class com.horcrux.svg.RenderableViewManager$ClipPathViewManager
03-14 22:21:20.950  5281  5281 I ViewInteraction: Checking 'MatchesViewAssertion(Detox){viewMatcher=(view has effective visibility <VISIBLE> and view.getGlobalVisibleRect() covers at least <75> percent of the view's area)}' assertion on view (view.getTag() is "dashboard-add-expense-button" and view has effective visibility <VISIBLE>)
03-14 22:21:20.968  5281  5601 W unknown:ViewManagerPropertyUpdater: Could not find generated setter for class com.horcrux.svg.RenderableViewManager$SymbolManager
03-14 22:21:20.982  5281  5281 I ViewInteraction: Checking 'MatchesViewAssertion(Detox){viewMatcher=(view has effective visibility <VISIBLE> and view.getGlobalVisibleRect() covers at least <75> percent of the view's area)}' assertion on view (view.getTag() is "dashboard-add-expense-button" and view has effective visibility <VISIBLE>)
03-14 22:21:20.985  5281  5601 W unknown:ViewManagerPropertyUpdater: Could not find generated setter for class com.horcrux.svg.RenderableViewManager$PatternManager
03-14 22:21:20.998  5281  5601 W unknown:ViewManagerPropertyUpdater: Could not find generated setter for class com.horcrux.svg.RenderableViewManager$FeBlendManager
03-14 22:21:21.007  5281  5601 W unknown:ViewManagerPropertyUpdater: Could not find generated setter for class com.facebook.react.views.view.ReactViewManager
03-14 22:21:21.020  5281  5601 W unknown:ViewManagerPropertyUpdater: Could not find generated setter for class com.horcrux.svg.SvgViewManager
03-14 22:21:21.023  5281  5281 I ViewInteraction: Checking 'MatchesViewAssertion(Detox){viewMatcher=(view has effective visibility <VISIBLE> and view.getGlobalVisibleRect() covers at least <75> percent of the view's area)}' assertion on view (view.getTag() is "dashboard-add-expense-button" and view has effective visibility <VISIBLE>)
03-14 22:21:21.037  5281  5601 W unknown:ViewManagerPropertyUpdater: Could not find generated setter for class com.facebook.react.views.switchview.ReactSwitchManager
03-14 22:21:21.038  5281  5601 W unknown:ViewManagerPropertyUpdater: Could not find generated setter for class com.facebook.react.views.switchview.ReactSwitchShadowNode
03-14 22:21:21.054  5281  5281 I ViewInteraction: Checking 'MatchesViewAssertion(Detox){viewMatcher=(view has effective visibility <VISIBLE> and view.getGlobalVisibleRect() covers at least <75> percent of the view's area)}' assertion on view (view.getTag() is "dashboard-add-expense-button" and view has effective visibility <VISIBLE>)
03-14 22:21:21.054  5281  5601 W unknown:ViewManagerPropertyUpdater: Could not find generated setter for class com.horcrux.svg.RenderableViewManager$UseViewManager
03-14 22:21:21.074  5281  5601 W unknown:ViewManagerPropertyUpdater: Could not find generated setter for class com.horcrux.svg.RenderableViewManager$CircleViewManager
03-14 22:21:21.085  5281  5281 I ViewInteraction: Checking 'MatchesViewAssertion(Detox){viewMatcher=(view has effective visibility <VISIBLE> and view.getGlobalVisibleRect() covers at least <75> percent of the view's area)}' assertion on view (view.getTag() is "dashboard-add-expense-button" and view has effective visibility <VISIBLE>)
03-14 22:21:21.087  5281  5601 W unknown:ViewManagerPropertyUpdater: Could not find generated setter for class com.horcrux.svg.RenderableViewManager$TSpanViewManager
03-14 22:21:21.102  5281  5601 W unknown:ViewManagerPropertyUpdater: Could not find generated setter for class com.horcrux.svg.RenderableViewManager$FilterManager
03-14 22:21:21.110  5281  5684 D ProfileInstaller: Installing profile for com.mcfuzzysquirrel.studentfinance
03-14 22:21:21.123  5281  5295 I .studentfinance: Background concurrent mark compact GC freed 6564KB AllocSpace bytes, 0(0B) LOS objects, 49% free, 8318KB/16MB, paused 698us,1.186ms total 173.337ms
03-14 22:21:21.130  5281  5281 I ViewInteraction: Checking 'MatchesViewAssertion(Detox){viewMatcher=(view has effective visibility <VISIBLE> and view.getGlobalVisibleRect() covers at least <75> percent of the view's area)}' assertion on view (view.getTag() is "dashboard-add-expense-button" and view has effective visibility <VISIBLE>)
03-14 22:21:21.131  5281  5601 W unknown:ViewManagerPropertyUpdater: Could not find generated setter for class com.horcrux.svg.RenderableViewManager$MarkerManager
03-14 22:21:21.143  5281  5601 W unknown:ViewManagerPropertyUpdater: Could not find generated setter for class com.swmansion.gesturehandler.react.RNGestureHandlerButtonViewManager
03-14 22:21:21.151  5281  5601 W unknown:ViewManagerPropertyUpdater: Could not find generated setter for class com.facebook.react.views.modal.ReactModalHostManager
03-14 22:21:21.163  5281  5601 W unknown:ViewManagerPropertyUpdater: Could not find generated setter for class com.horcrux.svg.RenderableViewManager$ForeignObjectManager
03-14 22:21:21.164  5281  5281 I ViewInteraction: Checking 'MatchesViewAssertion(Detox){viewMatcher=(view has effective visibility <VISIBLE> and view.getGlobalVisibleRect() covers at least <75> percent of the view's area)}' assertion on view (view.getTag() is "dashboard-add-expense-button" and view has effective visibility <VISIBLE>)
03-14 22:21:21.174  5281  5601 W unknown:ViewManagerPropertyUpdater: Could not find generated setter for class com.horcrux.svg.RenderableViewManager$EllipseViewManager
03-14 22:21:21.183  5281  5601 W unknown:ViewManagerPropertyUpdater: Could not find generated setter for class com.horcrux.svg.RenderableViewManager$LineViewManager
03-14 22:21:21.190  5281  5281 I ViewInteraction: Checking 'MatchesViewAssertion(Detox){viewMatcher=(view has effective visibility <VISIBLE> and view.getGlobalVisibleRect() covers at least <75> percent of the view's area)}' assertion on view (view.getTag() is "dashboard-add-expense-button" and view has effective visibility <VISIBLE>)
03-14 22:21:21.199  5281  5601 W unknown:ViewManagerPropertyUpdater: Could not find generated setter for class com.facebook.react.views.text.frescosupport.FrescoBasedReactTextInlineImageViewManager
03-14 22:21:21.199  5281  5601 W unknown:ViewManagerPropertyUpdater: Could not find generated setter for class com.facebook.react.views.text.frescosupport.FrescoBasedReactTextInlineImageShadowNode
03-14 22:21:21.207  5281  5601 W unknown:ViewManagerPropertyUpdater: Could not find generated setter for class com.horcrux.svg.RenderableViewManager$FeFloodManager
03-14 22:21:21.217  5281  5281 I ViewInteraction: Checking 'MatchesViewAssertion(Detox){viewMatcher=(view has effective visibility <VISIBLE> and view.getGlobalVisibleRect() covers at least <75> percent of the view's area)}' assertion on view (view.getTag() is "dashboard-add-expense-button" and view has effective visibility <VISIBLE>)
03-14 22:21:21.224  5281  5601 W unknown:ViewManagerPropertyUpdater: Could not find generated setter for class com.horcrux.svg.RenderableViewManager$GroupViewManager
03-14 22:21:21.233  5281  5601 W unknown:ViewManagerPropertyUpdater: Could not find generated setter for class com.horcrux.svg.RenderableViewManager$TextViewManager
03-14 22:21:21.251  5281  5281 I ViewInteraction: Checking 'MatchesViewAssertion(Detox){viewMatcher=(view has effective visibility <VISIBLE> and view.getGlobalVisibleRect() covers at least <75> percent of the view's area)}' assertion on view (view.getTag() is "dashboard-add-expense-button" and view has effective visibility <VISIBLE>)
03-14 22:21:21.252  5281  5601 W unknown:ViewManagerPropertyUpdater: Could not find generated setter for class com.horcrux.svg.RenderableViewManager$ImageViewManager
03-14 22:21:21.265  5281  5601 W unknown:ViewManagerPropertyUpdater: Could not find generated setter for class com.horcrux.svg.RenderableViewManager$FeCompositeManager
03-14 22:21:21.280  5281  5601 W unknown:ViewManagerPropertyUpdater: Could not find generated setter for class com.facebook.react.views.image.ReactImageManager
03-14 22:21:21.287  5281  5281 I ViewInteraction: Checking 'MatchesViewAssertion(Detox){viewMatcher=(view has effective visibility <VISIBLE> and view.getGlobalVisibleRect() covers at least <75> percent of the view's area)}' assertion on view (view.getTag() is "dashboard-add-expense-button" and view has effective visibility <VISIBLE>)
03-14 22:21:21.299  5281  5601 W unknown:ViewManagerPropertyUpdater: Could not find generated setter for class com.horcrux.svg.RenderableViewManager$RadialGradientManager
03-14 22:21:21.307  5281  5601 W unknown:ViewManagerPropertyUpdater: Could not find generated setter for class com.horcrux.svg.RenderableViewManager$MaskManager
03-14 22:21:21.318  5281  5281 I ViewInteraction: Checking 'MatchesViewAssertion(Detox){viewMatcher=(view has effective visibility <VISIBLE> and view.getGlobalVisibleRect() covers at least <75> percent of the view's area)}' assertion on view (view.getTag() is "dashboard-add-expense-button" and view has effective visibility <VISIBLE>)
03-14 22:21:21.328  5281  5601 W unknown:ViewManagerPropertyUpdater: Could not find generated setter for class com.facebook.react.views.unimplementedview.ReactUnimplementedViewManager
03-14 22:21:21.335  5281  5601 W unknown:ViewManagerPropertyUpdater: Could not find generated setter for class com.horcrux.svg.RenderableViewManager$RectViewManager
03-14 22:21:21.348  5281  5281 I ViewInteraction: Checking 'MatchesViewAssertion(Detox){viewMatcher=(view has effective visibility <VISIBLE> and view.getGlobalVisibleRect() covers at least <75> percent of the view's area)}' assertion on view (view.getTag() is "dashboard-add-expense-button" and view has effective visibility <VISIBLE>)
03-14 22:21:21.350  5281  5601 W unknown:ViewManagerPropertyUpdater: Could not find generated setter for class com.horcrux.svg.RenderableViewManager$TextPathViewManager
03-14 22:21:21.363  5281  5601 W unknown:ViewManagerPropertyUpdater: Could not find generated setter for class com.facebook.react.views.scroll.ReactScrollViewManager
