03-14 22:21:21.386  5281  5281 I ViewInteraction: Checking 'MatchesViewAssertion(Detox){viewMatcher=(view has effective visibility <VISIBLE> and view.getGlobalVisibleRect() covers at least <75> percent of the view's area)}' assertion on view (view.getTag() is "dashboard-add-expense-button" and view has effective visibility <VISIBLE>)
03-14 22:21:21.393  5281  5294 I .studentfinance: Compiler allocated 5174KB to compile void android.view.ViewRootImpl.performTraversals()
03-14 22:21:21.397  5281  5601 W unknown:ViewManagerPropertyUpdater: Could not find generated setter for class com.horcrux.svg.RenderableViewManager$FeOffsetManager
03-14 22:21:21.422  5281  5606 D TrafficStats: tagSocket(6) with statsTag=0xffffffff, statsUid=-1
03-14 22:21:21.445  5281  5281 I ViewInteraction: Checking 'MatchesViewAssertion(Detox){viewMatcher=(view has effective visibility <VISIBLE> and view.getGlobalVisibleRect() covers at least <75> percent of the view's area)}' assertion on view (view.getTag() is "dashboard-add-expense-button" and view has effective visibility <VISIBLE>)
03-14 22:21:21.450  5281  5601 W unknown:ViewManagerPropertyUpdater: Could not find generated setter for class com.horcrux.svg.RenderableViewManager$PathViewManager
03-14 22:21:21.465  5281  5601 W unknown:ViewManagerPropertyUpdater: Could not find generated setter for class com.facebook.react.views.drawer.ReactDrawerLayoutManager
03-14 22:21:21.494  5281  5281 I ViewInteraction: Checking 'MatchesViewAssertion(Detox){viewMatcher=(view has effective visibility <VISIBLE> and view.getGlobalVisibleRect() covers at least <75> percent of the view's area)}' assertion on view (view.getTag() is "dashboard-add-expense-button" and view has effective visibility <VISIBLE>)
03-14 22:21:21.497  5281  5601 W unknown:ViewManagerPropertyUpdater: Could not find generated setter for class com.facebook.react.views.swiperefresh.SwipeRefreshLayoutManager
03-14 22:21:21.530  5281  5281 I ViewInteraction: Checking 'MatchesViewAssertion(Detox){viewMatcher=(view has effective visibility <VISIBLE> and view.getGlobalVisibleRect() covers at least <75> percent of the view's area)}' assertion on view (view.getTag() is "dashboard-add-expense-button" and view has effective visibility <VISIBLE>)
03-14 22:21:21.538  5281  5601 W unknown:ViewManagerPropertyUpdater: Could not find generated setter for class com.facebook.react.views.textinput.ReactTextInputManager
03-14 22:21:21.540  5281  5601 W unknown:ViewManagerPropertyUpdater: Could not find generated setter for class com.facebook.react.views.textinput.ReactTextInputShadowNode
03-14 22:21:21.556  5281  5601 W unknown:ViewManagerPropertyUpdater: Could not find generated setter for class com.swmansion.gesturehandler.react.RNGestureHandlerRootViewManager
03-14 22:21:21.573  5281  5281 I ViewInteraction: Checking 'MatchesViewAssertion(Detox){viewMatcher=(view has effective visibility <VISIBLE> and view.getGlobalVisibleRect() covers at least <75> percent of the view's area)}' assertion on view (view.getTag() is "dashboard-add-expense-button" and view has effective visibility <VISIBLE>)
03-14 22:21:21.588  5281  5601 W BridgelessReactContext: [WARNING] Bridgeless doesn't support CatalystInstance. Accessing an API that's not part of the new architecture is not encouraged usage.
03-14 22:21:21.607  5281  5601 I ExpoModulesCore: ✅ JSI interop was installed
03-14 22:21:21.611  5281  5601 I ExpoModulesCore: ✅ Constants were exported
03-14 22:21:21.612  5281  5281 I ViewInteraction: Checking 'MatchesViewAssertion(Detox){viewMatcher=(view has effective visibility <VISIBLE> and view.getGlobalVisibleRect() covers at least <75> percent of the view's area)}' assertion on view (view.getTag() is "dashboard-add-expense-button" and view has effective visibility <VISIBLE>)
03-14 22:21:21.656  5281  5601 D nativeloader: Load /data/app/~~6XK6r8rcT6Xy3dmd6zCA2g==/com.mcfuzzysquirrel.studentfinance-e6TL2QNayJvaVmbb23ERbw==/base.apk!/lib/x86_64/librnscreens.so using ns clns-7 from class loader (caller=/data/app/~~6XK6r8rcT6Xy3dmd6zCA2g==/com.mcfuzzysquirrel.studentfinance-e6TL2QNayJvaVmbb23ERbw==/base.apk!classes16.dex): ok
03-14 22:21:21.658  5281  5281 I ViewInteraction: Checking 'MatchesViewAssertion(Detox){viewMatcher=(view has effective visibility <VISIBLE> and view.getGlobalVisibleRect() covers at least <75> percent of the view's area)}' assertion on view (view.getTag() is "dashboard-add-expense-button" and view has effective visibility <VISIBLE>)
03-14 22:21:21.690  5281  5281 I ViewInteraction: Checking 'MatchesViewAssertion(Detox){viewMatcher=(view has effective visibility <VISIBLE> and view.getGlobalVisibleRect() covers at least <75> percent of the view's area)}' assertion on view (view.getTag() is "dashboard-add-expense-button" and view has effective visibility <VISIBLE>)
03-14 22:21:21.721  5281  5281 I ViewInteraction: Checking 'MatchesViewAssertion(Detox){viewMatcher=(view has effective visibility <VISIBLE> and view.getGlobalVisibleRect() covers at least <75> percent of the view's area)}' assertion on view (view.getTag() is "dashboard-add-expense-button" and view has effective visibility <VISIBLE>)
03-14 22:21:21.754  5281  5281 I ViewInteraction: Checking 'MatchesViewAssertion(Detox){viewMatcher=(view has effective visibility <VISIBLE> and view.getGlobalVisibleRect() covers at least <75> percent of the view's area)}' assertion on view (view.getTag() is "dashboard-add-expense-button" and view has effective visibility <VISIBLE>)
03-14 22:21:21.794  5281  5281 I ViewInteraction: Checking 'MatchesViewAssertion(Detox){viewMatcher=(view has effective visibility <VISIBLE> and view.getGlobalVisibleRect() covers at least <75> percent of the view's area)}' assertion on view (view.getTag() is "dashboard-add-expense-button" and view has effective visibility <VISIBLE>)
03-14 22:21:21.837  5281  5281 I ViewInteraction: Checking 'MatchesViewAssertion(Detox){viewMatcher=(view has effective visibility <VISIBLE> and view.getGlobalVisibleRect() covers at least <75> percent of the view's area)}' assertion on view (view.getTag() is "dashboard-add-expense-button" and view has effective visibility <VISIBLE>)
03-14 22:21:21.869  5281  5281 I ViewInteraction: Checking 'MatchesViewAssertion(Detox){viewMatcher=(view has effective visibility <VISIBLE> and view.getGlobalVisibleRect() covers at least <75> percent of the view's area)}' assertion on view (view.getTag() is "dashboard-add-expense-button" and view has effective visibility <VISIBLE>)
03-14 22:21:21.897  5281  5281 I ViewInteraction: Checking 'MatchesViewAssertion(Detox){viewMatcher=(view has effective visibility <VISIBLE> and view.getGlobalVisibleRect() covers at least <75> percent of the view's area)}' assertion on view (view.getTag() is "dashboard-add-expense-button" and view has effective visibility <VISIBLE>)
03-14 22:21:21.935  5281  5281 I ViewInteraction: Checking 'MatchesViewAssertion(Detox){viewMatcher=(view has effective visibility <VISIBLE> and view.getGlobalVisibleRect() covers at least <75> percent of the view's area)}' assertion on view (view.getTag() is "dashboard-add-expense-button" and view has effective visibility <VISIBLE>)
03-14 22:21:21.981  5281  5281 I ViewInteraction: Checking 'MatchesViewAssertion(Detox){viewMatcher=(view has effective visibility <VISIBLE> and view.getGlobalVisibleRect() covers at least <75> percent of the view's area)}' assertion on view (view.getTag() is "dashboard-add-expense-button" and view has effective visibility <VISIBLE>)
03-14 22:21:22.015  5281  5281 I ViewInteraction: Checking 'MatchesViewAssertion(Detox){viewMatcher=(view has effective visibility <VISIBLE> and view.getGlobalVisibleRect() covers at least <75> percent of the view's area)}' assertion on view (view.getTag() is "dashboard-add-expense-button" and view has effective visibility <VISIBLE>)
03-14 22:21:22.050  5281  5281 I ViewInteraction: Checking 'MatchesViewAssertion(Detox){viewMatcher=(view has effective visibility <VISIBLE> and view.getGlobalVisibleRect() covers at least <75> percent of the view's area)}' assertion on view (view.getTag() is "dashboard-add-expense-button" and view has effective visibility <VISIBLE>)
03-14 22:21:22.078  5281  5281 I ViewInteraction: Checking 'MatchesViewAssertion(Detox){viewMatcher=(view has effective visibility <VISIBLE> and view.getGlobalVisibleRect() covers at least <75> percent of the view's area)}' assertion on view (view.getTag() is "dashboard-add-expense-button" and view has effective visibility <VISIBLE>)
03-14 22:21:22.108  5281  5281 I ViewInteraction: Checking 'MatchesViewAssertion(Detox){viewMatcher=(view has effective visibility <VISIBLE> and view.getGlobalVisibleRect() covers at least <75> percent of the view's area)}' assertion on view (view.getTag() is "dashboard-add-expense-button" and view has effective visibility <VISIBLE>)
03-14 22:21:22.141  5281  5281 I ViewInteraction: Checking 'MatchesViewAssertion(Detox){viewMatcher=(view has effective visibility <VISIBLE> and view.getGlobalVisibleRect() covers at least <75> percent of the view's area)}' assertion on view (view.getTag() is "dashboard-add-expense-button" and view has effective visibility <VISIBLE>)
03-14 22:21:22.170  5281  5281 I ViewInteraction: Checking 'MatchesViewAssertion(Detox){viewMatcher=(view has effective visibility <VISIBLE> and view.getGlobalVisibleRect() covers at least <75> percent of the view's area)}' assertion on view (view.getTag() is "dashboard-add-expense-button" and view has effective visibility <VISIBLE>)
03-14 22:21:22.174  5281  5294 I .studentfinance: Compiler allocated 4219KB to compile void android.widget.TextView.<init>(android.content.Context, android.util.AttributeSet, int, int)
03-14 22:21:22.181  5281  5601 D Detox.RNMarker: RUN_JS_BUNDLE_END (index.android.bundle)
03-14 22:21:22.181  5281  5601 I ReactNativeJS: Running "main"
03-14 22:21:22.190  5281  5601 D Detox.RNMarker: REACT_BRIDGELESS_LOADING_END (null)
03-14 22:21:22.199  5281  5281 I ReactNative: [GESTURE HANDLER] Initialize gesture handler for root view com.facebook.react.runtime.ReactSurfaceView{984d816 V.E...... ......ID 0,0-1080,2400 #1}
03-14 22:21:22.201  5281  5601 D nativeloader: Load /data/app/~~6XK6r8rcT6Xy3dmd6zCA2g==/com.mcfuzzysquirrel.studentfinance-e6TL2QNayJvaVmbb23ERbw==/base.apk!/lib/x86_64/libgesturehandler.so using ns clns-7 from class loader (caller=/data/app/~~6XK6r8rcT6Xy3dmd6zCA2g==/com.mcfuzzysquirrel.studentfinance-e6TL2QNayJvaVmbb23ERbw==/base.apk): ok
03-14 22:21:22.201  5281  5601 D jni_lib_merge: Entering merged library JNI_OnLoad.
03-14 22:21:22.201  5281  5601 D jni_lib_merge: Preparing 12 pre-merged libs (including stub)
03-14 22:21:22.201  5281  5601 D jni_lib_merge: Preparing to register libfabricjni_so.  onload_func: 0x7f2caa75d730
03-14 22:21:22.201  5281  5601 D jni_lib_merge: Preparing to register libreact_devsupportjni_so.  onload_func: 0x7f2caa95a190
03-14 22:21:22.201  5281  5601 D jni_lib_merge: Preparing to register libreact_featureflagsjni_so.  onload_func: 0x7f2caa96b910
03-14 22:21:22.201  5281  5601 D jni_lib_merge: Preparing to register libreact_newarchdefaults_so.  onload_func: 0x7f2caaa0cd20
03-14 22:21:22.201  5281  5601 D jni_lib_merge: Preparing to register libreactnativeblob_so.  onload_func: 0x7f2caac172e0
03-14 22:21:22.201  5281  5601 D jni_lib_merge: Preparing to register libreactnativejni_so.  onload_func: 0x7f2caac57770
03-14 22:21:22.202  5281  5601 D jni_lib_merge: Preparing to register libreactnativejni_common_so.  onload_func: 0x7f2caac675d0
03-14 22:21:22.202  5281  5601 D jni_lib_merge: Preparing to register librninstance_so.  onload_func: 0x7f2caaca44c0
03-14 22:21:22.202  5281  5601 D jni_lib_merge: Preparing to register libturbomodulejsijni_so.  onload_func: 0x7f2caae05c00
03-14 22:21:22.202  5281  5601 D jni_lib_merge: Preparing to register libuimanagerjni_so.  onload_func: 0x7f2caae1dde0
03-14 22:21:22.202  5281  5601 D jni_lib_merge: Preparing to register libyoga_so.  onload_func: 0x7f2caae2cd70
03-14 22:21:22.202  5281  5601 D jni_lib_merge: About to register 11 actual methods.
03-14 22:21:22.203  5281  5281 D Detox.RNMarker: CONTENT_APPEARED (main)
03-14 22:21:22.221  5281  5281 I ViewInteraction: Checking 'MatchesViewAssertion(Detox){viewMatcher=(view has effective visibility <VISIBLE> and view.getGlobalVisibleRect() covers at least <75> percent of the view's area)}' assertion on view (view.getTag() is "dashboard-add-expense-button" and view has effective visibility <VISIBLE>)
03-14 22:21:22.403  5281  5281 I ViewInteraction: Checking 'MatchesViewAssertion(Detox){viewMatcher=(view has effective visibility <VISIBLE> and view.getGlobalVisibleRect() covers at least <75> percent of the view's area)}' assertion on view (view.getTag() is "dashboard-add-expense-button" and view has effective visibility <VISIBLE>)
03-14 22:21:22.437  5281  5281 I ViewInteraction: Checking 'MatchesViewAssertion(Detox){viewMatcher=(view has effective visibility <VISIBLE> and view.getGlobalVisibleRect() covers at least <75> percent of the view's area)}' assertion on view (view.getTag() is "dashboard-add-expense-button" and view has effective visibility <VISIBLE>)
03-14 22:21:22.475  5281  5281 I ViewInteraction: Checking 'MatchesViewAssertion(Detox){viewMatcher=(view has effective visibility <VISIBLE> and view.getGlobalVisibleRect() covers at least <75> percent of the view's area)}' assertion on view (view.getTag() is "dashboard-add-expense-button" and view has effective visibility <VISIBLE>)
03-14 22:21:22.529  5281  5281 I ViewInteraction: Checking 'MatchesViewAssertion(Detox){viewMatcher=(view has effective visibility <VISIBLE> and view.getGlobalVisibleRect() covers at least <75> percent of the view's area)}' assertion on view (view.getTag() is "dashboard-add-expense-button" and view has effective visibility <VISIBLE>)
03-14 22:21:22.546  5281  5601 D nativeloader: Load /data/app/~~6XK6r8rcT6Xy3dmd6zCA2g==/com.mcfuzzysquirrel.studentfinance-e6TL2QNayJvaVmbb23ERbw==/base.apk!/lib/x86_64/libexpo-sqlite.so using ns clns-7 from class loader (caller=/data/app/~~6XK6r8rcT6Xy3dmd6zCA2g==/com.mcfuzzysquirrel.studentfinance-e6TL2QNayJvaVmbb23ERbw==/base.apk!classes20.dex): ok
03-14 22:21:22.560  5281  5281 I ViewInteraction: Checking 'MatchesViewAssertion(Detox){viewMatcher=(view has effective visibility <VISIBLE> and view.getGlobalVisibleRect() covers at least <75> percent of the view's area)}' assertion on view (view.getTag() is "dashboard-add-expense-button" and view has effective visibility <VISIBLE>)
03-14 22:21:22.598  5281  5281 I ViewInteraction: Checking 'MatchesViewAssertion(Detox){viewMatcher=(view has effective visibility <VISIBLE> and view.getGlobalVisibleRect() covers at least <75> percent of the view's area)}' assertion on view (view.getTag() is "dashboard-add-expense-button" and view has effective visibility <VISIBLE>)
03-14 22:21:22.624  5281  5281 I ViewInteraction: Checking 'MatchesViewAssertion(Detox){viewMatcher=(view has effective visibility <VISIBLE> and view.getGlobalVisibleRect() covers at least <75> percent of the view's area)}' assertion on view (view.getTag() is "dashboard-add-expense-button" and view has effective visibility <VISIBLE>)
03-14 22:21:22.656  5281  5601 E ReactNativeJS: { [Error: Element type is invalid: expected a string (for built-in components) or a class/function (for composite components) but got: object.]
03-14 22:21:22.656  5281  5601 E ReactNativeJS:   componentStack: '\n    at StaticContainer (address at index.android.bundle:1:927929)\n    at EnsureSingleNavigator (address at index.android.bundle:1:873788)\n    at SceneView (address at index.android.bundle:1:925953)\n    at NavigationProvider (address at index.android.bundle:1:904371)\n    at RCTView (<anonymous>)\n    at View (address at index.android.bundle:1:148692)\n    at RCTView (<anonymous>)\n    at View (address at index.android.bundle:1:148692)\n    at Animated(View) (address at index.android.bundle:1:567439)\n    at Background (address at index.android.bundle:1:968374)\n    at Screen (address at index.android.bundle:1:1010205)\n    at RNSScreen (<anonymous>)\n    at Animated(Anonymous) (address at index.android.bundle:1:567439)\n    at Suspender (address at index.android.bundle:1:1026365)\n    at Suspense (<anonymous>)\n    at Freeze (address at index.android.bundle:1:1026425)\n    at DelayedFreeze (address at index.android.bundle:1:1026007)\n    at InnerScreen (address at index.android.bundle:1:1023395)\n    at anonymous (address at index.android.bundle:1:1025439)\n    at MaybeScreen (address at index.android.bundle:1:1020046)\n    at RNSScreenContainer (<anonymous>)\n    at ScreenContainer (address at index.android.bundle:1:1036269)\n    at MaybeScreenContainer (address at index.android.bundle:1:1020209)\n    at RCTView (<anonymous>)\n    at View (address at index.android.bundle:1:148692)\n    at FrameSizeProvider (address at index.android.bundle:1:998002)\n    at SafeAreaProviderCompat (address at index.android.bundle:1:1009413)\n    at BottomTabView (address at index.android.bundle:1:962842)\n    at PreventRemoveProvider (address at index.android.bundle:1:906668)\n    at NavigationStateListenerProvider (address at index.android.bundle:1:933250)\n    at NavigationContent (address at index.android.bundle:1:923171)\n    at anonymous (address at index.android.bundle:1:923074)\n    at BottomTabNavigator (address at index.android.bundle:1:961923)\n    at TabNavigator (<anonymous>)\n    at StaticContainer (address at index.android.bundle:1:927929)\n    at EnsureSingleNavigator (address at index.android.bundle:1:873788)\n    at SceneView (address at index.android.bundle:1:925953)\n    at NavigationProvider (address at index.android.bundle:1:904371)\n    at RNSScreenContentWrapper (<anonymous>)\n    at ScreenContentWrapper (<anonymous>)\n    at DebugContainer (address at index.android.bundle:1:1040184)\n    at RNSScreen (<anonymous>)\n    at Animated(Anonymous) (address at index.android.bundle:1:567439)\n    at Suspender (address at index.android.bundle:1:1026365)\n    at Suspense (<anonymous>)\n    at Freeze (address at index.android.bundle:1:1026425)\n    at DelayedFreeze (address at index.android.bundle:1:1026007)\n    at InnerScreen (address at index.android.bundle:1:1023395)\n    at anonymous (address at index.android.bundle:1:1025439)\n    at ScreenStackItem (address at index.android.bundle:1:1038934)\n    at NavigationProvider (address at index.android.bundle:1:904371)\n    at SceneView (address at index.android.bundle:1:1052468)\n    at RNSScreenStack (<anonymous>)\n    at anonymous (address at index.android.bundle:1:1038026)\n    at ScreenStack (address at index.android.bundle:1:1037187)\n    at RCTView (<anonymous>)\n    at View (address at index.android.bundle:1:148692)\n    at FrameSizeProvider (address at index.android.bundle:1:998002)\n    at SafeAreaProviderCompat (address at index.android.bundle:1:1009413)\n    at NativeStackView (address at index.android.bundle:1:1051030)\n    at PreventRemoveProvider (address at index.android.bundle:1:906668)\n    at NavigationStateListenerProvider (address at index.android.bundle:1:933250)\n    at NavigationContent (address at index.android.bundle:1:923171)\n    at anonymous (address at index.android.bundle:1:923074)\n    at NativeStackNavigator (address at index.android.bundle:1:1049756)\n    at RootNavigator (<anonymous>)\n    at ThemeProvider (address at index.android.bundle:1:8759
03-14 22:21:22.656  5281  5601 E ReactNativeJS:   isComponentError: true }
03-14 22:21:22.661  5281  5281 I ViewInteraction: Checking 'MatchesViewAssertion(Detox){viewMatcher=(view has effective visibility <VISIBLE> and view.getGlobalVisibleRect() covers at least <75> percent of the view's area)}' assertion on view (view.getTag() is "dashboard-add-expense-button" and view has effective visibility <VISIBLE>)
03-14 22:21:22.663  5281  5281 I ReactNative: [GESTURE HANDLER] Tearing down gesture handler registered for root view com.facebook.react.runtime.ReactSurfaceView{984d816 V.E...... ......ID 0,0-1080,2400 #1}
03-14 22:21:22.725  5281  5281 I ViewInteraction: Checking 'MatchesViewAssertion(Detox){viewMatcher=(view has effective visibility <VISIBLE> and view.getGlobalVisibleRect() covers at least <75> percent of the view's area)}' assertion on view (view.getTag() is "dashboard-add-expense-button" and view has effective visibility <VISIBLE>)
03-14 22:21:22.744  5281  5602 W unknown:BridgelessReact: ReactHost{0}.handleHostException(message = "Error: Element type is invalid: expected a string (for built-in components) or a class/function (for composite components) but got: object.
03-14 22:21:22.744  5281  5602 W unknown:BridgelessReact: 
03-14 22:21:22.744  5281  5602 W unknown:BridgelessReact: This error is located at:
03-14 22:21:22.744  5281  5602 W unknown:BridgelessReact:     at StaticContainer (address at index.android.bundle:1:927929)
03-14 22:21:22.744  5281  5602 W unknown:BridgelessReact:     at EnsureSingleNavigator (address at index.android.bundle:1:873788)
03-14 22:21:22.744  5281  5602 W unknown:BridgelessReact:     at SceneView (address at index.android.bundle:1:925953)
03-14 22:21:22.744  5281  5602 W unknown:BridgelessReact:     at NavigationProvider (address at index.android.bundle:1:904371)
03-14 22:21:22.744  5281  5602 W unknown:BridgelessReact:     at RCTView (<anonymous>)
03-14 22:21:22.744  5281  5602 W unknown:BridgelessReact:     at View (address at index.android.bundle:1:148692)
03-14 22:21:22.744  5281  5602 W unknown:BridgelessReact:     at RCTView (<anonymous>)
03-14 22:21:22.744  5281  5602 W unknown:BridgelessReact:     at View (address at index.android.bundle:1:148692)
03-14 22:21:22.744  5281  5602 W unknown:BridgelessReact:     at Animated(View) (address at index.android.bundle:1:567439)
03-14 22:21:22.744  5281  5602 W unknown:BridgelessReact:     at Background (address at index.android.bundle:1:968374)
03-14 22:21:22.744  5281  5602 W unknown:BridgelessReact:     at Screen (address at index.android.bundle:1:1010205)
03-14 22:21:22.744  5281  5602 W unknown:BridgelessReact:     at RNSScreen (<anonymous>)
03-14 22:21:22.744  5281  5602 W unknown:BridgelessReact:     at Animated(Anonymous) (address at index.android.bundle:1:567439)
03-14 22:21:22.744  5281  5602 W unknown:BridgelessReact:     at Suspender (address at index.android.bundle:1:1026365)
03-14 22:21:22.744  5281  5602 W unknown:BridgelessReact:     at Suspense (<anonymous>)
03-14 22:21:22.744  5281  5602 W unknown:BridgelessReact:     at Freeze (address at index.android.bundle:1:1026425)
03-14 22:21:22.744  5281  5602 W unknown:BridgelessReact:     at DelayedFreeze (address at index.android.bundle:1:1026007)
03-14 22:21:22.744  5281  5602 W unknown:BridgelessReact:     at InnerScreen (address at index.android.bundle:1:1023395)
03-14 22:21:22.744  5281  5602 W unknown:BridgelessReact:     at anonymous (address at index.android.bundle:1:1025439)
03-14 22:21:22.744  5281  5602 W unknown:BridgelessReact:     at MaybeScreen (address at index.android.bundle:1:1020046)
03-14 22:21:22.744  5281  5602 W unknown:BridgelessReact:     at RNSScreenContainer (<anonymous>)
03-14 22:21:22.744  5281  5602 W unknown:BridgelessReact:     at ScreenContainer (address at index.android.bundle:1:1036269)
03-14 22:21:22.744  5281  5602 W unknown:BridgelessReact:     at MaybeScreenContainer (address at index.android.bundle:1:1020209)
03-14 22:21:22.744  5281  5602 W unknown:BridgelessReact:     at RCTView (<anonymous>)
03-14 22:21:22.744  5281  5602 W unknown:BridgelessReact:     at View (address at index.android.bundle:1:148692)
03-14 22:21:22.744  5281  5602 W unknown:BridgelessReact:     at FrameSizeProvider (address at index.android.bundle:1:998002)
03-14 22:21:22.744  5281  5602 W unknown:BridgelessReact:     at SafeAreaProviderCompat (address at index.android.bundle:1:1009413)
03-14 22:21:22.744  5281  5602 W unknown:BridgelessReact:     at BottomTabView (address at index.android.bundle:1:962842)
03-14 22:21:22.744  5281  5602 W unknown:BridgelessReact:     at PreventRemoveProvider (address at index.android.bundle:1:906668)
03-14 22:21:22.744  5281  5602 W unknown:BridgelessReact:     at NavigationStateListenerProvider (address at index.android.bundle:1:933250)
03-14 22:21:22.744  5281  5602 W unknown:BridgelessReact:     at NavigationContent (address at index.android.bundle:1:923171)
03-14 22:21:22.744  5281  5602 W unknown:BridgelessReact:     at anonymous (address at index.android.bundle:1:923074)
03-14 22:21:22.744  5281  5602 W unknown:BridgelessReact:     at BottomTabNavigator (address at index.android.bundle:1:961923)
03-14 22:21:22.744  5281  5602 W unknown:BridgelessReact:     at TabNavigator (<anonymous>)
03-14 22:21:22.744  5281  5602 W unknown:BridgelessReact:     at StaticContainer (address at index.android.bundle:1:927929)
03-14 22:21:22.744  5281  5602 W unknown:BridgelessReact:     at EnsureSingleNavigator (address at index.android.bundle:1:873788)
03-14 22:21:22.744  5281  5602 W unknown:BridgelessReact:     at SceneView (address at index.android.bundle:1:925953)
03-14 22:21:22.744  5281  5602 W unknown:BridgelessReact:     at NavigationProvider (address at index.android.bundle:1:904371)
03-14 22:21:22.744  5281  5602 W unknown:BridgelessReact:     at RNSScreenContentWrapper (<anonymous>)
03-14 22:21:22.744  5281  5602 W unknown:BridgelessReact:     at ScreenContentWrapper (<anonymous>)
03-14 22:21:22.744  5281  5602 W unknown:BridgelessReact:     at DebugContainer (address at index.android.bundle:1:1040184)
03-14 22:21:22.744  5281  5602 W unknown:BridgelessReact:     at RNSScreen (<anonymous>)
03-14 22:21:22.744  5281  5602 W unknown:BridgelessReact:     at Animated(Anonymous) (address at index.android.bundle:1:567439)
03-14 22:21:22.744  5281  5602 W unknown:BridgelessReact:     at Suspender (address at index.android.bundle:1:1026365)
03-14 22:21:22.744  5281  5602 W unknown:BridgelessReact:     at Suspense (<anonymous>)
03-14 22:21:22.744  5281  5602 W unknown:BridgelessReact:     at Freeze (address at index.android.bundle:1:1026425)
03-14 22:21:22.744  5281  5602 W unknown:BridgelessReact:     at DelayedFreeze (address at index.android.bundle:1:1026007)
03-14 22:21:22.744  5281  5602 W unknown:BridgelessReact:     at InnerScreen (address at index.android.bundle:1:1023395)
03-14 22:21:22.744  5281  5602 W unknown:BridgelessReact:     at anonymous (address at index.android.bundle:1:1025439)
03-14 22:21:22.744  5281  5602 W unknown:BridgelessReact:     at ScreenStackItem (address at index.android.bundle:1:1038934)
03-14 22:21:22.744  5281  5602 W unknown:BridgelessReact:     at NavigationProvider (address at index.android.bundle:1:904371)
03-14 22:21:22.744  5281  5602 W unknown:BridgelessReact:     at SceneView (address at index.android.bundle:1:1052468)
03-14 22:21:22.744  5281  5602 W unknown:BridgelessReact:     at RNSScreenStack (<anonymous>)
03-14 22:21:22.744  5281  5602 W unknown:BridgelessReact:     at anonymous (address at index.android.bundle:1:1038026)
03-14 22:21:22.744  5281  5602 W unknown:BridgelessReact:     at ScreenStack (address at index.android.bundle:1:1037187)
03-14 22:21:22.744  5281  5602 W unknown:BridgelessReact:     at RCTView (<anonymous>)
03-14 22:21:22.744  5281  5602 W unknown:BridgelessReact:     at View (address at index.android.bundle:1:148692)
03-14 22:21:22.744  5281  5602 W unknown:BridgelessReact:     at FrameSizeProvider (address at index.android.bundle:1:998002)
03-14 22:21:22.744  5281  5602 W unknown:BridgelessReact:     at SafeAreaProviderCompat (address at index.android.bundle:1:1009413)
03-14 22:21:22.744  5281  5602 W unknown:BridgelessReact:     at NativeStackView (address at index.android.bundle:1:1051030)
03-14 22:21:22.744  5281  5602 W unknown:BridgelessReact:     at PreventRemoveProvider (address at index.android.bundle:1:906668)
03-14 22:21:22.744  5281  5602 W unknown:BridgelessReact:     at NavigationStateListenerProvider (address at index.android.bundle:1:933250)
03-14 22:21:22.744  5281  5602 W unknown:BridgelessReact:     at NavigationContent (address at index.android.bundle:1:923171)
03-14 22:21:22.744  5281  5602 W unknown:BridgelessReact:     at anonymous (address at index.android.bundle:1:923074)
03-14 22:21:22.744  5281  5602 W unknown:BridgelessReact:     at NativeStackNavigator (address at index.android.bundle:1:1049756)
03-14 22:21:22.744  5281  5602 W unknown:BridgelessReact:     at RootNavigator (<anonymous>)
03-14 22:21:22.744  5281  5602 W unknown:BridgelessReact:     at ThemeProvider (address at index.android.bundle:1:875944)
03-14 22:21:22.744  5281  5602 W unknown:BridgelessReact:     at EnsureSingleNavigator (address at index.android.bundle:1:873788)
03-14 22:21:22.744  5281  5602 W unknown:BridgelessReact:     at BaseNavigationContainer (address at index.android.bundle:1:852528)
03-14 22:21:22.744  5281  5602 W unknown:BridgelessReact:     at NavigationContainerInner (address at index.android.bundle:1:941094)
03-14 22:21:22.744  5281  5602 W unknown:BridgelessReact:     at DatabaseProvider (address at index.android.bundle:1:1073278)
03-14 22:21:22.744  5281  5602 W unknown:BridgelessReact:     at RNCSafeAreaProvider (<anonymous>)
03-14 22:21:22.744  5281  5602 W unknown:BridgelessReact:     at SafeAreaProvider (address at index.android.bundle:1:955840)
03-14 22:21:22.744  5281  5602 W unknown:BridgelessReact:     at RNGestureHandlerRootView (<anonymous>)
03-14 22:21:22.744  5281  5602 W unknown:BridgelessReact:     at GestureHandlerRootView (address at index.android.bundle:1:726780)
03-14 22:21:22.744  5281  5602 W unknown:BridgelessReact:     at App (<anonymous>)
03-14 22:21:22.744  5281  5602 W unknown:BridgelessReact:     at RCTView (<anonymous>)
03-14 22:21:22.744  5281  5602 W unknown:BridgelessReact:     at View (address at index.android.bundle:1:148692)
03-14 22:21:22.744  5281  5602 W unknown:BridgelessReact:     at AppContainer (address at index.android.bundle:1:395561), stack:
03-14 22:21:22.744  5281  5602 W unknown:BridgelessReact: createFiberFromTypeAndProps@1:288631
03-14 22:21:22.744  5281  5602 W unknown:BridgelessReact: reconcileChildFibersImpl@1:238360
03-14 22:21:22.744  5281  5602 W unknown:BridgelessReact: anonymous@1:238528
03-14 22:21:22.744  5281  5602 W unknown:BridgelessReact: reconcileChildren@1:253641
03-14 22:21:22.744  5281  5602 W unknown:BridgelessReact: updateFunctionComponent@1:255605
03-14 22:21:22.744  5281  5602 W unknown:BridgelessReact: beginWork@1:263506
03-14 22:21:22.744  5281  5602 W unknown:BridgelessReact: performUnitOfWork@1:283404
03-14 22:21:22.744  5281  5602 W unknown:BridgelessReact: workLoopSync@1:282412
03-14 22:21:22.744  5281  5602 W unknown:BridgelessReact: renderRootSync@1:282244
03-14 22:21:22.744  5281  5602 W unknown:BridgelessReact: performWorkOnRoot@1:279819
03-14 22:21:22.744  5281  5602 W unknown:BridgelessReact: performWorkOnRootViaSchedulerTask@1:231313
03-14 22:21:22.744  5281  5602 W unknown:BridgelessReact: ")
03-14 22:21:22.746  5281  5295 I .studentfinance: Background concurrent mark compact GC freed 7252KB AllocSpace bytes, 4(172KB) LOS objects, 49% free, 10MB/20MB, paused 5.260ms,10.673ms total 119.240ms
03-14 22:21:22.747  5281  5602 E unknown:ReactNative: Exception in native call from JS
03-14 22:21:22.747  5281  5602 E unknown:ReactNative: com.facebook.react.common.JavascriptException: Error: Element type is invalid: expected a string (for built-in components) or a class/function (for composite components) but got: object.
03-14 22:21:22.747  5281  5602 E unknown:ReactNative: 
03-14 22:21:22.747  5281  5602 E unknown:ReactNative: This error is located at:
03-14 22:21:22.747  5281  5602 E unknown:ReactNative:     at StaticContainer (address at index.android.bundle:1:927929)
03-14 22:21:22.747  5281  5602 E unknown:ReactNative:     at EnsureSingleNavigator (address at index.android.bundle:1:873788)
03-14 22:21:22.747  5281  5602 E unknown:ReactNative:     at SceneView (address at index.android.bundle:1:925953)
03-14 22:21:22.747  5281  5602 E unknown:ReactNative:     at NavigationProvider (address at index.android.bundle:1:904371)
03-14 22:21:22.747  5281  5602 E unknown:ReactNative:     at RCTView (<anonymous>)
03-14 22:21:22.747  5281  5602 E unknown:ReactNative:     at View (address at index.android.bundle:1:148692)
03-14 22:21:22.747  5281  5602 E unknown:ReactNative:     at RCTView (<anonymous>)
03-14 22:21:22.747  5281  5602 E unknown:ReactNative:     at View (address at index.android.bundle:1:148692)
03-14 22:21:22.747  5281  5602 E unknown:ReactNative:     at Animated(View) (address at index.android.bundle:1:567439)
03-14 22:21:22.747  5281  5602 E unknown:ReactNative:     at Background (address at index.android.bundle:1:968374)
03-14 22:21:22.747  5281  5602 E unknown:ReactNative:     at Screen (address at index.android.bundle:1:1010205)
03-14 22:21:22.747  5281  5602 E unknown:ReactNative:     at RNSScreen (<anonymous>)
03-14 22:21:22.747  5281  5602 E unknown:ReactNative:     at Animated(Anonymous) (address at index.android.bundle:1:567439)
03-14 22:21:22.747  5281  5602 E unknown:ReactNative:     at Suspender (address at index.android.bundle:1:1026365)
03-14 22:21:22.747  5281  5602 E unknown:ReactNative:     at Suspense (<anonymous>)
03-14 22:21:22.747  5281  5602 E unknown:ReactNative:     at Freeze (address at index.android.bundle:1:1026425)
03-14 22:21:22.747  5281  5602 E unknown:ReactNative:     at DelayedFreeze (address at index.android.bundle:1:1026007)
03-14 22:21:22.747  5281  5602 E unknown:ReactNative:     at InnerScreen (address at index.android.bundle:1:1023395)
03-14 22:21:22.747  5281  5602 E unknown:ReactNative:     at anonymous (address at index.android.bundle:1:1025439)
03-14 22:21:22.747  5281  5602 E unknown:ReactNative:     at MaybeScreen (address at index.android.bundle:1:1020046)
03-14 22:21:22.747  5281  5602 E unknown:ReactNative:     at RNSScreenContainer (<anonymous>)
03-14 22:21:22.747  5281  5602 E unknown:ReactNative:     at ScreenContainer (address at index.android.bundle:1:1036269)
03-14 22:21:22.747  5281  5602 E unknown:ReactNative:     at MaybeScreenContainer (address at index.android.bundle:1:1020209)
03-14 22:21:22.747  5281  5602 E unknown:ReactNative:     at RCTView (<anonymous>)
03-14 22:21:22.747  5281  5602 E unknown:ReactNative:     at View (address at index.android.bundle:1:148692)
03-14 22:21:22.747  5281  5602 E unknown:ReactNative:     at FrameSizeProvider (address at index.android.bundle:1:998002)
03-14 22:21:22.747  5281  5602 E unknown:ReactNative:     at SafeAreaProviderCompat (address at index.android.bundle:1:1009413)
03-14 22:21:22.747  5281  5602 E unknown:ReactNative:     at BottomTabView (address at index.android.bundle:1:962842)
03-14 22:21:22.747  5281  5602 E unknown:ReactNative:     at PreventRemoveProvider (address at index.android.bundle:1:906668)
03-14 22:21:22.747  5281  5602 E unknown:ReactNative:     at NavigationStateListenerProvider (address at index.android.bundle:1:933250)
03-14 22:21:22.747  5281  5602 E unknown:ReactNative:     at NavigationContent (address at index.android.bundle:1:923171)
03-14 22:21:22.747  5281  5602 E unknown:ReactNative:     at anonymous (address at index.android.bundle:1:923074)
03-14 22:21:22.747  5281  5602 E unknown:ReactNative:     at BottomTabNavigator (address at index.android.bundle:1:961923)
03-14 22:21:22.747  5281  5602 E unknown:ReactNative:     at TabNavigator (<anonymous>)
03-14 22:21:22.747  5281  5602 E unknown:ReactNative:     at StaticContainer (address at index.android.bundle:1:927929)
03-14 22:21:22.747  5281  5602 E unknown:ReactNative:     at EnsureSingleNavigator (address at index.android.bundle:1:873788)
03-14 22:21:22.747  5281  5602 E unknown:ReactNative:     at SceneView (address at index.android.bundle:1:925953)
03-14 22:21:22.747  5281  5602 E unknown:ReactNative:     at NavigationProvider (address at index.android.bundle:1:904371)
03-14 22:21:22.747  5281  5602 E unknown:ReactNative:     at RNSScreenContentWrapper (<anonymous>)
03-14 22:21:22.747  5281  5602 E unknown:ReactNative:     at ScreenContentWrapper (<anonymous>)
03-14 22:21:22.747  5281  5602 E unknown:ReactNative:     at DebugContainer (address at index.android.bundle:1:1040184)
03-14 22:21:22.747  5281  5602 E unknown:ReactNative:     at RNSScreen (<anonymous>)
03-14 22:21:22.747  5281  5602 E unknown:ReactNative:     at Animated(Anonymous) (address at index.android.bundle:1:567439)
03-14 22:21:22.747  5281  5602 E unknown:ReactNative:     at Suspender (address at index.android.bundle:1:1026365)
03-14 22:21:22.747  5281  5602 E unknown:ReactNative:     at Suspense (<anonymous>)
03-14 22:21:22.747  5281  5602 E unknown:ReactNative:     at Freeze (address at index.android.bundle:1:1026425)
03-14 22:21:22.747  5281  5602 E unknown:ReactNative:     at DelayedFreeze (address at index.android.bundle:1:1026007)
03-14 22:21:22.747  5281  5602 E unknown:ReactNative:     at InnerScreen (address at index.android.bundle:1:1023395)
03-14 22:21:22.747  5281  5602 E unknown:ReactNative:     at anonymous (address at index.android.bundle:1:1025439)
03-14 22:21:22.747  5281  5602 E unknown:ReactNative:     at ScreenStackItem (address at index.android.bundle:1:1038934)
03-14 22:21:22.747  5281  5602 E unknown:ReactNative:     at NavigationProvider (address at index.android.bundle:1:904371)
03-14 22:21:22.747  5281  5602 E unknown:ReactNative:     at SceneView (address at index.android.bundle:1:1052468)
03-14 22:21:22.747  5281  5602 E unknown:ReactNative:     at RNSScreenStack (<anonymous>)
03-14 22:21:22.747  5281  5602 E unknown:ReactNative:     at anonymous (address at index.android.bundle:1:1038026)
03-14 22:21:22.747  5281  5602 E unknown:ReactNative:     at ScreenStack (address at index.android.bundle:1:1037187)
03-14 22:21:22.747  5281  5602 E unknown:ReactNative:     at RCTView (<anonymous>)
03-14 22:21:22.747  5281  5602 E unknown:ReactNative:     at View (address at index.android.bundle:1:148692)
03-14 22:21:22.747  5281  5602 E unknown:ReactNative:     at FrameSizeProvider (address at index.android.bundle:1:998002)
03-14 22:21:22.747  5281  5602 E unknown:ReactNative:     at SafeAreaProviderCompat (address at index.android.bundle:1:1009413)
03-14 22:21:22.747  5281  5602 E unknown:ReactNative:     at NativeStackView (address at index.android.bundle:1:1051030)
03-14 22:21:22.747  5281  5602 E unknown:ReactNative:     at PreventRemoveProvider (address at index.android.bundle:1:906668)
03-14 22:21:22.747  5281  5602 E unknown:ReactNative:     at NavigationStateListenerProvider (address at index.android.bundle:1:933250)
03-14 22:21:22.747  5281  5602 E unknown:ReactNative:     at NavigationContent (address at index.android.bundle:1:923171)
03-14 22:21:22.747  5281  5602 E unknown:ReactNative:     at anonymous (address at index.android.bundle:1:923074)
03-14 22:21:22.747  5281  5602 E unknown:ReactNative:     at NativeStackNavigator (address at index.android.bundle:1:1049756)
03-14 22:21:22.747  5281  5602 E unknown:ReactNative:     at RootNavigator (<anonymous>)
03-14 22:21:22.747  5281  5602 E unknown:ReactNative:     at ThemeProvider (address at index.android.bundle:1:875944)
03-14 22:21:22.747  5281  5602 E unknown:ReactNative:     at EnsureSingleNavigator (address at index.android.bundle:1:873788)
03-14 22:21:22.747  5281  5602 E unknown:ReactNative:     at BaseNavigationContainer (address at index.android.bundle:1:852528)
03-14 22:21:22.747  5281  5602 E unknown:ReactNative:     at NavigationContainerInner (address at index.android.bundle:1:941094)
03-14 22:21:22.747  5281  5602 E unknown:ReactNative:     at DatabaseProvider (address at index.android.bundle:1:1073278)
03-14 22:21:22.747  5281  5602 E unknown:ReactNative:     at RNCSafeAreaProvider (<anonymous>)
03-14 22:21:22.747  5281  5602 E unknown:ReactNative:     at SafeAreaProvider (address at index.android.bundle:1:955840)
03-14 22:21:22.747  5281  5602 E unknown:ReactNative:     at RNGestureHandlerRootView (<anonymous>)
03-14 22:21:22.747  5281  5602 E unknown:ReactNative:     at GestureHandlerRootView (address at index.android.bundle:1:726780)
03-14 22:21:22.747  5281  5602 E unknown:ReactNative:     at App (<anonymous>)
03-14 22:21:22.747  5281  5602 E unknown:ReactNative:     at RCTView (<anonymous>)
03-14 22:21:22.747  5281  5602 E unknown:ReactNative:     at View (address at index.android.bundle:1:148692)
03-14 22:21:22.747  5281  5602 E unknown:ReactNative:     at AppContainer (address at index.android.bundle:1:395561), stack:
03-14 22:21:22.747  5281  5602 E unknown:ReactNative: createFiberFromTypeAndProps@1:288631
03-14 22:21:22.747  5281  5602 E unknown:ReactNative: reconcileChildFibersImpl@1:238360
03-14 22:21:22.747  5281  5602 E unknown:ReactNative: anonymous@1:238528
03-14 22:21:22.747  5281  5602 E unknown:ReactNative: reconcileChildren@1:253641
03-14 22:21:22.747  5281  5602 E unknown:ReactNative: updateFunctionComponent@1:255605
03-14 22:21:22.747  5281  5602 E unknown:ReactNative: beginWork@1:263506
03-14 22:21:22.747  5281  5602 E unknown:ReactNative: performUnitOfWork@1:283404
03-14 22:21:22.747  5281  5602 E unknown:ReactNative: workLoopSync@1:282412
03-14 22:21:22.747  5281  5602 E unknown:ReactNative: renderRootSync@1:282244
03-14 22:21:22.747  5281  5602 E unknown:ReactNative: performWorkOnRoot@1:279819
03-14 22:21:22.747  5281  5602 E unknown:ReactNative: performWorkOnRootViaSchedulerTask@1:231313
03-14 22:21:22.747  5281  5602 E unknown:ReactNative: 
03-14 22:21:22.747  5281  5602 E unknown:ReactNative: 	at com.facebook.react.modules.core.ExceptionsManagerModule.reportException(ExceptionsManagerModule.kt:52)
03-14 22:21:22.747  5281  5602 E unknown:ReactNative: 	at com.facebook.jni.NativeRunnable.run(Native Method)
03-14 22:21:22.747  5281  5602 E unknown:ReactNative: 	at android.os.Handler.handleCallback(Handler.java:959)
03-14 22:21:22.747  5281  5602 E unknown:ReactNative: 	at android.os.Handler.dispatchMessage(Handler.java:100)
03-14 22:21:22.747  5281  5602 E unknown:ReactNative: 	at com.facebook.react.bridge.queue.MessageQueueThreadHandler.dispatchMessage(MessageQueueThreadHandler.kt:21)
03-14 22:21:22.747  5281  5602 E unknown:ReactNative: 	at android.os.Looper.loopOnce(Looper.java:232)
03-14 22:21:22.747  5281  5602 E unknown:ReactNative: 	at android.os.Looper.loop(Looper.java:317)
03-14 22:21:22.747  5281  5602 E unknown:ReactNative: 	at com.facebook.react.bridge.queue.MessageQueueThreadImpl$Companion.startNewBackgroundThread$lambda$0(MessageQueueThreadImpl.kt:152)
03-14 22:21:22.747  5281  5602 E unknown:ReactNative: 	at com.facebook.react.bridge.queue.MessageQueueThreadImpl$Companion.$r8$lambda$YYXYCFexeoKtAeDpeNYkxZZlpbA(Unknown Source:0)
03-14 22:21:22.747  5281  5602 E unknown:ReactNative: 	at com.facebook.react.bridge.queue.MessageQueueThreadImpl$Companion$$ExternalSyntheticLambda0.run(D8$$SyntheticClass:0)
03-14 22:21:22.747  5281  5602 E unknown:ReactNative: 	at java.lang.Thread.run(Thread.java:1012)
03-14 22:21:22.748  5281  5599 W unknown:BridgelessReact: ReactHost{0}.getOrCreateDestroyTask()
03-14 22:21:22.748  5281  5599 W unknown:BridgelessReact: ReactHost{0}.raiseSoftException(getOrCreateDestroyTask()): handleHostException(message = "Error: Element type is invalid: expected a string (for built-in components) or a class/function (for composite components) but got: object.
03-14 22:21:22.748  5281  5599 W unknown:BridgelessReact: 
03-14 22:21:22.748  5281  5599 W unknown:BridgelessReact: This error is located at:
03-14 22:21:22.748  5281  5599 W unknown:BridgelessReact:     at StaticContainer (address at index.android.bundle:1:927929)
03-14 22:21:22.748  5281  5599 W unknown:BridgelessReact:     at EnsureSingleNavigator (address at index.android.bundle:1:873788)
03-14 22:21:22.748  5281  5599 W unknown:BridgelessReact:     at SceneView (address at index.android.bundle:1:925953)
03-14 22:21:22.748  5281  5599 W unknown:BridgelessReact:     at NavigationProvider (address at index.android.bundle:1:904371)
03-14 22:21:22.748  5281  5599 W unknown:BridgelessReact:     at RCTView (<anonymous>)
03-14 22:21:22.748  5281  5599 W unknown:BridgelessReact:     at View (address at index.android.bundle:1:148692)
03-14 22:21:22.748  5281  5599 W unknown:BridgelessReact:     at RCTView (<anonymous>)
03-14 22:21:22.748  5281  5599 W unknown:BridgelessReact:     at View (address at index.android.bundle:1:148692)
03-14 22:21:22.748  5281  5599 W unknown:BridgelessReact:     at Animated(View) (address at index.android.bundle:1:567439)
03-14 22:21:22.748  5281  5599 W unknown:BridgelessReact:     at Background (address at index.android.bundle:1:968374)
03-14 22:21:22.748  5281  5599 W unknown:BridgelessReact:     at Screen (address at index.android.bundle:1:1010205)
03-14 22:21:22.748  5281  5599 W unknown:BridgelessReact:     at RNSScreen (<anonymous>)
03-14 22:21:22.748  5281  5599 W unknown:BridgelessReact:     at Animated(Anonymous) (address at index.android.bundle:1:567439)
03-14 22:21:22.748  5281  5599 W unknown:BridgelessReact:     at Suspender (address at index.android.bundle:1:1026365)
03-14 22:21:22.748  5281  5599 W unknown:BridgelessReact:     at Suspense (<anonymous>)
03-14 22:21:22.748  5281  5599 W unknown:BridgelessReact:     at Freeze (address at index.android.bundle:1:1026425)
03-14 22:21:22.748  5281  5599 W unknown:BridgelessReact:     at DelayedFreeze (address at index.android.bundle:1:1026007)
03-14 22:21:22.748  5281  5599 W unknown:BridgelessReact:     at InnerScreen (address at index.android.bundle:1:1023395)
03-14 22:21:22.748  5281  5599 W unknown:BridgelessReact:     at anonymous (address at index.android.bundle:1:1025439)
03-14 22:21:22.748  5281  5599 W unknown:BridgelessReact:     at MaybeScreen (address at index.android.bundle:1:1020046)
03-14 22:21:22.748  5281  5599 W unknown:BridgelessReact:     at RNSScreenContainer (<anonymous>)
03-14 22:21:22.748  5281  5599 W unknown:BridgelessReact:     at ScreenContainer (address at index.android.bundle:1:1036269)
03-14 22:21:22.748  5281  5599 W unknown:BridgelessReact:     at MaybeScreenContainer (address at index.android.bundle:1:1020209)
03-14 22:21:22.748  5281  5599 W unknown:BridgelessReact:     at RCTView (<anonymous>)
03-14 22:21:22.748  5281  5599 W unknown:BridgelessReact:     at View (address at index.android.bundle:1:148692)
03-14 22:21:22.748  5281  5599 W unknown:BridgelessReact:     at FrameSizeProvider (address at index.android.bundle:1:998002)
03-14 22:21:22.748  5281  5599 W unknown:BridgelessReact:     at SafeAreaProviderCompat (address at index.android.bundle:1:1009413)
03-14 22:21:22.748  5281  5599 W unknown:BridgelessReact:     at BottomTabView (address at index.android.bundle:1:962842)
03-14 22:21:22.748  5281  5599 W unknown:BridgelessReact:     at PreventRemoveProvider (address at index.android.bundle:1:906668)
03-14 22:21:22.748  5281  5599 W unknown:BridgelessReact:     at NavigationStateListenerProvider (address at index.android.bundle:1:933250)
03-14 22:21:22.748  5281  5599 W unknown:BridgelessReact:     at NavigationContent (address at index.android.bundle:1:923171)
03-14 22:21:22.748  5281  5599 W unknown:BridgelessReact:     at anonymous (address at index.android.bundle:1:923074)
03-14 22:21:22.748  5281  5599 W unknown:BridgelessReact:     at BottomTabNavigator (address at index.android.bundle:1:961923)
03-14 22:21:22.748  5281  5599 W unknown:BridgelessReact:     at TabNavigator (<anonymous>)
03-14 22:21:22.748  5281  5599 W unknown:BridgelessReact:     at StaticContainer (address at index.android.bundle:1:927929)
03-14 22:21:22.748  5281  5599 W unknown:BridgelessReact:     at EnsureSingleNavigator (address at index.android.bundle:1:873788)
03-14 22:21:22.748  5281  5599 W unknown:BridgelessReact:     at SceneView (address at index.android.bundle:1:925953)
03-14 22:21:22.748  5281  5599 W unknown:BridgelessReact:     at NavigationProvider (address at index.android.bundle:1:904371)
03-14 22:21:22.748  5281  5599 W unknown:BridgelessReact:     at RNSScreenContentWrapper (<anonymous>)
03-14 22:21:22.748  5281  5599 W unknown:BridgelessReact:     at ScreenContentWrapper (<anonymous>)
03-14 22:21:22.748  5281  5599 W unknown:BridgelessReact:     at DebugContainer (address at index.android.bundle:1:1040184)
03-14 22:21:22.748  5281  5599 W unknown:BridgelessReact:     at RNSScreen (<anonymous>)
03-14 22:21:22.748  5281  5599 W unknown:BridgelessReact:     at Animated(Anonymous) (address at index.android.bundle:1:567439)
03-14 22:21:22.748  5281  5599 W unknown:BridgelessReact:     at Suspender (address at index.android.bundle:1:1026365)
03-14 22:21:22.748  5281  5599 W unknown:BridgelessReact:     at Suspense (<anonymous>)
03-14 22:21:22.748  5281  5599 W unknown:BridgelessReact:     at Freeze (address at index.android.bundle:1:1026425)
03-14 22:21:22.748  5281  5599 W unknown:BridgelessReact:     at DelayedFreeze (address at index.android.bundle:1:1026007)
03-14 22:21:22.748  5281  5599 W unknown:BridgelessReact:     at InnerScreen (address at index.android.bundle:1:1023395)
03-14 22:21:22.748  5281  5599 W unknown:BridgelessReact:     at anonymous (address at index.android.bundle:1:1025439)
03-14 22:21:22.748  5281  5599 W unknown:BridgelessReact:     at ScreenStackItem (address at index.android.bundle:1:1038934)
03-14 22:21:22.748  5281  5599 W unknown:BridgelessReact:     at NavigationProvider (address at index.android.bundle:1:904371)
03-14 22:21:22.748  5281  5599 W unknown:BridgelessReact:     at SceneView (address at index.android.bundle:1:1052468)
03-14 22:21:22.748  5281  5599 W unknown:BridgelessReact:     at RNSScreenStack (<anonymous>)
03-14 22:21:22.748  5281  5599 W unknown:BridgelessReact:     at anonymous (address at index.android.bundle:1:1038026)
03-14 22:21:22.748  5281  5599 W unknown:BridgelessReact:     at ScreenStack (address at index.android.bundle:1:1037187)
